
> conductores-pwa@0.0.0 test:unit
> ng test --watch=false --browsers=ChromeHeadless --watch=false --browsers=ChromeHeadless

Option 'browsers' has been specified multiple times. The value 'ChromeHeadless' will be used.
- Generating browser application bundles (phase: setup)...
✔ Browser application bundle generation complete.
10 09 2025 12:13:13.806:INFO [karma-server]: Karma v6.4.4 server started at http://localhost:9876/
10 09 2025 12:13:13.807:INFO [launcher]: Launching browsers ChromeHeadless with concurrency unlimited
10 09 2025 12:13:13.810:INFO [launcher]: Starting browser ChromeHeadless
10 09 2025 12:13:15.216:INFO [Chrome Headless 140.0.0.0 (Mac OS 10.15.7)]: Connected on socket lvCXULbi85X3ihP8AAAB with id 78494336
Chrome Headless 140.0.0.0 (Mac OS 10.15.7): Executed 0 of 985[32m SUCCESS[39m (0 secs / 0 secs)
[1A[2KChrome Headless 140.0.0.0 (Mac OS 10.15.7): Executed 1 of 985[32m SUCCESS[39m (0 secs / 0.009 secs)
[1A[2K[31mChrome Headless 140.0.0.0 (Mac OS 10.15.7) PostSalesApiService getPostSalesRecord should retrieve post-sales record by VIN FAILED[39m
	Expected undefined to be 'José Hernández Pérez'.
	    at <Jasmine>
	    at Object.next (src/app/services/post-sales-api.service.spec.ts:150:45)
	    at ConsumerObserver.next (node_modules/rxjs/dist/esm/internal/Subscriber.js:91:33)
	    at SafeSubscriber._next (node_modules/rxjs/dist/esm/internal/Subscriber.js:60:26)
	    at SafeSubscriber.next (node_modules/rxjs/dist/esm/internal/Subscriber.js:31:18)
Chrome Headless 140.0.0.0 (Mac OS 10.15.7): Executed 2 of 985[31m (1 FAILED)[39m (0 secs / 0.011 secs)
[1A[2KChrome Headless 140.0.0.0 (Mac OS 10.15.7): Executed 3 of 985[31m (1 FAILED)[39m (0 secs / 0.013 secs)
[1A[2KChrome Headless 140.0.0.0 (Mac OS 10.15.7): Executed 4 of 985[31m (1 FAILED)[39m (0 secs / 0.014 secs)
[1A[2K[31mChrome Headless 140.0.0.0 (Mac OS 10.15.7) PostSalesApiService scheduleMaintenanceService should schedule maintenance service successfully FAILED[39m
	TypeError: service.scheduleMaintenanceService is not a function
	    at UserContext.apply (src/app/services/post-sales-api.service.spec.ts:188:24)
	    at _ZoneDelegate.invoke (node_modules/zone.js/fesm2015/zone.js:369:28)
	    at ProxyZoneSpec.onInvoke (node_modules/zone.js/fesm2015/zone-testing.js:2081:39)
	    at _ZoneDelegate.invoke (node_modules/zone.js/fesm2015/zone.js:368:34)
	    at ZoneImpl.run (node_modules/zone.js/fesm2015/zone.js:111:43)
	    at runInTestZone (node_modules/zone.js/fesm2015/zone-testing.js:216:38)
	    at UserContext.<anonymous> (node_modules/zone.js/fesm2015/zone-testing.js:234:32)
	    at <Jasmine>
Chrome Headless 140.0.0.0 (Mac OS 10.15.7): Executed 5 of 985[31m (2 FAILED)[39m (0 secs / 0.015 secs)
[1A[2KChrome Headless 140.0.0.0 (Mac OS 10.15.7): Executed 6 of 985[31m (2 FAILED)[39m (0 secs / 0.016 secs)
[1A[2K[31mChrome Headless 140.0.0.0 (Mac OS 10.15.7) PostSalesApiService recordClientContact should record client contact successfully FAILED[39m
	TypeError: service.recordClientContact is not a function
	    at UserContext.apply (src/app/services/post-sales-api.service.spec.ts:218:24)
	    at _ZoneDelegate.invoke (node_modules/zone.js/fesm2015/zone.js:369:28)
	    at ProxyZoneSpec.onInvoke (node_modules/zone.js/fesm2015/zone-testing.js:2081:39)
	    at _ZoneDelegate.invoke (node_modules/zone.js/fesm2015/zone.js:368:34)
	    at ZoneImpl.run (node_modules/zone.js/fesm2015/zone.js:111:43)
	    at runInTestZone (node_modules/zone.js/fesm2015/zone-testing.js:216:38)
	    at UserContext.<anonymous> (node_modules/zone.js/fesm2015/zone-testing.js:234:32)
	    at <Jasmine>
Chrome Headless 140.0.0.0 (Mac OS 10.15.7): Executed 7 of 985[31m (3 FAILED)[39m (0 secs / 0.017 secs)
[1A[2KChrome Headless 140.0.0.0 (Mac OS 10.15.7): Executed 8 of 985[31m (3 FAILED)[39m (0 secs / 0.723 secs)
[1A[2KChrome Headless 140.0.0.0 (Mac OS 10.15.7): Executed 9 of 985[31m (3 FAILED)[39m (0 secs / 1.43 secs)
[1A[2KChrome Headless 140.0.0.0 (Mac OS 10.15.7): Executed 10 of 985[31m (3 FAILED)[39m (0 secs / 2.136 secs)
[1A[2KChrome Headless 140.0.0.0 (Mac OS 10.15.7): Executed 11 of 985[31m (3 FAILED)[39m (0 secs / 2.841 secs)
[1A[2KChrome Headless 140.0.0.0 (Mac OS 10.15.7): Executed 12 of 985[31m (3 FAILED)[39m (0 secs / 2.843 secs)
[1A[2KChrome Headless 140.0.0.0 (Mac OS 10.15.7): Executed 13 of 985[31m (3 FAILED)[39m (0 secs / 2.844 secs)
[1A[2KChrome Headless 140.0.0.0 (Mac OS 10.15.7): Executed 14 of 985[31m (3 FAILED)[39m (0 secs / 2.845 secs)
[1A[2KChrome Headless 140.0.0.0 (Mac OS 10.15.7): Executed 15 of 985[31m (3 FAILED)[39m (0 secs / 2.846 secs)
[1A[2KChrome Headless 140.0.0.0 (Mac OS 10.15.7): Executed 16 of 985[31m (3 FAILED)[39m (0 secs / 2.846 secs)
[1A[2KChrome Headless 140.0.0.0 (Mac OS 10.15.7): Executed 17 of 985[31m (3 FAILED)[39m (0 secs / 2.847 secs)
[1A[2KChrome Headless 140.0.0.0 (Mac OS 10.15.7): Executed 18 of 985[31m (3 FAILED)[39m (0 secs / 2.848 secs)
[1A[2KChrome Headless 140.0.0.0 (Mac OS 10.15.7): Executed 19 of 985[31m (3 FAILED)[39m (0 secs / 2.849 secs)
[1A[2KChrome Headless 140.0.0.0 (Mac OS 10.15.7): Executed 20 of 985[31m (3 FAILED)[39m (0 secs / 2.85 secs)
[1A[2KChrome Headless 140.0.0.0 (Mac OS 10.15.7): Executed 21 of 985[31m (3 FAILED)[39m (0 secs / 2.851 secs)
[1A[2K[31mChrome Headless 140.0.0.0 (Mac OS 10.15.7) CotizadorEngineService Balance Calculations should calculate balance for interest-bearing loan FAILED[39m
	Expected 0 to be greater than 0.
	    at <Jasmine>
	    at UserContext.apply (src/app/services/cotizador-engine.service.spec.ts:233:23)
	    at _ZoneDelegate.invoke (node_modules/zone.js/fesm2015/zone.js:369:28)
	    at ProxyZoneSpec.onInvoke (node_modules/zone.js/fesm2015/zone-testing.js:2081:39)
	    at _ZoneDelegate.invoke (node_modules/zone.js/fesm2015/zone.js:368:34)
Chrome Headless 140.0.0.0 (Mac OS 10.15.7): Executed 22 of 985[31m (4 FAILED)[39m (0 secs / 2.852 secs)
[1A[2KChrome Headless 140.0.0.0 (Mac OS 10.15.7): Executed 23 of 985[31m (4 FAILED)[39m (0 secs / 2.853 secs)
[1A[2KChrome Headless 140.0.0.0 (Mac OS 10.15.7): Executed 24 of 985[31m (4 FAILED)[39m (0 secs / 2.854 secs)
[1A[2KChrome Headless 140.0.0.0 (Mac OS 10.15.7): Executed 25 of 985[31m (4 FAILED)[39m (0 secs / 2.855 secs)
[1A[2KChrome Headless 140.0.0.0 (Mac OS 10.15.7): Executed 26 of 985[31m (4 FAILED)[39m (0 secs / 2.856 secs)
[1A[2KChrome Headless 140.0.0.0 (Mac OS 10.15.7): Executed 27 of 985[31m (4 FAILED)[39m (0 secs / 2.857 secs)
[1A[2KChrome Headless 140.0.0.0 (Mac OS 10.15.7): Executed 28 of 985[31m (4 FAILED)[39m (0 secs / 2.858 secs)
[1A[2KChrome Headless 140.0.0.0 (Mac OS 10.15.7): Executed 29 of 985[31m (4 FAILED)[39m (0 secs / 2.858 secs)
[1A[2KChrome Headless 140.0.0.0 (Mac OS 10.15.7): Executed 30 of 985[31m (4 FAILED)[39m (0 secs / 2.858 secs)
[1A[2KChrome Headless 140.0.0.0 (Mac OS 10.15.7): Executed 31 of 985[31m (4 FAILED)[39m (0 secs / 2.858 secs)
[1A[2KChrome Headless 140.0.0.0 (Mac OS 10.15.7): Executed 32 of 985[31m (4 FAILED)[39m (0 secs / 2.859 secs)
[1A[2KChrome Headless 140.0.0.0 (Mac OS 10.15.7): Executed 33 of 985[31m (4 FAILED)[39m (0 secs / 2.859 secs)
[1A[2KChrome Headless 140.0.0.0 (Mac OS 10.15.7): Executed 34 of 985[31m (4 FAILED)[39m (0 secs / 2.86 secs)
[1A[2KChrome Headless 140.0.0.0 (Mac OS 10.15.7): Executed 35 of 985[31m (4 FAILED)[39m (0 secs / 2.861 secs)
[1A[2KChrome Headless 140.0.0.0 (Mac OS 10.15.7): Executed 36 of 985[31m (4 FAILED)[39m (0 secs / 2.861 secs)
[1A[2KChrome Headless 140.0.0.0 (Mac OS 10.15.7): Executed 37 of 985[31m (4 FAILED)[39m (0 secs / 2.861 secs)
[1A[2KChrome Headless 140.0.0.0 (Mac OS 10.15.7): Executed 38 of 985[31m (4 FAILED)[39m (0 secs / 2.861 secs)
[1A[2KChrome Headless 140.0.0.0 (Mac OS 10.15.7): Executed 39 of 985[31m (4 FAILED)[39m (0 secs / 3.465 secs)
[1A[2KChrome Headless 140.0.0.0 (Mac OS 10.15.7): Executed 40 of 985[31m (4 FAILED)[39m (0 secs / 4.069 secs)
[1A[2KChrome Headless 140.0.0.0 (Mac OS 10.15.7): Executed 41 of 985[31m (4 FAILED)[39m (0 secs / 4.07 secs)
[1A[2KChrome Headless 140.0.0.0 (Mac OS 10.15.7): Executed 42 of 985[31m (4 FAILED)[39m (0 secs / 4.673 secs)
[1A[2KChrome Headless 140.0.0.0 (Mac OS 10.15.7): Executed 43 of 985[31m (4 FAILED)[39m (0 secs / 4.674 secs)
[1A[2KChrome Headless 140.0.0.0 (Mac OS 10.15.7): Executed 44 of 985[31m (4 FAILED)[39m (0 secs / 4.675 secs)
[1A[2KChrome Headless 140.0.0.0 (Mac OS 10.15.7): Executed 45 of 985[31m (4 FAILED)[39m (0 secs / 4.676 secs)
[1A[2KChrome Headless 140.0.0.0 (Mac OS 10.15.7): Executed 46 of 985[31m (4 FAILED)[39m (0 secs / 4.676 secs)
[1A[2KChrome Headless 140.0.0.0 (Mac OS 10.15.7): Executed 47 of 985[31m (4 FAILED)[39m (0 secs / 4.677 secs)
[1A[2KChrome Headless 140.0.0.0 (Mac OS 10.15.7): Executed 48 of 985[31m (4 FAILED)[39m (0 secs / 4.678 secs)
[1A[2KChrome Headless 140.0.0.0 (Mac OS 10.15.7): Executed 49 of 985[31m (4 FAILED)[39m (0 secs / 4.697 secs)
[1A[2KChrome Headless 140.0.0.0 (Mac OS 10.15.7): Executed 50 of 985[31m (4 FAILED)[39m (0 secs / 4.698 secs)
[1A[2KChrome Headless 140.0.0.0 (Mac OS 10.15.7): Executed 51 of 985[31m (4 FAILED)[39m (0 secs / 4.699 secs)
[1A[2KChrome Headless 140.0.0.0 (Mac OS 10.15.7): Executed 52 of 985[31m (4 FAILED)[39m (0 secs / 4.7 secs)
[1A[2KChrome Headless 140.0.0.0 (Mac OS 10.15.7): Executed 53 of 985[31m (4 FAILED)[39m (0 secs / 4.7 secs)
[1A[2KChrome Headless 140.0.0.0 (Mac OS 10.15.7): Executed 54 of 985[31m (4 FAILED)[39m (0 secs / 4.7 secs)
[1A[2KChrome Headless 140.0.0.0 (Mac OS 10.15.7): Executed 55 of 985[31m (4 FAILED)[39m (0 secs / 4.701 secs)
[1A[2KChrome Headless 140.0.0.0 (Mac OS 10.15.7): Executed 56 of 985[31m (4 FAILED)[39m (0 secs / 4.701 secs)
[1A[2KChrome Headless 140.0.0.0 (Mac OS 10.15.7): Executed 57 of 985[31m (4 FAILED)[39m (0 secs / 4.702 secs)
[1A[2KChrome Headless 140.0.0.0 (Mac OS 10.15.7): Executed 58 of 985[31m (4 FAILED)[39m (0 secs / 4.702 secs)
[1A[2KChrome Headless 140.0.0.0 (Mac OS 10.15.7): Executed 59 of 985[31m (4 FAILED)[39m (0 secs / 4.703 secs)
[1A[2KChrome Headless 140.0.0.0 (Mac OS 10.15.7): Executed 60 of 985[31m (4 FAILED)[39m (0 secs / 4.703 secs)
[1A[2KChrome Headless 140.0.0.0 (Mac OS 10.15.7): Executed 61 of 985[31m (4 FAILED)[39m (0 secs / 4.703 secs)
[1A[2KChrome Headless 140.0.0.0 (Mac OS 10.15.7): Executed 62 of 985[31m (4 FAILED)[39m (0 secs / 4.704 secs)
[1A[2KChrome Headless 140.0.0.0 (Mac OS 10.15.7): Executed 63 of 985[31m (4 FAILED)[39m (0 secs / 4.704 secs)
[1A[2KChrome Headless 140.0.0.0 (Mac OS 10.15.7): Executed 64 of 985[31m (4 FAILED)[39m (0 secs / 4.705 secs)
[1A[2KChrome Headless 140.0.0.0 (Mac OS 10.15.7): Executed 65 of 985[31m (4 FAILED)[39m (0 secs / 4.705 secs)
[1A[2KChrome Headless 140.0.0.0 (Mac OS 10.15.7): Executed 66 of 985[31m (4 FAILED)[39m (0 secs / 4.706 secs)
[1A[2KChrome Headless 140.0.0.0 (Mac OS 10.15.7): Executed 67 of 985[31m (4 FAILED)[39m (0 secs / 4.706 secs)
[1A[2KChrome Headless 140.0.0.0 (Mac OS 10.15.7): Executed 68 of 985[31m (4 FAILED)[39m (0 secs / 4.706 secs)
[1A[2KChrome Headless 140.0.0.0 (Mac OS 10.15.7): Executed 69 of 985[31m (4 FAILED)[39m (0 secs / 4.707 secs)
[1A[2KChrome Headless 140.0.0.0 (Mac OS 10.15.7): Executed 70 of 985[31m (4 FAILED)[39m (0 secs / 4.707 secs)
[1A[2KChrome Headless 140.0.0.0 (Mac OS 10.15.7): Executed 71 of 985[31m (4 FAILED)[39m (0 secs / 4.708 secs)
[1A[2KChrome Headless 140.0.0.0 (Mac OS 10.15.7): Executed 72 of 985[31m (4 FAILED)[39m (0 secs / 4.708 secs)
[1A[2KChrome Headless 140.0.0.0 (Mac OS 10.15.7): Executed 73 of 985[31m (4 FAILED)[39m (0 secs / 4.709 secs)
[1A[2KChrome Headless 140.0.0.0 (Mac OS 10.15.7): Executed 74 of 985[31m (4 FAILED)[39m (0 secs / 4.709 secs)
[1A[2KChrome Headless 140.0.0.0 (Mac OS 10.15.7): Executed 75 of 985[31m (4 FAILED)[39m (0 secs / 4.71 secs)
[1A[2KChrome Headless 140.0.0.0 (Mac OS 10.15.7): Executed 76 of 985[31m (4 FAILED)[39m (0 secs / 4.71 secs)
[1A[2KChrome Headless 140.0.0.0 (Mac OS 10.15.7): Executed 77 of 985[31m (4 FAILED)[39m (0 secs / 4.711 secs)
[1A[2KChrome Headless 140.0.0.0 (Mac OS 10.15.7): Executed 78 of 985[31m (4 FAILED)[39m (0 secs / 4.711 secs)
[1A[2KChrome Headless 140.0.0.0 (Mac OS 10.15.7): Executed 79 of 985[31m (4 FAILED)[39m (0 secs / 5.215 secs)
[1A[2KChrome Headless 140.0.0.0 (Mac OS 10.15.7): Executed 80 of 985[31m (4 FAILED)[39m (0 secs / 5.819 secs)
[1A[2K[31mChrome Headless 140.0.0.0 (Mac OS 10.15.7) ClienteFormComponent should validate phone format FAILED[39m
	TypeError: Cannot read properties of undefined (reading 'params')
	    at ClienteFormComponent.checkEditMode (src/app/components/pages/clientes/cliente-form.component.ts:384:41)
	    at ClienteFormComponent.call [as ngOnInit] (src/app/components/pages/clientes/cliente-form.component.ts:368:10)
	    at callHookInternal (node_modules/@angular/core/fesm2022/core.mjs:5136:14)
	    at callHook (node_modules/@angular/core/fesm2022/core.mjs:5163:13)
	    at callHooks (node_modules/@angular/core/fesm2022/core.mjs:5118:17)
	    at executeInitAndCheckHooks (node_modules/@angular/core/fesm2022/core.mjs:5068:9)
	    at refreshView (node_modules/@angular/core/fesm2022/core.mjs:12806:21)
	    at detectChangesInView$1 (node_modules/@angular/core/fesm2022/core.mjs:13015:9)
	    at detectChangesInViewWhileDirty (node_modules/@angular/core/fesm2022/core.mjs:12732:5)
	    at detectChangesInternal (node_modules/@angular/core/fesm2022/core.mjs:12714:9)
Chrome Headless 140.0.0.0 (Mac OS 10.15.7): Executed 81 of 985[31m (5 FAILED)[39m (0 secs / 5.888 secs)
[1A[2K[31mChrome Headless 140.0.0.0 (Mac OS 10.15.7) ClienteFormComponent should validate email format FAILED[39m
	TypeError: Cannot read properties of undefined (reading 'params')
	    at ClienteFormComponent.checkEditMode (src/app/components/pages/clientes/cliente-form.component.ts:384:41)
	    at ClienteFormComponent.call [as ngOnInit] (src/app/components/pages/clientes/cliente-form.component.ts:368:10)
	    at callHookInternal (node_modules/@angular/core/fesm2022/core.mjs:5136:14)
	    at callHook (node_modules/@angular/core/fesm2022/core.mjs:5163:13)
	    at callHooks (node_modules/@angular/core/fesm2022/core.mjs:5118:17)
	    at executeInitAndCheckHooks (node_modules/@angular/core/fesm2022/core.mjs:5068:9)
	    at refreshView (node_modules/@angular/core/fesm2022/core.mjs:12806:21)
	    at detectChangesInView$1 (node_modules/@angular/core/fesm2022/core.mjs:13015:9)
	    at detectChangesInViewWhileDirty (node_modules/@angular/core/fesm2022/core.mjs:12732:5)
	    at detectChangesInternal (node_modules/@angular/core/fesm2022/core.mjs:12714:9)
Chrome Headless 140.0.0.0 (Mac OS 10.15.7): Executed 82 of 985[31m (6 FAILED)[39m (0 secs / 5.891 secs)
[1A[2K[31mChrome Headless 140.0.0.0 (Mac OS 10.15.7) ClienteFormComponent should handle API error during client creation FAILED[39m
	TypeError: Cannot read properties of undefined (reading 'params')
	    at ClienteFormComponent.checkEditMode (src/app/components/pages/clientes/cliente-form.component.ts:384:41)
	    at ClienteFormComponent.call [as ngOnInit] (src/app/components/pages/clientes/cliente-form.component.ts:368:10)
	    at callHookInternal (node_modules/@angular/core/fesm2022/core.mjs:5136:14)
	    at callHook (node_modules/@angular/core/fesm2022/core.mjs:5163:13)
	    at callHooks (node_modules/@angular/core/fesm2022/core.mjs:5118:17)
	    at executeInitAndCheckHooks (node_modules/@angular/core/fesm2022/core.mjs:5068:9)
	    at refreshView (node_modules/@angular/core/fesm2022/core.mjs:12806:21)
	    at detectChangesInView$1 (node_modules/@angular/core/fesm2022/core.mjs:13015:9)
	    at detectChangesInViewWhileDirty (node_modules/@angular/core/fesm2022/core.mjs:12732:5)
	    at detectChangesInternal (node_modules/@angular/core/fesm2022/core.mjs:12714:9)
Chrome Headless 140.0.0.0 (Mac OS 10.15.7): Executed 83 of 985[31m (7 FAILED)[39m (0 secs / 5.894 secs)
[1A[2K[31mChrome Headless 140.0.0.0 (Mac OS 10.15.7) ClienteFormComponent should create FAILED[39m
	TypeError: Cannot read properties of undefined (reading 'params')
	    at ClienteFormComponent.checkEditMode (src/app/components/pages/clientes/cliente-form.component.ts:384:41)
	    at ClienteFormComponent.call [as ngOnInit] (src/app/components/pages/clientes/cliente-form.component.ts:368:10)
	    at callHookInternal (node_modules/@angular/core/fesm2022/core.mjs:5136:14)
	    at callHook (node_modules/@angular/core/fesm2022/core.mjs:5163:13)
	    at callHooks (node_modules/@angular/core/fesm2022/core.mjs:5118:17)
	    at executeInitAndCheckHooks (node_modules/@angular/core/fesm2022/core.mjs:5068:9)
	    at refreshView (node_modules/@angular/core/fesm2022/core.mjs:12806:21)
	    at detectChangesInView$1 (node_modules/@angular/core/fesm2022/core.mjs:13015:9)
	    at detectChangesInViewWhileDirty (node_modules/@angular/core/fesm2022/core.mjs:12732:5)
	    at detectChangesInternal (node_modules/@angular/core/fesm2022/core.mjs:12714:9)
Chrome Headless 140.0.0.0 (Mac OS 10.15.7): Executed 84 of 985[31m (8 FAILED)[39m (0 secs / 5.897 secs)
[1A[2K[31mChrome Headless 140.0.0.0 (Mac OS 10.15.7) ClienteFormComponent should initialize form with default values for new client FAILED[39m
	TypeError: Cannot read properties of undefined (reading 'params')
	    at ClienteFormComponent.checkEditMode (src/app/components/pages/clientes/cliente-form.component.ts:384:41)
	    at ClienteFormComponent.call [as ngOnInit] (src/app/components/pages/clientes/cliente-form.component.ts:368:10)
	    at callHookInternal (node_modules/@angular/core/fesm2022/core.mjs:5136:14)
	    at callHook (node_modules/@angular/core/fesm2022/core.mjs:5163:13)
	    at callHooks (node_modules/@angular/core/fesm2022/core.mjs:5118:17)
	    at executeInitAndCheckHooks (node_modules/@angular/core/fesm2022/core.mjs:5068:9)
	    at refreshView (node_modules/@angular/core/fesm2022/core.mjs:12806:21)
	    at detectChangesInView$1 (node_modules/@angular/core/fesm2022/core.mjs:13015:9)
	    at detectChangesInViewWhileDirty (node_modules/@angular/core/fesm2022/core.mjs:12732:5)
	    at detectChangesInternal (node_modules/@angular/core/fesm2022/core.mjs:12714:9)
Chrome Headless 140.0.0.0 (Mac OS 10.15.7): Executed 85 of 985[31m (9 FAILED)[39m (0 secs / 5.899 secs)
[1A[2K[31mChrome Headless 140.0.0.0 (Mac OS 10.15.7) ClienteFormComponent should validate RFC format if provided FAILED[39m
	TypeError: Cannot read properties of undefined (reading 'params')
	    at ClienteFormComponent.checkEditMode (src/app/components/pages/clientes/cliente-form.component.ts:384:41)
	    at ClienteFormComponent.call [as ngOnInit] (src/app/components/pages/clientes/cliente-form.component.ts:368:10)
	    at callHookInternal (node_modules/@angular/core/fesm2022/core.mjs:5136:14)
	    at callHook (node_modules/@angular/core/fesm2022/core.mjs:5163:13)
	    at callHooks (node_modules/@angular/core/fesm2022/core.mjs:5118:17)
	    at executeInitAndCheckHooks (node_modules/@angular/core/fesm2022/core.mjs:5068:9)
	    at refreshView (node_modules/@angular/core/fesm2022/core.mjs:12806:21)
	    at detectChangesInView$1 (node_modules/@angular/core/fesm2022/core.mjs:13015:9)
	    at detectChangesInViewWhileDirty (node_modules/@angular/core/fesm2022/core.mjs:12732:5)
	    at detectChangesInternal (node_modules/@angular/core/fesm2022/core.mjs:12714:9)
Chrome Headless 140.0.0.0 (Mac OS 10.15.7): Executed 86 of 985[31m (10 FAILED)[39m (0 secs / 5.901 secs)
[1A[2K[31mChrome Headless 140.0.0.0 (Mac OS 10.15.7) ClienteFormComponent should navigate back when goBack is called FAILED[39m
	TypeError: Cannot read properties of undefined (reading 'params')
	    at ClienteFormComponent.checkEditMode (src/app/components/pages/clientes/cliente-form.component.ts:384:41)
	    at ClienteFormComponent.call [as ngOnInit] (src/app/components/pages/clientes/cliente-form.component.ts:368:10)
	    at callHookInternal (node_modules/@angular/core/fesm2022/core.mjs:5136:14)
	    at callHook (node_modules/@angular/core/fesm2022/core.mjs:5163:13)
	    at callHooks (node_modules/@angular/core/fesm2022/core.mjs:5118:17)
	    at executeInitAndCheckHooks (node_modules/@angular/core/fesm2022/core.mjs:5068:9)
	    at refreshView (node_modules/@angular/core/fesm2022/core.mjs:12806:21)
	    at detectChangesInView$1 (node_modules/@angular/core/fesm2022/core.mjs:13015:9)
	    at detectChangesInViewWhileDirty (node_modules/@angular/core/fesm2022/core.mjs:12732:5)
	    at detectChangesInternal (node_modules/@angular/core/fesm2022/core.mjs:12714:9)
Chrome Headless 140.0.0.0 (Mac OS 10.15.7): Executed 87 of 985[31m (11 FAILED)[39m (0 secs / 5.903 secs)
[1A[2K[31mChrome Headless 140.0.0.0 (Mac OS 10.15.7) ClienteFormComponent should prevent form submission when invalid FAILED[39m
	TypeError: Cannot read properties of undefined (reading 'params')
	    at ClienteFormComponent.checkEditMode (src/app/components/pages/clientes/cliente-form.component.ts:384:41)
	    at ClienteFormComponent.call [as ngOnInit] (src/app/components/pages/clientes/cliente-form.component.ts:368:10)
	    at callHookInternal (node_modules/@angular/core/fesm2022/core.mjs:5136:14)
	    at callHook (node_modules/@angular/core/fesm2022/core.mjs:5163:13)
	    at callHooks (node_modules/@angular/core/fesm2022/core.mjs:5118:17)
	    at executeInitAndCheckHooks (node_modules/@angular/core/fesm2022/core.mjs:5068:9)
	    at refreshView (node_modules/@angular/core/fesm2022/core.mjs:12806:21)
	    at detectChangesInView$1 (node_modules/@angular/core/fesm2022/core.mjs:13015:9)
	    at detectChangesInViewWhileDirty (node_modules/@angular/core/fesm2022/core.mjs:12732:5)
	    at detectChangesInternal (node_modules/@angular/core/fesm2022/core.mjs:12714:9)
Chrome Headless 140.0.0.0 (Mac OS 10.15.7): Executed 88 of 985[31m (12 FAILED)[39m (0 secs / 5.905 secs)
[1A[2K[31mChrome Headless 140.0.0.0 (Mac OS 10.15.7) ClienteFormComponent should validate required fields FAILED[39m
	TypeError: Cannot read properties of undefined (reading 'params')
	    at ClienteFormComponent.checkEditMode (src/app/components/pages/clientes/cliente-form.component.ts:384:41)
	    at ClienteFormComponent.call [as ngOnInit] (src/app/components/pages/clientes/cliente-form.component.ts:368:10)
	    at callHookInternal (node_modules/@angular/core/fesm2022/core.mjs:5136:14)
	    at callHook (node_modules/@angular/core/fesm2022/core.mjs:5163:13)
	    at callHooks (node_modules/@angular/core/fesm2022/core.mjs:5118:17)
	    at executeInitAndCheckHooks (node_modules/@angular/core/fesm2022/core.mjs:5068:9)
	    at refreshView (node_modules/@angular/core/fesm2022/core.mjs:12806:21)
	    at detectChangesInView$1 (node_modules/@angular/core/fesm2022/core.mjs:13015:9)
	    at detectChangesInViewWhileDirty (node_modules/@angular/core/fesm2022/core.mjs:12732:5)
	    at detectChangesInternal (node_modules/@angular/core/fesm2022/core.mjs:12714:9)
Chrome Headless 140.0.0.0 (Mac OS 10.15.7): Executed 89 of 985[31m (13 FAILED)[39m (0 secs / 5.907 secs)
[1A[2K[31mChrome Headless 140.0.0.0 (Mac OS 10.15.7) ClienteFormComponent should update existing client with valid form data FAILED[39m
	TypeError: Cannot read properties of undefined (reading 'params')
	    at ClienteFormComponent.checkEditMode (src/app/components/pages/clientes/cliente-form.component.ts:384:41)
	    at ClienteFormComponent.call [as ngOnInit] (src/app/components/pages/clientes/cliente-form.component.ts:368:10)
	    at callHookInternal (node_modules/@angular/core/fesm2022/core.mjs:5136:14)
	    at callHook (node_modules/@angular/core/fesm2022/core.mjs:5163:13)
	    at callHooks (node_modules/@angular/core/fesm2022/core.mjs:5118:17)
	    at executeInitAndCheckHooks (node_modules/@angular/core/fesm2022/core.mjs:5068:9)
	    at refreshView (node_modules/@angular/core/fesm2022/core.mjs:12806:21)
	    at detectChangesInView$1 (node_modules/@angular/core/fesm2022/core.mjs:13015:9)
	    at detectChangesInViewWhileDirty (node_modules/@angular/core/fesm2022/core.mjs:12732:5)
	    at detectChangesInternal (node_modules/@angular/core/fesm2022/core.mjs:12714:9)
Chrome Headless 140.0.0.0 (Mac OS 10.15.7): Executed 90 of 985[31m (14 FAILED)[39m (0 secs / 5.909 secs)
[1A[2K[31mChrome Headless 140.0.0.0 (Mac OS 10.15.7) ClienteFormComponent should handle different markets correctly FAILED[39m
	TypeError: Cannot read properties of undefined (reading 'params')
	    at ClienteFormComponent.checkEditMode (src/app/components/pages/clientes/cliente-form.component.ts:384:41)
	    at ClienteFormComponent.call [as ngOnInit] (src/app/components/pages/clientes/cliente-form.component.ts:368:10)
	    at callHookInternal (node_modules/@angular/core/fesm2022/core.mjs:5136:14)
	    at callHook (node_modules/@angular/core/fesm2022/core.mjs:5163:13)
	    at callHooks (node_modules/@angular/core/fesm2022/core.mjs:5118:17)
	    at executeInitAndCheckHooks (node_modules/@angular/core/fesm2022/core.mjs:5068:9)
	    at refreshView (node_modules/@angular/core/fesm2022/core.mjs:12806:21)
	    at detectChangesInView$1 (node_modules/@angular/core/fesm2022/core.mjs:13015:9)
	    at detectChangesInViewWhileDirty (node_modules/@angular/core/fesm2022/core.mjs:12732:5)
	    at detectChangesInternal (node_modules/@angular/core/fesm2022/core.mjs:12714:9)
Chrome Headless 140.0.0.0 (Mac OS 10.15.7): Executed 91 of 985[31m (15 FAILED)[39m (0 secs / 5.911 secs)
[1A[2K[31mChrome Headless 140.0.0.0 (Mac OS 10.15.7) ClienteFormComponent should clean form when switching between markets FAILED[39m
	TypeError: Cannot read properties of undefined (reading 'params')
	    at ClienteFormComponent.checkEditMode (src/app/components/pages/clientes/cliente-form.component.ts:384:41)
	    at ClienteFormComponent.call [as ngOnInit] (src/app/components/pages/clientes/cliente-form.component.ts:368:10)
	    at callHookInternal (node_modules/@angular/core/fesm2022/core.mjs:5136:14)
	    at callHook (node_modules/@angular/core/fesm2022/core.mjs:5163:13)
	    at callHooks (node_modules/@angular/core/fesm2022/core.mjs:5118:17)
	    at executeInitAndCheckHooks (node_modules/@angular/core/fesm2022/core.mjs:5068:9)
	    at refreshView (node_modules/@angular/core/fesm2022/core.mjs:12806:21)
	    at detectChangesInView$1 (node_modules/@angular/core/fesm2022/core.mjs:13015:9)
	    at detectChangesInViewWhileDirty (node_modules/@angular/core/fesm2022/core.mjs:12732:5)
	    at detectChangesInternal (node_modules/@angular/core/fesm2022/core.mjs:12714:9)
Chrome Headless 140.0.0.0 (Mac OS 10.15.7): Executed 92 of 985[31m (16 FAILED)[39m (0 secs / 5.913 secs)
[1A[2K[31mChrome Headless 140.0.0.0 (Mac OS 10.15.7) ClienteFormComponent should handle different business flows correctly FAILED[39m
	TypeError: Cannot read properties of undefined (reading 'params')
	    at ClienteFormComponent.checkEditMode (src/app/components/pages/clientes/cliente-form.component.ts:384:41)
	    at ClienteFormComponent.call [as ngOnInit] (src/app/components/pages/clientes/cliente-form.component.ts:368:10)
	    at callHookInternal (node_modules/@angular/core/fesm2022/core.mjs:5136:14)
	    at callHook (node_modules/@angular/core/fesm2022/core.mjs:5163:13)
	    at callHooks (node_modules/@angular/core/fesm2022/core.mjs:5118:17)
	    at executeInitAndCheckHooks (node_modules/@angular/core/fesm2022/core.mjs:5068:9)
	    at refreshView (node_modules/@angular/core/fesm2022/core.mjs:12806:21)
	    at detectChangesInView$1 (node_modules/@angular/core/fesm2022/core.mjs:13015:9)
	    at detectChangesInViewWhileDirty (node_modules/@angular/core/fesm2022/core.mjs:12732:5)
	    at detectChangesInternal (node_modules/@angular/core/fesm2022/core.mjs:12714:9)
Chrome Headless 140.0.0.0 (Mac OS 10.15.7): Executed 93 of 985[31m (17 FAILED)[39m (0 secs / 5.915 secs)
[1A[2K[31mChrome Headless 140.0.0.0 (Mac OS 10.15.7) ClienteFormComponent should load existing client data in edit mode FAILED[39m
	TypeError: Cannot read properties of undefined (reading 'params')
	    at ClienteFormComponent.checkEditMode (src/app/components/pages/clientes/cliente-form.component.ts:384:41)
	    at ClienteFormComponent.call [as ngOnInit] (src/app/components/pages/clientes/cliente-form.component.ts:368:10)
	    at callHookInternal (node_modules/@angular/core/fesm2022/core.mjs:5136:14)
	    at callHook (node_modules/@angular/core/fesm2022/core.mjs:5163:13)
	    at callHooks (node_modules/@angular/core/fesm2022/core.mjs:5118:17)
	    at executeInitAndCheckHooks (node_modules/@angular/core/fesm2022/core.mjs:5068:9)
	    at refreshView (node_modules/@angular/core/fesm2022/core.mjs:12806:21)
	    at detectChangesInView$1 (node_modules/@angular/core/fesm2022/core.mjs:13015:9)
	    at detectChangesInViewWhileDirty (node_modules/@angular/core/fesm2022/core.mjs:12732:5)
	    at detectChangesInternal (node_modules/@angular/core/fesm2022/core.mjs:12714:9)
Chrome Headless 140.0.0.0 (Mac OS 10.15.7): Executed 94 of 985[31m (18 FAILED)[39m (0 secs / 5.917 secs)
[1A[2K[31mChrome Headless 140.0.0.0 (Mac OS 10.15.7) ClienteFormComponent should set loading state during form submission FAILED[39m
	TypeError: Cannot read properties of undefined (reading 'params')
	    at ClienteFormComponent.checkEditMode (src/app/components/pages/clientes/cliente-form.component.ts:384:41)
	    at ClienteFormComponent.call [as ngOnInit] (src/app/components/pages/clientes/cliente-form.component.ts:368:10)
	    at callHookInternal (node_modules/@angular/core/fesm2022/core.mjs:5136:14)
	    at callHook (node_modules/@angular/core/fesm2022/core.mjs:5163:13)
	    at callHooks (node_modules/@angular/core/fesm2022/core.mjs:5118:17)
	    at executeInitAndCheckHooks (node_modules/@angular/core/fesm2022/core.mjs:5068:9)
	    at refreshView (node_modules/@angular/core/fesm2022/core.mjs:12806:21)
	    at detectChangesInView$1 (node_modules/@angular/core/fesm2022/core.mjs:13015:9)
	    at detectChangesInViewWhileDirty (node_modules/@angular/core/fesm2022/core.mjs:12732:5)
	    at detectChangesInternal (node_modules/@angular/core/fesm2022/core.mjs:12714:9)
Chrome Headless 140.0.0.0 (Mac OS 10.15.7): Executed 95 of 985[31m (19 FAILED)[39m (0 secs / 5.919 secs)
[1A[2K[31mChrome Headless 140.0.0.0 (Mac OS 10.15.7) ClienteFormComponent should create new client with valid form data FAILED[39m
	TypeError: Cannot read properties of undefined (reading 'params')
	    at ClienteFormComponent.checkEditMode (src/app/components/pages/clientes/cliente-form.component.ts:384:41)
	    at ClienteFormComponent.call [as ngOnInit] (src/app/components/pages/clientes/cliente-form.component.ts:368:10)
	    at callHookInternal (node_modules/@angular/core/fesm2022/core.mjs:5136:14)
	    at callHook (node_modules/@angular/core/fesm2022/core.mjs:5163:13)
	    at callHooks (node_modules/@angular/core/fesm2022/core.mjs:5118:17)
	    at executeInitAndCheckHooks (node_modules/@angular/core/fesm2022/core.mjs:5068:9)
	    at refreshView (node_modules/@angular/core/fesm2022/core.mjs:12806:21)
	    at detectChangesInView$1 (node_modules/@angular/core/fesm2022/core.mjs:13015:9)
	    at detectChangesInViewWhileDirty (node_modules/@angular/core/fesm2022/core.mjs:12732:5)
	    at detectChangesInternal (node_modules/@angular/core/fesm2022/core.mjs:12714:9)
Chrome Headless 140.0.0.0 (Mac OS 10.15.7): Executed 96 of 985[31m (20 FAILED)[39m (0 secs / 5.921 secs)
[1A[2KChrome Headless 140.0.0.0 (Mac OS 10.15.7): Executed 97 of 985[31m (20 FAILED)[39m (0 secs / 5.925 secs)
[1A[2KLOG: [36m'In-app notification:', Object{}[39m
Chrome Headless 140.0.0.0 (Mac OS 10.15.7): Executed 97 of 985[31m (20 FAILED)[39m (0 secs / 5.925 secs)
LOG: 'In-app notification:', Object{}
[1A[2K[31mChrome Headless 140.0.0.0 (Mac OS 10.15.7) PushNotificationService Initialization Flow should return false for unsupported environment FAILED[39m
	Expected true to be false.
	    at <Jasmine>
	    at UserContext.<anonymous> (src/app/services/push-notification.service.spec.ts:613:22)
	    at Generator.next (<anonymous>)
	    at asyncGeneratorStep (node_modules/@angular-devkit/build-angular/node_modules/@babel/runtime/helpers/esm/asyncToGenerator.js:3:1)
	    at _next (node_modules/@angular-devkit/build-angular/node_modules/@babel/runtime/helpers/esm/asyncToGenerator.js:17:1)
Chrome Headless 140.0.0.0 (Mac OS 10.15.7): Executed 98 of 985[31m (21 FAILED)[39m (0 secs / 5.927 secs)
[1A[2KChrome Headless 140.0.0.0 (Mac OS 10.15.7): Executed 99 of 985[31m (21 FAILED)[39m (0 secs / 5.928 secs)
[1A[2KChrome Headless 140.0.0.0 (Mac OS 10.15.7): Executed 100 of 985[31m (21 FAILED)[39m (0 secs / 5.929 secs)
[1A[2KChrome Headless 140.0.0.0 (Mac OS 10.15.7): Executed 101 of 985[31m (21 FAILED)[39m (0 secs / 5.929 secs)
[1A[2KChrome Headless 140.0.0.0 (Mac OS 10.15.7): Executed 102 of 985[31m (21 FAILED)[39m (0 secs / 5.93 secs)
[1A[2KChrome Headless 140.0.0.0 (Mac OS 10.15.7): Executed 103 of 985[31m (21 FAILED)[39m (0 secs / 5.93 secs)
[1A[2KChrome Headless 140.0.0.0 (Mac OS 10.15.7): Executed 104 of 985[31m (21 FAILED)[39m (0 secs / 5.931 secs)
[1A[2KChrome Headless 140.0.0.0 (Mac OS 10.15.7): Executed 105 of 985[31m (21 FAILED)[39m (0 secs / 5.931 secs)
[1A[2KChrome Headless 140.0.0.0 (Mac OS 10.15.7): Executed 106 of 985[31m (21 FAILED)[39m (0 secs / 5.932 secs)
[1A[2KChrome Headless 140.0.0.0 (Mac OS 10.15.7): Executed 107 of 985[31m (21 FAILED)[39m (0 secs / 5.932 secs)
[1A[2KERROR: [36m'Failed to send test notification:', HttpErrorResponse{headers: HttpHeaders{normalizedNames: Map{}, lazyUpdate: null, headers: Map{}}, status: 0, statusText: 'Unknown Error', url: 'http://localhost:3000/api/notifications/send-test', ok: false, name: 'HttpErrorResponse', message: 'Http failure response for http://localhost:3000/api/notifications/send-test: 0 ', error: ErrorEvent{isTrusted: false}}[39m
Chrome Headless 140.0.0.0 (Mac OS 10.15.7): Executed 107 of 985[31m (21 FAILED)[39m (0 secs / 5.932 secs)
ERROR: 'Failed to send test notification:', HttpErrorResponse{headers: HttpHeaders{normalizedNames: Map{}, lazyUpdate: null, headers: Map{}}, status: 0, statusText: 'Unknown Error', url: 'http://localhost:3000/api/notifications/send-test', ok: false, name: 'HttpErrorResponse', message: 'Http failure response for http://localhost:3000/api/notifications/send-test: 0 ', error: ErrorEvent{isTrusted: false}}
[1A[2KChrome Headless 140.0.0.0 (Mac OS 10.15.7): Executed 108 of 985[31m (21 FAILED)[39m (0 secs / 6.036 secs)
[1A[2KLOG: [36m'Test notification sent successfully'[39m
Chrome Headless 140.0.0.0 (Mac OS 10.15.7): Executed 108 of 985[31m (21 FAILED)[39m (0 secs / 6.036 secs)
LOG: 'Test notification sent successfully'
[1A[2KChrome Headless 140.0.0.0 (Mac OS 10.15.7): Executed 109 of 985[31m (21 FAILED)[39m (0 secs / 6.038 secs)
[1A[2KChrome Headless 140.0.0.0 (Mac OS 10.15.7): Executed 110 of 985[31m (21 FAILED)[39m (0 secs / 6.039 secs)
[1A[2KChrome Headless 140.0.0.0 (Mac OS 10.15.7): Executed 111 of 985[31m (21 FAILED)[39m (0 secs / 6.039 secs)
[1A[2KChrome Headless 140.0.0.0 (Mac OS 10.15.7): Executed 112 of 985[31m (21 FAILED)[39m (0 secs / 6.04 secs)
[1A[2KChrome Headless 140.0.0.0 (Mac OS 10.15.7): Executed 113 of 985[31m (21 FAILED)[39m (0 secs / 6.041 secs)
[1A[2KChrome Headless 140.0.0.0 (Mac OS 10.15.7): Executed 114 of 985[31m (21 FAILED)[39m (0 secs / 6.041 secs)
[1A[2KChrome Headless 140.0.0.0 (Mac OS 10.15.7): Executed 115 of 985[31m (21 FAILED)[39m (0 secs / 6.042 secs)
[1A[2KChrome Headless 140.0.0.0 (Mac OS 10.15.7): Executed 116 of 985[31m (21 FAILED)[39m (0 secs / 6.043 secs)
[1A[2K[31mChrome Headless 140.0.0.0 (Mac OS 10.15.7) PushNotificationService Notification History should handle corrupted notification history data FAILED[39m
	Expected 'invalid-json' to be null.
	    at <Jasmine>
	    at UserContext.apply (src/app/services/push-notification.service.spec.ts:427:60)
	    at _ZoneDelegate.invoke (node_modules/zone.js/fesm2015/zone.js:369:28)
	    at ProxyZoneSpec.onInvoke (node_modules/zone.js/fesm2015/zone-testing.js:2081:39)
	    at _ZoneDelegate.invoke (node_modules/zone.js/fesm2015/zone.js:368:34)
Chrome Headless 140.0.0.0 (Mac OS 10.15.7): Executed 117 of 985[31m (22 FAILED)[39m (0 secs / 6.043 secs)
[1A[2KChrome Headless 140.0.0.0 (Mac OS 10.15.7): Executed 118 of 985[31m (22 FAILED)[39m (0 secs / 6.043 secs)
[1A[2KChrome Headless 140.0.0.0 (Mac OS 10.15.7): Executed 119 of 985[31m (22 FAILED)[39m (0 secs / 6.044 secs)
[1A[2K[31mChrome Headless 140.0.0.0 (Mac OS 10.15.7) PushNotificationService Notification History should load stored notifications on initialization FAILED[39m
	Expected $.length = 0 to equal 1.
	Expected $[0] = undefined to equal Object({ id: '1', user_id: 'user123', title: 'Test', body: 'Body', type: 'general', sent_at: '2025-09-10T18:13:22.580Z', delivered: true, clicked: false }).
	    at <Jasmine>
	    at Object.next (src/app/services/push-notification.service.spec.ts:417:25)
	    at ConsumerObserver.next (node_modules/rxjs/dist/esm/internal/Subscriber.js:91:33)
	    at SafeSubscriber._next (node_modules/rxjs/dist/esm/internal/Subscriber.js:60:26)
	    at SafeSubscriber.next (node_modules/rxjs/dist/esm/internal/Subscriber.js:31:18)
Chrome Headless 140.0.0.0 (Mac OS 10.15.7): Executed 120 of 985[31m (23 FAILED)[39m (0 secs / 6.045 secs)
[1A[2KChrome Headless 140.0.0.0 (Mac OS 10.15.7): Executed 121 of 985[31m (23 FAILED)[39m (0 secs / 6.046 secs)
[1A[2KChrome Headless 140.0.0.0 (Mac OS 10.15.7): Executed 122 of 985[31m (23 FAILED)[39m (0 secs / 6.046 secs)
[1A[2K[31mChrome Headless 140.0.0.0 (Mac OS 10.15.7) PushNotificationService Notification Handling should navigate to client page for document_pending notifications FAILED[39m
	Error: <spyOnProperty> : location is not declared configurable
	Usage: spyOnProperty(<object>, <propName>, [accessType])
	    at <Jasmine>
	    at UserContext.apply (src/app/services/push-notification.service.spec.ts:326:7)
	    at _ZoneDelegate.invoke (node_modules/zone.js/fesm2015/zone.js:369:28)
	    at ProxyZoneSpec.onInvoke (node_modules/zone.js/fesm2015/zone-testing.js:2081:39)
	    at _ZoneDelegate.invoke (node_modules/zone.js/fesm2015/zone.js:368:34)
	    at ZoneImpl.run (node_modules/zone.js/fesm2015/zone.js:111:43)
	    at runInTestZone (node_modules/zone.js/fesm2015/zone-testing.js:216:38)
	    at UserContext.<anonymous> (node_modules/zone.js/fesm2015/zone-testing.js:234:32)
Chrome Headless 140.0.0.0 (Mac OS 10.15.7): Executed 123 of 985[31m (24 FAILED)[39m (0 secs / 6.047 secs)
[1A[2KChrome Headless 140.0.0.0 (Mac OS 10.15.7): Executed 124 of 985[31m (24 FAILED)[39m (0 secs / 6.048 secs)
[1A[2K[31mChrome Headless 140.0.0.0 (Mac OS 10.15.7) PushNotificationService Notification Handling should handle incoming notification message FAILED[39m
	TypeError: Cannot redefine property: hidden
	    at Object.defineProperty (<anonymous>)
	    at UserContext.apply (src/app/services/push-notification.service.spec.ts:265:14)
	    at _ZoneDelegate.invoke (node_modules/zone.js/fesm2015/zone.js:369:28)
	    at ProxyZoneSpec.onInvoke (node_modules/zone.js/fesm2015/zone-testing.js:2081:39)
	    at _ZoneDelegate.invoke (node_modules/zone.js/fesm2015/zone.js:368:34)
	    at ZoneImpl.run (node_modules/zone.js/fesm2015/zone.js:111:43)
	    at runInTestZone (node_modules/zone.js/fesm2015/zone-testing.js:216:38)
	    at UserContext.<anonymous> (node_modules/zone.js/fesm2015/zone-testing.js:234:32)
	    at <Jasmine>
Chrome Headless 140.0.0.0 (Mac OS 10.15.7): Executed 125 of 985[31m (25 FAILED)[39m (0 secs / 6.048 secs)
[1A[2K[31mChrome Headless 140.0.0.0 (Mac OS 10.15.7) PushNotificationService Subscription Management should unsubscribe from push notifications FAILED[39m
	Error: Timeout - Async function did not complete within 5000ms (set by jasmine.DEFAULT_TIMEOUT_INTERVAL)
	    at <Jasmine>
	Error: Expected no open requests, found 1: DELETE http://localhost:3000/api/notifications/subscriptions/sub123
	    at HttpClientTestingBackend.verify (node_modules/@angular/common/fesm2022/http/testing.mjs:298:19)
	    at UserContext.apply (src/app/services/push-notification.service.spec.ts:45:14)
	    at _ZoneDelegate.invoke (node_modules/zone.js/fesm2015/zone.js:369:28)
	    at ProxyZoneSpec.onInvoke (node_modules/zone.js/fesm2015/zone-testing.js:2081:39)
	    at _ZoneDelegate.invoke (node_modules/zone.js/fesm2015/zone.js:368:34)
	    at ZoneImpl.run (node_modules/zone.js/fesm2015/zone.js:111:43)
	    at runInTestZone (node_modules/zone.js/fesm2015/zone-testing.js:216:38)
	    at UserContext.<anonymous> (node_modules/zone.js/fesm2015/zone-testing.js:234:32)
	    at <Jasmine>
Chrome Headless 140.0.0.0 (Mac OS 10.15.7): Executed 126 of 985[31m (26 FAILED)[39m (0 secs / 11.054 secs)
[1A[2K[31mChrome Headless 140.0.0.0 (Mac OS 10.15.7) PushNotificationService Subscription Management should subscribe to push notifications FAILED[39m
	Error: Timeout - Async function did not complete within 5000ms (set by jasmine.DEFAULT_TIMEOUT_INTERVAL)
	    at <Jasmine>
	Error: Expected no open requests, found 1: POST http://localhost:3000/api/notifications/subscriptions
	    at HttpClientTestingBackend.verify (node_modules/@angular/common/fesm2022/http/testing.mjs:298:19)
	    at UserContext.apply (src/app/services/push-notification.service.spec.ts:45:14)
	    at _ZoneDelegate.invoke (node_modules/zone.js/fesm2015/zone.js:369:28)
	    at ProxyZoneSpec.onInvoke (node_modules/zone.js/fesm2015/zone-testing.js:2081:39)
	    at _ZoneDelegate.invoke (node_modules/zone.js/fesm2015/zone.js:368:34)
	    at ZoneImpl.run (node_modules/zone.js/fesm2015/zone.js:111:43)
	    at runInTestZone (node_modules/zone.js/fesm2015/zone-testing.js:216:38)
	    at UserContext.<anonymous> (node_modules/zone.js/fesm2015/zone-testing.js:234:32)
	    at <Jasmine>
Chrome Headless 140.0.0.0 (Mac OS 10.15.7): Executed 127 of 985[31m (27 FAILED)[39m (0 secs / 16.07 secs)
[1A[2K[31mChrome Headless 140.0.0.0 (Mac OS 10.15.7) PushNotificationService Subscription Management should load existing subscription from localStorage FAILED[39m
	Expected null to equal Object({ subscription_id: 'sub123', endpoint: 'https://test.com', keys: Object({ p256dh: 'test', auth: 'test' }), user_id: 'user123', device_info: Object({ browser: 'Chrome', os: 'Windows', device_type: 'desktop' }), active: true }).
	    at <Jasmine>
	    at Object.next (src/app/services/push-notification.service.spec.ts:225:21)
	    at ConsumerObserver.next (node_modules/rxjs/dist/esm/internal/Subscriber.js:91:33)
	    at SafeSubscriber._next (node_modules/rxjs/dist/esm/internal/Subscriber.js:60:26)
	    at SafeSubscriber.next (node_modules/rxjs/dist/esm/internal/Subscriber.js:31:18)
Chrome Headless 140.0.0.0 (Mac OS 10.15.7): Executed 128 of 985[31m (28 FAILED)[39m (0 secs / 16.072 secs)
[1A[2K[31mChrome Headless 140.0.0.0 (Mac OS 10.15.7) PushNotificationService Subscription Management should handle corrupted localStorage subscription data FAILED[39m
	Expected 'invalid-json' to be null.
	    at <Jasmine>
	    at UserContext.apply (src/app/services/push-notification.service.spec.ts:235:57)
	    at _ZoneDelegate.invoke (node_modules/zone.js/fesm2015/zone.js:369:28)
	    at ProxyZoneSpec.onInvoke (node_modules/zone.js/fesm2015/zone-testing.js:2081:39)
	    at _ZoneDelegate.invoke (node_modules/zone.js/fesm2015/zone.js:368:34)
Chrome Headless 140.0.0.0 (Mac OS 10.15.7): Executed 129 of 985[31m (29 FAILED)[39m (0 secs / 16.072 secs)
[1A[2KERROR: [36m'Failed to unsubscribe from notifications:', Error: Unsubscribe failed
Error: Unsubscribe failed
    at UserContext.<anonymous> (http://localhost:9876/_karma_webpack_/webpack:/src/app/services/push-notification.service.spec.ts:203:61)
    at Generator.next (<anonymous>)
    at asyncGeneratorStep (http://localhost:9876/_karma_webpack_/webpack:/node_modules/@angular-devkit/build-angular/node_modules/@babel/runtime/helpers/esm/asyncToGenerator.js:3:1)
    at _next (http://localhost:9876/_karma_webpack_/webpack:/node_modules/@angular-devkit/build-angular/node_modules/@babel/runtime/helpers/esm/asyncToGenerator.js:17:1)
    at executor (http://localhost:9876/_karma_webpack_/webpack:/node_modules/@angular-devkit/build-angular/node_modules/@babel/runtime/helpers/esm/asyncToGenerator.js:22:1)
    at new ZoneAwarePromise (http://localhost:9876/_karma_webpack_/webpack:/node_modules/zone.js/fesm2015/zone.js:2702:25)
    at UserContext.apply (http://localhost:9876/_karma_webpack_/webpack:/node_modules/@angular-devkit/build-angular/node_modules/@babel/runtime/helpers/esm/asyncToGenerator.js:14:1)
    at _ZoneDelegate.invoke (http://localhost:9876/_karma_webpack_/webpack:/node_modules/zone.js/fesm2015/zone.js:369:28)
    at ProxyZoneSpec.onInvoke (http://localhost:9876/_karma_webpack_/webpack:/node_modules/zone.js/fesm2015/zone-testing.js:2081:39)
    at _ZoneDelegate.invoke (http://localhost:9876/_karma_webpack_/webpack:/node_modules/zone.js/fesm2015/zone.js:368:34)[39m
Chrome Headless 140.0.0.0 (Mac OS 10.15.7): Executed 129 of 985[31m (29 FAILED)[39m (0 secs / 16.072 secs)
ERROR: 'Failed to unsubscribe from notifications:', Error: Unsubscribe failed
Error: Unsubscribe failed
    at UserContext.<anonymous> (http://localhost:9876/_karma_webpack_/webpack:/src/app/services/push-notification.service.spec.ts:203:61)
    at Generator.next (<anonymous>)
    at asyncGeneratorStep (http://localhost:9876/_karma_webpack_/webpack:/node_modules/@angular-devkit/build-angular/node_modules/@babel/runtime/helpers/esm/asyncToGenerator.js:3:1)
    at _next (http://localhost:9876/_karma_webpack_/webpack:/node_modules/@angular-devkit/build-angular/node_modules/@babel/runtime/helpers/esm/asyncToGenerator.js:17:1)
    at executor (http://localhost:9876/_karma_webpack_/webpack:/node_modules/@angular-devkit/build-angular/node_modules/@babel/runtime/helpers/esm/asyncToGenerator.js:22:1)
    at new ZoneAwarePromise (http://localhost:9876/_karma_webpack_/webpack:/node_modules/zone.js/fesm2015/zone.js:2702:25)
    at UserContext.apply (http://localhost:9876/_karma_webpack_/webpack:/node_modules/@angular-devkit/build-angular/node_modules/@babel/runtime/helpers/esm/asyncToGenerator.js:14:1)
    at _ZoneDelegate.invoke (http://localhost:9876/_karma_webpack_/webpack:/node_modules/zone.js/fesm2015/zone.js:369:28)
    at ProxyZoneSpec.onInvoke (http://localhost:9876/_karma_webpack_/webpack:/node_modules/zone.js/fesm2015/zone-testing.js:2081:39)
    at _ZoneDelegate.invoke (http://localhost:9876/_karma_webpack_/webpack:/node_modules/zone.js/fesm2015/zone.js:368:34)
[1A[2KChrome Headless 140.0.0.0 (Mac OS 10.15.7): Executed 130 of 985[31m (29 FAILED)[39m (0 secs / 16.073 secs)
[1A[2KChrome Headless 140.0.0.0 (Mac OS 10.15.7): Executed 131 of 985[31m (29 FAILED)[39m (0 secs / 16.074 secs)
[1A[2KERROR: [36m'Failed to subscribe to notifications:', Error: Subscription failed
Error: Subscription failed
    at UserContext.<anonymous> (http://localhost:9876/_karma_webpack_/webpack:/src/app/services/push-notification.service.spec.ts:163:69)
    at Generator.next (<anonymous>)
    at asyncGeneratorStep (http://localhost:9876/_karma_webpack_/webpack:/node_modules/@angular-devkit/build-angular/node_modules/@babel/runtime/helpers/esm/asyncToGenerator.js:3:1)
    at _next (http://localhost:9876/_karma_webpack_/webpack:/node_modules/@angular-devkit/build-angular/node_modules/@babel/runtime/helpers/esm/asyncToGenerator.js:17:1)
    at executor (http://localhost:9876/_karma_webpack_/webpack:/node_modules/@angular-devkit/build-angular/node_modules/@babel/runtime/helpers/esm/asyncToGenerator.js:22:1)
    at new ZoneAwarePromise (http://localhost:9876/_karma_webpack_/webpack:/node_modules/zone.js/fesm2015/zone.js:2702:25)
    at UserContext.apply (http://localhost:9876/_karma_webpack_/webpack:/node_modules/@angular-devkit/build-angular/node_modules/@babel/runtime/helpers/esm/asyncToGenerator.js:14:1)
    at _ZoneDelegate.invoke (http://localhost:9876/_karma_webpack_/webpack:/node_modules/zone.js/fesm2015/zone.js:369:28)
    at ProxyZoneSpec.onInvoke (http://localhost:9876/_karma_webpack_/webpack:/node_modules/zone.js/fesm2015/zone-testing.js:2081:39)
    at _ZoneDelegate.invoke (http://localhost:9876/_karma_webpack_/webpack:/node_modules/zone.js/fesm2015/zone.js:368:34)[39m
Chrome Headless 140.0.0.0 (Mac OS 10.15.7): Executed 131 of 985[31m (29 FAILED)[39m (0 secs / 16.074 secs)
ERROR: 'Failed to subscribe to notifications:', Error: Subscription failed
Error: Subscription failed
    at UserContext.<anonymous> (http://localhost:9876/_karma_webpack_/webpack:/src/app/services/push-notification.service.spec.ts:163:69)
    at Generator.next (<anonymous>)
    at asyncGeneratorStep (http://localhost:9876/_karma_webpack_/webpack:/node_modules/@angular-devkit/build-angular/node_modules/@babel/runtime/helpers/esm/asyncToGenerator.js:3:1)
    at _next (http://localhost:9876/_karma_webpack_/webpack:/node_modules/@angular-devkit/build-angular/node_modules/@babel/runtime/helpers/esm/asyncToGenerator.js:17:1)
    at executor (http://localhost:9876/_karma_webpack_/webpack:/node_modules/@angular-devkit/build-angular/node_modules/@babel/runtime/helpers/esm/asyncToGenerator.js:22:1)
    at new ZoneAwarePromise (http://localhost:9876/_karma_webpack_/webpack:/node_modules/zone.js/fesm2015/zone.js:2702:25)
    at UserContext.apply (http://localhost:9876/_karma_webpack_/webpack:/node_modules/@angular-devkit/build-angular/node_modules/@babel/runtime/helpers/esm/asyncToGenerator.js:14:1)
    at _ZoneDelegate.invoke (http://localhost:9876/_karma_webpack_/webpack:/node_modules/zone.js/fesm2015/zone.js:369:28)
    at ProxyZoneSpec.onInvoke (http://localhost:9876/_karma_webpack_/webpack:/node_modules/zone.js/fesm2015/zone-testing.js:2081:39)
    at _ZoneDelegate.invoke (http://localhost:9876/_karma_webpack_/webpack:/node_modules/zone.js/fesm2015/zone.js:368:34)
[1A[2KChrome Headless 140.0.0.0 (Mac OS 10.15.7): Executed 132 of 985[31m (29 FAILED)[39m (0 secs / 16.075 secs)
[1A[2K[31mChrome Headless 140.0.0.0 (Mac OS 10.15.7) PushNotificationService Permission Management should throw error when push notifications not supported FAILED[39m
	Failed: Should have thrown error
	    at <Jasmine>
	    at UserContext.<anonymous> (src/app/services/push-notification.service.spec.ts:110:9)
	    at Generator.next (<anonymous>)
	    at asyncGeneratorStep (node_modules/@angular-devkit/build-angular/node_modules/@babel/runtime/helpers/esm/asyncToGenerator.js:3:1)
	    at apply (node_modules/@angular-devkit/build-angular/node_modules/@babel/runtime/helpers/esm/asyncToGenerator.js:17:1)
	    at _ZoneDelegate.invoke (node_modules/zone.js/fesm2015/zone.js:369:28)
Chrome Headless 140.0.0.0 (Mac OS 10.15.7): Executed 133 of 985[31m (30 FAILED)[39m (0 secs / 16.076 secs)
[1A[2KChrome Headless 140.0.0.0 (Mac OS 10.15.7): Executed 134 of 985[31m (30 FAILED)[39m (0 secs / 16.077 secs)
[1A[2KChrome Headless 140.0.0.0 (Mac OS 10.15.7): Executed 135 of 985[31m (30 FAILED)[39m (0 secs / 16.077 secs)
[1A[2KChrome Headless 140.0.0.0 (Mac OS 10.15.7): Executed 136 of 985[31m (30 FAILED)[39m (0 secs / 16.077 secs)
[1A[2KChrome Headless 140.0.0.0 (Mac OS 10.15.7): Executed 137 of 985[31m (30 FAILED)[39m (0 secs / 16.077 secs)
[1A[2KChrome Headless 140.0.0.0 (Mac OS 10.15.7): Executed 138 of 985[31m (30 FAILED)[39m (0 secs / 16.077 secs)
[1A[2KChrome Headless 140.0.0.0 (Mac OS 10.15.7): Executed 139 of 985[31m (30 FAILED)[39m (0 secs / 16.077 secs)
[1A[2KChrome Headless 140.0.0.0 (Mac OS 10.15.7): Executed 140 of 985[31m (30 FAILED)[39m (0 secs / 16.078 secs)
[1A[2KChrome Headless 140.0.0.0 (Mac OS 10.15.7): Executed 141 of 985[31m (30 FAILED)[39m (0 secs / 16.078 secs)
[1A[2KChrome Headless 140.0.0.0 (Mac OS 10.15.7): Executed 142 of 985[31m (30 FAILED)[39m (0 secs / 16.078 secs)
[1A[2KChrome Headless 140.0.0.0 (Mac OS 10.15.7): Executed 143 of 985[31m (30 FAILED)[39m (0 secs / 16.079 secs)
[1A[2KChrome Headless 140.0.0.0 (Mac OS 10.15.7): Executed 144 of 985[31m (30 FAILED)[39m (0 secs / 16.08 secs)
[1A[2KChrome Headless 140.0.0.0 (Mac OS 10.15.7): Executed 145 of 985[31m (30 FAILED)[39m (0 secs / 16.283 secs)
[1A[2KChrome Headless 140.0.0.0 (Mac OS 10.15.7): Executed 146 of 985[31m (30 FAILED)[39m (0 secs / 16.485 secs)
[1A[2KChrome Headless 140.0.0.0 (Mac OS 10.15.7): Executed 147 of 985[31m (30 FAILED)[39m (0 secs / 16.688 secs)
[1A[2KChrome Headless 140.0.0.0 (Mac OS 10.15.7): Executed 148 of 985[31m (30 FAILED)[39m (0 secs / 16.99 secs)
[1A[2KChrome Headless 140.0.0.0 (Mac OS 10.15.7): Executed 149 of 985[31m (30 FAILED)[39m (0 secs / 17.193 secs)
[1A[2KChrome Headless 140.0.0.0 (Mac OS 10.15.7): Executed 150 of 985[31m (30 FAILED)[39m (0 secs / 17.395 secs)
[1A[2KChrome Headless 140.0.0.0 (Mac OS 10.15.7): Executed 151 of 985[31m (30 FAILED)[39m (0 secs / 17.699 secs)
[1A[2KChrome Headless 140.0.0.0 (Mac OS 10.15.7): Executed 152 of 985[31m (30 FAILED)[39m (0 secs / 17.902 secs)
[1A[2KChrome Headless 140.0.0.0 (Mac OS 10.15.7): Executed 153 of 985[31m (30 FAILED)[39m (0 secs / 18.104 secs)
[1A[2KChrome Headless 140.0.0.0 (Mac OS 10.15.7): Executed 154 of 985[31m (30 FAILED)[39m (0 secs / 18.105 secs)
[1A[2KChrome Headless 140.0.0.0 (Mac OS 10.15.7): Executed 155 of 985[31m (30 FAILED)[39m (0 secs / 18.105 secs)
[1A[2KChrome Headless 140.0.0.0 (Mac OS 10.15.7): Executed 156 of 985[31m (30 FAILED)[39m (0 secs / 18.106 secs)
[1A[2KChrome Headless 140.0.0.0 (Mac OS 10.15.7): Executed 157 of 985[31m (30 FAILED)[39m (0 secs / 18.106 secs)
[1A[2KChrome Headless 140.0.0.0 (Mac OS 10.15.7): Executed 158 of 985[31m (30 FAILED)[39m (0 secs / 18.107 secs)
[1A[2KChrome Headless 140.0.0.0 (Mac OS 10.15.7): Executed 159 of 985[31m (30 FAILED)[39m (0 secs / 18.107 secs)
[1A[2KChrome Headless 140.0.0.0 (Mac OS 10.15.7): Executed 160 of 985[31m (30 FAILED)[39m (0 secs / 18.108 secs)
[1A[2KChrome Headless 140.0.0.0 (Mac OS 10.15.7): Executed 161 of 985[31m (30 FAILED)[39m (0 secs / 18.108 secs)
[1A[2KChrome Headless 140.0.0.0 (Mac OS 10.15.7): Executed 162 of 985[31m (30 FAILED)[39m (0 secs / 18.108 secs)
[1A[2K[31mChrome Headless 140.0.0.0 (Mac OS 10.15.7) BusinessRulesService Ecosystem Validation Edge Cases should properly identify required vs optional documents FAILED[39m
	Expected [ 'Acta Constitutiva del Ecosistema', 'RFC del Ecosistema', 'Padrón de Socios Actualizado', 'Acta de Asamblea de Aprobación' ] to contain 'Estado de Cuenta Bancario del Ecosistema'.
	    at <Jasmine>
	    at UserContext.apply (src/app/services/business-rules.service.spec.ts:612:28)
	    at _ZoneDelegate.invoke (node_modules/zone.js/fesm2015/zone.js:369:28)
	    at ProxyZoneSpec.onInvoke (node_modules/zone.js/fesm2015/zone-testing.js:2081:39)
	    at _ZoneDelegate.invoke (node_modules/zone.js/fesm2015/zone.js:368:34)
Chrome Headless 140.0.0.0 (Mac OS 10.15.7): Executed 163 of 985[31m (31 FAILED)[39m (0 secs / 18.109 secs)
[1A[2KChrome Headless 140.0.0.0 (Mac OS 10.15.7): Executed 164 of 985[31m (31 FAILED)[39m (0 secs / 18.912 secs)
[1A[2KChrome Headless 140.0.0.0 (Mac OS 10.15.7): Executed 165 of 985[31m (31 FAILED)[39m (0 secs / 18.913 secs)
[1A[2KChrome Headless 140.0.0.0 (Mac OS 10.15.7): Executed 166 of 985[31m (31 FAILED)[39m (0 secs / 18.913 secs)
[1A[2KChrome Headless 140.0.0.0 (Mac OS 10.15.7): Executed 167 of 985[31m (31 FAILED)[39m (0 secs / 18.914 secs)
[1A[2KChrome Headless 140.0.0.0 (Mac OS 10.15.7): Executed 168 of 985[31m (31 FAILED)[39m (0 secs / 18.914 secs)
[1A[2KChrome Headless 140.0.0.0 (Mac OS 10.15.7): Executed 169 of 985[31m (31 FAILED)[39m (0 secs / 18.914 secs)
[1A[2KChrome Headless 140.0.0.0 (Mac OS 10.15.7): Executed 170 of 985[31m (31 FAILED)[39m (0 secs / 18.914 secs)
[1A[2KChrome Headless 140.0.0.0 (Mac OS 10.15.7): Executed 171 of 985[31m (31 FAILED)[39m (0 secs / 18.914 secs)
[1A[2KChrome Headless 140.0.0.0 (Mac OS 10.15.7): Executed 172 of 985[31m (31 FAILED)[39m (0 secs / 18.915 secs)
[1A[2KChrome Headless 140.0.0.0 (Mac OS 10.15.7): Executed 173 of 985[31m (31 FAILED)[39m (0 secs / 18.915 secs)
[1A[2KChrome Headless 140.0.0.0 (Mac OS 10.15.7): Executed 174 of 985[31m (31 FAILED)[39m (0 secs / 18.916 secs)
[1A[2KChrome Headless 140.0.0.0 (Mac OS 10.15.7): Executed 175 of 985[31m (31 FAILED)[39m (0 secs / 18.916 secs)
[1A[2KChrome Headless 140.0.0.0 (Mac OS 10.15.7): Executed 176 of 985[31m (31 FAILED)[39m (0 secs / 19.219 secs)
[1A[2KChrome Headless 140.0.0.0 (Mac OS 10.15.7): Executed 177 of 985[31m (31 FAILED)[39m (0 secs / 19.22 secs)
[1A[2KChrome Headless 140.0.0.0 (Mac OS 10.15.7): Executed 178 of 985[31m (31 FAILED)[39m (0 secs / 20.022 secs)
[1A[2K[31mChrome Headless 140.0.0.0 (Mac OS 10.15.7) BusinessRulesService Ecosystem Validation should validate ecosystem for EdoMex client FAILED[39m
	Expected false to be true.
	    at <Jasmine>
	    at Object.next (src/app/services/business-rules.service.spec.ts:320:36)
	    at ConsumerObserver.next (node_modules/rxjs/dist/esm/internal/Subscriber.js:91:33)
	    at SafeSubscriber._next (node_modules/rxjs/dist/esm/internal/Subscriber.js:60:26)
	    at SafeSubscriber.next (node_modules/rxjs/dist/esm/internal/Subscriber.js:31:18)
Chrome Headless 140.0.0.0 (Mac OS 10.15.7): Executed 179 of 985[31m (32 FAILED)[39m (0 secs / 20.826 secs)
[1A[2KChrome Headless 140.0.0.0 (Mac OS 10.15.7): Executed 180 of 985[31m (32 FAILED)[39m (0 secs / 21.33 secs)
[1A[2KChrome Headless 140.0.0.0 (Mac OS 10.15.7): Executed 181 of 985[31m (32 FAILED)[39m (0 secs / 21.834 secs)
[1A[2KChrome Headless 140.0.0.0 (Mac OS 10.15.7): Executed 182 of 985[31m (32 FAILED)[39m (0 secs / 22.338 secs)
[1A[2KChrome Headless 140.0.0.0 (Mac OS 10.15.7): Executed 183 of 985[31m (32 FAILED)[39m (0 secs / 22.842 secs)
[1A[2KChrome Headless 140.0.0.0 (Mac OS 10.15.7): Executed 184 of 985[31m (32 FAILED)[39m (0 secs / 23.346 secs)
[1A[2KChrome Headless 140.0.0.0 (Mac OS 10.15.7): Executed 185 of 985[31m (32 FAILED)[39m (0 secs / 23.849 secs)
[1A[2KChrome Headless 140.0.0.0 (Mac OS 10.15.7): Executed 186 of 985[31m (32 FAILED)[39m (0 secs / 24.353 secs)
[1A[2KChrome Headless 140.0.0.0 (Mac OS 10.15.7): Executed 187 of 985[31m (32 FAILED)[39m (0 secs / 24.856 secs)
[1A[2KChrome Headless 140.0.0.0 (Mac OS 10.15.7): Executed 188 of 985[31m (32 FAILED)[39m (0 secs / 24.857 secs)
[1A[2KChrome Headless 140.0.0.0 (Mac OS 10.15.7): Executed 189 of 985[31m (32 FAILED)[39m (0 secs / 24.858 secs)
[1A[2KChrome Headless 140.0.0.0 (Mac OS 10.15.7): Executed 190 of 985[31m (32 FAILED)[39m (0 secs / 24.859 secs)
[1A[2KChrome Headless 140.0.0.0 (Mac OS 10.15.7): Executed 191 of 985[31m (32 FAILED)[39m (0 secs / 24.86 secs)
[1A[2KChrome Headless 140.0.0.0 (Mac OS 10.15.7): Executed 192 of 985[31m (32 FAILED)[39m (0 secs / 24.914 secs)
[1A[2KChrome Headless 140.0.0.0 (Mac OS 10.15.7): Executed 193 of 985[31m (32 FAILED)[39m (0 secs / 24.916 secs)
[1A[2KChrome Headless 140.0.0.0 (Mac OS 10.15.7): Executed 194 of 985[31m (32 FAILED)[39m (0 secs / 24.918 secs)
[1A[2KChrome Headless 140.0.0.0 (Mac OS 10.15.7): Executed 195 of 985[31m (32 FAILED)[39m (0 secs / 24.919 secs)
[1A[2KChrome Headless 140.0.0.0 (Mac OS 10.15.7): Executed 196 of 985[31m (32 FAILED)[39m (0 secs / 24.919 secs)
[1A[2KChrome Headless 140.0.0.0 (Mac OS 10.15.7): Executed 197 of 985[31m (32 FAILED)[39m (0 secs / 24.92 secs)
[1A[2KChrome Headless 140.0.0.0 (Mac OS 10.15.7): Executed 198 of 985[31m (32 FAILED)[39m (0 secs / 24.92 secs)
[1A[2KChrome Headless 140.0.0.0 (Mac OS 10.15.7): Executed 199 of 985[31m (32 FAILED)[39m (0 secs / 24.921 secs)
[1A[2KChrome Headless 140.0.0.0 (Mac OS 10.15.7): Executed 200 of 985[31m (32 FAILED)[39m (0 secs / 24.921 secs)
[1A[2KChrome Headless 140.0.0.0 (Mac OS 10.15.7): Executed 201 of 985[31m (32 FAILED)[39m (0 secs / 24.922 secs)
[1A[2K[31mChrome Headless 140.0.0.0 (Mac OS 10.15.7) ToastService Edge Cases should handle rapid consecutive toasts FAILED[39m
	Expected 1 to be 10.
	    at <Jasmine>
	    at UserContext.apply (src/app/services/toast.service.spec.ts:359:30)
	    at _ZoneDelegate.invoke (node_modules/zone.js/fesm2015/zone.js:369:28)
	    at ProxyZoneSpec.onInvoke (node_modules/zone.js/fesm2015/zone-testing.js:2081:39)
	    at _ZoneDelegate.invoke (node_modules/zone.js/fesm2015/zone.js:368:34)
Chrome Headless 140.0.0.0 (Mac OS 10.15.7): Executed 202 of 985[31m (33 FAILED)[39m (0 secs / 24.922 secs)
[1A[2KChrome Headless 140.0.0.0 (Mac OS 10.15.7): Executed 203 of 985[31m (33 FAILED)[39m (0 secs / 24.922 secs)
[1A[2KChrome Headless 140.0.0.0 (Mac OS 10.15.7): Executed 204 of 985[31m (33 FAILED)[39m (0 secs / 24.922 secs)
[1A[2KChrome Headless 140.0.0.0 (Mac OS 10.15.7): Executed 205 of 985[31m (33 FAILED)[39m (0 secs / 24.923 secs)
[1A[2KChrome Headless 140.0.0.0 (Mac OS 10.15.7): Executed 206 of 985[31m (33 FAILED)[39m (0 secs / 24.923 secs)
[1A[2KChrome Headless 140.0.0.0 (Mac OS 10.15.7): Executed 207 of 985[31m (33 FAILED)[39m (0 secs / 24.924 secs)
[1A[2KChrome Headless 140.0.0.0 (Mac OS 10.15.7): Executed 208 of 985[31m (33 FAILED)[39m (0 secs / 24.924 secs)
[1A[2KChrome Headless 140.0.0.0 (Mac OS 10.15.7): Executed 209 of 985[31m (33 FAILED)[39m (0 secs / 24.925 secs)
[1A[2K[31mChrome Headless 140.0.0.0 (Mac OS 10.15.7) ToastService Toast State Management should maintain correct state after multiple operations FAILED[39m
	Expected 0 to be 2.
	    at <Jasmine>
	    at UserContext.apply (src/app/services/toast.service.spec.ts:379:38)
	    at _ZoneDelegate.invoke (node_modules/zone.js/fesm2015/zone.js:369:28)
	    at ProxyZoneSpec.onInvoke (node_modules/zone.js/fesm2015/zone-testing.js:2081:39)
	    at _ZoneDelegate.invoke (node_modules/zone.js/fesm2015/zone.js:368:34)
	TypeError: Cannot read properties of undefined (reading 'message')
	    at UserContext.apply (src/app/services/toast.service.spec.ts:380:33)
	    at _ZoneDelegate.invoke (node_modules/zone.js/fesm2015/zone.js:369:28)
	    at ProxyZoneSpec.onInvoke (node_modules/zone.js/fesm2015/zone-testing.js:2081:39)
	    at _ZoneDelegate.invoke (node_modules/zone.js/fesm2015/zone.js:368:34)
	    at ZoneImpl.run (node_modules/zone.js/fesm2015/zone.js:111:43)
	    at runInTestZone (node_modules/zone.js/fesm2015/zone-testing.js:216:38)
	    at UserContext.<anonymous> (node_modules/zone.js/fesm2015/zone-testing.js:234:32)
	    at <Jasmine>
Chrome Headless 140.0.0.0 (Mac OS 10.15.7): Executed 210 of 985[31m (34 FAILED)[39m (0 secs / 24.925 secs)
[1A[2KChrome Headless 140.0.0.0 (Mac OS 10.15.7): Executed 211 of 985[31m (34 FAILED)[39m (0 secs / 24.925 secs)
[1A[2KChrome Headless 140.0.0.0 (Mac OS 10.15.7): Executed 212 of 985[31m (34 FAILED)[39m (0 secs / 24.925 secs)
[1A[2KChrome Headless 140.0.0.0 (Mac OS 10.15.7): Executed 213 of 985[31m (34 FAILED)[39m (0 secs / 24.926 secs)
[1A[2KChrome Headless 140.0.0.0 (Mac OS 10.15.7): Executed 214 of 985[31m (34 FAILED)[39m (0 secs / 24.927 secs)
[1A[2KChrome Headless 140.0.0.0 (Mac OS 10.15.7): Executed 215 of 985[31m (34 FAILED)[39m (0 secs / 24.927 secs)
[1A[2KChrome Headless 140.0.0.0 (Mac OS 10.15.7): Executed 216 of 985[31m (34 FAILED)[39m (0 secs / 24.928 secs)
[1A[2K[31mChrome Headless 140.0.0.0 (Mac OS 10.15.7) ToastService Toast Management should generate unique IDs for different toasts FAILED[39m
	Expected '1757528021518' not to be '1757528021518'.
	    at <Jasmine>
	    at UserContext.apply (src/app/services/toast.service.spec.ts:135:32)
	    at _ZoneDelegate.invoke (node_modules/zone.js/fesm2015/zone.js:369:28)
	    at ProxyZoneSpec.onInvoke (node_modules/zone.js/fesm2015/zone-testing.js:2081:39)
	    at _ZoneDelegate.invoke (node_modules/zone.js/fesm2015/zone.js:368:34)
Chrome Headless 140.0.0.0 (Mac OS 10.15.7): Executed 217 of 985[31m (35 FAILED)[39m (0 secs / 24.928 secs)
[1A[2K[31mChrome Headless 140.0.0.0 (Mac OS 10.15.7) ToastService Toast Management should remove only specified toast when multiple exist FAILED[39m
	Expected 0 to be 2.
	    at <Jasmine>
	    at UserContext.apply (src/app/services/toast.service.spec.ts:173:38)
	    at _ZoneDelegate.invoke (node_modules/zone.js/fesm2015/zone.js:369:28)
	    at ProxyZoneSpec.onInvoke (node_modules/zone.js/fesm2015/zone-testing.js:2081:39)
	    at _ZoneDelegate.invoke (node_modules/zone.js/fesm2015/zone.js:368:34)
	TypeError: Cannot read properties of undefined (reading 'message')
	    at UserContext.apply (src/app/services/toast.service.spec.ts:175:33)
	    at _ZoneDelegate.invoke (node_modules/zone.js/fesm2015/zone.js:369:28)
	    at ProxyZoneSpec.onInvoke (node_modules/zone.js/fesm2015/zone-testing.js:2081:39)
	    at _ZoneDelegate.invoke (node_modules/zone.js/fesm2015/zone.js:368:34)
	    at ZoneImpl.run (node_modules/zone.js/fesm2015/zone.js:111:43)
	    at runInTestZone (node_modules/zone.js/fesm2015/zone-testing.js:216:38)
	    at UserContext.<anonymous> (node_modules/zone.js/fesm2015/zone-testing.js:234:32)
	    at <Jasmine>
Chrome Headless 140.0.0.0 (Mac OS 10.15.7): Executed 218 of 985[31m (36 FAILED)[39m (0 secs / 24.929 secs)
[1A[2KChrome Headless 140.0.0.0 (Mac OS 10.15.7): Executed 219 of 985[31m (36 FAILED)[39m (0 secs / 24.929 secs)
[1A[2KChrome Headless 140.0.0.0 (Mac OS 10.15.7): Executed 220 of 985[31m (36 FAILED)[39m (0 secs / 24.929 secs)
[1A[2KChrome Headless 140.0.0.0 (Mac OS 10.15.7): Executed 221 of 985[31m (36 FAILED)[39m (0 secs / 24.929 secs)
[1A[2KChrome Headless 140.0.0.0 (Mac OS 10.15.7): Executed 222 of 985[31m (36 FAILED)[39m (0 secs / 25.041 secs)
[1A[2KChrome Headless 140.0.0.0 (Mac OS 10.15.7): Executed 223 of 985[31m (36 FAILED)[39m (0 secs / 25.254 secs)
[1A[2K[31mChrome Headless 140.0.0.0 (Mac OS 10.15.7) ToastService Auto-removal Functionality should auto-remove multiple toasts at different times FAILED[39m
	Expected 0 to be 1.
	    at <Jasmine>
	    at apply (src/app/services/toast.service.spec.ts:202:44)
	    at apply (node_modules/zone.js/fesm2015/zone.js:1809:37)
	    at _ZoneDelegate.invokeTask (node_modules/zone.js/fesm2015/zone.js:402:33)
	    at ProxyZoneSpec.onInvokeTask (node_modules/zone.js/fesm2015/zone-testing.js:2112:39)
	Uncaught TypeError: Cannot read properties of undefined (reading 'message') thrown
Chrome Headless 140.0.0.0 (Mac OS 10.15.7): Executed 224 of 985[31m (37 FAILED)[39m (0 secs / 25.432 secs)
[1A[2KChrome Headless 140.0.0.0 (Mac OS 10.15.7): Executed 225 of 985[31m (37 FAILED)[39m (0 secs / 25.458 secs)
[1A[2KChrome Headless 140.0.0.0 (Mac OS 10.15.7): Executed 226 of 985[31m (37 FAILED)[39m (0 secs / 25.461 secs)
[1A[2K[31mChrome Headless 140.0.0.0 (Mac OS 10.15.7) LoginComponent Accessibility Tests Error Handling Accessibility should announce authentication errors accessibly FAILED[39m
	Expected 0 to be greater than 0.
	    at <Jasmine>
	    at UserContext.apply (src/app/components/auth/login/login.component.a11y.spec.ts:320:38)
	    at _ZoneDelegate.invoke (node_modules/zone.js/fesm2015/zone.js:369:28)
	    at ProxyZoneSpec.onInvoke (node_modules/zone.js/fesm2015/zone-testing.js:2081:39)
	    at _ZoneDelegate.invoke (node_modules/zone.js/fesm2015/zone.js:368:34)
Chrome Headless 140.0.0.0 (Mac OS 10.15.7): Executed 227 of 985[31m (38 FAILED)[39m (0 secs / 25.464 secs)
[1A[2KWARN: [36m'Spec 'LoginComponent Accessibility Tests Error Handling Accessibility should provide recovery instructions for errors' has no expectations.'[39m
Chrome Headless 140.0.0.0 (Mac OS 10.15.7): Executed 227 of 985[31m (38 FAILED)[39m (0 secs / 25.464 secs)
WARN: 'Spec 'LoginComponent Accessibility Tests Error Handling Accessibility should provide recovery instructions for errors' has no expectations.'
[1A[2KChrome Headless 140.0.0.0 (Mac OS 10.15.7): Executed 228 of 985[31m (38 FAILED)[39m (0 secs / 25.466 secs)
[1A[2KChrome Headless 140.0.0.0 (Mac OS 10.15.7): Executed 229 of 985[31m (38 FAILED)[39m (0 secs / 25.539 secs)
[1A[2KChrome Headless 140.0.0.0 (Mac OS 10.15.7): Executed 230 of 985[31m (38 FAILED)[39m (0 secs / 25.542 secs)
[1A[2K[31mChrome Headless 140.0.0.0 (Mac OS 10.15.7) LoginComponent Accessibility Tests Form Accessibility should have appropriate input types and attributes FAILED[39m
	Expected null to be truthy.
	    at <Jasmine>
	    at UserContext.apply (src/app/components/auth/login/login.component.a11y.spec.ts:69:95)
	    at _ZoneDelegate.invoke (node_modules/zone.js/fesm2015/zone.js:369:28)
	    at ProxyZoneSpec.onInvoke (node_modules/zone.js/fesm2015/zone-testing.js:2081:39)
	    at _ZoneDelegate.invoke (node_modules/zone.js/fesm2015/zone.js:368:34)
	Expected null to be truthy.
	    at <Jasmine>
	    at UserContext.apply (src/app/components/auth/login/login.component.a11y.spec.ts:70:101)
	    at _ZoneDelegate.invoke (node_modules/zone.js/fesm2015/zone.js:369:28)
	    at ProxyZoneSpec.onInvoke (node_modules/zone.js/fesm2015/zone-testing.js:2081:39)
	    at _ZoneDelegate.invoke (node_modules/zone.js/fesm2015/zone.js:368:34)
Chrome Headless 140.0.0.0 (Mac OS 10.15.7): Executed 231 of 985[31m (39 FAILED)[39m (0 secs / 25.545 secs)
[1A[2KChrome Headless 140.0.0.0 (Mac OS 10.15.7): Executed 232 of 985[31m (39 FAILED)[39m (0 secs / 25.556 secs)
[1A[2KChrome Headless 140.0.0.0 (Mac OS 10.15.7): Executed 233 of 985[31m (39 FAILED)[39m (0 secs / 25.557 secs)
[1A[2KChrome Headless 140.0.0.0 (Mac OS 10.15.7): Executed 234 of 985[31m (39 FAILED)[39m (0 secs / 25.558 secs)
[1A[2KChrome Headless 140.0.0.0 (Mac OS 10.15.7): Executed 235 of 985[31m (39 FAILED)[39m (0 secs / 25.569 secs)
[1A[2KChrome Headless 140.0.0.0 (Mac OS 10.15.7): Executed 236 of 985[31m (39 FAILED)[39m (0 secs / 25.579 secs)
[1A[2KChrome Headless 140.0.0.0 (Mac OS 10.15.7): Executed 237 of 985[31m (39 FAILED)[39m (0 secs / 25.58 secs)
[1A[2K[31mChrome Headless 140.0.0.0 (Mac OS 10.15.7) LoginComponent Accessibility Tests Mobile and Touch Accessibility should have adequate touch targets FAILED[39m
	Expected false to be truthy.
	    at <Jasmine>
	    at forEach (src/app/components/auth/login/login.component.a11y.spec.ts:288:65)
	    at NodeList.forEach (<anonymous>)
	    at UserContext.apply (src/app/components/auth/login/login.component.a11y.spec.ts:284:20)
	    at _ZoneDelegate.invoke (node_modules/zone.js/fesm2015/zone.js:369:28)
Chrome Headless 140.0.0.0 (Mac OS 10.15.7): Executed 238 of 985[31m (40 FAILED)[39m (0 secs / 25.583 secs)
[1A[2KChrome Headless 140.0.0.0 (Mac OS 10.15.7): Executed 239 of 985[31m (40 FAILED)[39m (0 secs / 25.593 secs)
[1A[2K[31mChrome Headless 140.0.0.0 (Mac OS 10.15.7) LoginComponent Accessibility Tests Visual and Interaction Accessibility should not rely solely on color for form validation FAILED[39m
	Expected null to be truthy.
	    at <Jasmine>
	    at UserContext.apply (src/app/components/auth/login/login.component.a11y.spec.ts:157:57)
	    at _ZoneDelegate.invoke (node_modules/zone.js/fesm2015/zone.js:369:28)
	    at ProxyZoneSpec.onInvoke (node_modules/zone.js/fesm2015/zone-testing.js:2081:39)
	    at _ZoneDelegate.invoke (node_modules/zone.js/fesm2015/zone.js:368:34)
Chrome Headless 140.0.0.0 (Mac OS 10.15.7): Executed 240 of 985[31m (41 FAILED)[39m (0 secs / 25.595 secs)
[1A[2K[31mChrome Headless 140.0.0.0 (Mac OS 10.15.7) LoginComponent Accessibility Tests Visual and Interaction Accessibility should have accessible password visibility toggle FAILED[39m
	Expected false to be true.
	    at <Jasmine>
	    at UserContext.apply (src/app/components/auth/login/login.component.a11y.spec.ts:128:11)
	    at _ZoneDelegate.invoke (node_modules/zone.js/fesm2015/zone.js:369:28)
	    at ProxyZoneSpec.onInvoke (node_modules/zone.js/fesm2015/zone-testing.js:2081:39)
	    at _ZoneDelegate.invoke (node_modules/zone.js/fesm2015/zone.js:368:34)
Chrome Headless 140.0.0.0 (Mac OS 10.15.7): Executed 241 of 985[31m (42 FAILED)[39m (0 secs / 25.597 secs)
[1A[2KChrome Headless 140.0.0.0 (Mac OS 10.15.7): Executed 242 of 985[31m (42 FAILED)[39m (0 secs / 25.839 secs)
[1A[2KChrome Headless 140.0.0.0 (Mac OS 10.15.7): Executed 243 of 985[31m (42 FAILED)[39m (0 secs / 25.841 secs)
[1A[2KChrome Headless 140.0.0.0 (Mac OS 10.15.7): Executed 244 of 985[31m (42 FAILED)[39m (0 secs / 25.842 secs)
[1A[2KChrome Headless 140.0.0.0 (Mac OS 10.15.7): Executed 245 of 985[31m (42 FAILED)[39m (0 secs / 25.844 secs)
[1A[2K[31mChrome Headless 140.0.0.0 (Mac OS 10.15.7) LoginComponent Accessibility Tests Screen Reader Support should announce loading states FAILED[39m
	Expected 0 to be greater than 0.
	    at <Jasmine>
	    at UserContext.apply (src/app/components/auth/login/login.component.a11y.spec.ts:261:42)
	    at _ZoneDelegate.invoke (node_modules/zone.js/fesm2015/zone.js:369:28)
	    at ProxyZoneSpec.onInvoke (node_modules/zone.js/fesm2015/zone-testing.js:2081:39)
	    at _ZoneDelegate.invoke (node_modules/zone.js/fesm2015/zone.js:368:34)
Chrome Headless 140.0.0.0 (Mac OS 10.15.7): Executed 246 of 985[31m (43 FAILED)[39m (0 secs / 25.845 secs)
[1A[2KChrome Headless 140.0.0.0 (Mac OS 10.15.7): Executed 247 of 985[31m (43 FAILED)[39m (0 secs / 25.846 secs)
[1A[2KChrome Headless 140.0.0.0 (Mac OS 10.15.7): Executed 248 of 985[31m (43 FAILED)[39m (0 secs / 25.847 secs)
[1A[2KChrome Headless 140.0.0.0 (Mac OS 10.15.7): Executed 249 of 985[31m (43 FAILED)[39m (0 secs / 25.849 secs)
[1A[2KChrome Headless 140.0.0.0 (Mac OS 10.15.7): Executed 250 of 985[31m (43 FAILED)[39m (0 secs / 25.851 secs)
[1A[2KChrome Headless 140.0.0.0 (Mac OS 10.15.7): Executed 251 of 985[31m (43 FAILED)[39m (0 secs / 25.853 secs)
[1A[2KChrome Headless 140.0.0.0 (Mac OS 10.15.7): Executed 252 of 985[31m (43 FAILED)[39m (0 secs / 25.856 secs)
[1A[2KChrome Headless 140.0.0.0 (Mac OS 10.15.7): Executed 253 of 985[31m (43 FAILED)[39m (0 secs / 25.858 secs)
[1A[2KChrome Headless 140.0.0.0 (Mac OS 10.15.7): Executed 254 of 985[31m (43 FAILED)[39m (0 secs / 25.86 secs)
[1A[2KChrome Headless 140.0.0.0 (Mac OS 10.15.7): Executed 255 of 985[31m (43 FAILED)[39m (0 secs / 25.862 secs)
[1A[2KChrome Headless 140.0.0.0 (Mac OS 10.15.7): Executed 256 of 985[31m (43 FAILED)[39m (0 secs / 25.866 secs)
[1A[2KChrome Headless 140.0.0.0 (Mac OS 10.15.7): Executed 257 of 985[31m (43 FAILED)[39m (0 secs / 25.868 secs)
[1A[2KChrome Headless 140.0.0.0 (Mac OS 10.15.7): Executed 258 of 985[31m (43 FAILED)[39m (0 secs / 25.872 secs)
[1A[2K[31mChrome Headless 140.0.0.0 (Mac OS 10.15.7) LoginComponent should call performLogin when form is valid FAILED[39m
	Expected spy performLogin to have been called with:
	  [ Object({ email: 'test@example.com', password: 'validPassword123' }) ]
	but it was never called.
	    at <Jasmine>
	    at UserContext.apply (src/app/components/auth/login/login.component.spec.ts:99:45)
	    at _ZoneDelegate.invoke (node_modules/zone.js/fesm2015/zone.js:369:28)
	    at ProxyZoneSpec.onInvoke (node_modules/zone.js/fesm2015/zone-testing.js:2081:39)
	    at _ZoneDelegate.invoke (node_modules/zone.js/fesm2015/zone.js:368:34)
Chrome Headless 140.0.0.0 (Mac OS 10.15.7): Executed 259 of 985[31m (44 FAILED)[39m (0 secs / 25.876 secs)
[1A[2K[31mChrome Headless 140.0.0.0 (Mac OS 10.15.7) LoginComponent should navigate to dashboard on successful login FAILED[39m
	Expected spy Router.navigate to have been called with:
	  [ [ '/dashboard' ] ]
	but it was never called.
	    at <Jasmine>
	    at UserContext.apply (src/app/components/auth/login/login.component.spec.ts:116:33)
	    at _ZoneDelegate.invoke (node_modules/zone.js/fesm2015/zone.js:369:28)
	    at ProxyZoneSpec.onInvoke (node_modules/zone.js/fesm2015/zone-testing.js:2081:39)
	    at _ZoneDelegate.invoke (node_modules/zone.js/fesm2015/zone.js:368:34)
Chrome Headless 140.0.0.0 (Mac OS 10.15.7): Executed 260 of 985[31m (45 FAILED)[39m (0 secs / 25.88 secs)
[1A[2KChrome Headless 140.0.0.0 (Mac OS 10.15.7): Executed 261 of 985[31m (45 FAILED)[39m (0 secs / 25.882 secs)
[1A[2KChrome Headless 140.0.0.0 (Mac OS 10.15.7): Executed 262 of 985[31m (45 FAILED)[39m (0 secs / 25.884 secs)
[1A[2KChrome Headless 140.0.0.0 (Mac OS 10.15.7): Executed 263 of 985[31m (45 FAILED)[39m (0 secs / 25.888 secs)
[1A[2KChrome Headless 140.0.0.0 (Mac OS 10.15.7): Executed 264 of 985[31m (45 FAILED)[39m (0 secs / 25.89 secs)
[1A[2K[31mChrome Headless 140.0.0.0 (Mac OS 10.15.7) WhatsappService Core Messaging should send template message successfully FAILED[39m
	Error: Expected one matching request for criteria "Match URL: https://graph.facebook.com/v18.0/test-phone-number-id/messages", found none. Requests received are: POST https://graph.facebook.com/v18.0//messages.
	    at HttpClientTestingBackend.expectOne (node_modules/@angular/common/fesm2022/http/testing.mjs:270:19)
	    at UserContext.apply (src/app/services/whatsapp.service.spec.ts:109:28)
	    at _ZoneDelegate.invoke (node_modules/zone.js/fesm2015/zone.js:369:28)
	    at ProxyZoneSpec.onInvoke (node_modules/zone.js/fesm2015/zone-testing.js:2081:39)
	    at _ZoneDelegate.invoke (node_modules/zone.js/fesm2015/zone.js:368:34)
	    at ZoneImpl.run (node_modules/zone.js/fesm2015/zone.js:111:43)
	    at runInTestZone (node_modules/zone.js/fesm2015/zone-testing.js:213:38)
	    at UserContext.<anonymous> (node_modules/zone.js/fesm2015/zone-testing.js:231:32)
	    at <Jasmine>
	Error: Expected no open requests, found 1: POST https://graph.facebook.com/v18.0//messages
	    at HttpClientTestingBackend.verify (node_modules/@angular/common/fesm2022/http/testing.mjs:298:19)
	    at UserContext.apply (src/app/services/whatsapp.service.spec.ts:59:14)
	    at _ZoneDelegate.invoke (node_modules/zone.js/fesm2015/zone.js:369:28)
	    at ProxyZoneSpec.onInvoke (node_modules/zone.js/fesm2015/zone-testing.js:2081:39)
	    at _ZoneDelegate.invoke (node_modules/zone.js/fesm2015/zone.js:368:34)
	    at ZoneImpl.run (node_modules/zone.js/fesm2015/zone.js:111:43)
	    at runInTestZone (node_modules/zone.js/fesm2015/zone-testing.js:216:38)
	    at UserContext.<anonymous> (node_modules/zone.js/fesm2015/zone-testing.js:234:32)
	    at <Jasmine>
Chrome Headless 140.0.0.0 (Mac OS 10.15.7): Executed 265 of 985[31m (46 FAILED)[39m (0 secs / 25.892 secs)
[1A[2K[31mChrome Headless 140.0.0.0 (Mac OS 10.15.7) WhatsappService Core Messaging should send text message successfully FAILED[39m
	Error: Expected one matching request for criteria "Match URL: https://graph.facebook.com/v18.0/test-phone-number-id/messages", found none. Requests received are: POST https://graph.facebook.com/v18.0//messages.
	    at HttpClientTestingBackend.expectOne (node_modules/@angular/common/fesm2022/http/testing.mjs:270:19)
	    at UserContext.apply (src/app/services/whatsapp.service.spec.ts:80:28)
	    at _ZoneDelegate.invoke (node_modules/zone.js/fesm2015/zone.js:369:28)
	    at ProxyZoneSpec.onInvoke (node_modules/zone.js/fesm2015/zone-testing.js:2081:39)
	    at _ZoneDelegate.invoke (node_modules/zone.js/fesm2015/zone.js:368:34)
	    at ZoneImpl.run (node_modules/zone.js/fesm2015/zone.js:111:43)
	    at runInTestZone (node_modules/zone.js/fesm2015/zone-testing.js:213:38)
	    at UserContext.<anonymous> (node_modules/zone.js/fesm2015/zone-testing.js:231:32)
	    at <Jasmine>
	Error: Expected no open requests, found 1: POST https://graph.facebook.com/v18.0//messages
	    at HttpClientTestingBackend.verify (node_modules/@angular/common/fesm2022/http/testing.mjs:298:19)
	    at UserContext.apply (src/app/services/whatsapp.service.spec.ts:59:14)
	    at _ZoneDelegate.invoke (node_modules/zone.js/fesm2015/zone.js:369:28)
	    at ProxyZoneSpec.onInvoke (node_modules/zone.js/fesm2015/zone-testing.js:2081:39)
	    at _ZoneDelegate.invoke (node_modules/zone.js/fesm2015/zone.js:368:34)
	    at ZoneImpl.run (node_modules/zone.js/fesm2015/zone.js:111:43)
	    at runInTestZone (node_modules/zone.js/fesm2015/zone-testing.js:216:38)
	    at UserContext.<anonymous> (node_modules/zone.js/fesm2015/zone-testing.js:234:32)
	    at <Jasmine>
Chrome Headless 140.0.0.0 (Mac OS 10.15.7): Executed 266 of 985[31m (47 FAILED)[39m (0 secs / 25.893 secs)
[1A[2K[31mChrome Headless 140.0.0.0 (Mac OS 10.15.7) WhatsappService Core Messaging should handle message sending errors FAILED[39m
	Error: Expected one matching request for criteria "Match URL: https://graph.facebook.com/v18.0/test-phone-number-id/messages", found none. Requests received are: POST https://graph.facebook.com/v18.0//messages.
	    at HttpClientTestingBackend.expectOne (node_modules/@angular/common/fesm2022/http/testing.mjs:270:19)
	    at UserContext.apply (src/app/services/whatsapp.service.spec.ts:129:28)
	    at _ZoneDelegate.invoke (node_modules/zone.js/fesm2015/zone.js:369:28)
	    at ProxyZoneSpec.onInvoke (node_modules/zone.js/fesm2015/zone-testing.js:2081:39)
	    at _ZoneDelegate.invoke (node_modules/zone.js/fesm2015/zone.js:368:34)
	    at ZoneImpl.run (node_modules/zone.js/fesm2015/zone.js:111:43)
	    at runInTestZone (node_modules/zone.js/fesm2015/zone-testing.js:213:38)
	    at UserContext.<anonymous> (node_modules/zone.js/fesm2015/zone-testing.js:231:32)
	    at <Jasmine>
	Error: Expected no open requests, found 1: POST https://graph.facebook.com/v18.0//messages
	    at HttpClientTestingBackend.verify (node_modules/@angular/common/fesm2022/http/testing.mjs:298:19)
	    at UserContext.apply (src/app/services/whatsapp.service.spec.ts:59:14)
	    at _ZoneDelegate.invoke (node_modules/zone.js/fesm2015/zone.js:369:28)
	    at ProxyZoneSpec.onInvoke (node_modules/zone.js/fesm2015/zone-testing.js:2081:39)
	    at _ZoneDelegate.invoke (node_modules/zone.js/fesm2015/zone.js:368:34)
	    at ZoneImpl.run (node_modules/zone.js/fesm2015/zone.js:111:43)
	    at runInTestZone (node_modules/zone.js/fesm2015/zone-testing.js:216:38)
	    at UserContext.<anonymous> (node_modules/zone.js/fesm2015/zone-testing.js:234:32)
	    at <Jasmine>
Chrome Headless 140.0.0.0 (Mac OS 10.15.7): Executed 267 of 985[31m (48 FAILED)[39m (0 secs / 25.893 secs)
[1A[2KChrome Headless 140.0.0.0 (Mac OS 10.15.7): Executed 268 of 985[31m (48 FAILED)[39m (0 secs / 25.894 secs)
[1A[2KChrome Headless 140.0.0.0 (Mac OS 10.15.7): Executed 269 of 985[31m (48 FAILED)[39m (0 secs / 25.895 secs)
[1A[2KChrome Headless 140.0.0.0 (Mac OS 10.15.7): Executed 270 of 985[31m (48 FAILED)[39m (0 secs / 25.895 secs)
[1A[2K[31mChrome Headless 140.0.0.0 (Mac OS 10.15.7) WhatsappService Edge Cases and Boundary Conditions should handle special characters in phone numbers FAILED[39m
	Error: Expected one matching request for criteria "Match URL: https://graph.facebook.com/v18.0/test-phone-number-id/messages", found none. Requests received are: POST https://graph.facebook.com/v18.0//messages.
	    at HttpClientTestingBackend.expectOne (node_modules/@angular/common/fesm2022/http/testing.mjs:270:19)
	    at UserContext.apply (src/app/services/whatsapp.service.spec.ts:709:28)
	    at _ZoneDelegate.invoke (node_modules/zone.js/fesm2015/zone.js:369:28)
	    at ProxyZoneSpec.onInvoke (node_modules/zone.js/fesm2015/zone-testing.js:2081:39)
	    at _ZoneDelegate.invoke (node_modules/zone.js/fesm2015/zone.js:368:34)
	    at ZoneImpl.run (node_modules/zone.js/fesm2015/zone.js:111:43)
	    at runInTestZone (node_modules/zone.js/fesm2015/zone-testing.js:216:38)
	    at UserContext.<anonymous> (node_modules/zone.js/fesm2015/zone-testing.js:234:32)
	    at <Jasmine>
	Error: Expected no open requests, found 1: POST https://graph.facebook.com/v18.0//messages
	    at HttpClientTestingBackend.verify (node_modules/@angular/common/fesm2022/http/testing.mjs:298:19)
	    at UserContext.apply (src/app/services/whatsapp.service.spec.ts:59:14)
	    at _ZoneDelegate.invoke (node_modules/zone.js/fesm2015/zone.js:369:28)
	    at ProxyZoneSpec.onInvoke (node_modules/zone.js/fesm2015/zone-testing.js:2081:39)
	    at _ZoneDelegate.invoke (node_modules/zone.js/fesm2015/zone.js:368:34)
	    at ZoneImpl.run (node_modules/zone.js/fesm2015/zone.js:111:43)
	    at runInTestZone (node_modules/zone.js/fesm2015/zone-testing.js:216:38)
	    at UserContext.<anonymous> (node_modules/zone.js/fesm2015/zone-testing.js:234:32)
	    at <Jasmine>
Chrome Headless 140.0.0.0 (Mac OS 10.15.7): Executed 271 of 985[31m (49 FAILED)[39m (0 secs / 25.896 secs)
[1A[2K[31mChrome Headless 140.0.0.0 (Mac OS 10.15.7) WhatsappService Edge Cases and Boundary Conditions should handle very long message text FAILED[39m
	Error: Expected one matching request for criteria "Match URL: https://graph.facebook.com/v18.0/test-phone-number-id/messages", found none. Requests received are: POST https://graph.facebook.com/v18.0//messages.
	    at HttpClientTestingBackend.expectOne (node_modules/@angular/common/fesm2022/http/testing.mjs:270:19)
	    at UserContext.apply (src/app/services/whatsapp.service.spec.ts:698:28)
	    at _ZoneDelegate.invoke (node_modules/zone.js/fesm2015/zone.js:369:28)
	    at ProxyZoneSpec.onInvoke (node_modules/zone.js/fesm2015/zone-testing.js:2081:39)
	    at _ZoneDelegate.invoke (node_modules/zone.js/fesm2015/zone.js:368:34)
	    at ZoneImpl.run (node_modules/zone.js/fesm2015/zone.js:111:43)
	    at runInTestZone (node_modules/zone.js/fesm2015/zone-testing.js:216:38)
	    at UserContext.<anonymous> (node_modules/zone.js/fesm2015/zone-testing.js:234:32)
	    at <Jasmine>
	Error: Expected no open requests, found 1: POST https://graph.facebook.com/v18.0//messages
	    at HttpClientTestingBackend.verify (node_modules/@angular/common/fesm2022/http/testing.mjs:298:19)
	    at UserContext.apply (src/app/services/whatsapp.service.spec.ts:59:14)
	    at _ZoneDelegate.invoke (node_modules/zone.js/fesm2015/zone.js:369:28)
	    at ProxyZoneSpec.onInvoke (node_modules/zone.js/fesm2015/zone-testing.js:2081:39)
	    at _ZoneDelegate.invoke (node_modules/zone.js/fesm2015/zone.js:368:34)
	    at ZoneImpl.run (node_modules/zone.js/fesm2015/zone.js:111:43)
	    at runInTestZone (node_modules/zone.js/fesm2015/zone-testing.js:216:38)
	    at UserContext.<anonymous> (node_modules/zone.js/fesm2015/zone-testing.js:234:32)
	    at <Jasmine>
Chrome Headless 140.0.0.0 (Mac OS 10.15.7): Executed 272 of 985[31m (50 FAILED)[39m (0 secs / 25.896 secs)
[1A[2K[31mChrome Headless 140.0.0.0 (Mac OS 10.15.7) WhatsappService Error Handling should retry failed requests FAILED[39m
	Error: Expected one matching request for criteria "Match URL: https://graph.facebook.com/v18.0/test-phone-number-id/messages", found none. Requests received are: POST https://graph.facebook.com/v18.0//messages.
	    at HttpClientTestingBackend.expectOne (node_modules/@angular/common/fesm2022/http/testing.mjs:270:19)
	    at UserContext.apply (src/app/services/whatsapp.service.spec.ts:655:29)
	    at _ZoneDelegate.invoke (node_modules/zone.js/fesm2015/zone.js:369:28)
	    at ProxyZoneSpec.onInvoke (node_modules/zone.js/fesm2015/zone-testing.js:2081:39)
	    at _ZoneDelegate.invoke (node_modules/zone.js/fesm2015/zone.js:368:34)
	    at ZoneImpl.run (node_modules/zone.js/fesm2015/zone.js:111:43)
	    at runInTestZone (node_modules/zone.js/fesm2015/zone-testing.js:216:38)
	    at UserContext.<anonymous> (node_modules/zone.js/fesm2015/zone-testing.js:234:32)
	    at <Jasmine>
	Error: Expected no open requests, found 1: POST https://graph.facebook.com/v18.0//messages
	    at HttpClientTestingBackend.verify (node_modules/@angular/common/fesm2022/http/testing.mjs:298:19)
	    at UserContext.apply (src/app/services/whatsapp.service.spec.ts:59:14)
	    at _ZoneDelegate.invoke (node_modules/zone.js/fesm2015/zone.js:369:28)
	    at ProxyZoneSpec.onInvoke (node_modules/zone.js/fesm2015/zone-testing.js:2081:39)
	    at _ZoneDelegate.invoke (node_modules/zone.js/fesm2015/zone.js:368:34)
	    at ZoneImpl.run (node_modules/zone.js/fesm2015/zone.js:111:43)
	    at runInTestZone (node_modules/zone.js/fesm2015/zone-testing.js:216:38)
	    at UserContext.<anonymous> (node_modules/zone.js/fesm2015/zone-testing.js:234:32)
	    at <Jasmine>
Chrome Headless 140.0.0.0 (Mac OS 10.15.7): Executed 273 of 985[31m (51 FAILED)[39m (0 secs / 25.897 secs)
[1A[2K[31mChrome Headless 140.0.0.0 (Mac OS 10.15.7) WhatsappService Error Handling should handle network errors FAILED[39m
	Error: Expected one matching request for criteria "Match URL: https://graph.facebook.com/v18.0/test-phone-number-id/messages", found none. Requests received are: POST https://graph.facebook.com/v18.0//messages.
	    at HttpClientTestingBackend.expectOne (node_modules/@angular/common/fesm2022/http/testing.mjs:270:19)
	    at UserContext.apply (src/app/services/whatsapp.service.spec.ts:621:28)
	    at _ZoneDelegate.invoke (node_modules/zone.js/fesm2015/zone.js:369:28)
	    at ProxyZoneSpec.onInvoke (node_modules/zone.js/fesm2015/zone-testing.js:2081:39)
	    at _ZoneDelegate.invoke (node_modules/zone.js/fesm2015/zone.js:368:34)
	    at ZoneImpl.run (node_modules/zone.js/fesm2015/zone.js:111:43)
	    at runInTestZone (node_modules/zone.js/fesm2015/zone-testing.js:213:38)
	    at UserContext.<anonymous> (node_modules/zone.js/fesm2015/zone-testing.js:231:32)
	    at <Jasmine>
	Error: Expected no open requests, found 1: POST https://graph.facebook.com/v18.0//messages
	    at HttpClientTestingBackend.verify (node_modules/@angular/common/fesm2022/http/testing.mjs:298:19)
	    at UserContext.apply (src/app/services/whatsapp.service.spec.ts:59:14)
	    at _ZoneDelegate.invoke (node_modules/zone.js/fesm2015/zone.js:369:28)
	    at ProxyZoneSpec.onInvoke (node_modules/zone.js/fesm2015/zone-testing.js:2081:39)
	    at _ZoneDelegate.invoke (node_modules/zone.js/fesm2015/zone.js:368:34)
	    at ZoneImpl.run (node_modules/zone.js/fesm2015/zone.js:111:43)
	    at runInTestZone (node_modules/zone.js/fesm2015/zone-testing.js:216:38)
	    at UserContext.<anonymous> (node_modules/zone.js/fesm2015/zone-testing.js:234:32)
	    at <Jasmine>
Chrome Headless 140.0.0.0 (Mac OS 10.15.7): Executed 274 of 985[31m (52 FAILED)[39m (0 secs / 25.897 secs)
[1A[2K[31mChrome Headless 140.0.0.0 (Mac OS 10.15.7) WhatsappService Error Handling should handle API errors with detailed messages FAILED[39m
	Error: Expected one matching request for criteria "Match URL: https://graph.facebook.com/v18.0/test-phone-number-id/messages", found none. Requests received are: POST https://graph.facebook.com/v18.0//messages.
	    at HttpClientTestingBackend.expectOne (node_modules/@angular/common/fesm2022/http/testing.mjs:270:19)
	    at UserContext.apply (src/app/services/whatsapp.service.spec.ts:637:28)
	    at _ZoneDelegate.invoke (node_modules/zone.js/fesm2015/zone.js:369:28)
	    at ProxyZoneSpec.onInvoke (node_modules/zone.js/fesm2015/zone-testing.js:2081:39)
	    at _ZoneDelegate.invoke (node_modules/zone.js/fesm2015/zone.js:368:34)
	    at ZoneImpl.run (node_modules/zone.js/fesm2015/zone.js:111:43)
	    at runInTestZone (node_modules/zone.js/fesm2015/zone-testing.js:213:38)
	    at UserContext.<anonymous> (node_modules/zone.js/fesm2015/zone-testing.js:231:32)
	    at <Jasmine>
	Error: Expected no open requests, found 1: POST https://graph.facebook.com/v18.0//messages
	    at HttpClientTestingBackend.verify (node_modules/@angular/common/fesm2022/http/testing.mjs:298:19)
	    at UserContext.apply (src/app/services/whatsapp.service.spec.ts:59:14)
	    at _ZoneDelegate.invoke (node_modules/zone.js/fesm2015/zone.js:369:28)
	    at ProxyZoneSpec.onInvoke (node_modules/zone.js/fesm2015/zone-testing.js:2081:39)
	    at _ZoneDelegate.invoke (node_modules/zone.js/fesm2015/zone.js:368:34)
	    at ZoneImpl.run (node_modules/zone.js/fesm2015/zone.js:111:43)
	    at runInTestZone (node_modules/zone.js/fesm2015/zone-testing.js:216:38)
	    at UserContext.<anonymous> (node_modules/zone.js/fesm2015/zone-testing.js:234:32)
	    at <Jasmine>
Chrome Headless 140.0.0.0 (Mac OS 10.15.7): Executed 275 of 985[31m (53 FAILED)[39m (0 secs / 25.898 secs)
[1A[2K[31mChrome Headless 140.0.0.0 (Mac OS 10.15.7) WhatsappService Business Logic Templates should send GNV overage notification FAILED[39m
	Error: Expected one matching request for criteria "Match URL: https://graph.facebook.com/v18.0/test-phone-number-id/messages", found none. Requests received are: POST https://graph.facebook.com/v18.0//messages.
	    at HttpClientTestingBackend.expectOne (node_modules/@angular/common/fesm2022/http/testing.mjs:270:19)
	    at UserContext.apply (src/app/services/whatsapp.service.spec.ts:186:28)
	    at _ZoneDelegate.invoke (node_modules/zone.js/fesm2015/zone.js:369:28)
	    at ProxyZoneSpec.onInvoke (node_modules/zone.js/fesm2015/zone-testing.js:2081:39)
	    at _ZoneDelegate.invoke (node_modules/zone.js/fesm2015/zone.js:368:34)
	    at ZoneImpl.run (node_modules/zone.js/fesm2015/zone.js:111:43)
	    at runInTestZone (node_modules/zone.js/fesm2015/zone-testing.js:213:38)
	    at UserContext.<anonymous> (node_modules/zone.js/fesm2015/zone-testing.js:231:32)
	    at <Jasmine>
	Error: Expected no open requests, found 1: POST https://graph.facebook.com/v18.0//messages
	    at HttpClientTestingBackend.verify (node_modules/@angular/common/fesm2022/http/testing.mjs:298:19)
	    at UserContext.apply (src/app/services/whatsapp.service.spec.ts:59:14)
	    at _ZoneDelegate.invoke (node_modules/zone.js/fesm2015/zone.js:369:28)
	    at ProxyZoneSpec.onInvoke (node_modules/zone.js/fesm2015/zone-testing.js:2081:39)
	    at _ZoneDelegate.invoke (node_modules/zone.js/fesm2015/zone.js:368:34)
	    at ZoneImpl.run (node_modules/zone.js/fesm2015/zone.js:111:43)
	    at runInTestZone (node_modules/zone.js/fesm2015/zone-testing.js:216:38)
	    at UserContext.<anonymous> (node_modules/zone.js/fesm2015/zone-testing.js:234:32)
	    at <Jasmine>
Chrome Headless 140.0.0.0 (Mac OS 10.15.7): Executed 276 of 985[31m (54 FAILED)[39m (0 secs / 25.899 secs)
[1A[2K[31mChrome Headless 140.0.0.0 (Mac OS 10.15.7) WhatsappService Business Logic Templates should send payment notification FAILED[39m
	Error: Expected one matching request for criteria "Match URL: https://graph.facebook.com/v18.0/test-phone-number-id/messages", found none. Requests received are: POST https://graph.facebook.com/v18.0//messages.
	    at HttpClientTestingBackend.expectOne (node_modules/@angular/common/fesm2022/http/testing.mjs:270:19)
	    at UserContext.apply (src/app/services/whatsapp.service.spec.ts:157:28)
	    at _ZoneDelegate.invoke (node_modules/zone.js/fesm2015/zone.js:369:28)
	    at ProxyZoneSpec.onInvoke (node_modules/zone.js/fesm2015/zone-testing.js:2081:39)
	    at _ZoneDelegate.invoke (node_modules/zone.js/fesm2015/zone.js:368:34)
	    at ZoneImpl.run (node_modules/zone.js/fesm2015/zone.js:111:43)
	    at runInTestZone (node_modules/zone.js/fesm2015/zone-testing.js:213:38)
	    at UserContext.<anonymous> (node_modules/zone.js/fesm2015/zone-testing.js:231:32)
	    at <Jasmine>
	Error: Expected no open requests, found 1: POST https://graph.facebook.com/v18.0//messages
	    at HttpClientTestingBackend.verify (node_modules/@angular/common/fesm2022/http/testing.mjs:298:19)
	    at UserContext.apply (src/app/services/whatsapp.service.spec.ts:59:14)
	    at _ZoneDelegate.invoke (node_modules/zone.js/fesm2015/zone.js:369:28)
	    at ProxyZoneSpec.onInvoke (node_modules/zone.js/fesm2015/zone-testing.js:2081:39)
	    at _ZoneDelegate.invoke (node_modules/zone.js/fesm2015/zone.js:368:34)
	    at ZoneImpl.run (node_modules/zone.js/fesm2015/zone.js:111:43)
	    at runInTestZone (node_modules/zone.js/fesm2015/zone-testing.js:216:38)
	    at UserContext.<anonymous> (node_modules/zone.js/fesm2015/zone-testing.js:234:32)
	    at <Jasmine>
Chrome Headless 140.0.0.0 (Mac OS 10.15.7): Executed 277 of 985[31m (55 FAILED)[39m (0 secs / 25.899 secs)
[1A[2K[31mChrome Headless 140.0.0.0 (Mac OS 10.15.7) WhatsappService Business Logic Templates should send contract approved notification FAILED[39m
	Error: Expected one matching request for criteria "Match URL: https://graph.facebook.com/v18.0/test-phone-number-id/messages", found none. Requests received are: POST https://graph.facebook.com/v18.0//messages.
	    at HttpClientTestingBackend.expectOne (node_modules/@angular/common/fesm2022/http/testing.mjs:270:19)
	    at UserContext.apply (src/app/services/whatsapp.service.spec.ts:233:28)
	    at _ZoneDelegate.invoke (node_modules/zone.js/fesm2015/zone.js:369:28)
	    at ProxyZoneSpec.onInvoke (node_modules/zone.js/fesm2015/zone-testing.js:2081:39)
	    at _ZoneDelegate.invoke (node_modules/zone.js/fesm2015/zone.js:368:34)
	    at ZoneImpl.run (node_modules/zone.js/fesm2015/zone.js:111:43)
	    at runInTestZone (node_modules/zone.js/fesm2015/zone-testing.js:213:38)
	    at UserContext.<anonymous> (node_modules/zone.js/fesm2015/zone-testing.js:231:32)
	    at <Jasmine>
	Error: Expected no open requests, found 1: POST https://graph.facebook.com/v18.0//messages
	    at HttpClientTestingBackend.verify (node_modules/@angular/common/fesm2022/http/testing.mjs:298:19)
	    at UserContext.apply (src/app/services/whatsapp.service.spec.ts:59:14)
	    at _ZoneDelegate.invoke (node_modules/zone.js/fesm2015/zone.js:369:28)
	    at ProxyZoneSpec.onInvoke (node_modules/zone.js/fesm2015/zone-testing.js:2081:39)
	    at _ZoneDelegate.invoke (node_modules/zone.js/fesm2015/zone.js:368:34)
	    at ZoneImpl.run (node_modules/zone.js/fesm2015/zone.js:111:43)
	    at runInTestZone (node_modules/zone.js/fesm2015/zone-testing.js:216:38)
	    at UserContext.<anonymous> (node_modules/zone.js/fesm2015/zone-testing.js:234:32)
	    at <Jasmine>
Chrome Headless 140.0.0.0 (Mac OS 10.15.7): Executed 278 of 985[31m (56 FAILED)[39m (0 secs / 25.9 secs)
[1A[2K[31mChrome Headless 140.0.0.0 (Mac OS 10.15.7) WhatsappService Business Logic Templates should send document pending notification FAILED[39m
	Error: Expected one matching request for criteria "Match URL: https://graph.facebook.com/v18.0/test-phone-number-id/messages", found none. Requests received are: POST https://graph.facebook.com/v18.0//messages.
	    at HttpClientTestingBackend.expectOne (node_modules/@angular/common/fesm2022/http/testing.mjs:270:19)
	    at UserContext.apply (src/app/services/whatsapp.service.spec.ts:210:28)
	    at _ZoneDelegate.invoke (node_modules/zone.js/fesm2015/zone.js:369:28)
	    at ProxyZoneSpec.onInvoke (node_modules/zone.js/fesm2015/zone-testing.js:2081:39)
	    at _ZoneDelegate.invoke (node_modules/zone.js/fesm2015/zone.js:368:34)
	    at ZoneImpl.run (node_modules/zone.js/fesm2015/zone.js:111:43)
	    at runInTestZone (node_modules/zone.js/fesm2015/zone-testing.js:213:38)
	    at UserContext.<anonymous> (node_modules/zone.js/fesm2015/zone-testing.js:231:32)
	    at <Jasmine>
	Error: Expected no open requests, found 1: POST https://graph.facebook.com/v18.0//messages
	    at HttpClientTestingBackend.verify (node_modules/@angular/common/fesm2022/http/testing.mjs:298:19)
	    at UserContext.apply (src/app/services/whatsapp.service.spec.ts:59:14)
	    at _ZoneDelegate.invoke (node_modules/zone.js/fesm2015/zone.js:369:28)
	    at ProxyZoneSpec.onInvoke (node_modules/zone.js/fesm2015/zone-testing.js:2081:39)
	    at _ZoneDelegate.invoke (node_modules/zone.js/fesm2015/zone.js:368:34)
	    at ZoneImpl.run (node_modules/zone.js/fesm2015/zone.js:111:43)
	    at runInTestZone (node_modules/zone.js/fesm2015/zone-testing.js:216:38)
	    at UserContext.<anonymous> (node_modules/zone.js/fesm2015/zone-testing.js:234:32)
	    at <Jasmine>
Chrome Headless 140.0.0.0 (Mac OS 10.15.7): Executed 279 of 985[31m (57 FAILED)[39m (0 secs / 25.9 secs)
[1A[2K[31mChrome Headless 140.0.0.0 (Mac OS 10.15.7) WhatsappService Business Logic Templates should send welcome message FAILED[39m
	Error: Expected one matching request for criteria "Match URL: https://graph.facebook.com/v18.0/test-phone-number-id/messages", found none. Requests received are: POST https://graph.facebook.com/v18.0//messages.
	    at HttpClientTestingBackend.expectOne (node_modules/@angular/common/fesm2022/http/testing.mjs:270:19)
	    at UserContext.apply (src/app/services/whatsapp.service.spec.ts:256:28)
	    at _ZoneDelegate.invoke (node_modules/zone.js/fesm2015/zone.js:369:28)
	    at ProxyZoneSpec.onInvoke (node_modules/zone.js/fesm2015/zone-testing.js:2081:39)
	    at _ZoneDelegate.invoke (node_modules/zone.js/fesm2015/zone.js:368:34)
	    at ZoneImpl.run (node_modules/zone.js/fesm2015/zone.js:111:43)
	    at runInTestZone (node_modules/zone.js/fesm2015/zone-testing.js:213:38)
	    at UserContext.<anonymous> (node_modules/zone.js/fesm2015/zone-testing.js:231:32)
	    at <Jasmine>
	Error: Expected no open requests, found 1: POST https://graph.facebook.com/v18.0//messages
	    at HttpClientTestingBackend.verify (node_modules/@angular/common/fesm2022/http/testing.mjs:298:19)
	    at UserContext.apply (src/app/services/whatsapp.service.spec.ts:59:14)
	    at _ZoneDelegate.invoke (node_modules/zone.js/fesm2015/zone.js:369:28)
	    at ProxyZoneSpec.onInvoke (node_modules/zone.js/fesm2015/zone-testing.js:2081:39)
	    at _ZoneDelegate.invoke (node_modules/zone.js/fesm2015/zone.js:368:34)
	    at ZoneImpl.run (node_modules/zone.js/fesm2015/zone.js:111:43)
	    at runInTestZone (node_modules/zone.js/fesm2015/zone-testing.js:216:38)
	    at UserContext.<anonymous> (node_modules/zone.js/fesm2015/zone-testing.js:234:32)
	    at <Jasmine>
Chrome Headless 140.0.0.0 (Mac OS 10.15.7): Executed 280 of 985[31m (58 FAILED)[39m (0 secs / 25.9 secs)
[1A[2KChrome Headless 140.0.0.0 (Mac OS 10.15.7): Executed 281 of 985[31m (58 FAILED)[39m (0 secs / 25.901 secs)
[1A[2KChrome Headless 140.0.0.0 (Mac OS 10.15.7): Executed 282 of 985[31m (58 FAILED)[39m (0 secs / 25.901 secs)
[1A[2K[31mChrome Headless 140.0.0.0 (Mac OS 10.15.7) WhatsappService Template Management should get template status FAILED[39m
	Error: Expected one matching request for criteria "Match URL: https://graph.facebook.com/v18.0/test-phone-number-id/message_templates?name=payment_notification", found none. Requests received are: GET https://graph.facebook.com/v18.0//message_templates?name=payment_notification.
	    at HttpClientTestingBackend.expectOne (node_modules/@angular/common/fesm2022/http/testing.mjs:270:19)
	    at UserContext.apply (src/app/services/whatsapp.service.spec.ts:543:28)
	    at _ZoneDelegate.invoke (node_modules/zone.js/fesm2015/zone.js:369:28)
	    at ProxyZoneSpec.onInvoke (node_modules/zone.js/fesm2015/zone-testing.js:2081:39)
	    at _ZoneDelegate.invoke (node_modules/zone.js/fesm2015/zone.js:368:34)
	    at ZoneImpl.run (node_modules/zone.js/fesm2015/zone.js:111:43)
	    at runInTestZone (node_modules/zone.js/fesm2015/zone-testing.js:213:38)
	    at UserContext.<anonymous> (node_modules/zone.js/fesm2015/zone-testing.js:231:32)
	    at <Jasmine>
	Error: Expected no open requests, found 1: GET https://graph.facebook.com/v18.0//message_templates?name=payment_notification
	    at HttpClientTestingBackend.verify (node_modules/@angular/common/fesm2022/http/testing.mjs:298:19)
	    at UserContext.apply (src/app/services/whatsapp.service.spec.ts:59:14)
	    at _ZoneDelegate.invoke (node_modules/zone.js/fesm2015/zone.js:369:28)
	    at ProxyZoneSpec.onInvoke (node_modules/zone.js/fesm2015/zone-testing.js:2081:39)
	    at _ZoneDelegate.invoke (node_modules/zone.js/fesm2015/zone.js:368:34)
	    at ZoneImpl.run (node_modules/zone.js/fesm2015/zone.js:111:43)
	    at runInTestZone (node_modules/zone.js/fesm2015/zone-testing.js:216:38)
	    at UserContext.<anonymous> (node_modules/zone.js/fesm2015/zone-testing.js:234:32)
	    at <Jasmine>
Chrome Headless 140.0.0.0 (Mac OS 10.15.7): Executed 283 of 985[31m (59 FAILED)[39m (0 secs / 25.902 secs)
[1A[2K[31mChrome Headless 140.0.0.0 (Mac OS 10.15.7) WhatsappService Template Management should handle template status errors FAILED[39m
	Error: Expected one matching request for criteria "Match URL: https://graph.facebook.com/v18.0/test-phone-number-id/message_templates?name=non_existent_template", found none. Requests received are: GET https://graph.facebook.com/v18.0//message_templates?name=non_existent_template.
	    at HttpClientTestingBackend.expectOne (node_modules/@angular/common/fesm2022/http/testing.mjs:270:19)
	    at UserContext.apply (src/app/services/whatsapp.service.spec.ts:560:28)
	    at _ZoneDelegate.invoke (node_modules/zone.js/fesm2015/zone.js:369:28)
	    at ProxyZoneSpec.onInvoke (node_modules/zone.js/fesm2015/zone-testing.js:2081:39)
	    at _ZoneDelegate.invoke (node_modules/zone.js/fesm2015/zone.js:368:34)
	    at ZoneImpl.run (node_modules/zone.js/fesm2015/zone.js:111:43)
	    at runInTestZone (node_modules/zone.js/fesm2015/zone-testing.js:213:38)
	    at UserContext.<anonymous> (node_modules/zone.js/fesm2015/zone-testing.js:231:32)
	    at <Jasmine>
	Error: Expected no open requests, found 1: GET https://graph.facebook.com/v18.0//message_templates?name=non_existent_template
	    at HttpClientTestingBackend.verify (node_modules/@angular/common/fesm2022/http/testing.mjs:298:19)
	    at UserContext.apply (src/app/services/whatsapp.service.spec.ts:59:14)
	    at _ZoneDelegate.invoke (node_modules/zone.js/fesm2015/zone.js:369:28)
	    at ProxyZoneSpec.onInvoke (node_modules/zone.js/fesm2015/zone-testing.js:2081:39)
	    at _ZoneDelegate.invoke (node_modules/zone.js/fesm2015/zone.js:368:34)
	    at ZoneImpl.run (node_modules/zone.js/fesm2015/zone.js:111:43)
	    at runInTestZone (node_modules/zone.js/fesm2015/zone-testing.js:216:38)
	    at UserContext.<anonymous> (node_modules/zone.js/fesm2015/zone-testing.js:234:32)
	    at <Jasmine>
Chrome Headless 140.0.0.0 (Mac OS 10.15.7): Executed 284 of 985[31m (60 FAILED)[39m (0 secs / 25.903 secs)
[1A[2K[31mChrome Headless 140.0.0.0 (Mac OS 10.15.7) WhatsappService Webhook Handling should verify webhook with correct token FAILED[39m
	Expected null to be 'test-challenge-string'.
	    at <Jasmine>
	    at UserContext.apply (src/app/services/whatsapp.service.spec.ts:315:22)
	    at _ZoneDelegate.invoke (node_modules/zone.js/fesm2015/zone.js:369:28)
	    at ProxyZoneSpec.onInvoke (node_modules/zone.js/fesm2015/zone-testing.js:2081:39)
	    at _ZoneDelegate.invoke (node_modules/zone.js/fesm2015/zone.js:368:34)
Chrome Headless 140.0.0.0 (Mac OS 10.15.7): Executed 285 of 985[31m (61 FAILED)[39m (0 secs / 25.903 secs)
[1A[2KChrome Headless 140.0.0.0 (Mac OS 10.15.7): Executed 286 of 985[31m (61 FAILED)[39m (0 secs / 25.903 secs)
[1A[2KChrome Headless 140.0.0.0 (Mac OS 10.15.7): Executed 287 of 985[31m (61 FAILED)[39m (0 secs / 25.904 secs)
[1A[2KChrome Headless 140.0.0.0 (Mac OS 10.15.7): Executed 288 of 985[31m (61 FAILED)[39m (0 secs / 25.904 secs)
[1A[2KLOG: [36m'Message status update:', Object{id: 'wamid.error123', status: 'failed', timestamp: '1640995200', recipient_id: '525587654321'}[39m
Chrome Headless 140.0.0.0 (Mac OS 10.15.7): Executed 288 of 985[31m (61 FAILED)[39m (0 secs / 25.904 secs)
LOG: 'Message status update:', Object{id: 'wamid.error123', status: 'failed', timestamp: '1640995200', recipient_id: '525587654321'}
[1A[2KChrome Headless 140.0.0.0 (Mac OS 10.15.7): Executed 289 of 985[31m (61 FAILED)[39m (0 secs / 25.905 secs)
[1A[2KChrome Headless 140.0.0.0 (Mac OS 10.15.7): Executed 290 of 985[31m (61 FAILED)[39m (0 secs / 25.905 secs)
[1A[2K[31mChrome Headless 140.0.0.0 (Mac OS 10.15.7) WhatsappService Phone Number Formatting should format Mexican phone numbers correctly FAILED[39m
	Error: Expected one matching request for criteria "Match URL: https://graph.facebook.com/v18.0/test-phone-number-id/messages", found none. Requests received are: POST https://graph.facebook.com/v18.0//messages.
	    at HttpClientTestingBackend.expectOne (node_modules/@angular/common/fesm2022/http/testing.mjs:270:19)
	    at forEach (src/app/services/whatsapp.service.spec.ts:280:30)
	    at Array.forEach (<anonymous>)
	    at UserContext.apply (src/app/services/whatsapp.service.spec.ts:277:17)
	    at _ZoneDelegate.invoke (node_modules/zone.js/fesm2015/zone.js:369:28)
	    at ProxyZoneSpec.onInvoke (node_modules/zone.js/fesm2015/zone-testing.js:2081:39)
	    at _ZoneDelegate.invoke (node_modules/zone.js/fesm2015/zone.js:368:34)
	    at ZoneImpl.run (node_modules/zone.js/fesm2015/zone.js:111:43)
	    at runInTestZone (node_modules/zone.js/fesm2015/zone-testing.js:216:38)
	    at UserContext.<anonymous> (node_modules/zone.js/fesm2015/zone-testing.js:234:32)
	Error: Expected no open requests, found 1: POST https://graph.facebook.com/v18.0//messages
	    at HttpClientTestingBackend.verify (node_modules/@angular/common/fesm2022/http/testing.mjs:298:19)
	    at UserContext.apply (src/app/services/whatsapp.service.spec.ts:59:14)
	    at _ZoneDelegate.invoke (node_modules/zone.js/fesm2015/zone.js:369:28)
	    at ProxyZoneSpec.onInvoke (node_modules/zone.js/fesm2015/zone-testing.js:2081:39)
	    at _ZoneDelegate.invoke (node_modules/zone.js/fesm2015/zone.js:368:34)
	    at ZoneImpl.run (node_modules/zone.js/fesm2015/zone.js:111:43)
	    at runInTestZone (node_modules/zone.js/fesm2015/zone-testing.js:216:38)
	    at UserContext.<anonymous> (node_modules/zone.js/fesm2015/zone-testing.js:234:32)
	    at <Jasmine>
Chrome Headless 140.0.0.0 (Mac OS 10.15.7): Executed 291 of 985[31m (62 FAILED)[39m (0 secs / 25.906 secs)
[1A[2K[31mChrome Headless 140.0.0.0 (Mac OS 10.15.7) WhatsappService Phone Number Formatting should handle already properly formatted numbers FAILED[39m
	Error: Expected one matching request for criteria "Match URL: https://graph.facebook.com/v18.0/test-phone-number-id/messages", found none. Requests received are: POST https://graph.facebook.com/v18.0//messages.
	    at HttpClientTestingBackend.expectOne (node_modules/@angular/common/fesm2022/http/testing.mjs:270:19)
	    at UserContext.apply (src/app/services/whatsapp.service.spec.ts:303:28)
	    at _ZoneDelegate.invoke (node_modules/zone.js/fesm2015/zone.js:369:28)
	    at ProxyZoneSpec.onInvoke (node_modules/zone.js/fesm2015/zone-testing.js:2081:39)
	    at _ZoneDelegate.invoke (node_modules/zone.js/fesm2015/zone.js:368:34)
	    at ZoneImpl.run (node_modules/zone.js/fesm2015/zone.js:111:43)
	    at runInTestZone (node_modules/zone.js/fesm2015/zone-testing.js:216:38)
	    at UserContext.<anonymous> (node_modules/zone.js/fesm2015/zone-testing.js:234:32)
	    at <Jasmine>
	Error: Expected no open requests, found 1: POST https://graph.facebook.com/v18.0//messages
	    at HttpClientTestingBackend.verify (node_modules/@angular/common/fesm2022/http/testing.mjs:298:19)
	    at UserContext.apply (src/app/services/whatsapp.service.spec.ts:59:14)
	    at _ZoneDelegate.invoke (node_modules/zone.js/fesm2015/zone.js:369:28)
	    at ProxyZoneSpec.onInvoke (node_modules/zone.js/fesm2015/zone-testing.js:2081:39)
	    at _ZoneDelegate.invoke (node_modules/zone.js/fesm2015/zone.js:368:34)
	    at ZoneImpl.run (node_modules/zone.js/fesm2015/zone.js:111:43)
	    at runInTestZone (node_modules/zone.js/fesm2015/zone-testing.js:216:38)
	    at UserContext.<anonymous> (node_modules/zone.js/fesm2015/zone-testing.js:234:32)
	    at <Jasmine>
Chrome Headless 140.0.0.0 (Mac OS 10.15.7): Executed 292 of 985[31m (63 FAILED)[39m (0 secs / 25.907 secs)
[1A[2K[31mChrome Headless 140.0.0.0 (Mac OS 10.15.7) WhatsappService Phone Number Formatting should handle US phone numbers FAILED[39m
	Error: Expected one matching request for criteria "Match URL: https://graph.facebook.com/v18.0/test-phone-number-id/messages", found none. Requests received are: POST https://graph.facebook.com/v18.0//messages.
	    at HttpClientTestingBackend.expectOne (node_modules/@angular/common/fesm2022/http/testing.mjs:270:19)
	    at UserContext.apply (src/app/services/whatsapp.service.spec.ts:292:28)
	    at _ZoneDelegate.invoke (node_modules/zone.js/fesm2015/zone.js:369:28)
	    at ProxyZoneSpec.onInvoke (node_modules/zone.js/fesm2015/zone-testing.js:2081:39)
	    at _ZoneDelegate.invoke (node_modules/zone.js/fesm2015/zone.js:368:34)
	    at ZoneImpl.run (node_modules/zone.js/fesm2015/zone.js:111:43)
	    at runInTestZone (node_modules/zone.js/fesm2015/zone-testing.js:216:38)
	    at UserContext.<anonymous> (node_modules/zone.js/fesm2015/zone-testing.js:234:32)
	    at <Jasmine>
	Error: Expected no open requests, found 1: POST https://graph.facebook.com/v18.0//messages
	    at HttpClientTestingBackend.verify (node_modules/@angular/common/fesm2022/http/testing.mjs:298:19)
	    at UserContext.apply (src/app/services/whatsapp.service.spec.ts:59:14)
	    at _ZoneDelegate.invoke (node_modules/zone.js/fesm2015/zone.js:369:28)
	    at ProxyZoneSpec.onInvoke (node_modules/zone.js/fesm2015/zone-testing.js:2081:39)
	    at _ZoneDelegate.invoke (node_modules/zone.js/fesm2015/zone.js:368:34)
	    at ZoneImpl.run (node_modules/zone.js/fesm2015/zone.js:111:43)
	    at runInTestZone (node_modules/zone.js/fesm2015/zone-testing.js:216:38)
	    at UserContext.<anonymous> (node_modules/zone.js/fesm2015/zone-testing.js:234:32)
	    at <Jasmine>
Chrome Headless 140.0.0.0 (Mac OS 10.15.7): Executed 293 of 985[31m (64 FAILED)[39m (0 secs / 25.907 secs)
[1A[2K[31mChrome Headless 140.0.0.0 (Mac OS 10.15.7) WhatsappService Bulk Operations should handle partial failures in bulk operations FAILED[39m
	Error: Expected one matching request for criteria "Match URL: https://graph.facebook.com/v18.0/test-phone-number-id/messages", found none. Requests received are: POST https://graph.facebook.com/v18.0//messages, POST https://graph.facebook.com/v18.0//messages.
	    at HttpClientTestingBackend.expectOne (node_modules/@angular/common/fesm2022/http/testing.mjs:270:19)
	    at UserContext.apply (src/app/services/whatsapp.service.spec.ts:518:29)
	    at _ZoneDelegate.invoke (node_modules/zone.js/fesm2015/zone.js:369:28)
	    at ProxyZoneSpec.onInvoke (node_modules/zone.js/fesm2015/zone-testing.js:2081:39)
	    at _ZoneDelegate.invoke (node_modules/zone.js/fesm2015/zone.js:368:34)
	    at ZoneImpl.run (node_modules/zone.js/fesm2015/zone.js:111:43)
	    at runInTestZone (node_modules/zone.js/fesm2015/zone-testing.js:213:38)
	    at UserContext.<anonymous> (node_modules/zone.js/fesm2015/zone-testing.js:231:32)
	    at <Jasmine>
	Error: Expected no open requests, found 2: POST https://graph.facebook.com/v18.0//messages, POST https://graph.facebook.com/v18.0//messages
	    at HttpClientTestingBackend.verify (node_modules/@angular/common/fesm2022/http/testing.mjs:298:19)
	    at UserContext.apply (src/app/services/whatsapp.service.spec.ts:59:14)
	    at _ZoneDelegate.invoke (node_modules/zone.js/fesm2015/zone.js:369:28)
	    at ProxyZoneSpec.onInvoke (node_modules/zone.js/fesm2015/zone-testing.js:2081:39)
	    at _ZoneDelegate.invoke (node_modules/zone.js/fesm2015/zone.js:368:34)
	    at ZoneImpl.run (node_modules/zone.js/fesm2015/zone.js:111:43)
	    at runInTestZone (node_modules/zone.js/fesm2015/zone-testing.js:216:38)
	    at UserContext.<anonymous> (node_modules/zone.js/fesm2015/zone-testing.js:234:32)
	    at <Jasmine>
Chrome Headless 140.0.0.0 (Mac OS 10.15.7): Executed 294 of 985[31m (65 FAILED)[39m (0 secs / 25.908 secs)
[1A[2K[31mChrome Headless 140.0.0.0 (Mac OS 10.15.7) WhatsappService Bulk Operations should send bulk payment notifications FAILED[39m
	Error: Expected one matching request for criteria "Match URL: https://graph.facebook.com/v18.0/test-phone-number-id/messages", found none. Requests received are: POST https://graph.facebook.com/v18.0//messages, POST https://graph.facebook.com/v18.0//messages.
	    at HttpClientTestingBackend.expectOne (node_modules/@angular/common/fesm2022/http/testing.mjs:270:19)
	    at UserContext.apply (src/app/services/whatsapp.service.spec.ts:479:29)
	    at _ZoneDelegate.invoke (node_modules/zone.js/fesm2015/zone.js:369:28)
	    at ProxyZoneSpec.onInvoke (node_modules/zone.js/fesm2015/zone-testing.js:2081:39)
	    at _ZoneDelegate.invoke (node_modules/zone.js/fesm2015/zone.js:368:34)
	    at ZoneImpl.run (node_modules/zone.js/fesm2015/zone.js:111:43)
	    at runInTestZone (node_modules/zone.js/fesm2015/zone-testing.js:213:38)
	    at UserContext.<anonymous> (node_modules/zone.js/fesm2015/zone-testing.js:231:32)
	    at <Jasmine>
	Error: Expected no open requests, found 2: POST https://graph.facebook.com/v18.0//messages, POST https://graph.facebook.com/v18.0//messages
	    at HttpClientTestingBackend.verify (node_modules/@angular/common/fesm2022/http/testing.mjs:298:19)
	    at UserContext.apply (src/app/services/whatsapp.service.spec.ts:59:14)
	    at _ZoneDelegate.invoke (node_modules/zone.js/fesm2015/zone.js:369:28)
	    at ProxyZoneSpec.onInvoke (node_modules/zone.js/fesm2015/zone-testing.js:2081:39)
	    at _ZoneDelegate.invoke (node_modules/zone.js/fesm2015/zone.js:368:34)
	    at ZoneImpl.run (node_modules/zone.js/fesm2015/zone.js:111:43)
	    at runInTestZone (node_modules/zone.js/fesm2015/zone-testing.js:216:38)
	    at UserContext.<anonymous> (node_modules/zone.js/fesm2015/zone-testing.js:234:32)
	    at <Jasmine>
Chrome Headless 140.0.0.0 (Mac OS 10.15.7): Executed 295 of 985[31m (66 FAILED)[39m (0 secs / 25.91 secs)
[1A[2K[31mChrome Headless 140.0.0.0 (Mac OS 10.15.7) ClienteFormComponent Integration Tests should handle back button click FAILED[39m
	TypeError: Cannot read properties of undefined (reading 'params')
	    at ClienteFormComponent.checkEditMode (src/app/components/pages/clientes/cliente-form.component.ts:384:41)
	    at ClienteFormComponent.call [as ngOnInit] (src/app/components/pages/clientes/cliente-form.component.ts:368:10)
	    at callHookInternal (node_modules/@angular/core/fesm2022/core.mjs:5136:14)
	    at callHook (node_modules/@angular/core/fesm2022/core.mjs:5163:13)
	    at callHooks (node_modules/@angular/core/fesm2022/core.mjs:5118:17)
	    at executeInitAndCheckHooks (node_modules/@angular/core/fesm2022/core.mjs:5068:9)
	    at refreshView (node_modules/@angular/core/fesm2022/core.mjs:12806:21)
	    at detectChangesInView$1 (node_modules/@angular/core/fesm2022/core.mjs:13015:9)
	    at detectChangesInViewWhileDirty (node_modules/@angular/core/fesm2022/core.mjs:12732:5)
	    at detectChangesInternal (node_modules/@angular/core/fesm2022/core.mjs:12714:9)
Chrome Headless 140.0.0.0 (Mac OS 10.15.7): Executed 296 of 985[31m (67 FAILED)[39m (0 secs / 25.915 secs)
[1A[2K[31mChrome Headless 140.0.0.0 (Mac OS 10.15.7) ClienteFormComponent Integration Tests should render form with all required fields FAILED[39m
	TypeError: Cannot read properties of undefined (reading 'params')
	    at ClienteFormComponent.checkEditMode (src/app/components/pages/clientes/cliente-form.component.ts:384:41)
	    at ClienteFormComponent.call [as ngOnInit] (src/app/components/pages/clientes/cliente-form.component.ts:368:10)
	    at callHookInternal (node_modules/@angular/core/fesm2022/core.mjs:5136:14)
	    at callHook (node_modules/@angular/core/fesm2022/core.mjs:5163:13)
	    at callHooks (node_modules/@angular/core/fesm2022/core.mjs:5118:17)
	    at executeInitAndCheckHooks (node_modules/@angular/core/fesm2022/core.mjs:5068:9)
	    at refreshView (node_modules/@angular/core/fesm2022/core.mjs:12806:21)
	    at detectChangesInView$1 (node_modules/@angular/core/fesm2022/core.mjs:13015:9)
	    at detectChangesInViewWhileDirty (node_modules/@angular/core/fesm2022/core.mjs:12732:5)
	    at detectChangesInternal (node_modules/@angular/core/fesm2022/core.mjs:12714:9)
Chrome Headless 140.0.0.0 (Mac OS 10.15.7): Executed 297 of 985[31m (68 FAILED)[39m (0 secs / 25.917 secs)
[1A[2K[31mChrome Headless 140.0.0.0 (Mac OS 10.15.7) ClienteFormComponent Integration Tests should submit form with valid data FAILED[39m
	TypeError: Cannot read properties of undefined (reading 'params')
	    at ClienteFormComponent.checkEditMode (src/app/components/pages/clientes/cliente-form.component.ts:384:41)
	    at ClienteFormComponent.call [as ngOnInit] (src/app/components/pages/clientes/cliente-form.component.ts:368:10)
	    at callHookInternal (node_modules/@angular/core/fesm2022/core.mjs:5136:14)
	    at callHook (node_modules/@angular/core/fesm2022/core.mjs:5163:13)
	    at callHooks (node_modules/@angular/core/fesm2022/core.mjs:5118:17)
	    at executeInitAndCheckHooks (node_modules/@angular/core/fesm2022/core.mjs:5068:9)
	    at refreshView (node_modules/@angular/core/fesm2022/core.mjs:12806:21)
	    at detectChangesInView$1 (node_modules/@angular/core/fesm2022/core.mjs:13015:9)
	    at detectChangesInViewWhileDirty (node_modules/@angular/core/fesm2022/core.mjs:12732:5)
	    at detectChangesInternal (node_modules/@angular/core/fesm2022/core.mjs:12714:9)
Chrome Headless 140.0.0.0 (Mac OS 10.15.7): Executed 298 of 985[31m (69 FAILED)[39m (0 secs / 25.919 secs)
[1A[2K[31mChrome Headless 140.0.0.0 (Mac OS 10.15.7) ClienteFormComponent Integration Tests should show validation errors when submitting empty form FAILED[39m
	TypeError: Cannot read properties of undefined (reading 'params')
	    at ClienteFormComponent.checkEditMode (src/app/components/pages/clientes/cliente-form.component.ts:384:41)
	    at ClienteFormComponent.call [as ngOnInit] (src/app/components/pages/clientes/cliente-form.component.ts:368:10)
	    at callHookInternal (node_modules/@angular/core/fesm2022/core.mjs:5136:14)
	    at callHook (node_modules/@angular/core/fesm2022/core.mjs:5163:13)
	    at callHooks (node_modules/@angular/core/fesm2022/core.mjs:5118:17)
	    at executeInitAndCheckHooks (node_modules/@angular/core/fesm2022/core.mjs:5068:9)
	    at refreshView (node_modules/@angular/core/fesm2022/core.mjs:12806:21)
	    at detectChangesInView$1 (node_modules/@angular/core/fesm2022/core.mjs:13015:9)
	    at detectChangesInViewWhileDirty (node_modules/@angular/core/fesm2022/core.mjs:12732:5)
	    at detectChangesInternal (node_modules/@angular/core/fesm2022/core.mjs:12714:9)
Chrome Headless 140.0.0.0 (Mac OS 10.15.7): Executed 299 of 985[31m (70 FAILED)[39m (0 secs / 25.921 secs)
[1A[2K[31mChrome Headless 140.0.0.0 (Mac OS 10.15.7) ClienteFormComponent Integration Tests should handle form input correctly FAILED[39m
	TypeError: Cannot read properties of undefined (reading 'params')
	    at ClienteFormComponent.checkEditMode (src/app/components/pages/clientes/cliente-form.component.ts:384:41)
	    at ClienteFormComponent.call [as ngOnInit] (src/app/components/pages/clientes/cliente-form.component.ts:368:10)
	    at callHookInternal (node_modules/@angular/core/fesm2022/core.mjs:5136:14)
	    at callHook (node_modules/@angular/core/fesm2022/core.mjs:5163:13)
	    at callHooks (node_modules/@angular/core/fesm2022/core.mjs:5118:17)
	    at executeInitAndCheckHooks (node_modules/@angular/core/fesm2022/core.mjs:5068:9)
	    at refreshView (node_modules/@angular/core/fesm2022/core.mjs:12806:21)
	    at detectChangesInView$1 (node_modules/@angular/core/fesm2022/core.mjs:13015:9)
	    at detectChangesInViewWhileDirty (node_modules/@angular/core/fesm2022/core.mjs:12732:5)
	    at detectChangesInternal (node_modules/@angular/core/fesm2022/core.mjs:12714:9)
Chrome Headless 140.0.0.0 (Mac OS 10.15.7): Executed 300 of 985[31m (71 FAILED)[39m (0 secs / 25.922 secs)
[1A[2K[31mChrome Headless 140.0.0.0 (Mac OS 10.15.7) MockApiService Error Simulation should simulate server error FAILED[39m
	TypeError: Cannot read properties of undefined (reading 'subscribe')
	    at MockApiService.initializeData (src/app/services/mock-api.service.ts:41:40)
	    at new MockApiService (src/app/services/mock-api.service.ts:33:10)
	    at Object.factory (ng:///MockApiService/ɵfac.js:4:10)
	    at callback (node_modules/@angular/core/fesm2022/core.mjs:3219:47)
	    at runInInjectorProfilerContext (node_modules/@angular/core/fesm2022/core.mjs:866:9)
	    at R3Injector.hydrate (node_modules/@angular/core/fesm2022/core.mjs:3218:21)
	    at R3Injector.get (node_modules/@angular/core/fesm2022/core.mjs:3082:33)
	    at TestBedImpl.inject (node_modules/@angular/core/fesm2022/testing.mjs:1914:52)
	    at TestBedImpl.inject (node_modules/@angular/core/fesm2022/testing.mjs:1768:37)
	    at UserContext.<anonymous> (src/app/services/mock-api.service.spec.ts:89:23)
Chrome Headless 140.0.0.0 (Mac OS 10.15.7): Executed 301 of 985[31m (72 FAILED)[39m (0 secs / 25.924 secs)
[1A[2K[31mChrome Headless 140.0.0.0 (Mac OS 10.15.7) MockApiService Error Simulation should simulate validation error FAILED[39m
	TypeError: Cannot read properties of undefined (reading 'subscribe')
	    at MockApiService.initializeData (src/app/services/mock-api.service.ts:41:40)
	    at new MockApiService (src/app/services/mock-api.service.ts:33:10)
	    at Object.factory (ng:///MockApiService/ɵfac.js:4:10)
	    at callback (node_modules/@angular/core/fesm2022/core.mjs:3219:47)
	    at runInInjectorProfilerContext (node_modules/@angular/core/fesm2022/core.mjs:866:9)
	    at R3Injector.hydrate (node_modules/@angular/core/fesm2022/core.mjs:3218:21)
	    at R3Injector.get (node_modules/@angular/core/fesm2022/core.mjs:3082:33)
	    at TestBedImpl.inject (node_modules/@angular/core/fesm2022/testing.mjs:1914:52)
	    at TestBedImpl.inject (node_modules/@angular/core/fesm2022/testing.mjs:1768:37)
	    at UserContext.<anonymous> (src/app/services/mock-api.service.spec.ts:89:23)
Chrome Headless 140.0.0.0 (Mac OS 10.15.7): Executed 302 of 985[31m (73 FAILED)[39m (0 secs / 25.925 secs)
[1A[2K[31mChrome Headless 140.0.0.0 (Mac OS 10.15.7) MockApiService Error Simulation should simulate network error FAILED[39m
	TypeError: Cannot read properties of undefined (reading 'subscribe')
	    at MockApiService.initializeData (src/app/services/mock-api.service.ts:41:40)
	    at new MockApiService (src/app/services/mock-api.service.ts:33:10)
	    at Object.factory (ng:///MockApiService/ɵfac.js:4:10)
	    at callback (node_modules/@angular/core/fesm2022/core.mjs:3219:47)
	    at runInInjectorProfilerContext (node_modules/@angular/core/fesm2022/core.mjs:866:9)
	    at R3Injector.hydrate (node_modules/@angular/core/fesm2022/core.mjs:3218:21)
	    at R3Injector.get (node_modules/@angular/core/fesm2022/core.mjs:3082:33)
	    at TestBedImpl.inject (node_modules/@angular/core/fesm2022/testing.mjs:1914:52)
	    at TestBedImpl.inject (node_modules/@angular/core/fesm2022/testing.mjs:1768:37)
	    at UserContext.<anonymous> (src/app/services/mock-api.service.spec.ts:89:23)
Chrome Headless 140.0.0.0 (Mac OS 10.15.7): Executed 303 of 985[31m (74 FAILED)[39m (0 secs / 25.925 secs)
[1A[2K[31mChrome Headless 140.0.0.0 (Mac OS 10.15.7) MockApiService Error Simulation should simulate timeout error FAILED[39m
	TypeError: Cannot read properties of undefined (reading 'subscribe')
	    at MockApiService.initializeData (src/app/services/mock-api.service.ts:41:40)
	    at new MockApiService (src/app/services/mock-api.service.ts:33:10)
	    at Object.factory (ng:///MockApiService/ɵfac.js:4:10)
	    at callback (node_modules/@angular/core/fesm2022/core.mjs:3219:47)
	    at runInInjectorProfilerContext (node_modules/@angular/core/fesm2022/core.mjs:866:9)
	    at R3Injector.hydrate (node_modules/@angular/core/fesm2022/core.mjs:3218:21)
	    at R3Injector.get (node_modules/@angular/core/fesm2022/core.mjs:3082:33)
	    at TestBedImpl.inject (node_modules/@angular/core/fesm2022/testing.mjs:1914:52)
	    at TestBedImpl.inject (node_modules/@angular/core/fesm2022/testing.mjs:1768:37)
	    at UserContext.<anonymous> (src/app/services/mock-api.service.spec.ts:89:23)
Chrome Headless 140.0.0.0 (Mac OS 10.15.7): Executed 304 of 985[31m (75 FAILED)[39m (0 secs / 25.926 secs)
[1A[2K[31mChrome Headless 140.0.0.0 (Mac OS 10.15.7) MockApiService Error Simulation should simulate unknown error by default FAILED[39m
	TypeError: Cannot read properties of undefined (reading 'subscribe')
	    at MockApiService.initializeData (src/app/services/mock-api.service.ts:41:40)
	    at new MockApiService (src/app/services/mock-api.service.ts:33:10)
	    at Object.factory (ng:///MockApiService/ɵfac.js:4:10)
	    at callback (node_modules/@angular/core/fesm2022/core.mjs:3219:47)
	    at runInInjectorProfilerContext (node_modules/@angular/core/fesm2022/core.mjs:866:9)
	    at R3Injector.hydrate (node_modules/@angular/core/fesm2022/core.mjs:3218:21)
	    at R3Injector.get (node_modules/@angular/core/fesm2022/core.mjs:3082:33)
	    at TestBedImpl.inject (node_modules/@angular/core/fesm2022/testing.mjs:1914:52)
	    at TestBedImpl.inject (node_modules/@angular/core/fesm2022/testing.mjs:1768:37)
	    at UserContext.<anonymous> (src/app/services/mock-api.service.spec.ts:89:23)
Chrome Headless 140.0.0.0 (Mac OS 10.15.7): Executed 305 of 985[31m (76 FAILED)[39m (0 secs / 25.926 secs)
[1A[2K[31mChrome Headless 140.0.0.0 (Mac OS 10.15.7) MockApiService Search and Analytics should perform global search with results structure FAILED[39m
	TypeError: Cannot read properties of undefined (reading 'subscribe')
	    at MockApiService.initializeData (src/app/services/mock-api.service.ts:41:40)
	    at new MockApiService (src/app/services/mock-api.service.ts:33:10)
	    at Object.factory (ng:///MockApiService/ɵfac.js:4:10)
	    at callback (node_modules/@angular/core/fesm2022/core.mjs:3219:47)
	    at runInInjectorProfilerContext (node_modules/@angular/core/fesm2022/core.mjs:866:9)
	    at R3Injector.hydrate (node_modules/@angular/core/fesm2022/core.mjs:3218:21)
	    at R3Injector.get (node_modules/@angular/core/fesm2022/core.mjs:3082:33)
	    at TestBedImpl.inject (node_modules/@angular/core/fesm2022/testing.mjs:1914:52)
	    at TestBedImpl.inject (node_modules/@angular/core/fesm2022/testing.mjs:1768:37)
	    at UserContext.<anonymous> (src/app/services/mock-api.service.spec.ts:89:23)
Chrome Headless 140.0.0.0 (Mac OS 10.15.7): Executed 306 of 985[31m (77 FAILED)[39m (0 secs / 25.927 secs)
[1A[2K[31mChrome Headless 140.0.0.0 (Mac OS 10.15.7) MockApiService Search and Analytics should get dashboard stats with complete data FAILED[39m
	TypeError: Cannot read properties of undefined (reading 'subscribe')
	    at MockApiService.initializeData (src/app/services/mock-api.service.ts:41:40)
	    at new MockApiService (src/app/services/mock-api.service.ts:33:10)
	    at Object.factory (ng:///MockApiService/ɵfac.js:4:10)
	    at callback (node_modules/@angular/core/fesm2022/core.mjs:3219:47)
	    at runInInjectorProfilerContext (node_modules/@angular/core/fesm2022/core.mjs:866:9)
	    at R3Injector.hydrate (node_modules/@angular/core/fesm2022/core.mjs:3218:21)
	    at R3Injector.get (node_modules/@angular/core/fesm2022/core.mjs:3082:33)
	    at TestBedImpl.inject (node_modules/@angular/core/fesm2022/testing.mjs:1914:52)
	    at TestBedImpl.inject (node_modules/@angular/core/fesm2022/testing.mjs:1768:37)
	    at UserContext.<anonymous> (src/app/services/mock-api.service.spec.ts:89:23)
Chrome Headless 140.0.0.0 (Mac OS 10.15.7): Executed 307 of 985[31m (78 FAILED)[39m (0 secs / 25.927 secs)
[1A[2K[31mChrome Headless 140.0.0.0 (Mac OS 10.15.7) MockApiService Business Scenarios API Endpoints should create simulacion scenario with complete data FAILED[39m
	TypeError: Cannot read properties of undefined (reading 'subscribe')
	    at MockApiService.initializeData (src/app/services/mock-api.service.ts:41:40)
	    at new MockApiService (src/app/services/mock-api.service.ts:33:10)
	    at Object.factory (ng:///MockApiService/ɵfac.js:4:10)
	    at callback (node_modules/@angular/core/fesm2022/core.mjs:3219:47)
	    at runInInjectorProfilerContext (node_modules/@angular/core/fesm2022/core.mjs:866:9)
	    at R3Injector.hydrate (node_modules/@angular/core/fesm2022/core.mjs:3218:21)
	    at R3Injector.get (node_modules/@angular/core/fesm2022/core.mjs:3082:33)
	    at TestBedImpl.inject (node_modules/@angular/core/fesm2022/testing.mjs:1914:52)
	    at TestBedImpl.inject (node_modules/@angular/core/fesm2022/testing.mjs:1768:37)
	    at UserContext.<anonymous> (src/app/services/mock-api.service.spec.ts:89:23)
Chrome Headless 140.0.0.0 (Mac OS 10.15.7): Executed 308 of 985[31m (79 FAILED)[39m (0 secs / 25.928 secs)
[1A[2K[31mChrome Headless 140.0.0.0 (Mac OS 10.15.7) MockApiService Business Scenarios API Endpoints should create cotizacion scenario with complete data FAILED[39m
	TypeError: Cannot read properties of undefined (reading 'subscribe')
	    at MockApiService.initializeData (src/app/services/mock-api.service.ts:41:40)
	    at new MockApiService (src/app/services/mock-api.service.ts:33:10)
	    at Object.factory (ng:///MockApiService/ɵfac.js:4:10)
	    at callback (node_modules/@angular/core/fesm2022/core.mjs:3219:47)
	    at runInInjectorProfilerContext (node_modules/@angular/core/fesm2022/core.mjs:866:9)
	    at R3Injector.hydrate (node_modules/@angular/core/fesm2022/core.mjs:3218:21)
	    at R3Injector.get (node_modules/@angular/core/fesm2022/core.mjs:3082:33)
	    at TestBedImpl.inject (node_modules/@angular/core/fesm2022/testing.mjs:1914:52)
	    at TestBedImpl.inject (node_modules/@angular/core/fesm2022/testing.mjs:1768:37)
	    at UserContext.<anonymous> (src/app/services/mock-api.service.spec.ts:89:23)
Chrome Headless 140.0.0.0 (Mac OS 10.15.7): Executed 309 of 985[31m (80 FAILED)[39m (0 secs / 25.928 secs)
[1A[2K[31mChrome Headless 140.0.0.0 (Mac OS 10.15.7) MockApiService Collective Groups API Endpoints should add member to group with normal network delay FAILED[39m
	TypeError: Cannot read properties of undefined (reading 'subscribe')
	    at MockApiService.initializeData (src/app/services/mock-api.service.ts:41:40)
	    at new MockApiService (src/app/services/mock-api.service.ts:33:10)
	    at Object.factory (ng:///MockApiService/ɵfac.js:4:10)
	    at callback (node_modules/@angular/core/fesm2022/core.mjs:3219:47)
	    at runInInjectorProfilerContext (node_modules/@angular/core/fesm2022/core.mjs:866:9)
	    at R3Injector.hydrate (node_modules/@angular/core/fesm2022/core.mjs:3218:21)
	    at R3Injector.get (node_modules/@angular/core/fesm2022/core.mjs:3082:33)
	    at TestBedImpl.inject (node_modules/@angular/core/fesm2022/testing.mjs:1914:52)
	    at TestBedImpl.inject (node_modules/@angular/core/fesm2022/testing.mjs:1768:37)
	    at UserContext.<anonymous> (src/app/services/mock-api.service.spec.ts:89:23)
Chrome Headless 140.0.0.0 (Mac OS 10.15.7): Executed 310 of 985[31m (81 FAILED)[39m (0 secs / 25.929 secs)
[1A[2K[31mChrome Headless 140.0.0.0 (Mac OS 10.15.7) MockApiService Collective Groups API Endpoints should get collective group by ID with network delay FAILED[39m
	TypeError: Cannot read properties of undefined (reading 'subscribe')
	    at MockApiService.initializeData (src/app/services/mock-api.service.ts:41:40)
	    at new MockApiService (src/app/services/mock-api.service.ts:33:10)
	    at Object.factory (ng:///MockApiService/ɵfac.js:4:10)
	    at callback (node_modules/@angular/core/fesm2022/core.mjs:3219:47)
	    at runInInjectorProfilerContext (node_modules/@angular/core/fesm2022/core.mjs:866:9)
	    at R3Injector.hydrate (node_modules/@angular/core/fesm2022/core.mjs:3218:21)
	    at R3Injector.get (node_modules/@angular/core/fesm2022/core.mjs:3082:33)
	    at TestBedImpl.inject (node_modules/@angular/core/fesm2022/testing.mjs:1914:52)
	    at TestBedImpl.inject (node_modules/@angular/core/fesm2022/testing.mjs:1768:37)
	    at UserContext.<anonymous> (src/app/services/mock-api.service.spec.ts:89:23)
Chrome Headless 140.0.0.0 (Mac OS 10.15.7): Executed 311 of 985[31m (82 FAILED)[39m (0 secs / 25.929 secs)
[1A[2K[31mChrome Headless 140.0.0.0 (Mac OS 10.15.7) MockApiService Collective Groups API Endpoints should get collective groups with network delay FAILED[39m
	TypeError: Cannot read properties of undefined (reading 'subscribe')
	    at MockApiService.initializeData (src/app/services/mock-api.service.ts:41:40)
	    at new MockApiService (src/app/services/mock-api.service.ts:33:10)
	    at Object.factory (ng:///MockApiService/ɵfac.js:4:10)
	    at callback (node_modules/@angular/core/fesm2022/core.mjs:3219:47)
	    at runInInjectorProfilerContext (node_modules/@angular/core/fesm2022/core.mjs:866:9)
	    at R3Injector.hydrate (node_modules/@angular/core/fesm2022/core.mjs:3218:21)
	    at R3Injector.get (node_modules/@angular/core/fesm2022/core.mjs:3082:33)
	    at TestBedImpl.inject (node_modules/@angular/core/fesm2022/testing.mjs:1914:52)
	    at TestBedImpl.inject (node_modules/@angular/core/fesm2022/testing.mjs:1768:37)
	    at UserContext.<anonymous> (src/app/services/mock-api.service.spec.ts:89:23)
Chrome Headless 140.0.0.0 (Mac OS 10.15.7): Executed 312 of 985[31m (83 FAILED)[39m (0 secs / 25.93 secs)
[1A[2K[31mChrome Headless 140.0.0.0 (Mac OS 10.15.7) MockApiService Collective Groups API Endpoints should deliver unit to group with slow network delay FAILED[39m
	TypeError: Cannot read properties of undefined (reading 'subscribe')
	    at MockApiService.initializeData (src/app/services/mock-api.service.ts:41:40)
	    at new MockApiService (src/app/services/mock-api.service.ts:33:10)
	    at Object.factory (ng:///MockApiService/ɵfac.js:4:10)
	    at callback (node_modules/@angular/core/fesm2022/core.mjs:3219:47)
	    at runInInjectorProfilerContext (node_modules/@angular/core/fesm2022/core.mjs:866:9)
	    at R3Injector.hydrate (node_modules/@angular/core/fesm2022/core.mjs:3218:21)
	    at R3Injector.get (node_modules/@angular/core/fesm2022/core.mjs:3082:33)
	    at TestBedImpl.inject (node_modules/@angular/core/fesm2022/testing.mjs:1914:52)
	    at TestBedImpl.inject (node_modules/@angular/core/fesm2022/testing.mjs:1768:37)
	    at UserContext.<anonymous> (src/app/services/mock-api.service.spec.ts:89:23)
Chrome Headless 140.0.0.0 (Mac OS 10.15.7): Executed 313 of 985[31m (84 FAILED)[39m (0 secs / 25.93 secs)
[1A[2K[31mChrome Headless 140.0.0.0 (Mac OS 10.15.7) MockApiService Promise-based Delay Method should delay data using Promise FAILED[39m
	TypeError: Cannot read properties of undefined (reading 'subscribe')
	    at MockApiService.initializeData (src/app/services/mock-api.service.ts:41:40)
	    at new MockApiService (src/app/services/mock-api.service.ts:33:10)
	    at Object.factory (ng:///MockApiService/ɵfac.js:4:10)
	    at callback (node_modules/@angular/core/fesm2022/core.mjs:3219:47)
	    at runInInjectorProfilerContext (node_modules/@angular/core/fesm2022/core.mjs:866:9)
	    at R3Injector.hydrate (node_modules/@angular/core/fesm2022/core.mjs:3218:21)
	    at R3Injector.get (node_modules/@angular/core/fesm2022/core.mjs:3082:33)
	    at TestBedImpl.inject (node_modules/@angular/core/fesm2022/testing.mjs:1914:52)
	    at TestBedImpl.inject (node_modules/@angular/core/fesm2022/testing.mjs:1768:37)
	    at UserContext.<anonymous> (src/app/services/mock-api.service.spec.ts:89:23)
Chrome Headless 140.0.0.0 (Mac OS 10.15.7): Executed 314 of 985[31m (85 FAILED)[39m (0 secs / 25.931 secs)
[1A[2K[31mChrome Headless 140.0.0.0 (Mac OS 10.15.7) MockApiService Promise-based Delay Method should use default delay if not specified FAILED[39m
	TypeError: Cannot read properties of undefined (reading 'subscribe')
	    at MockApiService.initializeData (src/app/services/mock-api.service.ts:41:40)
	    at new MockApiService (src/app/services/mock-api.service.ts:33:10)
	    at Object.factory (ng:///MockApiService/ɵfac.js:4:10)
	    at callback (node_modules/@angular/core/fesm2022/core.mjs:3219:47)
	    at runInInjectorProfilerContext (node_modules/@angular/core/fesm2022/core.mjs:866:9)
	    at R3Injector.hydrate (node_modules/@angular/core/fesm2022/core.mjs:3218:21)
	    at R3Injector.get (node_modules/@angular/core/fesm2022/core.mjs:3082:33)
	    at TestBedImpl.inject (node_modules/@angular/core/fesm2022/testing.mjs:1914:52)
	    at TestBedImpl.inject (node_modules/@angular/core/fesm2022/testing.mjs:1768:37)
	    at UserContext.<anonymous> (src/app/services/mock-api.service.spec.ts:89:23)
Chrome Headless 140.0.0.0 (Mac OS 10.15.7): Executed 315 of 985[31m (86 FAILED)[39m (0 secs / 25.931 secs)
[1A[2K[31mChrome Headless 140.0.0.0 (Mac OS 10.15.7) MockApiService Client API Endpoints should create client with slow network delay FAILED[39m
	TypeError: Cannot read properties of undefined (reading 'subscribe')
	    at MockApiService.initializeData (src/app/services/mock-api.service.ts:41:40)
	    at new MockApiService (src/app/services/mock-api.service.ts:33:10)
	    at Object.factory (ng:///MockApiService/ɵfac.js:4:10)
	    at callback (node_modules/@angular/core/fesm2022/core.mjs:3219:47)
	    at runInInjectorProfilerContext (node_modules/@angular/core/fesm2022/core.mjs:866:9)
	    at R3Injector.hydrate (node_modules/@angular/core/fesm2022/core.mjs:3218:21)
	    at R3Injector.get (node_modules/@angular/core/fesm2022/core.mjs:3082:33)
	    at TestBedImpl.inject (node_modules/@angular/core/fesm2022/testing.mjs:1914:52)
	    at TestBedImpl.inject (node_modules/@angular/core/fesm2022/testing.mjs:1768:37)
	    at UserContext.<anonymous> (src/app/services/mock-api.service.spec.ts:89:23)
Chrome Headless 140.0.0.0 (Mac OS 10.15.7): Executed 316 of 985[31m (87 FAILED)[39m (0 secs / 25.931 secs)
[1A[2K[31mChrome Headless 140.0.0.0 (Mac OS 10.15.7) MockApiService Client API Endpoints should update client with normal network delay FAILED[39m
	TypeError: Cannot read properties of undefined (reading 'subscribe')
	    at MockApiService.initializeData (src/app/services/mock-api.service.ts:41:40)
	    at new MockApiService (src/app/services/mock-api.service.ts:33:10)
	    at Object.factory (ng:///MockApiService/ɵfac.js:4:10)
	    at callback (node_modules/@angular/core/fesm2022/core.mjs:3219:47)
	    at runInInjectorProfilerContext (node_modules/@angular/core/fesm2022/core.mjs:866:9)
	    at R3Injector.hydrate (node_modules/@angular/core/fesm2022/core.mjs:3218:21)
	    at R3Injector.get (node_modules/@angular/core/fesm2022/core.mjs:3082:33)
	    at TestBedImpl.inject (node_modules/@angular/core/fesm2022/testing.mjs:1914:52)
	    at TestBedImpl.inject (node_modules/@angular/core/fesm2022/testing.mjs:1768:37)
	    at UserContext.<anonymous> (src/app/services/mock-api.service.spec.ts:89:23)
Chrome Headless 140.0.0.0 (Mac OS 10.15.7): Executed 317 of 985[31m (88 FAILED)[39m (0 secs / 25.931 secs)
[1A[2K[31mChrome Headless 140.0.0.0 (Mac OS 10.15.7) MockApiService Client API Endpoints should add client event with fast network delay FAILED[39m
	TypeError: Cannot read properties of undefined (reading 'subscribe')
	    at MockApiService.initializeData (src/app/services/mock-api.service.ts:41:40)
	    at new MockApiService (src/app/services/mock-api.service.ts:33:10)
	    at Object.factory (ng:///MockApiService/ɵfac.js:4:10)
	    at callback (node_modules/@angular/core/fesm2022/core.mjs:3219:47)
	    at runInInjectorProfilerContext (node_modules/@angular/core/fesm2022/core.mjs:866:9)
	    at R3Injector.hydrate (node_modules/@angular/core/fesm2022/core.mjs:3218:21)
	    at R3Injector.get (node_modules/@angular/core/fesm2022/core.mjs:3082:33)
	    at TestBedImpl.inject (node_modules/@angular/core/fesm2022/testing.mjs:1914:52)
	    at TestBedImpl.inject (node_modules/@angular/core/fesm2022/testing.mjs:1768:37)
	    at UserContext.<anonymous> (src/app/services/mock-api.service.spec.ts:89:23)
Chrome Headless 140.0.0.0 (Mac OS 10.15.7): Executed 318 of 985[31m (89 FAILED)[39m (0 secs / 25.931 secs)
[1A[2K[31mChrome Headless 140.0.0.0 (Mac OS 10.15.7) MockApiService Client API Endpoints should get clients with network delay FAILED[39m
	TypeError: Cannot read properties of undefined (reading 'subscribe')
	    at MockApiService.initializeData (src/app/services/mock-api.service.ts:41:40)
	    at new MockApiService (src/app/services/mock-api.service.ts:33:10)
	    at Object.factory (ng:///MockApiService/ɵfac.js:4:10)
	    at callback (node_modules/@angular/core/fesm2022/core.mjs:3219:47)
	    at runInInjectorProfilerContext (node_modules/@angular/core/fesm2022/core.mjs:866:9)
	    at R3Injector.hydrate (node_modules/@angular/core/fesm2022/core.mjs:3218:21)
	    at R3Injector.get (node_modules/@angular/core/fesm2022/core.mjs:3082:33)
	    at TestBedImpl.inject (node_modules/@angular/core/fesm2022/testing.mjs:1914:52)
	    at TestBedImpl.inject (node_modules/@angular/core/fesm2022/testing.mjs:1768:37)
	    at UserContext.<anonymous> (src/app/services/mock-api.service.spec.ts:89:23)
Chrome Headless 140.0.0.0 (Mac OS 10.15.7): Executed 319 of 985[31m (90 FAILED)[39m (0 secs / 25.932 secs)
[1A[2K[31mChrome Headless 140.0.0.0 (Mac OS 10.15.7) MockApiService Client API Endpoints should update document status with normal network delay FAILED[39m
	TypeError: Cannot read properties of undefined (reading 'subscribe')
	    at MockApiService.initializeData (src/app/services/mock-api.service.ts:41:40)
	    at new MockApiService (src/app/services/mock-api.service.ts:33:10)
	    at Object.factory (ng:///MockApiService/ɵfac.js:4:10)
	    at callback (node_modules/@angular/core/fesm2022/core.mjs:3219:47)
	    at runInInjectorProfilerContext (node_modules/@angular/core/fesm2022/core.mjs:866:9)
	    at R3Injector.hydrate (node_modules/@angular/core/fesm2022/core.mjs:3218:21)
	    at R3Injector.get (node_modules/@angular/core/fesm2022/core.mjs:3082:33)
	    at TestBedImpl.inject (node_modules/@angular/core/fesm2022/testing.mjs:1914:52)
	    at TestBedImpl.inject (node_modules/@angular/core/fesm2022/testing.mjs:1768:37)
	    at UserContext.<anonymous> (src/app/services/mock-api.service.spec.ts:89:23)
Chrome Headless 140.0.0.0 (Mac OS 10.15.7): Executed 320 of 985[31m (91 FAILED)[39m (0 secs / 25.932 secs)
[1A[2K[31mChrome Headless 140.0.0.0 (Mac OS 10.15.7) MockApiService Client API Endpoints should get client by ID with network delay FAILED[39m
	TypeError: Cannot read properties of undefined (reading 'subscribe')
	    at MockApiService.initializeData (src/app/services/mock-api.service.ts:41:40)
	    at new MockApiService (src/app/services/mock-api.service.ts:33:10)
	    at Object.factory (ng:///MockApiService/ɵfac.js:4:10)
	    at callback (node_modules/@angular/core/fesm2022/core.mjs:3219:47)
	    at runInInjectorProfilerContext (node_modules/@angular/core/fesm2022/core.mjs:866:9)
	    at R3Injector.hydrate (node_modules/@angular/core/fesm2022/core.mjs:3218:21)
	    at R3Injector.get (node_modules/@angular/core/fesm2022/core.mjs:3082:33)
	    at TestBedImpl.inject (node_modules/@angular/core/fesm2022/testing.mjs:1914:52)
	    at TestBedImpl.inject (node_modules/@angular/core/fesm2022/testing.mjs:1768:37)
	    at UserContext.<anonymous> (src/app/services/mock-api.service.spec.ts:89:23)
Chrome Headless 140.0.0.0 (Mac OS 10.15.7): Executed 321 of 985[31m (92 FAILED)[39m (0 secs / 25.933 secs)
[1A[2K[31mChrome Headless 140.0.0.0 (Mac OS 10.15.7) MockApiService Client API Endpoints should return null for non-existent client FAILED[39m
	TypeError: Cannot read properties of undefined (reading 'subscribe')
	    at MockApiService.initializeData (src/app/services/mock-api.service.ts:41:40)
	    at new MockApiService (src/app/services/mock-api.service.ts:33:10)
	    at Object.factory (ng:///MockApiService/ɵfac.js:4:10)
	    at callback (node_modules/@angular/core/fesm2022/core.mjs:3219:47)
	    at runInInjectorProfilerContext (node_modules/@angular/core/fesm2022/core.mjs:866:9)
	    at R3Injector.hydrate (node_modules/@angular/core/fesm2022/core.mjs:3218:21)
	    at R3Injector.get (node_modules/@angular/core/fesm2022/core.mjs:3082:33)
	    at TestBedImpl.inject (node_modules/@angular/core/fesm2022/testing.mjs:1914:52)
	    at TestBedImpl.inject (node_modules/@angular/core/fesm2022/testing.mjs:1768:37)
	    at UserContext.<anonymous> (src/app/services/mock-api.service.spec.ts:89:23)
Chrome Headless 140.0.0.0 (Mac OS 10.15.7): Executed 322 of 985[31m (93 FAILED)[39m (0 secs / 25.933 secs)
[1A[2K[31mChrome Headless 140.0.0.0 (Mac OS 10.15.7) MockApiService Network Delay Simulation should handle errors in mockApi FAILED[39m
	TypeError: Cannot read properties of undefined (reading 'subscribe')
	    at MockApiService.initializeData (src/app/services/mock-api.service.ts:41:40)
	    at new MockApiService (src/app/services/mock-api.service.ts:33:10)
	    at Object.factory (ng:///MockApiService/ɵfac.js:4:10)
	    at callback (node_modules/@angular/core/fesm2022/core.mjs:3219:47)
	    at runInInjectorProfilerContext (node_modules/@angular/core/fesm2022/core.mjs:866:9)
	    at R3Injector.hydrate (node_modules/@angular/core/fesm2022/core.mjs:3218:21)
	    at R3Injector.get (node_modules/@angular/core/fesm2022/core.mjs:3082:33)
	    at TestBedImpl.inject (node_modules/@angular/core/fesm2022/testing.mjs:1914:52)
	    at TestBedImpl.inject (node_modules/@angular/core/fesm2022/testing.mjs:1768:37)
	    at UserContext.<anonymous> (src/app/services/mock-api.service.spec.ts:89:23)
Chrome Headless 140.0.0.0 (Mac OS 10.15.7): Executed 323 of 985[31m (94 FAILED)[39m (0 secs / 25.934 secs)
[1A[2K[31mChrome Headless 140.0.0.0 (Mac OS 10.15.7) MockApiService Network Delay Simulation should clone data deeply in mockApi FAILED[39m
	TypeError: Cannot read properties of undefined (reading 'subscribe')
	    at MockApiService.initializeData (src/app/services/mock-api.service.ts:41:40)
	    at new MockApiService (src/app/services/mock-api.service.ts:33:10)
	    at Object.factory (ng:///MockApiService/ɵfac.js:4:10)
	    at callback (node_modules/@angular/core/fesm2022/core.mjs:3219:47)
	    at runInInjectorProfilerContext (node_modules/@angular/core/fesm2022/core.mjs:866:9)
	    at R3Injector.hydrate (node_modules/@angular/core/fesm2022/core.mjs:3218:21)
	    at R3Injector.get (node_modules/@angular/core/fesm2022/core.mjs:3082:33)
	    at TestBedImpl.inject (node_modules/@angular/core/fesm2022/testing.mjs:1914:52)
	    at TestBedImpl.inject (node_modules/@angular/core/fesm2022/testing.mjs:1768:37)
	    at UserContext.<anonymous> (src/app/services/mock-api.service.spec.ts:89:23)
Chrome Headless 140.0.0.0 (Mac OS 10.15.7): Executed 324 of 985[31m (95 FAILED)[39m (0 secs / 25.934 secs)
[1A[2K[31mChrome Headless 140.0.0.0 (Mac OS 10.15.7) MockApiService Network Delay Simulation should use random network delays FAILED[39m
	TypeError: Cannot read properties of undefined (reading 'subscribe')
	    at MockApiService.initializeData (src/app/services/mock-api.service.ts:41:40)
	    at new MockApiService (src/app/services/mock-api.service.ts:33:10)
	    at Object.factory (ng:///MockApiService/ɵfac.js:4:10)
	    at callback (node_modules/@angular/core/fesm2022/core.mjs:3219:47)
	    at runInInjectorProfilerContext (node_modules/@angular/core/fesm2022/core.mjs:866:9)
	    at R3Injector.hydrate (node_modules/@angular/core/fesm2022/core.mjs:3218:21)
	    at R3Injector.get (node_modules/@angular/core/fesm2022/core.mjs:3082:33)
	    at TestBedImpl.inject (node_modules/@angular/core/fesm2022/testing.mjs:1914:52)
	    at TestBedImpl.inject (node_modules/@angular/core/fesm2022/testing.mjs:1768:37)
	    at UserContext.<anonymous> (src/app/services/mock-api.service.spec.ts:89:23)
Chrome Headless 140.0.0.0 (Mac OS 10.15.7): Executed 325 of 985[31m (96 FAILED)[39m (0 secs / 25.935 secs)
[1A[2K[31mChrome Headless 140.0.0.0 (Mac OS 10.15.7) MockApiService Service Initialization should initialize data on construction FAILED[39m
	TypeError: Cannot read properties of undefined (reading 'subscribe')
	    at MockApiService.initializeData (src/app/services/mock-api.service.ts:41:40)
	    at new MockApiService (src/app/services/mock-api.service.ts:33:10)
	    at Object.factory (ng:///MockApiService/ɵfac.js:4:10)
	    at callback (node_modules/@angular/core/fesm2022/core.mjs:3219:47)
	    at runInInjectorProfilerContext (node_modules/@angular/core/fesm2022/core.mjs:866:9)
	    at R3Injector.hydrate (node_modules/@angular/core/fesm2022/core.mjs:3218:21)
	    at R3Injector.get (node_modules/@angular/core/fesm2022/core.mjs:3082:33)
	    at TestBedImpl.inject (node_modules/@angular/core/fesm2022/testing.mjs:1914:52)
	    at TestBedImpl.inject (node_modules/@angular/core/fesm2022/testing.mjs:1768:37)
	    at UserContext.<anonymous> (src/app/services/mock-api.service.spec.ts:89:23)
Chrome Headless 140.0.0.0 (Mac OS 10.15.7): Executed 326 of 985[31m (97 FAILED)[39m (0 secs / 25.939 secs)
[1A[2K[31mChrome Headless 140.0.0.0 (Mac OS 10.15.7) MockApiService Service Initialization should have correct network simulation configuration FAILED[39m
	TypeError: Cannot read properties of undefined (reading 'subscribe')
	    at MockApiService.initializeData (src/app/services/mock-api.service.ts:41:40)
	    at new MockApiService (src/app/services/mock-api.service.ts:33:10)
	    at Object.factory (ng:///MockApiService/ɵfac.js:4:10)
	    at callback (node_modules/@angular/core/fesm2022/core.mjs:3219:47)
	    at runInInjectorProfilerContext (node_modules/@angular/core/fesm2022/core.mjs:866:9)
	    at R3Injector.hydrate (node_modules/@angular/core/fesm2022/core.mjs:3218:21)
	    at R3Injector.get (node_modules/@angular/core/fesm2022/core.mjs:3082:33)
	    at TestBedImpl.inject (node_modules/@angular/core/fesm2022/testing.mjs:1914:52)
	    at TestBedImpl.inject (node_modules/@angular/core/fesm2022/testing.mjs:1768:37)
	    at UserContext.<anonymous> (src/app/services/mock-api.service.spec.ts:89:23)
Chrome Headless 140.0.0.0 (Mac OS 10.15.7): Executed 327 of 985[31m (98 FAILED)[39m (0 secs / 25.94 secs)
[1A[2K[31mChrome Headless 140.0.0.0 (Mac OS 10.15.7) MockApiService Service Initialization should have correct default delay FAILED[39m
	TypeError: Cannot read properties of undefined (reading 'subscribe')
	    at MockApiService.initializeData (src/app/services/mock-api.service.ts:41:40)
	    at new MockApiService (src/app/services/mock-api.service.ts:33:10)
	    at Object.factory (ng:///MockApiService/ɵfac.js:4:10)
	    at callback (node_modules/@angular/core/fesm2022/core.mjs:3219:47)
	    at runInInjectorProfilerContext (node_modules/@angular/core/fesm2022/core.mjs:866:9)
	    at R3Injector.hydrate (node_modules/@angular/core/fesm2022/core.mjs:3218:21)
	    at R3Injector.get (node_modules/@angular/core/fesm2022/core.mjs:3082:33)
	    at TestBedImpl.inject (node_modules/@angular/core/fesm2022/testing.mjs:1914:52)
	    at TestBedImpl.inject (node_modules/@angular/core/fesm2022/testing.mjs:1768:37)
	    at UserContext.<anonymous> (src/app/services/mock-api.service.spec.ts:89:23)
Chrome Headless 140.0.0.0 (Mac OS 10.15.7): Executed 328 of 985[31m (99 FAILED)[39m (0 secs / 25.94 secs)
[1A[2K[31mChrome Headless 140.0.0.0 (Mac OS 10.15.7) MockApiService Service Initialization should be created FAILED[39m
	TypeError: Cannot read properties of undefined (reading 'subscribe')
	    at MockApiService.initializeData (src/app/services/mock-api.service.ts:41:40)
	    at new MockApiService (src/app/services/mock-api.service.ts:33:10)
	    at Object.factory (ng:///MockApiService/ɵfac.js:4:10)
	    at callback (node_modules/@angular/core/fesm2022/core.mjs:3219:47)
	    at runInInjectorProfilerContext (node_modules/@angular/core/fesm2022/core.mjs:866:9)
	    at R3Injector.hydrate (node_modules/@angular/core/fesm2022/core.mjs:3218:21)
	    at R3Injector.get (node_modules/@angular/core/fesm2022/core.mjs:3082:33)
	    at TestBedImpl.inject (node_modules/@angular/core/fesm2022/testing.mjs:1914:52)
	    at TestBedImpl.inject (node_modules/@angular/core/fesm2022/testing.mjs:1768:37)
	    at UserContext.<anonymous> (src/app/services/mock-api.service.spec.ts:89:23)
Chrome Headless 140.0.0.0 (Mac OS 10.15.7): Executed 329 of 985[31m (100 FAILED)[39m (0 secs / 25.941 secs)
[1A[2K[31mChrome Headless 140.0.0.0 (Mac OS 10.15.7) MockApiService Utility Methods should export data as JSON FAILED[39m
	TypeError: Cannot read properties of undefined (reading 'subscribe')
	    at MockApiService.initializeData (src/app/services/mock-api.service.ts:41:40)
	    at new MockApiService (src/app/services/mock-api.service.ts:33:10)
	    at Object.factory (ng:///MockApiService/ɵfac.js:4:10)
	    at callback (node_modules/@angular/core/fesm2022/core.mjs:3219:47)
	    at runInInjectorProfilerContext (node_modules/@angular/core/fesm2022/core.mjs:866:9)
	    at R3Injector.hydrate (node_modules/@angular/core/fesm2022/core.mjs:3218:21)
	    at R3Injector.get (node_modules/@angular/core/fesm2022/core.mjs:3082:33)
	    at TestBedImpl.inject (node_modules/@angular/core/fesm2022/testing.mjs:1914:52)
	    at TestBedImpl.inject (node_modules/@angular/core/fesm2022/testing.mjs:1768:37)
	    at UserContext.<anonymous> (src/app/services/mock-api.service.spec.ts:89:23)
Chrome Headless 140.0.0.0 (Mac OS 10.15.7): Executed 330 of 985[31m (101 FAILED)[39m (0 secs / 25.941 secs)
[1A[2K[31mChrome Headless 140.0.0.0 (Mac OS 10.15.7) MockApiService Utility Methods should simulate file upload FAILED[39m
	TypeError: Cannot read properties of undefined (reading 'subscribe')
	    at MockApiService.initializeData (src/app/services/mock-api.service.ts:41:40)
	    at new MockApiService (src/app/services/mock-api.service.ts:33:10)
	    at Object.factory (ng:///MockApiService/ɵfac.js:4:10)
	    at callback (node_modules/@angular/core/fesm2022/core.mjs:3219:47)
	    at runInInjectorProfilerContext (node_modules/@angular/core/fesm2022/core.mjs:866:9)
	    at R3Injector.hydrate (node_modules/@angular/core/fesm2022/core.mjs:3218:21)
	    at R3Injector.get (node_modules/@angular/core/fesm2022/core.mjs:3082:33)
	    at TestBedImpl.inject (node_modules/@angular/core/fesm2022/testing.mjs:1914:52)
	    at TestBedImpl.inject (node_modules/@angular/core/fesm2022/testing.mjs:1768:37)
	    at UserContext.<anonymous> (src/app/services/mock-api.service.spec.ts:89:23)
Chrome Headless 140.0.0.0 (Mac OS 10.15.7): Executed 331 of 985[31m (102 FAILED)[39m (0 secs / 25.942 secs)
[1A[2K[31mChrome Headless 140.0.0.0 (Mac OS 10.15.7) MockApiService Utility Methods should use default JSON format for export FAILED[39m
	TypeError: Cannot read properties of undefined (reading 'subscribe')
	    at MockApiService.initializeData (src/app/services/mock-api.service.ts:41:40)
	    at new MockApiService (src/app/services/mock-api.service.ts:33:10)
	    at Object.factory (ng:///MockApiService/ɵfac.js:4:10)
	    at callback (node_modules/@angular/core/fesm2022/core.mjs:3219:47)
	    at runInInjectorProfilerContext (node_modules/@angular/core/fesm2022/core.mjs:866:9)
	    at R3Injector.hydrate (node_modules/@angular/core/fesm2022/core.mjs:3218:21)
	    at R3Injector.get (node_modules/@angular/core/fesm2022/core.mjs:3082:33)
	    at TestBedImpl.inject (node_modules/@angular/core/fesm2022/testing.mjs:1914:52)
	    at TestBedImpl.inject (node_modules/@angular/core/fesm2022/testing.mjs:1768:37)
	    at UserContext.<anonymous> (src/app/services/mock-api.service.spec.ts:89:23)
Chrome Headless 140.0.0.0 (Mac OS 10.15.7): Executed 332 of 985[31m (103 FAILED)[39m (0 secs / 25.942 secs)
[1A[2K[31mChrome Headless 140.0.0.0 (Mac OS 10.15.7) MockApiService Utility Methods should export data as CSV FAILED[39m
	TypeError: Cannot read properties of undefined (reading 'subscribe')
	    at MockApiService.initializeData (src/app/services/mock-api.service.ts:41:40)
	    at new MockApiService (src/app/services/mock-api.service.ts:33:10)
	    at Object.factory (ng:///MockApiService/ɵfac.js:4:10)
	    at callback (node_modules/@angular/core/fesm2022/core.mjs:3219:47)
	    at runInInjectorProfilerContext (node_modules/@angular/core/fesm2022/core.mjs:866:9)
	    at R3Injector.hydrate (node_modules/@angular/core/fesm2022/core.mjs:3218:21)
	    at R3Injector.get (node_modules/@angular/core/fesm2022/core.mjs:3082:33)
	    at TestBedImpl.inject (node_modules/@angular/core/fesm2022/testing.mjs:1914:52)
	    at TestBedImpl.inject (node_modules/@angular/core/fesm2022/testing.mjs:1768:37)
	    at UserContext.<anonymous> (src/app/services/mock-api.service.spec.ts:89:23)
Chrome Headless 140.0.0.0 (Mac OS 10.15.7): Executed 333 of 985[31m (104 FAILED)[39m (0 secs / 25.942 secs)
[1A[2K[31mChrome Headless 140.0.0.0 (Mac OS 10.15.7) MockApiService Utility Methods should get server time FAILED[39m
	TypeError: Cannot read properties of undefined (reading 'subscribe')
	    at MockApiService.initializeData (src/app/services/mock-api.service.ts:41:40)
	    at new MockApiService (src/app/services/mock-api.service.ts:33:10)
	    at Object.factory (ng:///MockApiService/ɵfac.js:4:10)
	    at callback (node_modules/@angular/core/fesm2022/core.mjs:3219:47)
	    at runInInjectorProfilerContext (node_modules/@angular/core/fesm2022/core.mjs:866:9)
	    at R3Injector.hydrate (node_modules/@angular/core/fesm2022/core.mjs:3218:21)
	    at R3Injector.get (node_modules/@angular/core/fesm2022/core.mjs:3082:33)
	    at TestBedImpl.inject (node_modules/@angular/core/fesm2022/testing.mjs:1914:52)
	    at TestBedImpl.inject (node_modules/@angular/core/fesm2022/testing.mjs:1768:37)
	    at UserContext.<anonymous> (src/app/services/mock-api.service.spec.ts:89:23)
Chrome Headless 140.0.0.0 (Mac OS 10.15.7): Executed 334 of 985[31m (105 FAILED)[39m (0 secs / 25.942 secs)
[1A[2K[31mChrome Headless 140.0.0.0 (Mac OS 10.15.7) MockApiService Utility Methods should perform health check FAILED[39m
	TypeError: Cannot read properties of undefined (reading 'subscribe')
	    at MockApiService.initializeData (src/app/services/mock-api.service.ts:41:40)
	    at new MockApiService (src/app/services/mock-api.service.ts:33:10)
	    at Object.factory (ng:///MockApiService/ɵfac.js:4:10)
	    at callback (node_modules/@angular/core/fesm2022/core.mjs:3219:47)
	    at runInInjectorProfilerContext (node_modules/@angular/core/fesm2022/core.mjs:866:9)
	    at R3Injector.hydrate (node_modules/@angular/core/fesm2022/core.mjs:3218:21)
	    at R3Injector.get (node_modules/@angular/core/fesm2022/core.mjs:3082:33)
	    at TestBedImpl.inject (node_modules/@angular/core/fesm2022/testing.mjs:1914:52)
	    at TestBedImpl.inject (node_modules/@angular/core/fesm2022/testing.mjs:1768:37)
	    at UserContext.<anonymous> (src/app/services/mock-api.service.spec.ts:89:23)
Chrome Headless 140.0.0.0 (Mac OS 10.15.7): Executed 335 of 985[31m (106 FAILED)[39m (0 secs / 25.942 secs)
[1A[2K[31mChrome Headless 140.0.0.0 (Mac OS 10.15.7) MockApiService Business Logic Validation should generate unique scenario IDs FAILED[39m
	TypeError: Cannot read properties of undefined (reading 'subscribe')
	    at MockApiService.initializeData (src/app/services/mock-api.service.ts:41:40)
	    at new MockApiService (src/app/services/mock-api.service.ts:33:10)
	    at Object.factory (ng:///MockApiService/ɵfac.js:4:10)
	    at callback (node_modules/@angular/core/fesm2022/core.mjs:3219:47)
	    at runInInjectorProfilerContext (node_modules/@angular/core/fesm2022/core.mjs:866:9)
	    at R3Injector.hydrate (node_modules/@angular/core/fesm2022/core.mjs:3218:21)
	    at R3Injector.get (node_modules/@angular/core/fesm2022/core.mjs:3082:33)
	    at TestBedImpl.inject (node_modules/@angular/core/fesm2022/testing.mjs:1914:52)
	    at TestBedImpl.inject (node_modules/@angular/core/fesm2022/testing.mjs:1768:37)
	    at UserContext.<anonymous> (src/app/services/mock-api.service.spec.ts:89:23)
Chrome Headless 140.0.0.0 (Mac OS 10.15.7): Executed 336 of 985[31m (107 FAILED)[39m (0 secs / 25.943 secs)
[1A[2K[31mChrome Headless 140.0.0.0 (Mac OS 10.15.7) MockApiService Business Logic Validation should maintain scenario data consistency FAILED[39m
	TypeError: Cannot read properties of undefined (reading 'subscribe')
	    at MockApiService.initializeData (src/app/services/mock-api.service.ts:41:40)
	    at new MockApiService (src/app/services/mock-api.service.ts:33:10)
	    at Object.factory (ng:///MockApiService/ɵfac.js:4:10)
	    at callback (node_modules/@angular/core/fesm2022/core.mjs:3219:47)
	    at runInInjectorProfilerContext (node_modules/@angular/core/fesm2022/core.mjs:866:9)
	    at R3Injector.hydrate (node_modules/@angular/core/fesm2022/core.mjs:3218:21)
	    at R3Injector.get (node_modules/@angular/core/fesm2022/core.mjs:3082:33)
	    at TestBedImpl.inject (node_modules/@angular/core/fesm2022/testing.mjs:1914:52)
	    at TestBedImpl.inject (node_modules/@angular/core/fesm2022/testing.mjs:1768:37)
	    at UserContext.<anonymous> (src/app/services/mock-api.service.spec.ts:89:23)
Chrome Headless 140.0.0.0 (Mac OS 10.15.7): Executed 337 of 985[31m (108 FAILED)[39m (0 secs / 25.943 secs)
[1A[2K[31mChrome Headless 140.0.0.0 (Mac OS 10.15.7) MockApiService Data Service Integration should handle client data service errors FAILED[39m
	TypeError: Cannot read properties of undefined (reading 'subscribe')
	    at MockApiService.initializeData (src/app/services/mock-api.service.ts:41:40)
	    at new MockApiService (src/app/services/mock-api.service.ts:33:10)
	    at Object.factory (ng:///MockApiService/ɵfac.js:4:10)
	    at callback (node_modules/@angular/core/fesm2022/core.mjs:3219:47)
	    at runInInjectorProfilerContext (node_modules/@angular/core/fesm2022/core.mjs:866:9)
	    at R3Injector.hydrate (node_modules/@angular/core/fesm2022/core.mjs:3218:21)
	    at R3Injector.get (node_modules/@angular/core/fesm2022/core.mjs:3082:33)
	    at TestBedImpl.inject (node_modules/@angular/core/fesm2022/testing.mjs:1914:52)
	    at TestBedImpl.inject (node_modules/@angular/core/fesm2022/testing.mjs:1768:37)
	    at UserContext.<anonymous> (src/app/services/mock-api.service.spec.ts:89:23)
Chrome Headless 140.0.0.0 (Mac OS 10.15.7): Executed 338 of 985[31m (109 FAILED)[39m (0 secs / 25.944 secs)
[1A[2K[31mChrome Headless 140.0.0.0 (Mac OS 10.15.7) MockApiService Data Service Integration should handle collective group data service errors FAILED[39m
	TypeError: Cannot read properties of undefined (reading 'subscribe')
	    at MockApiService.initializeData (src/app/services/mock-api.service.ts:41:40)
	    at new MockApiService (src/app/services/mock-api.service.ts:33:10)
	    at Object.factory (ng:///MockApiService/ɵfac.js:4:10)
	    at callback (node_modules/@angular/core/fesm2022/core.mjs:3219:47)
	    at runInInjectorProfilerContext (node_modules/@angular/core/fesm2022/core.mjs:866:9)
	    at R3Injector.hydrate (node_modules/@angular/core/fesm2022/core.mjs:3218:21)
	    at R3Injector.get (node_modules/@angular/core/fesm2022/core.mjs:3082:33)
	    at TestBedImpl.inject (node_modules/@angular/core/fesm2022/testing.mjs:1914:52)
	    at TestBedImpl.inject (node_modules/@angular/core/fesm2022/testing.mjs:1768:37)
	    at UserContext.<anonymous> (src/app/services/mock-api.service.spec.ts:89:23)
Chrome Headless 140.0.0.0 (Mac OS 10.15.7): Executed 339 of 985[31m (110 FAILED)[39m (0 secs / 25.944 secs)
[1A[2K[31mChrome Headless 140.0.0.0 (Mac OS 10.15.7) MockApiService Data Service Integration should handle ecosystem data service errors FAILED[39m
	TypeError: Cannot read properties of undefined (reading 'subscribe')
	    at MockApiService.initializeData (src/app/services/mock-api.service.ts:41:40)
	    at new MockApiService (src/app/services/mock-api.service.ts:33:10)
	    at Object.factory (ng:///MockApiService/ɵfac.js:4:10)
	    at callback (node_modules/@angular/core/fesm2022/core.mjs:3219:47)
	    at runInInjectorProfilerContext (node_modules/@angular/core/fesm2022/core.mjs:866:9)
	    at R3Injector.hydrate (node_modules/@angular/core/fesm2022/core.mjs:3218:21)
	    at R3Injector.get (node_modules/@angular/core/fesm2022/core.mjs:3082:33)
	    at TestBedImpl.inject (node_modules/@angular/core/fesm2022/testing.mjs:1914:52)
	    at TestBedImpl.inject (node_modules/@angular/core/fesm2022/testing.mjs:1768:37)
	    at UserContext.<anonymous> (src/app/services/mock-api.service.spec.ts:89:23)
Chrome Headless 140.0.0.0 (Mac OS 10.15.7): Executed 340 of 985[31m (111 FAILED)[39m (0 secs / 25.944 secs)
[1A[2K[31mChrome Headless 140.0.0.0 (Mac OS 10.15.7) MockApiService Ecosystem API Endpoints should update ecosystem document with normal network delay FAILED[39m
	TypeError: Cannot read properties of undefined (reading 'subscribe')
	    at MockApiService.initializeData (src/app/services/mock-api.service.ts:41:40)
	    at new MockApiService (src/app/services/mock-api.service.ts:33:10)
	    at Object.factory (ng:///MockApiService/ɵfac.js:4:10)
	    at callback (node_modules/@angular/core/fesm2022/core.mjs:3219:47)
	    at runInInjectorProfilerContext (node_modules/@angular/core/fesm2022/core.mjs:866:9)
	    at R3Injector.hydrate (node_modules/@angular/core/fesm2022/core.mjs:3218:21)
	    at R3Injector.get (node_modules/@angular/core/fesm2022/core.mjs:3082:33)
	    at TestBedImpl.inject (node_modules/@angular/core/fesm2022/testing.mjs:1914:52)
	    at TestBedImpl.inject (node_modules/@angular/core/fesm2022/testing.mjs:1768:37)
	    at UserContext.<anonymous> (src/app/services/mock-api.service.spec.ts:89:23)
Chrome Headless 140.0.0.0 (Mac OS 10.15.7): Executed 341 of 985[31m (112 FAILED)[39m (0 secs / 25.944 secs)
[1A[2K[31mChrome Headless 140.0.0.0 (Mac OS 10.15.7) MockApiService Ecosystem API Endpoints should return null for non-existent ecosystem FAILED[39m
	TypeError: Cannot read properties of undefined (reading 'subscribe')
	    at MockApiService.initializeData (src/app/services/mock-api.service.ts:41:40)
	    at new MockApiService (src/app/services/mock-api.service.ts:33:10)
	    at Object.factory (ng:///MockApiService/ɵfac.js:4:10)
	    at callback (node_modules/@angular/core/fesm2022/core.mjs:3219:47)
	    at runInInjectorProfilerContext (node_modules/@angular/core/fesm2022/core.mjs:866:9)
	    at R3Injector.hydrate (node_modules/@angular/core/fesm2022/core.mjs:3218:21)
	    at R3Injector.get (node_modules/@angular/core/fesm2022/core.mjs:3082:33)
	    at TestBedImpl.inject (node_modules/@angular/core/fesm2022/testing.mjs:1914:52)
	    at TestBedImpl.inject (node_modules/@angular/core/fesm2022/testing.mjs:1768:37)
	    at UserContext.<anonymous> (src/app/services/mock-api.service.spec.ts:89:23)
Chrome Headless 140.0.0.0 (Mac OS 10.15.7): Executed 342 of 985[31m (113 FAILED)[39m (0 secs / 25.944 secs)
[1A[2K[31mChrome Headless 140.0.0.0 (Mac OS 10.15.7) MockApiService Ecosystem API Endpoints should get ecosystem by ID with network delay FAILED[39m
	TypeError: Cannot read properties of undefined (reading 'subscribe')
	    at MockApiService.initializeData (src/app/services/mock-api.service.ts:41:40)
	    at new MockApiService (src/app/services/mock-api.service.ts:33:10)
	    at Object.factory (ng:///MockApiService/ɵfac.js:4:10)
	    at callback (node_modules/@angular/core/fesm2022/core.mjs:3219:47)
	    at runInInjectorProfilerContext (node_modules/@angular/core/fesm2022/core.mjs:866:9)
	    at R3Injector.hydrate (node_modules/@angular/core/fesm2022/core.mjs:3218:21)
	    at R3Injector.get (node_modules/@angular/core/fesm2022/core.mjs:3082:33)
	    at TestBedImpl.inject (node_modules/@angular/core/fesm2022/testing.mjs:1914:52)
	    at TestBedImpl.inject (node_modules/@angular/core/fesm2022/testing.mjs:1768:37)
	    at UserContext.<anonymous> (src/app/services/mock-api.service.spec.ts:89:23)
Chrome Headless 140.0.0.0 (Mac OS 10.15.7): Executed 343 of 985[31m (114 FAILED)[39m (0 secs / 25.945 secs)
[1A[2K[31mChrome Headless 140.0.0.0 (Mac OS 10.15.7) MockApiService Ecosystem API Endpoints should get ecosystems with network delay FAILED[39m
	TypeError: Cannot read properties of undefined (reading 'subscribe')
	    at MockApiService.initializeData (src/app/services/mock-api.service.ts:41:40)
	    at new MockApiService (src/app/services/mock-api.service.ts:33:10)
	    at Object.factory (ng:///MockApiService/ɵfac.js:4:10)
	    at callback (node_modules/@angular/core/fesm2022/core.mjs:3219:47)
	    at runInInjectorProfilerContext (node_modules/@angular/core/fesm2022/core.mjs:866:9)
	    at R3Injector.hydrate (node_modules/@angular/core/fesm2022/core.mjs:3218:21)
	    at R3Injector.get (node_modules/@angular/core/fesm2022/core.mjs:3082:33)
	    at TestBedImpl.inject (node_modules/@angular/core/fesm2022/testing.mjs:1914:52)
	    at TestBedImpl.inject (node_modules/@angular/core/fesm2022/testing.mjs:1768:37)
	    at UserContext.<anonymous> (src/app/services/mock-api.service.spec.ts:89:23)
Chrome Headless 140.0.0.0 (Mac OS 10.15.7): Executed 344 of 985[31m (115 FAILED)[39m (0 secs / 25.945 secs)
[1A[2K[31mChrome Headless 140.0.0.0 (Mac OS 10.15.7) MockApiService Ecosystem API Endpoints should create ecosystem with slow network delay FAILED[39m
	TypeError: Cannot read properties of undefined (reading 'subscribe')
	    at MockApiService.initializeData (src/app/services/mock-api.service.ts:41:40)
	    at new MockApiService (src/app/services/mock-api.service.ts:33:10)
	    at Object.factory (ng:///MockApiService/ɵfac.js:4:10)
	    at callback (node_modules/@angular/core/fesm2022/core.mjs:3219:47)
	    at runInInjectorProfilerContext (node_modules/@angular/core/fesm2022/core.mjs:866:9)
	    at R3Injector.hydrate (node_modules/@angular/core/fesm2022/core.mjs:3218:21)
	    at R3Injector.get (node_modules/@angular/core/fesm2022/core.mjs:3082:33)
	    at TestBedImpl.inject (node_modules/@angular/core/fesm2022/testing.mjs:1914:52)
	    at TestBedImpl.inject (node_modules/@angular/core/fesm2022/testing.mjs:1768:37)
	    at UserContext.<anonymous> (src/app/services/mock-api.service.spec.ts:89:23)
Chrome Headless 140.0.0.0 (Mac OS 10.15.7): Executed 345 of 985[31m (116 FAILED)[39m (0 secs / 25.946 secs)
[1A[2KLOG: [36m'🔍 Accessibility testing framework initialized'[39m
Chrome Headless 140.0.0.0 (Mac OS 10.15.7): Executed 345 of 985[31m (116 FAILED)[39m (0 secs / 25.946 secs)
LOG: '🔍 Accessibility testing framework initialized'
10 09 2025 12:13:42.608:WARN [web-server]: 404: /_karma_webpack_/test.jpg
[1A[2KChrome Headless 140.0.0.0 (Mac OS 10.15.7): Executed 346 of 985[31m (116 FAILED)[39m (0 secs / 25.971 secs)
[1A[2KWARN: [36m'Element accessibility test failed:', Error: No elements found for include in frame Context
Error: No elements found for include in frame Context
    at validateContext (http://localhost:9876/_karma_webpack_/webpack:/node_modules/axe-core/axe.js:18822:15)
    at new Context (http://localhost:9876/_karma_webpack_/webpack:/node_modules/axe-core/axe.js:18803:7)
    at Object._runRules (http://localhost:9876/_karma_webpack_/webpack:/node_modules/axe-core/axe.js:28651:19)
    at Module.run (http://localhost:9876/_karma_webpack_/webpack:/node_modules/axe-core/axe.js:28919:11)
    at AccessibilityTester.<anonymous> (http://localhost:9876/_karma_webpack_/webpack:/src/test-helpers/accessibility-test-framework.ts:119:42)
    at Generator.next (<anonymous>)
    at asyncGeneratorStep (http://localhost:9876/_karma_webpack_/webpack:/node_modules/@angular-devkit/build-angular/node_modules/@babel/runtime/helpers/esm/asyncToGenerator.js:3:1)
    at apply (http://localhost:9876/_karma_webpack_/webpack:/node_modules/@angular-devkit/build-angular/node_modules/@babel/runtime/helpers/esm/asyncToGenerator.js:17:1)
    at _ZoneDelegate.invoke (http://localhost:9876/_karma_webpack_/webpack:/node_modules/zone.js/fesm2015/zone.js:369:28)
    at ProxyZoneSpec.onInvoke (http://localhost:9876/_karma_webpack_/webpack:/node_modules/zone.js/fesm2015/zone-testing.js:2081:39)[39m
Chrome Headless 140.0.0.0 (Mac OS 10.15.7): Executed 346 of 985[31m (116 FAILED)[39m (0 secs / 25.971 secs)
WARN: 'Element accessibility test failed:', Error: No elements found for include in frame Context
Error: No elements found for include in frame Context
    at validateContext (http://localhost:9876/_karma_webpack_/webpack:/node_modules/axe-core/axe.js:18822:15)
    at new Context (http://localhost:9876/_karma_webpack_/webpack:/node_modules/axe-core/axe.js:18803:7)
    at Object._runRules (http://localhost:9876/_karma_webpack_/webpack:/node_modules/axe-core/axe.js:28651:19)
    at Module.run (http://localhost:9876/_karma_webpack_/webpack:/node_modules/axe-core/axe.js:28919:11)
    at AccessibilityTester.<anonymous> (http://localhost:9876/_karma_webpack_/webpack:/src/test-helpers/accessibility-test-framework.ts:119:42)
    at Generator.next (<anonymous>)
    at asyncGeneratorStep (http://localhost:9876/_karma_webpack_/webpack:/node_modules/@angular-devkit/build-angular/node_modules/@babel/runtime/helpers/esm/asyncToGenerator.js:3:1)
    at apply (http://localhost:9876/_karma_webpack_/webpack:/node_modules/@angular-devkit/build-angular/node_modules/@babel/runtime/helpers/esm/asyncToGenerator.js:17:1)
    at _ZoneDelegate.invoke (http://localhost:9876/_karma_webpack_/webpack:/node_modules/zone.js/fesm2015/zone.js:369:28)
    at ProxyZoneSpec.onInvoke (http://localhost:9876/_karma_webpack_/webpack:/node_modules/zone.js/fesm2015/zone-testing.js:2081:39)
[1A[2K[31mChrome Headless 140.0.0.0 (Mac OS 10.15.7) Accessibility Testing Framework AccessibilityTester should test individual DOM elements FAILED[39m
	Expected 'HTMLElement' to be 'BUTTON'.
	    at <Jasmine>
	    at UserContext.<anonymous> (src/test-helpers/accessibility-sample.spec.ts:75:32)
	    at Generator.next (<anonymous>)
	    at asyncGeneratorStep (node_modules/@angular-devkit/build-angular/node_modules/@babel/runtime/helpers/esm/asyncToGenerator.js:3:1)
	    at _next (node_modules/@angular-devkit/build-angular/node_modules/@babel/runtime/helpers/esm/asyncToGenerator.js:17:1)
Chrome Headless 140.0.0.0 (Mac OS 10.15.7): Executed 347 of 985[31m (117 FAILED)[39m (0 secs / 25.974 secs)
[1A[2KWARN: [36m'Accessibility test failed for SampleTestComponent:', Error: No elements found for include in frame Context
Error: No elements found for include in frame Context
    at validateContext (http://localhost:9876/_karma_webpack_/webpack:/node_modules/axe-core/axe.js:18822:15)
    at new Context (http://localhost:9876/_karma_webpack_/webpack:/node_modules/axe-core/axe.js:18803:7)
    at Object._runRules (http://localhost:9876/_karma_webpack_/webpack:/node_modules/axe-core/axe.js:28651:19)
    at Module.run (http://localhost:9876/_karma_webpack_/webpack:/node_modules/axe-core/axe.js:28919:11)
    at AccessibilityTester.<anonymous> (http://localhost:9876/_karma_webpack_/webpack:/src/test-helpers/accessibility-test-framework.ts:83:42)
    at Generator.next (<anonymous>)
    at asyncGeneratorStep (http://localhost:9876/_karma_webpack_/webpack:/node_modules/@angular-devkit/build-angular/node_modules/@babel/runtime/helpers/esm/asyncToGenerator.js:3:1)
    at apply (http://localhost:9876/_karma_webpack_/webpack:/node_modules/@angular-devkit/build-angular/node_modules/@babel/runtime/helpers/esm/asyncToGenerator.js:17:1)
    at _ZoneDelegate.invoke (http://localhost:9876/_karma_webpack_/webpack:/node_modules/zone.js/fesm2015/zone.js:369:28)
    at ProxyZoneSpec.onInvoke (http://localhost:9876/_karma_webpack_/webpack:/node_modules/zone.js/fesm2015/zone-testing.js:2081:39)[39m
Chrome Headless 140.0.0.0 (Mac OS 10.15.7): Executed 347 of 985[31m (117 FAILED)[39m (0 secs / 25.974 secs)
WARN: 'Accessibility test failed for SampleTestComponent:', Error: No elements found for include in frame Context
Error: No elements found for include in frame Context
    at validateContext (http://localhost:9876/_karma_webpack_/webpack:/node_modules/axe-core/axe.js:18822:15)
    at new Context (http://localhost:9876/_karma_webpack_/webpack:/node_modules/axe-core/axe.js:18803:7)
    at Object._runRules (http://localhost:9876/_karma_webpack_/webpack:/node_modules/axe-core/axe.js:28651:19)
    at Module.run (http://localhost:9876/_karma_webpack_/webpack:/node_modules/axe-core/axe.js:28919:11)
    at AccessibilityTester.<anonymous> (http://localhost:9876/_karma_webpack_/webpack:/src/test-helpers/accessibility-test-framework.ts:83:42)
    at Generator.next (<anonymous>)
    at asyncGeneratorStep (http://localhost:9876/_karma_webpack_/webpack:/node_modules/@angular-devkit/build-angular/node_modules/@babel/runtime/helpers/esm/asyncToGenerator.js:3:1)
    at apply (http://localhost:9876/_karma_webpack_/webpack:/node_modules/@angular-devkit/build-angular/node_modules/@babel/runtime/helpers/esm/asyncToGenerator.js:17:1)
    at _ZoneDelegate.invoke (http://localhost:9876/_karma_webpack_/webpack:/node_modules/zone.js/fesm2015/zone.js:369:28)
    at ProxyZoneSpec.onInvoke (http://localhost:9876/_karma_webpack_/webpack:/node_modules/zone.js/fesm2015/zone-testing.js:2081:39)
[1A[2KChrome Headless 140.0.0.0 (Mac OS 10.15.7): Executed 348 of 985[31m (117 FAILED)[39m (0 secs / 25.976 secs)
[1A[2KWARN: [36m'Accessibility test failed for SampleTestComponent:', Error: No elements found for include in frame Context
Error: No elements found for include in frame Context
    at validateContext (http://localhost:9876/_karma_webpack_/webpack:/node_modules/axe-core/axe.js:18822:15)
    at new Context (http://localhost:9876/_karma_webpack_/webpack:/node_modules/axe-core/axe.js:18803:7)
    at Object._runRules (http://localhost:9876/_karma_webpack_/webpack:/node_modules/axe-core/axe.js:28651:19)
    at Module.run (http://localhost:9876/_karma_webpack_/webpack:/node_modules/axe-core/axe.js:28919:11)
    at AccessibilityTester.<anonymous> (http://localhost:9876/_karma_webpack_/webpack:/src/test-helpers/accessibility-test-framework.ts:83:42)
    at Generator.next (<anonymous>)
    at asyncGeneratorStep (http://localhost:9876/_karma_webpack_/webpack:/node_modules/@angular-devkit/build-angular/node_modules/@babel/runtime/helpers/esm/asyncToGenerator.js:3:1)
    at apply (http://localhost:9876/_karma_webpack_/webpack:/node_modules/@angular-devkit/build-angular/node_modules/@babel/runtime/helpers/esm/asyncToGenerator.js:17:1)
    at _ZoneDelegate.invoke (http://localhost:9876/_karma_webpack_/webpack:/node_modules/zone.js/fesm2015/zone.js:369:28)
    at ProxyZoneSpec.onInvoke (http://localhost:9876/_karma_webpack_/webpack:/node_modules/zone.js/fesm2015/zone-testing.js:2081:39)[39m
Chrome Headless 140.0.0.0 (Mac OS 10.15.7): Executed 348 of 985[31m (117 FAILED)[39m (0 secs / 25.976 secs)
WARN: 'Accessibility test failed for SampleTestComponent:', Error: No elements found for include in frame Context
Error: No elements found for include in frame Context
    at validateContext (http://localhost:9876/_karma_webpack_/webpack:/node_modules/axe-core/axe.js:18822:15)
    at new Context (http://localhost:9876/_karma_webpack_/webpack:/node_modules/axe-core/axe.js:18803:7)
    at Object._runRules (http://localhost:9876/_karma_webpack_/webpack:/node_modules/axe-core/axe.js:28651:19)
    at Module.run (http://localhost:9876/_karma_webpack_/webpack:/node_modules/axe-core/axe.js:28919:11)
    at AccessibilityTester.<anonymous> (http://localhost:9876/_karma_webpack_/webpack:/src/test-helpers/accessibility-test-framework.ts:83:42)
    at Generator.next (<anonymous>)
    at asyncGeneratorStep (http://localhost:9876/_karma_webpack_/webpack:/node_modules/@angular-devkit/build-angular/node_modules/@babel/runtime/helpers/esm/asyncToGenerator.js:3:1)
    at apply (http://localhost:9876/_karma_webpack_/webpack:/node_modules/@angular-devkit/build-angular/node_modules/@babel/runtime/helpers/esm/asyncToGenerator.js:17:1)
    at _ZoneDelegate.invoke (http://localhost:9876/_karma_webpack_/webpack:/node_modules/zone.js/fesm2015/zone.js:369:28)
    at ProxyZoneSpec.onInvoke (http://localhost:9876/_karma_webpack_/webpack:/node_modules/zone.js/fesm2015/zone-testing.js:2081:39)
[1A[2KChrome Headless 140.0.0.0 (Mac OS 10.15.7): Executed 349 of 985[31m (117 FAILED)[39m (0 secs / 25.978 secs)
10 09 2025 12:13:42.617:WARN [web-server]: 404: /_karma_webpack_/test.jpg
[1A[2KChrome Headless 140.0.0.0 (Mac OS 10.15.7): Executed 350 of 985[31m (117 FAILED)[39m (0 secs / 25.996 secs)
10 09 2025 12:13:42.649:WARN [web-server]: 404: /_karma_webpack_/test.jpg
[1A[2KChrome Headless 140.0.0.0 (Mac OS 10.15.7): Executed 351 of 985[31m (117 FAILED)[39m (0 secs / 26.012 secs)
[1A[2KWARN: [36m'Accessibility test failed for SampleTestComponent:', Error: No elements found for include in frame Context
Error: No elements found for include in frame Context
    at validateContext (http://localhost:9876/_karma_webpack_/webpack:/node_modules/axe-core/axe.js:18822:15)
    at new Context (http://localhost:9876/_karma_webpack_/webpack:/node_modules/axe-core/axe.js:18803:7)
    at Object._runRules (http://localhost:9876/_karma_webpack_/webpack:/node_modules/axe-core/axe.js:28651:19)
    at Module.run (http://localhost:9876/_karma_webpack_/webpack:/node_modules/axe-core/axe.js:28919:11)
    at AccessibilityTester.<anonymous> (http://localhost:9876/_karma_webpack_/webpack:/src/test-helpers/accessibility-test-framework.ts:83:42)
    at Generator.next (<anonymous>)
    at asyncGeneratorStep (http://localhost:9876/_karma_webpack_/webpack:/node_modules/@angular-devkit/build-angular/node_modules/@babel/runtime/helpers/esm/asyncToGenerator.js:3:1)
    at apply (http://localhost:9876/_karma_webpack_/webpack:/node_modules/@angular-devkit/build-angular/node_modules/@babel/runtime/helpers/esm/asyncToGenerator.js:17:1)
    at _ZoneDelegate.invoke (http://localhost:9876/_karma_webpack_/webpack:/node_modules/zone.js/fesm2015/zone.js:369:28)
    at ProxyZoneSpec.onInvoke (http://localhost:9876/_karma_webpack_/webpack:/node_modules/zone.js/fesm2015/zone-testing.js:2081:39)[39m
Chrome Headless 140.0.0.0 (Mac OS 10.15.7): Executed 351 of 985[31m (117 FAILED)[39m (0 secs / 26.012 secs)
WARN: 'Accessibility test failed for SampleTestComponent:', Error: No elements found for include in frame Context
Error: No elements found for include in frame Context
    at validateContext (http://localhost:9876/_karma_webpack_/webpack:/node_modules/axe-core/axe.js:18822:15)
    at new Context (http://localhost:9876/_karma_webpack_/webpack:/node_modules/axe-core/axe.js:18803:7)
    at Object._runRules (http://localhost:9876/_karma_webpack_/webpack:/node_modules/axe-core/axe.js:28651:19)
    at Module.run (http://localhost:9876/_karma_webpack_/webpack:/node_modules/axe-core/axe.js:28919:11)
    at AccessibilityTester.<anonymous> (http://localhost:9876/_karma_webpack_/webpack:/src/test-helpers/accessibility-test-framework.ts:83:42)
    at Generator.next (<anonymous>)
    at asyncGeneratorStep (http://localhost:9876/_karma_webpack_/webpack:/node_modules/@angular-devkit/build-angular/node_modules/@babel/runtime/helpers/esm/asyncToGenerator.js:3:1)
    at apply (http://localhost:9876/_karma_webpack_/webpack:/node_modules/@angular-devkit/build-angular/node_modules/@babel/runtime/helpers/esm/asyncToGenerator.js:17:1)
    at _ZoneDelegate.invoke (http://localhost:9876/_karma_webpack_/webpack:/node_modules/zone.js/fesm2015/zone.js:369:28)
    at ProxyZoneSpec.onInvoke (http://localhost:9876/_karma_webpack_/webpack:/node_modules/zone.js/fesm2015/zone-testing.js:2081:39)
10 09 2025 12:13:42.671:WARN [web-server]: 404: /_karma_webpack_/test.jpg
[1A[2KChrome Headless 140.0.0.0 (Mac OS 10.15.7): Executed 352 of 985[31m (117 FAILED)[39m (0 secs / 26.034 secs)
[1A[2KWARN: [36m'Accessibility test failed for SampleTestComponent:', Error: No elements found for include in frame Context
Error: No elements found for include in frame Context
    at validateContext (http://localhost:9876/_karma_webpack_/webpack:/node_modules/axe-core/axe.js:18822:15)
    at new Context (http://localhost:9876/_karma_webpack_/webpack:/node_modules/axe-core/axe.js:18803:7)
    at Object._runRules (http://localhost:9876/_karma_webpack_/webpack:/node_modules/axe-core/axe.js:28651:19)
    at Module.run (http://localhost:9876/_karma_webpack_/webpack:/node_modules/axe-core/axe.js:28919:11)
    at AccessibilityTester.<anonymous> (http://localhost:9876/_karma_webpack_/webpack:/src/test-helpers/accessibility-test-framework.ts:83:42)
    at Generator.next (<anonymous>)
    at asyncGeneratorStep (http://localhost:9876/_karma_webpack_/webpack:/node_modules/@angular-devkit/build-angular/node_modules/@babel/runtime/helpers/esm/asyncToGenerator.js:3:1)
    at apply (http://localhost:9876/_karma_webpack_/webpack:/node_modules/@angular-devkit/build-angular/node_modules/@babel/runtime/helpers/esm/asyncToGenerator.js:17:1)
    at _ZoneDelegate.invoke (http://localhost:9876/_karma_webpack_/webpack:/node_modules/zone.js/fesm2015/zone.js:369:28)
    at ProxyZoneSpec.onInvoke (http://localhost:9876/_karma_webpack_/webpack:/node_modules/zone.js/fesm2015/zone-testing.js:2081:39)[39m
Chrome Headless 140.0.0.0 (Mac OS 10.15.7): Executed 352 of 985[31m (117 FAILED)[39m (0 secs / 26.034 secs)
WARN: 'Accessibility test failed for SampleTestComponent:', Error: No elements found for include in frame Context
Error: No elements found for include in frame Context
    at validateContext (http://localhost:9876/_karma_webpack_/webpack:/node_modules/axe-core/axe.js:18822:15)
    at new Context (http://localhost:9876/_karma_webpack_/webpack:/node_modules/axe-core/axe.js:18803:7)
    at Object._runRules (http://localhost:9876/_karma_webpack_/webpack:/node_modules/axe-core/axe.js:28651:19)
    at Module.run (http://localhost:9876/_karma_webpack_/webpack:/node_modules/axe-core/axe.js:28919:11)
    at AccessibilityTester.<anonymous> (http://localhost:9876/_karma_webpack_/webpack:/src/test-helpers/accessibility-test-framework.ts:83:42)
    at Generator.next (<anonymous>)
    at asyncGeneratorStep (http://localhost:9876/_karma_webpack_/webpack:/node_modules/@angular-devkit/build-angular/node_modules/@babel/runtime/helpers/esm/asyncToGenerator.js:3:1)
    at apply (http://localhost:9876/_karma_webpack_/webpack:/node_modules/@angular-devkit/build-angular/node_modules/@babel/runtime/helpers/esm/asyncToGenerator.js:17:1)
    at _ZoneDelegate.invoke (http://localhost:9876/_karma_webpack_/webpack:/node_modules/zone.js/fesm2015/zone.js:369:28)
    at ProxyZoneSpec.onInvoke (http://localhost:9876/_karma_webpack_/webpack:/node_modules/zone.js/fesm2015/zone-testing.js:2081:39)
[1A[2KLOG: [36m'✅ No accessibility violations found in SampleTestComponent'[39m
Chrome Headless 140.0.0.0 (Mac OS 10.15.7): Executed 352 of 985[31m (117 FAILED)[39m (0 secs / 26.034 secs)
LOG: '✅ No accessibility violations found in SampleTestComponent'
[1A[2KChrome Headless 140.0.0.0 (Mac OS 10.15.7): Executed 353 of 985[31m (117 FAILED)[39m (0 secs / 26.036 secs)
10 09 2025 12:13:42.676:WARN [web-server]: 404: /_karma_webpack_/test.jpg
[1A[2KLOG: [36m'Configuración cambiada:', 'twoFactorAuth', true[39m
Chrome Headless 140.0.0.0 (Mac OS 10.15.7): Executed 353 of 985[31m (117 FAILED)[39m (0 secs / 26.036 secs)
LOG: 'Configuración cambiada:', 'twoFactorAuth', true
[1A[2KLOG: [36m'Configuración cambiada:', 'dataEncryption', true[39m
Chrome Headless 140.0.0.0 (Mac OS 10.15.7): Executed 353 of 985[31m (117 FAILED)[39m (0 secs / 26.036 secs)
LOG: 'Configuración cambiada:', 'dataEncryption', true
[1A[2KLOG: [36m'Configuración cambiada:', 'sessionTimeout', 45[39m
Chrome Headless 140.0.0.0 (Mac OS 10.15.7): Executed 353 of 985[31m (117 FAILED)[39m (0 secs / 26.036 secs)
LOG: 'Configuración cambiada:', 'sessionTimeout', 45
[1A[2KChrome Headless 140.0.0.0 (Mac OS 10.15.7): Executed 354 of 985[31m (117 FAILED)[39m (0 secs / 26.065 secs)
[1A[2KChrome Headless 140.0.0.0 (Mac OS 10.15.7): Executed 355 of 985[31m (117 FAILED)[39m (0 secs / 26.218 secs)
[1A[2KChrome Headless 140.0.0.0 (Mac OS 10.15.7): Executed 356 of 985[31m (117 FAILED)[39m (skipped 1) (0 secs / 26.321 secs)
[1A[2KChrome Headless 140.0.0.0 (Mac OS 10.15.7): Executed 357 of 985[31m (117 FAILED)[39m (skipped 1) (0 secs / 26.425 secs)
[1A[2KChrome Headless 140.0.0.0 (Mac OS 10.15.7): Executed 358 of 985[31m (117 FAILED)[39m (skipped 1) (0 secs / 26.527 secs)
[1A[2KChrome Headless 140.0.0.0 (Mac OS 10.15.7): Executed 359 of 985[31m (117 FAILED)[39m (skipped 1) (0 secs / 27.031 secs)
[1A[2KChrome Headless 140.0.0.0 (Mac OS 10.15.7): Executed 360 of 985[31m (117 FAILED)[39m (skipped 1) (0 secs / 27.032 secs)
[1A[2KChrome Headless 140.0.0.0 (Mac OS 10.15.7): Executed 361 of 985[31m (117 FAILED)[39m (skipped 1) (0 secs / 27.536 secs)
[1A[2KChrome Headless 140.0.0.0 (Mac OS 10.15.7): Executed 362 of 985[31m (117 FAILED)[39m (skipped 1) (0 secs / 28.34 secs)
[1A[2KChrome Headless 140.0.0.0 (Mac OS 10.15.7): Executed 363 of 985[31m (117 FAILED)[39m (skipped 1) (0 secs / 28.344 secs)
[1A[2KChrome Headless 140.0.0.0 (Mac OS 10.15.7): Executed 364 of 985[31m (117 FAILED)[39m (skipped 1) (0 secs / 28.346 secs)
[1A[2KChrome Headless 140.0.0.0 (Mac OS 10.15.7): Executed 365 of 985[31m (117 FAILED)[39m (skipped 1) (0 secs / 29.148 secs)
[1A[2KChrome Headless 140.0.0.0 (Mac OS 10.15.7): Executed 366 of 985[31m (117 FAILED)[39m (skipped 1) (0 secs / 29.15 secs)
[1A[2KChrome Headless 140.0.0.0 (Mac OS 10.15.7): Executed 367 of 985[31m (117 FAILED)[39m (skipped 1) (0 secs / 29.151 secs)
[1A[2KChrome Headless 140.0.0.0 (Mac OS 10.15.7): Executed 368 of 985[31m (117 FAILED)[39m (skipped 1) (0 secs / 29.152 secs)
[1A[2KChrome Headless 140.0.0.0 (Mac OS 10.15.7): Executed 369 of 985[31m (117 FAILED)[39m (skipped 1) (0 secs / 29.153 secs)
[1A[2KChrome Headless 140.0.0.0 (Mac OS 10.15.7): Executed 370 of 985[31m (117 FAILED)[39m (skipped 1) (0 secs / 29.154 secs)
[1A[2KChrome Headless 140.0.0.0 (Mac OS 10.15.7): Executed 371 of 985[31m (117 FAILED)[39m (skipped 1) (0 secs / 29.257 secs)
[1A[2KChrome Headless 140.0.0.0 (Mac OS 10.15.7): Executed 372 of 985[31m (117 FAILED)[39m (skipped 1) (0 secs / 29.258 secs)
[1A[2KChrome Headless 140.0.0.0 (Mac OS 10.15.7): Executed 373 of 985[31m (117 FAILED)[39m (skipped 1) (0 secs / 29.259 secs)
[1A[2KChrome Headless 140.0.0.0 (Mac OS 10.15.7): Executed 374 of 985[31m (117 FAILED)[39m (skipped 1) (0 secs / 29.259 secs)
[1A[2KChrome Headless 140.0.0.0 (Mac OS 10.15.7): Executed 375 of 985[31m (117 FAILED)[39m (skipped 1) (0 secs / 29.26 secs)
[1A[2KChrome Headless 140.0.0.0 (Mac OS 10.15.7): Executed 376 of 985[31m (117 FAILED)[39m (skipped 1) (0 secs / 29.26 secs)
[1A[2KChrome Headless 140.0.0.0 (Mac OS 10.15.7): Executed 377 of 985[31m (117 FAILED)[39m (skipped 1) (0 secs / 29.26 secs)
[1A[2KChrome Headless 140.0.0.0 (Mac OS 10.15.7): Executed 378 of 985[31m (117 FAILED)[39m (skipped 1) (0 secs / 29.26 secs)
[1A[2KChrome Headless 140.0.0.0 (Mac OS 10.15.7): Executed 379 of 985[31m (117 FAILED)[39m (skipped 1) (0 secs / 29.26 secs)
[1A[2KChrome Headless 140.0.0.0 (Mac OS 10.15.7): Executed 380 of 985[31m (117 FAILED)[39m (skipped 1) (0 secs / 29.261 secs)
[1A[2KChrome Headless 140.0.0.0 (Mac OS 10.15.7): Executed 381 of 985[31m (117 FAILED)[39m (skipped 1) (0 secs / 30.063 secs)
[1A[2KChrome Headless 140.0.0.0 (Mac OS 10.15.7): Executed 382 of 985[31m (117 FAILED)[39m (skipped 1) (0 secs / 30.868 secs)
[1A[2KChrome Headless 140.0.0.0 (Mac OS 10.15.7): Executed 383 of 985[31m (117 FAILED)[39m (skipped 1) (0 secs / 30.869 secs)
[1A[2KChrome Headless 140.0.0.0 (Mac OS 10.15.7): Executed 384 of 985[31m (117 FAILED)[39m (skipped 1) (0 secs / 30.87 secs)
[1A[2KChrome Headless 140.0.0.0 (Mac OS 10.15.7): Executed 385 of 985[31m (117 FAILED)[39m (skipped 1) (0 secs / 30.871 secs)
[1A[2KChrome Headless 140.0.0.0 (Mac OS 10.15.7): Executed 386 of 985[31m (117 FAILED)[39m (skipped 1) (0 secs / 30.872 secs)
[1A[2KChrome Headless 140.0.0.0 (Mac OS 10.15.7): Executed 387 of 985[31m (117 FAILED)[39m (skipped 1) (0 secs / 30.873 secs)
[1A[2KChrome Headless 140.0.0.0 (Mac OS 10.15.7): Executed 388 of 985[31m (117 FAILED)[39m (skipped 1) (0 secs / 30.873 secs)
[1A[2KChrome Headless 140.0.0.0 (Mac OS 10.15.7): Executed 389 of 985[31m (117 FAILED)[39m (skipped 1) (0 secs / 30.874 secs)
[1A[2KChrome Headless 140.0.0.0 (Mac OS 10.15.7): Executed 390 of 985[31m (117 FAILED)[39m (skipped 1) (0 secs / 30.914 secs)
[1A[2KChrome Headless 140.0.0.0 (Mac OS 10.15.7): Executed 391 of 985[31m (117 FAILED)[39m (skipped 1) (0 secs / 30.917 secs)
[1A[2KLOG: [36m'✅ Documents phase completed:', Object{}[39m
Chrome Headless 140.0.0.0 (Mac OS 10.15.7): Executed 391 of 985[31m (117 FAILED)[39m (skipped 1) (0 secs / 30.917 secs)
LOG: '✅ Documents phase completed:', Object{}
[1A[2KChrome Headless 140.0.0.0 (Mac OS 10.15.7): Executed 392 of 985[31m (117 FAILED)[39m (skipped 1) (0 secs / 30.92 secs)
[1A[2KChrome Headless 140.0.0.0 (Mac OS 10.15.7): Executed 393 of 985[31m (117 FAILED)[39m (skipped 1) (0 secs / 30.922 secs)
[1A[2KChrome Headless 140.0.0.0 (Mac OS 10.15.7): Executed 394 of 985[31m (117 FAILED)[39m (skipped 1) (0 secs / 30.924 secs)
[1A[2KChrome Headless 140.0.0.0 (Mac OS 10.15.7): Executed 395 of 985[31m (117 FAILED)[39m (skipped 1) (0 secs / 30.926 secs)
[1A[2KChrome Headless 140.0.0.0 (Mac OS 10.15.7): Executed 396 of 985[31m (117 FAILED)[39m (skipped 1) (0 secs / 30.927 secs)
[1A[2KChrome Headless 140.0.0.0 (Mac OS 10.15.7): Executed 397 of 985[31m (117 FAILED)[39m (skipped 1) (0 secs / 30.929 secs)
[1A[2KChrome Headless 140.0.0.0 (Mac OS 10.15.7): Executed 398 of 985[31m (117 FAILED)[39m (skipped 1) (0 secs / 30.931 secs)
[1A[2K[31mChrome Headless 140.0.0.0 (Mac OS 10.15.7) LoginComponent Integration Tests should enable submit button when form is valid FAILED[39m
	TestingLibraryElementError: Unable to find an accessible element with the role "button" and name `/iniciar sesión/i`
	
	Here are the accessible roles:
	
	  link:
	
	  Name "":
	  <a
	    class="jasmine-title"
	    href="http://jasmine.github.io/"
	    target="_blank"
	  />
	
	  --------------------------------------------------
	  list:
	
	  Name "":
	  <ul
	    class="jasmine-symbol-summary"
	  />
	
	  --------------------------------------------------
	  listitem:
	
	  Name "PostSalesApiService getPostSalesRecord should return null for non-existent VIN":
	  <li
	    class="jasmine-passed"
	    id="spec_spec670"
	    title="PostSalesApiService getPostSalesRecord should return null for non-existent VIN"
	  />
	
	  Name "PostSalesApiService getPostSalesRecord should retrieve post-sales record by VIN":
	  <li
	    class="jasmine-failed"
	    id="spec_spec669"
	    title="PostSalesApiService getPostSalesRecord should retrieve post-sales record by VIN"
	  />
	
	  Name "PostSalesApiService sendVehicleDeliveredEvent should send vehicle delivered event successfully":
	  <li
	    class="jasmine-passed"
	    id="spec_spec667"
	    title="PostSalesApiService sendVehicleDeliveredEvent should send vehicle delivered event successfully"
	  />
	
	  Name "PostSalesApiService sendVehicleDeliveredEvent should handle error when sending vehicle delivered event":
	  <li
	    class="jasmine-passed"
	    id="spec_spec668"
	    title="PostSalesApiService sendVehicleDeliveredEvent should handle error when sending vehicle delivered event"
	  />
	
	  Name "PostSalesApiService scheduleMaintenanceService should schedule maintenance service successfully":
	  <li
	    class="jasmine-failed"
	    id="spec_spec671"
	    title="PostSalesApiService scheduleMaintenanceService should schedule maintenance service successfully"
	  />
	
	  Name "PostSalesApiService should be created":
	  <li
	    class="jasmine-passed"
	    id="spec_spec666"
	    title="PostSalesApiService should be created"
	  />
	
	  Name "PostSalesApiService recordClientContact should record client contact successfully":
	  <li
	    class="jasmine-failed"
	    id="spec_spec672"
	    title="PostSalesApiService recordClientContact should record client contact successfully"
	  />
	
	  Name "CotizadorEngineService Quote Generation with Package should determine client type from package data":
	  <li
	    class="jasmine-passed"
	    id="spec_spec277"
	    title="CotizadorEngineService Quote Generation with Package should determine client type from package data"
	  />
	
	  Name "CotizadorEngineService Quote Generation with Package should handle direct sale (rate = 0)":
	  <li
	    class="jasmine-passed"
	    id="spec_spec278"
	    title="CotizadorEngineService Quote Generation with Package should handle direct sale (rate = 0)"
	  />
	
	  Name "CotizadorEngineService Quote Generation with Package should generate quote with minimum down payment":
	  <li
	    class="jasmine-passed"
	    id="spec_spec275"
	    title="CotizadorEngineService Quote Generation with Package should generate quote with minimum down payment"
	  />
	
	  Name "CotizadorEngineService Quote Generation with Package should generate quote with custom down payment":
	  <li
	    class="jasmine-passed"
	    id="spec_spec276"
	    title="CotizadorEngineService Quote Generation with Package should generate quote with custom down payment"
	  />
	
	  Name "CotizadorEngineService Package Price Calculation should handle 60-month terms correctly":
	  <li
	    class="jasmine-passed"
	    id="spec_spec267"
	    title="CotizadorEngineService Package Price Calculation should handle 60-month terms correctly"
	  />
	
	  Name "CotizadorEngineService Package Price Calculation should multiply term-based components by years":
	  <li
	    class="jasmine-passed"
	    id="spec_spec266"
	    title="CotizadorEngineService Package Price Calculation should multiply term-based components by years"
	  />
	
	  Name "CotizadorEngineService Package Price Calculation should handle package with no components":
	  <li
	    class="jasmine-passed"
	    id="spec_spec269"
	    title="CotizadorEngineService Package Price Calculation should handle package with no components"
	  />
	
	  Name "CotizadorEngineService Package Price Calculation should skip optional components not selected":
	  <li
	    class="jasmine-passed"
	    id="spec_spec268"
	    title="CotizadorEngineService Package Price Calculation should skip optional components not selected"
	  />
	
	  Name "CotizadorEngineService Package Price Calculation should calculate package price with selected optionals":
	  <li
	    class="jasmine-passed"
	    id="spec_spec265"
	    title="CotizadorEngineService Package Price Calculation should calculate package price with selected optionals"
	  />
	
	  Name "CotizadorEngineService Package Price Calculation should calculate basic package price without optionals":
	  <li
	    class="jasmine-passed"
	    id="spec_spec264"
	    title="CotizadorEngineService Package Price Calculation should calculate basic package price without optionals"
	  />
	
	  Name "CotizadorEngineService Legacy Quote Generation should generate basic quote":
	  <li
	    class="jasmine-passed"
	    id="spec_spec279"
	    title="CotizadorEngineService Legacy Quote Generation should generate basic quote"
	  />
	
	  Name "CotizadorEngineService Balance Calculations should return zero when all payments made":
	  <li
	    class="jasmine-passed"
	    id="spec_spec272"
	    title="CotizadorEngineService Balance Calculations should return zero when all payments made"
	  />
	
	  Name "CotizadorEngineService Balance Calculations should handle no payments made":
	  <li
	    class="jasmine-passed"
	    id="spec_spec273"
	    title="CotizadorEngineService Balance Calculations should handle no payments made"
	  />
	
	  Name "CotizadorEngineService Balance Calculations should calculate balance for zero interest loan":
	  <li
	    class="jasmine-passed"
	    id="spec_spec270"
	    title="CotizadorEngineService Balance Calculations should calculate balance for zero interest loan"
	  />
	
	  Name "CotizadorEngineService Balance Calculations should calculate balance for interest-bearing loan":
	  <li
	    class="jasmine-failed"
	    id="spec_spec271"
	    title="CotizadorEngineService Balance Calculations should calculate balance for interest-bearing loan"
	  />
	
	  Name "CotizadorEngineService Balance Calculations should handle edge case with zero principal":
	  <li
	    class="jasmine-passed"
	    id="spec_spec274"
	    title="CotizadorEngineService Balance Calculations should handle edge case with zero principal"
	  />
	
	  Name "CotizadorEngineService Amortization Table Generation should generate complete amortization table":
	  <li
	    class="jasmine-passed"
	    id="spec_spec280"
	    title="CotizadorEngineService Amortization Table Generation should generate complete amortization table"
	  />
	
	  Name "CotizadorEngineService Amortization Table Generation should have decreasing balance over time":
	  <li
	    class="jasmine-passed"
	    id="spec_spec281"
	    title="CotizadorEngineService Amortization Table Generation should have decreasing balance over time"
	  />
	
	  Name "CotizadorEngineService Market-Specific Business Rules should apply EdoMex collective rules":
	  <li
	    class="jasmine-passed"
	    id="spec_spec293"
	    title="CotizadorEngineService Market-Specific Business Rules should apply EdoMex collective rules"
	  />
	
	  Name "CotizadorEngineService Market-Specific Business Rules should use fallback rules for unknown market":
	  <li
	    class="jasmine-passed"
	    id="spec_spec294"
	    title="CotizadorEngineService Market-Specific Business Rules should use fallback rules for unknown market"
	  />
	
	  Name "CotizadorEngineService Market-Specific Business Rules should apply EdoMex individual rules":
	  <li
	    class="jasmine-passed"
	    id="spec_spec292"
	    title="CotizadorEngineService Market-Specific Business Rules should apply EdoMex individual rules"
	  />
	
	  Name "CotizadorEngineService Market-Specific Business Rules should apply Aguascalientes rules":
	  <li
	    class="jasmine-passed"
	    id="spec_spec291"
	    title="CotizadorEngineService Market-Specific Business Rules should apply Aguascalientes rules"
	  />
	
	  Name "CotizadorEngineService Configuration Validation should validate EdoMex collective requirements":
	  <li
	    class="jasmine-passed"
	    id="spec_spec288"
	    title="CotizadorEngineService Configuration Validation should validate EdoMex collective requirements"
	  />
	
	  Name "CotizadorEngineService Configuration Validation should reject zero or negative price":
	  <li
	    class="jasmine-passed"
	    id="spec_spec285"
	    title="CotizadorEngineService Configuration Validation should reject zero or negative price"
	  />
	
	  Name "CotizadorEngineService Configuration Validation should reject insufficient down payment":
	  <li
	    class="jasmine-passed"
	    id="spec_spec283"
	    title="CotizadorEngineService Configuration Validation should reject insufficient down payment"
	  />
	
	  Name "CotizadorEngineService Configuration Validation should validate correct configuration":
	  <li
	    class="jasmine-passed"
	    id="spec_spec282"
	    title="CotizadorEngineService Configuration Validation should validate correct configuration"
	  />
	
	  Name "CotizadorEngineService Configuration Validation should reject invalid term":
	  <li
	    class="jasmine-passed"
	    id="spec_spec284"
	    title="CotizadorEngineService Configuration Validation should reject invalid term"
	  />
	
	  Name "CotizadorEngineService Configuration Validation should validate EdoMex individual requirements":
	  <li
	    class="jasmine-passed"
	    id="spec_spec287"
	    title="CotizadorEngineService Configuration Validation should validate EdoMex individual requirements"
	  />
	
	  Name "CotizadorEngineService Configuration Validation should reject down payment equal to total price":
	  <li
	    class="jasmine-passed"
	    id="spec_spec286"
	    title="CotizadorEngineService Configuration Validation should reject down payment equal to total price"
	  />
	
	  Name "CotizadorEngineService Financial Summary Calculations should calculate total interest":
	  <li
	    class="jasmine-passed"
	    id="spec_spec289"
	    title="CotizadorEngineService Financial Summary Calculations should calculate total interest"
	  />
	
	  Name "CotizadorEngineService Financial Summary Calculations should generate financial summary":
	  <li
	    class="jasmine-passed"
	    id="spec_spec290"
	    title="CotizadorEngineService Financial Summary Calculations should generate financial summary"
	  />
	
	  Name "CotizadorEngineService Product Package Management should get EdoMex colectivo package":
	  <li
	    class="jasmine-passed"
	    id="spec_spec261"
	    title="CotizadorEngineService Product Package Management should get EdoMex colectivo package"
	  />
	
	  Name "CotizadorEngineService Product Package Management should get Aguascalientes plazo package":
	  <li
	    class="jasmine-passed"
	    id="spec_spec260"
	    title="CotizadorEngineService Product Package Management should get Aguascalientes plazo package"
	  />
	
	  Name "CotizadorEngineService Product Package Management should handle unknown market gracefully":
	  <li
	    class="jasmine-passed"
	    id="spec_spec263"
	    title="CotizadorEngineService Product Package Management should handle unknown market gracefully"
	  />
	
	  Name "CotizadorEngineService Product Package Management should get EdoMex directa package":
	  <li
	    class="jasmine-passed"
	    id="spec_spec262"
	    title="CotizadorEngineService Product Package Management should get EdoMex directa package"
	  />
	
	  Name "CotizadorEngineService Service Initialization should be created":
	  <li
	    class="jasmine-passed"
	    id="spec_spec259"
	    title="CotizadorEngineService Service Initialization should be created"
	  />
	
	  Name "PerformanceConfigService should merge profile-specific overrides":
	  <li
	    class="jasmine-passed"
	    id="spec_spec664"
	    title="PerformanceConfigService should merge profile-specific overrides"
	  />
	
	  Name "PerformanceConfigService getDelay/getTimeout should return numeric values from profile or defaults":
	  <li
	    class="jasmine-passed"
	    id="spec_spec665"
	    title="PerformanceConfigService getDelay/getTimeout should return numeric values from profile or defaults"
	  />
	
	  Name "PerformanceConfigService should override defaults with provided config":
	  <li
	    class="jasmine-passed"
	    id="spec_spec663"
	    title="PerformanceConfigService should override defaults with provided config"
	  />
	
	  Name "PerformanceConfigService should return defaults when no config provided":
	  <li
	    class="jasmine-passed"
	    id="spec_spec662"
	    title="PerformanceConfigService should return defaults when no config provided"
	  />
	
	  Name "SimuladorEngineService Service Initialization should be created":
	  <li
	    class="jasmine-passed"
	    id="spec_spec720"
	    title="SimuladorEngineService Service Initialization should be created"
	  />
	
	  Name "SimuladorEngineService Senior-First Formatting should format scenario summary for seniors":
	  <li
	    class="jasmine-passed"
	    id="spec_spec743"
	    title="SimuladorEngineService Senior-First Formatting should format scenario summary for seniors"
	  />
	
	  Name "SimuladorEngineService Senior-First Formatting should format key numbers correctly":
	  <li
	    class="jasmine-passed"
	    id="spec_spec744"
	    title="SimuladorEngineService Senior-First Formatting should format key numbers correctly"
	  />
	
	  Name "SimuladorEngineService Senior-First Formatting should limit timeline to first 5 events":
	  <li
	    class="jasmine-passed"
	    id="spec_spec746"
	    title="SimuladorEngineService Senior-First Formatting should limit timeline to first 5 events"
	  />
	
	  Name "SimuladorEngineService Senior-First Formatting should format timeline with limited events":
	  <li
	    class="jasmine-passed"
	    id="spec_spec745"
	    title="SimuladorEngineService Senior-First Formatting should format timeline with limited events"
	  />
	
	  Name "SimuladorEngineService Edge Cases and Error Handling should handle very large target amounts":
	  <li
	    class="jasmine-passed"
	    id="spec_spec749"
	    title="SimuladorEngineService Edge Cases and Error Handling should handle very large target amounts"
	  />
	
	  Name "SimuladorEngineService Edge Cases and Error Handling should handle zero consumption in individual scenario":
	  <li
	    class="jasmine-passed"
	    id="spec_spec748"
	    title="SimuladorEngineService Edge Cases and Error Handling should handle zero consumption in individual scenario"
	  />
	
	  Name "SimuladorEngineService Edge Cases and Error Handling should handle zero target amount in AGS scenario":
	  <li
	    class="jasmine-passed"
	    id="spec_spec747"
	    title="SimuladorEngineService Edge Cases and Error Handling should handle zero target amount in AGS scenario"
	  />
	
	  Name "SimuladorEngineService Edge Cases and Error Handling should handle zero member count in collective scenario":
	  <li
	    class="jasmine-passed"
	    id="spec_spec750"
	    title="SimuladorEngineService Edge Cases and Error Handling should handle zero member count in collective scenario"
	  />
	
	  Name "SimuladorEngineService EdoMex Individual Scenario should calculate months to target correctly":
	  <li
	    class="jasmine-passed"
	    id="spec_spec727"
	    title="SimuladorEngineService EdoMex Individual Scenario should calculate months to target correctly"
	  />
	
	  Name "SimuladorEngineService EdoMex Individual Scenario should generate individual savings scenario":
	  <li
	    class="jasmine-passed"
	    id="spec_spec726"
	    title="SimuladorEngineService EdoMex Individual Scenario should generate individual savings scenario"
	  />
	
	  Name "SimuladorEngineService EdoMex Individual Scenario should handle zero voluntary contribution":
	  <li
	    class="jasmine-passed"
	    id="spec_spec729"
	    title="SimuladorEngineService EdoMex Individual Scenario should handle zero voluntary contribution"
	  />
	
	  Name "SimuladorEngineService EdoMex Individual Scenario should generate progressive balance projection":
	  <li
	    class="jasmine-passed"
	    id="spec_spec728"
	    title="SimuladorEngineService EdoMex Individual Scenario should generate progressive balance projection"
	  />
	
	  Name "SimuladorEngineService EdoMex Individual Scenario should create timeline with milestone":
	  <li
	    class="jasmine-passed"
	    id="spec_spec730"
	    title="SimuladorEngineService EdoMex Individual Scenario should create timeline with milestone"
	  />
	
	  Name "SimuladorEngineService EdoMex Collective Scenario should use first award timing from tanda simulation":
	  <li
	    class="jasmine-passed"
	    id="spec_spec734"
	    title="SimuladorEngineService EdoMex Collective Scenario should use first award timing from tanda simulation"
	  />
	
	  Name "SimuladorEngineService EdoMex Collective Scenario should handle missing first award timing":
	  <li
	    class="jasmine-passed"
	    id="spec_spec735"
	    title="SimuladorEngineService EdoMex Collective Scenario should handle missing first award timing"
	  />
	
	  Name "SimuladorEngineService EdoMex Collective Scenario should calculate total savings target based on member count":
	  <li
	    class="jasmine-passed"
	    id="spec_spec733"
	    title="SimuladorEngineService EdoMex Collective Scenario should calculate total savings target based on member count"
	  />
	
	  Name "SimuladorEngineService EdoMex Collective Scenario should generate collective scenario with tanda integration":
	  <li
	    class="jasmine-passed"
	    id="spec_spec731"
	    title="SimuladorEngineService EdoMex Collective Scenario should generate collective scenario with tanda integration"
	  />
	
	  Name "SimuladorEngineService EdoMex Collective Scenario should calculate individual contributions correctly":
	  <li
	    class="jasmine-passed"
	    id="spec_spec732"
	    title="SimuladorEngineService EdoMex Collective Scenario should calculate individual contributions correctly"
	  />
	
	  Name "SimuladorEngineService Scenario Optimization should optimize AGS liquidation scenario":
	  <li
	    class="jasmine-passed"
	    id="spec_spec736"
	    title="SimuladorEngineService Scenario Optimization should optimize AGS liquidation scenario"
	  />
	
	  Name "SimuladorEngineService Scenario Optimization should optimize EdoMex collective scenario":
	  <li
	    class="jasmine-passed"
	    id="spec_spec738"
	    title="SimuladorEngineService Scenario Optimization should optimize EdoMex collective scenario"
	  />
	
	  Name "SimuladorEngineService Scenario Optimization should handle unknown scenario type":
	  <li
	    class="jasmine-passed"
	    id="spec_spec739"
	    title="SimuladorEngineService Scenario Optimization should handle unknown scenario type"
	  />
	
	  Name "SimuladorEngineService Scenario Optimization should optimize EdoMex individual scenario":
	  <li
	    class="jasmine-passed"
	    id="spec_spec737"
	    title="SimuladorEngineService Scenario Optimization should optimize EdoMex individual scenario"
	  />
	
	  Name "SimuladorEngineService Comparison Scenarios should handle empty variations array":
	  <li
	    class="jasmine-passed"
	    id="spec_spec742"
	    title="SimuladorEngineService Comparison Scenarios should handle empty variations array"
	  />
	
	  Name "SimuladorEngineService Comparison Scenarios should preserve other parameters when varying specific ones":
	  <li
	    class="jasmine-passed"
	    id="spec_spec741"
	    title="SimuladorEngineService Comparison Scenarios should preserve other parameters when varying specific ones"
	  />
	
	  Name "SimuladorEngineService Comparison Scenarios should generate comparison scenarios with parameter variations":
	  <li
	    class="jasmine-passed"
	    id="spec_spec740"
	    title="SimuladorEngineService Comparison Scenarios should generate comparison scenarios with parameter variations"
	  />
	
	  Name "SimuladorEngineService AGS Liquidation Scenario should handle single plate scenario":
	  <li
	    class="jasmine-passed"
	    id="spec_spec725"
	    title="SimuladorEngineService AGS Liquidation Scenario should handle single plate scenario"
	  />
	
	  Name "SimuladorEngineService AGS Liquidation Scenario should handle zero consumption scenario":
	  <li
	    class="jasmine-passed"
	    id="spec_spec724"
	    title="SimuladorEngineService AGS Liquidation Scenario should handle zero consumption scenario"
	  />
	
	  Name "SimuladorEngineService AGS Liquidation Scenario should generate basic liquidation scenario":
	  <li
	    class="jasmine-passed"
	    id="spec_spec721"
	    title="SimuladorEngineService AGS Liquidation Scenario should generate basic liquidation scenario"
	  />
	
	  Name "SimuladorEngineService AGS Liquidation Scenario should generate timeline events correctly":
	  <li
	    class="jasmine-passed"
	    id="spec_spec723"
	    title="SimuladorEngineService AGS Liquidation Scenario should generate timeline events correctly"
	  />
	
	  Name "SimuladorEngineService AGS Liquidation Scenario should calculate projected balance correctly":
	  <li
	    class="jasmine-passed"
	    id="spec_spec722"
	    title="SimuladorEngineService AGS Liquidation Scenario should calculate projected balance correctly"
	  />
	
	  Name "OnboardingEngineService should call updateClient with id and updated object on reviewDocument":
	  <li
	    class="jasmine-passed"
	    id="spec_spec661"
	    title="OnboardingEngineService should call updateClient with id and updated object on reviewDocument"
	  />
	
	  Name "OnboardingEngineService should call updateClient with id and updated object on document submission":
	  <li
	    class="jasmine-passed"
	    id="spec_spec660"
	    title="OnboardingEngineService should call updateClient with id and updated object on document submission"
	  />
	
	  Name "ClienteFormComponent should validate phone format":
	  <li
	    class="jasmine-failed"
	    id="spec_spec921"
	    title="ClienteFormComponent should validate phone format"
	  />
	
	  Name "ClienteFormComponent should validate email format":
	  <li
	    class="jasmine-failed"
	    id="spec_spec920"
	    title="ClienteFormComponent should validate email format"
	  />
	
	  Name "ClienteFormComponent should handle API error during client creation":
	  <li
	    class="jasmine-failed"
	    id="spec_spec926"
	    title="ClienteFormComponent should handle API error during client creation"
	  />
	
	  Name "ClienteFormComponent should create":
	  <li
	    class="jasmine-failed"
	    id="spec_spec917"
	    title="ClienteFormComponent should create"
	  />
	
	  Name "ClienteFormComponent should initialize form with default values for new client":
	  <li
	    class="jasmine-failed"
	    id="spec_spec918"
	    title="ClienteFormComponent should initialize form with default values for new client"
	  />
	
	  Name "ClienteFormComponent should validate RFC format if provided":
	  <li
	    class="jasmine-failed"
	    id="spec_spec922"
	    title="ClienteFormComponent should validate RFC format if provided"
	  />
	
	  Name "ClienteFormComponent should navigate back when goBack is called":
	  <li
	    class="jasmine-failed"
	    id="spec_spec928"
	    title="ClienteFormComponent should navigate back when goBack is called"
	  />
	
	  Name "ClienteFormComponent should prevent form submission when invalid":
	  <li
	    class="jasmine-failed"
	    id="spec_spec927"
	    title="ClienteFormComponent should prevent form submission when invalid"
	  />
	
	  Name "ClienteFormComponent should validate required fields":
	  <li
	    class="jasmine-failed"
	    id="spec_spec919"
	    title="ClienteFormComponent should validate required fields"
	  />
	
	  Name "ClienteFormComponent should update existing client with valid form data":
	  <li
	    class="jasmine-failed"
	    id="spec_spec925"
	    title="ClienteFormComponent should update existing client with valid form data"
	  />
	
	  Name "ClienteFormComponent should handle different markets correctly":
	  <li
	    class="jasmine-failed"
	    id="spec_spec931"
	    title="ClienteFormComponent should handle different markets correctly"
	  />
	
	  Name "ClienteFormComponent should clean form when switching between markets":
	  <li
	    class="jasmine-failed"
	    id="spec_spec932"
	    title="ClienteFormComponent should clean form when switching between markets"
	  />
	
	  Name "ClienteFormComponent should handle different business flows correctly":
	  <li
	    class="jasmine-failed"
	    id="spec_spec930"
	    title="ClienteFormComponent should handle different business flows correctly"
	  />
	
	  Name "ClienteFormComponent should load existing client data in edit mode":
	  <li
	    class="jasmine-failed"
	    id="spec_spec924"
	    title="ClienteFormComponent should load existing client data in edit mode"
	  />
	
	  Name "ClienteFormComponent should set loading state during form submission":
	  <li
	    class="jasmine-failed"
	    id="spec_spec929"
	    title="ClienteFormComponent should set loading state during form submission"
	  />
	
	  Name "ClienteFormComponent should create new client with valid form data":
	  <li
	    class="jasmine-failed"
	    id="spec_spec923"
	    title="ClienteFormComponent should create new client with valid form data"
	  />
	
	  Name "PushNotificationService Initialization Flow should return false for denied permission":
	  <li
	    class="jasmine-passed"
	    id="spec_spec719"
	    title="PushNotificationService Initialization Flow should return false for denied permission"
	  />
	
	  Name "PushNotificationService Initialization Flow should return false for unsupported environment":
	  <li
	    class="jasmine-failed"
	    id="spec_spec718"
	    title="PushNotificationService Initialization Flow should return false for unsupported environment"
	  />
	
	  Name "PushNotificationService Initialization Flow should initialize notifications with granted permission":
	  <li
	    class="jasmine-passed"
	    id="spec_spec716"
	    title="PushNotificationService Initialization Flow should initialize notifications with granted permission"
	  />
	
	  Name "PushNotificationService Initialization Flow should request permission for default permission":
	  <li
	    class="jasmine-passed"
	    id="spec_spec717"
	    title="PushNotificationService Initialization Flow should request permission for default permission"
	  />
	
	  Name "PushNotificationService Utility Methods should get notification status":
	  <li
	    class="jasmine-passed"
	    id="spec_spec709"
	    title="PushNotificationService Utility Methods should get notification status"
	  />
	
	  Name "PushNotificationService Utility Methods should detect browser name correctly":
	  <li
	    class="jasmine-passed"
	    id="spec_spec710"
	    title="PushNotificationService Utility Methods should detect browser name correctly"
	  />
	
	  Name "PushNotificationService Utility Methods should detect OS name correctly":
	  <li
	    class="jasmine-passed"
	    id="spec_spec711"
	    title="PushNotificationService Utility Methods should detect OS name correctly"
	  />
	
	  Name "PushNotificationService Utility Methods should convert ArrayBuffer to Base64":
	  <li
	    class="jasmine-passed"
	    id="spec_spec712"
	    title="PushNotificationService Utility Methods should convert ArrayBuffer to Base64"
	  />
	
	  Name "PushNotificationService Utility Methods should get current user ID":
	  <li
	    class="jasmine-passed"
	    id="spec_spec713"
	    title="PushNotificationService Utility Methods should get current user ID"
	  />
	
	  Name "PushNotificationService Utility Methods should get auth token":
	  <li
	    class="jasmine-passed"
	    id="spec_spec715"
	    title="PushNotificationService Utility Methods should get auth token"
	  />
	
	  Name "PushNotificationService Utility Methods should return anonymous for missing user":
	  <li
	    class="jasmine-passed"
	    id="spec_spec714"
	    title="PushNotificationService Utility Methods should return anonymous for missing user"
	  />
	
	  Name "PushNotificationService Test and Debugging should fallback to local notification on API failure":
	  <li
	    class="jasmine-passed"
	    id="spec_spec708"
	    title="PushNotificationService Test and Debugging should fallback to local notification on API failure"
	  />
	
	  Name "PushNotificationService Test and Debugging should send test notification via API":
	  <li
	    class="jasmine-passed"
	    id="spec_spec707"
	    title="PushNotificationService Test and Debugging should send test notification via API"
	  />
	
	  Name "PushNotificationService Service Initialization should initialize with empty notification history":
	  <li
	    class="jasmine-passed"
	    id="spec_spec685"
	    title="PushNotificationService Service Initialization should initialize with empty notification history"
	  />
	
	  Name "PushNotificationService Service Initialization should initialize with no subscription":
	  <li
	    class="jasmine-passed"
	    id="spec_spec684"
	    title="PushNotificationService Service Initialization should initialize with no subscription"
	  />
	
	  Name "PushNotificationService Service Initialization should check push notification support":
	  <li
	    class="jasmine-passed"
	    id="spec_spec682"
	    title="PushNotificationService Service Initialization should check push notification support"
	  />
	
	  Name "PushNotificationService Service Initialization should initialize with default permission":
	  <li
	    class="jasmine-passed"
	    id="spec_spec683"
	    title="PushNotificationService Service Initialization should initialize with default permission"
	  />
	
	  Name "PushNotificationService Service Initialization should be created":
	  <li
	    class="jasmine-passed"
	    id="spec_spec681"
	    title="PushNotificationService Service Initialization should be created"
	  />
	
	  Name "PushNotificationService Notification History should get unread notification count":
	  <li
	    class="jasmine-passed"
	    id="spec_spec701"
	    title="PushNotificationService Notification History should get unread notification count"
	  />
	
	  Name "PushNotificationService Notification History should limit notification history to 50 items":
	  <li
	    class="jasmine-passed"
	    id="spec_spec706"
	    title="PushNotificationService Notification History should limit notification history to 50 items"
	  />
	
	  Name "PushNotificationService Notification History should handle corrupted notification history data":
	  <li
	    class="jasmine-failed"
	    id="spec_spec705"
	    title="PushNotificationService Notification History should handle corrupted notification history data"
	  />
	
	  Name "PushNotificationService Notification History should mark all notifications as read":
	  <li
	    class="jasmine-passed"
	    id="spec_spec702"
	    title="PushNotificationService Notification History should mark all notifications as read"
	  />
	
	  Name "PushNotificationService Notification History should clear notification history":
	  <li
	    class="jasmine-passed"
	    id="spec_spec703"
	    title="PushNotificationService Notification History should clear notification history"
	  />
	
	  Name "PushNotificationService Notification History should load stored notifications on initialization":
	  <li
	    class="jasmine-failed"
	    id="spec_spec704"
	    title="PushNotificationService Notification History should load stored notifications on initialization"
	  />
	
	  Name "PushNotificationService Notification Handling should show in-app notification when document is visible":
	  <li
	    class="jasmine-passed"
	    id="spec_spec698"
	    title="PushNotificationService Notification Handling should show in-app notification when document is visible"
	  />
	
	  Name "PushNotificationService Notification Handling should handle notification clicks":
	  <li
	    class="jasmine-passed"
	    id="spec_spec699"
	    title="PushNotificationService Notification Handling should handle notification clicks"
	  />
	
	  Name "PushNotificationService Notification Handling should navigate to client page for document_pending notifications":
	  <li
	    class="jasmine-failed"
	    id="spec_spec700"
	    title="PushNotificationService Notification Handling should navigate to client page for document_pending notifications"
	  />
	
	  Name "PushNotificationService Notification Handling should setup notification handlers":
	  <li
	    class="jasmine-passed"
	    id="spec_spec696"
	    title="PushNotificationService Notification Handling should setup notification handlers"
	  />
	
	  Name "PushNotificationService Notification Handling should handle incoming notification message":
	  <li
	    class="jasmine-failed"
	    id="spec_spec697"
	    title="PushNotificationService Notification Handling should handle incoming notification message"
	  />
	
	  Name "PushNotificationService Subscription Management should unsubscribe from push notifications":
	  <li
	    class="jasmine-failed"
	    id="spec_spec692"
	    title="PushNotificationService Subscription Management should unsubscribe from push notifications"
	  />
	
	  Name "PushNotificationService Subscription Management should subscribe to push notifications":
	  <li
	    class="jasmine-failed"
	    id="spec_spec689"
	    title="PushNotificationService Subscription Management should subscribe to push notifications"
	  />
	
	  Name "PushNotificationService Subscription Management should load existing subscription from localStorage":
	  <li
	    class="jasmine-failed"
	    id="spec_spec694"
	    title="PushNotificationService Subscription Management should load existing subscription from localStorage"
	  />
	
	  Name "PushNotificationService Subscription Management should handle corrupted localStorage subscription data":
	  <li
	    class="jasmine-failed"
	    id="spec_spec695"
	    title="PushNotificationService Subscription Management should handle corrupted localStorage subscription data"
	  />
	
	  Name "PushNotificationService Subscription Management should handle unsubscribe failures gracefully":
	  <li
	    class="jasmine-passed"
	    id="spec_spec693"
	    title="PushNotificationService Subscription Management should handle unsubscribe failures gracefully"
	  />
	
	  Name "PushNotificationService Subscription Management should return null when permission not granted":
	  <li
	    class="jasmine-passed"
	    id="spec_spec690"
	    title="PushNotificationService Subscription Management should return null when permission not granted"
	  />
	
	  Name "PushNotificationService Subscription Management should handle subscription failures":
	  <li
	    class="jasmine-passed"
	    id="spec_spec691"
	    title="PushNotificationService Subscription Management should handle subscription failures"
	  />
	
	  Name "PushNotificationService Permission Management should throw error when push notifications not supported":
	  <li
	    class="jasmine-failed"
	    id="spec_spec688"
	    title="PushNotificationService Permission Management should throw error when push notifications not supported"
	  />
	
	  Name "PushNotificationService Permission Management should handle permission denied":
	  <li
	    class="jasmine-passed"
	    id="spec_spec687"
	    title="PushNotificationService Permission Management should handle permission denied"
	  />
	
	  Name "PushNotificationService Permission Management should request notification permission":
	  <li
	    class="jasmine-passed"
	    id="spec_spec686"
	    title="PushNotificationService Permission Management should request notification permission"
	  />
	
	  Name "math.util helpers should aggregate values":
	  <li
	    class="jasmine-passed"
	    id="spec_spec848"
	    title="math.util helpers should aggregate values"
	  />
	
	  Name "math.util rate conversions should be consistent":
	  <li
	    class="jasmine-passed"
	    id="spec_spec846"
	    title="math.util rate conversions should be consistent"
	  />
	
	  Name "math.util annuity should compute payment correctly":
	  <li
	    class="jasmine-passed"
	    id="spec_spec847"
	    title="math.util annuity should compute payment correctly"
	  />
	
	  Name "math.util round2 should round to 2 decimals":
	  <li
	    class="jasmine-passed"
	    id="spec_spec843"
	    title="math.util round2 should round to 2 decimals"
	  />
	
	  Name "math.util safe operations should reduce FP drift":
	  <li
	    class="jasmine-passed"
	    id="spec_spec844"
	    title="math.util safe operations should reduce FP drift"
	  />
	
	  Name "math.util monthsToYearsCeil should ceil to years":
	  <li
	    class="jasmine-passed"
	    id="spec_spec849"
	    title="math.util monthsToYearsCeil should ceil to years"
	  />
	
	  Name "math.util clamp should bound values":
	  <li
	    class="jasmine-passed"
	    id="spec_spec845"
	    title="math.util clamp should bound values"
	  />
	
	  Name "BusinessRulesService Age Calculation should handle birthday not yet reached this year":
	  <li
	    class="jasmine-passed"
	    id="spec_spec154"
	    title="BusinessRulesService Age Calculation should handle birthday not yet reached this year"
	  />
	
	  Name "BusinessRulesService Age Calculation should calculate age correctly":
	  <li
	    class="jasmine-passed"
	    id="spec_spec153"
	    title="BusinessRulesService Age Calculation should calculate age correctly"
	  />
	
	  Name "BusinessRulesService Market Requirements should get Aguascalientes requirements":
	  <li
	    class="jasmine-passed"
	    id="spec_spec143"
	    title="BusinessRulesService Market Requirements should get Aguascalientes requirements"
	  />
	
	  Name "BusinessRulesService Market Requirements should get Estado de México requirements":
	  <li
	    class="jasmine-passed"
	    id="spec_spec144"
	    title="BusinessRulesService Market Requirements should get Estado de México requirements"
	  />
	
	  Name "BusinessRulesService Market Requirements should include required documents for each market":
	  <li
	    class="jasmine-passed"
	    id="spec_spec145"
	    title="BusinessRulesService Market Requirements should include required documents for each market"
	  />
	
	  Name "BusinessRulesService Business Flow Change Validation should allow flow change when no documents are approved":
	  <li
	    class="jasmine-passed"
	    id="spec_spec146"
	    title="BusinessRulesService Business Flow Change Validation should allow flow change when no documents are approved"
	  />
	
	  Name "BusinessRulesService Business Flow Change Validation should not allow flow change when documents are approved":
	  <li
	    class="jasmine-passed"
	    id="spec_spec147"
	    title="BusinessRulesService Business Flow Change Validation should not allow flow change when documents are approved"
	  />
	
	  Name "BusinessRulesService Business Flow Change Validation should not allow collective credit in Aguascalientes":
	  <li
	    class="jasmine-passed"
	    id="spec_spec148"
	    title="BusinessRulesService Business Flow Change Validation should not allow collective credit in Aguascalientes"
	  />
	
	  Name "BusinessRulesService Business Flow Change Validation should require ecosystem for EdoMex collective credit":
	  <li
	    class="jasmine-passed"
	    id="spec_spec149"
	    title="BusinessRulesService Business Flow Change Validation should require ecosystem for EdoMex collective credit"
	  />
	
	  Name "BusinessRulesService Market Requirements Special Rules should include EdoMex specific rules about ecosystem":
	  <li
	    class="jasmine-passed"
	    id="spec_spec162"
	    title="BusinessRulesService Market Requirements Special Rules should include EdoMex specific rules about ecosystem"
	  />
	
	  Name "BusinessRulesService Market Requirements Special Rules should include AGS specific rules about credit types":
	  <li
	    class="jasmine-passed"
	    id="spec_spec161"
	    title="BusinessRulesService Market Requirements Special Rules should include AGS specific rules about credit types"
	  />
	
	  Name "BusinessRulesService Helper Methods should generate ecosystem validation notes":
	  <li
	    class="jasmine-passed"
	    id="spec_spec157"
	    title="BusinessRulesService Helper Methods should generate ecosystem validation notes"
	  />
	
	  Name "BusinessRulesService Helper Methods should consolidate validation results correctly":
	  <li
	    class="jasmine-passed"
	    id="spec_spec155"
	    title="BusinessRulesService Helper Methods should consolidate validation results correctly"
	  />
	
	  Name "BusinessRulesService Helper Methods should get ecosystem required documents":
	  <li
	    class="jasmine-passed"
	    id="spec_spec156"
	    title="BusinessRulesService Helper Methods should get ecosystem required documents"
	  />
	
	  Name "BusinessRulesService Collective Group Validation Details should validate down payment minimum for collective credit":
	  <li
	    class="jasmine-passed"
	    id="spec_spec160"
	    title="BusinessRulesService Collective Group Validation Details should validate down payment minimum for collective credit"
	  />
	
	  Name "BusinessRulesService Collective Group Validation Details should validate down payment range for collective credit":
	  <li
	    class="jasmine-passed"
	    id="spec_spec159"
	    title="BusinessRulesService Collective Group Validation Details should validate down payment range for collective credit"
	  />
	
	  Name "BusinessRulesService Collective Group Validation Details should validate minimum group size":
	  <li
	    class="jasmine-passed"
	    id="spec_spec158"
	    title="BusinessRulesService Collective Group Validation Details should validate minimum group size"
	  />
	
	  Name "BusinessRulesService Credit History Validation should warn about low credit score":
	  <li
	    class="jasmine-passed"
	    id="spec_spec151"
	    title="BusinessRulesService Credit History Validation should warn about low credit score"
	  />
	
	  Name "BusinessRulesService Credit History Validation should validate credit history with simulated score":
	  <li
	    class="jasmine-passed"
	    id="spec_spec150"
	    title="BusinessRulesService Credit History Validation should validate credit history with simulated score"
	  />
	
	  Name "BusinessRulesService Credit History Validation should recommend special conditions for very low score":
	  <li
	    class="jasmine-passed"
	    id="spec_spec152"
	    title="BusinessRulesService Credit History Validation should recommend special conditions for very low score"
	  />
	
	  Name "BusinessRulesService Ecosystem Validation Edge Cases should properly identify required vs optional documents":
	  <li
	    class="jasmine-failed"
	    id="spec_spec164"
	    title="BusinessRulesService Ecosystem Validation Edge Cases should properly identify required vs optional documents"
	  />
	
	  Name "BusinessRulesService Ecosystem Validation Edge Cases should handle ecosystem validation with partial documents":
	  <li
	    class="jasmine-passed"
	    id="spec_spec163"
	    title="BusinessRulesService Ecosystem Validation Edge Cases should handle ecosystem validation with partial documents"
	  />
	
	  Name "BusinessRulesService Service Initialization should have universal rules":
	  <li
	    class="jasmine-passed"
	    id="spec_spec120"
	    title="BusinessRulesService Service Initialization should have universal rules"
	  />
	
	  Name "BusinessRulesService Service Initialization should have EdoMex specific rules":
	  <li
	    class="jasmine-passed"
	    id="spec_spec119"
	    title="BusinessRulesService Service Initialization should have EdoMex specific rules"
	  />
	
	  Name "BusinessRulesService Service Initialization should be created":
	  <li
	    class="jasmine-passed"
	    id="spec_spec116"
	    title="BusinessRulesService Service Initialization should be created"
	  />
	
	  Name "BusinessRulesService Service Initialization should have AGS specific rules":
	  <li
	    class="jasmine-passed"
	    id="spec_spec118"
	    title="BusinessRulesService Service Initialization should have AGS specific rules"
	  />
	
	  Name "BusinessRulesService Service Initialization should initialize validation rules":
	  <li
	    class="jasmine-passed"
	    id="spec_spec117"
	    title="BusinessRulesService Service Initialization should initialize validation rules"
	  />
	
	  Name "BusinessRulesService EdoMex Specific Validations should require group assignment for collective credit":
	  <li
	    class="jasmine-passed"
	    id="spec_spec136"
	    title="BusinessRulesService EdoMex Specific Validations should require group assignment for collective credit"
	  />
	
	  Name "BusinessRulesService EdoMex Specific Validations should require ecosystem assignment for EdoMex":
	  <li
	    class="jasmine-passed"
	    id="spec_spec133"
	    title="BusinessRulesService EdoMex Specific Validations should require ecosystem assignment for EdoMex"
	  />
	
	  Name "BusinessRulesService EdoMex Specific Validations should validate collective group requirements":
	  <li
	    class="jasmine-passed"
	    id="spec_spec135"
	    title="BusinessRulesService EdoMex Specific Validations should validate collective group requirements"
	  />
	
	  Name "BusinessRulesService EdoMex Specific Validations should validate EdoMex payment capacity ($20,000 minimum)":
	  <li
	    class="jasmine-passed"
	    id="spec_spec137"
	    title="BusinessRulesService EdoMex Specific Validations should validate EdoMex payment capacity ($20,000 minimum)"
	  />
	
	  Name "BusinessRulesService EdoMex Specific Validations should warn about high payment-to-income ratio":
	  <li
	    class="jasmine-passed"
	    id="spec_spec138"
	    title="BusinessRulesService EdoMex Specific Validations should warn about high payment-to-income ratio"
	  />
	
	  Name "BusinessRulesService EdoMex Specific Validations should validate EdoMex ecosystem documents":
	  <li
	    class="jasmine-passed"
	    id="spec_spec134"
	    title="BusinessRulesService EdoMex Specific Validations should validate EdoMex ecosystem documents"
	  />
	
	  Name "BusinessRulesService Ecosystem Validation should fail ecosystem validation for client without ecosystem":
	  <li
	    class="jasmine-passed"
	    id="spec_spec140"
	    title="BusinessRulesService Ecosystem Validation should fail ecosystem validation for client without ecosystem"
	  />
	
	  Name "BusinessRulesService Ecosystem Validation should throw error for AGS client ecosystem validation":
	  <li
	    class="jasmine-passed"
	    id="spec_spec141"
	    title="BusinessRulesService Ecosystem Validation should throw error for AGS client ecosystem validation"
	  />
	
	  Name "BusinessRulesService Ecosystem Validation should identify missing ecosystem documents":
	  <li
	    class="jasmine-passed"
	    id="spec_spec142"
	    title="BusinessRulesService Ecosystem Validation should identify missing ecosystem documents"
	  />
	
	  Name "BusinessRulesService Ecosystem Validation should validate ecosystem for EdoMex client":
	  <li
	    class="jasmine-failed"
	    id="spec_spec139"
	    title="BusinessRulesService Ecosystem Validation should validate ecosystem for EdoMex client"
	  />
	
	  Name "BusinessRulesService Client Validation should filter rules by business flow correctly":
	  <li
	    class="jasmine-passed"
	    id="spec_spec128"
	    title="BusinessRulesService Client Validation should filter rules by business flow correctly"
	  />
	
	  Name "BusinessRulesService Client Validation should filter rules by market correctly":
	  <li
	    class="jasmine-passed"
	    id="spec_spec127"
	    title="BusinessRulesService Client Validation should filter rules by market correctly"
	  />
	
	  Name "BusinessRulesService Client Validation should fail validation for underage client":
	  <li
	    class="jasmine-passed"
	    id="spec_spec124"
	    title="BusinessRulesService Client Validation should fail validation for underage client"
	  />
	
	  Name "BusinessRulesService Client Validation should fail validation for client with missing documents":
	  <li
	    class="jasmine-passed"
	    id="spec_spec123"
	    title="BusinessRulesService Client Validation should fail validation for client with missing documents"
	  />
	
	  Name "BusinessRulesService Client Validation should fail validation for client without income":
	  <li
	    class="jasmine-passed"
	    id="spec_spec126"
	    title="BusinessRulesService Client Validation should fail validation for client without income"
	  />
	
	  Name "BusinessRulesService Client Validation should fail validation for client over age limit":
	  <li
	    class="jasmine-passed"
	    id="spec_spec125"
	    title="BusinessRulesService Client Validation should fail validation for client over age limit"
	  />
	
	  Name "BusinessRulesService Client Validation should validate EdoMex client successfully":
	  <li
	    class="jasmine-passed"
	    id="spec_spec122"
	    title="BusinessRulesService Client Validation should validate EdoMex client successfully"
	  />
	
	  Name "BusinessRulesService Client Validation should validate AGS client successfully":
	  <li
	    class="jasmine-passed"
	    id="spec_spec121"
	    title="BusinessRulesService Client Validation should validate AGS client successfully"
	  />
	
	  Name "BusinessRulesService AGS Specific Validations should validate AGS term requirements (12 or 24 months)":
	  <li
	    class="jasmine-passed"
	    id="spec_spec130"
	    title="BusinessRulesService AGS Specific Validations should validate AGS term requirements (12 or 24 months)"
	  />
	
	  Name "BusinessRulesService AGS Specific Validations should validate AGS minimum income ($15,000)":
	  <li
	    class="jasmine-passed"
	    id="spec_spec131"
	    title="BusinessRulesService AGS Specific Validations should validate AGS minimum income ($15,000)"
	  />
	
	  Name "BusinessRulesService AGS Specific Validations should validate AGS required documents":
	  <li
	    class="jasmine-passed"
	    id="spec_spec132"
	    title="BusinessRulesService AGS Specific Validations should validate AGS required documents"
	  />
	
	  Name "BusinessRulesService AGS Specific Validations should validate AGS down payment requirement (60%)":
	  <li
	    class="jasmine-passed"
	    id="spec_spec129"
	    title="BusinessRulesService AGS Specific Validations should validate AGS down payment requirement (60%)"
	  />
	
	  Name "AppComponent should render title":
	  <li
	    class="jasmine-passed"
	    id="spec_spec2"
	    title="AppComponent should render title"
	  />
	
	  Name "AppComponent should create the app":
	  <li
	    class="jasmine-passed"
	    id="spec_spec0"
	    title="AppComponent should create the app"
	  />
	
	  Name "AppComponent should have the 'conductores-pwa' title":
	  <li
	    class="jasmine-passed"
	    id="spec_spec1"
	    title="AppComponent should have the 'conductores-pwa' title"
	  />
	
	  Name "ToastService Success Toast should create success toast with default duration":
	  <li
	    class="jasmine-passed"
	    id="spec_spec781"
	    title="ToastService Success Toast should create success toast with default duration"
	  />
	
	  Name "ToastService Success Toast should create success toast with custom duration":
	  <li
	    class="jasmine-passed"
	    id="spec_spec782"
	    title="ToastService Success Toast should create success toast with custom duration"
	  />
	
	  Name "ToastService Success Toast should add success toast to toasts array":
	  <li
	    class="jasmine-passed"
	    id="spec_spec783"
	    title="ToastService Success Toast should add success toast to toasts array"
	  />
	
	  Name "ToastService Error Toast should create error toast with default duration":
	  <li
	    class="jasmine-passed"
	    id="spec_spec784"
	    title="ToastService Error Toast should create error toast with default duration"
	  />
	
	  Name "ToastService Error Toast should create error toast with custom duration":
	  <li
	    class="jasmine-passed"
	    id="spec_spec785"
	    title="ToastService Error Toast should create error toast with custom duration"
	  />
	
	  Name "ToastService Edge Cases should handle zero duration":
	  <li
	    class="jasmine-passed"
	    id="spec_spec802"
	    title="ToastService Edge Cases should handle zero duration"
	  />
	
	  Name "ToastService Edge Cases should handle empty message":
	  <li
	    class="jasmine-passed"
	    id="spec_spec800"
	    title="ToastService Edge Cases should handle empty message"
	  />
	
	  Name "ToastService Edge Cases should handle rapid consecutive toasts":
	  <li
	    class="jasmine-failed"
	    id="spec_spec805"
	    title="ToastService Edge Cases should handle rapid consecutive toasts"
	  />
	
	  Name "ToastService Edge Cases should handle negative duration":
	  <li
	    class="jasmine-passed"
	    id="spec_spec803"
	    title="ToastService Edge Cases should handle negative duration"
	  />
	
	  Name "ToastService Edge Cases should handle special characters in message":
	  <li
	    class="jasmine-passed"
	    id="spec_spec804"
	    title="ToastService Edge Cases should handle special characters in message"
	  />
	
	  Name "ToastService Edge Cases should handle very long message":
	  <li
	    class="jasmine-passed"
	    id="spec_spec801"
	    title="ToastService Edge Cases should handle very long message"
	  />
	
	  Name "ToastService Observable Behavior should emit toasts through observable":
	  <li
	    class="jasmine-passed"
	    id="spec_spec797"
	    title="ToastService Observable Behavior should emit toasts through observable"
	  />
	
	  Name "ToastService Observable Behavior should emit each toast separately":
	  <li
	    class="jasmine-passed"
	    id="spec_spec799"
	    title="ToastService Observable Behavior should emit each toast separately"
	  />
	
	  Name "ToastService Observable Behavior should support multiple subscribers":
	  <li
	    class="jasmine-passed"
	    id="spec_spec798"
	    title="ToastService Observable Behavior should support multiple subscribers"
	  />
	
	  Name "ToastService Toast State Management should handle removing all toasts":
	  <li
	    class="jasmine-passed"
	    id="spec_spec807"
	    title="ToastService Toast State Management should handle removing all toasts"
	  />
	
	  Name "ToastService Toast State Management should maintain correct state after multiple operations":
	  <li
	    class="jasmine-failed"
	    id="spec_spec806"
	    title="ToastService Toast State Management should maintain correct state after multiple operations"
	  />
	
	  Name "ToastService Warning Toast should create warning toast with default duration":
	  <li
	    class="jasmine-passed"
	    id="spec_spec786"
	    title="ToastService Warning Toast should create warning toast with default duration"
	  />
	
	  Name "ToastService Warning Toast should create warning toast with custom duration":
	  <li
	    class="jasmine-passed"
	    id="spec_spec787"
	    title="ToastService Warning Toast should create warning toast with custom duration"
	  />
	
	  Name "ToastService Service Initialization should be created":
	  <li
	    class="jasmine-passed"
	    id="spec_spec778"
	    title="ToastService Service Initialization should be created"
	  />
	
	  Name "ToastService Service Initialization should have toasts$ observable":
	  <li
	    class="jasmine-passed"
	    id="spec_spec780"
	    title="ToastService Service Initialization should have toasts$ observable"
	  />
	
	  Name "ToastService Service Initialization should initialize with empty toasts array":
	  <li
	    class="jasmine-passed"
	    id="spec_spec779"
	    title="ToastService Service Initialization should initialize with empty toasts array"
	  />
	
	  Name "ToastService Toast Management should remove toast by ID":
	  <li
	    class="jasmine-passed"
	    id="spec_spec791"
	    title="ToastService Toast Management should remove toast by ID"
	  />
	
	  Name "ToastService Toast Management should generate unique IDs for different toasts":
	  <li
	    class="jasmine-failed"
	    id="spec_spec790"
	    title="ToastService Toast Management should generate unique IDs for different toasts"
	  />
	
	  Name "ToastService Toast Management should remove only specified toast when multiple exist":
	  <li
	    class="jasmine-failed"
	    id="spec_spec793"
	    title="ToastService Toast Management should remove only specified toast when multiple exist"
	  />
	
	  Name "ToastService Toast Management should handle removing non-existent toast ID":
	  <li
	    class="jasmine-passed"
	    id="spec_spec792"
	    title="ToastService Toast Management should handle removing non-existent toast ID"
	  />
	
	  Name "ToastService Info Toast should create info toast with default duration":
	  <li
	    class="jasmine-passed"
	    id="spec_spec788"
	    title="ToastService Info Toast should create info toast with default duration"
	  />
	
	  Name "ToastService Info Toast should create info toast with custom duration":
	  <li
	    class="jasmine-passed"
	    id="spec_spec789"
	    title="ToastService Info Toast should create info toast with custom duration"
	  />
	
	  Name "ToastService Auto-removal Functionality should auto-remove toast after specified duration":
	  <li
	    class="jasmine-passed"
	    id="spec_spec794"
	    title="ToastService Auto-removal Functionality should auto-remove toast after specified duration"
	  />
	
	  Name "ToastService Auto-removal Functionality should handle manual removal before auto-removal":
	  <li
	    class="jasmine-passed"
	    id="spec_spec796"
	    title="ToastService Auto-removal Functionality should handle manual removal before auto-removal"
	  />
	
	  Name "ToastService Auto-removal Functionality should auto-remove multiple toasts at different times":
	  <li
	    class="jasmine-failed"
	    id="spec_spec795"
	    title="ToastService Auto-removal Functionality should auto-remove multiple toasts at different times"
	  />
	
	  Name "LoginComponent Accessibility Tests Progressive Enhancement should degrade gracefully":
	  <li
	    class="jasmine-passed"
	    id="spec_spec892"
	    title="LoginComponent Accessibility Tests Progressive Enhancement should degrade gracefully"
	  />
	
	  Name "LoginComponent Accessibility Tests Progressive Enhancement should work without JavaScript enhancements":
	  <li
	    class="jasmine-passed"
	    id="spec_spec891"
	    title="LoginComponent Accessibility Tests Progressive Enhancement should work without JavaScript enhancements"
	  />
	
	  Name "LoginComponent Accessibility Tests Error Handling Accessibility should announce authentication errors accessibly":
	  <li
	    class="jasmine-failed"
	    id="spec_spec889"
	    title="LoginComponent Accessibility Tests Error Handling Accessibility should announce authentication errors accessibly"
	  />
	
	  Name "LoginComponent Accessibility Tests Error Handling Accessibility should provide recovery instructions for errors":
	  <li
	    class="jasmine-empty"
	    id="spec_spec890"
	    title="LoginComponent Accessibility Tests Error Handling Accessibility should provide recovery instructions for errors"
	  />
	
	  Name "LoginComponent Accessibility Tests LoginComponent should be accessible":
	  <li
	    class="jasmine-passed"
	    id="spec_spec893"
	    title="LoginComponent Accessibility Tests LoginComponent should be accessible"
	  />
	
	  Name "LoginComponent Accessibility Tests Form Accessibility should have properly labeled form controls":
	  <li
	    class="jasmine-passed"
	    id="spec_spec871"
	    title="LoginComponent Accessibility Tests Form Accessibility should have properly labeled form controls"
	  />
	
	  Name "LoginComponent Accessibility Tests Form Accessibility should have appropriate input types and attributes":
	  <li
	    class="jasmine-failed"
	    id="spec_spec872"
	    title="LoginComponent Accessibility Tests Form Accessibility should have appropriate input types and attributes"
	  />
	
	  Name "LoginComponent Accessibility Tests Form Accessibility should pass automated accessibility tests":
	  <li
	    class="jasmine-passed"
	    id="spec_spec869"
	    title="LoginComponent Accessibility Tests Form Accessibility should pass automated accessibility tests"
	  />
	
	  Name "LoginComponent Accessibility Tests Form Accessibility should announce form submission status":
	  <li
	    class="jasmine-passed"
	    id="spec_spec874"
	    title="LoginComponent Accessibility Tests Form Accessibility should announce form submission status"
	  />
	
	  Name "LoginComponent Accessibility Tests Form Accessibility should provide accessible error messages":
	  <li
	    class="jasmine-passed"
	    id="spec_spec873"
	    title="LoginComponent Accessibility Tests Form Accessibility should provide accessible error messages"
	  />
	
	  Name "LoginComponent Accessibility Tests Form Accessibility should pass form-specific accessibility tests":
	  <li
	    class="jasmine-passed"
	    id="spec_spec870"
	    title="LoginComponent Accessibility Tests Form Accessibility should pass form-specific accessibility tests"
	  />
	
	  Name "LoginComponent Accessibility Tests LoginComponent should have no accessibility violations":
	  <li
	    class="jasmine-passed"
	    id="spec_spec894"
	    title="LoginComponent Accessibility Tests LoginComponent should have no accessibility violations"
	  />
	
	  Name "LoginComponent Accessibility Tests Mobile and Touch Accessibility should be responsive and maintain accessibility":
	  <li
	    class="jasmine-passed"
	    id="spec_spec888"
	    title="LoginComponent Accessibility Tests Mobile and Touch Accessibility should be responsive and maintain accessibility"
	  />
	
	  Name "LoginComponent Accessibility Tests Mobile and Touch Accessibility should have adequate touch targets":
	  <li
	    class="jasmine-failed"
	    id="spec_spec887"
	    title="LoginComponent Accessibility Tests Mobile and Touch Accessibility should have adequate touch targets"
	  />
	
	  Name "LoginComponent Accessibility Tests Visual and Interaction Accessibility should have focus indicators for all interactive elements":
	  <li
	    class="jasmine-passed"
	    id="spec_spec878"
	    title="LoginComponent Accessibility Tests Visual and Interaction Accessibility should have focus indicators for all interactive elements"
	  />
	
	  Name "LoginComponent Accessibility Tests Visual and Interaction Accessibility should not rely solely on color for form validation":
	  <li
	    class="jasmine-failed"
	    id="spec_spec877"
	    title="LoginComponent Accessibility Tests Visual and Interaction Accessibility should not rely solely on color for form validation"
	  />
	
	  Name "LoginComponent Accessibility Tests Visual and Interaction Accessibility should have accessible password visibility toggle":
	  <li
	    class="jasmine-failed"
	    id="spec_spec875"
	    title="LoginComponent Accessibility Tests Visual and Interaction Accessibility should have accessible password visibility toggle"
	  />
	
	  Name "LoginComponent Accessibility Tests Visual and Interaction Accessibility should have sufficient color contrast":
	  <li
	    class="jasmine-passed"
	    id="spec_spec876"
	    title="LoginComponent Accessibility Tests Visual and Interaction Accessibility should have sufficient color contrast"
	  />
	
	  Name "LoginComponent Accessibility Tests Screen Reader Support should provide form context and instructions":
	  <li
	    class="jasmine-passed"
	    id="spec_spec884"
	    title="LoginComponent Accessibility Tests Screen Reader Support should provide form context and instructions"
	  />
	
	  Name "LoginComponent Accessibility Tests Screen Reader Support should provide meaningful page structure":
	  <li
	    class="jasmine-passed"
	    id="spec_spec883"
	    title="LoginComponent Accessibility Tests Screen Reader Support should provide meaningful page structure"
	  />
	
	  Name "LoginComponent Accessibility Tests Screen Reader Support should provide meaningful button labels":
	  <li
	    class="jasmine-passed"
	    id="spec_spec886"
	    title="LoginComponent Accessibility Tests Screen Reader Support should provide meaningful button labels"
	  />
	
	  Name "LoginComponent Accessibility Tests Screen Reader Support should announce loading states":
	  <li
	    class="jasmine-failed"
	    id="spec_spec885"
	    title="LoginComponent Accessibility Tests Screen Reader Support should announce loading states"
	  />
	
	  Name "LoginComponent Accessibility Tests Keyboard Navigation should support keyboard-only navigation":
	  <li
	    class="jasmine-passed"
	    id="spec_spec879"
	    title="LoginComponent Accessibility Tests Keyboard Navigation should support keyboard-only navigation"
	  />
	
	  Name "LoginComponent Accessibility Tests Keyboard Navigation should have logical tab order":
	  <li
	    class="jasmine-passed"
	    id="spec_spec880"
	    title="LoginComponent Accessibility Tests Keyboard Navigation should have logical tab order"
	  />
	
	  Name "LoginComponent Accessibility Tests Keyboard Navigation should support Escape key functionality":
	  <li
	    class="jasmine-passed"
	    id="spec_spec882"
	    title="LoginComponent Accessibility Tests Keyboard Navigation should support Escape key functionality"
	  />
	
	  Name "LoginComponent Accessibility Tests Keyboard Navigation should handle Enter key submission":
	  <li
	    class="jasmine-passed"
	    id="spec_spec881"
	    title="LoginComponent Accessibility Tests Keyboard Navigation should handle Enter key submission"
	  />
	
	  Name "LoginComponent Accessibility Tests LoginComponent interactive elements should be keyboard accessible":
	  <li
	    class="jasmine-passed"
	    id="spec_spec895"
	    title="LoginComponent Accessibility Tests LoginComponent interactive elements should be keyboard accessible"
	  />
	
	  Name "LoginComponent Accessibility Tests LoginComponent form controls should have labels":
	  <li
	    class="jasmine-passed"
	    id="spec_spec896"
	    title="LoginComponent Accessibility Tests LoginComponent form controls should have labels"
	  />
	
	  Name "LoginComponent should initialize form with empty values":
	  <li
	    class="jasmine-passed"
	    id="spec_spec898"
	    title="LoginComponent should initialize form with empty values"
	  />
	
	  Name "LoginComponent should show required validation errors":
	  <li
	    class="jasmine-passed"
	    id="spec_spec899"
	    title="LoginComponent should show required validation errors"
	  />
	
	  Name "LoginComponent should show email format validation error":
	  <li
	    class="jasmine-passed"
	    id="spec_spec900"
	    title="LoginComponent should show email format validation error"
	  />
	
	  Name "LoginComponent should validate password length":
	  <li
	    class="jasmine-passed"
	    id="spec_spec901"
	    title="LoginComponent should validate password length"
	  />
	
	  Name "LoginComponent should create":
	  <li
	    class="jasmine-passed"
	    id="spec_spec897"
	    title="LoginComponent should create"
	  />
	
	  Name "LoginComponent should accept valid form inputs":
	  <li
	    class="jasmine-passed"
	    id="spec_spec902"
	    title="LoginComponent should accept valid form inputs"
	  />
	
	  Name "LoginComponent should call performLogin when form is valid":
	  <li
	    class="jasmine-failed"
	    id="spec_spec904"
	    title="LoginComponent should call performLogin when form is valid"
	  />
	
	  Name "LoginComponent should navigate to dashboard on successful login":
	  <li
	    class="jasmine-failed"
	    id="spec_spec905"
	    title="LoginComponent should navigate to dashboard on successful login"
	  />
	
	  Name "LoginComponent should handle login loading state":
	  <li
	    class="jasmine-passed"
	    id="spec_spec906"
	    title="LoginComponent should handle login loading state"
	  />
	
	  Name "LoginComponent should toggle password visibility":
	  <li
	    class="jasmine-passed"
	    id="spec_spec907"
	    title="LoginComponent should toggle password visibility"
	  />
	
	  Name "LoginComponent should handle keyboard navigation":
	  <li
	    class="jasmine-passed"
	    id="spec_spec908"
	    title="LoginComponent should handle keyboard navigation"
	  />
	
	  Name "LoginComponent should prevent form submission when invalid":
	  <li
	    class="jasmine-passed"
	    id="spec_spec903"
	    title="LoginComponent should prevent form submission when invalid"
	  />
	
	  Name "WhatsappService Core Messaging should send template message successfully":
	  <li
	    class="jasmine-failed"
	    id="spec_spec810"
	    title="WhatsappService Core Messaging should send template message successfully"
	  />
	
	  Name "WhatsappService Core Messaging should send text message successfully":
	  <li
	    class="jasmine-failed"
	    id="spec_spec809"
	    title="WhatsappService Core Messaging should send text message successfully"
	  />
	
	  Name "WhatsappService Core Messaging should handle message sending errors":
	  <li
	    class="jasmine-failed"
	    id="spec_spec811"
	    title="WhatsappService Core Messaging should handle message sending errors"
	  />
	
	  Name "WhatsappService Service Initialization should be created":
	  <li
	    class="jasmine-passed"
	    id="spec_spec808"
	    title="WhatsappService Service Initialization should be created"
	  />
	
	  Name "WhatsappService Edge Cases and Boundary Conditions should handle webhook with no changes":
	  <li
	    class="jasmine-passed"
	    id="spec_spec836"
	    title="WhatsappService Edge Cases and Boundary Conditions should handle webhook with no changes"
	  />
	
	  Name "WhatsappService Edge Cases and Boundary Conditions should handle empty webhook entries":
	  <li
	    class="jasmine-passed"
	    id="spec_spec835"
	    title="WhatsappService Edge Cases and Boundary Conditions should handle empty webhook entries"
	  />
	
	  Name "WhatsappService Edge Cases and Boundary Conditions should handle special characters in phone numbers":
	  <li
	    class="jasmine-failed"
	    id="spec_spec838"
	    title="WhatsappService Edge Cases and Boundary Conditions should handle special characters in phone numbers"
	  />
	
	  Name "WhatsappService Edge Cases and Boundary Conditions should handle very long message text":
	  <li
	    class="jasmine-failed"
	    id="spec_spec837"
	    title="WhatsappService Edge Cases and Boundary Conditions should handle very long message text"
	  />
	
	  Name "WhatsappService Error Handling should retry failed requests":
	  <li
	    class="jasmine-failed"
	    id="spec_spec834"
	    title="WhatsappService Error Handling should retry failed requests"
	  />
	
	  Name "WhatsappService Error Handling should handle network errors":
	  <li
	    class="jasmine-failed"
	    id="spec_spec832"
	    title="WhatsappService Error Handling should handle network errors"
	  />
	
	  Name "WhatsappService Error Handling should handle API errors with detailed messages":
	  <li
	    class="jasmine-failed"
	    id="spec_spec833"
	    title="WhatsappService Error Handling should handle API errors with detailed messages"
	  />
	
	  Name "WhatsappService Business Logic Templates should send GNV overage notification":
	  <li
	    class="jasmine-failed"
	    id="spec_spec813"
	    title="WhatsappService Business Logic Templates should send GNV overage notification"
	  />
	
	  Name "WhatsappService Business Logic Templates should send payment notification":
	  <li
	    class="jasmine-failed"
	    id="spec_spec812"
	    title="WhatsappService Business Logic Templates should send payment notification"
	  />
	
	  Name "WhatsappService Business Logic Templates should send contract approved notification":
	  <li
	    class="jasmine-failed"
	    id="spec_spec815"
	    title="WhatsappService Business Logic Templates should send contract approved notification"
	  />
	
	  Name "WhatsappService Business Logic Templates should send document pending notification":
	  <li
	    class="jasmine-failed"
	    id="spec_spec814"
	    title="WhatsappService Business Logic Templates should send document pending notification"
	  />
	
	  Name "WhatsappService Business Logic Templates should send welcome message":
	  <li
	    class="jasmine-failed"
	    id="spec_spec816"
	    title="WhatsappService Business Logic Templates should send welcome message"
	  />
	
	  Name "WhatsappService Analytics & Reporting should get delivery report for specific message":
	  <li
	    class="jasmine-passed"
	    id="spec_spec831"
	    title="WhatsappService Analytics & Reporting should get delivery report for specific message"
	  />
	
	  Name "WhatsappService Analytics & Reporting should get message analytics":
	  <li
	    class="jasmine-passed"
	    id="spec_spec830"
	    title="WhatsappService Analytics & Reporting should get message analytics"
	  />
	
	  Name "WhatsappService Template Management should get template status":
	  <li
	    class="jasmine-failed"
	    id="spec_spec828"
	    title="WhatsappService Template Management should get template status"
	  />
	
	  Name "WhatsappService Template Management should handle template status errors":
	  <li
	    class="jasmine-failed"
	    id="spec_spec829"
	    title="WhatsappService Template Management should handle template status errors"
	  />
	
	  Name "WhatsappService Webhook Handling should verify webhook with correct token":
	  <li
	    class="jasmine-failed"
	    id="spec_spec820"
	    title="WhatsappService Webhook Handling should verify webhook with correct token"
	  />
	
	  Name "WhatsappService Webhook Handling should reject webhook with incorrect token":
	  <li
	    class="jasmine-passed"
	    id="spec_spec821"
	    title="WhatsappService Webhook Handling should reject webhook with incorrect token"
	  />
	
	  Name "WhatsappService Webhook Handling should reject webhook with incorrect mode":
	  <li
	    class="jasmine-passed"
	    id="spec_spec822"
	    title="WhatsappService Webhook Handling should reject webhook with incorrect mode"
	  />
	
	  Name "WhatsappService Webhook Handling should process webhook with message status updates":
	  <li
	    class="jasmine-passed"
	    id="spec_spec823"
	    title="WhatsappService Webhook Handling should process webhook with message status updates"
	  />
	
	  Name "WhatsappService Webhook Handling should handle webhook processing errors gracefully":
	  <li
	    class="jasmine-passed"
	    id="spec_spec825"
	    title="WhatsappService Webhook Handling should handle webhook processing errors gracefully"
	  />
	
	  Name "WhatsappService Webhook Handling should process webhook with incoming messages":
	  <li
	    class="jasmine-passed"
	    id="spec_spec824"
	    title="WhatsappService Webhook Handling should process webhook with incoming messages"
	  />
	
	  Name "WhatsappService Phone Number Formatting should format Mexican phone numbers correctly":
	  <li
	    class="jasmine-failed"
	    id="spec_spec817"
	    title="WhatsappService Phone Number Formatting should format Mexican phone numbers correctly"
	  />
	
	  Name "WhatsappService Phone Number Formatting should handle already properly formatted numbers":
	  <li
	    class="jasmine-failed"
	    id="spec_spec819"
	    title="WhatsappService Phone Number Formatting should handle already properly formatted numbers"
	  />
	
	  Name "WhatsappService Phone Number Formatting should handle US phone numbers":
	  <li
	    class="jasmine-failed"
	    id="spec_spec818"
	    title="WhatsappService Phone Number Formatting should handle US phone numbers"
	  />
	
	  Name "WhatsappService Bulk Operations should handle partial failures in bulk operations":
	  <li
	    class="jasmine-failed"
	    id="spec_spec827"
	    title="WhatsappService Bulk Operations should handle partial failures in bulk operations"
	  />
	
	  Name "WhatsappService Bulk Operations should send bulk payment notifications":
	  <li
	    class="jasmine-failed"
	    id="spec_spec826"
	    title="WhatsappService Bulk Operations should send bulk payment notifications"
	  />
	
	  Name "ClienteFormComponent Integration Tests should handle back button click":
	  <li
	    class="jasmine-failed"
	    id="spec_spec937"
	    title="ClienteFormComponent Integration Tests should handle back button click"
	  />
	
	  Name "ClienteFormComponent Integration Tests should render form with all required fields":
	  <li
	    class="jasmine-failed"
	    id="spec_spec933"
	    title="ClienteFormComponent Integration Tests should render form with all required fields"
	  />
	
	  Name "ClienteFormComponent Integration Tests should submit form with valid data":
	  <li
	    class="jasmine-failed"
	    id="spec_spec936"
	    title="ClienteFormComponent Integration Tests should submit form with valid data"
	  />
	
	  Name "ClienteFormComponent Integration Tests should show validation errors when submitting empty form":
	  <li
	    class="jasmine-failed"
	    id="spec_spec934"
	    title="ClienteFormComponent Integration Tests should show validation errors when submitting empty form"
	  />
	
	  Name "ClienteFormComponent Integration Tests should handle form input correctly":
	  <li
	    class="jasmine-failed"
	    id="spec_spec935"
	    title="ClienteFormComponent Integration Tests should handle form input correctly"
	  />
	
	  Name "MockApiService Error Simulation should simulate server error":
	  <li
	    class="jasmine-failed"
	    id="spec_spec565"
	    title="MockApiService Error Simulation should simulate server error"
	  />
	
	  Name "MockApiService Error Simulation should simulate validation error":
	  <li
	    class="jasmine-failed"
	    id="spec_spec566"
	    title="MockApiService Error Simulation should simulate validation error"
	  />
	
	  Name "MockApiService Error Simulation should simulate network error":
	  <li
	    class="jasmine-failed"
	    id="spec_spec564"
	    title="MockApiService Error Simulation should simulate network error"
	  />
	
	  Name "MockApiService Error Simulation should simulate timeout error":
	  <li
	    class="jasmine-failed"
	    id="spec_spec567"
	    title="MockApiService Error Simulation should simulate timeout error"
	  />
	
	  Name "MockApiService Error Simulation should simulate unknown error by default":
	  <li
	    class="jasmine-failed"
	    id="spec_spec568"
	    title="MockApiService Error Simulation should simulate unknown error by default"
	  />
	
	  Name "MockApiService Search and Analytics should perform global search with results structure":
	  <li
	    class="jasmine-failed"
	    id="spec_spec562"
	    title="MockApiService Search and Analytics should perform global search with results structure"
	  />
	
	  Name "MockApiService Search and Analytics should get dashboard stats with complete data":
	  <li
	    class="jasmine-failed"
	    id="spec_spec563"
	    title="MockApiService Search and Analytics should get dashboard stats with complete data"
	  />
	
	  Name "MockApiService Business Scenarios API Endpoints should create simulacion scenario with complete data":
	  <li
	    class="jasmine-failed"
	    id="spec_spec561"
	    title="MockApiService Business Scenarios API Endpoints should create simulacion scenario with complete data"
	  />
	
	  Name "MockApiService Business Scenarios API Endpoints should create cotizacion scenario with complete data":
	  <li
	    class="jasmine-failed"
	    id="spec_spec560"
	    title="MockApiService Business Scenarios API Endpoints should create cotizacion scenario with complete data"
	  />
	
	  Name "MockApiService Collective Groups API Endpoints should add member to group with normal network delay":
	  <li
	    class="jasmine-failed"
	    id="spec_spec558"
	    title="MockApiService Collective Groups API Endpoints should add member to group with normal network delay"
	  />
	
	  Name "MockApiService Collective Groups API Endpoints should get collective group by ID with network delay":
	  <li
	    class="jasmine-failed"
	    id="spec_spec557"
	    title="MockApiService Collective Groups API Endpoints should get collective group by ID with network delay"
	  />
	
	  Name "MockApiService Collective Groups API Endpoints should get collective groups with network delay":
	  <li
	    class="jasmine-failed"
	    id="spec_spec556"
	    title="MockApiService Collective Groups API Endpoints should get collective groups with network delay"
	  />
	
	  Name "MockApiService Collective Groups API Endpoints should deliver unit to group with slow network delay":
	  <li
	    class="jasmine-failed"
	    id="spec_spec559"
	    title="MockApiService Collective Groups API Endpoints should deliver unit to group with slow network delay"
	  />
	
	  Name "MockApiService Promise-based Delay Method should delay data using Promise":
	  <li
	    class="jasmine-failed"
	    id="spec_spec578"
	    title="MockApiService Promise-based Delay Method should delay data using Promise"
	  />
	
	  Name "MockApiService Promise-based Delay Method should use default delay if not specified":
	  <li
	    class="jasmine-failed"
	    id="spec_spec579"
	    title="MockApiService Promise-based Delay Method should use default delay if not specified"
	  />
	
	  Name "MockApiService Client API Endpoints should create client with slow network delay":
	  <li
	    class="jasmine-failed"
	    id="spec_spec547"
	    title="MockApiService Client API Endpoints should create client with slow network delay"
	  />
	
	  Name "MockApiService Client API Endpoints should update client with normal network delay":
	  <li
	    class="jasmine-failed"
	    id="spec_spec548"
	    title="MockApiService Client API Endpoints should update client with normal network delay"
	  />
	
	  Name "MockApiService Client API Endpoints should add client event with fast network delay":
	  <li
	    class="jasmine-failed"
	    id="spec_spec549"
	    title="MockApiService Client API Endpoints should add client event with fast network delay"
	  />
	
	  Name "MockApiService Client API Endpoints should get clients with network delay":
	  <li
	    class="jasmine-failed"
	    id="spec_spec544"
	    title="MockApiService Client API Endpoints should get clients with network delay"
	  />
	
	  Name "MockApiService Client API Endpoints should update document status with normal network delay":
	  <li
	    class="jasmine-failed"
	    id="spec_spec550"
	    title="MockApiService Client API Endpoints should update document status with normal network delay"
	  />
	
	  Name "MockApiService Client API Endpoints should get client by ID with network delay":
	  <li
	    class="jasmine-failed"
	    id="spec_spec545"
	    title="MockApiService Client API Endpoints should get client by ID with network delay"
	  />
	
	  Name "MockApiService Client API Endpoints should return null for non-existent client":
	  <li
	    class="jasmine-failed"
	    id="spec_spec546"
	    title="MockApiService Client API Endpoints should return null for non-existent client"
	  />
	
	  Name "MockApiService Network Delay Simulation should handle errors in mockApi":
	  <li
	    class="jasmine-failed"
	    id="spec_spec577"
	    title="MockApiService Network Delay Simulation should handle errors in mockApi"
	  />
	
	  Name "MockApiService Network Delay Simulation should clone data deeply in mockApi":
	  <li
	    class="jasmine-failed"
	    id="spec_spec576"
	    title="MockApiService Network Delay Simulation should clone data deeply in mockApi"
	  />
	
	  Name "MockApiService Network Delay Simulation should use random network delays":
	  <li
	    class="jasmine-failed"
	    id="spec_spec575"
	    title="MockApiService Network Delay Simulation should use random network delays"
	  />
	
	  Name "MockApiService Service Initialization should initialize data on construction":
	  <li
	    class="jasmine-failed"
	    id="spec_spec541"
	    title="MockApiService Service Initialization should initialize data on construction"
	  />
	
	  Name "MockApiService Service Initialization should have correct network simulation configuration":
	  <li
	    class="jasmine-failed"
	    id="spec_spec542"
	    title="MockApiService Service Initialization should have correct network simulation configuration"
	  />
	
	  Name "MockApiService Service Initialization should have correct default delay":
	  <li
	    class="jasmine-failed"
	    id="spec_spec543"
	    title="MockApiService Service Initialization should have correct default delay"
	  />
	
	  Name "MockApiService Service Initialization should be created":
	  <li
	    class="jasmine-failed"
	    id="spec_spec540"
	    title="MockApiService Service Initialization should be created"
	  />
	
	  Name "MockApiService Utility Methods should export data as JSON":
	  <li
	    class="jasmine-failed"
	    id="spec_spec572"
	    title="MockApiService Utility Methods should export data as JSON"
	  />
	
	  Name "MockApiService Utility Methods should simulate file upload":
	  <li
	    class="jasmine-failed"
	    id="spec_spec571"
	    title="MockApiService Utility Methods should simulate file upload"
	  />
	
	  Name "MockApiService Utility Methods should use default JSON format for export":
	  <li
	    class="jasmine-failed"
	    id="spec_spec574"
	    title="MockApiService Utility Methods should use default JSON format for export"
	  />
	
	  Name "MockApiService Utility Methods should export data as CSV":
	  <li
	    class="jasmine-failed"
	    id="spec_spec573"
	    title="MockApiService Utility Methods should export data as CSV"
	  />
	
	  Name "MockApiService Utility Methods should get server time":
	  <li
	    class="jasmine-failed"
	    id="spec_spec570"
	    title="MockApiService Utility Methods should get server time"
	  />
	
	  Name "MockApiService Utility Methods should perform health check":
	  <li
	    class="jasmine-failed"
	    id="spec_spec569"
	    title="MockApiService Utility Methods should perform health check"
	  />
	
	  Name "MockApiService Business Logic Validation should generate unique scenario IDs":
	  <li
	    class="jasmine-failed"
	    id="spec_spec583"
	    title="MockApiService Business Logic Validation should generate unique scenario IDs"
	  />
	
	  Name "MockApiService Business Logic Validation should maintain scenario data consistency":
	  <li
	    class="jasmine-failed"
	    id="spec_spec584"
	    title="MockApiService Business Logic Validation should maintain scenario data consistency"
	  />
	
	  Name "MockApiService Data Service Integration should handle client data service errors":
	  <li
	    class="jasmine-failed"
	    id="spec_spec580"
	    title="MockApiService Data Service Integration should handle client data service errors"
	  />
	
	  Name "MockApiService Data Service Integration should handle collective group data service errors":
	  <li
	    class="jasmine-failed"
	    id="spec_spec582"
	    title="MockApiService Data Service Integration should handle collective group data service errors"
	  />
	
	  Name "MockApiService Data Service Integration should handle ecosystem data service errors":
	  <li
	    class="jasmine-failed"
	    id="spec_spec581"
	    title="MockApiService Data Service Integration should handle ecosystem data service errors"
	  />
	
	  Name "MockApiService Ecosystem API Endpoints should update ecosystem document with normal network delay":
	  <li
	    class="jasmine-failed"
	    id="spec_spec555"
	    title="MockApiService Ecosystem API Endpoints should update ecosystem document with normal network delay"
	  />
	
	  Name "MockApiService Ecosystem API Endpoints should return null for non-existent ecosystem":
	  <li
	    class="jasmine-failed"
	    id="spec_spec553"
	    title="MockApiService Ecosystem API Endpoints should return null for non-existent ecosystem"
	  />
	
	  Name "MockApiService Ecosystem API Endpoints should get ecosystem by ID with network delay":
	  <li
	    class="jasmine-failed"
	    id="spec_spec552"
	    title="MockApiService Ecosystem API Endpoints should get ecosystem by ID with network delay"
	  />
	
	  Name "MockApiService Ecosystem API Endpoints should get ecosystems with network delay":
	  <li
	    class="jasmine-failed"
	    id="spec_spec551"
	    title="MockApiService Ecosystem API Endpoints should get ecosystems with network delay"
	  />
	
	  Name "MockApiService Ecosystem API Endpoints should create ecosystem with slow network delay":
	  <li
	    class="jasmine-failed"
	    id="spec_spec554"
	    title="MockApiService Ecosystem API Endpoints should create ecosystem with slow network delay"
	  />
	
	  Name "Accessibility Testing Framework AccessibilityTester should detect violations in non-compliant component":
	  <li
	    class="jasmine-passed"
	    id="spec_spec4"
	    title="Accessibility Testing Framework AccessibilityTester should detect violations in non-compliant component"
	  />
	
	  Name "Accessibility Testing Framework AccessibilityTester should test individual DOM elements":
	  <li
	    class="jasmine-failed"
	    id="spec_spec5"
	    title="Accessibility Testing Framework AccessibilityTester should test individual DOM elements"
	  />
	
	  Name "Accessibility Testing Framework AccessibilityTester should pass accessibility tests for compliant component":
	  <li
	    class="jasmine-passed"
	    id="spec_spec3"
	    title="Accessibility Testing Framework AccessibilityTester should pass accessibility tests for compliant component"
	  />
	
	  Name "Accessibility Testing Framework AccessibilityTestUtils should generate violation summary":
	  <li
	    class="jasmine-passed"
	    id="spec_spec8"
	    title="Accessibility Testing Framework AccessibilityTestUtils should generate violation summary"
	  />
	
	  Name "Accessibility Testing Framework AccessibilityTestUtils should identify critical violations":
	  <li
	    class="jasmine-passed"
	    id="spec_spec6"
	    title="Accessibility Testing Framework AccessibilityTestUtils should identify critical violations"
	  />
	
	  Name "Accessibility Testing Framework AccessibilityTestUtils should filter violations by impact level":
	  <li
	    class="jasmine-passed"
	    id="spec_spec7"
	    title="Accessibility Testing Framework AccessibilityTestUtils should filter violations by impact level"
	  />
	
	  Name "Accessibility Testing Framework Report Generation should generate comprehensive accessibility report":
	  <li
	    class="jasmine-passed"
	    id="spec_spec9"
	    title="Accessibility Testing Framework Report Generation should generate comprehensive accessibility report"
	  />
	
	  Name "Accessibility Testing Framework Helper Functions should work with testComponentAccessibility helper":
	  <li
	    class="jasmine-passed"
	    id="spec_spec10"
	    title="Accessibility Testing Framework Helper Functions should work with testComponentAccessibility helper"
	  />
	
	  Name "Security settings validation should persist 2FA and encryption toggles and session timeout":
	  <li
	    class="jasmine-passed"
	    id="spec_spec942"
	    title="Security settings validation should persist 2FA and encryption toggles and session timeout"
	  />
	
	  Name "MetaMapService SDK Availability Check should wait for page load when document not ready":
	  <li
	    class="jasmine-passed"
	    id="spec_spec535"
	    title="MetaMapService SDK Availability Check should wait for page load when document not ready"
	  />
	
	  Name "MetaMapService SDK Availability Check should handle server-side rendering (no window object)":
	  <li
	    class="jasmine-pending"
	    id="spec_spec534"
	    title="MetaMapService SDK Availability Check should handle server-side rendering (no window object)"
	  />
	
	  Name "MetaMapService SDK Availability Check should report SDK as unavailable when neither exists":
	  <li
	    class="jasmine-passed"
	    id="spec_spec533"
	    title="MetaMapService SDK Availability Check should report SDK as unavailable when neither exists"
	  />
	
	  Name "MetaMapService SDK Availability Check should detect SDK availability when metamap-button exists":
	  <li
	    class="jasmine-passed"
	    id="spec_spec532"
	    title="MetaMapService SDK Availability Check should detect SDK availability when metamap-button exists"
	  />
	
	  Name "MetaMapService SDK Availability Check should detect SDK availability when Mati object exists":
	  <li
	    class="jasmine-passed"
	    id="spec_spec531"
	    title="MetaMapService SDK Availability Check should detect SDK availability when Mati object exists"
	  />
	
	  Name "MetaMapService KYC Failure Simulation should use default failure reason":
	  <li
	    class="jasmine-passed"
	    id="spec_spec529"
	    title="MetaMapService KYC Failure Simulation should use default failure reason"
	  />
	
	  Name "MetaMapService KYC Failure Simulation should handle client not found in failure simulation":
	  <li
	    class="jasmine-passed"
	    id="spec_spec530"
	    title="MetaMapService KYC Failure Simulation should handle client not found in failure simulation"
	  />
	
	  Name "MetaMapService KYC Failure Simulation should simulate KYC failure":
	  <li
	    class="jasmine-passed"
	    id="spec_spec528"
	    title="MetaMapService KYC Failure Simulation should simulate KYC failure"
	  />
	
	  Name "MetaMapService Edge Cases and Error Handling should handle client without KYC document in completion":
	  <li
	    class="jasmine-passed"
	    id="spec_spec537"
	    title="MetaMapService Edge Cases and Error Handling should handle client without KYC document in completion"
	  />
	
	  Name "MetaMapService Edge Cases and Error Handling should handle exit event without reason":
	  <li
	    class="jasmine-passed"
	    id="spec_spec536"
	    title="MetaMapService Edge Cases and Error Handling should handle exit event without reason"
	  />
	
	  Name "MetaMapService Edge Cases and Error Handling should handle button creation with existing button in container":
	  <li
	    class="jasmine-passed"
	    id="spec_spec539"
	    title="MetaMapService Edge Cases and Error Handling should handle button creation with existing button in container"
	  />
	
	  Name "MetaMapService Edge Cases and Error Handling should handle empty verification data":
	  <li
	    class="jasmine-passed"
	    id="spec_spec538"
	    title="MetaMapService Edge Cases and Error Handling should handle empty verification data"
	  />
	
	  Name "MetaMapService KYC Button Creation should cleanup event listeners on unsubscribe":
	  <li
	    class="jasmine-passed"
	    id="spec_spec512"
	    title="MetaMapService KYC Button Creation should cleanup event listeners on unsubscribe"
	  />
	
	  Name "MetaMapService KYC Button Creation should handle container not found error":
	  <li
	    class="jasmine-passed"
	    id="spec_spec508"
	    title="MetaMapService KYC Button Creation should handle container not found error"
	  />
	
	  Name "MetaMapService KYC Button Creation should create MetaMap button successfully":
	  <li
	    class="jasmine-passed"
	    id="spec_spec507"
	    title="MetaMapService KYC Button Creation should create MetaMap button successfully"
	  />
	
	  Name "MetaMapService KYC Button Creation should emit KYC success event":
	  <li
	    class="jasmine-passed"
	    id="spec_spec509"
	    title="MetaMapService KYC Button Creation should emit KYC success event"
	  />
	
	  Name "MetaMapService KYC Button Creation should emit KYC exit event":
	  <li
	    class="jasmine-passed"
	    id="spec_spec510"
	    title="MetaMapService KYC Button Creation should emit KYC exit event"
	  />
	
	  Name "MetaMapService KYC Button Creation should call optional callback functions":
	  <li
	    class="jasmine-passed"
	    id="spec_spec511"
	    title="MetaMapService KYC Button Creation should call optional callback functions"
	  />
	
	  Name "MetaMapService KYC Prerequisites Validation should detect missing INE document":
	  <li
	    class="jasmine-passed"
	    id="spec_spec518"
	    title="MetaMapService KYC Prerequisites Validation should detect missing INE document"
	  />
	
	  Name "MetaMapService KYC Prerequisites Validation should validate prerequisites for ready client":
	  <li
	    class="jasmine-passed"
	    id="spec_spec517"
	    title="MetaMapService KYC Prerequisites Validation should validate prerequisites for ready client"
	  />
	
	  Name "MetaMapService KYC Prerequisites Validation should detect already completed KYC":
	  <li
	    class="jasmine-passed"
	    id="spec_spec520"
	    title="MetaMapService KYC Prerequisites Validation should detect already completed KYC"
	  />
	
	  Name "MetaMapService KYC Prerequisites Validation should detect missing comprobante de domicilio":
	  <li
	    class="jasmine-passed"
	    id="spec_spec519"
	    title="MetaMapService KYC Prerequisites Validation should detect missing comprobante de domicilio"
	  />
	
	  Name "MetaMapService KYC Prerequisites Validation should detect multiple missing documents":
	  <li
	    class="jasmine-passed"
	    id="spec_spec521"
	    title="MetaMapService KYC Prerequisites Validation should detect multiple missing documents"
	  />
	
	  Name "MetaMapService Service Initialization should be created":
	  <li
	    class="jasmine-passed"
	    id="spec_spec504"
	    title="MetaMapService Service Initialization should be created"
	  />
	
	  Name "MetaMapService Service Initialization should not reload SDK if already present":
	  <li
	    class="jasmine-passed"
	    id="spec_spec506"
	    title="MetaMapService Service Initialization should not reload SDK if already present"
	  />
	
	  Name "MetaMapService Service Initialization should initialize MetaMap SDK on creation":
	  <li
	    class="jasmine-passed"
	    id="spec_spec505"
	    title="MetaMapService Service Initialization should initialize MetaMap SDK on creation"
	  />
	
	  Name "MetaMapService KYC Completion should handle database update errors":
	  <li
	    class="jasmine-passed"
	    id="spec_spec516"
	    title="MetaMapService KYC Completion should handle database update errors"
	  />
	
	  Name "MetaMapService KYC Completion should cap health score at 100":
	  <li
	    class="jasmine-passed"
	    id="spec_spec515"
	    title="MetaMapService KYC Completion should cap health score at 100"
	  />
	
	  Name "MetaMapService KYC Completion should complete KYC successfully":
	  <li
	    class="jasmine-passed"
	    id="spec_spec513"
	    title="MetaMapService KYC Completion should complete KYC successfully"
	  />
	
	  Name "MetaMapService KYC Completion should handle client not found error":
	  <li
	    class="jasmine-passed"
	    id="spec_spec514"
	    title="MetaMapService KYC Completion should handle client not found error"
	  />
	
	  Name "MetaMapService KYC Status Reporting should report prerequisites_missing status":
	  <li
	    class="jasmine-passed"
	    id="spec_spec526"
	    title="MetaMapService KYC Status Reporting should report prerequisites_missing status"
	  />
	
	  Name "MetaMapService KYC Status Reporting should report in_progress status":
	  <li
	    class="jasmine-passed"
	    id="spec_spec525"
	    title="MetaMapService KYC Status Reporting should report in_progress status"
	  />
	
	  Name "MetaMapService KYC Status Reporting should report ready status":
	  <li
	    class="jasmine-passed"
	    id="spec_spec522"
	    title="MetaMapService KYC Status Reporting should report ready status"
	  />
	
	  Name "MetaMapService KYC Status Reporting should report not_started for client without KYC document":
	  <li
	    class="jasmine-passed"
	    id="spec_spec527"
	    title="MetaMapService KYC Status Reporting should report not_started for client without KYC document"
	  />
	
	  Name "MetaMapService KYC Status Reporting should report failed status with retry option":
	  <li
	    class="jasmine-passed"
	    id="spec_spec524"
	    title="MetaMapService KYC Status Reporting should report failed status with retry option"
	  />
	
	  Name "MetaMapService KYC Status Reporting should report completed status":
	  <li
	    class="jasmine-passed"
	    id="spec_spec523"
	    title="MetaMapService KYC Status Reporting should report completed status"
	  />
	
	  Name "DocumentsPhaseComponent should prevent submission when form is invalid":
	  <li
	    class="jasmine-passed"
	    id="spec_spec858"
	    title="DocumentsPhaseComponent should prevent submission when form is invalid"
	  />
	
	  Name "DocumentsPhaseComponent should detect when required documents are uploaded":
	  <li
	    class="jasmine-passed"
	    id="spec_spec853"
	    title="DocumentsPhaseComponent should detect when required documents are uploaded"
	  />
	
	  Name "DocumentsPhaseComponent should complete documents phase when form is valid":
	  <li
	    class="jasmine-passed"
	    id="spec_spec854"
	    title="DocumentsPhaseComponent should complete documents phase when form is valid"
	  />
	
	  Name "DocumentsPhaseComponent should navigate to plates phase on success":
	  <li
	    class="jasmine-passed"
	    id="spec_spec855"
	    title="DocumentsPhaseComponent should navigate to plates phase on success"
	  />
	
	  Name "DocumentsPhaseComponent should create":
	  <li
	    class="jasmine-passed"
	    id="spec_spec850"
	    title="DocumentsPhaseComponent should create"
	  />
	
	  Name "DocumentsPhaseComponent should format file size correctly":
	  <li
	    class="jasmine-passed"
	    id="spec_spec856"
	    title="DocumentsPhaseComponent should format file size correctly"
	  />
	
	  Name "DocumentsPhaseComponent should initialize form with default values":
	  <li
	    class="jasmine-passed"
	    id="spec_spec851"
	    title="DocumentsPhaseComponent should initialize form with default values"
	  />
	
	  Name "DocumentsPhaseComponent should validate required fields":
	  <li
	    class="jasmine-passed"
	    id="spec_spec852"
	    title="DocumentsPhaseComponent should validate required fields"
	  />
	
	  Name "DocumentsPhaseComponent should calculate validation errors correctly":
	  <li
	    class="jasmine-passed"
	    id="spec_spec857"
	    title="DocumentsPhaseComponent should calculate validation errors correctly"
	  />
	
	  --------------------------------------------------heading:
	
	  Name "Centro de Comando":
	  <h1
	    _ngcontent-a-c3214690901=""
	    class="text-gradient-primary"
	  />
	
	  --------------------------------------------------
	  paragraph:
	
	  Name "":
	  <p
	    _ngcontent-a-c3214690901=""
	    class="brand-subtitle"
	  />
	
	  Name "":
	  <p
	    _ngcontent-a-c3214690901=""
	    class="register-text"
	  />
	
	  --------------------------------------------------
	  textbox:
	
	  Name "📧 Correo Electrónico":
	  <input
	    _ngcontent-a-c3214690901=""
	    class="premium-input ng-untouched ng-pristine ng-invalid"
	    formcontrolname="email"
	    id="email"
	    ng-reflect-name="email"
	    placeholder="ricardo.montoya@cmu.com"
	    type="email"
	  />
	
	  --------------------------------------------------
	  button:
	
	  Name "🙈":
	  <button
	    _ngcontent-a-c3214690901=""
	    class="password-toggle-premium"
	    type="button"
	  />
	
	  Name "¿Olvidaste tu contraseña?":
	  <button
	    _ngcontent-a-c3214690901=""
	    class="forgot-password"
	    type="button"
	  />
	
	  Name "➡️ Acceder al Cockpit":
	  <button
	    _ngcontent-a-c3214690901=""
	    class="btn-primary command-center-btn"
	    disabled=""
	    type="submit"
	  />
	
	  --------------------------------------------------
	  checkbox:
	
	  Name "Recordarme":
	  <input
	    _ngcontent-a-c3214690901=""
	    class="ng-untouched ng-pristine ng-valid"
	    formcontrolname="rememberMe"
	    ng-reflect-name="rememberMe"
	    type="checkbox"
	  />
	
	  --------------------------------------------------
	  link:
	
	  Name "Activar Cuenta":
	  <a
	    _ngcontent-a-c3214690901=""
	    class="premium-link"
	    href="/register"
	  />
	
	  --------------------------------------------------
	
	Ignored nodes: comments, script, style
	<body>
	  
	    
	  
	    
	  
	    
	  
	    
	  
	    
	  
	    
	  
	    
	  
	
	  
	
	  
	
	  
	
	  
	
	  <link
	    crossorigin="anonymous"
	    href="node_modules/jasmine-core/lib/jasmine-core/jasmine.css"
	    rel="stylesheet"
	    type="text/css"
	  />
	  
	
	  
	
	  
	
	  <div
	    class="jasmine_html-reporter"
	  >
	    <div
	      class="jasmine-banner"
	    >
	      <a
	        class="jasmine-title"
	        href="http://jasmine.github.io/"
	        target="_blank"
	      />
	      <span
	        class="jasmine-version"
	      >
	        4.6.1
	      </span>
	    </div>
	    <ul
	      class="jasmine-symbol-summary"
	    >
	      <li
	        class="jasmine-passed"
	        id="spec_spec670"
	        title="PostSalesApiService getPostSalesRecord should return null for non-existent VIN"
	      />
	      <li
	        class="jasmine-failed"
	        id="spec_spec669"
	        title="PostSalesApiService getPostSalesRecord should retrieve post-sales record by VIN"
	      />
	      <li
	        class="jasmine-passed"
	        id="spec_spec667"
	        title="PostSalesApiService sendVehicleDeliveredEvent should send vehicle delivered event successfully"
	      />
	      <li
	        class="jasmine-passed"
	        id="spec_spec668"
	        title="PostSalesApiService sendVehicleDeliveredEvent should handle error when sending vehicle delivered event"
	      />
	      <li
	        class="jasmine-failed"
	        id="spec_spec671"
	        title="PostSalesApiService scheduleMaintenanceService should schedule maintenance service successfully"
	      />
	      <li
	        class="jasmine-passed"
	        id="spec_spec666"
	        title="PostSalesApiService should be created"
	      />
	      <li
	        class="jasmine-failed"
	        id="spec_spec672"
	        title="PostSalesApiService recordClientContact should record client contact successfully"
	      />
	      <li
	        class="jasmine-passed"
	        id="spec_spec277"
	        title="CotizadorEngineService Quote Generation with Package should determine client type from package data"
	      />
	      <li
	        class="jasmine-passed"
	        id="spec_spec278"
	        title="CotizadorEngineService Quote Generation with Package should handle direct sale (rate = 0)"
	      />
	      <li
	        class="jasmine-passed"
	        id="spec_spec275"
	        title="CotizadorEngineService Quote Generation with Package should generate quote with minimum down payment"
	      />
	      <li
	        class="jasmine-passed"
	        id="spec_spec276"
	        title="CotizadorEngineService Quote Generation with Package should generate quote with custom down payment"
	      />
	      <li
	        class="jasmine-passed"
	        id="spec_spec267"
	        title="CotizadorEngineService Package Price Calculation should handle 60-month terms correctly"
	      />
	      <li
	        class="jasmine-passed"
	        id="spec_spec266"
	        title="CotizadorEngineService Package Price Calculation should multiply term-based components by years"
	      />
	      <li
	        class="jasmine-passed"
	        id="spec_spec269"
	        title="CotizadorEngineService Package Price Calculation should handle package with no components"
	      />
	      <li
	        class="jasmine-passed"
	        id="spec_spec268"
	        title="CotizadorEngineService Package Price Calculation should skip optional components not selected"
	      />
	      <li
	        class="jasmine-passed"
	        id="spec_spec265"
	        title="CotizadorEngineService Package Price Calculation should calculate package price with selected optionals"
	      />
	      <li
	        class="jasmine-passed"
	        id="spec_spec264"
	        title="CotizadorEngineService Package Price Calculation should calculate basic package price without optionals"
	      />
	      <li
	        class="jasmine-passed"
	        id="spec_spec279"
	        title="CotizadorEngineService Legacy Quote Generation should generate basic quote"
	      />
	      <li
	        class="jasmine-passed"
	        id="spec_spec272"
	        title="CotizadorEngineService Balance Calculations should return zero when all payments made"
	      />
	      <li
	        class="jasmine-passed"
	        id="spec_spec273"
	        title="CotizadorEngineService Balance Calculations should handle no payments made"
	      />
	      <li
	        class="jasmine-passed"
	        id="spec_spec270"
	        title="CotizadorEngineService Balance Calculations should calculate balance for zero interest loan"
	      />
	      <li
	        class="jasmine-failed"
	        id="spec_spec271"
	        title="CotizadorEngineService Balance Calculations should calculate balance for interest-bearing loan"
	      />
	      <li
	        class="jasmine-passed"
	        id="spec_spec274"
	        title="CotizadorEngineService Balance Calculations should handle edge case with zero principal"
	      />
	      <li
	        class="jasmine-passed"
	        id="spec_spec280"
	        title="CotizadorEngineService Amortization Table Generation should generate complete amortization table"
	      />
	      <li
	        class="jasmine-passed"
	        id="spec_spec281"
	        title="CotizadorEngineService Amortization Table Generation should have decreasing balance over time"
	      />
	      <li
	        class="jasmine-passed"
	        id="spec_spec293"
	        title="CotizadorEngineService Market-Specific Business Rules should apply EdoMex collective rules"
	      />
	      <li
	        class="jasmine-passed"
	        id="spec_spec294"
	        title="CotizadorEngineService Market-Specific Business Rules should use fallback rules for unknown market"
	      />
	      <li
	        class="jasmine-passed"
	        id="spec_spec292"
	        title="CotizadorEngineService Market-Specific Business Rules should apply EdoMex individual rules"
	      />
	      <li
	        class="jasmine-passed"
	        id="spec_spec291"
	        title="CotizadorEngineService Market-Specific Business Rules should apply Aguascalientes rules"
	      />
	      <li
	        class="jasmine-passed"
	        id="spec_spec288"
	        title="CotizadorEngineService Configuration Validation should validate EdoMex collective requirements"
	      />
	      <li
	        class="jasmine-passed"
	        id="spec_spec285"
	        title="CotizadorEngineService Configuration Validation should reject zero or negative price"
	      />
	      <li
	        class="jasmine-passed"
	        id="spec_spec283"
	        title="CotizadorEngineService Configuration Validation should reject insufficient down payment"
	      />
	      <li
	        class="jasmine-passed"
	        id="spec_spec282"
	        title="CotizadorEngineService Configuration Validation should validate correct configuration"
	      />
	      <li
	        class="jasmine-passed"
	        id="spec_spec284"
	        title="CotizadorEngineService Configuration Validation should reject invalid term"
	      />
	      <li
	        class="jasmine-passed"
	        id="spec_spec287"
	        title="CotizadorEngineService Configuration Validation should validate EdoMex individual requirements"
	      />
	      <li
	 ...
	TestingLibraryElementError: Unable to find an accessible element with the role "button" and name `/iniciar sesión/i`
	Here are the accessible roles:
	  link:
	  Name "":
	  <a
	    class="jasmine-title"
	    href="http://jasmine.github.io/"
	    target="_blank"
	  />
	  --------------------------------------------------
	  list:
	  Name "":
	  <ul
	    class="jasmine-symbol-summary"
	  />
	  --------------------------------------------------
	  listitem:
	  Name "PostSalesApiService getPostSalesRecord should return null for non-existent VIN":
	  <li
	    class="jasmine-passed"
	    id="spec_spec670"
	    title="PostSalesApiService getPostSalesRecord should return null for non-existent VIN"
	  />
	  Name "PostSalesApiService getPostSalesRecord should retrieve post-sales record by VIN":
	  <li
	    class="jasmine-failed"
	    id="spec_spec669"
	    title="PostSalesApiService getPostSalesRecord should retrieve post-sales record by VIN"
	  />
	  Name "PostSalesApiService sendVehicleDeliveredEvent should send vehicle delivered event successfully":
	  <li
	    class="jasmine-passed"
	    id="spec_spec667"
	    title="PostSalesApiService sendVehicleDeliveredEvent should send vehicle delivered event successfully"
	  />
	  Name "PostSalesApiService sendVehicleDeliveredEvent should handle error when sending vehicle delivered event":
	  <li
	    class="jasmine-passed"
	    id="spec_spec668"
	    title="PostSalesApiService sendVehicleDeliveredEvent should handle error when sending vehicle delivered event"
	  />
	  Name "PostSalesApiService scheduleMaintenanceService should schedule maintenance service successfully":
	  <li
	    class="jasmine-failed"
	    id="spec_spec671"
	    title="PostSalesApiService scheduleMaintenanceService should schedule maintenance service successfully"
	  />
	  Name "PostSalesApiService should be created":
	  <li
	    class="jasmine-passed"
	    id="spec_spec666"
	    title="PostSalesApiService should be created"
	  />
	  Name "PostSalesApiService recordClientContact should record client contact successfully":
	  <li
	    class="jasmine-failed"
	    id="spec_spec672"
	    title="PostSalesApiService recordClientContact should record client contact successfully"
	  />
	  Name "CotizadorEngineService Quote Generation with Package should determine client type from package data":
	  <li
	    class="jasmine-passed"
	    id="spec_spec277"
	    title="CotizadorEngineService Quote Generation with Package should determine client type from package data"
	  />
	  Name "CotizadorEngineService Quote Generation with Package should handle direct sale (rate = 0)":
	  <li
	    class="jasmine-passed"
	    id="spec_spec278"
	    title="CotizadorEngineService Quote Generation with Package should handle direct sale (rate = 0)"
	  />
	  Name "CotizadorEngineService Quote Generation with Package should generate quote with minimum down payment":
	  <li
	    class="jasmine-passed"
	    id="spec_spec275"
	    title="CotizadorEngineService Quote Generation with Package should generate quote with minimum down payment"
	  />
	  Name "CotizadorEngineService Quote Generation with Package should generate quote with custom down payment":
	  <li
	    class="jasmine-passed"
	    id="spec_spec276"
	    title="CotizadorEngineService Quote Generation with Package should generate quote with custom down payment"
	  />
	  Name "CotizadorEngineService Package Price Calculation should handle 60-month terms correctly":
	  <li
	    class="jasmine-passed"
	    id="spec_spec267"
	    title="CotizadorEngineService Package Price Calculation should handle 60-month terms correctly"
	  />
	  Name "CotizadorEngineService Package Price Calculation should multiply term-based components by years":
	  <li
	    class="jasmine-passed"
	    id="spec_spec266"
	    title="CotizadorEngineService Package Price Calculation should multiply term-based components by years"
	  />
	  Name "CotizadorEngineService Package Price Calculation should handle package with no components":
	  <li
	    class="jasmine-passed"
	    id="spec_spec269"
	    title="CotizadorEngineService Package Price Calculation should handle package with no components"
	  />
	  Name "CotizadorEngineService Package Price Calculation should skip optional components not selected":
	  <li
	    class="jasmine-passed"
	    id="spec_spec268"
	    title="CotizadorEngineService Package Price Calculation should skip optional components not selected"
	  />
	  Name "CotizadorEngineService Package Price Calculation should calculate package price with selected optionals":
	  <li
	    class="jasmine-passed"
	    id="spec_spec265"
	    title="CotizadorEngineService Package Price Calculation should calculate package price with selected optionals"
	  />
	  Name "CotizadorEngineService Package Price Calculation should calculate basic package price without optionals":
	  <li
	    class="jasmine-passed"
	    id="spec_spec264"
	    title="CotizadorEngineService Package Price Calculation should calculate basic package price without optionals"
	  />
	  Name "CotizadorEngineService Legacy Quote Generation should generate basic quote":
	  <li
	    class="jasmine-passed"
	    id="spec_spec279"
	    title="CotizadorEngineService Legacy Quote Generation should generate basic quote"
	  />
	  Name "CotizadorEngineService Balance Calculations should return zero when all payments made":
	  <li
	    class="jasmine-passed"
	    id="spec_spec272"
	    title="CotizadorEngineService Balance Calculations should return zero when all payments made"
	  />
	  Name "CotizadorEngineService Balance Calculations should handle no payments made":
	  <li
	    class="jasmine-passed"
	    id="spec_spec273"
	    title="CotizadorEngineService Balance Calculations should handle no payments made"
	  />
	  Name "CotizadorEngineService Balance Calculations should calculate balance for zero interest loan":
	  <li
	    class="jasmine-passed"
	    id="spec_spec270"
	    title="CotizadorEngineService Balance Calculations should calculate balance for zero interest loan"
	  />
	  Name "CotizadorEngineService Balance Calculations should calculate balance for interest-bearing loan":
	  <li
	    class="jasmine-failed"
	    id="spec_spec271"
	    title="CotizadorEngineService Balance Calculations should calculate balance for interest-bearing loan"
	  />
	  Name "CotizadorEngineService Balance Calculations should handle edge case with zero principal":
	  <li
	    class="jasmine-passed"
	    id="spec_spec274"
	    title="CotizadorEngineService Balance Calculations should handle edge case with zero principal"
	  />
	  Name "CotizadorEngineService Amortization Table Generation should generate complete amortization table":
	  <li
	    class="jasmine-passed"
	    id="spec_spec280"
	    title="CotizadorEngineService Amortization Table Generation should generate complete amortization table"
	  />
	  Name "CotizadorEngineService Amortization Table Generation should have decreasing balance over time":
	  <li
	    class="jasmine-passed"
	    id="spec_spec281"
	    title="CotizadorEngineService Amortization Table Generation should have decreasing balance over time"
	  />
	  Name "CotizadorEngineService Market-Specific Business Rules should apply EdoMex collective rules":
	  <li
	    class="jasmine-passed"
	    id="spec_spec293"
	    title="CotizadorEngineService Market-Specific Business Rules should apply EdoMex collective rules"
	  />
	  Name "CotizadorEngineService Market-Specific Business Rules should use fallback rules for unknown market":
	  <li
	    class="jasmine-passed"
	    id="spec_spec294"
	    title="CotizadorEngineService Market-Specific Business Rules should use fallback rules for unknown market"
	  />
	  Name "CotizadorEngineService Market-Specific Business Rules should apply EdoMex individual rules":
	  <li
	    class="jasmine-passed"
	    id="spec_spec292"
	    title="CotizadorEngineService Market-Specific Business Rules should apply EdoMex individual rules"
	  />
	  Name "CotizadorEngineService Market-Specific Business Rules should apply Aguascalientes rules":
	  <li
	    class="jasmine-passed"
	    id="spec_spec291"
	    title="CotizadorEngineService Market-Specific Business Rules should apply Aguascalientes rules"
	  />
	  Name "CotizadorEngineService Configuration Validation should validate EdoMex collective requirements":
	  <li
	    class="jasmine-passed"
	    id="spec_spec288"
	    title="CotizadorEngineService Configuration Validation should validate EdoMex collective requirements"
	  />
	  Name "CotizadorEngineService Configuration Validation should reject zero or negative price":
	  <li
	    class="jasmine-passed"
	    id="spec_spec285"
	    title="CotizadorEngineService Configuration Validation should reject zero or negative price"
	  />
	  Name "CotizadorEngineService Configuration Validation should reject insufficient down payment":
	  <li
	    class="jasmine-passed"
	    id="spec_spec283"
	    title="CotizadorEngineService Configuration Validation should reject insufficient down payment"
	  />
	  Name "CotizadorEngineService Configuration Validation should validate correct configuration":
	  <li
	    class="jasmine-passed"
	    id="spec_spec282"
	    title="CotizadorEngineService Configuration Validation should validate correct configuration"
	  />
	  Name "CotizadorEngineService Configuration Validation should reject invalid term":
	  <li
	    class="jasmine-passed"
	    id="spec_spec284"
	    title="CotizadorEngineService Configuration Validation should reject invalid term"
	  />
	  Name "CotizadorEngineService Configuration Validation should validate EdoMex individual requirements":
	  <li
	    class="jasmine-passed"
	    id="spec_spec287"
	    title="CotizadorEngineService Configuration Validation should validate EdoMex individual requirements"
	  />
	  Name "CotizadorEngineService Configuration Validation should reject down payment equal to total price":
	  <li
	    class="jasmine-passed"
	    id="spec_spec286"
	    title="CotizadorEngineService Configuration Validation should reject down payment equal to total price"
	  />
	  Name "CotizadorEngineService Financial Summary Calculations should calculate total interest":
	  <li
	    class="jasmine-passed"
	    id="spec_spec289"
	    title="CotizadorEngineService Financial Summary Calculations should calculate total interest"
	  />
	  Name "CotizadorEngineService Financial Summary Calculations should generate financial summary":
	  <li
	    class="jasmine-passed"
	    id="spec_spec290"
	    title="CotizadorEngineService Financial Summary Calculations should generate financial summary"
	  />
	  Name "CotizadorEngineService Product Package Management should get EdoMex colectivo package":
	  <li
	    class="jasmine-passed"
	    id="spec_spec261"
	    title="CotizadorEngineService Product Package Management should get EdoMex colectivo package"
	  />
	  Name "CotizadorEngineService Product Package Management should get Aguascalientes plazo package":
	  <li
	    class="jasmine-passed"
	    id="spec_spec260"
	    title="CotizadorEngineService Product Package Management should get Aguascalientes plazo package"
	  />
	  Name "CotizadorEngineService Product Package Management should handle unknown market gracefully":
	  <li
	    class="jasmine-passed"
	    id="spec_spec263"
	    title="CotizadorEngineService Product Package Management should handle unknown market gracefully"
	  />
	  Name "CotizadorEngineService Product Package Management should get EdoMex directa package":
	  <li
	    class="jasmine-passed"
	    id="spec_spec262"
	    title="CotizadorEngineService Product Package Management should get EdoMex directa package"
	  />
	  Name "CotizadorEngineService Service Initialization should be created":
	  <li
	    class="jasmine-passed"
	    id="spec_spec259"
	    title="CotizadorEngineService Service Initialization should be created"
	  />
	  Name "PerformanceConfigService should merge profile-specific overrides":
	  <li
	    class="jasmine-passed"
	    id="spec_spec664"
	    title="PerformanceConfigService should merge profile-specific overrides"
	  />
	  Name "PerformanceConfigService getDelay/getTimeout should return numeric values from profile or defaults":
	  <li
	    class="jasmine-passed"
	    id="spec_spec665"
	    title="PerformanceConfigService getDelay/getTimeout should return numeric values from profile or defaults"
	  />
	  Name "PerformanceConfigService should override defaults with provided config":
	  <li
	    class="jasmine-passed"
	    id="spec_spec663"
	    title="PerformanceConfigService should override defaults with provided config"
	  />
	  Name "PerformanceConfigService should return defaults when no config provided":
	  <li
	    class="jasmine-passed"
	    id="spec_spec662"
	    title="PerformanceConfigService should return defaults when no config provided"
	  />
	  Name "SimuladorEngineService Service Initialization should be created":
	  <li
	    class="jasmine-passed"
	    id="spec_spec720"
	    title="SimuladorEngineService Service Initialization should be created"
	  />
	  Name "SimuladorEngineService Senior-First Formatting should format scenario summary for seniors":
	  <li
	    class="jasmine-passed"
	    id="spec_spec743"
	    title="SimuladorEngineService Senior-First Formatting should format scenario summary for seniors"
	  />
	  Name "SimuladorEngineService Senior-First Formatting should format key numbers correctly":
	  <li
	    class="jasmine-passed"
	    id="spec_spec744"
	    title="SimuladorEngineService Senior-First Formatting should format key numbers correctly"
	  />
	  Name "SimuladorEngineService Senior-First Formatting should limit timeline to first 5 events":
	  <li
	    class="jasmine-passed"
	    id="spec_spec746"
	    title="SimuladorEngineService Senior-First Formatting should limit timeline to first 5 events"
	  />
	  Name "SimuladorEngineService Senior-First Formatting should format timeline with limited events":
	  <li
	    class="jasmine-passed"
	    id="spec_spec745"
	    title="SimuladorEngineService Senior-First Formatting should format timeline with limited events"
	  />
	  Name "SimuladorEngineService Edge Cases and Error Handling should handle very large target amounts":
	  <li
	    class="jasmine-passed"
	    id="spec_spec749"
	    title="SimuladorEngineService Edge Cases and Error Handling should handle very large target amounts"
	  />
	  Name "SimuladorEngineService Edge Cases and Error Handling should handle zero consumption in individual scenario":
	  <li
	    class="jasmine-passed"
	    id="spec_spec748"
	    title="SimuladorEngineService Edge Cases and Error Handling should handle zero consumption in individual scenario"
	  />
	  Name "SimuladorEngineService Edge Cases and Error Handling should handle zero target amount in AGS scenario":
	  <li
	    class="jasmine-passed"
	    id="spec_spec747"
	    title="SimuladorEngineService Edge Cases and Error Handling should handle zero target amount in AGS scenario"
	  />
	  Name "SimuladorEngineService Edge Cases and Error Handling should handle zero member count in collective scenario":
	  <li
	    class="jasmine-passed"
	    id="spec_spec750"
	    title="SimuladorEngineService Edge Cases and Error Handling should handle zero member count in collective scenario"
	  />
	  Name "SimuladorEngineService EdoMex Individual Scenario should calculate months to target correctly":
	  <li
	    class="jasmine-passed"
	    id="spec_spec727"
	    title="SimuladorEngineService EdoMex Individual Scenario should calculate months to target correctly"
	  />
	  Name "SimuladorEngineService EdoMex Individual Scenario should generate individual savings scenario":
	  <li
	    class="jasmine-passed"
	    id="spec_spec726"
	    title="SimuladorEngineService EdoMex Individual Scenario should generate individual savings scenario"
	  />
	  Name "SimuladorEngineService EdoMex Individual Scenario should handle zero voluntary contribution":
	  <li
	    class="jasmine-passed"
	    id="spec_spec729"
	    title="SimuladorEngineService EdoMex Individual Scenario should handle zero voluntary contribution"
	  />
	  Name "SimuladorEngineService EdoMex Individual Scenario should generate progressive balance projection":
	  <li
	    class="jasmine-passed"
	    id="spec_spec728"
	    title="SimuladorEngineService EdoMex Individual Scenario should generate progressive balance projection"
	  />
	  Name "SimuladorEngineService EdoMex Individual Scenario should create timeline with milestone":
	  <li
	    class="jasmine-passed"
	    id="spec_spec730"
	    title="SimuladorEngineService EdoMex Individual Scenario should create timeline with milestone"
	  />
	  Name "SimuladorEngineService EdoMex Collective Scenario should use first award timing from tanda simulation":
	  <li
	    class="jasmine-passed"
	    id="spec_spec734"
	    title="SimuladorEngineService EdoMex Collective Scenario should use first award timing from tanda simulation"
	  />
	  Name "SimuladorEngineService EdoMex Collective Scenario should handle missing first award timing":
	  <li
	    class="jasmine-passed"
	    id="spec_spec735"
	    title="SimuladorEngineService EdoMex Collective Scenario should handle missing first award timing"
	  />
	  Name "SimuladorEngineService EdoMex Collective Scenario should calculate total savings target based on member count":
	  <li
	    class="jasmine-passed"
	    id="spec_spec733"
	    title="SimuladorEngineService EdoMex Collective Scenario should calculate total savings target based on member count"
	  />
	  Name "SimuladorEngineService EdoMex Collective Scenario should generate collective scenario with tanda integration":
	  <li
	    class="jasmine-passed"
	    id="spec_spec731"
	    title="SimuladorEngineService EdoMex Collective Scenario should generate collective scenario with tanda integration"
	  />
	  Name "SimuladorEngineService EdoMex Collective Scenario should calculate individual contributions correctly":
	  <li
	    class="jasmine-passed"
	    id="spec_spec732"
	    title="SimuladorEngineService EdoMex Collective Scenario should calculate individual contributions correctly"
	  />
	  Name "SimuladorEngineService Scenario Optimization should optimize AGS liquidation scenario":
	  <li
	    class="jasmine-passed"
	    id="spec_spec736"
	    title="SimuladorEngineService Scenario Optimization should optimize AGS liquidation scenario"
	  />
	  Name "SimuladorEngineService Scenario Optimization should optimize EdoMex collective scenario":
	  <li
	    class="jasmine-passed"
	    id="spec_spec738"
	    title="SimuladorEngineService Scenario Optimization should optimize EdoMex collective scenario"
	  />
	  Name "SimuladorEngineService Scenario Optimization should handle unknown scenario type":
	  <li
	    class="jasmine-passed"
	    id="spec_spec739"
	    title="SimuladorEngineService Scenario Optimization should handle unknown scenario type"
	  />
	  Name "SimuladorEngineService Scenario Optimization should optimize EdoMex individual scenario":
	  <li
	    class="jasmine-passed"
	    id="spec_spec737"
	    title="SimuladorEngineService Scenario Optimization should optimize EdoMex individual scenario"
	  />
	  Name "SimuladorEngineService Comparison Scenarios should handle empty variations array":
	  <li
	    class="jasmine-passed"
	    id="spec_spec742"
	    title="SimuladorEngineService Comparison Scenarios should handle empty variations array"
	  />
	  Name "SimuladorEngineService Comparison Scenarios should preserve other parameters when varying specific ones":
	  <li
	    class="jasmine-passed"
	    id="spec_spec741"
	    title="SimuladorEngineService Comparison Scenarios should preserve other parameters when varying specific ones"
	  />
	  Name "SimuladorEngineService Comparison Scenarios should generate comparison scenarios with parameter variations":
	  <li
	    class="jasmine-passed"
	    id="spec_spec740"
	    title="SimuladorEngineService Comparison Scenarios should generate comparison scenarios with parameter variations"
	  />
	  Name "SimuladorEngineService AGS Liquidation Scenario should handle single plate scenario":
	  <li
	    class="jasmine-passed"
	    id="spec_spec725"
	    title="SimuladorEngineService AGS Liquidation Scenario should handle single plate scenario"
	  />
	  Name "SimuladorEngineService AGS Liquidation Scenario should handle zero consumption scenario":
	  <li
	    class="jasmine-passed"
	    id="spec_spec724"
	    title="SimuladorEngineService AGS Liquidation Scenario should handle zero consumption scenario"
	  />
	  Name "SimuladorEngineService AGS Liquidation Scenario should generate basic liquidation scenario":
	  <li
	    class="jasmine-passed"
	    id="spec_spec721"
	    title="SimuladorEngineService AGS Liquidation Scenario should generate basic liquidation scenario"
	  />
	  Name "SimuladorEngineService AGS Liquidation Scenario should generate timeline events correctly":
	  <li
	    class="jasmine-passed"
	    id="spec_spec723"
	    title="SimuladorEngineService AGS Liquidation Scenario should generate timeline events correctly"
	  />
	  Name "SimuladorEngineService AGS Liquidation Scenario should calculate projected balance correctly":
	  <li
	    class="jasmine-passed"
	    id="spec_spec722"
	    title="SimuladorEngineService AGS Liquidation Scenario should calculate projected balance correctly"
	  />
	  Name "OnboardingEngineService should call updateClient with id and updated object on reviewDocument":
	  <li
	    class="jasmine-passed"
	    id="spec_spec661"
	    title="OnboardingEngineService should call updateClient with id and updated object on reviewDocument"
	  />
	  Name "OnboardingEngineService should call updateClient with id and updated object on document submission":
	  <li
	    class="jasmine-passed"
	    id="spec_spec660"
	    title="OnboardingEngineService should call updateClient with id and updated object on document submission"
	  />
	  Name "ClienteFormComponent should validate phone format":
	  <li
	    class="jasmine-failed"
	    id="spec_spec921"
	    title="ClienteFormComponent should validate phone format"
	  />
	  Name "ClienteFormComponent should validate email format":
	  <li
	    class="jasmine-failed"
	    id="spec_spec920"
	    title="ClienteFormComponent should validate email format"
	  />
	  Name "ClienteFormComponent should handle API error during client creation":
	  <li
	    class="jasmine-failed"
	    id="spec_spec926"
	    title="ClienteFormComponent should handle API error during client creation"
	  />
	  Name "ClienteFormComponent should create":
	  <li
	    class="jasmine-failed"
	    id="spec_spec917"
	    title="ClienteFormComponent should create"
	  />
	  Name "ClienteFormComponent should initialize form with default values for new client":
	  <li
	    class="jasmine-failed"
	    id="spec_spec918"
	    title="ClienteFormComponent should initialize form with default values for new client"
	  />
	  Name "ClienteFormComponent should validate RFC format if provided":
	  <li
	    class="jasmine-failed"
	    id="spec_spec922"
	    title="ClienteFormComponent should validate RFC format if provided"
	  />
	  Name "ClienteFormComponent should navigate back when goBack is called":
	  <li
	    class="jasmine-failed"
	    id="spec_spec928"
	    title="ClienteFormComponent should navigate back when goBack is called"
	  />
	  Name "ClienteFormComponent should prevent form submission when invalid":
	  <li
	    class="jasmine-failed"
	    id="spec_spec927"
	    title="ClienteFormComponent should prevent form submission when invalid"
	  />
	  Name "ClienteFormComponent should validate required fields":
	  <li
	    class="jasmine-failed"
	    id="spec_spec919"
	    title="ClienteFormComponent should validate required fields"
	  />
	  Name "ClienteFormComponent should update existing client with valid form data":
	  <li
	    class="jasmine-failed"
	    id="spec_spec925"
	    title="ClienteFormComponent should update existing client with valid form data"
	  />
	  Name "ClienteFormComponent should handle different markets correctly":
	  <li
	    class="jasmine-failed"
	    id="spec_spec931"
	    title="ClienteFormComponent should handle different markets correctly"
	  />
	  Name "ClienteFormComponent should clean form when switching between markets":
	  <li
	    class="jasmine-failed"
	    id="spec_spec932"
	    title="ClienteFormComponent should clean form when switching between markets"
	  />
	  Name "ClienteFormComponent should handle different business flows correctly":
	  <li
	    class="jasmine-failed"
	    id="spec_spec930"
	    title="ClienteFormComponent should handle different business flows correctly"
	  />
	  Name "ClienteFormComponent should load existing client data in edit mode":
	  <li
	    class="jasmine-failed"
	    id="spec_spec924"
	    title="ClienteFormComponent should load existing client data in edit mode"
	  />
	  Name "ClienteFormComponent should set loading state during form submission":
	  <li
	    class="jasmine-failed"
	    id="spec_spec929"
	    title="ClienteFormComponent should set loading state during form submission"
	  />
	  Name "ClienteFormComponent should create new client with valid form data":
	  <li
	    class="jasmine-failed"
	    id="spec_spec923"
	    title="ClienteFormComponent should create new client with valid form data"
	  />
	  Name "PushNotificationService Initialization Flow should return false for denied permission":
	  <li
	    class="jasmine-passed"
	    id="spec_spec719"
	    title="PushNotificationService Initialization Flow should return false for denied permission"
	  />
	  Name "PushNotificationService Initialization Flow should return false for unsupported environment":
	  <li
	    class="jasmine-failed"
	    id="spec_spec718"
	    title="PushNotificationService Initialization Flow should return false for unsupported environment"
	  />
	  Name "PushNotificationService Initialization Flow should initialize notifications with granted permission":
	  <li
	    class="jasmine-passed"
	    id="spec_spec716"
	    title="PushNotificationService Initialization Flow should initialize notifications with granted permission"
	  />
	  Name "PushNotificationService Initialization Flow should request permission for default permission":
	  <li
	    class="jasmine-passed"
	    id="spec_spec717"
	    title="PushNotificationService Initialization Flow should request permission for default permission"
	  />
	  Name "PushNotificationService Utility Methods should get notification status":
	  <li
	    class="jasmine-passed"
	    id="spec_spec709"
	    title="PushNotificationService Utility Methods should get notification status"
	  />
	  Name "PushNotificationService Utility Methods should detect browser name correctly":
	  <li
	    class="jasmine-passed"
	    id="spec_spec710"
	    title="PushNotificationService Utility Methods should detect browser name correctly"
	  />
	  Name "PushNotificationService Utility Methods should detect OS name correctly":
	  <li
	    class="jasmine-passed"
	    id="spec_spec711"
	    title="PushNotificationService Utility Methods should detect OS name correctly"
	  />
	  Name "PushNotificationService Utility Methods should convert ArrayBuffer to Base64":
	  <li
	    class="jasmine-passed"
	    id="spec_spec712"
	    title="PushNotificationService Utility Methods should convert ArrayBuffer to Base64"
	  />
	  Name "PushNotificationService Utility Methods should get current user ID":
	  <li
	    class="jasmine-passed"
	    id="spec_spec713"
	    title="PushNotificationService Utility Methods should get current user ID"
	  />
	  Name "PushNotificationService Utility Methods should get auth token":
	  <li
	    class="jasmine-passed"
	    id="spec_spec715"
	    title="PushNotificationService Utility Methods should get auth token"
	  />
	  Name "PushNotificationService Utility Methods should return anonymous for missing user":
	  <li
	    class="jasmine-passed"
	    id="spec_spec714"
	    title="PushNotificationService Utility Methods should return anonymous for missing user"
	  />
	  Name "PushNotificationService Test and Debugging should fallback to local notification on API failure":
	  <li
	    class="jasmine-passed"
	    id="spec_spec708"
	    title="PushNotificationService Test and Debugging should fallback to local notification on API failure"
	  />
	  Name "PushNotificationService Test and Debugging should send test notification via API":
	  <li
	    class="jasmine-passed"
	    id="spec_spec707"
	    title="PushNotificationService Test and Debugging should send test notification via API"
	  />
	  Name "PushNotificationService Service Initialization should initialize with empty notification history":
	  <li
	    class="jasmine-passed"
	    id="spec_spec685"
	    title="PushNotificationService Service Initialization should initialize with empty notification history"
	  />
	  Name "PushNotificationService Service Initialization should initialize with no subscription":
	  <li
	    class="jasmine-passed"
	    id="spec_spec684"
	    title="PushNotificationService Service Initialization should initialize with no subscription"
	  />
	  Name "PushNotificationService Service Initialization should check push notification support":
	  <li
	    class="jasmine-passed"
	    id="spec_spec682"
	    title="PushNotificationService Service Initialization should check push notification support"
	  />
	  Name "PushNotificationService Service Initialization should initialize with default permission":
	  <li
	    class="jasmine-passed"
	    id="spec_spec683"
	    title="PushNotificationService Service Initialization should initialize with default permission"
	  />
	  Name "PushNotificationService Service Initialization should be created":
	  <li
	    class="jasmine-passed"
	    id="spec_spec681"
	    title="PushNotificationService Service Initialization should be created"
	  />
	  Name "PushNotificationService Notification History should get unread notification count":
	  <li
	    class="jasmine-passed"
	    id="spec_spec701"
	    title="PushNotificationService Notification History should get unread notification count"
	  />
	  Name "PushNotificationService Notification History should limit notification history to 50 items":
	  <li
	    class="jasmine-passed"
	    id="spec_spec706"
	    title="PushNotificationService Notification History should limit notification history to 50 items"
	  />
	  Name "PushNotificationService Notification History should handle corrupted notification history data":
	  <li
	    class="jasmine-failed"
	    id="spec_spec705"
	    title="PushNotificationService Notification History should handle corrupted notification history data"
	  />
	  Name "PushNotificationService Notification History should mark all notifications as read":
	  <li
	    class="jasmine-passed"
	    id="spec_spec702"
	    title="PushNotificationService Notification History should mark all notifications as read"
	  />
	  Name "PushNotificationService Notification History should clear notification history":
	  <li
	    class="jasmine-passed"
	    id="spec_spec703"
	    title="PushNotificationService Notification History should clear notification history"
	  />
	  Name "PushNotificationService Notification History should load stored notifications on initialization":
	  <li
	    class="jasmine-failed"
	    id="spec_spec704"
	    title="PushNotificationService Notification History should load stored notifications on initialization"
	  />
	  Name "PushNotificationService Notification Handling should show in-app notification when document is visible":
	  <li
	    class="jasmine-passed"
	    id="spec_spec698"
	    title="PushNotificationService Notification Handling should show in-app notification when document is visible"
	  />
	  Name "PushNotificationService Notification Handling should handle notification clicks":
	  <li
	    class="jasmine-passed"
	    id="spec_spec699"
	    title="PushNotificationService Notification Handling should handle notification clicks"
	  />
	  Name "PushNotificationService Notification Handling should navigate to client page for document_pending notifications":
	  <li
	    class="jasmine-failed"
	    id="spec_spec700"
	    title="PushNotificationService Notification Handling should navigate to client page for document_pending notifications"
	  />
	  Name "PushNotificationService Notification Handling should setup notification handlers":
	  <li
	    class="jasmine-passed"
	    id="spec_spec696"
	    title="PushNotificationService Notification Handling should setup notification handlers"
	  />
	  Name "PushNotificationService Notification Handling should handle incoming notification message":
	  <li
	    class="jasmine-failed"
	    id="spec_spec697"
	    title="PushNotificationService Notification Handling should handle incoming notification message"
	  />
	  Name "PushNotificationService Subscription Management should unsubscribe from push notifications":
	  <li
	    class="jasmine-failed"
	    id="spec_spec692"
	    title="PushNotificationService Subscription Management should unsubscribe from push notifications"
	  />
	  Name "PushNotificationService Subscription Management should subscribe to push notifications":
	  <li
	    class="jasmine-failed"
	    id="spec_spec689"
	    title="PushNotificationService Subscription Management should subscribe to push notifications"
	  />
	  Name "PushNotificationService Subscription Management should load existing subscription from localStorage":
	  <li
	    class="jasmine-failed"
	    id="spec_spec694"
	    title="PushNotificationService Subscription Management should load existing subscription from localStorage"
	  />
	  Name "PushNotificationService Subscription Management should handle corrupted localStorage subscription data":
	  <li
	    class="jasmine-failed"
	    id="spec_spec695"
	    title="PushNotificationService Subscription Management should handle corrupted localStorage subscription data"
	  />
	  Name "PushNotificationService Subscription Management should handle unsubscribe failures gracefully":
	  <li
	    class="jasmine-passed"
	    id="spec_spec693"
	    title="PushNotificationService Subscription Management should handle unsubscribe failures gracefully"
	  />
	  Name "PushNotificationService Subscription Management should return null when permission not granted":
	  <li
	    class="jasmine-passed"
	    id="spec_spec690"
	    title="PushNotificationService Subscription Management should return null when permission not granted"
	  />
	  Name "PushNotificationService Subscription Management should handle subscription failures":
	  <li
	    class="jasmine-passed"
	    id="spec_spec691"
	    title="PushNotificationService Subscription Management should handle subscription failures"
	  />
	  Name "PushNotificationService Permission Management should throw error when push notifications not supported":
	  <li
	    class="jasmine-failed"
	    id="spec_spec688"
	    title="PushNotificationService Permission Management should throw error when push notifications not supported"
	  />
	  Name "PushNotificationService Permission Management should handle permission denied":
	  <li
	    class="jasmine-passed"
	    id="spec_spec687"
	    title="PushNotificationService Permission Management should handle permission denied"
	  />
	  Name "PushNotificationService Permission Management should request notification permission":
	  <li
	    class="jasmine-passed"
	    id="spec_spec686"
	    title="PushNotificationService Permission Management should request notification permission"
	  />
	  Name "math.util helpers should aggregate values":
	  <li
	    class="jasmine-passed"
	    id="spec_spec848"
	    title="math.util helpers should aggregate values"
	  />
	  Name "math.util rate conversions should be consistent":
	  <li
	    class="jasmine-passed"
	    id="spec_spec846"
	    title="math.util rate conversions should be consistent"
	  />
	  Name "math.util annuity should compute payment correctly":
	  <li
	    class="jasmine-passed"
	    id="spec_spec847"
	    title="math.util annuity should compute payment correctly"
	  />
	  Name "math.util round2 should round to 2 decimals":
	  <li
	    class="jasmine-passed"
	    id="spec_spec843"
	    title="math.util round2 should round to 2 decimals"
	  />
	  Name "math.util safe operations should reduce FP drift":
	  <li
	    class="jasmine-passed"
	    id="spec_spec844"
	    title="math.util safe operations should reduce FP drift"
	  />
	  Name "math.util monthsToYearsCeil should ceil to years":
	  <li
	    class="jasmine-passed"
	    id="spec_spec849"
	    title="math.util monthsToYearsCeil should ceil to years"
	  />
	  Name "math.util clamp should bound values":
	  <li
	    class="jasmine-passed"
	    id="spec_spec845"
	    title="math.util clamp should bound values"
	  />
	  Name "BusinessRulesService Age Calculation should handle birthday not yet reached this year":
	  <li
	    class="jasmine-passed"
	    id="spec_spec154"
	    title="BusinessRulesService Age Calculation should handle birthday not yet reached this year"
	  />
	  Name "BusinessRulesService Age Calculation should calculate age correctly":
	  <li
	    class="jasmine-passed"
	    id="spec_spec153"
	    title="BusinessRulesService Age Calculation should calculate age correctly"
	  />
	  Name "BusinessRulesService Market Requirements should get Aguascalientes requirements":
	  <li
	    class="jasmine-passed"
	    id="spec_spec143"
	    title="BusinessRulesService Market Requirements should get Aguascalientes requirements"
	  />
	  Name "BusinessRulesService Market Requirements should get Estado de México requirements":
	  <li
	    class="jasmine-passed"
	    id="spec_spec144"
	    title="BusinessRulesService Market Requirements should get Estado de México requirements"
	  />
	  Name "BusinessRulesService Market Requirements should include required documents for each market":
	  <li
	    class="jasmine-passed"
	    id="spec_spec145"
	    title="BusinessRulesService Market Requirements should include required documents for each market"
	  />
	  Name "BusinessRulesService Business Flow Change Validation should allow flow change when no documents are approved":
	  <li
	    class="jasmine-passed"
	    id="spec_spec146"
	    title="BusinessRulesService Business Flow Change Validation should allow flow change when no documents are approved"
	  />
	  Name "BusinessRulesService Business Flow Change Validation should not allow flow change when documents are approved":
	  <li
	    class="jasmine-passed"
	    id="spec_spec147"
	    title="BusinessRulesService Business Flow Change Validation should not allow flow change when documents are approved"
	  />
	  Name "BusinessRulesService Business Flow Change Validation should not allow collective credit in Aguascalientes":
	  <li
	    class="jasmine-passed"
	    id="spec_spec148"
	    title="BusinessRulesService Business Flow Change Validation should not allow collective credit in Aguascalientes"
	  />
	  Name "BusinessRulesService Business Flow Change Validation should require ecosystem for EdoMex collective credit":
	  <li
	    class="jasmine-passed"
	    id="spec_spec149"
	    title="BusinessRulesService Business Flow Change Validation should require ecosystem for EdoMex collective credit"
	  />
	  Name "BusinessRulesService Market Requirements Special Rules should include EdoMex specific rules about ecosystem":
	  <li
	    class="jasmine-passed"
	    id="spec_spec162"
	    title="BusinessRulesService Market Requirements Special Rules should include EdoMex specific rules about ecosystem"
	  />
	  Name "BusinessRulesService Market Requirements Special Rules should include AGS specific rules about credit types":
	  <li
	    class="jasmine-passed"
	    id="spec_spec161"
	    title="BusinessRulesService Market Requirements Special Rules should include AGS specific rules about credit types"
	  />
	  Name "BusinessRulesService Helper Methods should generate ecosystem validation notes":
	  <li
	    class="jasmine-passed"
	    id="spec_spec157"
	    title="BusinessRulesService Helper Methods should generate ecosystem validation notes"
	  />
	  Name "BusinessRulesService Helper Methods should consolidate validation results correctly":
	  <li
	    class="jasmine-passed"
	    id="spec_spec155"
	    title="BusinessRulesService Helper Methods should consolidate validation results correctly"
	  />
	  Name "BusinessRulesService Helper Methods should get ecosystem required documents":
	  <li
	    class="jasmine-passed"
	    id="spec_spec156"
	    title="BusinessRulesService Helper Methods should get ecosystem required documents"
	  />
	  Name "BusinessRulesService Collective Group Validation Details should validate down payment minimum for collective credit":
	  <li
	    class="jasmine-passed"
	    id="spec_spec160"
	    title="BusinessRulesService Collective Group Validation Details should validate down payment minimum for collective credit"
	  />
	  Name "BusinessRulesService Collective Group Validation Details should validate down payment range for collective credit":
	  <li
	    class="jasmine-passed"
	    id="spec_spec159"
	    title="BusinessRulesService Collective Group Validation Details should validate down payment range for collective credit"
	  />
	  Name "BusinessRulesService Collective Group Validation Details should validate minimum group size":
	  <li
	    class="jasmine-passed"
	    id="spec_spec158"
	    title="BusinessRulesService Collective Group Validation Details should validate minimum group size"
	  />
	  Name "BusinessRulesService Credit History Validation should warn about low credit score":
	  <li
	    class="jasmine-passed"
	    id="spec_spec151"
	    title="BusinessRulesService Credit History Validation should warn about low credit score"
	  />
	  Name "BusinessRulesService Credit History Validation should validate credit history with simulated score":
	  <li
	    class="jasmine-passed"
	    id="spec_spec150"
	    title="BusinessRulesService Credit History Validation should validate credit history with simulated score"
	  />
	  Name "BusinessRulesService Credit History Validation should recommend special conditions for very low score":
	  <li
	    class="jasmine-passed"
	    id="spec_spec152"
	    title="BusinessRulesService Credit History Validation should recommend special conditions for very low score"
	  />
	  Name "BusinessRulesService Ecosystem Validation Edge Cases should properly identify required vs optional documents":
	  <li
	    class="jasmine-failed"
	    id="spec_spec164"
	    title="BusinessRulesService Ecosystem Validation Edge Cases should properly identify required vs optional documents"
	  />
	  Name "BusinessRulesService Ecosystem Validation Edge Cases should handle ecosystem validation with partial documents":
	  <li
	    class="jasmine-passed"
	    id="spec_spec163"
	    title="BusinessRulesService Ecosystem Validation Edge Cases should handle ecosystem validation with partial documents"
	  />
	  Name "BusinessRulesService Service Initialization should have universal rules":
	  <li
	    class="jasmine-passed"
	    id="spec_spec120"
	    title="BusinessRulesService Service Initialization should have universal rules"
	  />
	  Name "BusinessRulesService Service Initialization should have EdoMex specific rules":
	  <li
	    class="jasmine-passed"
	    id="spec_spec119"
	    title="BusinessRulesService Service Initialization should have EdoMex specific rules"
	  />
	  Name "BusinessRulesService Service Initialization should be created":
	  <li
	    class="jasmine-passed"
	    id="spec_spec116"
	    title="BusinessRulesService Service Initialization should be created"
	  />
	  Name "BusinessRulesService Service Initialization should have AGS specific rules":
	  <li
	    class="jasmine-passed"
	    id="spec_spec118"
	    title="BusinessRulesService Service Initialization should have AGS specific rules"
	  />
	  Name "BusinessRulesService Service Initialization should initialize validation rules":
	  <li
	    class="jasmine-passed"
	    id="spec_spec117"
	    title="BusinessRulesService Service Initialization should initialize validation rules"
	  />
	  Name "BusinessRulesService EdoMex Specific Validations should require group assignment for collective credit":
	  <li
	    class="jasmine-passed"
	    id="spec_spec136"
	    title="BusinessRulesService EdoMex Specific Validations should require group assignment for collective credit"
	  />
	  Name "BusinessRulesService EdoMex Specific Validations should require ecosystem assignment for EdoMex":
	  <li
	    class="jasmine-passed"
	    id="spec_spec133"
	    title="BusinessRulesService EdoMex Specific Validations should require ecosystem assignment for EdoMex"
	  />
	  Name "BusinessRulesService EdoMex Specific Validations should validate collective group requirements":
	  <li
	    class="jasmine-passed"
	    id="spec_spec135"
	    title="BusinessRulesService EdoMex Specific Validations should validate collective group requirements"
	  />
	  Name "BusinessRulesService EdoMex Specific Validations should validate EdoMex payment capacity ($20,000 minimum)":
	  <li
	    class="jasmine-passed"
	    id="spec_spec137"
	    title="BusinessRulesService EdoMex Specific Validations should validate EdoMex payment capacity ($20,000 minimum)"
	  />
	  Name "BusinessRulesService EdoMex Specific Validations should warn about high payment-to-income ratio":
	  <li
	    class="jasmine-passed"
	    id="spec_spec138"
	    title="BusinessRulesService EdoMex Specific Validations should warn about high payment-to-income ratio"
	  />
	  Name "BusinessRulesService EdoMex Specific Validations should validate EdoMex ecosystem documents":
	  <li
	    class="jasmine-passed"
	    id="spec_spec134"
	    title="BusinessRulesService EdoMex Specific Validations should validate EdoMex ecosystem documents"
	  />
	  Name "BusinessRulesService Ecosystem Validation should fail ecosystem validation for client without ecosystem":
	  <li
	    class="jasmine-passed"
	    id="spec_spec140"
	    title="BusinessRulesService Ecosystem Validation should fail ecosystem validation for client without ecosystem"
	  />
	  Name "BusinessRulesService Ecosystem Validation should throw error for AGS client ecosystem validation":
	  <li
	    class="jasmine-passed"
	    id="spec_spec141"
	    title="BusinessRulesService Ecosystem Validation should throw error for AGS client ecosystem validation"
	  />
	  Name "BusinessRulesService Ecosystem Validation should identify missing ecosystem documents":
	  <li
	    class="jasmine-passed"
	    id="spec_spec142"
	    title="BusinessRulesService Ecosystem Validation should identify missing ecosystem documents"
	  />
	  Name "BusinessRulesService Ecosystem Validation should validate ecosystem for EdoMex client":
	  <li
	    class="jasmine-failed"
	    id="spec_spec139"
	    title="BusinessRulesService Ecosystem Validation should validate ecosystem for EdoMex client"
	  />
	  Name "BusinessRulesService Client Validation should filter rules by business flow correctly":
	  <li
	    class="jasmine-passed"
	    id="spec_spec128"
	    title="BusinessRulesService Client Validation should filter rules by business flow correctly"
	  />
	  Name "BusinessRulesService Client Validation should filter rules by market correctly":
	  <li
	    class="jasmine-passed"
	    id="spec_spec127"
	    title="BusinessRulesService Client Validation should filter rules by market correctly"
	  />
	  Name "BusinessRulesService Client Validation should fail validation for underage client":
	  <li
	    class="jasmine-passed"
	    id="spec_spec124"
	    title="BusinessRulesService Client Validation should fail validation for underage client"
	  />
	  Name "BusinessRulesService Client Validation should fail validation for client with missing documents":
	  <li
	    class="jasmine-passed"
	    id="spec_spec123"
	    title="BusinessRulesService Client Validation should fail validation for client with missing documents"
	  />
	  Name "BusinessRulesService Client Validation should fail validation for client without income":
	  <li
	    class="jasmine-passed"
	    id="spec_spec126"
	    title="BusinessRulesService Client Validation should fail validation for client without income"
	  />
	  Name "BusinessRulesService Client Validation should fail validation for client over age limit":
	  <li
	    class="jasmine-passed"
	    id="spec_spec125"
	    title="BusinessRulesService Client Validation should fail validation for client over age limit"
	  />
	  Name "BusinessRulesService Client Validation should validate EdoMex client successfully":
	  <li
	    class="jasmine-passed"
	    id="spec_spec122"
	    title="BusinessRulesService Client Validation should validate EdoMex client successfully"
	  />
	  Name "BusinessRulesService Client Validation should validate AGS client successfully":
	  <li
	    class="jasmine-passed"
	    id="spec_spec121"
	    title="BusinessRulesService Client Validation should validate AGS client successfully"
	  />
	  Name "BusinessRulesService AGS Specific Validations should validate AGS term requirements (12 or 24 months)":
	  <li
	    class="jasmine-passed"
	    id="spec_spec130"
	    title="BusinessRulesService AGS Specific Validations should validate AGS term requirements (12 or 24 months)"
	  />
	  Name "BusinessRulesService AGS Specific Validations should validate AGS minimum income ($15,000)":
	  <li
	    class="jasmine-passed"
	    id="spec_spec131"
	    title="BusinessRulesService AGS Specific Validations should validate AGS minimum income ($15,000)"
	  />
	  Name "BusinessRulesService AGS Specific Validations should validate AGS required documents":
	  <li
	    class="jasmine-passed"
	    id="spec_spec132"
	    title="BusinessRulesService AGS Specific Validations should validate AGS required documents"
	  />
	  Name "BusinessRulesService AGS Specific Validations should validate AGS down payment requirement (60%)":
	  <li
	    class="jasmine-passed"
	    id="spec_spec129"
	    title="BusinessRulesService AGS Specific Validations should validate AGS down payment requirement (60%)"
	  />
	  Name "AppComponent should render title":
	  <li
	    class="jasmine-passed"
	    id="spec_spec2"
	    title="AppComponent should render title"
	  />
	  Name "AppComponent should create the app":
	  <li
	    class="jasmine-passed"
	    id="spec_spec0"
	    title="AppComponent should create the app"
	  />
	  Name "AppComponent should have the 'conductores-pwa' title":
	  <li
	    class="jasmine-passed"
	    id="spec_spec1"
	    title="AppComponent should have the 'conductores-pwa' title"
	  />
	  Name "ToastService Success Toast should create success toast with default duration":
	  <li
	    class="jasmine-passed"
	    id="spec_spec781"
	    title="ToastService Success Toast should create success toast with default duration"
	  />
	  Name "ToastService Success Toast should create success toast with custom duration":
	  <li
	    class="jasmine-passed"
	    id="spec_spec782"
	    title="ToastService Success Toast should create success toast with custom duration"
	  />
	  Name "ToastService Success Toast should add success toast to toasts array":
	  <li
	    class="jasmine-passed"
	    id="spec_spec783"
	    title="ToastService Success Toast should add success toast to toasts array"
	  />
	  Name "ToastService Error Toast should create error toast with default duration":
	  <li
	    class="jasmine-passed"
	    id="spec_spec784"
	    title="ToastService Error Toast should create error toast with default duration"
	  />
	  Name "ToastService Error Toast should create error toast with custom duration":
	  <li
	    class="jasmine-passed"
	    id="spec_spec785"
	    title="ToastService Error Toast should create error toast with custom duration"
	  />
	  Name "ToastService Edge Cases should handle zero duration":
	  <li
	    class="jasmine-passed"
	    id="spec_spec802"
	    title="ToastService Edge Cases should handle zero duration"
	  />
	  Name "ToastService Edge Cases should handle empty message":
	  <li
	    class="jasmine-passed"
	    id="spec_spec800"
	    title="ToastService Edge Cases should handle empty message"
	  />
	  Name "ToastService Edge Cases should handle rapid consecutive toasts":
	  <li
	    class="jasmine-failed"
	    id="spec_spec805"
	    title="ToastService Edge Cases should handle rapid consecutive toasts"
	  />
	  Name "ToastService Edge Cases should handle negative duration":
	  <li
	    class="jasmine-passed"
	    id="spec_spec803"
	    title="ToastService Edge Cases should handle negative duration"
	  />
	  Name "ToastService Edge Cases should handle special characters in message":
	  <li
	    class="jasmine-passed"
	    id="spec_spec804"
	    title="ToastService Edge Cases should handle special characters in message"
	  />
	  Name "ToastService Edge Cases should handle very long message":
	  <li
	    class="jasmine-passed"
	    id="spec_spec801"
	    title="ToastService Edge Cases should handle very long message"
	  />
	  Name "ToastService Observable Behavior should emit toasts through observable":
	  <li
	    class="jasmine-passed"
	    id="spec_spec797"
	    title="ToastService Observable Behavior should emit toasts through observable"
	  />
	  Name "ToastService Observable Behavior should emit each toast separately":
	  <li
	    class="jasmine-passed"
	    id="spec_spec799"
	    title="ToastService Observable Behavior should emit each toast separately"
	  />
	  Name "ToastService Observable Behavior should support multiple subscribers":
	  <li
	    class="jasmine-passed"
	    id="spec_spec798"
	    title="ToastService Observable Behavior should support multiple subscribers"
	  />
	  Name "ToastService Toast State Management should handle removing all toasts":
	  <li
	    class="jasmine-passed"
	    id="spec_spec807"
	    title="ToastService Toast State Management should handle removing all toasts"
	  />
	  Name "ToastService Toast State Management should maintain correct state after multiple operations":
	  <li
	    class="jasmine-failed"
	    id="spec_spec806"
	    title="ToastService Toast State Management should maintain correct state after multiple operations"
	  />
	  Name "ToastService Warning Toast should create warning toast with default duration":
	  <li
	    class="jasmine-passed"
	    id="spec_spec786"
	    title="ToastService Warning Toast should create warning toast with default duration"
	  />
	  Name "ToastService Warning Toast should create warning toast with custom duration":
	  <li
	    class="jasmine-passed"
	    id="spec_spec787"
	    title="ToastService Warning Toast should create warning toast with custom duration"
	  />
	  Name "ToastService Service Initialization should be created":
	  <li
	    class="jasmine-passed"
	    id="spec_spec778"
	    title="ToastService Service Initialization should be created"
	  />
	  Name "ToastService Service Initialization should have toasts$ observable":
	  <li
	    class="jasmine-passed"
	    id="spec_spec780"
	    title="ToastService Service Initialization should have toasts$ observable"
	  />
	  Name "ToastService Service Initialization should initialize with empty toasts array":
	  <li
	    class="jasmine-passed"
	    id="spec_spec779"
	    title="ToastService Service Initialization should initialize with empty toasts array"
	  />
	  Name "ToastService Toast Management should remove toast by ID":
	  <li
	    class="jasmine-passed"
	    id="spec_spec791"
	    title="ToastService Toast Management should remove toast by ID"
	  />
	  Name "ToastService Toast Management should generate unique IDs for different toasts":
	  <li
	    class="jasmine-failed"
	    id="spec_spec790"
	    title="ToastService Toast Management should generate unique IDs for different toasts"
	  />
	  Name "ToastService Toast Management should remove only specified toast when multiple exist":
	  <li
	    class="jasmine-failed"
	    id="spec_spec793"
	    title="ToastService Toast Management should remove only specified toast when multiple exist"
	  />
	  Name "ToastService Toast Management should handle removing non-existent toast ID":
	  <li
	    class="jasmine-passed"
	    id="spec_spec792"
	    title="ToastService Toast Management should handle removing non-existent toast ID"
	  />
	  Name "ToastService Info Toast should create info toast with default duration":
	  <li
	    class="jasmine-passed"
	    id="spec_spec788"
	    title="ToastService Info Toast should create info toast with default duration"
	  />
	  Name "ToastService Info Toast should create info toast with custom duration":
	  <li
	    class="jasmine-passed"
	    id="spec_spec789"
	    title="ToastService Info Toast should create info toast with custom duration"
	  />
	  Name "ToastService Auto-removal Functionality should auto-remove toast after specified duration":
	  <li
	    class="jasmine-passed"
	    id="spec_spec794"
	    title="ToastService Auto-removal Functionality should auto-remove toast after specified duration"
	  />
	  Name "ToastService Auto-removal Functionality should handle manual removal before auto-removal":
	  <li
	    class="jasmine-passed"
	    id="spec_spec796"
	    title="ToastService Auto-removal Functionality should handle manual removal before auto-removal"
	  />
	  Name "ToastService Auto-removal Functionality should auto-remove multiple toasts at different times":
	  <li
	    class="jasmine-failed"
	    id="spec_spec795"
	    title="ToastService Auto-removal Functionality should auto-remove multiple toasts at different times"
	  />
	  Name "LoginComponent Accessibility Tests Progressive Enhancement should degrade gracefully":
	  <li
	    class="jasmine-passed"
	    id="spec_spec892"
	    title="LoginComponent Accessibility Tests Progressive Enhancement should degrade gracefully"
	  />
	  Name "LoginComponent Accessibility Tests Progressive Enhancement should work without JavaScript enhancements":
	  <li
	    class="jasmine-passed"
	    id="spec_spec891"
	    title="LoginComponent Accessibility Tests Progressive Enhancement should work without JavaScript enhancements"
	  />
	  Name "LoginComponent Accessibility Tests Error Handling Accessibility should announce authentication errors accessibly":
	  <li
	    class="jasmine-failed"
	    id="spec_spec889"
	    title="LoginComponent Accessibility Tests Error Handling Accessibility should announce authentication errors accessibly"
	  />
	  Name "LoginComponent Accessibility Tests Error Handling Accessibility should provide recovery instructions for errors":
	  <li
	    class="jasmine-empty"
	    id="spec_spec890"
	    title="LoginComponent Accessibility Tests Error Handling Accessibility should provide recovery instructions for errors"
	  />
	  Name "LoginComponent Accessibility Tests LoginComponent should be accessible":
	  <li
	    class="jasmine-passed"
	    id="spec_spec893"
	    title="LoginComponent Accessibility Tests LoginComponent should be accessible"
	  />
	  Name "LoginComponent Accessibility Tests Form Accessibility should have properly labeled form controls":
	  <li
	    class="jasmine-passed"
	    id="spec_spec871"
	    title="LoginComponent Accessibility Tests Form Accessibility should have properly labeled form controls"
	  />
	  Name "LoginComponent Accessibility Tests Form Accessibility should have appropriate input types and attributes":
	  <li
	    class="jasmine-failed"
	    id="spec_spec872"
	    title="LoginComponent Accessibility Tests Form Accessibility should have appropriate input types and attributes"
	  />
	  Name "LoginComponent Accessibility Tests Form Accessibility should pass automated accessibility tests":
	  <li
	    class="jasmine-passed"
	    id="spec_spec869"
	    title="LoginComponent Accessibility Tests Form Accessibility should pass automated accessibility tests"
	  />
	  Name "LoginComponent Accessibility Tests Form Accessibility should announce form submission status":
	  <li
	    class="jasmine-passed"
	    id="spec_spec874"
	    title="LoginComponent Accessibility Tests Form Accessibility should announce form submission status"
	  />
	  Name "LoginComponent Accessibility Tests Form Accessibility should provide accessible error messages":
	  <li
	    class="jasmine-passed"
	    id="spec_spec873"
	    title="LoginComponent Accessibility Tests Form Accessibility should provide accessible error messages"
	  />
	  Name "LoginComponent Accessibility Tests Form Accessibility should pass form-specific accessibility tests":
	  <li
	    class="jasmine-passed"
	    id="spec_spec870"
	    title="LoginComponent Accessibility Tests Form Accessibility should pass form-specific accessibility tests"
	  />
	  Name "LoginComponent Accessibility Tests LoginComponent should have no accessibility violations":
	  <li
	    class="jasmine-passed"
	    id="spec_spec894"
	    title="LoginComponent Accessibility Tests LoginComponent should have no accessibility violations"
	  />
	  Name "LoginComponent Accessibility Tests Mobile and Touch Accessibility should be responsive and maintain accessibility":
	  <li
	    class="jasmine-passed"
	    id="spec_spec888"
	    title="LoginComponent Accessibility Tests Mobile and Touch Accessibility should be responsive and maintain accessibility"
	  />
	  Name "LoginComponent Accessibility Tests Mobile and Touch Accessibility should have adequate touch targets":
	  <li
	    class="jasmine-failed"
	    id="spec_spec887"
	    title="LoginComponent Accessibility Tests Mobile and Touch Accessibility should have adequate touch targets"
	  />
	  Name "LoginComponent Accessibility Tests Visual and Interaction Accessibility should have focus indicators for all interactive elements":
	  <li
	    class="jasmine-passed"
	    id="spec_spec878"
	    title="LoginComponent Accessibility Tests Visual and Interaction Accessibility should have focus indicators for all interactive elements"
	  />
	  Name "LoginComponent Accessibility Tests Visual and Interaction Accessibility should not rely solely on color for form validation":
	  <li
	    class="jasmine-failed"
	    id="spec_spec877"
	    title="LoginComponent Accessibility Tests Visual and Interaction Accessibility should not rely solely on color for form validation"
	  />
	  Name "LoginComponent Accessibility Tests Visual and Interaction Accessibility should have accessible password visibility toggle":
	  <li
	    class="jasmine-failed"
	    id="spec_spec875"
	    title="LoginComponent Accessibility Tests Visual and Interaction Accessibility should have accessible password visibility toggle"
	  />
	  Name "LoginComponent Accessibility Tests Visual and Interaction Accessibility should have sufficient color contrast":
	  <li
	    class="jasmine-passed"
	    id="spec_spec876"
	    title="LoginComponent Accessibility Tests Visual and Interaction Accessibility should have sufficient color contrast"
	  />
	  Name "LoginComponent Accessibility Tests Screen Reader Support should provide form context and instructions":
	  <li
	    class="jasmine-passed"
	    id="spec_spec884"
	    title="LoginComponent Accessibility Tests Screen Reader Support should provide form context and instructions"
	  />
	  Name "LoginComponent Accessibility Tests Screen Reader Support should provide meaningful page structure":
	  <li
	    class="jasmine-passed"
	    id="spec_spec883"
	    title="LoginComponent Accessibility Tests Screen Reader Support should provide meaningful page structure"
	  />
	  Name "LoginComponent Accessibility Tests Screen Reader Support should provide meaningful button labels":
	  <li
	    class="jasmine-passed"
	    id="spec_spec886"
	    title="LoginComponent Accessibility Tests Screen Reader Support should provide meaningful button labels"
	  />
	  Name "LoginComponent Accessibility Tests Screen Reader Support should announce loading states":
	  <li
	    class="jasmine-failed"
	    id="spec_spec885"
	    title="LoginComponent Accessibility Tests Screen Reader Support should announce loading states"
	  />
	  Name "LoginComponent Accessibility Tests Keyboard Navigation should support keyboard-only navigation":
	  <li
	    class="jasmine-passed"
	    id="spec_spec879"
	    title="LoginComponent Accessibility Tests Keyboard Navigation should support keyboard-only navigation"
	  />
	  Name "LoginComponent Accessibility Tests Keyboard Navigation should have logical tab order":
	  <li
	    class="jasmine-passed"
	    id="spec_spec880"
	    title="LoginComponent Accessibility Tests Keyboard Navigation should have logical tab order"
	  />
	  Name "LoginComponent Accessibility Tests Keyboard Navigation should support Escape key functionality":
	  <li
	    class="jasmine-passed"
	    id="spec_spec882"
	    title="LoginComponent Accessibility Tests Keyboard Navigation should support Escape key functionality"
	  />
	  Name "LoginComponent Accessibility Tests Keyboard Navigation should handle Enter key submission":
	  <li
	    class="jasmine-passed"
	    id="spec_spec881"
	    title="LoginComponent Accessibility Tests Keyboard Navigation should handle Enter key submission"
	  />
	  Name "LoginComponent Accessibility Tests LoginComponent interactive elements should be keyboard accessible":
	  <li
	    class="jasmine-passed"
	    id="spec_spec895"
	    title="LoginComponent Accessibility Tests LoginComponent interactive elements should be keyboard accessible"
	  />
	  Name "LoginComponent Accessibility Tests LoginComponent form controls should have labels":
	  <li
	    class="jasmine-passed"
	    id="spec_spec896"
	    title="LoginComponent Accessibility Tests LoginComponent form controls should have labels"
	  />
	  Name "LoginComponent should initialize form with empty values":
	  <li
	    class="jasmine-passed"
	    id="spec_spec898"
	    title="LoginComponent should initialize form with empty values"
	  />
	  Name "LoginComponent should show required validation errors":
	  <li
	    class="jasmine-passed"
	    id="spec_spec899"
	    title="LoginComponent should show required validation errors"
	  />
	  Name "LoginComponent should show email format validation error":
	  <li
	    class="jasmine-passed"
	    id="spec_spec900"
	    title="LoginComponent should show email format validation error"
	  />
	  Name "LoginComponent should validate password length":
	  <li
	    class="jasmine-passed"
	    id="spec_spec901"
	    title="LoginComponent should validate password length"
	  />
	  Name "LoginComponent should create":
	  <li
	    class="jasmine-passed"
	    id="spec_spec897"
	    title="LoginComponent should create"
	  />
	  Name "LoginComponent should accept valid form inputs":
	  <li
	    class="jasmine-passed"
	    id="spec_spec902"
	    title="LoginComponent should accept valid form inputs"
	  />
	  Name "LoginComponent should call performLogin when form is valid":
	  <li
	    class="jasmine-failed"
	    id="spec_spec904"
	    title="LoginComponent should call performLogin when form is valid"
	  />
	  Name "LoginComponent should navigate to dashboard on successful login":
	  <li
	    class="jasmine-failed"
	    id="spec_spec905"
	    title="LoginComponent should navigate to dashboard on successful login"
	  />
	  Name "LoginComponent should handle login loading state":
	  <li
	    class="jasmine-passed"
	    id="spec_spec906"
	    title="LoginComponent should handle login loading state"
	  />
	  Name "LoginComponent should toggle password visibility":
	  <li
	    class="jasmine-passed"
	    id="spec_spec907"
	    title="LoginComponent should toggle password visibility"
	  />
	  Name "LoginComponent should handle keyboard navigation":
	  <li
	    class="jasmine-passed"
	    id="spec_spec908"
	    title="LoginComponent should handle keyboard navigation"
	  />
	  Name "LoginComponent should prevent form submission when invalid":
	  <li
	    class="jasmine-passed"
	    id="spec_spec903"
	    title="LoginComponent should prevent form submission when invalid"
	  />
	  Name "WhatsappService Core Messaging should send template message successfully":
	  <li
	    class="jasmine-failed"
	    id="spec_spec810"
	    title="WhatsappService Core Messaging should send template message successfully"
	  />
	  Name "WhatsappService Core Messaging should send text message successfully":
	  <li
	    class="jasmine-failed"
	    id="spec_spec809"
	    title="WhatsappService Core Messaging should send text message successfully"
	  />
	  Name "WhatsappService Core Messaging should handle message sending errors":
	  <li
	    class="jasmine-failed"
	    id="spec_spec811"
	    title="WhatsappService Core Messaging should handle message sending errors"
	  />
	  Name "WhatsappService Service Initialization should be created":
	  <li
	    class="jasmine-passed"
	    id="spec_spec808"
	    title="WhatsappService Service Initialization should be created"
	  />
	  Name "WhatsappService Edge Cases and Boundary Conditions should handle webhook with no changes":
	  <li
	    class="jasmine-passed"
	    id="spec_spec836"
	    title="WhatsappService Edge Cases and Boundary Conditions should handle webhook with no changes"
	  />
	  Name "WhatsappService Edge Cases and Boundary Conditions should handle empty webhook entries":
	  <li
	    class="jasmine-passed"
	    id="spec_spec835"
	    title="WhatsappService Edge Cases and Boundary Conditions should handle empty webhook entries"
	  />
	  Name "WhatsappService Edge Cases and Boundary Conditions should handle special characters in phone numbers":
	  <li
	    class="jasmine-failed"
	    id="spec_spec838"
	    title="WhatsappService Edge Cases and Boundary Conditions should handle special characters in phone numbers"
	  />
	  Name "WhatsappService Edge Cases and Boundary Conditions should handle very long message text":
	  <li
	    class="jasmine-failed"
	    id="spec_spec837"
	    title="WhatsappService Edge Cases and Boundary Conditions should handle very long message text"
	  />
	  Name "WhatsappService Error Handling should retry failed requests":
	  <li
	    class="jasmine-failed"
	    id="spec_spec834"
	    title="WhatsappService Error Handling should retry failed requests"
	  />
	  Name "WhatsappService Error Handling should handle network errors":
	  <li
	    class="jasmine-failed"
	    id="spec_spec832"
	    title="WhatsappService Error Handling should handle network errors"
	  />
	  Name "WhatsappService Error Handling should handle API errors with detailed messages":
	  <li
	    class="jasmine-failed"
	    id="spec_spec833"
	    title="WhatsappService Error Handling should handle API errors with detailed messages"
	  />
	  Name "WhatsappService Business Logic Templates should send GNV overage notification":
	  <li
	    class="jasmine-failed"
	    id="spec_spec813"
	    title="WhatsappService Business Logic Templates should send GNV overage notification"
	  />
	  Name "WhatsappService Business Logic Templates should send payment notification":
	  <li
	    class="jasmine-failed"
	    id="spec_spec812"
	    title="WhatsappService Business Logic Templates should send payment notification"
	  />
	  Name "WhatsappService Business Logic Templates should send contract approved notification":
	  <li
	    class="jasmine-failed"
	    id="spec_spec815"
	    title="WhatsappService Business Logic Templates should send contract approved notification"
	  />
	  Name "WhatsappService Business Logic Templates should send document pending notification":
	  <li
	    class="jasmine-failed"
	    id="spec_spec814"
	    title="WhatsappService Business Logic Templates should send document pending notification"
	  />
	  Name "WhatsappService Business Logic Templates should send welcome message":
	  <li
	    class="jasmine-failed"
	    id="spec_spec816"
	    title="WhatsappService Business Logic Templates should send welcome message"
	  />
	  Name "WhatsappService Analytics & Reporting should get delivery report for specific message":
	  <li
	    class="jasmine-passed"
	    id="spec_spec831"
	    title="WhatsappService Analytics & Reporting should get delivery report for specific message"
	  />
	  Name "WhatsappService Analytics & Reporting should get message analytics":
	  <li
	    class="jasmine-passed"
	    id="spec_spec830"
	    title="WhatsappService Analytics & Reporting should get message analytics"
	  />
	  Name "WhatsappService Template Management should get template status":
	  <li
	    class="jasmine-failed"
	    id="spec_spec828"
	    title="WhatsappService Template Management should get template status"
	  />
	  Name "WhatsappService Template Management should handle template status errors":
	  <li
	    class="jasmine-failed"
	    id="spec_spec829"
	    title="WhatsappService Template Management should handle template status errors"
	  />
	  Name "WhatsappService Webhook Handling should verify webhook with correct token":
	  <li
	    class="jasmine-failed"
	    id="spec_spec820"
	    title="WhatsappService Webhook Handling should verify webhook with correct token"
	  />
	  Name "WhatsappService Webhook Handling should reject webhook with incorrect token":
	  <li
	    class="jasmine-passed"
	    id="spec_spec821"
	    title="WhatsappService Webhook Handling should reject webhook with incorrect token"
	  />
	  Name "WhatsappService Webhook Handling should reject webhook with incorrect mode":
	  <li
	    class="jasmine-passed"
	    id="spec_spec822"
	    title="WhatsappService Webhook Handling should reject webhook with incorrect mode"
	  />
	  Name "WhatsappService Webhook Handling should process webhook with message status updates":
	  <li
	    class="jasmine-passed"
	    id="spec_spec823"
	    title="WhatsappService Webhook Handling should process webhook with message status updates"
	  />
	  Name "WhatsappService Webhook Handling should handle webhook processing errors gracefully":
	  <li
	    class="jasmine-passed"
	    id="spec_spec825"
	    title="WhatsappService Webhook Handling should handle webhook processing errors gracefully"
	  />
	  Name "WhatsappService Webhook Handling should process webhook with incoming messages":
	  <li
	    class="jasmine-passed"
	    id="spec_spec824"
	    title="WhatsappService Webhook Handling should process webhook with incoming messages"
	  />
	  Name "WhatsappService Phone Number Formatting should format Mexican phone numbers correctly":
	  <li
	    class="jasmine-failed"
	    id="spec_spec817"
	    title="WhatsappService Phone Number Formatting should format Mexican phone numbers correctly"
	  />
	  Name "WhatsappService Phone Number Formatting should handle already properly formatted numbers":
	  <li
	    class="jasmine-failed"
	    id="spec_spec819"
	    title="WhatsappService Phone Number Formatting should handle already properly formatted numbers"
	  />
	  Name "WhatsappService Phone Number Formatting should handle US phone numbers":
	  <li
	    class="jasmine-failed"
	    id="spec_spec818"
	    title="WhatsappService Phone Number Formatting should handle US phone numbers"
	  />
	  Name "WhatsappService Bulk Operations should handle partial failures in bulk operations":
	  <li
	    class="jasmine-failed"
	    id="spec_spec827"
	    title="WhatsappService Bulk Operations should handle partial failures in bulk operations"
	  />
	  Name "WhatsappService Bulk Operations should send bulk payment notifications":
	  <li
	    class="jasmine-failed"
	    id="spec_spec826"
	    title="WhatsappService Bulk Operations should send bulk payment notifications"
	  />
	  Name "ClienteFormComponent Integration Tests should handle back button click":
	  <li
	    class="jasmine-failed"
	    id="spec_spec937"
	    title="ClienteFormComponent Integration Tests should handle back button click"
	  />
	  Name "ClienteFormComponent Integration Tests should render form with all required fields":
	  <li
	    class="jasmine-failed"
	    id="spec_spec933"
	    title="ClienteFormComponent Integration Tests should render form with all required fields"
	  />
	  Name "ClienteFormComponent Integration Tests should submit form with valid data":
	  <li
	    class="jasmine-failed"
	    id="spec_spec936"
	    title="ClienteFormComponent Integration Tests should submit form with valid data"
	  />
	  Name "ClienteFormComponent Integration Tests should show validation errors when submitting empty form":
	  <li
	    class="jasmine-failed"
	    id="spec_spec934"
	    title="ClienteFormComponent Integration Tests should show validation errors when submitting empty form"
	  />
	  Name "ClienteFormComponent Integration Tests should handle form input correctly":
	  <li
	    class="jasmine-failed"
	    id="spec_spec935"
	    title="ClienteFormComponent Integration Tests should handle form input correctly"
	  />
	  Name "MockApiService Error Simulation should simulate server error":
	  <li
	    class="jasmine-failed"
	    id="spec_spec565"
	    title="MockApiService Error Simulation should simulate server error"
	  />
	  Name "MockApiService Error Simulation should simulate validation error":
	  <li
	    class="jasmine-failed"
	    id="spec_spec566"
	    title="MockApiService Error Simulation should simulate validation error"
	  />
	  Name "MockApiService Error Simulation should simulate network error":
	  <li
	    class="jasmine-failed"
	    id="spec_spec564"
	    title="MockApiService Error Simulation should simulate network error"
	  />
	  Name "MockApiService Error Simulation should simulate timeout error":
	  <li
	    class="jasmine-failed"
	    id="spec_spec567"
	    title="MockApiService Error Simulation should simulate timeout error"
	  />
	  Name "MockApiService Error Simulation should simulate unknown error by default":
	  <li
	    class="jasmine-failed"
	    id="spec_spec568"
	    title="MockApiService Error Simulation should simulate unknown error by default"
	  />
	  Name "MockApiService Search and Analytics should perform global search with results structure":
	  <li
	    class="jasmine-failed"
	    id="spec_spec562"
	    title="MockApiService Search and Analytics should perform global search with results structure"
	  />
	  Name "MockApiService Search and Analytics should get dashboard stats with complete data":
	  <li
	    class="jasmine-failed"
	    id="spec_spec563"
	    title="MockApiService Search and Analytics should get dashboard stats with complete data"
	  />
	  Name "MockApiService Business Scenarios API Endpoints should create simulacion scenario with complete data":
	  <li
	    class="jasmine-failed"
	    id="spec_spec561"
	    title="MockApiService Business Scenarios API Endpoints should create simulacion scenario with complete data"
	  />
	  Name "MockApiService Business Scenarios API Endpoints should create cotizacion scenario with complete data":
	  <li
	    class="jasmine-failed"
	    id="spec_spec560"
	    title="MockApiService Business Scenarios API Endpoints should create cotizacion scenario with complete data"
	  />
	  Name "MockApiService Collective Groups API Endpoints should add member to group with normal network delay":
	  <li
	    class="jasmine-failed"
	    id="spec_spec558"
	    title="MockApiService Collective Groups API Endpoints should add member to group with normal network delay"
	  />
	  Name "MockApiService Collective Groups API Endpoints should get collective group by ID with network delay":
	  <li
	    class="jasmine-failed"
	    id="spec_spec557"
	    title="MockApiService Collective Groups API Endpoints should get collective group by ID with network delay"
	  />
	  Name "MockApiService Collective Groups API Endpoints should get collective groups with network delay":
	  <li
	    class="jasmine-failed"
	    id="spec_spec556"
	    title="MockApiService Collective Groups API Endpoints should get collective groups with network delay"
	  />
	  Name "MockApiService Collective Groups API Endpoints should deliver unit to group with slow network delay":
	  <li
	    class="jasmine-failed"
	    id="spec_spec559"
	    title="MockApiService Collective Groups API Endpoints should deliver unit to group with slow network delay"
	  />
	  Name "MockApiService Promise-based Delay Method should delay data using Promise":
	  <li
	    class="jasmine-failed"
	    id="spec_spec578"
	    title="MockApiService Promise-based Delay Method should delay data using Promise"
	  />
	  Name "MockApiService Promise-based Delay Method should use default delay if not specified":
	  <li
	    class="jasmine-failed"
	    id="spec_spec579"
	    title="MockApiService Promise-based Delay Method should use default delay if not specified"
	  />
	  Name "MockApiService Client API Endpoints should create client with slow network delay":
	  <li
	    class="jasmine-failed"
	    id="spec_spec547"
	    title="MockApiService Client API Endpoints should create client with slow network delay"
	  />
	  Name "MockApiService Client API Endpoints should update client with normal network delay":
	  <li
	    class="jasmine-failed"
	    id="spec_spec548"
	    title="MockApiService Client API Endpoints should update client with normal network delay"
	  />
	  Name "MockApiService Client API Endpoints should add client event with fast network delay":
	  <li
	    class="jasmine-failed"
	    id="spec_spec549"
	    title="MockApiService Client API Endpoints should add client event with fast network delay"
	  />
	  Name "MockApiService Client API Endpoints should get clients with network delay":
	  <li
	    class="jasmine-failed"
	    id="spec_spec544"
	    title="MockApiService Client API Endpoints should get clients with network delay"
	  />
	  Name "MockApiService Client API Endpoints should update document status with normal network delay":
	  <li
	    class="jasmine-failed"
	    id="spec_spec550"
	    title="MockApiService Client API Endpoints should update document status with normal network delay"
	  />
	  Name "MockApiService Client API Endpoints should get client by ID with network delay":
	  <li
	    class="jasmine-failed"
	    id="spec_spec545"
	    title="MockApiService Client API Endpoints should get client by ID with network delay"
	  />
	  Name "MockApiService Client API Endpoints should return null for non-existent client":
	  <li
	    class="jasmine-failed"
	    id="spec_spec546"
	    title="MockApiService Client API Endpoints should return null for non-existent client"
	  />
	  Name "MockApiService Network Delay Simulation should handle errors in mockApi":
	  <li
	    class="jasmine-failed"
	    id="spec_spec577"
	    title="MockApiService Network Delay Simulation should handle errors in mockApi"
	  />
	  Name "MockApiService Network Delay Simulation should clone data deeply in mockApi":
	  <li
	    class="jasmine-failed"
	    id="spec_spec576"
	    title="MockApiService Network Delay Simulation should clone data deeply in mockApi"
	  />
	  Name "MockApiService Network Delay Simulation should use random network delays":
	  <li
	    class="jasmine-failed"
	    id="spec_spec575"
	    title="MockApiService Network Delay Simulation should use random network delays"
	  />
	  Name "MockApiService Service Initialization should initialize data on construction":
	  <li
	    class="jasmine-failed"
	    id="spec_spec541"
	    title="MockApiService Service Initialization should initialize data on construction"
	  />
	  Name "MockApiService Service Initialization should have correct network simulation configuration":
	  <li
	    class="jasmine-failed"
	    id="spec_spec542"
	    title="MockApiService Service Initialization should have correct network simulation configuration"
	  />
	  Name "MockApiService Service Initialization should have correct default delay":
	  <li
	    class="jasmine-failed"
	    id="spec_spec543"
	    title="MockApiService Service Initialization should have correct default delay"
	  />
	  Name "MockApiService Service Initialization should be created":
	  <li
	    class="jasmine-failed"
	    id="spec_spec540"
	    title="MockApiService Service Initialization should be created"
	  />
	  Name "MockApiService Utility Methods should export data as JSON":
	  <li
	    class="jasmine-failed"
	    id="spec_spec572"
	    title="MockApiService Utility Methods should export data as JSON"
	  />
	  Name "MockApiService Utility Methods should simulate file upload":
	  <li
	    class="jasmine-failed"
	    id="spec_spec571"
	    title="MockApiService Utility Methods should simulate file upload"
	  />
	  Name "MockApiService Utility Methods should use default JSON format for export":
	  <li
	    class="jasmine-failed"
	    id="spec_spec574"
	    title="MockApiService Utility Methods should use default JSON format for export"
	  />
	  Name "MockApiService Utility Methods should export data as CSV":
	  <li
	    class="jasmine-failed"
	    id="spec_spec573"
	    title="MockApiService Utility Methods should export data as CSV"
	  />
	  Name "MockApiService Utility Methods should get server time":
	  <li
	    class="jasmine-failed"
	    id="spec_spec570"
	    title="MockApiService Utility Methods should get server time"
	  />
	  Name "MockApiService Utility Methods should perform health check":
	  <li
	    class="jasmine-failed"
	    id="spec_spec569"
	    title="MockApiService Utility Methods should perform health check"
	  />
	  Name "MockApiService Business Logic Validation should generate unique scenario IDs":
	  <li
	    class="jasmine-failed"
	    id="spec_spec583"
	    title="MockApiService Business Logic Validation should generate unique scenario IDs"
	  />
	  Name "MockApiService Business Logic Validation should maintain scenario data consistency":
	  <li
	    class="jasmine-failed"
	    id="spec_spec584"
	    title="MockApiService Business Logic Validation should maintain scenario data consistency"
	  />
	  Name "MockApiService Data Service Integration should handle client data service errors":
	  <li
	    class="jasmine-failed"
	    id="spec_spec580"
	    title="MockApiService Data Service Integration should handle client data service errors"
	  />
	  Name "MockApiService Data Service Integration should handle collective group data service errors":
	  <li
	    class="jasmine-failed"
	    id="spec_spec582"
	    title="MockApiService Data Service Integration should handle collective group data service errors"
	  />
	  Name "MockApiService Data Service Integration should handle ecosystem data service errors":
	  <li
	    class="jasmine-failed"
	    id="spec_spec581"
	    title="MockApiService Data Service Integration should handle ecosystem data service errors"
	  />
	  Name "MockApiService Ecosystem API Endpoints should update ecosystem document with normal network delay":
	  <li
	    class="jasmine-failed"
	    id="spec_spec555"
	    title="MockApiService Ecosystem API Endpoints should update ecosystem document with normal network delay"
	  />
	  Name "MockApiService Ecosystem API Endpoints should return null for non-existent ecosystem":
	  <li
	    class="jasmine-failed"
	    id="spec_spec553"
	    title="MockApiService Ecosystem API Endpoints should return null for non-existent ecosystem"
	  />
	  Name "MockApiService Ecosystem API Endpoints should get ecosystem by ID with network delay":
	  <li
	    class="jasmine-failed"
	    id="spec_spec552"
	    title="MockApiService Ecosystem API Endpoints should get ecosystem by ID with network delay"
	  />
	  Name "MockApiService Ecosystem API Endpoints should get ecosystems with network delay":
	  <li
	    class="jasmine-failed"
	    id="spec_spec551"
	    title="MockApiService Ecosystem API Endpoints should get ecosystems with network delay"
	  />
	  Name "MockApiService Ecosystem API Endpoints should create ecosystem with slow network delay":
	  <li
	    class="jasmine-failed"
	    id="spec_spec554"
	    title="MockApiService Ecosystem API Endpoints should create ecosystem with slow network delay"
	  />
	  Name "Accessibility Testing Framework AccessibilityTester should detect violations in non-compliant component":
	  <li
	    class="jasmine-passed"
	    id="spec_spec4"
	    title="Accessibility Testing Framework AccessibilityTester should detect violations in non-compliant component"
	  />
	  Name "Accessibility Testing Framework AccessibilityTester should test individual DOM elements":
	  <li
	    class="jasmine-failed"
	    id="spec_spec5"
	    title="Accessibility Testing Framework AccessibilityTester should test individual DOM elements"
	  />
	  Name "Accessibility Testing Framework AccessibilityTester should pass accessibility tests for compliant component":
	  <li
	    class="jasmine-passed"
	    id="spec_spec3"
	    title="Accessibility Testing Framework AccessibilityTester should pass accessibility tests for compliant component"
	  />
	  Name "Accessibility Testing Framework AccessibilityTestUtils should generate violation summary":
	  <li
	    class="jasmine-passed"
	    id="spec_spec8"
	    title="Accessibility Testing Framework AccessibilityTestUtils should generate violation summary"
	  />
	  Name "Accessibility Testing Framework AccessibilityTestUtils should identify critical violations":
	  <li
	    class="jasmine-passed"
	    id="spec_spec6"
	    title="Accessibility Testing Framework AccessibilityTestUtils should identify critical violations"
	  />
	  Name "Accessibility Testing Framework AccessibilityTestUtils should filter violations by impact level":
	  <li
	    class="jasmine-passed"
	    id="spec_spec7"
	    title="Accessibility Testing Framework AccessibilityTestUtils should filter violations by impact level"
	  />
	  Name "Accessibility Testing Framework Report Generation should generate comprehensive accessibility report":
	  <li
	    class="jasmine-passed"
	    id="spec_spec9"
	    title="Accessibility Testing Framework Report Generation should generate comprehensive accessibility report"
	  />
	  Name "Accessibility Testing Framework Helper Functions should work with testComponentAccessibility helper":
	  <li
	    class="jasmine-passed"
	    id="spec_spec10"
	    title="Accessibility Testing Framework Helper Functions should work with testComponentAccessibility helper"
	  />
	  Name "Security settings validation should persist 2FA and encryption toggles and session timeout":
	  <li
	    class="jasmine-passed"
	    id="spec_spec942"
	    title="Security settings validation should persist 2FA and encryption toggles and session timeout"
	  />
	  Name "MetaMapService SDK Availability Check should wait for page load when document not ready":
	  <li
	    class="jasmine-passed"
	    id="spec_spec535"
	    title="MetaMapService SDK Availability Check should wait for page load when document not ready"
	  />
	  Name "MetaMapService SDK Availability Check should handle server-side rendering (no window object)":
	  <li
	    class="jasmine-pending"
	    id="spec_spec534"
	    title="MetaMapService SDK Availability Check should handle server-side rendering (no window object)"
	  />
	  Name "MetaMapService SDK Availability Check should report SDK as unavailable when neither exists":
	  <li
	    class="jasmine-passed"
	    id="spec_spec533"
	    title="MetaMapService SDK Availability Check should report SDK as unavailable when neither exists"
	  />
	  Name "MetaMapService SDK Availability Check should detect SDK availability when metamap-button exists":
	  <li
	    class="jasmine-passed"
	    id="spec_spec532"
	    title="MetaMapService SDK Availability Check should detect SDK availability when metamap-button exists"
	  />
	  Name "MetaMapService SDK Availability Check should detect SDK availability when Mati object exists":
	  <li
	    class="jasmine-passed"
	    id="spec_spec531"
	    title="MetaMapService SDK Availability Check should detect SDK availability when Mati object exists"
	  />
	  Name "MetaMapService KYC Failure Simulation should use default failure reason":
	  <li
	    class="jasmine-passed"
	    id="spec_spec529"
	    title="MetaMapService KYC Failure Simulation should use default failure reason"
	  />
	  Name "MetaMapService KYC Failure Simulation should handle client not found in failure simulation":
	  <li
	    class="jasmine-passed"
	    id="spec_spec530"
	    title="MetaMapService KYC Failure Simulation should handle client not found in failure simulation"
	  />
	  Name "MetaMapService KYC Failure Simulation should simulate KYC failure":
	  <li
	    class="jasmine-passed"
	    id="spec_spec528"
	    title="MetaMapService KYC Failure Simulation should simulate KYC failure"
	  />
	  Name "MetaMapService Edge Cases and Error Handling should handle client without KYC document in completion":
	  <li
	    class="jasmine-passed"
	    id="spec_spec537"
	    title="MetaMapService Edge Cases and Error Handling should handle client without KYC document in completion"
	  />
	  Name "MetaMapService Edge Cases and Error Handling should handle exit event without reason":
	  <li
	    class="jasmine-passed"
	    id="spec_spec536"
	    title="MetaMapService Edge Cases and Error Handling should handle exit event without reason"
	  />
	  Name "MetaMapService Edge Cases and Error Handling should handle button creation with existing button in container":
	  <li
	    class="jasmine-passed"
	    id="spec_spec539"
	    title="MetaMapService Edge Cases and Error Handling should handle button creation with existing button in container"
	  />
	  Name "MetaMapService Edge Cases and Error Handling should handle empty verification data":
	  <li
	    class="jasmine-passed"
	    id="spec_spec538"
	    title="MetaMapService Edge Cases and Error Handling should handle empty verification data"
	  />
	  Name "MetaMapService KYC Button Creation should cleanup event listeners on unsubscribe":
	  <li
	    class="jasmine-passed"
	    id="spec_spec512"
	    title="MetaMapService KYC Button Creation should cleanup event listeners on unsubscribe"
	  />
	  Name "MetaMapService KYC Button Creation should handle container not found error":
	  <li
	    class="jasmine-passed"
	    id="spec_spec508"
	    title="MetaMapService KYC Button Creation should handle container not found error"
	  />
	  Name "MetaMapService KYC Button Creation should create MetaMap button successfully":
	  <li
	    class="jasmine-passed"
	    id="spec_spec507"
	    title="MetaMapService KYC Button Creation should create MetaMap button successfully"
	  />
	  Name "MetaMapService KYC Button Creation should emit KYC success event":
	  <li
	    class="jasmine-passed"
	    id="spec_spec509"
	    title="MetaMapService KYC Button Creation should emit KYC success event"
	  />
	  Name "MetaMapService KYC Button Creation should emit KYC exit event":
	  <li
	    class="jasmine-passed"
	    id="spec_spec510"
	    title="MetaMapService KYC Button Creation should emit KYC exit event"
	  />
	  Name "MetaMapService KYC Button Creation should call optional callback functions":
	  <li
	    class="jasmine-passed"
	    id="spec_spec511"
	    title="MetaMapService KYC Button Creation should call optional callback functions"
	  />
	  Name "MetaMapService KYC Prerequisites Validation should detect missing INE document":
	  <li
	    class="jasmine-passed"
	    id="spec_spec518"
	    title="MetaMapService KYC Prerequisites Validation should detect missing INE document"
	  />
	  Name "MetaMapService KYC Prerequisites Validation should validate prerequisites for ready client":
	  <li
	    class="jasmine-passed"
	    id="spec_spec517"
	    title="MetaMapService KYC Prerequisites Validation should validate prerequisites for ready client"
	  />
	  Name "MetaMapService KYC Prerequisites Validation should detect already completed KYC":
	  <li
	    class="jasmine-passed"
	    id="spec_spec520"
	    title="MetaMapService KYC Prerequisites Validation should detect already completed KYC"
	  />
	  Name "MetaMapService KYC Prerequisites Validation should detect missing comprobante de domicilio":
	  <li
	    class="jasmine-passed"
	    id="spec_spec519"
	    title="MetaMapService KYC Prerequisites Validation should detect missing comprobante de domicilio"
	  />
	  Name "MetaMapService KYC Prerequisites Validation should detect multiple missing documents":
	  <li
	    class="jasmine-passed"
	    id="spec_spec521"
	    title="MetaMapService KYC Prerequisites Validation should detect multiple missing documents"
	  />
	  Name "MetaMapService Service Initialization should be created":
	  <li
	    class="jasmine-passed"
	    id="spec_spec504"
	    title="MetaMapService Service Initialization should be created"
	  />
	  Name "MetaMapService Service Initialization should not reload SDK if already present":
	  <li
	    class="jasmine-passed"
	    id="spec_spec506"
	    title="MetaMapService Service Initialization should not reload SDK if already present"
	  />
	  Name "MetaMapService Service Initialization should initialize MetaMap SDK on creation":
	  <li
	    class="jasmine-passed"
	    id="spec_spec505"
	    title="MetaMapService Service Initialization should initialize MetaMap SDK on creation"
	  />
	  Name "MetaMapService KYC Completion should handle database update errors":
	  <li
	    class="jasmine-passed"
	    id="spec_spec516"
	    title="MetaMapService KYC Completion should handle database update errors"
	  />
	  Name "MetaMapService KYC Completion should cap health score at 100":
	  <li
	    class="jasmine-passed"
	    id="spec_spec515"
	    title="MetaMapService KYC Completion should cap health score at 100"
	  />
	  Name "MetaMapService KYC Completion should complete KYC successfully":
	  <li
	    class="jasmine-passed"
	    id="spec_spec513"
	    title="MetaMapService KYC Completion should complete KYC successfully"
	  />
	  Name "MetaMapService KYC Completion should handle client not found error":
	  <li
	    class="jasmine-passed"
	    id="spec_spec514"
	    title="MetaMapService KYC Completion should handle client not found error"
	  />
	  Name "MetaMapService KYC Status Reporting should report prerequisites_missing status":
	  <li
	    class="jasmine-passed"
	    id="spec_spec526"
	    title="MetaMapService KYC Status Reporting should report prerequisites_missing status"
	  />
	  Name "MetaMapService KYC Status Reporting should report in_progress status":
	  <li
	    class="jasmine-passed"
	    id="spec_spec525"
	    title="MetaMapService KYC Status Reporting should report in_progress status"
	  />
	  Name "MetaMapService KYC Status Reporting should report ready status":
	  <li
	    class="jasmine-passed"
	    id="spec_spec522"
	    title="MetaMapService KYC Status Reporting should report ready status"
	  />
	  Name "MetaMapService KYC Status Reporting should report not_started for client without KYC document":
	  <li
	    class="jasmine-passed"
	    id="spec_spec527"
	    title="MetaMapService KYC Status Reporting should report not_started for client without KYC document"
	  />
	  Name "MetaMapService KYC Status Reporting should report failed status with retry option":
	  <li
	    class="jasmine-passed"
	    id="spec_spec524"
	    title="MetaMapService KYC Status Reporting should report failed status with retry option"
	  />
	  Name "MetaMapService KYC Status Reporting should report completed status":
	  <li
	    class="jasmine-passed"
	    id="spec_spec523"
	    title="MetaMapService KYC Status Reporting should report completed status"
	  />
	  Name "DocumentsPhaseComponent should prevent submission when form is invalid":
	  <li
	    class="jasmine-passed"
	    id="spec_spec858"
	    title="DocumentsPhaseComponent should prevent submission when form is invalid"
	  />
	  Name "DocumentsPhaseComponent should detect when required documents are uploaded":
	  <li
	    class="jasmine-passed"
	    id="spec_spec853"
	    title="DocumentsPhaseComponent should detect when required documents are uploaded"
	  />
	  Name "DocumentsPhaseComponent should complete documents phase when form is valid":
	  <li
	    class="jasmine-passed"
	    id="spec_spec854"
	    title="DocumentsPhaseComponent should complete documents phase when form is valid"
	  />
	  Name "DocumentsPhaseComponent should navigate to plates phase on success":
	  <li
	    class="jasmine-passed"
	    id="spec_spec855"
	    title="DocumentsPhaseComponent should navigate to plates phase on success"
	  />
	  Name "DocumentsPhaseComponent should create":
	  <li
	    class="jasmine-passed"
	    id="spec_spec850"
	    title="DocumentsPhaseComponent should create"
	  />
	  Name "DocumentsPhaseComponent should format file size correctly":
	  <li
	    class="jasmine-passed"
	    id="spec_spec856"
	    title="DocumentsPhaseComponent should format file size correctly"
	  />
	  Name "DocumentsPhaseComponent should initialize form with default values":
	  <li
	    class="jasmine-passed"
	    id="spec_spec851"
	    title="DocumentsPhaseComponent should initialize form with default values"
	  />
	  Name "DocumentsPhaseComponent should validate required fields":
	  <li
	    class="jasmine-passed"
	    id="spec_spec852"
	    title="DocumentsPhaseComponent should validate required fields"
	  />
	  Name "DocumentsPhaseComponent should calculate validation errors correctly":
	  <li
	    class="jasmine-passed"
	    id="spec_spec857"
	    title="DocumentsPhaseComponent should calculate validation errors correctly"
	  />
	  --------------------------------------------------heading:
	  Name "Centro de Comando":
	  <h1
	    _ngcontent-a-c3214690901=""
	    class="text-gradient-primary"
	  />
	  --------------------------------------------------
	  paragraph:
	  Name "":
	  <p
	    _ngcontent-a-c3214690901=""
	    class="brand-subtitle"
	  />
	  Name "":
	  <p
	    _ngcontent-a-c3214690901=""
	    class="register-text"
	  />
	  --------------------------------------------------
	  textbox:
	  Name "📧 Correo Electrónico":
	  <input
	    _ngcontent-a-c3214690901=""
	    class="premium-input ng-untouched ng-pristine ng-invalid"
	    formcontrolname="email"
	    id="email"
	    ng-reflect-name="email"
	    placeholder="ricardo.montoya@cmu.com"
	    type="email"
	  />
	  --------------------------------------------------
	  button:
	  Name "🙈":
	  <button
	    _ngcontent-a-c3214690901=""
	    class="password-toggle-premium"
	    type="button"
	  />
	  Name "¿Olvidaste tu contraseña?":
	  <button
	    _ngcontent-a-c3214690901=""
	    class="forgot-password"
	    type="button"
	  />
	  Name "➡️ Acceder al Cockpit":
	  <button
	    _ngcontent-a-c3214690901=""
	    class="btn-primary command-center-btn"
	    disabled=""
	    type="submit"
	  />
	  --------------------------------------------------
	  checkbox:
	  Name "Recordarme":
	  <input
	    _ngcontent-a-c3214690901=""
	    class="ng-untouched ng-pristine ng-valid"
	    formcontrolname="rememberMe"
	    ng-reflect-name="rememberMe"
	    type="checkbox"
	  />
	  --------------------------------------------------
	  link:
	  Name "Activar Cuenta":
	  <a
	    _ngcontent-a-c3214690901=""
	    class="premium-link"
	    href="/register"
	  />
	  --------------------------------------------------
	Ignored nodes: comments, script, style
	<body>
	  
	    
	  
	    
	  
	    
	  
	    
	  
	    
	  
	    
	  
	    
	  
	  
	  
	  
	  
	  <link
	    crossorigin="anonymous"
	    rel="stylesheet"
	    type="text/css"
	  />
	  
	  
	  
	  <div
	    class="jasmine_html-reporter"
	  >
	    <div
	      class="jasmine-banner"
	    >
	      <a
	        class="jasmine-title"
	        href="http://jasmine.github.io/"
	        target="_blank"
	      />
	      <span
	        class="jasmine-version"
	      >
	        4.6.1
	      </span>
	    </div>
	    <ul
	      class="jasmine-symbol-summary"
	    >
	      <li
	        class="jasmine-passed"
	        id="spec_spec670"
	        title="PostSalesApiService getPostSalesRecord should return null for non-existent VIN"
	      />
	      <li
	        class="jasmine-failed"
	        id="spec_spec669"
	        title="PostSalesApiService getPostSalesRecord should retrieve post-sales record by VIN"
	      />
	      <li
	        class="jasmine-passed"
	        id="spec_spec667"
	        title="PostSalesApiService sendVehicleDeliveredEvent should send vehicle delivered event successfully"
	      />
	      <li
	        class="jasmine-passed"
	        id="spec_spec668"
	        title="PostSalesApiService sendVehicleDeliveredEvent should handle error when sending vehicle delivered event"
	      />
	      <li
	        class="jasmine-failed"
	        id="spec_spec671"
	        title="PostSalesApiService scheduleMaintenanceService should schedule maintenance service successfully"
	      />
	      <li
	        class="jasmine-passed"
	        id="spec_spec666"
	        title="PostSalesApiService should be created"
	      />
	      <li
	        class="jasmine-failed"
	        id="spec_spec672"
	        title="PostSalesApiService recordClientContact should record client contact successfully"
	      />
	      <li
	        class="jasmine-passed"
	        id="spec_spec277"
	        title="CotizadorEngineService Quote Generation with Package should determine client type from package data"
	      />
	      <li
	        class="jasmine-passed"
	        id="spec_spec278"
	        title="CotizadorEngineService Quote Generation with Package should handle direct sale (rate = 0)"
	      />
	      <li
	        class="jasmine-passed"
	        id="spec_spec275"
	        title="CotizadorEngineService Quote Generation with Package should generate quote with minimum down payment"
	      />
	      <li
	        class="jasmine-passed"
	        id="spec_spec276"
	        title="CotizadorEngineService Quote Generation with Package should generate quote with custom down payment"
	      />
	      <li
	        class="jasmine-passed"
	        id="spec_spec267"
	        title="CotizadorEngineService Package Price Calculation should handle 60-month terms correctly"
	      />
	      <li
	        class="jasmine-passed"
	        id="spec_spec266"
	        title="CotizadorEngineService Package Price Calculation should multiply term-based components by years"
	      />
	      <li
	        class="jasmine-passed"
	        id="spec_spec269"
	        title="CotizadorEngineService Package Price Calculation should handle package with no components"
	      />
	      <li
	        class="jasmine-passed"
	        id="spec_spec268"
	        title="CotizadorEngineService Package Price Calculation should skip optional components not selected"
	      />
	      <li
	        class="jasmine-passed"
	        id="spec_spec265"
	        title="CotizadorEngineService Package Price Calculation should calculate package price with selected optionals"
	      />
	      <li
	        class="jasmine-passed"
	        id="spec_spec264"
	        title="CotizadorEngineService Package Price Calculation should calculate basic package price without optionals"
	      />
	      <li
	        class="jasmine-passed"
	        id="spec_spec279"
	        title="CotizadorEngineService Legacy Quote Generation should generate basic quote"
	      />
	      <li
	        class="jasmine-passed"
	        id="spec_spec272"
	        title="CotizadorEngineService Balance Calculations should return zero when all payments made"
	      />
	      <li
	        class="jasmine-passed"
	        id="spec_spec273"
	        title="CotizadorEngineService Balance Calculations should handle no payments made"
	      />
	      <li
	        class="jasmine-passed"
	        id="spec_spec270"
	        title="CotizadorEngineService Balance Calculations should calculate balance for zero interest loan"
	      />
	      <li
	        class="jasmine-failed"
	        id="spec_spec271"
	        title="CotizadorEngineService Balance Calculations should calculate balance for interest-bearing loan"
	      />
	      <li
	        class="jasmine-passed"
	        id="spec_spec274"
	        title="CotizadorEngineService Balance Calculations should handle edge case with zero principal"
	      />
	      <li
	        class="jasmine-passed"
	        id="spec_spec280"
	        title="CotizadorEngineService Amortization Table Generation should generate complete amortization table"
	      />
	      <li
	        class="jasmine-passed"
	        id="spec_spec281"
	        title="CotizadorEngineService Amortization Table Generation should have decreasing balance over time"
	      />
	      <li
	        class="jasmine-passed"
	        id="spec_spec293"
	        title="CotizadorEngineService Market-Specific Business Rules should apply EdoMex collective rules"
	      />
	      <li
	        class="jasmine-passed"
	        id="spec_spec294"
	        title="CotizadorEngineService Market-Specific Business Rules should use fallback rules for unknown market"
	      />
	      <li
	        class="jasmine-passed"
	        id="spec_spec292"
	        title="CotizadorEngineService Market-Specific Business Rules should apply EdoMex individual rules"
	      />
	      <li
	        class="jasmine-passed"
	        id="spec_spec291"
	        title="CotizadorEngineService Market-Specific Business Rules should apply Aguascalientes rules"
	      />
	      <li
	        class="jasmine-passed"
	        id="spec_spec288"
	        title="CotizadorEngineService Configuration Validation should validate EdoMex collective requirements"
	      />
	      <li
	        class="jasmine-passed"
	        id="spec_spec285"
	        title="CotizadorEngineService Configuration Validation should reject zero or negative price"
	      />
	      <li
	        class="jasmine-passed"
	        id="spec_spec283"
	        title="CotizadorEngineService Configuration Validation should reject insufficient down payment"
	      />
	      <li
	        class="jasmine-passed"
	        id="spec_spec282"
	        title="CotizadorEngineService Configuration Validation should validate correct configuration"
	      />
	      <li
	        class="jasmine-passed"
	        id="spec_spec284"
	        title="CotizadorEngineService Configuration Validation should reject invalid term"
	      />
	      <li
	        class="jasmine-passed"
	        id="spec_spec287"
	        title="CotizadorEngineService Configuration Validation should validate EdoMex individual requirements"
	      />
	      <li
	 ...
	    at Object.getElementError (node_modules/@testing-library/dom/dist/@testing-library/dom.esm.js:339:19)
	    at allQuery (node_modules/@testing-library/dom/dist/@testing-library/dom.esm.js:1206:25)
	    at query (node_modules/@testing-library/dom/dist/@testing-library/dom.esm.js:1185:17)
	    at getByRole (node_modules/@testing-library/dom/dist/@testing-library/dom.esm.js:1228:19)
	    at UserContext.<anonymous> (src/app/components/auth/login/login.component.spec.ts:221:33)
	    at Generator.next (<anonymous>)
	    at asyncGeneratorStep (node_modules/@angular-devkit/build-angular/node_modules/@babel/runtime/helpers/esm/asyncToGenerator.js:3:1)
	    at apply (node_modules/@angular-devkit/build-angular/node_modules/@babel/runtime/helpers/esm/asyncToGenerator.js:17:1)
	    at _ZoneDelegate.invoke (node_modules/zone.js/fesm2015/zone.js:369:28)
	    at ProxyZoneSpec.onInvoke (node_modules/zone.js/fesm2015/zone-testing.js:2081:39)
Chrome Headless 140.0.0.0 (Mac OS 10.15.7): Executed 399 of 985[31m (118 FAILED)[39m (skipped 1) (0 secs / 30.952 secs)
[1A[2KChrome Headless 140.0.0.0 (Mac OS 10.15.7): Executed 400 of 985[31m (118 FAILED)[39m (skipped 1) (0 secs / 30.963 secs)
[1A[2KChrome Headless 140.0.0.0 (Mac OS 10.15.7): Executed 401 of 985[31m (118 FAILED)[39m (skipped 1) (0 secs / 30.965 secs)
[1A[2K[31mChrome Headless 140.0.0.0 (Mac OS 10.15.7) LoginComponent Integration Tests should handle form submission with valid data FAILED[39m
	TestingLibraryElementError: Unable to find an accessible element with the role "button" and name `/iniciar sesión/i`
	
	Here are the accessible roles:
	
	  link:
	
	  Name "":
	  <a
	    class="jasmine-title"
	    href="http://jasmine.github.io/"
	    target="_blank"
	  />
	
	  --------------------------------------------------
	  list:
	
	  Name "":
	  <ul
	    class="jasmine-symbol-summary"
	  />
	
	  --------------------------------------------------
	  listitem:
	
	  Name "PostSalesApiService getPostSalesRecord should return null for non-existent VIN":
	  <li
	    class="jasmine-passed"
	    id="spec_spec670"
	    title="PostSalesApiService getPostSalesRecord should return null for non-existent VIN"
	  />
	
	  Name "PostSalesApiService getPostSalesRecord should retrieve post-sales record by VIN":
	  <li
	    class="jasmine-failed"
	    id="spec_spec669"
	    title="PostSalesApiService getPostSalesRecord should retrieve post-sales record by VIN"
	  />
	
	  Name "PostSalesApiService sendVehicleDeliveredEvent should send vehicle delivered event successfully":
	  <li
	    class="jasmine-passed"
	    id="spec_spec667"
	    title="PostSalesApiService sendVehicleDeliveredEvent should send vehicle delivered event successfully"
	  />
	
	  Name "PostSalesApiService sendVehicleDeliveredEvent should handle error when sending vehicle delivered event":
	  <li
	    class="jasmine-passed"
	    id="spec_spec668"
	    title="PostSalesApiService sendVehicleDeliveredEvent should handle error when sending vehicle delivered event"
	  />
	
	  Name "PostSalesApiService scheduleMaintenanceService should schedule maintenance service successfully":
	  <li
	    class="jasmine-failed"
	    id="spec_spec671"
	    title="PostSalesApiService scheduleMaintenanceService should schedule maintenance service successfully"
	  />
	
	  Name "PostSalesApiService should be created":
	  <li
	    class="jasmine-passed"
	    id="spec_spec666"
	    title="PostSalesApiService should be created"
	  />
	
	  Name "PostSalesApiService recordClientContact should record client contact successfully":
	  <li
	    class="jasmine-failed"
	    id="spec_spec672"
	    title="PostSalesApiService recordClientContact should record client contact successfully"
	  />
	
	  Name "CotizadorEngineService Quote Generation with Package should determine client type from package data":
	  <li
	    class="jasmine-passed"
	    id="spec_spec277"
	    title="CotizadorEngineService Quote Generation with Package should determine client type from package data"
	  />
	
	  Name "CotizadorEngineService Quote Generation with Package should handle direct sale (rate = 0)":
	  <li
	    class="jasmine-passed"
	    id="spec_spec278"
	    title="CotizadorEngineService Quote Generation with Package should handle direct sale (rate = 0)"
	  />
	
	  Name "CotizadorEngineService Quote Generation with Package should generate quote with minimum down payment":
	  <li
	    class="jasmine-passed"
	    id="spec_spec275"
	    title="CotizadorEngineService Quote Generation with Package should generate quote with minimum down payment"
	  />
	
	  Name "CotizadorEngineService Quote Generation with Package should generate quote with custom down payment":
	  <li
	    class="jasmine-passed"
	    id="spec_spec276"
	    title="CotizadorEngineService Quote Generation with Package should generate quote with custom down payment"
	  />
	
	  Name "CotizadorEngineService Package Price Calculation should handle 60-month terms correctly":
	  <li
	    class="jasmine-passed"
	    id="spec_spec267"
	    title="CotizadorEngineService Package Price Calculation should handle 60-month terms correctly"
	  />
	
	  Name "CotizadorEngineService Package Price Calculation should multiply term-based components by years":
	  <li
	    class="jasmine-passed"
	    id="spec_spec266"
	    title="CotizadorEngineService Package Price Calculation should multiply term-based components by years"
	  />
	
	  Name "CotizadorEngineService Package Price Calculation should handle package with no components":
	  <li
	    class="jasmine-passed"
	    id="spec_spec269"
	    title="CotizadorEngineService Package Price Calculation should handle package with no components"
	  />
	
	  Name "CotizadorEngineService Package Price Calculation should skip optional components not selected":
	  <li
	    class="jasmine-passed"
	    id="spec_spec268"
	    title="CotizadorEngineService Package Price Calculation should skip optional components not selected"
	  />
	
	  Name "CotizadorEngineService Package Price Calculation should calculate package price with selected optionals":
	  <li
	    class="jasmine-passed"
	    id="spec_spec265"
	    title="CotizadorEngineService Package Price Calculation should calculate package price with selected optionals"
	  />
	
	  Name "CotizadorEngineService Package Price Calculation should calculate basic package price without optionals":
	  <li
	    class="jasmine-passed"
	    id="spec_spec264"
	    title="CotizadorEngineService Package Price Calculation should calculate basic package price without optionals"
	  />
	
	  Name "CotizadorEngineService Legacy Quote Generation should generate basic quote":
	  <li
	    class="jasmine-passed"
	    id="spec_spec279"
	    title="CotizadorEngineService Legacy Quote Generation should generate basic quote"
	  />
	
	  Name "CotizadorEngineService Balance Calculations should return zero when all payments made":
	  <li
	    class="jasmine-passed"
	    id="spec_spec272"
	    title="CotizadorEngineService Balance Calculations should return zero when all payments made"
	  />
	
	  Name "CotizadorEngineService Balance Calculations should handle no payments made":
	  <li
	    class="jasmine-passed"
	    id="spec_spec273"
	    title="CotizadorEngineService Balance Calculations should handle no payments made"
	  />
	
	  Name "CotizadorEngineService Balance Calculations should calculate balance for zero interest loan":
	  <li
	    class="jasmine-passed"
	    id="spec_spec270"
	    title="CotizadorEngineService Balance Calculations should calculate balance for zero interest loan"
	  />
	
	  Name "CotizadorEngineService Balance Calculations should calculate balance for interest-bearing loan":
	  <li
	    class="jasmine-failed"
	    id="spec_spec271"
	    title="CotizadorEngineService Balance Calculations should calculate balance for interest-bearing loan"
	  />
	
	  Name "CotizadorEngineService Balance Calculations should handle edge case with zero principal":
	  <li
	    class="jasmine-passed"
	    id="spec_spec274"
	    title="CotizadorEngineService Balance Calculations should handle edge case with zero principal"
	  />
	
	  Name "CotizadorEngineService Amortization Table Generation should generate complete amortization table":
	  <li
	    class="jasmine-passed"
	    id="spec_spec280"
	    title="CotizadorEngineService Amortization Table Generation should generate complete amortization table"
	  />
	
	  Name "CotizadorEngineService Amortization Table Generation should have decreasing balance over time":
	  <li
	    class="jasmine-passed"
	    id="spec_spec281"
	    title="CotizadorEngineService Amortization Table Generation should have decreasing balance over time"
	  />
	
	  Name "CotizadorEngineService Market-Specific Business Rules should apply EdoMex collective rules":
	  <li
	    class="jasmine-passed"
	    id="spec_spec293"
	    title="CotizadorEngineService Market-Specific Business Rules should apply EdoMex collective rules"
	  />
	
	  Name "CotizadorEngineService Market-Specific Business Rules should use fallback rules for unknown market":
	  <li
	    class="jasmine-passed"
	    id="spec_spec294"
	    title="CotizadorEngineService Market-Specific Business Rules should use fallback rules for unknown market"
	  />
	
	  Name "CotizadorEngineService Market-Specific Business Rules should apply EdoMex individual rules":
	  <li
	    class="jasmine-passed"
	    id="spec_spec292"
	    title="CotizadorEngineService Market-Specific Business Rules should apply EdoMex individual rules"
	  />
	
	  Name "CotizadorEngineService Market-Specific Business Rules should apply Aguascalientes rules":
	  <li
	    class="jasmine-passed"
	    id="spec_spec291"
	    title="CotizadorEngineService Market-Specific Business Rules should apply Aguascalientes rules"
	  />
	
	  Name "CotizadorEngineService Configuration Validation should validate EdoMex collective requirements":
	  <li
	    class="jasmine-passed"
	    id="spec_spec288"
	    title="CotizadorEngineService Configuration Validation should validate EdoMex collective requirements"
	  />
	
	  Name "CotizadorEngineService Configuration Validation should reject zero or negative price":
	  <li
	    class="jasmine-passed"
	    id="spec_spec285"
	    title="CotizadorEngineService Configuration Validation should reject zero or negative price"
	  />
	
	  Name "CotizadorEngineService Configuration Validation should reject insufficient down payment":
	  <li
	    class="jasmine-passed"
	    id="spec_spec283"
	    title="CotizadorEngineService Configuration Validation should reject insufficient down payment"
	  />
	
	  Name "CotizadorEngineService Configuration Validation should validate correct configuration":
	  <li
	    class="jasmine-passed"
	    id="spec_spec282"
	    title="CotizadorEngineService Configuration Validation should validate correct configuration"
	  />
	
	  Name "CotizadorEngineService Configuration Validation should reject invalid term":
	  <li
	    class="jasmine-passed"
	    id="spec_spec284"
	    title="CotizadorEngineService Configuration Validation should reject invalid term"
	  />
	
	  Name "CotizadorEngineService Configuration Validation should validate EdoMex individual requirements":
	  <li
	    class="jasmine-passed"
	    id="spec_spec287"
	    title="CotizadorEngineService Configuration Validation should validate EdoMex individual requirements"
	  />
	
	  Name "CotizadorEngineService Configuration Validation should reject down payment equal to total price":
	  <li
	    class="jasmine-passed"
	    id="spec_spec286"
	    title="CotizadorEngineService Configuration Validation should reject down payment equal to total price"
	  />
	
	  Name "CotizadorEngineService Financial Summary Calculations should calculate total interest":
	  <li
	    class="jasmine-passed"
	    id="spec_spec289"
	    title="CotizadorEngineService Financial Summary Calculations should calculate total interest"
	  />
	
	  Name "CotizadorEngineService Financial Summary Calculations should generate financial summary":
	  <li
	    class="jasmine-passed"
	    id="spec_spec290"
	    title="CotizadorEngineService Financial Summary Calculations should generate financial summary"
	  />
	
	  Name "CotizadorEngineService Product Package Management should get EdoMex colectivo package":
	  <li
	    class="jasmine-passed"
	    id="spec_spec261"
	    title="CotizadorEngineService Product Package Management should get EdoMex colectivo package"
	  />
	
	  Name "CotizadorEngineService Product Package Management should get Aguascalientes plazo package":
	  <li
	    class="jasmine-passed"
	    id="spec_spec260"
	    title="CotizadorEngineService Product Package Management should get Aguascalientes plazo package"
	  />
	
	  Name "CotizadorEngineService Product Package Management should handle unknown market gracefully":
	  <li
	    class="jasmine-passed"
	    id="spec_spec263"
	    title="CotizadorEngineService Product Package Management should handle unknown market gracefully"
	  />
	
	  Name "CotizadorEngineService Product Package Management should get EdoMex directa package":
	  <li
	    class="jasmine-passed"
	    id="spec_spec262"
	    title="CotizadorEngineService Product Package Management should get EdoMex directa package"
	  />
	
	  Name "CotizadorEngineService Service Initialization should be created":
	  <li
	    class="jasmine-passed"
	    id="spec_spec259"
	    title="CotizadorEngineService Service Initialization should be created"
	  />
	
	  Name "PerformanceConfigService should merge profile-specific overrides":
	  <li
	    class="jasmine-passed"
	    id="spec_spec664"
	    title="PerformanceConfigService should merge profile-specific overrides"
	  />
	
	  Name "PerformanceConfigService getDelay/getTimeout should return numeric values from profile or defaults":
	  <li
	    class="jasmine-passed"
	    id="spec_spec665"
	    title="PerformanceConfigService getDelay/getTimeout should return numeric values from profile or defaults"
	  />
	
	  Name "PerformanceConfigService should override defaults with provided config":
	  <li
	    class="jasmine-passed"
	    id="spec_spec663"
	    title="PerformanceConfigService should override defaults with provided config"
	  />
	
	  Name "PerformanceConfigService should return defaults when no config provided":
	  <li
	    class="jasmine-passed"
	    id="spec_spec662"
	    title="PerformanceConfigService should return defaults when no config provided"
	  />
	
	  Name "SimuladorEngineService Service Initialization should be created":
	  <li
	    class="jasmine-passed"
	    id="spec_spec720"
	    title="SimuladorEngineService Service Initialization should be created"
	  />
	
	  Name "SimuladorEngineService Senior-First Formatting should format scenario summary for seniors":
	  <li
	    class="jasmine-passed"
	    id="spec_spec743"
	    title="SimuladorEngineService Senior-First Formatting should format scenario summary for seniors"
	  />
	
	  Name "SimuladorEngineService Senior-First Formatting should format key numbers correctly":
	  <li
	    class="jasmine-passed"
	    id="spec_spec744"
	    title="SimuladorEngineService Senior-First Formatting should format key numbers correctly"
	  />
	
	  Name "SimuladorEngineService Senior-First Formatting should limit timeline to first 5 events":
	  <li
	    class="jasmine-passed"
	    id="spec_spec746"
	    title="SimuladorEngineService Senior-First Formatting should limit timeline to first 5 events"
	  />
	
	  Name "SimuladorEngineService Senior-First Formatting should format timeline with limited events":
	  <li
	    class="jasmine-passed"
	    id="spec_spec745"
	    title="SimuladorEngineService Senior-First Formatting should format timeline with limited events"
	  />
	
	  Name "SimuladorEngineService Edge Cases and Error Handling should handle very large target amounts":
	  <li
	    class="jasmine-passed"
	    id="spec_spec749"
	    title="SimuladorEngineService Edge Cases and Error Handling should handle very large target amounts"
	  />
	
	  Name "SimuladorEngineService Edge Cases and Error Handling should handle zero consumption in individual scenario":
	  <li
	    class="jasmine-passed"
	    id="spec_spec748"
	    title="SimuladorEngineService Edge Cases and Error Handling should handle zero consumption in individual scenario"
	  />
	
	  Name "SimuladorEngineService Edge Cases and Error Handling should handle zero target amount in AGS scenario":
	  <li
	    class="jasmine-passed"
	    id="spec_spec747"
	    title="SimuladorEngineService Edge Cases and Error Handling should handle zero target amount in AGS scenario"
	  />
	
	  Name "SimuladorEngineService Edge Cases and Error Handling should handle zero member count in collective scenario":
	  <li
	    class="jasmine-passed"
	    id="spec_spec750"
	    title="SimuladorEngineService Edge Cases and Error Handling should handle zero member count in collective scenario"
	  />
	
	  Name "SimuladorEngineService EdoMex Individual Scenario should calculate months to target correctly":
	  <li
	    class="jasmine-passed"
	    id="spec_spec727"
	    title="SimuladorEngineService EdoMex Individual Scenario should calculate months to target correctly"
	  />
	
	  Name "SimuladorEngineService EdoMex Individual Scenario should generate individual savings scenario":
	  <li
	    class="jasmine-passed"
	    id="spec_spec726"
	    title="SimuladorEngineService EdoMex Individual Scenario should generate individual savings scenario"
	  />
	
	  Name "SimuladorEngineService EdoMex Individual Scenario should handle zero voluntary contribution":
	  <li
	    class="jasmine-passed"
	    id="spec_spec729"
	    title="SimuladorEngineService EdoMex Individual Scenario should handle zero voluntary contribution"
	  />
	
	  Name "SimuladorEngineService EdoMex Individual Scenario should generate progressive balance projection":
	  <li
	    class="jasmine-passed"
	    id="spec_spec728"
	    title="SimuladorEngineService EdoMex Individual Scenario should generate progressive balance projection"
	  />
	
	  Name "SimuladorEngineService EdoMex Individual Scenario should create timeline with milestone":
	  <li
	    class="jasmine-passed"
	    id="spec_spec730"
	    title="SimuladorEngineService EdoMex Individual Scenario should create timeline with milestone"
	  />
	
	  Name "SimuladorEngineService EdoMex Collective Scenario should use first award timing from tanda simulation":
	  <li
	    class="jasmine-passed"
	    id="spec_spec734"
	    title="SimuladorEngineService EdoMex Collective Scenario should use first award timing from tanda simulation"
	  />
	
	  Name "SimuladorEngineService EdoMex Collective Scenario should handle missing first award timing":
	  <li
	    class="jasmine-passed"
	    id="spec_spec735"
	    title="SimuladorEngineService EdoMex Collective Scenario should handle missing first award timing"
	  />
	
	  Name "SimuladorEngineService EdoMex Collective Scenario should calculate total savings target based on member count":
	  <li
	    class="jasmine-passed"
	    id="spec_spec733"
	    title="SimuladorEngineService EdoMex Collective Scenario should calculate total savings target based on member count"
	  />
	
	  Name "SimuladorEngineService EdoMex Collective Scenario should generate collective scenario with tanda integration":
	  <li
	    class="jasmine-passed"
	    id="spec_spec731"
	    title="SimuladorEngineService EdoMex Collective Scenario should generate collective scenario with tanda integration"
	  />
	
	  Name "SimuladorEngineService EdoMex Collective Scenario should calculate individual contributions correctly":
	  <li
	    class="jasmine-passed"
	    id="spec_spec732"
	    title="SimuladorEngineService EdoMex Collective Scenario should calculate individual contributions correctly"
	  />
	
	  Name "SimuladorEngineService Scenario Optimization should optimize AGS liquidation scenario":
	  <li
	    class="jasmine-passed"
	    id="spec_spec736"
	    title="SimuladorEngineService Scenario Optimization should optimize AGS liquidation scenario"
	  />
	
	  Name "SimuladorEngineService Scenario Optimization should optimize EdoMex collective scenario":
	  <li
	    class="jasmine-passed"
	    id="spec_spec738"
	    title="SimuladorEngineService Scenario Optimization should optimize EdoMex collective scenario"
	  />
	
	  Name "SimuladorEngineService Scenario Optimization should handle unknown scenario type":
	  <li
	    class="jasmine-passed"
	    id="spec_spec739"
	    title="SimuladorEngineService Scenario Optimization should handle unknown scenario type"
	  />
	
	  Name "SimuladorEngineService Scenario Optimization should optimize EdoMex individual scenario":
	  <li
	    class="jasmine-passed"
	    id="spec_spec737"
	    title="SimuladorEngineService Scenario Optimization should optimize EdoMex individual scenario"
	  />
	
	  Name "SimuladorEngineService Comparison Scenarios should handle empty variations array":
	  <li
	    class="jasmine-passed"
	    id="spec_spec742"
	    title="SimuladorEngineService Comparison Scenarios should handle empty variations array"
	  />
	
	  Name "SimuladorEngineService Comparison Scenarios should preserve other parameters when varying specific ones":
	  <li
	    class="jasmine-passed"
	    id="spec_spec741"
	    title="SimuladorEngineService Comparison Scenarios should preserve other parameters when varying specific ones"
	  />
	
	  Name "SimuladorEngineService Comparison Scenarios should generate comparison scenarios with parameter variations":
	  <li
	    class="jasmine-passed"
	    id="spec_spec740"
	    title="SimuladorEngineService Comparison Scenarios should generate comparison scenarios with parameter variations"
	  />
	
	  Name "SimuladorEngineService AGS Liquidation Scenario should handle single plate scenario":
	  <li
	    class="jasmine-passed"
	    id="spec_spec725"
	    title="SimuladorEngineService AGS Liquidation Scenario should handle single plate scenario"
	  />
	
	  Name "SimuladorEngineService AGS Liquidation Scenario should handle zero consumption scenario":
	  <li
	    class="jasmine-passed"
	    id="spec_spec724"
	    title="SimuladorEngineService AGS Liquidation Scenario should handle zero consumption scenario"
	  />
	
	  Name "SimuladorEngineService AGS Liquidation Scenario should generate basic liquidation scenario":
	  <li
	    class="jasmine-passed"
	    id="spec_spec721"
	    title="SimuladorEngineService AGS Liquidation Scenario should generate basic liquidation scenario"
	  />
	
	  Name "SimuladorEngineService AGS Liquidation Scenario should generate timeline events correctly":
	  <li
	    class="jasmine-passed"
	    id="spec_spec723"
	    title="SimuladorEngineService AGS Liquidation Scenario should generate timeline events correctly"
	  />
	
	  Name "SimuladorEngineService AGS Liquidation Scenario should calculate projected balance correctly":
	  <li
	    class="jasmine-passed"
	    id="spec_spec722"
	    title="SimuladorEngineService AGS Liquidation Scenario should calculate projected balance correctly"
	  />
	
	  Name "OnboardingEngineService should call updateClient with id and updated object on reviewDocument":
	  <li
	    class="jasmine-passed"
	    id="spec_spec661"
	    title="OnboardingEngineService should call updateClient with id and updated object on reviewDocument"
	  />
	
	  Name "OnboardingEngineService should call updateClient with id and updated object on document submission":
	  <li
	    class="jasmine-passed"
	    id="spec_spec660"
	    title="OnboardingEngineService should call updateClient with id and updated object on document submission"
	  />
	
	  Name "ClienteFormComponent should validate phone format":
	  <li
	    class="jasmine-failed"
	    id="spec_spec921"
	    title="ClienteFormComponent should validate phone format"
	  />
	
	  Name "ClienteFormComponent should validate email format":
	  <li
	    class="jasmine-failed"
	    id="spec_spec920"
	    title="ClienteFormComponent should validate email format"
	  />
	
	  Name "ClienteFormComponent should handle API error during client creation":
	  <li
	    class="jasmine-failed"
	    id="spec_spec926"
	    title="ClienteFormComponent should handle API error during client creation"
	  />
	
	  Name "ClienteFormComponent should create":
	  <li
	    class="jasmine-failed"
	    id="spec_spec917"
	    title="ClienteFormComponent should create"
	  />
	
	  Name "ClienteFormComponent should initialize form with default values for new client":
	  <li
	    class="jasmine-failed"
	    id="spec_spec918"
	    title="ClienteFormComponent should initialize form with default values for new client"
	  />
	
	  Name "ClienteFormComponent should validate RFC format if provided":
	  <li
	    class="jasmine-failed"
	    id="spec_spec922"
	    title="ClienteFormComponent should validate RFC format if provided"
	  />
	
	  Name "ClienteFormComponent should navigate back when goBack is called":
	  <li
	    class="jasmine-failed"
	    id="spec_spec928"
	    title="ClienteFormComponent should navigate back when goBack is called"
	  />
	
	  Name "ClienteFormComponent should prevent form submission when invalid":
	  <li
	    class="jasmine-failed"
	    id="spec_spec927"
	    title="ClienteFormComponent should prevent form submission when invalid"
	  />
	
	  Name "ClienteFormComponent should validate required fields":
	  <li
	    class="jasmine-failed"
	    id="spec_spec919"
	    title="ClienteFormComponent should validate required fields"
	  />
	
	  Name "ClienteFormComponent should update existing client with valid form data":
	  <li
	    class="jasmine-failed"
	    id="spec_spec925"
	    title="ClienteFormComponent should update existing client with valid form data"
	  />
	
	  Name "ClienteFormComponent should handle different markets correctly":
	  <li
	    class="jasmine-failed"
	    id="spec_spec931"
	    title="ClienteFormComponent should handle different markets correctly"
	  />
	
	  Name "ClienteFormComponent should clean form when switching between markets":
	  <li
	    class="jasmine-failed"
	    id="spec_spec932"
	    title="ClienteFormComponent should clean form when switching between markets"
	  />
	
	  Name "ClienteFormComponent should handle different business flows correctly":
	  <li
	    class="jasmine-failed"
	    id="spec_spec930"
	    title="ClienteFormComponent should handle different business flows correctly"
	  />
	
	  Name "ClienteFormComponent should load existing client data in edit mode":
	  <li
	    class="jasmine-failed"
	    id="spec_spec924"
	    title="ClienteFormComponent should load existing client data in edit mode"
	  />
	
	  Name "ClienteFormComponent should set loading state during form submission":
	  <li
	    class="jasmine-failed"
	    id="spec_spec929"
	    title="ClienteFormComponent should set loading state during form submission"
	  />
	
	  Name "ClienteFormComponent should create new client with valid form data":
	  <li
	    class="jasmine-failed"
	    id="spec_spec923"
	    title="ClienteFormComponent should create new client with valid form data"
	  />
	
	  Name "PushNotificationService Initialization Flow should return false for denied permission":
	  <li
	    class="jasmine-passed"
	    id="spec_spec719"
	    title="PushNotificationService Initialization Flow should return false for denied permission"
	  />
	
	  Name "PushNotificationService Initialization Flow should return false for unsupported environment":
	  <li
	    class="jasmine-failed"
	    id="spec_spec718"
	    title="PushNotificationService Initialization Flow should return false for unsupported environment"
	  />
	
	  Name "PushNotificationService Initialization Flow should initialize notifications with granted permission":
	  <li
	    class="jasmine-passed"
	    id="spec_spec716"
	    title="PushNotificationService Initialization Flow should initialize notifications with granted permission"
	  />
	
	  Name "PushNotificationService Initialization Flow should request permission for default permission":
	  <li
	    class="jasmine-passed"
	    id="spec_spec717"
	    title="PushNotificationService Initialization Flow should request permission for default permission"
	  />
	
	  Name "PushNotificationService Utility Methods should get notification status":
	  <li
	    class="jasmine-passed"
	    id="spec_spec709"
	    title="PushNotificationService Utility Methods should get notification status"
	  />
	
	  Name "PushNotificationService Utility Methods should detect browser name correctly":
	  <li
	    class="jasmine-passed"
	    id="spec_spec710"
	    title="PushNotificationService Utility Methods should detect browser name correctly"
	  />
	
	  Name "PushNotificationService Utility Methods should detect OS name correctly":
	  <li
	    class="jasmine-passed"
	    id="spec_spec711"
	    title="PushNotificationService Utility Methods should detect OS name correctly"
	  />
	
	  Name "PushNotificationService Utility Methods should convert ArrayBuffer to Base64":
	  <li
	    class="jasmine-passed"
	    id="spec_spec712"
	    title="PushNotificationService Utility Methods should convert ArrayBuffer to Base64"
	  />
	
	  Name "PushNotificationService Utility Methods should get current user ID":
	  <li
	    class="jasmine-passed"
	    id="spec_spec713"
	    title="PushNotificationService Utility Methods should get current user ID"
	  />
	
	  Name "PushNotificationService Utility Methods should get auth token":
	  <li
	    class="jasmine-passed"
	    id="spec_spec715"
	    title="PushNotificationService Utility Methods should get auth token"
	  />
	
	  Name "PushNotificationService Utility Methods should return anonymous for missing user":
	  <li
	    class="jasmine-passed"
	    id="spec_spec714"
	    title="PushNotificationService Utility Methods should return anonymous for missing user"
	  />
	
	  Name "PushNotificationService Test and Debugging should fallback to local notification on API failure":
	  <li
	    class="jasmine-passed"
	    id="spec_spec708"
	    title="PushNotificationService Test and Debugging should fallback to local notification on API failure"
	  />
	
	  Name "PushNotificationService Test and Debugging should send test notification via API":
	  <li
	    class="jasmine-passed"
	    id="spec_spec707"
	    title="PushNotificationService Test and Debugging should send test notification via API"
	  />
	
	  Name "PushNotificationService Service Initialization should initialize with empty notification history":
	  <li
	    class="jasmine-passed"
	    id="spec_spec685"
	    title="PushNotificationService Service Initialization should initialize with empty notification history"
	  />
	
	  Name "PushNotificationService Service Initialization should initialize with no subscription":
	  <li
	    class="jasmine-passed"
	    id="spec_spec684"
	    title="PushNotificationService Service Initialization should initialize with no subscription"
	  />
	
	  Name "PushNotificationService Service Initialization should check push notification support":
	  <li
	    class="jasmine-passed"
	    id="spec_spec682"
	    title="PushNotificationService Service Initialization should check push notification support"
	  />
	
	  Name "PushNotificationService Service Initialization should initialize with default permission":
	  <li
	    class="jasmine-passed"
	    id="spec_spec683"
	    title="PushNotificationService Service Initialization should initialize with default permission"
	  />
	
	  Name "PushNotificationService Service Initialization should be created":
	  <li
	    class="jasmine-passed"
	    id="spec_spec681"
	    title="PushNotificationService Service Initialization should be created"
	  />
	
	  Name "PushNotificationService Notification History should get unread notification count":
	  <li
	    class="jasmine-passed"
	    id="spec_spec701"
	    title="PushNotificationService Notification History should get unread notification count"
	  />
	
	  Name "PushNotificationService Notification History should limit notification history to 50 items":
	  <li
	    class="jasmine-passed"
	    id="spec_spec706"
	    title="PushNotificationService Notification History should limit notification history to 50 items"
	  />
	
	  Name "PushNotificationService Notification History should handle corrupted notification history data":
	  <li
	    class="jasmine-failed"
	    id="spec_spec705"
	    title="PushNotificationService Notification History should handle corrupted notification history data"
	  />
	
	  Name "PushNotificationService Notification History should mark all notifications as read":
	  <li
	    class="jasmine-passed"
	    id="spec_spec702"
	    title="PushNotificationService Notification History should mark all notifications as read"
	  />
	
	  Name "PushNotificationService Notification History should clear notification history":
	  <li
	    class="jasmine-passed"
	    id="spec_spec703"
	    title="PushNotificationService Notification History should clear notification history"
	  />
	
	  Name "PushNotificationService Notification History should load stored notifications on initialization":
	  <li
	    class="jasmine-failed"
	    id="spec_spec704"
	    title="PushNotificationService Notification History should load stored notifications on initialization"
	  />
	
	  Name "PushNotificationService Notification Handling should show in-app notification when document is visible":
	  <li
	    class="jasmine-passed"
	    id="spec_spec698"
	    title="PushNotificationService Notification Handling should show in-app notification when document is visible"
	  />
	
	  Name "PushNotificationService Notification Handling should handle notification clicks":
	  <li
	    class="jasmine-passed"
	    id="spec_spec699"
	    title="PushNotificationService Notification Handling should handle notification clicks"
	  />
	
	  Name "PushNotificationService Notification Handling should navigate to client page for document_pending notifications":
	  <li
	    class="jasmine-failed"
	    id="spec_spec700"
	    title="PushNotificationService Notification Handling should navigate to client page for document_pending notifications"
	  />
	
	  Name "PushNotificationService Notification Handling should setup notification handlers":
	  <li
	    class="jasmine-passed"
	    id="spec_spec696"
	    title="PushNotificationService Notification Handling should setup notification handlers"
	  />
	
	  Name "PushNotificationService Notification Handling should handle incoming notification message":
	  <li
	    class="jasmine-failed"
	    id="spec_spec697"
	    title="PushNotificationService Notification Handling should handle incoming notification message"
	  />
	
	  Name "PushNotificationService Subscription Management should unsubscribe from push notifications":
	  <li
	    class="jasmine-failed"
	    id="spec_spec692"
	    title="PushNotificationService Subscription Management should unsubscribe from push notifications"
	  />
	
	  Name "PushNotificationService Subscription Management should subscribe to push notifications":
	  <li
	    class="jasmine-failed"
	    id="spec_spec689"
	    title="PushNotificationService Subscription Management should subscribe to push notifications"
	  />
	
	  Name "PushNotificationService Subscription Management should load existing subscription from localStorage":
	  <li
	    class="jasmine-failed"
	    id="spec_spec694"
	    title="PushNotificationService Subscription Management should load existing subscription from localStorage"
	  />
	
	  Name "PushNotificationService Subscription Management should handle corrupted localStorage subscription data":
	  <li
	    class="jasmine-failed"
	    id="spec_spec695"
	    title="PushNotificationService Subscription Management should handle corrupted localStorage subscription data"
	  />
	
	  Name "PushNotificationService Subscription Management should handle unsubscribe failures gracefully":
	  <li
	    class="jasmine-passed"
	    id="spec_spec693"
	    title="PushNotificationService Subscription Management should handle unsubscribe failures gracefully"
	  />
	
	  Name "PushNotificationService Subscription Management should return null when permission not granted":
	  <li
	    class="jasmine-passed"
	    id="spec_spec690"
	    title="PushNotificationService Subscription Management should return null when permission not granted"
	  />
	
	  Name "PushNotificationService Subscription Management should handle subscription failures":
	  <li
	    class="jasmine-passed"
	    id="spec_spec691"
	    title="PushNotificationService Subscription Management should handle subscription failures"
	  />
	
	  Name "PushNotificationService Permission Management should throw error when push notifications not supported":
	  <li
	    class="jasmine-failed"
	    id="spec_spec688"
	    title="PushNotificationService Permission Management should throw error when push notifications not supported"
	  />
	
	  Name "PushNotificationService Permission Management should handle permission denied":
	  <li
	    class="jasmine-passed"
	    id="spec_spec687"
	    title="PushNotificationService Permission Management should handle permission denied"
	  />
	
	  Name "PushNotificationService Permission Management should request notification permission":
	  <li
	    class="jasmine-passed"
	    id="spec_spec686"
	    title="PushNotificationService Permission Management should request notification permission"
	  />
	
	  Name "math.util helpers should aggregate values":
	  <li
	    class="jasmine-passed"
	    id="spec_spec848"
	    title="math.util helpers should aggregate values"
	  />
	
	  Name "math.util rate conversions should be consistent":
	  <li
	    class="jasmine-passed"
	    id="spec_spec846"
	    title="math.util rate conversions should be consistent"
	  />
	
	  Name "math.util annuity should compute payment correctly":
	  <li
	    class="jasmine-passed"
	    id="spec_spec847"
	    title="math.util annuity should compute payment correctly"
	  />
	
	  Name "math.util round2 should round to 2 decimals":
	  <li
	    class="jasmine-passed"
	    id="spec_spec843"
	    title="math.util round2 should round to 2 decimals"
	  />
	
	  Name "math.util safe operations should reduce FP drift":
	  <li
	    class="jasmine-passed"
	    id="spec_spec844"
	    title="math.util safe operations should reduce FP drift"
	  />
	
	  Name "math.util monthsToYearsCeil should ceil to years":
	  <li
	    class="jasmine-passed"
	    id="spec_spec849"
	    title="math.util monthsToYearsCeil should ceil to years"
	  />
	
	  Name "math.util clamp should bound values":
	  <li
	    class="jasmine-passed"
	    id="spec_spec845"
	    title="math.util clamp should bound values"
	  />
	
	  Name "BusinessRulesService Age Calculation should handle birthday not yet reached this year":
	  <li
	    class="jasmine-passed"
	    id="spec_spec154"
	    title="BusinessRulesService Age Calculation should handle birthday not yet reached this year"
	  />
	
	  Name "BusinessRulesService Age Calculation should calculate age correctly":
	  <li
	    class="jasmine-passed"
	    id="spec_spec153"
	    title="BusinessRulesService Age Calculation should calculate age correctly"
	  />
	
	  Name "BusinessRulesService Market Requirements should get Aguascalientes requirements":
	  <li
	    class="jasmine-passed"
	    id="spec_spec143"
	    title="BusinessRulesService Market Requirements should get Aguascalientes requirements"
	  />
	
	  Name "BusinessRulesService Market Requirements should get Estado de México requirements":
	  <li
	    class="jasmine-passed"
	    id="spec_spec144"
	    title="BusinessRulesService Market Requirements should get Estado de México requirements"
	  />
	
	  Name "BusinessRulesService Market Requirements should include required documents for each market":
	  <li
	    class="jasmine-passed"
	    id="spec_spec145"
	    title="BusinessRulesService Market Requirements should include required documents for each market"
	  />
	
	  Name "BusinessRulesService Business Flow Change Validation should allow flow change when no documents are approved":
	  <li
	    class="jasmine-passed"
	    id="spec_spec146"
	    title="BusinessRulesService Business Flow Change Validation should allow flow change when no documents are approved"
	  />
	
	  Name "BusinessRulesService Business Flow Change Validation should not allow flow change when documents are approved":
	  <li
	    class="jasmine-passed"
	    id="spec_spec147"
	    title="BusinessRulesService Business Flow Change Validation should not allow flow change when documents are approved"
	  />
	
	  Name "BusinessRulesService Business Flow Change Validation should not allow collective credit in Aguascalientes":
	  <li
	    class="jasmine-passed"
	    id="spec_spec148"
	    title="BusinessRulesService Business Flow Change Validation should not allow collective credit in Aguascalientes"
	  />
	
	  Name "BusinessRulesService Business Flow Change Validation should require ecosystem for EdoMex collective credit":
	  <li
	    class="jasmine-passed"
	    id="spec_spec149"
	    title="BusinessRulesService Business Flow Change Validation should require ecosystem for EdoMex collective credit"
	  />
	
	  Name "BusinessRulesService Market Requirements Special Rules should include EdoMex specific rules about ecosystem":
	  <li
	    class="jasmine-passed"
	    id="spec_spec162"
	    title="BusinessRulesService Market Requirements Special Rules should include EdoMex specific rules about ecosystem"
	  />
	
	  Name "BusinessRulesService Market Requirements Special Rules should include AGS specific rules about credit types":
	  <li
	    class="jasmine-passed"
	    id="spec_spec161"
	    title="BusinessRulesService Market Requirements Special Rules should include AGS specific rules about credit types"
	  />
	
	  Name "BusinessRulesService Helper Methods should generate ecosystem validation notes":
	  <li
	    class="jasmine-passed"
	    id="spec_spec157"
	    title="BusinessRulesService Helper Methods should generate ecosystem validation notes"
	  />
	
	  Name "BusinessRulesService Helper Methods should consolidate validation results correctly":
	  <li
	    class="jasmine-passed"
	    id="spec_spec155"
	    title="BusinessRulesService Helper Methods should consolidate validation results correctly"
	  />
	
	  Name "BusinessRulesService Helper Methods should get ecosystem required documents":
	  <li
	    class="jasmine-passed"
	    id="spec_spec156"
	    title="BusinessRulesService Helper Methods should get ecosystem required documents"
	  />
	
	  Name "BusinessRulesService Collective Group Validation Details should validate down payment minimum for collective credit":
	  <li
	    class="jasmine-passed"
	    id="spec_spec160"
	    title="BusinessRulesService Collective Group Validation Details should validate down payment minimum for collective credit"
	  />
	
	  Name "BusinessRulesService Collective Group Validation Details should validate down payment range for collective credit":
	  <li
	    class="jasmine-passed"
	    id="spec_spec159"
	    title="BusinessRulesService Collective Group Validation Details should validate down payment range for collective credit"
	  />
	
	  Name "BusinessRulesService Collective Group Validation Details should validate minimum group size":
	  <li
	    class="jasmine-passed"
	    id="spec_spec158"
	    title="BusinessRulesService Collective Group Validation Details should validate minimum group size"
	  />
	
	  Name "BusinessRulesService Credit History Validation should warn about low credit score":
	  <li
	    class="jasmine-passed"
	    id="spec_spec151"
	    title="BusinessRulesService Credit History Validation should warn about low credit score"
	  />
	
	  Name "BusinessRulesService Credit History Validation should validate credit history with simulated score":
	  <li
	    class="jasmine-passed"
	    id="spec_spec150"
	    title="BusinessRulesService Credit History Validation should validate credit history with simulated score"
	  />
	
	  Name "BusinessRulesService Credit History Validation should recommend special conditions for very low score":
	  <li
	    class="jasmine-passed"
	    id="spec_spec152"
	    title="BusinessRulesService Credit History Validation should recommend special conditions for very low score"
	  />
	
	  Name "BusinessRulesService Ecosystem Validation Edge Cases should properly identify required vs optional documents":
	  <li
	    class="jasmine-failed"
	    id="spec_spec164"
	    title="BusinessRulesService Ecosystem Validation Edge Cases should properly identify required vs optional documents"
	  />
	
	  Name "BusinessRulesService Ecosystem Validation Edge Cases should handle ecosystem validation with partial documents":
	  <li
	    class="jasmine-passed"
	    id="spec_spec163"
	    title="BusinessRulesService Ecosystem Validation Edge Cases should handle ecosystem validation with partial documents"
	  />
	
	  Name "BusinessRulesService Service Initialization should have universal rules":
	  <li
	    class="jasmine-passed"
	    id="spec_spec120"
	    title="BusinessRulesService Service Initialization should have universal rules"
	  />
	
	  Name "BusinessRulesService Service Initialization should have EdoMex specific rules":
	  <li
	    class="jasmine-passed"
	    id="spec_spec119"
	    title="BusinessRulesService Service Initialization should have EdoMex specific rules"
	  />
	
	  Name "BusinessRulesService Service Initialization should be created":
	  <li
	    class="jasmine-passed"
	    id="spec_spec116"
	    title="BusinessRulesService Service Initialization should be created"
	  />
	
	  Name "BusinessRulesService Service Initialization should have AGS specific rules":
	  <li
	    class="jasmine-passed"
	    id="spec_spec118"
	    title="BusinessRulesService Service Initialization should have AGS specific rules"
	  />
	
	  Name "BusinessRulesService Service Initialization should initialize validation rules":
	  <li
	    class="jasmine-passed"
	    id="spec_spec117"
	    title="BusinessRulesService Service Initialization should initialize validation rules"
	  />
	
	  Name "BusinessRulesService EdoMex Specific Validations should require group assignment for collective credit":
	  <li
	    class="jasmine-passed"
	    id="spec_spec136"
	    title="BusinessRulesService EdoMex Specific Validations should require group assignment for collective credit"
	  />
	
	  Name "BusinessRulesService EdoMex Specific Validations should require ecosystem assignment for EdoMex":
	  <li
	    class="jasmine-passed"
	    id="spec_spec133"
	    title="BusinessRulesService EdoMex Specific Validations should require ecosystem assignment for EdoMex"
	  />
	
	  Name "BusinessRulesService EdoMex Specific Validations should validate collective group requirements":
	  <li
	    class="jasmine-passed"
	    id="spec_spec135"
	    title="BusinessRulesService EdoMex Specific Validations should validate collective group requirements"
	  />
	
	  Name "BusinessRulesService EdoMex Specific Validations should validate EdoMex payment capacity ($20,000 minimum)":
	  <li
	    class="jasmine-passed"
	    id="spec_spec137"
	    title="BusinessRulesService EdoMex Specific Validations should validate EdoMex payment capacity ($20,000 minimum)"
	  />
	
	  Name "BusinessRulesService EdoMex Specific Validations should warn about high payment-to-income ratio":
	  <li
	    class="jasmine-passed"
	    id="spec_spec138"
	    title="BusinessRulesService EdoMex Specific Validations should warn about high payment-to-income ratio"
	  />
	
	  Name "BusinessRulesService EdoMex Specific Validations should validate EdoMex ecosystem documents":
	  <li
	    class="jasmine-passed"
	    id="spec_spec134"
	    title="BusinessRulesService EdoMex Specific Validations should validate EdoMex ecosystem documents"
	  />
	
	  Name "BusinessRulesService Ecosystem Validation should fail ecosystem validation for client without ecosystem":
	  <li
	    class="jasmine-passed"
	    id="spec_spec140"
	    title="BusinessRulesService Ecosystem Validation should fail ecosystem validation for client without ecosystem"
	  />
	
	  Name "BusinessRulesService Ecosystem Validation should throw error for AGS client ecosystem validation":
	  <li
	    class="jasmine-passed"
	    id="spec_spec141"
	    title="BusinessRulesService Ecosystem Validation should throw error for AGS client ecosystem validation"
	  />
	
	  Name "BusinessRulesService Ecosystem Validation should identify missing ecosystem documents":
	  <li
	    class="jasmine-passed"
	    id="spec_spec142"
	    title="BusinessRulesService Ecosystem Validation should identify missing ecosystem documents"
	  />
	
	  Name "BusinessRulesService Ecosystem Validation should validate ecosystem for EdoMex client":
	  <li
	    class="jasmine-failed"
	    id="spec_spec139"
	    title="BusinessRulesService Ecosystem Validation should validate ecosystem for EdoMex client"
	  />
	
	  Name "BusinessRulesService Client Validation should filter rules by business flow correctly":
	  <li
	    class="jasmine-passed"
	    id="spec_spec128"
	    title="BusinessRulesService Client Validation should filter rules by business flow correctly"
	  />
	
	  Name "BusinessRulesService Client Validation should filter rules by market correctly":
	  <li
	    class="jasmine-passed"
	    id="spec_spec127"
	    title="BusinessRulesService Client Validation should filter rules by market correctly"
	  />
	
	  Name "BusinessRulesService Client Validation should fail validation for underage client":
	  <li
	    class="jasmine-passed"
	    id="spec_spec124"
	    title="BusinessRulesService Client Validation should fail validation for underage client"
	  />
	
	  Name "BusinessRulesService Client Validation should fail validation for client with missing documents":
	  <li
	    class="jasmine-passed"
	    id="spec_spec123"
	    title="BusinessRulesService Client Validation should fail validation for client with missing documents"
	  />
	
	  Name "BusinessRulesService Client Validation should fail validation for client without income":
	  <li
	    class="jasmine-passed"
	    id="spec_spec126"
	    title="BusinessRulesService Client Validation should fail validation for client without income"
	  />
	
	  Name "BusinessRulesService Client Validation should fail validation for client over age limit":
	  <li
	    class="jasmine-passed"
	    id="spec_spec125"
	    title="BusinessRulesService Client Validation should fail validation for client over age limit"
	  />
	
	  Name "BusinessRulesService Client Validation should validate EdoMex client successfully":
	  <li
	    class="jasmine-passed"
	    id="spec_spec122"
	    title="BusinessRulesService Client Validation should validate EdoMex client successfully"
	  />
	
	  Name "BusinessRulesService Client Validation should validate AGS client successfully":
	  <li
	    class="jasmine-passed"
	    id="spec_spec121"
	    title="BusinessRulesService Client Validation should validate AGS client successfully"
	  />
	
	  Name "BusinessRulesService AGS Specific Validations should validate AGS term requirements (12 or 24 months)":
	  <li
	    class="jasmine-passed"
	    id="spec_spec130"
	    title="BusinessRulesService AGS Specific Validations should validate AGS term requirements (12 or 24 months)"
	  />
	
	  Name "BusinessRulesService AGS Specific Validations should validate AGS minimum income ($15,000)":
	  <li
	    class="jasmine-passed"
	    id="spec_spec131"
	    title="BusinessRulesService AGS Specific Validations should validate AGS minimum income ($15,000)"
	  />
	
	  Name "BusinessRulesService AGS Specific Validations should validate AGS required documents":
	  <li
	    class="jasmine-passed"
	    id="spec_spec132"
	    title="BusinessRulesService AGS Specific Validations should validate AGS required documents"
	  />
	
	  Name "BusinessRulesService AGS Specific Validations should validate AGS down payment requirement (60%)":
	  <li
	    class="jasmine-passed"
	    id="spec_spec129"
	    title="BusinessRulesService AGS Specific Validations should validate AGS down payment requirement (60%)"
	  />
	
	  Name "AppComponent should render title":
	  <li
	    class="jasmine-passed"
	    id="spec_spec2"
	    title="AppComponent should render title"
	  />
	
	  Name "AppComponent should create the app":
	  <li
	    class="jasmine-passed"
	    id="spec_spec0"
	    title="AppComponent should create the app"
	  />
	
	  Name "AppComponent should have the 'conductores-pwa' title":
	  <li
	    class="jasmine-passed"
	    id="spec_spec1"
	    title="AppComponent should have the 'conductores-pwa' title"
	  />
	
	  Name "ToastService Success Toast should create success toast with default duration":
	  <li
	    class="jasmine-passed"
	    id="spec_spec781"
	    title="ToastService Success Toast should create success toast with default duration"
	  />
	
	  Name "ToastService Success Toast should create success toast with custom duration":
	  <li
	    class="jasmine-passed"
	    id="spec_spec782"
	    title="ToastService Success Toast should create success toast with custom duration"
	  />
	
	  Name "ToastService Success Toast should add success toast to toasts array":
	  <li
	    class="jasmine-passed"
	    id="spec_spec783"
	    title="ToastService Success Toast should add success toast to toasts array"
	  />
	
	  Name "ToastService Error Toast should create error toast with default duration":
	  <li
	    class="jasmine-passed"
	    id="spec_spec784"
	    title="ToastService Error Toast should create error toast with default duration"
	  />
	
	  Name "ToastService Error Toast should create error toast with custom duration":
	  <li
	    class="jasmine-passed"
	    id="spec_spec785"
	    title="ToastService Error Toast should create error toast with custom duration"
	  />
	
	  Name "ToastService Edge Cases should handle zero duration":
	  <li
	    class="jasmine-passed"
	    id="spec_spec802"
	    title="ToastService Edge Cases should handle zero duration"
	  />
	
	  Name "ToastService Edge Cases should handle empty message":
	  <li
	    class="jasmine-passed"
	    id="spec_spec800"
	    title="ToastService Edge Cases should handle empty message"
	  />
	
	  Name "ToastService Edge Cases should handle rapid consecutive toasts":
	  <li
	    class="jasmine-failed"
	    id="spec_spec805"
	    title="ToastService Edge Cases should handle rapid consecutive toasts"
	  />
	
	  Name "ToastService Edge Cases should handle negative duration":
	  <li
	    class="jasmine-passed"
	    id="spec_spec803"
	    title="ToastService Edge Cases should handle negative duration"
	  />
	
	  Name "ToastService Edge Cases should handle special characters in message":
	  <li
	    class="jasmine-passed"
	    id="spec_spec804"
	    title="ToastService Edge Cases should handle special characters in message"
	  />
	
	  Name "ToastService Edge Cases should handle very long message":
	  <li
	    class="jasmine-passed"
	    id="spec_spec801"
	    title="ToastService Edge Cases should handle very long message"
	  />
	
	  Name "ToastService Observable Behavior should emit toasts through observable":
	  <li
	    class="jasmine-passed"
	    id="spec_spec797"
	    title="ToastService Observable Behavior should emit toasts through observable"
	  />
	
	  Name "ToastService Observable Behavior should emit each toast separately":
	  <li
	    class="jasmine-passed"
	    id="spec_spec799"
	    title="ToastService Observable Behavior should emit each toast separately"
	  />
	
	  Name "ToastService Observable Behavior should support multiple subscribers":
	  <li
	    class="jasmine-passed"
	    id="spec_spec798"
	    title="ToastService Observable Behavior should support multiple subscribers"
	  />
	
	  Name "ToastService Toast State Management should handle removing all toasts":
	  <li
	    class="jasmine-passed"
	    id="spec_spec807"
	    title="ToastService Toast State Management should handle removing all toasts"
	  />
	
	  Name "ToastService Toast State Management should maintain correct state after multiple operations":
	  <li
	    class="jasmine-failed"
	    id="spec_spec806"
	    title="ToastService Toast State Management should maintain correct state after multiple operations"
	  />
	
	  Name "ToastService Warning Toast should create warning toast with default duration":
	  <li
	    class="jasmine-passed"
	    id="spec_spec786"
	    title="ToastService Warning Toast should create warning toast with default duration"
	  />
	
	  Name "ToastService Warning Toast should create warning toast with custom duration":
	  <li
	    class="jasmine-passed"
	    id="spec_spec787"
	    title="ToastService Warning Toast should create warning toast with custom duration"
	  />
	
	  Name "ToastService Service Initialization should be created":
	  <li
	    class="jasmine-passed"
	    id="spec_spec778"
	    title="ToastService Service Initialization should be created"
	  />
	
	  Name "ToastService Service Initialization should have toasts$ observable":
	  <li
	    class="jasmine-passed"
	    id="spec_spec780"
	    title="ToastService Service Initialization should have toasts$ observable"
	  />
	
	  Name "ToastService Service Initialization should initialize with empty toasts array":
	  <li
	    class="jasmine-passed"
	    id="spec_spec779"
	    title="ToastService Service Initialization should initialize with empty toasts array"
	  />
	
	  Name "ToastService Toast Management should remove toast by ID":
	  <li
	    class="jasmine-passed"
	    id="spec_spec791"
	    title="ToastService Toast Management should remove toast by ID"
	  />
	
	  Name "ToastService Toast Management should generate unique IDs for different toasts":
	  <li
	    class="jasmine-failed"
	    id="spec_spec790"
	    title="ToastService Toast Management should generate unique IDs for different toasts"
	  />
	
	  Name "ToastService Toast Management should remove only specified toast when multiple exist":
	  <li
	    class="jasmine-failed"
	    id="spec_spec793"
	    title="ToastService Toast Management should remove only specified toast when multiple exist"
	  />
	
	  Name "ToastService Toast Management should handle removing non-existent toast ID":
	  <li
	    class="jasmine-passed"
	    id="spec_spec792"
	    title="ToastService Toast Management should handle removing non-existent toast ID"
	  />
	
	  Name "ToastService Info Toast should create info toast with default duration":
	  <li
	    class="jasmine-passed"
	    id="spec_spec788"
	    title="ToastService Info Toast should create info toast with default duration"
	  />
	
	  Name "ToastService Info Toast should create info toast with custom duration":
	  <li
	    class="jasmine-passed"
	    id="spec_spec789"
	    title="ToastService Info Toast should create info toast with custom duration"
	  />
	
	  Name "ToastService Auto-removal Functionality should auto-remove toast after specified duration":
	  <li
	    class="jasmine-passed"
	    id="spec_spec794"
	    title="ToastService Auto-removal Functionality should auto-remove toast after specified duration"
	  />
	
	  Name "ToastService Auto-removal Functionality should handle manual removal before auto-removal":
	  <li
	    class="jasmine-passed"
	    id="spec_spec796"
	    title="ToastService Auto-removal Functionality should handle manual removal before auto-removal"
	  />
	
	  Name "ToastService Auto-removal Functionality should auto-remove multiple toasts at different times":
	  <li
	    class="jasmine-failed"
	    id="spec_spec795"
	    title="ToastService Auto-removal Functionality should auto-remove multiple toasts at different times"
	  />
	
	  Name "LoginComponent Accessibility Tests Progressive Enhancement should degrade gracefully":
	  <li
	    class="jasmine-passed"
	    id="spec_spec892"
	    title="LoginComponent Accessibility Tests Progressive Enhancement should degrade gracefully"
	  />
	
	  Name "LoginComponent Accessibility Tests Progressive Enhancement should work without JavaScript enhancements":
	  <li
	    class="jasmine-passed"
	    id="spec_spec891"
	    title="LoginComponent Accessibility Tests Progressive Enhancement should work without JavaScript enhancements"
	  />
	
	  Name "LoginComponent Accessibility Tests Error Handling Accessibility should announce authentication errors accessibly":
	  <li
	    class="jasmine-failed"
	    id="spec_spec889"
	    title="LoginComponent Accessibility Tests Error Handling Accessibility should announce authentication errors accessibly"
	  />
	
	  Name "LoginComponent Accessibility Tests Error Handling Accessibility should provide recovery instructions for errors":
	  <li
	    class="jasmine-empty"
	    id="spec_spec890"
	    title="LoginComponent Accessibility Tests Error Handling Accessibility should provide recovery instructions for errors"
	  />
	
	  Name "LoginComponent Accessibility Tests LoginComponent should be accessible":
	  <li
	    class="jasmine-passed"
	    id="spec_spec893"
	    title="LoginComponent Accessibility Tests LoginComponent should be accessible"
	  />
	
	  Name "LoginComponent Accessibility Tests Form Accessibility should have properly labeled form controls":
	  <li
	    class="jasmine-passed"
	    id="spec_spec871"
	    title="LoginComponent Accessibility Tests Form Accessibility should have properly labeled form controls"
	  />
	
	  Name "LoginComponent Accessibility Tests Form Accessibility should have appropriate input types and attributes":
	  <li
	    class="jasmine-failed"
	    id="spec_spec872"
	    title="LoginComponent Accessibility Tests Form Accessibility should have appropriate input types and attributes"
	  />
	
	  Name "LoginComponent Accessibility Tests Form Accessibility should pass automated accessibility tests":
	  <li
	    class="jasmine-passed"
	    id="spec_spec869"
	    title="LoginComponent Accessibility Tests Form Accessibility should pass automated accessibility tests"
	  />
	
	  Name "LoginComponent Accessibility Tests Form Accessibility should announce form submission status":
	  <li
	    class="jasmine-passed"
	    id="spec_spec874"
	    title="LoginComponent Accessibility Tests Form Accessibility should announce form submission status"
	  />
	
	  Name "LoginComponent Accessibility Tests Form Accessibility should provide accessible error messages":
	  <li
	    class="jasmine-passed"
	    id="spec_spec873"
	    title="LoginComponent Accessibility Tests Form Accessibility should provide accessible error messages"
	  />
	
	  Name "LoginComponent Accessibility Tests Form Accessibility should pass form-specific accessibility tests":
	  <li
	    class="jasmine-passed"
	    id="spec_spec870"
	    title="LoginComponent Accessibility Tests Form Accessibility should pass form-specific accessibility tests"
	  />
	
	  Name "LoginComponent Accessibility Tests LoginComponent should have no accessibility violations":
	  <li
	    class="jasmine-passed"
	    id="spec_spec894"
	    title="LoginComponent Accessibility Tests LoginComponent should have no accessibility violations"
	  />
	
	  Name "LoginComponent Accessibility Tests Mobile and Touch Accessibility should be responsive and maintain accessibility":
	  <li
	    class="jasmine-passed"
	    id="spec_spec888"
	    title="LoginComponent Accessibility Tests Mobile and Touch Accessibility should be responsive and maintain accessibility"
	  />
	
	  Name "LoginComponent Accessibility Tests Mobile and Touch Accessibility should have adequate touch targets":
	  <li
	    class="jasmine-failed"
	    id="spec_spec887"
	    title="LoginComponent Accessibility Tests Mobile and Touch Accessibility should have adequate touch targets"
	  />
	
	  Name "LoginComponent Accessibility Tests Visual and Interaction Accessibility should have focus indicators for all interactive elements":
	  <li
	    class="jasmine-passed"
	    id="spec_spec878"
	    title="LoginComponent Accessibility Tests Visual and Interaction Accessibility should have focus indicators for all interactive elements"
	  />
	
	  Name "LoginComponent Accessibility Tests Visual and Interaction Accessibility should not rely solely on color for form validation":
	  <li
	    class="jasmine-failed"
	    id="spec_spec877"
	    title="LoginComponent Accessibility Tests Visual and Interaction Accessibility should not rely solely on color for form validation"
	  />
	
	  Name "LoginComponent Accessibility Tests Visual and Interaction Accessibility should have accessible password visibility toggle":
	  <li
	    class="jasmine-failed"
	    id="spec_spec875"
	    title="LoginComponent Accessibility Tests Visual and Interaction Accessibility should have accessible password visibility toggle"
	  />
	
	  Name "LoginComponent Accessibility Tests Visual and Interaction Accessibility should have sufficient color contrast":
	  <li
	    class="jasmine-passed"
	    id="spec_spec876"
	    title="LoginComponent Accessibility Tests Visual and Interaction Accessibility should have sufficient color contrast"
	  />
	
	  Name "LoginComponent Accessibility Tests Screen Reader Support should provide form context and instructions":
	  <li
	    class="jasmine-passed"
	    id="spec_spec884"
	    title="LoginComponent Accessibility Tests Screen Reader Support should provide form context and instructions"
	  />
	
	  Name "LoginComponent Accessibility Tests Screen Reader Support should provide meaningful page structure":
	  <li
	    class="jasmine-passed"
	    id="spec_spec883"
	    title="LoginComponent Accessibility Tests Screen Reader Support should provide meaningful page structure"
	  />
	
	  Name "LoginComponent Accessibility Tests Screen Reader Support should provide meaningful button labels":
	  <li
	    class="jasmine-passed"
	    id="spec_spec886"
	    title="LoginComponent Accessibility Tests Screen Reader Support should provide meaningful button labels"
	  />
	
	  Name "LoginComponent Accessibility Tests Screen Reader Support should announce loading states":
	  <li
	    class="jasmine-failed"
	    id="spec_spec885"
	    title="LoginComponent Accessibility Tests Screen Reader Support should announce loading states"
	  />
	
	  Name "LoginComponent Accessibility Tests Keyboard Navigation should support keyboard-only navigation":
	  <li
	    class="jasmine-passed"
	    id="spec_spec879"
	    title="LoginComponent Accessibility Tests Keyboard Navigation should support keyboard-only navigation"
	  />
	
	  Name "LoginComponent Accessibility Tests Keyboard Navigation should have logical tab order":
	  <li
	    class="jasmine-passed"
	    id="spec_spec880"
	    title="LoginComponent Accessibility Tests Keyboard Navigation should have logical tab order"
	  />
	
	  Name "LoginComponent Accessibility Tests Keyboard Navigation should support Escape key functionality":
	  <li
	    class="jasmine-passed"
	    id="spec_spec882"
	    title="LoginComponent Accessibility Tests Keyboard Navigation should support Escape key functionality"
	  />
	
	  Name "LoginComponent Accessibility Tests Keyboard Navigation should handle Enter key submission":
	  <li
	    class="jasmine-passed"
	    id="spec_spec881"
	    title="LoginComponent Accessibility Tests Keyboard Navigation should handle Enter key submission"
	  />
	
	  Name "LoginComponent Accessibility Tests LoginComponent interactive elements should be keyboard accessible":
	  <li
	    class="jasmine-passed"
	    id="spec_spec895"
	    title="LoginComponent Accessibility Tests LoginComponent interactive elements should be keyboard accessible"
	  />
	
	  Name "LoginComponent Accessibility Tests LoginComponent form controls should have labels":
	  <li
	    class="jasmine-passed"
	    id="spec_spec896"
	    title="LoginComponent Accessibility Tests LoginComponent form controls should have labels"
	  />
	
	  Name "LoginComponent should initialize form with empty values":
	  <li
	    class="jasmine-passed"
	    id="spec_spec898"
	    title="LoginComponent should initialize form with empty values"
	  />
	
	  Name "LoginComponent should show required validation errors":
	  <li
	    class="jasmine-passed"
	    id="spec_spec899"
	    title="LoginComponent should show required validation errors"
	  />
	
	  Name "LoginComponent should show email format validation error":
	  <li
	    class="jasmine-passed"
	    id="spec_spec900"
	    title="LoginComponent should show email format validation error"
	  />
	
	  Name "LoginComponent should validate password length":
	  <li
	    class="jasmine-passed"
	    id="spec_spec901"
	    title="LoginComponent should validate password length"
	  />
	
	  Name "LoginComponent should create":
	  <li
	    class="jasmine-passed"
	    id="spec_spec897"
	    title="LoginComponent should create"
	  />
	
	  Name "LoginComponent should accept valid form inputs":
	  <li
	    class="jasmine-passed"
	    id="spec_spec902"
	    title="LoginComponent should accept valid form inputs"
	  />
	
	  Name "LoginComponent should call performLogin when form is valid":
	  <li
	    class="jasmine-failed"
	    id="spec_spec904"
	    title="LoginComponent should call performLogin when form is valid"
	  />
	
	  Name "LoginComponent should navigate to dashboard on successful login":
	  <li
	    class="jasmine-failed"
	    id="spec_spec905"
	    title="LoginComponent should navigate to dashboard on successful login"
	  />
	
	  Name "LoginComponent should handle login loading state":
	  <li
	    class="jasmine-passed"
	    id="spec_spec906"
	    title="LoginComponent should handle login loading state"
	  />
	
	  Name "LoginComponent should toggle password visibility":
	  <li
	    class="jasmine-passed"
	    id="spec_spec907"
	    title="LoginComponent should toggle password visibility"
	  />
	
	  Name "LoginComponent should handle keyboard navigation":
	  <li
	    class="jasmine-passed"
	    id="spec_spec908"
	    title="LoginComponent should handle keyboard navigation"
	  />
	
	  Name "LoginComponent should prevent form submission when invalid":
	  <li
	    class="jasmine-passed"
	    id="spec_spec903"
	    title="LoginComponent should prevent form submission when invalid"
	  />
	
	  Name "WhatsappService Core Messaging should send template message successfully":
	  <li
	    class="jasmine-failed"
	    id="spec_spec810"
	    title="WhatsappService Core Messaging should send template message successfully"
	  />
	
	  Name "WhatsappService Core Messaging should send text message successfully":
	  <li
	    class="jasmine-failed"
	    id="spec_spec809"
	    title="WhatsappService Core Messaging should send text message successfully"
	  />
	
	  Name "WhatsappService Core Messaging should handle message sending errors":
	  <li
	    class="jasmine-failed"
	    id="spec_spec811"
	    title="WhatsappService Core Messaging should handle message sending errors"
	  />
	
	  Name "WhatsappService Service Initialization should be created":
	  <li
	    class="jasmine-passed"
	    id="spec_spec808"
	    title="WhatsappService Service Initialization should be created"
	  />
	
	  Name "WhatsappService Edge Cases and Boundary Conditions should handle webhook with no changes":
	  <li
	    class="jasmine-passed"
	    id="spec_spec836"
	    title="WhatsappService Edge Cases and Boundary Conditions should handle webhook with no changes"
	  />
	
	  Name "WhatsappService Edge Cases and Boundary Conditions should handle empty webhook entries":
	  <li
	    class="jasmine-passed"
	    id="spec_spec835"
	    title="WhatsappService Edge Cases and Boundary Conditions should handle empty webhook entries"
	  />
	
	  Name "WhatsappService Edge Cases and Boundary Conditions should handle special characters in phone numbers":
	  <li
	    class="jasmine-failed"
	    id="spec_spec838"
	    title="WhatsappService Edge Cases and Boundary Conditions should handle special characters in phone numbers"
	  />
	
	  Name "WhatsappService Edge Cases and Boundary Conditions should handle very long message text":
	  <li
	    class="jasmine-failed"
	    id="spec_spec837"
	    title="WhatsappService Edge Cases and Boundary Conditions should handle very long message text"
	  />
	
	  Name "WhatsappService Error Handling should retry failed requests":
	  <li
	    class="jasmine-failed"
	    id="spec_spec834"
	    title="WhatsappService Error Handling should retry failed requests"
	  />
	
	  Name "WhatsappService Error Handling should handle network errors":
	  <li
	    class="jasmine-failed"
	    id="spec_spec832"
	    title="WhatsappService Error Handling should handle network errors"
	  />
	
	  Name "WhatsappService Error Handling should handle API errors with detailed messages":
	  <li
	    class="jasmine-failed"
	    id="spec_spec833"
	    title="WhatsappService Error Handling should handle API errors with detailed messages"
	  />
	
	  Name "WhatsappService Business Logic Templates should send GNV overage notification":
	  <li
	    class="jasmine-failed"
	    id="spec_spec813"
	    title="WhatsappService Business Logic Templates should send GNV overage notification"
	  />
	
	  Name "WhatsappService Business Logic Templates should send payment notification":
	  <li
	    class="jasmine-failed"
	    id="spec_spec812"
	    title="WhatsappService Business Logic Templates should send payment notification"
	  />
	
	  Name "WhatsappService Business Logic Templates should send contract approved notification":
	  <li
	    class="jasmine-failed"
	    id="spec_spec815"
	    title="WhatsappService Business Logic Templates should send contract approved notification"
	  />
	
	  Name "WhatsappService Business Logic Templates should send document pending notification":
	  <li
	    class="jasmine-failed"
	    id="spec_spec814"
	    title="WhatsappService Business Logic Templates should send document pending notification"
	  />
	
	  Name "WhatsappService Business Logic Templates should send welcome message":
	  <li
	    class="jasmine-failed"
	    id="spec_spec816"
	    title="WhatsappService Business Logic Templates should send welcome message"
	  />
	
	  Name "WhatsappService Analytics & Reporting should get delivery report for specific message":
	  <li
	    class="jasmine-passed"
	    id="spec_spec831"
	    title="WhatsappService Analytics & Reporting should get delivery report for specific message"
	  />
	
	  Name "WhatsappService Analytics & Reporting should get message analytics":
	  <li
	    class="jasmine-passed"
	    id="spec_spec830"
	    title="WhatsappService Analytics & Reporting should get message analytics"
	  />
	
	  Name "WhatsappService Template Management should get template status":
	  <li
	    class="jasmine-failed"
	    id="spec_spec828"
	    title="WhatsappService Template Management should get template status"
	  />
	
	  Name "WhatsappService Template Management should handle template status errors":
	  <li
	    class="jasmine-failed"
	    id="spec_spec829"
	    title="WhatsappService Template Management should handle template status errors"
	  />
	
	  Name "WhatsappService Webhook Handling should verify webhook with correct token":
	  <li
	    class="jasmine-failed"
	    id="spec_spec820"
	    title="WhatsappService Webhook Handling should verify webhook with correct token"
	  />
	
	  Name "WhatsappService Webhook Handling should reject webhook with incorrect token":
	  <li
	    class="jasmine-passed"
	    id="spec_spec821"
	    title="WhatsappService Webhook Handling should reject webhook with incorrect token"
	  />
	
	  Name "WhatsappService Webhook Handling should reject webhook with incorrect mode":
	  <li
	    class="jasmine-passed"
	    id="spec_spec822"
	    title="WhatsappService Webhook Handling should reject webhook with incorrect mode"
	  />
	
	  Name "WhatsappService Webhook Handling should process webhook with message status updates":
	  <li
	    class="jasmine-passed"
	    id="spec_spec823"
	    title="WhatsappService Webhook Handling should process webhook with message status updates"
	  />
	
	  Name "WhatsappService Webhook Handling should handle webhook processing errors gracefully":
	  <li
	    class="jasmine-passed"
	    id="spec_spec825"
	    title="WhatsappService Webhook Handling should handle webhook processing errors gracefully"
	  />
	
	  Name "WhatsappService Webhook Handling should process webhook with incoming messages":
	  <li
	    class="jasmine-passed"
	    id="spec_spec824"
	    title="WhatsappService Webhook Handling should process webhook with incoming messages"
	  />
	
	  Name "WhatsappService Phone Number Formatting should format Mexican phone numbers correctly":
	  <li
	    class="jasmine-failed"
	    id="spec_spec817"
	    title="WhatsappService Phone Number Formatting should format Mexican phone numbers correctly"
	  />
	
	  Name "WhatsappService Phone Number Formatting should handle already properly formatted numbers":
	  <li
	    class="jasmine-failed"
	    id="spec_spec819"
	    title="WhatsappService Phone Number Formatting should handle already properly formatted numbers"
	  />
	
	  Name "WhatsappService Phone Number Formatting should handle US phone numbers":
	  <li
	    class="jasmine-failed"
	    id="spec_spec818"
	    title="WhatsappService Phone Number Formatting should handle US phone numbers"
	  />
	
	  Name "WhatsappService Bulk Operations should handle partial failures in bulk operations":
	  <li
	    class="jasmine-failed"
	    id="spec_spec827"
	    title="WhatsappService Bulk Operations should handle partial failures in bulk operations"
	  />
	
	  Name "WhatsappService Bulk Operations should send bulk payment notifications":
	  <li
	    class="jasmine-failed"
	    id="spec_spec826"
	    title="WhatsappService Bulk Operations should send bulk payment notifications"
	  />
	
	  Name "ClienteFormComponent Integration Tests should handle back button click":
	  <li
	    class="jasmine-failed"
	    id="spec_spec937"
	    title="ClienteFormComponent Integration Tests should handle back button click"
	  />
	
	  Name "ClienteFormComponent Integration Tests should render form with all required fields":
	  <li
	    class="jasmine-failed"
	    id="spec_spec933"
	    title="ClienteFormComponent Integration Tests should render form with all required fields"
	  />
	
	  Name "ClienteFormComponent Integration Tests should submit form with valid data":
	  <li
	    class="jasmine-failed"
	    id="spec_spec936"
	    title="ClienteFormComponent Integration Tests should submit form with valid data"
	  />
	
	  Name "ClienteFormComponent Integration Tests should show validation errors when submitting empty form":
	  <li
	    class="jasmine-failed"
	    id="spec_spec934"
	    title="ClienteFormComponent Integration Tests should show validation errors when submitting empty form"
	  />
	
	  Name "ClienteFormComponent Integration Tests should handle form input correctly":
	  <li
	    class="jasmine-failed"
	    id="spec_spec935"
	    title="ClienteFormComponent Integration Tests should handle form input correctly"
	  />
	
	  Name "MockApiService Error Simulation should simulate server error":
	  <li
	    class="jasmine-failed"
	    id="spec_spec565"
	    title="MockApiService Error Simulation should simulate server error"
	  />
	
	  Name "MockApiService Error Simulation should simulate validation error":
	  <li
	    class="jasmine-failed"
	    id="spec_spec566"
	    title="MockApiService Error Simulation should simulate validation error"
	  />
	
	  Name "MockApiService Error Simulation should simulate network error":
	  <li
	    class="jasmine-failed"
	    id="spec_spec564"
	    title="MockApiService Error Simulation should simulate network error"
	  />
	
	  Name "MockApiService Error Simulation should simulate timeout error":
	  <li
	    class="jasmine-failed"
	    id="spec_spec567"
	    title="MockApiService Error Simulation should simulate timeout error"
	  />
	
	  Name "MockApiService Error Simulation should simulate unknown error by default":
	  <li
	    class="jasmine-failed"
	    id="spec_spec568"
	    title="MockApiService Error Simulation should simulate unknown error by default"
	  />
	
	  Name "MockApiService Search and Analytics should perform global search with results structure":
	  <li
	    class="jasmine-failed"
	    id="spec_spec562"
	    title="MockApiService Search and Analytics should perform global search with results structure"
	  />
	
	  Name "MockApiService Search and Analytics should get dashboard stats with complete data":
	  <li
	    class="jasmine-failed"
	    id="spec_spec563"
	    title="MockApiService Search and Analytics should get dashboard stats with complete data"
	  />
	
	  Name "MockApiService Business Scenarios API Endpoints should create simulacion scenario with complete data":
	  <li
	    class="jasmine-failed"
	    id="spec_spec561"
	    title="MockApiService Business Scenarios API Endpoints should create simulacion scenario with complete data"
	  />
	
	  Name "MockApiService Business Scenarios API Endpoints should create cotizacion scenario with complete data":
	  <li
	    class="jasmine-failed"
	    id="spec_spec560"
	    title="MockApiService Business Scenarios API Endpoints should create cotizacion scenario with complete data"
	  />
	
	  Name "MockApiService Collective Groups API Endpoints should add member to group with normal network delay":
	  <li
	    class="jasmine-failed"
	    id="spec_spec558"
	    title="MockApiService Collective Groups API Endpoints should add member to group with normal network delay"
	  />
	
	  Name "MockApiService Collective Groups API Endpoints should get collective group by ID with network delay":
	  <li
	    class="jasmine-failed"
	    id="spec_spec557"
	    title="MockApiService Collective Groups API Endpoints should get collective group by ID with network delay"
	  />
	
	  Name "MockApiService Collective Groups API Endpoints should get collective groups with network delay":
	  <li
	    class="jasmine-failed"
	    id="spec_spec556"
	    title="MockApiService Collective Groups API Endpoints should get collective groups with network delay"
	  />
	
	  Name "MockApiService Collective Groups API Endpoints should deliver unit to group with slow network delay":
	  <li
	    class="jasmine-failed"
	    id="spec_spec559"
	    title="MockApiService Collective Groups API Endpoints should deliver unit to group with slow network delay"
	  />
	
	  Name "MockApiService Promise-based Delay Method should delay data using Promise":
	  <li
	    class="jasmine-failed"
	    id="spec_spec578"
	    title="MockApiService Promise-based Delay Method should delay data using Promise"
	  />
	
	  Name "MockApiService Promise-based Delay Method should use default delay if not specified":
	  <li
	    class="jasmine-failed"
	    id="spec_spec579"
	    title="MockApiService Promise-based Delay Method should use default delay if not specified"
	  />
	
	  Name "MockApiService Client API Endpoints should create client with slow network delay":
	  <li
	    class="jasmine-failed"
	    id="spec_spec547"
	    title="MockApiService Client API Endpoints should create client with slow network delay"
	  />
	
	  Name "MockApiService Client API Endpoints should update client with normal network delay":
	  <li
	    class="jasmine-failed"
	    id="spec_spec548"
	    title="MockApiService Client API Endpoints should update client with normal network delay"
	  />
	
	  Name "MockApiService Client API Endpoints should add client event with fast network delay":
	  <li
	    class="jasmine-failed"
	    id="spec_spec549"
	    title="MockApiService Client API Endpoints should add client event with fast network delay"
	  />
	
	  Name "MockApiService Client API Endpoints should get clients with network delay":
	  <li
	    class="jasmine-failed"
	    id="spec_spec544"
	    title="MockApiService Client API Endpoints should get clients with network delay"
	  />
	
	  Name "MockApiService Client API Endpoints should update document status with normal network delay":
	  <li
	    class="jasmine-failed"
	    id="spec_spec550"
	    title="MockApiService Client API Endpoints should update document status with normal network delay"
	  />
	
	  Name "MockApiService Client API Endpoints should get client by ID with network delay":
	  <li
	    class="jasmine-failed"
	    id="spec_spec545"
	    title="MockApiService Client API Endpoints should get client by ID with network delay"
	  />
	
	  Name "MockApiService Client API Endpoints should return null for non-existent client":
	  <li
	    class="jasmine-failed"
	    id="spec_spec546"
	    title="MockApiService Client API Endpoints should return null for non-existent client"
	  />
	
	  Name "MockApiService Network Delay Simulation should handle errors in mockApi":
	  <li
	    class="jasmine-failed"
	    id="spec_spec577"
	    title="MockApiService Network Delay Simulation should handle errors in mockApi"
	  />
	
	  Name "MockApiService Network Delay Simulation should clone data deeply in mockApi":
	  <li
	    class="jasmine-failed"
	    id="spec_spec576"
	    title="MockApiService Network Delay Simulation should clone data deeply in mockApi"
	  />
	
	  Name "MockApiService Network Delay Simulation should use random network delays":
	  <li
	    class="jasmine-failed"
	    id="spec_spec575"
	    title="MockApiService Network Delay Simulation should use random network delays"
	  />
	
	  Name "MockApiService Service Initialization should initialize data on construction":
	  <li
	    class="jasmine-failed"
	    id="spec_spec541"
	    title="MockApiService Service Initialization should initialize data on construction"
	  />
	
	  Name "MockApiService Service Initialization should have correct network simulation configuration":
	  <li
	    class="jasmine-failed"
	    id="spec_spec542"
	    title="MockApiService Service Initialization should have correct network simulation configuration"
	  />
	
	  Name "MockApiService Service Initialization should have correct default delay":
	  <li
	    class="jasmine-failed"
	    id="spec_spec543"
	    title="MockApiService Service Initialization should have correct default delay"
	  />
	
	  Name "MockApiService Service Initialization should be created":
	  <li
	    class="jasmine-failed"
	    id="spec_spec540"
	    title="MockApiService Service Initialization should be created"
	  />
	
	  Name "MockApiService Utility Methods should export data as JSON":
	  <li
	    class="jasmine-failed"
	    id="spec_spec572"
	    title="MockApiService Utility Methods should export data as JSON"
	  />
	
	  Name "MockApiService Utility Methods should simulate file upload":
	  <li
	    class="jasmine-failed"
	    id="spec_spec571"
	    title="MockApiService Utility Methods should simulate file upload"
	  />
	
	  Name "MockApiService Utility Methods should use default JSON format for export":
	  <li
	    class="jasmine-failed"
	    id="spec_spec574"
	    title="MockApiService Utility Methods should use default JSON format for export"
	  />
	
	  Name "MockApiService Utility Methods should export data as CSV":
	  <li
	    class="jasmine-failed"
	    id="spec_spec573"
	    title="MockApiService Utility Methods should export data as CSV"
	  />
	
	  Name "MockApiService Utility Methods should get server time":
	  <li
	    class="jasmine-failed"
	    id="spec_spec570"
	    title="MockApiService Utility Methods should get server time"
	  />
	
	  Name "MockApiService Utility Methods should perform health check":
	  <li
	    class="jasmine-failed"
	    id="spec_spec569"
	    title="MockApiService Utility Methods should perform health check"
	  />
	
	  Name "MockApiService Business Logic Validation should generate unique scenario IDs":
	  <li
	    class="jasmine-failed"
	    id="spec_spec583"
	    title="MockApiService Business Logic Validation should generate unique scenario IDs"
	  />
	
	  Name "MockApiService Business Logic Validation should maintain scenario data consistency":
	  <li
	    class="jasmine-failed"
	    id="spec_spec584"
	    title="MockApiService Business Logic Validation should maintain scenario data consistency"
	  />
	
	  Name "MockApiService Data Service Integration should handle client data service errors":
	  <li
	    class="jasmine-failed"
	    id="spec_spec580"
	    title="MockApiService Data Service Integration should handle client data service errors"
	  />
	
	  Name "MockApiService Data Service Integration should handle collective group data service errors":
	  <li
	    class="jasmine-failed"
	    id="spec_spec582"
	    title="MockApiService Data Service Integration should handle collective group data service errors"
	  />
	
	  Name "MockApiService Data Service Integration should handle ecosystem data service errors":
	  <li
	    class="jasmine-failed"
	    id="spec_spec581"
	    title="MockApiService Data Service Integration should handle ecosystem data service errors"
	  />
	
	  Name "MockApiService Ecosystem API Endpoints should update ecosystem document with normal network delay":
	  <li
	    class="jasmine-failed"
	    id="spec_spec555"
	    title="MockApiService Ecosystem API Endpoints should update ecosystem document with normal network delay"
	  />
	
	  Name "MockApiService Ecosystem API Endpoints should return null for non-existent ecosystem":
	  <li
	    class="jasmine-failed"
	    id="spec_spec553"
	    title="MockApiService Ecosystem API Endpoints should return null for non-existent ecosystem"
	  />
	
	  Name "MockApiService Ecosystem API Endpoints should get ecosystem by ID with network delay":
	  <li
	    class="jasmine-failed"
	    id="spec_spec552"
	    title="MockApiService Ecosystem API Endpoints should get ecosystem by ID with network delay"
	  />
	
	  Name "MockApiService Ecosystem API Endpoints should get ecosystems with network delay":
	  <li
	    class="jasmine-failed"
	    id="spec_spec551"
	    title="MockApiService Ecosystem API Endpoints should get ecosystems with network delay"
	  />
	
	  Name "MockApiService Ecosystem API Endpoints should create ecosystem with slow network delay":
	  <li
	    class="jasmine-failed"
	    id="spec_spec554"
	    title="MockApiService Ecosystem API Endpoints should create ecosystem with slow network delay"
	  />
	
	  Name "Accessibility Testing Framework AccessibilityTester should detect violations in non-compliant component":
	  <li
	    class="jasmine-passed"
	    id="spec_spec4"
	    title="Accessibility Testing Framework AccessibilityTester should detect violations in non-compliant component"
	  />
	
	  Name "Accessibility Testing Framework AccessibilityTester should test individual DOM elements":
	  <li
	    class="jasmine-failed"
	    id="spec_spec5"
	    title="Accessibility Testing Framework AccessibilityTester should test individual DOM elements"
	  />
	
	  Name "Accessibility Testing Framework AccessibilityTester should pass accessibility tests for compliant component":
	  <li
	    class="jasmine-passed"
	    id="spec_spec3"
	    title="Accessibility Testing Framework AccessibilityTester should pass accessibility tests for compliant component"
	  />
	
	  Name "Accessibility Testing Framework AccessibilityTestUtils should generate violation summary":
	  <li
	    class="jasmine-passed"
	    id="spec_spec8"
	    title="Accessibility Testing Framework AccessibilityTestUtils should generate violation summary"
	  />
	
	  Name "Accessibility Testing Framework AccessibilityTestUtils should identify critical violations":
	  <li
	    class="jasmine-passed"
	    id="spec_spec6"
	    title="Accessibility Testing Framework AccessibilityTestUtils should identify critical violations"
	  />
	
	  Name "Accessibility Testing Framework AccessibilityTestUtils should filter violations by impact level":
	  <li
	    class="jasmine-passed"
	    id="spec_spec7"
	    title="Accessibility Testing Framework AccessibilityTestUtils should filter violations by impact level"
	  />
	
	  Name "Accessibility Testing Framework Report Generation should generate comprehensive accessibility report":
	  <li
	    class="jasmine-passed"
	    id="spec_spec9"
	    title="Accessibility Testing Framework Report Generation should generate comprehensive accessibility report"
	  />
	
	  Name "Accessibility Testing Framework Helper Functions should work with testComponentAccessibility helper":
	  <li
	    class="jasmine-passed"
	    id="spec_spec10"
	    title="Accessibility Testing Framework Helper Functions should work with testComponentAccessibility helper"
	  />
	
	  Name "Security settings validation should persist 2FA and encryption toggles and session timeout":
	  <li
	    class="jasmine-passed"
	    id="spec_spec942"
	    title="Security settings validation should persist 2FA and encryption toggles and session timeout"
	  />
	
	  Name "MetaMapService SDK Availability Check should wait for page load when document not ready":
	  <li
	    class="jasmine-passed"
	    id="spec_spec535"
	    title="MetaMapService SDK Availability Check should wait for page load when document not ready"
	  />
	
	  Name "MetaMapService SDK Availability Check should handle server-side rendering (no window object)":
	  <li
	    class="jasmine-pending"
	    id="spec_spec534"
	    title="MetaMapService SDK Availability Check should handle server-side rendering (no window object)"
	  />
	
	  Name "MetaMapService SDK Availability Check should report SDK as unavailable when neither exists":
	  <li
	    class="jasmine-passed"
	    id="spec_spec533"
	    title="MetaMapService SDK Availability Check should report SDK as unavailable when neither exists"
	  />
	
	  Name "MetaMapService SDK Availability Check should detect SDK availability when metamap-button exists":
	  <li
	    class="jasmine-passed"
	    id="spec_spec532"
	    title="MetaMapService SDK Availability Check should detect SDK availability when metamap-button exists"
	  />
	
	  Name "MetaMapService SDK Availability Check should detect SDK availability when Mati object exists":
	  <li
	    class="jasmine-passed"
	    id="spec_spec531"
	    title="MetaMapService SDK Availability Check should detect SDK availability when Mati object exists"
	  />
	
	  Name "MetaMapService KYC Failure Simulation should use default failure reason":
	  <li
	    class="jasmine-passed"
	    id="spec_spec529"
	    title="MetaMapService KYC Failure Simulation should use default failure reason"
	  />
	
	  Name "MetaMapService KYC Failure Simulation should handle client not found in failure simulation":
	  <li
	    class="jasmine-passed"
	    id="spec_spec530"
	    title="MetaMapService KYC Failure Simulation should handle client not found in failure simulation"
	  />
	
	  Name "MetaMapService KYC Failure Simulation should simulate KYC failure":
	  <li
	    class="jasmine-passed"
	    id="spec_spec528"
	    title="MetaMapService KYC Failure Simulation should simulate KYC failure"
	  />
	
	  Name "MetaMapService Edge Cases and Error Handling should handle client without KYC document in completion":
	  <li
	    class="jasmine-passed"
	    id="spec_spec537"
	    title="MetaMapService Edge Cases and Error Handling should handle client without KYC document in completion"
	  />
	
	  Name "MetaMapService Edge Cases and Error Handling should handle exit event without reason":
	  <li
	    class="jasmine-passed"
	    id="spec_spec536"
	    title="MetaMapService Edge Cases and Error Handling should handle exit event without reason"
	  />
	
	  Name "MetaMapService Edge Cases and Error Handling should handle button creation with existing button in container":
	  <li
	    class="jasmine-passed"
	    id="spec_spec539"
	    title="MetaMapService Edge Cases and Error Handling should handle button creation with existing button in container"
	  />
	
	  Name "MetaMapService Edge Cases and Error Handling should handle empty verification data":
	  <li
	    class="jasmine-passed"
	    id="spec_spec538"
	    title="MetaMapService Edge Cases and Error Handling should handle empty verification data"
	  />
	
	  Name "MetaMapService KYC Button Creation should cleanup event listeners on unsubscribe":
	  <li
	    class="jasmine-passed"
	    id="spec_spec512"
	    title="MetaMapService KYC Button Creation should cleanup event listeners on unsubscribe"
	  />
	
	  Name "MetaMapService KYC Button Creation should handle container not found error":
	  <li
	    class="jasmine-passed"
	    id="spec_spec508"
	    title="MetaMapService KYC Button Creation should handle container not found error"
	  />
	
	  Name "MetaMapService KYC Button Creation should create MetaMap button successfully":
	  <li
	    class="jasmine-passed"
	    id="spec_spec507"
	    title="MetaMapService KYC Button Creation should create MetaMap button successfully"
	  />
	
	  Name "MetaMapService KYC Button Creation should emit KYC success event":
	  <li
	    class="jasmine-passed"
	    id="spec_spec509"
	    title="MetaMapService KYC Button Creation should emit KYC success event"
	  />
	
	  Name "MetaMapService KYC Button Creation should emit KYC exit event":
	  <li
	    class="jasmine-passed"
	    id="spec_spec510"
	    title="MetaMapService KYC Button Creation should emit KYC exit event"
	  />
	
	  Name "MetaMapService KYC Button Creation should call optional callback functions":
	  <li
	    class="jasmine-passed"
	    id="spec_spec511"
	    title="MetaMapService KYC Button Creation should call optional callback functions"
	  />
	
	  Name "MetaMapService KYC Prerequisites Validation should detect missing INE document":
	  <li
	    class="jasmine-passed"
	    id="spec_spec518"
	    title="MetaMapService KYC Prerequisites Validation should detect missing INE document"
	  />
	
	  Name "MetaMapService KYC Prerequisites Validation should validate prerequisites for ready client":
	  <li
	    class="jasmine-passed"
	    id="spec_spec517"
	    title="MetaMapService KYC Prerequisites Validation should validate prerequisites for ready client"
	  />
	
	  Name "MetaMapService KYC Prerequisites Validation should detect already completed KYC":
	  <li
	    class="jasmine-passed"
	    id="spec_spec520"
	    title="MetaMapService KYC Prerequisites Validation should detect already completed KYC"
	  />
	
	  Name "MetaMapService KYC Prerequisites Validation should detect missing comprobante de domicilio":
	  <li
	    class="jasmine-passed"
	    id="spec_spec519"
	    title="MetaMapService KYC Prerequisites Validation should detect missing comprobante de domicilio"
	  />
	
	  Name "MetaMapService KYC Prerequisites Validation should detect multiple missing documents":
	  <li
	    class="jasmine-passed"
	    id="spec_spec521"
	    title="MetaMapService KYC Prerequisites Validation should detect multiple missing documents"
	  />
	
	  Name "MetaMapService Service Initialization should be created":
	  <li
	    class="jasmine-passed"
	    id="spec_spec504"
	    title="MetaMapService Service Initialization should be created"
	  />
	
	  Name "MetaMapService Service Initialization should not reload SDK if already present":
	  <li
	    class="jasmine-passed"
	    id="spec_spec506"
	    title="MetaMapService Service Initialization should not reload SDK if already present"
	  />
	
	  Name "MetaMapService Service Initialization should initialize MetaMap SDK on creation":
	  <li
	    class="jasmine-passed"
	    id="spec_spec505"
	    title="MetaMapService Service Initialization should initialize MetaMap SDK on creation"
	  />
	
	  Name "MetaMapService KYC Completion should handle database update errors":
	  <li
	    class="jasmine-passed"
	    id="spec_spec516"
	    title="MetaMapService KYC Completion should handle database update errors"
	  />
	
	  Name "MetaMapService KYC Completion should cap health score at 100":
	  <li
	    class="jasmine-passed"
	    id="spec_spec515"
	    title="MetaMapService KYC Completion should cap health score at 100"
	  />
	
	  Name "MetaMapService KYC Completion should complete KYC successfully":
	  <li
	    class="jasmine-passed"
	    id="spec_spec513"
	    title="MetaMapService KYC Completion should complete KYC successfully"
	  />
	
	  Name "MetaMapService KYC Completion should handle client not found error":
	  <li
	    class="jasmine-passed"
	    id="spec_spec514"
	    title="MetaMapService KYC Completion should handle client not found error"
	  />
	
	  Name "MetaMapService KYC Status Reporting should report prerequisites_missing status":
	  <li
	    class="jasmine-passed"
	    id="spec_spec526"
	    title="MetaMapService KYC Status Reporting should report prerequisites_missing status"
	  />
	
	  Name "MetaMapService KYC Status Reporting should report in_progress status":
	  <li
	    class="jasmine-passed"
	    id="spec_spec525"
	    title="MetaMapService KYC Status Reporting should report in_progress status"
	  />
	
	  Name "MetaMapService KYC Status Reporting should report ready status":
	  <li
	    class="jasmine-passed"
	    id="spec_spec522"
	    title="MetaMapService KYC Status Reporting should report ready status"
	  />
	
	  Name "MetaMapService KYC Status Reporting should report not_started for client without KYC document":
	  <li
	    class="jasmine-passed"
	    id="spec_spec527"
	    title="MetaMapService KYC Status Reporting should report not_started for client without KYC document"
	  />
	
	  Name "MetaMapService KYC Status Reporting should report failed status with retry option":
	  <li
	    class="jasmine-passed"
	    id="spec_spec524"
	    title="MetaMapService KYC Status Reporting should report failed status with retry option"
	  />
	
	  Name "MetaMapService KYC Status Reporting should report completed status":
	  <li
	    class="jasmine-passed"
	    id="spec_spec523"
	    title="MetaMapService KYC Status Reporting should report completed status"
	  />
	
	  Name "DocumentsPhaseComponent should prevent submission when form is invalid":
	  <li
	    class="jasmine-passed"
	    id="spec_spec858"
	    title="DocumentsPhaseComponent should prevent submission when form is invalid"
	  />
	
	  Name "DocumentsPhaseComponent should detect when required documents are uploaded":
	  <li
	    class="jasmine-passed"
	    id="spec_spec853"
	    title="DocumentsPhaseComponent should detect when required documents are uploaded"
	  />
	
	  Name "DocumentsPhaseComponent should complete documents phase when form is valid":
	  <li
	    class="jasmine-passed"
	    id="spec_spec854"
	    title="DocumentsPhaseComponent should complete documents phase when form is valid"
	  />
	
	  Name "DocumentsPhaseComponent should navigate to plates phase on success":
	  <li
	    class="jasmine-passed"
	    id="spec_spec855"
	    title="DocumentsPhaseComponent should navigate to plates phase on success"
	  />
	
	  Name "DocumentsPhaseComponent should create":
	  <li
	    class="jasmine-passed"
	    id="spec_spec850"
	    title="DocumentsPhaseComponent should create"
	  />
	
	  Name "DocumentsPhaseComponent should format file size correctly":
	  <li
	    class="jasmine-passed"
	    id="spec_spec856"
	    title="DocumentsPhaseComponent should format file size correctly"
	  />
	
	  Name "DocumentsPhaseComponent should initialize form with default values":
	  <li
	    class="jasmine-passed"
	    id="spec_spec851"
	    title="DocumentsPhaseComponent should initialize form with default values"
	  />
	
	  Name "DocumentsPhaseComponent should validate required fields":
	  <li
	    class="jasmine-passed"
	    id="spec_spec852"
	    title="DocumentsPhaseComponent should validate required fields"
	  />
	
	  Name "DocumentsPhaseComponent should calculate validation errors correctly":
	  <li
	    class="jasmine-passed"
	    id="spec_spec857"
	    title="DocumentsPhaseComponent should calculate validation errors correctly"
	  />
	
	  Name "LoginComponent Integration Tests should enable submit button when form is valid":
	  <li
	    class="jasmine-failed"
	    id="spec_spec912"
	    title="LoginComponent Integration Tests should enable submit button when form is valid"
	  />
	
	  Name "LoginComponent Integration Tests should toggle password visibility":
	  <li
	    class="jasmine-passed"
	    id="spec_spec914"
	    title="LoginComponent Integration Tests should toggle password visibility"
	  />
	
	  Name "LoginComponent Integration Tests should have proper accessibility attributes":
	  <li
	    class="jasmine-passed"
	    id="spec_spec915"
	    title="LoginComponent Integration Tests should have proper accessibility attributes"
	  />
	
	  --------------------------------------------------heading:
	
	  Name "Centro de Comando":
	  <h1
	    _ngcontent-a-c3214690901=""
	    class="text-gradient-primary"
	  />
	
	  --------------------------------------------------
	  paragraph:
	
	  Name "":
	  <p
	    _ngcontent-a-c3214690901=""
	    class="brand-subtitle"
	  />
	
	  Name "":
	  <p
	    _ngcontent-a-c3214690901=""
	    class="register-text"
	  />
	
	  --------------------------------------------------
	  textbox:
	
	  Name "📧 Correo Electrónico":
	  <input
	    _ngcontent-a-c3214690901=""
	    class="premium-input ng-untouched ng-pristine ng-invalid"
	    formcontrolname="email"
	    id="email"
	    ng-reflect-name="email"
	    placeholder="ricardo.montoya@cmu.com"
	    type="email"
	  />
	
	  --------------------------------------------------
	  button:
	
	  Name "🙈":
	  <button
	    _ngcontent-a-c3214690901=""
	    class="password-toggle-premium"
	    type="button"
	  />
	
	  Name "¿Olvidaste tu contraseña?":
	  <button
	    _ngcontent-a-c3214690901=""
	    class="forgot-password"
	    type="button"
	  />
	
	  Name "➡️ Acceder al Cockpit":
	  <button
	    _ngcontent-a-c3214690901=""
	    class="btn-primary command-center-btn"
	    disabled=""
	    type="submit"
	  />
	
	  --------------------------------------------------
	  checkbox:
	
	  Name "Recordarme":
	  <input
	    _ngcontent-a-c3214690901=""
	    class="ng-untouched ng-pristine ng-valid"
	    formcontrolname="rememberMe"
	    ng-reflect-name="rememberMe"
	    type="checkbox"
	  />
	
	  --------------------------------------------------
	  link:
	
	  Name "Activar Cuenta":
	  <a
	    _ngcontent-a-c3214690901=""
	    class="premium-link"
	    href="/register"
	  />
	
	  --------------------------------------------------
	
	Ignored nodes: comments, script, style
	<body>
	  
	    
	  
	    
	  
	    
	  
	    
	  
	    
	  
	    
	  
	    
	  
	
	  
	
	  
	
	  
	
	  
	
	  <link
	    crossorigin="anonymous"
	    href="node_modules/jasmine-core/lib/jasmine-core/jasmine.css"
	    rel="stylesheet"
	    type="text/css"
	  />
	  
	
	  
	
	  
	
	  <div
	    class="jasmine_html-reporter"
	  >
	    <div
	      class="jasmine-banner"
	    >
	      <a
	        class="jasmine-title"
	        href="http://jasmine.github.io/"
	        target="_blank"
	      />
	      <span
	        class="jasmine-version"
	      >
	        4.6.1
	      </span>
	    </div>
	    <ul
	      class="jasmine-symbol-summary"
	    >
	      <li
	        class="jasmine-passed"
	        id="spec_spec670"
	        title="PostSalesApiService getPostSalesRecord should return null for non-existent VIN"
	      />
	      <li
	        class="jasmine-failed"
	        id="spec_spec669"
	        title="PostSalesApiService getPostSalesRecord should retrieve post-sales record by VIN"
	      />
	      <li
	        class="jasmine-passed"
	        id="spec_spec667"
	        title="PostSalesApiService sendVehicleDeliveredEvent should send vehicle delivered event successfully"
	      />
	      <li
	        class="jasmine-passed"
	        id="spec_spec668"
	        title="PostSalesApiService sendVehicleDeliveredEvent should handle error when sending vehicle delivered event"
	      />
	      <li
	        class="jasmine-failed"
	        id="spec_spec671"
	        title="PostSalesApiService scheduleMaintenanceService should schedule maintenance service successfully"
	      />
	      <li
	        class="jasmine-passed"
	        id="spec_spec666"
	        title="PostSalesApiService should be created"
	      />
	      <li
	        class="jasmine-failed"
	        id="spec_spec672"
	        title="PostSalesApiService recordClientContact should record client contact successfully"
	      />
	      <li
	        class="jasmine-passed"
	        id="spec_spec277"
	        title="CotizadorEngineService Quote Generation with Package should determine client type from package data"
	      />
	      <li
	        class="jasmine-passed"
	        id="spec_spec278"
	        title="CotizadorEngineService Quote Generation with Package should handle direct sale (rate = 0)"
	      />
	      <li
	        class="jasmine-passed"
	        id="spec_spec275"
	        title="CotizadorEngineService Quote Generation with Package should generate quote with minimum down payment"
	      />
	      <li
	        class="jasmine-passed"
	        id="spec_spec276"
	        title="CotizadorEngineService Quote Generation with Package should generate quote with custom down payment"
	      />
	      <li
	        class="jasmine-passed"
	        id="spec_spec267"
	        title="CotizadorEngineService Package Price Calculation should handle 60-month terms correctly"
	      />
	      <li
	        class="jasmine-passed"
	        id="spec_spec266"
	        title="CotizadorEngineService Package Price Calculation should multiply term-based components by years"
	      />
	      <li
	        class="jasmine-passed"
	        id="spec_spec269"
	        title="CotizadorEngineService Package Price Calculation should handle package with no components"
	      />
	      <li
	        class="jasmine-passed"
	        id="spec_spec268"
	        title="CotizadorEngineService Package Price Calculation should skip optional components not selected"
	      />
	      <li
	        class="jasmine-passed"
	        id="spec_spec265"
	        title="CotizadorEngineService Package Price Calculation should calculate package price with selected optionals"
	      />
	      <li
	        class="jasmine-passed"
	        id="spec_spec264"
	        title="CotizadorEngineService Package Price Calculation should calculate basic package price without optionals"
	      />
	      <li
	        class="jasmine-passed"
	        id="spec_spec279"
	        title="CotizadorEngineService Legacy Quote Generation should generate basic quote"
	      />
	      <li
	        class="jasmine-passed"
	        id="spec_spec272"
	        title="CotizadorEngineService Balance Calculations should return zero when all payments made"
	      />
	      <li
	        class="jasmine-passed"
	        id="spec_spec273"
	        title="CotizadorEngineService Balance Calculations should handle no payments made"
	      />
	      <li
	        class="jasmine-passed"
	        id="spec_spec270"
	        title="CotizadorEngineService Balance Calculations should calculate balance for zero interest loan"
	      />
	      <li
	        class="jasmine-failed"
	        id="spec_spec271"
	        title="CotizadorEngineService Balance Calculations should calculate balance for interest-bearing loan"
	      />
	      <li
	        class="jasmine-passed"
	        id="spec_spec274"
	        title="CotizadorEngineService Balance Calculations should handle edge case with zero principal"
	      />
	      <li
	        class="jasmine-passed"
	        id="spec_spec280"
	        title="CotizadorEngineService Amortization Table Generation should generate complete amortization table"
	      />
	      <li
	        class="jasmine-passed"
	        id="spec_spec281"
	        title="CotizadorEngineService Amortization Table Generation should have decreasing balance over time"
	      />
	      <li
	        class="jasmine-passed"
	        id="spec_spec293"
	        title="CotizadorEngineService Market-Specific Business Rules should apply EdoMex collective rules"
	      />
	      <li
	        class="jasmine-passed"
	        id="spec_spec294"
	        title="CotizadorEngineService Market-Specific Business Rules should use fallback rules for unknown market"
	      />
	      <li
	        class="jasmine-passed"
	        id="spec_spec292"
	        title="CotizadorEngineService Market-Specific Business Rules should apply EdoMex individual rules"
	      />
	      <li
	        class="jasmine-passed"
	        id="spec_spec291"
	        title="CotizadorEngineService Market-Specific Business Rules should apply Aguascalientes rules"
	      />
	      <li
	        class="jasmine-passed"
	        id="spec_spec288"
	        title="CotizadorEngineService Configuration Validation should validate EdoMex collective requirements"
	      />
	      <li
	        class="jasmine-passed"
	        id="spec_spec285"
	        title="CotizadorEngineService Configuration Validation should reject zero or negative price"
	      />
	      <li
	        class="jasmine-passed"
	        id="spec_spec283"
	        title="CotizadorEngineService Configuration Validation should reject insufficient down payment"
	      />
	      <li
	        class="jasmine-passed"
	        id="spec_spec282"
	        title="CotizadorEngineService Configuration Validation should validate correct configuration"
	      />
	      <li
	        class="jasmine-passed"
	        id="spec_spec284"
	        title="CotizadorEngineService Configuration Validation should reject invalid term"
	      />
	      <li
	        class="jasmine-passed"
	        id="spec_spec287"
	        title="CotizadorEngineService Configuration Validation should validate EdoMex individual requirements"
	      />
	      <li
	 ...
	TestingLibraryElementError: Unable to find an accessible element with the role "button" and name `/iniciar sesión/i`
	Here are the accessible roles:
	  link:
	  Name "":
	  <a
	    class="jasmine-title"
	    href="http://jasmine.github.io/"
	    target="_blank"
	  />
	  --------------------------------------------------
	  list:
	  Name "":
	  <ul
	    class="jasmine-symbol-summary"
	  />
	  --------------------------------------------------
	  listitem:
	  Name "PostSalesApiService getPostSalesRecord should return null for non-existent VIN":
	  <li
	    class="jasmine-passed"
	    id="spec_spec670"
	    title="PostSalesApiService getPostSalesRecord should return null for non-existent VIN"
	  />
	  Name "PostSalesApiService getPostSalesRecord should retrieve post-sales record by VIN":
	  <li
	    class="jasmine-failed"
	    id="spec_spec669"
	    title="PostSalesApiService getPostSalesRecord should retrieve post-sales record by VIN"
	  />
	  Name "PostSalesApiService sendVehicleDeliveredEvent should send vehicle delivered event successfully":
	  <li
	    class="jasmine-passed"
	    id="spec_spec667"
	    title="PostSalesApiService sendVehicleDeliveredEvent should send vehicle delivered event successfully"
	  />
	  Name "PostSalesApiService sendVehicleDeliveredEvent should handle error when sending vehicle delivered event":
	  <li
	    class="jasmine-passed"
	    id="spec_spec668"
	    title="PostSalesApiService sendVehicleDeliveredEvent should handle error when sending vehicle delivered event"
	  />
	  Name "PostSalesApiService scheduleMaintenanceService should schedule maintenance service successfully":
	  <li
	    class="jasmine-failed"
	    id="spec_spec671"
	    title="PostSalesApiService scheduleMaintenanceService should schedule maintenance service successfully"
	  />
	  Name "PostSalesApiService should be created":
	  <li
	    class="jasmine-passed"
	    id="spec_spec666"
	    title="PostSalesApiService should be created"
	  />
	  Name "PostSalesApiService recordClientContact should record client contact successfully":
	  <li
	    class="jasmine-failed"
	    id="spec_spec672"
	    title="PostSalesApiService recordClientContact should record client contact successfully"
	  />
	  Name "CotizadorEngineService Quote Generation with Package should determine client type from package data":
	  <li
	    class="jasmine-passed"
	    id="spec_spec277"
	    title="CotizadorEngineService Quote Generation with Package should determine client type from package data"
	  />
	  Name "CotizadorEngineService Quote Generation with Package should handle direct sale (rate = 0)":
	  <li
	    class="jasmine-passed"
	    id="spec_spec278"
	    title="CotizadorEngineService Quote Generation with Package should handle direct sale (rate = 0)"
	  />
	  Name "CotizadorEngineService Quote Generation with Package should generate quote with minimum down payment":
	  <li
	    class="jasmine-passed"
	    id="spec_spec275"
	    title="CotizadorEngineService Quote Generation with Package should generate quote with minimum down payment"
	  />
	  Name "CotizadorEngineService Quote Generation with Package should generate quote with custom down payment":
	  <li
	    class="jasmine-passed"
	    id="spec_spec276"
	    title="CotizadorEngineService Quote Generation with Package should generate quote with custom down payment"
	  />
	  Name "CotizadorEngineService Package Price Calculation should handle 60-month terms correctly":
	  <li
	    class="jasmine-passed"
	    id="spec_spec267"
	    title="CotizadorEngineService Package Price Calculation should handle 60-month terms correctly"
	  />
	  Name "CotizadorEngineService Package Price Calculation should multiply term-based components by years":
	  <li
	    class="jasmine-passed"
	    id="spec_spec266"
	    title="CotizadorEngineService Package Price Calculation should multiply term-based components by years"
	  />
	  Name "CotizadorEngineService Package Price Calculation should handle package with no components":
	  <li
	    class="jasmine-passed"
	    id="spec_spec269"
	    title="CotizadorEngineService Package Price Calculation should handle package with no components"
	  />
	  Name "CotizadorEngineService Package Price Calculation should skip optional components not selected":
	  <li
	    class="jasmine-passed"
	    id="spec_spec268"
	    title="CotizadorEngineService Package Price Calculation should skip optional components not selected"
	  />
	  Name "CotizadorEngineService Package Price Calculation should calculate package price with selected optionals":
	  <li
	    class="jasmine-passed"
	    id="spec_spec265"
	    title="CotizadorEngineService Package Price Calculation should calculate package price with selected optionals"
	  />
	  Name "CotizadorEngineService Package Price Calculation should calculate basic package price without optionals":
	  <li
	    class="jasmine-passed"
	    id="spec_spec264"
	    title="CotizadorEngineService Package Price Calculation should calculate basic package price without optionals"
	  />
	  Name "CotizadorEngineService Legacy Quote Generation should generate basic quote":
	  <li
	    class="jasmine-passed"
	    id="spec_spec279"
	    title="CotizadorEngineService Legacy Quote Generation should generate basic quote"
	  />
	  Name "CotizadorEngineService Balance Calculations should return zero when all payments made":
	  <li
	    class="jasmine-passed"
	    id="spec_spec272"
	    title="CotizadorEngineService Balance Calculations should return zero when all payments made"
	  />
	  Name "CotizadorEngineService Balance Calculations should handle no payments made":
	  <li
	    class="jasmine-passed"
	    id="spec_spec273"
	    title="CotizadorEngineService Balance Calculations should handle no payments made"
	  />
	  Name "CotizadorEngineService Balance Calculations should calculate balance for zero interest loan":
	  <li
	    class="jasmine-passed"
	    id="spec_spec270"
	    title="CotizadorEngineService Balance Calculations should calculate balance for zero interest loan"
	  />
	  Name "CotizadorEngineService Balance Calculations should calculate balance for interest-bearing loan":
	  <li
	    class="jasmine-failed"
	    id="spec_spec271"
	    title="CotizadorEngineService Balance Calculations should calculate balance for interest-bearing loan"
	  />
	  Name "CotizadorEngineService Balance Calculations should handle edge case with zero principal":
	  <li
	    class="jasmine-passed"
	    id="spec_spec274"
	    title="CotizadorEngineService Balance Calculations should handle edge case with zero principal"
	  />
	  Name "CotizadorEngineService Amortization Table Generation should generate complete amortization table":
	  <li
	    class="jasmine-passed"
	    id="spec_spec280"
	    title="CotizadorEngineService Amortization Table Generation should generate complete amortization table"
	  />
	  Name "CotizadorEngineService Amortization Table Generation should have decreasing balance over time":
	  <li
	    class="jasmine-passed"
	    id="spec_spec281"
	    title="CotizadorEngineService Amortization Table Generation should have decreasing balance over time"
	  />
	  Name "CotizadorEngineService Market-Specific Business Rules should apply EdoMex collective rules":
	  <li
	    class="jasmine-passed"
	    id="spec_spec293"
	    title="CotizadorEngineService Market-Specific Business Rules should apply EdoMex collective rules"
	  />
	  Name "CotizadorEngineService Market-Specific Business Rules should use fallback rules for unknown market":
	  <li
	    class="jasmine-passed"
	    id="spec_spec294"
	    title="CotizadorEngineService Market-Specific Business Rules should use fallback rules for unknown market"
	  />
	  Name "CotizadorEngineService Market-Specific Business Rules should apply EdoMex individual rules":
	  <li
	    class="jasmine-passed"
	    id="spec_spec292"
	    title="CotizadorEngineService Market-Specific Business Rules should apply EdoMex individual rules"
	  />
	  Name "CotizadorEngineService Market-Specific Business Rules should apply Aguascalientes rules":
	  <li
	    class="jasmine-passed"
	    id="spec_spec291"
	    title="CotizadorEngineService Market-Specific Business Rules should apply Aguascalientes rules"
	  />
	  Name "CotizadorEngineService Configuration Validation should validate EdoMex collective requirements":
	  <li
	    class="jasmine-passed"
	    id="spec_spec288"
	    title="CotizadorEngineService Configuration Validation should validate EdoMex collective requirements"
	  />
	  Name "CotizadorEngineService Configuration Validation should reject zero or negative price":
	  <li
	    class="jasmine-passed"
	    id="spec_spec285"
	    title="CotizadorEngineService Configuration Validation should reject zero or negative price"
	  />
	  Name "CotizadorEngineService Configuration Validation should reject insufficient down payment":
	  <li
	    class="jasmine-passed"
	    id="spec_spec283"
	    title="CotizadorEngineService Configuration Validation should reject insufficient down payment"
	  />
	  Name "CotizadorEngineService Configuration Validation should validate correct configuration":
	  <li
	    class="jasmine-passed"
	    id="spec_spec282"
	    title="CotizadorEngineService Configuration Validation should validate correct configuration"
	  />
	  Name "CotizadorEngineService Configuration Validation should reject invalid term":
	  <li
	    class="jasmine-passed"
	    id="spec_spec284"
	    title="CotizadorEngineService Configuration Validation should reject invalid term"
	  />
	  Name "CotizadorEngineService Configuration Validation should validate EdoMex individual requirements":
	  <li
	    class="jasmine-passed"
	    id="spec_spec287"
	    title="CotizadorEngineService Configuration Validation should validate EdoMex individual requirements"
	  />
	  Name "CotizadorEngineService Configuration Validation should reject down payment equal to total price":
	  <li
	    class="jasmine-passed"
	    id="spec_spec286"
	    title="CotizadorEngineService Configuration Validation should reject down payment equal to total price"
	  />
	  Name "CotizadorEngineService Financial Summary Calculations should calculate total interest":
	  <li
	    class="jasmine-passed"
	    id="spec_spec289"
	    title="CotizadorEngineService Financial Summary Calculations should calculate total interest"
	  />
	  Name "CotizadorEngineService Financial Summary Calculations should generate financial summary":
	  <li
	    class="jasmine-passed"
	    id="spec_spec290"
	    title="CotizadorEngineService Financial Summary Calculations should generate financial summary"
	  />
	  Name "CotizadorEngineService Product Package Management should get EdoMex colectivo package":
	  <li
	    class="jasmine-passed"
	    id="spec_spec261"
	    title="CotizadorEngineService Product Package Management should get EdoMex colectivo package"
	  />
	  Name "CotizadorEngineService Product Package Management should get Aguascalientes plazo package":
	  <li
	    class="jasmine-passed"
	    id="spec_spec260"
	    title="CotizadorEngineService Product Package Management should get Aguascalientes plazo package"
	  />
	  Name "CotizadorEngineService Product Package Management should handle unknown market gracefully":
	  <li
	    class="jasmine-passed"
	    id="spec_spec263"
	    title="CotizadorEngineService Product Package Management should handle unknown market gracefully"
	  />
	  Name "CotizadorEngineService Product Package Management should get EdoMex directa package":
	  <li
	    class="jasmine-passed"
	    id="spec_spec262"
	    title="CotizadorEngineService Product Package Management should get EdoMex directa package"
	  />
	  Name "CotizadorEngineService Service Initialization should be created":
	  <li
	    class="jasmine-passed"
	    id="spec_spec259"
	    title="CotizadorEngineService Service Initialization should be created"
	  />
	  Name "PerformanceConfigService should merge profile-specific overrides":
	  <li
	    class="jasmine-passed"
	    id="spec_spec664"
	    title="PerformanceConfigService should merge profile-specific overrides"
	  />
	  Name "PerformanceConfigService getDelay/getTimeout should return numeric values from profile or defaults":
	  <li
	    class="jasmine-passed"
	    id="spec_spec665"
	    title="PerformanceConfigService getDelay/getTimeout should return numeric values from profile or defaults"
	  />
	  Name "PerformanceConfigService should override defaults with provided config":
	  <li
	    class="jasmine-passed"
	    id="spec_spec663"
	    title="PerformanceConfigService should override defaults with provided config"
	  />
	  Name "PerformanceConfigService should return defaults when no config provided":
	  <li
	    class="jasmine-passed"
	    id="spec_spec662"
	    title="PerformanceConfigService should return defaults when no config provided"
	  />
	  Name "SimuladorEngineService Service Initialization should be created":
	  <li
	    class="jasmine-passed"
	    id="spec_spec720"
	    title="SimuladorEngineService Service Initialization should be created"
	  />
	  Name "SimuladorEngineService Senior-First Formatting should format scenario summary for seniors":
	  <li
	    class="jasmine-passed"
	    id="spec_spec743"
	    title="SimuladorEngineService Senior-First Formatting should format scenario summary for seniors"
	  />
	  Name "SimuladorEngineService Senior-First Formatting should format key numbers correctly":
	  <li
	    class="jasmine-passed"
	    id="spec_spec744"
	    title="SimuladorEngineService Senior-First Formatting should format key numbers correctly"
	  />
	  Name "SimuladorEngineService Senior-First Formatting should limit timeline to first 5 events":
	  <li
	    class="jasmine-passed"
	    id="spec_spec746"
	    title="SimuladorEngineService Senior-First Formatting should limit timeline to first 5 events"
	  />
	  Name "SimuladorEngineService Senior-First Formatting should format timeline with limited events":
	  <li
	    class="jasmine-passed"
	    id="spec_spec745"
	    title="SimuladorEngineService Senior-First Formatting should format timeline with limited events"
	  />
	  Name "SimuladorEngineService Edge Cases and Error Handling should handle very large target amounts":
	  <li
	    class="jasmine-passed"
	    id="spec_spec749"
	    title="SimuladorEngineService Edge Cases and Error Handling should handle very large target amounts"
	  />
	  Name "SimuladorEngineService Edge Cases and Error Handling should handle zero consumption in individual scenario":
	  <li
	    class="jasmine-passed"
	    id="spec_spec748"
	    title="SimuladorEngineService Edge Cases and Error Handling should handle zero consumption in individual scenario"
	  />
	  Name "SimuladorEngineService Edge Cases and Error Handling should handle zero target amount in AGS scenario":
	  <li
	    class="jasmine-passed"
	    id="spec_spec747"
	    title="SimuladorEngineService Edge Cases and Error Handling should handle zero target amount in AGS scenario"
	  />
	  Name "SimuladorEngineService Edge Cases and Error Handling should handle zero member count in collective scenario":
	  <li
	    class="jasmine-passed"
	    id="spec_spec750"
	    title="SimuladorEngineService Edge Cases and Error Handling should handle zero member count in collective scenario"
	  />
	  Name "SimuladorEngineService EdoMex Individual Scenario should calculate months to target correctly":
	  <li
	    class="jasmine-passed"
	    id="spec_spec727"
	    title="SimuladorEngineService EdoMex Individual Scenario should calculate months to target correctly"
	  />
	  Name "SimuladorEngineService EdoMex Individual Scenario should generate individual savings scenario":
	  <li
	    class="jasmine-passed"
	    id="spec_spec726"
	    title="SimuladorEngineService EdoMex Individual Scenario should generate individual savings scenario"
	  />
	  Name "SimuladorEngineService EdoMex Individual Scenario should handle zero voluntary contribution":
	  <li
	    class="jasmine-passed"
	    id="spec_spec729"
	    title="SimuladorEngineService EdoMex Individual Scenario should handle zero voluntary contribution"
	  />
	  Name "SimuladorEngineService EdoMex Individual Scenario should generate progressive balance projection":
	  <li
	    class="jasmine-passed"
	    id="spec_spec728"
	    title="SimuladorEngineService EdoMex Individual Scenario should generate progressive balance projection"
	  />
	  Name "SimuladorEngineService EdoMex Individual Scenario should create timeline with milestone":
	  <li
	    class="jasmine-passed"
	    id="spec_spec730"
	    title="SimuladorEngineService EdoMex Individual Scenario should create timeline with milestone"
	  />
	  Name "SimuladorEngineService EdoMex Collective Scenario should use first award timing from tanda simulation":
	  <li
	    class="jasmine-passed"
	    id="spec_spec734"
	    title="SimuladorEngineService EdoMex Collective Scenario should use first award timing from tanda simulation"
	  />
	  Name "SimuladorEngineService EdoMex Collective Scenario should handle missing first award timing":
	  <li
	    class="jasmine-passed"
	    id="spec_spec735"
	    title="SimuladorEngineService EdoMex Collective Scenario should handle missing first award timing"
	  />
	  Name "SimuladorEngineService EdoMex Collective Scenario should calculate total savings target based on member count":
	  <li
	    class="jasmine-passed"
	    id="spec_spec733"
	    title="SimuladorEngineService EdoMex Collective Scenario should calculate total savings target based on member count"
	  />
	  Name "SimuladorEngineService EdoMex Collective Scenario should generate collective scenario with tanda integration":
	  <li
	    class="jasmine-passed"
	    id="spec_spec731"
	    title="SimuladorEngineService EdoMex Collective Scenario should generate collective scenario with tanda integration"
	  />
	  Name "SimuladorEngineService EdoMex Collective Scenario should calculate individual contributions correctly":
	  <li
	    class="jasmine-passed"
	    id="spec_spec732"
	    title="SimuladorEngineService EdoMex Collective Scenario should calculate individual contributions correctly"
	  />
	  Name "SimuladorEngineService Scenario Optimization should optimize AGS liquidation scenario":
	  <li
	    class="jasmine-passed"
	    id="spec_spec736"
	    title="SimuladorEngineService Scenario Optimization should optimize AGS liquidation scenario"
	  />
	  Name "SimuladorEngineService Scenario Optimization should optimize EdoMex collective scenario":
	  <li
	    class="jasmine-passed"
	    id="spec_spec738"
	    title="SimuladorEngineService Scenario Optimization should optimize EdoMex collective scenario"
	  />
	  Name "SimuladorEngineService Scenario Optimization should handle unknown scenario type":
	  <li
	    class="jasmine-passed"
	    id="spec_spec739"
	    title="SimuladorEngineService Scenario Optimization should handle unknown scenario type"
	  />
	  Name "SimuladorEngineService Scenario Optimization should optimize EdoMex individual scenario":
	  <li
	    class="jasmine-passed"
	    id="spec_spec737"
	    title="SimuladorEngineService Scenario Optimization should optimize EdoMex individual scenario"
	  />
	  Name "SimuladorEngineService Comparison Scenarios should handle empty variations array":
	  <li
	    class="jasmine-passed"
	    id="spec_spec742"
	    title="SimuladorEngineService Comparison Scenarios should handle empty variations array"
	  />
	  Name "SimuladorEngineService Comparison Scenarios should preserve other parameters when varying specific ones":
	  <li
	    class="jasmine-passed"
	    id="spec_spec741"
	    title="SimuladorEngineService Comparison Scenarios should preserve other parameters when varying specific ones"
	  />
	  Name "SimuladorEngineService Comparison Scenarios should generate comparison scenarios with parameter variations":
	  <li
	    class="jasmine-passed"
	    id="spec_spec740"
	    title="SimuladorEngineService Comparison Scenarios should generate comparison scenarios with parameter variations"
	  />
	  Name "SimuladorEngineService AGS Liquidation Scenario should handle single plate scenario":
	  <li
	    class="jasmine-passed"
	    id="spec_spec725"
	    title="SimuladorEngineService AGS Liquidation Scenario should handle single plate scenario"
	  />
	  Name "SimuladorEngineService AGS Liquidation Scenario should handle zero consumption scenario":
	  <li
	    class="jasmine-passed"
	    id="spec_spec724"
	    title="SimuladorEngineService AGS Liquidation Scenario should handle zero consumption scenario"
	  />
	  Name "SimuladorEngineService AGS Liquidation Scenario should generate basic liquidation scenario":
	  <li
	    class="jasmine-passed"
	    id="spec_spec721"
	    title="SimuladorEngineService AGS Liquidation Scenario should generate basic liquidation scenario"
	  />
	  Name "SimuladorEngineService AGS Liquidation Scenario should generate timeline events correctly":
	  <li
	    class="jasmine-passed"
	    id="spec_spec723"
	    title="SimuladorEngineService AGS Liquidation Scenario should generate timeline events correctly"
	  />
	  Name "SimuladorEngineService AGS Liquidation Scenario should calculate projected balance correctly":
	  <li
	    class="jasmine-passed"
	    id="spec_spec722"
	    title="SimuladorEngineService AGS Liquidation Scenario should calculate projected balance correctly"
	  />
	  Name "OnboardingEngineService should call updateClient with id and updated object on reviewDocument":
	  <li
	    class="jasmine-passed"
	    id="spec_spec661"
	    title="OnboardingEngineService should call updateClient with id and updated object on reviewDocument"
	  />
	  Name "OnboardingEngineService should call updateClient with id and updated object on document submission":
	  <li
	    class="jasmine-passed"
	    id="spec_spec660"
	    title="OnboardingEngineService should call updateClient with id and updated object on document submission"
	  />
	  Name "ClienteFormComponent should validate phone format":
	  <li
	    class="jasmine-failed"
	    id="spec_spec921"
	    title="ClienteFormComponent should validate phone format"
	  />
	  Name "ClienteFormComponent should validate email format":
	  <li
	    class="jasmine-failed"
	    id="spec_spec920"
	    title="ClienteFormComponent should validate email format"
	  />
	  Name "ClienteFormComponent should handle API error during client creation":
	  <li
	    class="jasmine-failed"
	    id="spec_spec926"
	    title="ClienteFormComponent should handle API error during client creation"
	  />
	  Name "ClienteFormComponent should create":
	  <li
	    class="jasmine-failed"
	    id="spec_spec917"
	    title="ClienteFormComponent should create"
	  />
	  Name "ClienteFormComponent should initialize form with default values for new client":
	  <li
	    class="jasmine-failed"
	    id="spec_spec918"
	    title="ClienteFormComponent should initialize form with default values for new client"
	  />
	  Name "ClienteFormComponent should validate RFC format if provided":
	  <li
	    class="jasmine-failed"
	    id="spec_spec922"
	    title="ClienteFormComponent should validate RFC format if provided"
	  />
	  Name "ClienteFormComponent should navigate back when goBack is called":
	  <li
	    class="jasmine-failed"
	    id="spec_spec928"
	    title="ClienteFormComponent should navigate back when goBack is called"
	  />
	  Name "ClienteFormComponent should prevent form submission when invalid":
	  <li
	    class="jasmine-failed"
	    id="spec_spec927"
	    title="ClienteFormComponent should prevent form submission when invalid"
	  />
	  Name "ClienteFormComponent should validate required fields":
	  <li
	    class="jasmine-failed"
	    id="spec_spec919"
	    title="ClienteFormComponent should validate required fields"
	  />
	  Name "ClienteFormComponent should update existing client with valid form data":
	  <li
	    class="jasmine-failed"
	    id="spec_spec925"
	    title="ClienteFormComponent should update existing client with valid form data"
	  />
	  Name "ClienteFormComponent should handle different markets correctly":
	  <li
	    class="jasmine-failed"
	    id="spec_spec931"
	    title="ClienteFormComponent should handle different markets correctly"
	  />
	  Name "ClienteFormComponent should clean form when switching between markets":
	  <li
	    class="jasmine-failed"
	    id="spec_spec932"
	    title="ClienteFormComponent should clean form when switching between markets"
	  />
	  Name "ClienteFormComponent should handle different business flows correctly":
	  <li
	    class="jasmine-failed"
	    id="spec_spec930"
	    title="ClienteFormComponent should handle different business flows correctly"
	  />
	  Name "ClienteFormComponent should load existing client data in edit mode":
	  <li
	    class="jasmine-failed"
	    id="spec_spec924"
	    title="ClienteFormComponent should load existing client data in edit mode"
	  />
	  Name "ClienteFormComponent should set loading state during form submission":
	  <li
	    class="jasmine-failed"
	    id="spec_spec929"
	    title="ClienteFormComponent should set loading state during form submission"
	  />
	  Name "ClienteFormComponent should create new client with valid form data":
	  <li
	    class="jasmine-failed"
	    id="spec_spec923"
	    title="ClienteFormComponent should create new client with valid form data"
	  />
	  Name "PushNotificationService Initialization Flow should return false for denied permission":
	  <li
	    class="jasmine-passed"
	    id="spec_spec719"
	    title="PushNotificationService Initialization Flow should return false for denied permission"
	  />
	  Name "PushNotificationService Initialization Flow should return false for unsupported environment":
	  <li
	    class="jasmine-failed"
	    id="spec_spec718"
	    title="PushNotificationService Initialization Flow should return false for unsupported environment"
	  />
	  Name "PushNotificationService Initialization Flow should initialize notifications with granted permission":
	  <li
	    class="jasmine-passed"
	    id="spec_spec716"
	    title="PushNotificationService Initialization Flow should initialize notifications with granted permission"
	  />
	  Name "PushNotificationService Initialization Flow should request permission for default permission":
	  <li
	    class="jasmine-passed"
	    id="spec_spec717"
	    title="PushNotificationService Initialization Flow should request permission for default permission"
	  />
	  Name "PushNotificationService Utility Methods should get notification status":
	  <li
	    class="jasmine-passed"
	    id="spec_spec709"
	    title="PushNotificationService Utility Methods should get notification status"
	  />
	  Name "PushNotificationService Utility Methods should detect browser name correctly":
	  <li
	    class="jasmine-passed"
	    id="spec_spec710"
	    title="PushNotificationService Utility Methods should detect browser name correctly"
	  />
	  Name "PushNotificationService Utility Methods should detect OS name correctly":
	  <li
	    class="jasmine-passed"
	    id="spec_spec711"
	    title="PushNotificationService Utility Methods should detect OS name correctly"
	  />
	  Name "PushNotificationService Utility Methods should convert ArrayBuffer to Base64":
	  <li
	    class="jasmine-passed"
	    id="spec_spec712"
	    title="PushNotificationService Utility Methods should convert ArrayBuffer to Base64"
	  />
	  Name "PushNotificationService Utility Methods should get current user ID":
	  <li
	    class="jasmine-passed"
	    id="spec_spec713"
	    title="PushNotificationService Utility Methods should get current user ID"
	  />
	  Name "PushNotificationService Utility Methods should get auth token":
	  <li
	    class="jasmine-passed"
	    id="spec_spec715"
	    title="PushNotificationService Utility Methods should get auth token"
	  />
	  Name "PushNotificationService Utility Methods should return anonymous for missing user":
	  <li
	    class="jasmine-passed"
	    id="spec_spec714"
	    title="PushNotificationService Utility Methods should return anonymous for missing user"
	  />
	  Name "PushNotificationService Test and Debugging should fallback to local notification on API failure":
	  <li
	    class="jasmine-passed"
	    id="spec_spec708"
	    title="PushNotificationService Test and Debugging should fallback to local notification on API failure"
	  />
	  Name "PushNotificationService Test and Debugging should send test notification via API":
	  <li
	    class="jasmine-passed"
	    id="spec_spec707"
	    title="PushNotificationService Test and Debugging should send test notification via API"
	  />
	  Name "PushNotificationService Service Initialization should initialize with empty notification history":
	  <li
	    class="jasmine-passed"
	    id="spec_spec685"
	    title="PushNotificationService Service Initialization should initialize with empty notification history"
	  />
	  Name "PushNotificationService Service Initialization should initialize with no subscription":
	  <li
	    class="jasmine-passed"
	    id="spec_spec684"
	    title="PushNotificationService Service Initialization should initialize with no subscription"
	  />
	  Name "PushNotificationService Service Initialization should check push notification support":
	  <li
	    class="jasmine-passed"
	    id="spec_spec682"
	    title="PushNotificationService Service Initialization should check push notification support"
	  />
	  Name "PushNotificationService Service Initialization should initialize with default permission":
	  <li
	    class="jasmine-passed"
	    id="spec_spec683"
	    title="PushNotificationService Service Initialization should initialize with default permission"
	  />
	  Name "PushNotificationService Service Initialization should be created":
	  <li
	    class="jasmine-passed"
	    id="spec_spec681"
	    title="PushNotificationService Service Initialization should be created"
	  />
	  Name "PushNotificationService Notification History should get unread notification count":
	  <li
	    class="jasmine-passed"
	    id="spec_spec701"
	    title="PushNotificationService Notification History should get unread notification count"
	  />
	  Name "PushNotificationService Notification History should limit notification history to 50 items":
	  <li
	    class="jasmine-passed"
	    id="spec_spec706"
	    title="PushNotificationService Notification History should limit notification history to 50 items"
	  />
	  Name "PushNotificationService Notification History should handle corrupted notification history data":
	  <li
	    class="jasmine-failed"
	    id="spec_spec705"
	    title="PushNotificationService Notification History should handle corrupted notification history data"
	  />
	  Name "PushNotificationService Notification History should mark all notifications as read":
	  <li
	    class="jasmine-passed"
	    id="spec_spec702"
	    title="PushNotificationService Notification History should mark all notifications as read"
	  />
	  Name "PushNotificationService Notification History should clear notification history":
	  <li
	    class="jasmine-passed"
	    id="spec_spec703"
	    title="PushNotificationService Notification History should clear notification history"
	  />
	  Name "PushNotificationService Notification History should load stored notifications on initialization":
	  <li
	    class="jasmine-failed"
	    id="spec_spec704"
	    title="PushNotificationService Notification History should load stored notifications on initialization"
	  />
	  Name "PushNotificationService Notification Handling should show in-app notification when document is visible":
	  <li
	    class="jasmine-passed"
	    id="spec_spec698"
	    title="PushNotificationService Notification Handling should show in-app notification when document is visible"
	  />
	  Name "PushNotificationService Notification Handling should handle notification clicks":
	  <li
	    class="jasmine-passed"
	    id="spec_spec699"
	    title="PushNotificationService Notification Handling should handle notification clicks"
	  />
	  Name "PushNotificationService Notification Handling should navigate to client page for document_pending notifications":
	  <li
	    class="jasmine-failed"
	    id="spec_spec700"
	    title="PushNotificationService Notification Handling should navigate to client page for document_pending notifications"
	  />
	  Name "PushNotificationService Notification Handling should setup notification handlers":
	  <li
	    class="jasmine-passed"
	    id="spec_spec696"
	    title="PushNotificationService Notification Handling should setup notification handlers"
	  />
	  Name "PushNotificationService Notification Handling should handle incoming notification message":
	  <li
	    class="jasmine-failed"
	    id="spec_spec697"
	    title="PushNotificationService Notification Handling should handle incoming notification message"
	  />
	  Name "PushNotificationService Subscription Management should unsubscribe from push notifications":
	  <li
	    class="jasmine-failed"
	    id="spec_spec692"
	    title="PushNotificationService Subscription Management should unsubscribe from push notifications"
	  />
	  Name "PushNotificationService Subscription Management should subscribe to push notifications":
	  <li
	    class="jasmine-failed"
	    id="spec_spec689"
	    title="PushNotificationService Subscription Management should subscribe to push notifications"
	  />
	  Name "PushNotificationService Subscription Management should load existing subscription from localStorage":
	  <li
	    class="jasmine-failed"
	    id="spec_spec694"
	    title="PushNotificationService Subscription Management should load existing subscription from localStorage"
	  />
	  Name "PushNotificationService Subscription Management should handle corrupted localStorage subscription data":
	  <li
	    class="jasmine-failed"
	    id="spec_spec695"
	    title="PushNotificationService Subscription Management should handle corrupted localStorage subscription data"
	  />
	  Name "PushNotificationService Subscription Management should handle unsubscribe failures gracefully":
	  <li
	    class="jasmine-passed"
	    id="spec_spec693"
	    title="PushNotificationService Subscription Management should handle unsubscribe failures gracefully"
	  />
	  Name "PushNotificationService Subscription Management should return null when permission not granted":
	  <li
	    class="jasmine-passed"
	    id="spec_spec690"
	    title="PushNotificationService Subscription Management should return null when permission not granted"
	  />
	  Name "PushNotificationService Subscription Management should handle subscription failures":
	  <li
	    class="jasmine-passed"
	    id="spec_spec691"
	    title="PushNotificationService Subscription Management should handle subscription failures"
	  />
	  Name "PushNotificationService Permission Management should throw error when push notifications not supported":
	  <li
	    class="jasmine-failed"
	    id="spec_spec688"
	    title="PushNotificationService Permission Management should throw error when push notifications not supported"
	  />
	  Name "PushNotificationService Permission Management should handle permission denied":
	  <li
	    class="jasmine-passed"
	    id="spec_spec687"
	    title="PushNotificationService Permission Management should handle permission denied"
	  />
	  Name "PushNotificationService Permission Management should request notification permission":
	  <li
	    class="jasmine-passed"
	    id="spec_spec686"
	    title="PushNotificationService Permission Management should request notification permission"
	  />
	  Name "math.util helpers should aggregate values":
	  <li
	    class="jasmine-passed"
	    id="spec_spec848"
	    title="math.util helpers should aggregate values"
	  />
	  Name "math.util rate conversions should be consistent":
	  <li
	    class="jasmine-passed"
	    id="spec_spec846"
	    title="math.util rate conversions should be consistent"
	  />
	  Name "math.util annuity should compute payment correctly":
	  <li
	    class="jasmine-passed"
	    id="spec_spec847"
	    title="math.util annuity should compute payment correctly"
	  />
	  Name "math.util round2 should round to 2 decimals":
	  <li
	    class="jasmine-passed"
	    id="spec_spec843"
	    title="math.util round2 should round to 2 decimals"
	  />
	  Name "math.util safe operations should reduce FP drift":
	  <li
	    class="jasmine-passed"
	    id="spec_spec844"
	    title="math.util safe operations should reduce FP drift"
	  />
	  Name "math.util monthsToYearsCeil should ceil to years":
	  <li
	    class="jasmine-passed"
	    id="spec_spec849"
	    title="math.util monthsToYearsCeil should ceil to years"
	  />
	  Name "math.util clamp should bound values":
	  <li
	    class="jasmine-passed"
	    id="spec_spec845"
	    title="math.util clamp should bound values"
	  />
	  Name "BusinessRulesService Age Calculation should handle birthday not yet reached this year":
	  <li
	    class="jasmine-passed"
	    id="spec_spec154"
	    title="BusinessRulesService Age Calculation should handle birthday not yet reached this year"
	  />
	  Name "BusinessRulesService Age Calculation should calculate age correctly":
	  <li
	    class="jasmine-passed"
	    id="spec_spec153"
	    title="BusinessRulesService Age Calculation should calculate age correctly"
	  />
	  Name "BusinessRulesService Market Requirements should get Aguascalientes requirements":
	  <li
	    class="jasmine-passed"
	    id="spec_spec143"
	    title="BusinessRulesService Market Requirements should get Aguascalientes requirements"
	  />
	  Name "BusinessRulesService Market Requirements should get Estado de México requirements":
	  <li
	    class="jasmine-passed"
	    id="spec_spec144"
	    title="BusinessRulesService Market Requirements should get Estado de México requirements"
	  />
	  Name "BusinessRulesService Market Requirements should include required documents for each market":
	  <li
	    class="jasmine-passed"
	    id="spec_spec145"
	    title="BusinessRulesService Market Requirements should include required documents for each market"
	  />
	  Name "BusinessRulesService Business Flow Change Validation should allow flow change when no documents are approved":
	  <li
	    class="jasmine-passed"
	    id="spec_spec146"
	    title="BusinessRulesService Business Flow Change Validation should allow flow change when no documents are approved"
	  />
	  Name "BusinessRulesService Business Flow Change Validation should not allow flow change when documents are approved":
	  <li
	    class="jasmine-passed"
	    id="spec_spec147"
	    title="BusinessRulesService Business Flow Change Validation should not allow flow change when documents are approved"
	  />
	  Name "BusinessRulesService Business Flow Change Validation should not allow collective credit in Aguascalientes":
	  <li
	    class="jasmine-passed"
	    id="spec_spec148"
	    title="BusinessRulesService Business Flow Change Validation should not allow collective credit in Aguascalientes"
	  />
	  Name "BusinessRulesService Business Flow Change Validation should require ecosystem for EdoMex collective credit":
	  <li
	    class="jasmine-passed"
	    id="spec_spec149"
	    title="BusinessRulesService Business Flow Change Validation should require ecosystem for EdoMex collective credit"
	  />
	  Name "BusinessRulesService Market Requirements Special Rules should include EdoMex specific rules about ecosystem":
	  <li
	    class="jasmine-passed"
	    id="spec_spec162"
	    title="BusinessRulesService Market Requirements Special Rules should include EdoMex specific rules about ecosystem"
	  />
	  Name "BusinessRulesService Market Requirements Special Rules should include AGS specific rules about credit types":
	  <li
	    class="jasmine-passed"
	    id="spec_spec161"
	    title="BusinessRulesService Market Requirements Special Rules should include AGS specific rules about credit types"
	  />
	  Name "BusinessRulesService Helper Methods should generate ecosystem validation notes":
	  <li
	    class="jasmine-passed"
	    id="spec_spec157"
	    title="BusinessRulesService Helper Methods should generate ecosystem validation notes"
	  />
	  Name "BusinessRulesService Helper Methods should consolidate validation results correctly":
	  <li
	    class="jasmine-passed"
	    id="spec_spec155"
	    title="BusinessRulesService Helper Methods should consolidate validation results correctly"
	  />
	  Name "BusinessRulesService Helper Methods should get ecosystem required documents":
	  <li
	    class="jasmine-passed"
	    id="spec_spec156"
	    title="BusinessRulesService Helper Methods should get ecosystem required documents"
	  />
	  Name "BusinessRulesService Collective Group Validation Details should validate down payment minimum for collective credit":
	  <li
	    class="jasmine-passed"
	    id="spec_spec160"
	    title="BusinessRulesService Collective Group Validation Details should validate down payment minimum for collective credit"
	  />
	  Name "BusinessRulesService Collective Group Validation Details should validate down payment range for collective credit":
	  <li
	    class="jasmine-passed"
	    id="spec_spec159"
	    title="BusinessRulesService Collective Group Validation Details should validate down payment range for collective credit"
	  />
	  Name "BusinessRulesService Collective Group Validation Details should validate minimum group size":
	  <li
	    class="jasmine-passed"
	    id="spec_spec158"
	    title="BusinessRulesService Collective Group Validation Details should validate minimum group size"
	  />
	  Name "BusinessRulesService Credit History Validation should warn about low credit score":
	  <li
	    class="jasmine-passed"
	    id="spec_spec151"
	    title="BusinessRulesService Credit History Validation should warn about low credit score"
	  />
	  Name "BusinessRulesService Credit History Validation should validate credit history with simulated score":
	  <li
	    class="jasmine-passed"
	    id="spec_spec150"
	    title="BusinessRulesService Credit History Validation should validate credit history with simulated score"
	  />
	  Name "BusinessRulesService Credit History Validation should recommend special conditions for very low score":
	  <li
	    class="jasmine-passed"
	    id="spec_spec152"
	    title="BusinessRulesService Credit History Validation should recommend special conditions for very low score"
	  />
	  Name "BusinessRulesService Ecosystem Validation Edge Cases should properly identify required vs optional documents":
	  <li
	    class="jasmine-failed"
	    id="spec_spec164"
	    title="BusinessRulesService Ecosystem Validation Edge Cases should properly identify required vs optional documents"
	  />
	  Name "BusinessRulesService Ecosystem Validation Edge Cases should handle ecosystem validation with partial documents":
	  <li
	    class="jasmine-passed"
	    id="spec_spec163"
	    title="BusinessRulesService Ecosystem Validation Edge Cases should handle ecosystem validation with partial documents"
	  />
	  Name "BusinessRulesService Service Initialization should have universal rules":
	  <li
	    class="jasmine-passed"
	    id="spec_spec120"
	    title="BusinessRulesService Service Initialization should have universal rules"
	  />
	  Name "BusinessRulesService Service Initialization should have EdoMex specific rules":
	  <li
	    class="jasmine-passed"
	    id="spec_spec119"
	    title="BusinessRulesService Service Initialization should have EdoMex specific rules"
	  />
	  Name "BusinessRulesService Service Initialization should be created":
	  <li
	    class="jasmine-passed"
	    id="spec_spec116"
	    title="BusinessRulesService Service Initialization should be created"
	  />
	  Name "BusinessRulesService Service Initialization should have AGS specific rules":
	  <li
	    class="jasmine-passed"
	    id="spec_spec118"
	    title="BusinessRulesService Service Initialization should have AGS specific rules"
	  />
	  Name "BusinessRulesService Service Initialization should initialize validation rules":
	  <li
	    class="jasmine-passed"
	    id="spec_spec117"
	    title="BusinessRulesService Service Initialization should initialize validation rules"
	  />
	  Name "BusinessRulesService EdoMex Specific Validations should require group assignment for collective credit":
	  <li
	    class="jasmine-passed"
	    id="spec_spec136"
	    title="BusinessRulesService EdoMex Specific Validations should require group assignment for collective credit"
	  />
	  Name "BusinessRulesService EdoMex Specific Validations should require ecosystem assignment for EdoMex":
	  <li
	    class="jasmine-passed"
	    id="spec_spec133"
	    title="BusinessRulesService EdoMex Specific Validations should require ecosystem assignment for EdoMex"
	  />
	  Name "BusinessRulesService EdoMex Specific Validations should validate collective group requirements":
	  <li
	    class="jasmine-passed"
	    id="spec_spec135"
	    title="BusinessRulesService EdoMex Specific Validations should validate collective group requirements"
	  />
	  Name "BusinessRulesService EdoMex Specific Validations should validate EdoMex payment capacity ($20,000 minimum)":
	  <li
	    class="jasmine-passed"
	    id="spec_spec137"
	    title="BusinessRulesService EdoMex Specific Validations should validate EdoMex payment capacity ($20,000 minimum)"
	  />
	  Name "BusinessRulesService EdoMex Specific Validations should warn about high payment-to-income ratio":
	  <li
	    class="jasmine-passed"
	    id="spec_spec138"
	    title="BusinessRulesService EdoMex Specific Validations should warn about high payment-to-income ratio"
	  />
	  Name "BusinessRulesService EdoMex Specific Validations should validate EdoMex ecosystem documents":
	  <li
	    class="jasmine-passed"
	    id="spec_spec134"
	    title="BusinessRulesService EdoMex Specific Validations should validate EdoMex ecosystem documents"
	  />
	  Name "BusinessRulesService Ecosystem Validation should fail ecosystem validation for client without ecosystem":
	  <li
	    class="jasmine-passed"
	    id="spec_spec140"
	    title="BusinessRulesService Ecosystem Validation should fail ecosystem validation for client without ecosystem"
	  />
	  Name "BusinessRulesService Ecosystem Validation should throw error for AGS client ecosystem validation":
	  <li
	    class="jasmine-passed"
	    id="spec_spec141"
	    title="BusinessRulesService Ecosystem Validation should throw error for AGS client ecosystem validation"
	  />
	  Name "BusinessRulesService Ecosystem Validation should identify missing ecosystem documents":
	  <li
	    class="jasmine-passed"
	    id="spec_spec142"
	    title="BusinessRulesService Ecosystem Validation should identify missing ecosystem documents"
	  />
	  Name "BusinessRulesService Ecosystem Validation should validate ecosystem for EdoMex client":
	  <li
	    class="jasmine-failed"
	    id="spec_spec139"
	    title="BusinessRulesService Ecosystem Validation should validate ecosystem for EdoMex client"
	  />
	  Name "BusinessRulesService Client Validation should filter rules by business flow correctly":
	  <li
	    class="jasmine-passed"
	    id="spec_spec128"
	    title="BusinessRulesService Client Validation should filter rules by business flow correctly"
	  />
	  Name "BusinessRulesService Client Validation should filter rules by market correctly":
	  <li
	    class="jasmine-passed"
	    id="spec_spec127"
	    title="BusinessRulesService Client Validation should filter rules by market correctly"
	  />
	  Name "BusinessRulesService Client Validation should fail validation for underage client":
	  <li
	    class="jasmine-passed"
	    id="spec_spec124"
	    title="BusinessRulesService Client Validation should fail validation for underage client"
	  />
	  Name "BusinessRulesService Client Validation should fail validation for client with missing documents":
	  <li
	    class="jasmine-passed"
	    id="spec_spec123"
	    title="BusinessRulesService Client Validation should fail validation for client with missing documents"
	  />
	  Name "BusinessRulesService Client Validation should fail validation for client without income":
	  <li
	    class="jasmine-passed"
	    id="spec_spec126"
	    title="BusinessRulesService Client Validation should fail validation for client without income"
	  />
	  Name "BusinessRulesService Client Validation should fail validation for client over age limit":
	  <li
	    class="jasmine-passed"
	    id="spec_spec125"
	    title="BusinessRulesService Client Validation should fail validation for client over age limit"
	  />
	  Name "BusinessRulesService Client Validation should validate EdoMex client successfully":
	  <li
	    class="jasmine-passed"
	    id="spec_spec122"
	    title="BusinessRulesService Client Validation should validate EdoMex client successfully"
	  />
	  Name "BusinessRulesService Client Validation should validate AGS client successfully":
	  <li
	    class="jasmine-passed"
	    id="spec_spec121"
	    title="BusinessRulesService Client Validation should validate AGS client successfully"
	  />
	  Name "BusinessRulesService AGS Specific Validations should validate AGS term requirements (12 or 24 months)":
	  <li
	    class="jasmine-passed"
	    id="spec_spec130"
	    title="BusinessRulesService AGS Specific Validations should validate AGS term requirements (12 or 24 months)"
	  />
	  Name "BusinessRulesService AGS Specific Validations should validate AGS minimum income ($15,000)":
	  <li
	    class="jasmine-passed"
	    id="spec_spec131"
	    title="BusinessRulesService AGS Specific Validations should validate AGS minimum income ($15,000)"
	  />
	  Name "BusinessRulesService AGS Specific Validations should validate AGS required documents":
	  <li
	    class="jasmine-passed"
	    id="spec_spec132"
	    title="BusinessRulesService AGS Specific Validations should validate AGS required documents"
	  />
	  Name "BusinessRulesService AGS Specific Validations should validate AGS down payment requirement (60%)":
	  <li
	    class="jasmine-passed"
	    id="spec_spec129"
	    title="BusinessRulesService AGS Specific Validations should validate AGS down payment requirement (60%)"
	  />
	  Name "AppComponent should render title":
	  <li
	    class="jasmine-passed"
	    id="spec_spec2"
	    title="AppComponent should render title"
	  />
	  Name "AppComponent should create the app":
	  <li
	    class="jasmine-passed"
	    id="spec_spec0"
	    title="AppComponent should create the app"
	  />
	  Name "AppComponent should have the 'conductores-pwa' title":
	  <li
	    class="jasmine-passed"
	    id="spec_spec1"
	    title="AppComponent should have the 'conductores-pwa' title"
	  />
	  Name "ToastService Success Toast should create success toast with default duration":
	  <li
	    class="jasmine-passed"
	    id="spec_spec781"
	    title="ToastService Success Toast should create success toast with default duration"
	  />
	  Name "ToastService Success Toast should create success toast with custom duration":
	  <li
	    class="jasmine-passed"
	    id="spec_spec782"
	    title="ToastService Success Toast should create success toast with custom duration"
	  />
	  Name "ToastService Success Toast should add success toast to toasts array":
	  <li
	    class="jasmine-passed"
	    id="spec_spec783"
	    title="ToastService Success Toast should add success toast to toasts array"
	  />
	  Name "ToastService Error Toast should create error toast with default duration":
	  <li
	    class="jasmine-passed"
	    id="spec_spec784"
	    title="ToastService Error Toast should create error toast with default duration"
	  />
	  Name "ToastService Error Toast should create error toast with custom duration":
	  <li
	    class="jasmine-passed"
	    id="spec_spec785"
	    title="ToastService Error Toast should create error toast with custom duration"
	  />
	  Name "ToastService Edge Cases should handle zero duration":
	  <li
	    class="jasmine-passed"
	    id="spec_spec802"
	    title="ToastService Edge Cases should handle zero duration"
	  />
	  Name "ToastService Edge Cases should handle empty message":
	  <li
	    class="jasmine-passed"
	    id="spec_spec800"
	    title="ToastService Edge Cases should handle empty message"
	  />
	  Name "ToastService Edge Cases should handle rapid consecutive toasts":
	  <li
	    class="jasmine-failed"
	    id="spec_spec805"
	    title="ToastService Edge Cases should handle rapid consecutive toasts"
	  />
	  Name "ToastService Edge Cases should handle negative duration":
	  <li
	    class="jasmine-passed"
	    id="spec_spec803"
	    title="ToastService Edge Cases should handle negative duration"
	  />
	  Name "ToastService Edge Cases should handle special characters in message":
	  <li
	    class="jasmine-passed"
	    id="spec_spec804"
	    title="ToastService Edge Cases should handle special characters in message"
	  />
	  Name "ToastService Edge Cases should handle very long message":
	  <li
	    class="jasmine-passed"
	    id="spec_spec801"
	    title="ToastService Edge Cases should handle very long message"
	  />
	  Name "ToastService Observable Behavior should emit toasts through observable":
	  <li
	    class="jasmine-passed"
	    id="spec_spec797"
	    title="ToastService Observable Behavior should emit toasts through observable"
	  />
	  Name "ToastService Observable Behavior should emit each toast separately":
	  <li
	    class="jasmine-passed"
	    id="spec_spec799"
	    title="ToastService Observable Behavior should emit each toast separately"
	  />
	  Name "ToastService Observable Behavior should support multiple subscribers":
	  <li
	    class="jasmine-passed"
	    id="spec_spec798"
	    title="ToastService Observable Behavior should support multiple subscribers"
	  />
	  Name "ToastService Toast State Management should handle removing all toasts":
	  <li
	    class="jasmine-passed"
	    id="spec_spec807"
	    title="ToastService Toast State Management should handle removing all toasts"
	  />
	  Name "ToastService Toast State Management should maintain correct state after multiple operations":
	  <li
	    class="jasmine-failed"
	    id="spec_spec806"
	    title="ToastService Toast State Management should maintain correct state after multiple operations"
	  />
	  Name "ToastService Warning Toast should create warning toast with default duration":
	  <li
	    class="jasmine-passed"
	    id="spec_spec786"
	    title="ToastService Warning Toast should create warning toast with default duration"
	  />
	  Name "ToastService Warning Toast should create warning toast with custom duration":
	  <li
	    class="jasmine-passed"
	    id="spec_spec787"
	    title="ToastService Warning Toast should create warning toast with custom duration"
	  />
	  Name "ToastService Service Initialization should be created":
	  <li
	    class="jasmine-passed"
	    id="spec_spec778"
	    title="ToastService Service Initialization should be created"
	  />
	  Name "ToastService Service Initialization should have toasts$ observable":
	  <li
	    class="jasmine-passed"
	    id="spec_spec780"
	    title="ToastService Service Initialization should have toasts$ observable"
	  />
	  Name "ToastService Service Initialization should initialize with empty toasts array":
	  <li
	    class="jasmine-passed"
	    id="spec_spec779"
	    title="ToastService Service Initialization should initialize with empty toasts array"
	  />
	  Name "ToastService Toast Management should remove toast by ID":
	  <li
	    class="jasmine-passed"
	    id="spec_spec791"
	    title="ToastService Toast Management should remove toast by ID"
	  />
	  Name "ToastService Toast Management should generate unique IDs for different toasts":
	  <li
	    class="jasmine-failed"
	    id="spec_spec790"
	    title="ToastService Toast Management should generate unique IDs for different toasts"
	  />
	  Name "ToastService Toast Management should remove only specified toast when multiple exist":
	  <li
	    class="jasmine-failed"
	    id="spec_spec793"
	    title="ToastService Toast Management should remove only specified toast when multiple exist"
	  />
	  Name "ToastService Toast Management should handle removing non-existent toast ID":
	  <li
	    class="jasmine-passed"
	    id="spec_spec792"
	    title="ToastService Toast Management should handle removing non-existent toast ID"
	  />
	  Name "ToastService Info Toast should create info toast with default duration":
	  <li
	    class="jasmine-passed"
	    id="spec_spec788"
	    title="ToastService Info Toast should create info toast with default duration"
	  />
	  Name "ToastService Info Toast should create info toast with custom duration":
	  <li
	    class="jasmine-passed"
	    id="spec_spec789"
	    title="ToastService Info Toast should create info toast with custom duration"
	  />
	  Name "ToastService Auto-removal Functionality should auto-remove toast after specified duration":
	  <li
	    class="jasmine-passed"
	    id="spec_spec794"
	    title="ToastService Auto-removal Functionality should auto-remove toast after specified duration"
	  />
	  Name "ToastService Auto-removal Functionality should handle manual removal before auto-removal":
	  <li
	    class="jasmine-passed"
	    id="spec_spec796"
	    title="ToastService Auto-removal Functionality should handle manual removal before auto-removal"
	  />
	  Name "ToastService Auto-removal Functionality should auto-remove multiple toasts at different times":
	  <li
	    class="jasmine-failed"
	    id="spec_spec795"
	    title="ToastService Auto-removal Functionality should auto-remove multiple toasts at different times"
	  />
	  Name "LoginComponent Accessibility Tests Progressive Enhancement should degrade gracefully":
	  <li
	    class="jasmine-passed"
	    id="spec_spec892"
	    title="LoginComponent Accessibility Tests Progressive Enhancement should degrade gracefully"
	  />
	  Name "LoginComponent Accessibility Tests Progressive Enhancement should work without JavaScript enhancements":
	  <li
	    class="jasmine-passed"
	    id="spec_spec891"
	    title="LoginComponent Accessibility Tests Progressive Enhancement should work without JavaScript enhancements"
	  />
	  Name "LoginComponent Accessibility Tests Error Handling Accessibility should announce authentication errors accessibly":
	  <li
	    class="jasmine-failed"
	    id="spec_spec889"
	    title="LoginComponent Accessibility Tests Error Handling Accessibility should announce authentication errors accessibly"
	  />
	  Name "LoginComponent Accessibility Tests Error Handling Accessibility should provide recovery instructions for errors":
	  <li
	    class="jasmine-empty"
	    id="spec_spec890"
	    title="LoginComponent Accessibility Tests Error Handling Accessibility should provide recovery instructions for errors"
	  />
	  Name "LoginComponent Accessibility Tests LoginComponent should be accessible":
	  <li
	    class="jasmine-passed"
	    id="spec_spec893"
	    title="LoginComponent Accessibility Tests LoginComponent should be accessible"
	  />
	  Name "LoginComponent Accessibility Tests Form Accessibility should have properly labeled form controls":
	  <li
	    class="jasmine-passed"
	    id="spec_spec871"
	    title="LoginComponent Accessibility Tests Form Accessibility should have properly labeled form controls"
	  />
	  Name "LoginComponent Accessibility Tests Form Accessibility should have appropriate input types and attributes":
	  <li
	    class="jasmine-failed"
	    id="spec_spec872"
	    title="LoginComponent Accessibility Tests Form Accessibility should have appropriate input types and attributes"
	  />
	  Name "LoginComponent Accessibility Tests Form Accessibility should pass automated accessibility tests":
	  <li
	    class="jasmine-passed"
	    id="spec_spec869"
	    title="LoginComponent Accessibility Tests Form Accessibility should pass automated accessibility tests"
	  />
	  Name "LoginComponent Accessibility Tests Form Accessibility should announce form submission status":
	  <li
	    class="jasmine-passed"
	    id="spec_spec874"
	    title="LoginComponent Accessibility Tests Form Accessibility should announce form submission status"
	  />
	  Name "LoginComponent Accessibility Tests Form Accessibility should provide accessible error messages":
	  <li
	    class="jasmine-passed"
	    id="spec_spec873"
	    title="LoginComponent Accessibility Tests Form Accessibility should provide accessible error messages"
	  />
	  Name "LoginComponent Accessibility Tests Form Accessibility should pass form-specific accessibility tests":
	  <li
	    class="jasmine-passed"
	    id="spec_spec870"
	    title="LoginComponent Accessibility Tests Form Accessibility should pass form-specific accessibility tests"
	  />
	  Name "LoginComponent Accessibility Tests LoginComponent should have no accessibility violations":
	  <li
	    class="jasmine-passed"
	    id="spec_spec894"
	    title="LoginComponent Accessibility Tests LoginComponent should have no accessibility violations"
	  />
	  Name "LoginComponent Accessibility Tests Mobile and Touch Accessibility should be responsive and maintain accessibility":
	  <li
	    class="jasmine-passed"
	    id="spec_spec888"
	    title="LoginComponent Accessibility Tests Mobile and Touch Accessibility should be responsive and maintain accessibility"
	  />
	  Name "LoginComponent Accessibility Tests Mobile and Touch Accessibility should have adequate touch targets":
	  <li
	    class="jasmine-failed"
	    id="spec_spec887"
	    title="LoginComponent Accessibility Tests Mobile and Touch Accessibility should have adequate touch targets"
	  />
	  Name "LoginComponent Accessibility Tests Visual and Interaction Accessibility should have focus indicators for all interactive elements":
	  <li
	    class="jasmine-passed"
	    id="spec_spec878"
	    title="LoginComponent Accessibility Tests Visual and Interaction Accessibility should have focus indicators for all interactive elements"
	  />
	  Name "LoginComponent Accessibility Tests Visual and Interaction Accessibility should not rely solely on color for form validation":
	  <li
	    class="jasmine-failed"
	    id="spec_spec877"
	    title="LoginComponent Accessibility Tests Visual and Interaction Accessibility should not rely solely on color for form validation"
	  />
	  Name "LoginComponent Accessibility Tests Visual and Interaction Accessibility should have accessible password visibility toggle":
	  <li
	    class="jasmine-failed"
	    id="spec_spec875"
	    title="LoginComponent Accessibility Tests Visual and Interaction Accessibility should have accessible password visibility toggle"
	  />
	  Name "LoginComponent Accessibility Tests Visual and Interaction Accessibility should have sufficient color contrast":
	  <li
	    class="jasmine-passed"
	    id="spec_spec876"
	    title="LoginComponent Accessibility Tests Visual and Interaction Accessibility should have sufficient color contrast"
	  />
	  Name "LoginComponent Accessibility Tests Screen Reader Support should provide form context and instructions":
	  <li
	    class="jasmine-passed"
	    id="spec_spec884"
	    title="LoginComponent Accessibility Tests Screen Reader Support should provide form context and instructions"
	  />
	  Name "LoginComponent Accessibility Tests Screen Reader Support should provide meaningful page structure":
	  <li
	    class="jasmine-passed"
	    id="spec_spec883"
	    title="LoginComponent Accessibility Tests Screen Reader Support should provide meaningful page structure"
	  />
	  Name "LoginComponent Accessibility Tests Screen Reader Support should provide meaningful button labels":
	  <li
	    class="jasmine-passed"
	    id="spec_spec886"
	    title="LoginComponent Accessibility Tests Screen Reader Support should provide meaningful button labels"
	  />
	  Name "LoginComponent Accessibility Tests Screen Reader Support should announce loading states":
	  <li
	    class="jasmine-failed"
	    id="spec_spec885"
	    title="LoginComponent Accessibility Tests Screen Reader Support should announce loading states"
	  />
	  Name "LoginComponent Accessibility Tests Keyboard Navigation should support keyboard-only navigation":
	  <li
	    class="jasmine-passed"
	    id="spec_spec879"
	    title="LoginComponent Accessibility Tests Keyboard Navigation should support keyboard-only navigation"
	  />
	  Name "LoginComponent Accessibility Tests Keyboard Navigation should have logical tab order":
	  <li
	    class="jasmine-passed"
	    id="spec_spec880"
	    title="LoginComponent Accessibility Tests Keyboard Navigation should have logical tab order"
	  />
	  Name "LoginComponent Accessibility Tests Keyboard Navigation should support Escape key functionality":
	  <li
	    class="jasmine-passed"
	    id="spec_spec882"
	    title="LoginComponent Accessibility Tests Keyboard Navigation should support Escape key functionality"
	  />
	  Name "LoginComponent Accessibility Tests Keyboard Navigation should handle Enter key submission":
	  <li
	    class="jasmine-passed"
	    id="spec_spec881"
	    title="LoginComponent Accessibility Tests Keyboard Navigation should handle Enter key submission"
	  />
	  Name "LoginComponent Accessibility Tests LoginComponent interactive elements should be keyboard accessible":
	  <li
	    class="jasmine-passed"
	    id="spec_spec895"
	    title="LoginComponent Accessibility Tests LoginComponent interactive elements should be keyboard accessible"
	  />
	  Name "LoginComponent Accessibility Tests LoginComponent form controls should have labels":
	  <li
	    class="jasmine-passed"
	    id="spec_spec896"
	    title="LoginComponent Accessibility Tests LoginComponent form controls should have labels"
	  />
	  Name "LoginComponent should initialize form with empty values":
	  <li
	    class="jasmine-passed"
	    id="spec_spec898"
	    title="LoginComponent should initialize form with empty values"
	  />
	  Name "LoginComponent should show required validation errors":
	  <li
	    class="jasmine-passed"
	    id="spec_spec899"
	    title="LoginComponent should show required validation errors"
	  />
	  Name "LoginComponent should show email format validation error":
	  <li
	    class="jasmine-passed"
	    id="spec_spec900"
	    title="LoginComponent should show email format validation error"
	  />
	  Name "LoginComponent should validate password length":
	  <li
	    class="jasmine-passed"
	    id="spec_spec901"
	    title="LoginComponent should validate password length"
	  />
	  Name "LoginComponent should create":
	  <li
	    class="jasmine-passed"
	    id="spec_spec897"
	    title="LoginComponent should create"
	  />
	  Name "LoginComponent should accept valid form inputs":
	  <li
	    class="jasmine-passed"
	    id="spec_spec902"
	    title="LoginComponent should accept valid form inputs"
	  />
	  Name "LoginComponent should call performLogin when form is valid":
	  <li
	    class="jasmine-failed"
	    id="spec_spec904"
	    title="LoginComponent should call performLogin when form is valid"
	  />
	  Name "LoginComponent should navigate to dashboard on successful login":
	  <li
	    class="jasmine-failed"
	    id="spec_spec905"
	    title="LoginComponent should navigate to dashboard on successful login"
	  />
	  Name "LoginComponent should handle login loading state":
	  <li
	    class="jasmine-passed"
	    id="spec_spec906"
	    title="LoginComponent should handle login loading state"
	  />
	  Name "LoginComponent should toggle password visibility":
	  <li
	    class="jasmine-passed"
	    id="spec_spec907"
	    title="LoginComponent should toggle password visibility"
	  />
	  Name "LoginComponent should handle keyboard navigation":
	  <li
	    class="jasmine-passed"
	    id="spec_spec908"
	    title="LoginComponent should handle keyboard navigation"
	  />
	  Name "LoginComponent should prevent form submission when invalid":
	  <li
	    class="jasmine-passed"
	    id="spec_spec903"
	    title="LoginComponent should prevent form submission when invalid"
	  />
	  Name "WhatsappService Core Messaging should send template message successfully":
	  <li
	    class="jasmine-failed"
	    id="spec_spec810"
	    title="WhatsappService Core Messaging should send template message successfully"
	  />
	  Name "WhatsappService Core Messaging should send text message successfully":
	  <li
	    class="jasmine-failed"
	    id="spec_spec809"
	    title="WhatsappService Core Messaging should send text message successfully"
	  />
	  Name "WhatsappService Core Messaging should handle message sending errors":
	  <li
	    class="jasmine-failed"
	    id="spec_spec811"
	    title="WhatsappService Core Messaging should handle message sending errors"
	  />
	  Name "WhatsappService Service Initialization should be created":
	  <li
	    class="jasmine-passed"
	    id="spec_spec808"
	    title="WhatsappService Service Initialization should be created"
	  />
	  Name "WhatsappService Edge Cases and Boundary Conditions should handle webhook with no changes":
	  <li
	    class="jasmine-passed"
	    id="spec_spec836"
	    title="WhatsappService Edge Cases and Boundary Conditions should handle webhook with no changes"
	  />
	  Name "WhatsappService Edge Cases and Boundary Conditions should handle empty webhook entries":
	  <li
	    class="jasmine-passed"
	    id="spec_spec835"
	    title="WhatsappService Edge Cases and Boundary Conditions should handle empty webhook entries"
	  />
	  Name "WhatsappService Edge Cases and Boundary Conditions should handle special characters in phone numbers":
	  <li
	    class="jasmine-failed"
	    id="spec_spec838"
	    title="WhatsappService Edge Cases and Boundary Conditions should handle special characters in phone numbers"
	  />
	  Name "WhatsappService Edge Cases and Boundary Conditions should handle very long message text":
	  <li
	    class="jasmine-failed"
	    id="spec_spec837"
	    title="WhatsappService Edge Cases and Boundary Conditions should handle very long message text"
	  />
	  Name "WhatsappService Error Handling should retry failed requests":
	  <li
	    class="jasmine-failed"
	    id="spec_spec834"
	    title="WhatsappService Error Handling should retry failed requests"
	  />
	  Name "WhatsappService Error Handling should handle network errors":
	  <li
	    class="jasmine-failed"
	    id="spec_spec832"
	    title="WhatsappService Error Handling should handle network errors"
	  />
	  Name "WhatsappService Error Handling should handle API errors with detailed messages":
	  <li
	    class="jasmine-failed"
	    id="spec_spec833"
	    title="WhatsappService Error Handling should handle API errors with detailed messages"
	  />
	  Name "WhatsappService Business Logic Templates should send GNV overage notification":
	  <li
	    class="jasmine-failed"
	    id="spec_spec813"
	    title="WhatsappService Business Logic Templates should send GNV overage notification"
	  />
	  Name "WhatsappService Business Logic Templates should send payment notification":
	  <li
	    class="jasmine-failed"
	    id="spec_spec812"
	    title="WhatsappService Business Logic Templates should send payment notification"
	  />
	  Name "WhatsappService Business Logic Templates should send contract approved notification":
	  <li
	    class="jasmine-failed"
	    id="spec_spec815"
	    title="WhatsappService Business Logic Templates should send contract approved notification"
	  />
	  Name "WhatsappService Business Logic Templates should send document pending notification":
	  <li
	    class="jasmine-failed"
	    id="spec_spec814"
	    title="WhatsappService Business Logic Templates should send document pending notification"
	  />
	  Name "WhatsappService Business Logic Templates should send welcome message":
	  <li
	    class="jasmine-failed"
	    id="spec_spec816"
	    title="WhatsappService Business Logic Templates should send welcome message"
	  />
	  Name "WhatsappService Analytics & Reporting should get delivery report for specific message":
	  <li
	    class="jasmine-passed"
	    id="spec_spec831"
	    title="WhatsappService Analytics & Reporting should get delivery report for specific message"
	  />
	  Name "WhatsappService Analytics & Reporting should get message analytics":
	  <li
	    class="jasmine-passed"
	    id="spec_spec830"
	    title="WhatsappService Analytics & Reporting should get message analytics"
	  />
	  Name "WhatsappService Template Management should get template status":
	  <li
	    class="jasmine-failed"
	    id="spec_spec828"
	    title="WhatsappService Template Management should get template status"
	  />
	  Name "WhatsappService Template Management should handle template status errors":
	  <li
	    class="jasmine-failed"
	    id="spec_spec829"
	    title="WhatsappService Template Management should handle template status errors"
	  />
	  Name "WhatsappService Webhook Handling should verify webhook with correct token":
	  <li
	    class="jasmine-failed"
	    id="spec_spec820"
	    title="WhatsappService Webhook Handling should verify webhook with correct token"
	  />
	  Name "WhatsappService Webhook Handling should reject webhook with incorrect token":
	  <li
	    class="jasmine-passed"
	    id="spec_spec821"
	    title="WhatsappService Webhook Handling should reject webhook with incorrect token"
	  />
	  Name "WhatsappService Webhook Handling should reject webhook with incorrect mode":
	  <li
	    class="jasmine-passed"
	    id="spec_spec822"
	    title="WhatsappService Webhook Handling should reject webhook with incorrect mode"
	  />
	  Name "WhatsappService Webhook Handling should process webhook with message status updates":
	  <li
	    class="jasmine-passed"
	    id="spec_spec823"
	    title="WhatsappService Webhook Handling should process webhook with message status updates"
	  />
	  Name "WhatsappService Webhook Handling should handle webhook processing errors gracefully":
	  <li
	    class="jasmine-passed"
	    id="spec_spec825"
	    title="WhatsappService Webhook Handling should handle webhook processing errors gracefully"
	  />
	  Name "WhatsappService Webhook Handling should process webhook with incoming messages":
	  <li
	    class="jasmine-passed"
	    id="spec_spec824"
	    title="WhatsappService Webhook Handling should process webhook with incoming messages"
	  />
	  Name "WhatsappService Phone Number Formatting should format Mexican phone numbers correctly":
	  <li
	    class="jasmine-failed"
	    id="spec_spec817"
	    title="WhatsappService Phone Number Formatting should format Mexican phone numbers correctly"
	  />
	  Name "WhatsappService Phone Number Formatting should handle already properly formatted numbers":
	  <li
	    class="jasmine-failed"
	    id="spec_spec819"
	    title="WhatsappService Phone Number Formatting should handle already properly formatted numbers"
	  />
	  Name "WhatsappService Phone Number Formatting should handle US phone numbers":
	  <li
	    class="jasmine-failed"
	    id="spec_spec818"
	    title="WhatsappService Phone Number Formatting should handle US phone numbers"
	  />
	  Name "WhatsappService Bulk Operations should handle partial failures in bulk operations":
	  <li
	    class="jasmine-failed"
	    id="spec_spec827"
	    title="WhatsappService Bulk Operations should handle partial failures in bulk operations"
	  />
	  Name "WhatsappService Bulk Operations should send bulk payment notifications":
	  <li
	    class="jasmine-failed"
	    id="spec_spec826"
	    title="WhatsappService Bulk Operations should send bulk payment notifications"
	  />
	  Name "ClienteFormComponent Integration Tests should handle back button click":
	  <li
	    class="jasmine-failed"
	    id="spec_spec937"
	    title="ClienteFormComponent Integration Tests should handle back button click"
	  />
	  Name "ClienteFormComponent Integration Tests should render form with all required fields":
	  <li
	    class="jasmine-failed"
	    id="spec_spec933"
	    title="ClienteFormComponent Integration Tests should render form with all required fields"
	  />
	  Name "ClienteFormComponent Integration Tests should submit form with valid data":
	  <li
	    class="jasmine-failed"
	    id="spec_spec936"
	    title="ClienteFormComponent Integration Tests should submit form with valid data"
	  />
	  Name "ClienteFormComponent Integration Tests should show validation errors when submitting empty form":
	  <li
	    class="jasmine-failed"
	    id="spec_spec934"
	    title="ClienteFormComponent Integration Tests should show validation errors when submitting empty form"
	  />
	  Name "ClienteFormComponent Integration Tests should handle form input correctly":
	  <li
	    class="jasmine-failed"
	    id="spec_spec935"
	    title="ClienteFormComponent Integration Tests should handle form input correctly"
	  />
	  Name "MockApiService Error Simulation should simulate server error":
	  <li
	    class="jasmine-failed"
	    id="spec_spec565"
	    title="MockApiService Error Simulation should simulate server error"
	  />
	  Name "MockApiService Error Simulation should simulate validation error":
	  <li
	    class="jasmine-failed"
	    id="spec_spec566"
	    title="MockApiService Error Simulation should simulate validation error"
	  />
	  Name "MockApiService Error Simulation should simulate network error":
	  <li
	    class="jasmine-failed"
	    id="spec_spec564"
	    title="MockApiService Error Simulation should simulate network error"
	  />
	  Name "MockApiService Error Simulation should simulate timeout error":
	  <li
	    class="jasmine-failed"
	    id="spec_spec567"
	    title="MockApiService Error Simulation should simulate timeout error"
	  />
	  Name "MockApiService Error Simulation should simulate unknown error by default":
	  <li
	    class="jasmine-failed"
	    id="spec_spec568"
	    title="MockApiService Error Simulation should simulate unknown error by default"
	  />
	  Name "MockApiService Search and Analytics should perform global search with results structure":
	  <li
	    class="jasmine-failed"
	    id="spec_spec562"
	    title="MockApiService Search and Analytics should perform global search with results structure"
	  />
	  Name "MockApiService Search and Analytics should get dashboard stats with complete data":
	  <li
	    class="jasmine-failed"
	    id="spec_spec563"
	    title="MockApiService Search and Analytics should get dashboard stats with complete data"
	  />
	  Name "MockApiService Business Scenarios API Endpoints should create simulacion scenario with complete data":
	  <li
	    class="jasmine-failed"
	    id="spec_spec561"
	    title="MockApiService Business Scenarios API Endpoints should create simulacion scenario with complete data"
	  />
	  Name "MockApiService Business Scenarios API Endpoints should create cotizacion scenario with complete data":
	  <li
	    class="jasmine-failed"
	    id="spec_spec560"
	    title="MockApiService Business Scenarios API Endpoints should create cotizacion scenario with complete data"
	  />
	  Name "MockApiService Collective Groups API Endpoints should add member to group with normal network delay":
	  <li
	    class="jasmine-failed"
	    id="spec_spec558"
	    title="MockApiService Collective Groups API Endpoints should add member to group with normal network delay"
	  />
	  Name "MockApiService Collective Groups API Endpoints should get collective group by ID with network delay":
	  <li
	    class="jasmine-failed"
	    id="spec_spec557"
	    title="MockApiService Collective Groups API Endpoints should get collective group by ID with network delay"
	  />
	  Name "MockApiService Collective Groups API Endpoints should get collective groups with network delay":
	  <li
	    class="jasmine-failed"
	    id="spec_spec556"
	    title="MockApiService Collective Groups API Endpoints should get collective groups with network delay"
	  />
	  Name "MockApiService Collective Groups API Endpoints should deliver unit to group with slow network delay":
	  <li
	    class="jasmine-failed"
	    id="spec_spec559"
	    title="MockApiService Collective Groups API Endpoints should deliver unit to group with slow network delay"
	  />
	  Name "MockApiService Promise-based Delay Method should delay data using Promise":
	  <li
	    class="jasmine-failed"
	    id="spec_spec578"
	    title="MockApiService Promise-based Delay Method should delay data using Promise"
	  />
	  Name "MockApiService Promise-based Delay Method should use default delay if not specified":
	  <li
	    class="jasmine-failed"
	    id="spec_spec579"
	    title="MockApiService Promise-based Delay Method should use default delay if not specified"
	  />
	  Name "MockApiService Client API Endpoints should create client with slow network delay":
	  <li
	    class="jasmine-failed"
	    id="spec_spec547"
	    title="MockApiService Client API Endpoints should create client with slow network delay"
	  />
	  Name "MockApiService Client API Endpoints should update client with normal network delay":
	  <li
	    class="jasmine-failed"
	    id="spec_spec548"
	    title="MockApiService Client API Endpoints should update client with normal network delay"
	  />
	  Name "MockApiService Client API Endpoints should add client event with fast network delay":
	  <li
	    class="jasmine-failed"
	    id="spec_spec549"
	    title="MockApiService Client API Endpoints should add client event with fast network delay"
	  />
	  Name "MockApiService Client API Endpoints should get clients with network delay":
	  <li
	    class="jasmine-failed"
	    id="spec_spec544"
	    title="MockApiService Client API Endpoints should get clients with network delay"
	  />
	  Name "MockApiService Client API Endpoints should update document status with normal network delay":
	  <li
	    class="jasmine-failed"
	    id="spec_spec550"
	    title="MockApiService Client API Endpoints should update document status with normal network delay"
	  />
	  Name "MockApiService Client API Endpoints should get client by ID with network delay":
	  <li
	    class="jasmine-failed"
	    id="spec_spec545"
	    title="MockApiService Client API Endpoints should get client by ID with network delay"
	  />
	  Name "MockApiService Client API Endpoints should return null for non-existent client":
	  <li
	    class="jasmine-failed"
	    id="spec_spec546"
	    title="MockApiService Client API Endpoints should return null for non-existent client"
	  />
	  Name "MockApiService Network Delay Simulation should handle errors in mockApi":
	  <li
	    class="jasmine-failed"
	    id="spec_spec577"
	    title="MockApiService Network Delay Simulation should handle errors in mockApi"
	  />
	  Name "MockApiService Network Delay Simulation should clone data deeply in mockApi":
	  <li
	    class="jasmine-failed"
	    id="spec_spec576"
	    title="MockApiService Network Delay Simulation should clone data deeply in mockApi"
	  />
	  Name "MockApiService Network Delay Simulation should use random network delays":
	  <li
	    class="jasmine-failed"
	    id="spec_spec575"
	    title="MockApiService Network Delay Simulation should use random network delays"
	  />
	  Name "MockApiService Service Initialization should initialize data on construction":
	  <li
	    class="jasmine-failed"
	    id="spec_spec541"
	    title="MockApiService Service Initialization should initialize data on construction"
	  />
	  Name "MockApiService Service Initialization should have correct network simulation configuration":
	  <li
	    class="jasmine-failed"
	    id="spec_spec542"
	    title="MockApiService Service Initialization should have correct network simulation configuration"
	  />
	  Name "MockApiService Service Initialization should have correct default delay":
	  <li
	    class="jasmine-failed"
	    id="spec_spec543"
	    title="MockApiService Service Initialization should have correct default delay"
	  />
	  Name "MockApiService Service Initialization should be created":
	  <li
	    class="jasmine-failed"
	    id="spec_spec540"
	    title="MockApiService Service Initialization should be created"
	  />
	  Name "MockApiService Utility Methods should export data as JSON":
	  <li
	    class="jasmine-failed"
	    id="spec_spec572"
	    title="MockApiService Utility Methods should export data as JSON"
	  />
	  Name "MockApiService Utility Methods should simulate file upload":
	  <li
	    class="jasmine-failed"
	    id="spec_spec571"
	    title="MockApiService Utility Methods should simulate file upload"
	  />
	  Name "MockApiService Utility Methods should use default JSON format for export":
	  <li
	    class="jasmine-failed"
	    id="spec_spec574"
	    title="MockApiService Utility Methods should use default JSON format for export"
	  />
	  Name "MockApiService Utility Methods should export data as CSV":
	  <li
	    class="jasmine-failed"
	    id="spec_spec573"
	    title="MockApiService Utility Methods should export data as CSV"
	  />
	  Name "MockApiService Utility Methods should get server time":
	  <li
	    class="jasmine-failed"
	    id="spec_spec570"
	    title="MockApiService Utility Methods should get server time"
	  />
	  Name "MockApiService Utility Methods should perform health check":
	  <li
	    class="jasmine-failed"
	    id="spec_spec569"
	    title="MockApiService Utility Methods should perform health check"
	  />
	  Name "MockApiService Business Logic Validation should generate unique scenario IDs":
	  <li
	    class="jasmine-failed"
	    id="spec_spec583"
	    title="MockApiService Business Logic Validation should generate unique scenario IDs"
	  />
	  Name "MockApiService Business Logic Validation should maintain scenario data consistency":
	  <li
	    class="jasmine-failed"
	    id="spec_spec584"
	    title="MockApiService Business Logic Validation should maintain scenario data consistency"
	  />
	  Name "MockApiService Data Service Integration should handle client data service errors":
	  <li
	    class="jasmine-failed"
	    id="spec_spec580"
	    title="MockApiService Data Service Integration should handle client data service errors"
	  />
	  Name "MockApiService Data Service Integration should handle collective group data service errors":
	  <li
	    class="jasmine-failed"
	    id="spec_spec582"
	    title="MockApiService Data Service Integration should handle collective group data service errors"
	  />
	  Name "MockApiService Data Service Integration should handle ecosystem data service errors":
	  <li
	    class="jasmine-failed"
	    id="spec_spec581"
	    title="MockApiService Data Service Integration should handle ecosystem data service errors"
	  />
	  Name "MockApiService Ecosystem API Endpoints should update ecosystem document with normal network delay":
	  <li
	    class="jasmine-failed"
	    id="spec_spec555"
	    title="MockApiService Ecosystem API Endpoints should update ecosystem document with normal network delay"
	  />
	  Name "MockApiService Ecosystem API Endpoints should return null for non-existent ecosystem":
	  <li
	    class="jasmine-failed"
	    id="spec_spec553"
	    title="MockApiService Ecosystem API Endpoints should return null for non-existent ecosystem"
	  />
	  Name "MockApiService Ecosystem API Endpoints should get ecosystem by ID with network delay":
	  <li
	    class="jasmine-failed"
	    id="spec_spec552"
	    title="MockApiService Ecosystem API Endpoints should get ecosystem by ID with network delay"
	  />
	  Name "MockApiService Ecosystem API Endpoints should get ecosystems with network delay":
	  <li
	    class="jasmine-failed"
	    id="spec_spec551"
	    title="MockApiService Ecosystem API Endpoints should get ecosystems with network delay"
	  />
	  Name "MockApiService Ecosystem API Endpoints should create ecosystem with slow network delay":
	  <li
	    class="jasmine-failed"
	    id="spec_spec554"
	    title="MockApiService Ecosystem API Endpoints should create ecosystem with slow network delay"
	  />
	  Name "Accessibility Testing Framework AccessibilityTester should detect violations in non-compliant component":
	  <li
	    class="jasmine-passed"
	    id="spec_spec4"
	    title="Accessibility Testing Framework AccessibilityTester should detect violations in non-compliant component"
	  />
	  Name "Accessibility Testing Framework AccessibilityTester should test individual DOM elements":
	  <li
	    class="jasmine-failed"
	    id="spec_spec5"
	    title="Accessibility Testing Framework AccessibilityTester should test individual DOM elements"
	  />
	  Name "Accessibility Testing Framework AccessibilityTester should pass accessibility tests for compliant component":
	  <li
	    class="jasmine-passed"
	    id="spec_spec3"
	    title="Accessibility Testing Framework AccessibilityTester should pass accessibility tests for compliant component"
	  />
	  Name "Accessibility Testing Framework AccessibilityTestUtils should generate violation summary":
	  <li
	    class="jasmine-passed"
	    id="spec_spec8"
	    title="Accessibility Testing Framework AccessibilityTestUtils should generate violation summary"
	  />
	  Name "Accessibility Testing Framework AccessibilityTestUtils should identify critical violations":
	  <li
	    class="jasmine-passed"
	    id="spec_spec6"
	    title="Accessibility Testing Framework AccessibilityTestUtils should identify critical violations"
	  />
	  Name "Accessibility Testing Framework AccessibilityTestUtils should filter violations by impact level":
	  <li
	    class="jasmine-passed"
	    id="spec_spec7"
	    title="Accessibility Testing Framework AccessibilityTestUtils should filter violations by impact level"
	  />
	  Name "Accessibility Testing Framework Report Generation should generate comprehensive accessibility report":
	  <li
	    class="jasmine-passed"
	    id="spec_spec9"
	    title="Accessibility Testing Framework Report Generation should generate comprehensive accessibility report"
	  />
	  Name "Accessibility Testing Framework Helper Functions should work with testComponentAccessibility helper":
	  <li
	    class="jasmine-passed"
	    id="spec_spec10"
	    title="Accessibility Testing Framework Helper Functions should work with testComponentAccessibility helper"
	  />
	  Name "Security settings validation should persist 2FA and encryption toggles and session timeout":
	  <li
	    class="jasmine-passed"
	    id="spec_spec942"
	    title="Security settings validation should persist 2FA and encryption toggles and session timeout"
	  />
	  Name "MetaMapService SDK Availability Check should wait for page load when document not ready":
	  <li
	    class="jasmine-passed"
	    id="spec_spec535"
	    title="MetaMapService SDK Availability Check should wait for page load when document not ready"
	  />
	  Name "MetaMapService SDK Availability Check should handle server-side rendering (no window object)":
	  <li
	    class="jasmine-pending"
	    id="spec_spec534"
	    title="MetaMapService SDK Availability Check should handle server-side rendering (no window object)"
	  />
	  Name "MetaMapService SDK Availability Check should report SDK as unavailable when neither exists":
	  <li
	    class="jasmine-passed"
	    id="spec_spec533"
	    title="MetaMapService SDK Availability Check should report SDK as unavailable when neither exists"
	  />
	  Name "MetaMapService SDK Availability Check should detect SDK availability when metamap-button exists":
	  <li
	    class="jasmine-passed"
	    id="spec_spec532"
	    title="MetaMapService SDK Availability Check should detect SDK availability when metamap-button exists"
	  />
	  Name "MetaMapService SDK Availability Check should detect SDK availability when Mati object exists":
	  <li
	    class="jasmine-passed"
	    id="spec_spec531"
	    title="MetaMapService SDK Availability Check should detect SDK availability when Mati object exists"
	  />
	  Name "MetaMapService KYC Failure Simulation should use default failure reason":
	  <li
	    class="jasmine-passed"
	    id="spec_spec529"
	    title="MetaMapService KYC Failure Simulation should use default failure reason"
	  />
	  Name "MetaMapService KYC Failure Simulation should handle client not found in failure simulation":
	  <li
	    class="jasmine-passed"
	    id="spec_spec530"
	    title="MetaMapService KYC Failure Simulation should handle client not found in failure simulation"
	  />
	  Name "MetaMapService KYC Failure Simulation should simulate KYC failure":
	  <li
	    class="jasmine-passed"
	    id="spec_spec528"
	    title="MetaMapService KYC Failure Simulation should simulate KYC failure"
	  />
	  Name "MetaMapService Edge Cases and Error Handling should handle client without KYC document in completion":
	  <li
	    class="jasmine-passed"
	    id="spec_spec537"
	    title="MetaMapService Edge Cases and Error Handling should handle client without KYC document in completion"
	  />
	  Name "MetaMapService Edge Cases and Error Handling should handle exit event without reason":
	  <li
	    class="jasmine-passed"
	    id="spec_spec536"
	    title="MetaMapService Edge Cases and Error Handling should handle exit event without reason"
	  />
	  Name "MetaMapService Edge Cases and Error Handling should handle button creation with existing button in container":
	  <li
	    class="jasmine-passed"
	    id="spec_spec539"
	    title="MetaMapService Edge Cases and Error Handling should handle button creation with existing button in container"
	  />
	  Name "MetaMapService Edge Cases and Error Handling should handle empty verification data":
	  <li
	    class="jasmine-passed"
	    id="spec_spec538"
	    title="MetaMapService Edge Cases and Error Handling should handle empty verification data"
	  />
	  Name "MetaMapService KYC Button Creation should cleanup event listeners on unsubscribe":
	  <li
	    class="jasmine-passed"
	    id="spec_spec512"
	    title="MetaMapService KYC Button Creation should cleanup event listeners on unsubscribe"
	  />
	  Name "MetaMapService KYC Button Creation should handle container not found error":
	  <li
	    class="jasmine-passed"
	    id="spec_spec508"
	    title="MetaMapService KYC Button Creation should handle container not found error"
	  />
	  Name "MetaMapService KYC Button Creation should create MetaMap button successfully":
	  <li
	    class="jasmine-passed"
	    id="spec_spec507"
	    title="MetaMapService KYC Button Creation should create MetaMap button successfully"
	  />
	  Name "MetaMapService KYC Button Creation should emit KYC success event":
	  <li
	    class="jasmine-passed"
	    id="spec_spec509"
	    title="MetaMapService KYC Button Creation should emit KYC success event"
	  />
	  Name "MetaMapService KYC Button Creation should emit KYC exit event":
	  <li
	    class="jasmine-passed"
	    id="spec_spec510"
	    title="MetaMapService KYC Button Creation should emit KYC exit event"
	  />
	  Name "MetaMapService KYC Button Creation should call optional callback functions":
	  <li
	    class="jasmine-passed"
	    id="spec_spec511"
	    title="MetaMapService KYC Button Creation should call optional callback functions"
	  />
	  Name "MetaMapService KYC Prerequisites Validation should detect missing INE document":
	  <li
	    class="jasmine-passed"
	    id="spec_spec518"
	    title="MetaMapService KYC Prerequisites Validation should detect missing INE document"
	  />
	  Name "MetaMapService KYC Prerequisites Validation should validate prerequisites for ready client":
	  <li
	    class="jasmine-passed"
	    id="spec_spec517"
	    title="MetaMapService KYC Prerequisites Validation should validate prerequisites for ready client"
	  />
	  Name "MetaMapService KYC Prerequisites Validation should detect already completed KYC":
	  <li
	    class="jasmine-passed"
	    id="spec_spec520"
	    title="MetaMapService KYC Prerequisites Validation should detect already completed KYC"
	  />
	  Name "MetaMapService KYC Prerequisites Validation should detect missing comprobante de domicilio":
	  <li
	    class="jasmine-passed"
	    id="spec_spec519"
	    title="MetaMapService KYC Prerequisites Validation should detect missing comprobante de domicilio"
	  />
	  Name "MetaMapService KYC Prerequisites Validation should detect multiple missing documents":
	  <li
	    class="jasmine-passed"
	    id="spec_spec521"
	    title="MetaMapService KYC Prerequisites Validation should detect multiple missing documents"
	  />
	  Name "MetaMapService Service Initialization should be created":
	  <li
	    class="jasmine-passed"
	    id="spec_spec504"
	    title="MetaMapService Service Initialization should be created"
	  />
	  Name "MetaMapService Service Initialization should not reload SDK if already present":
	  <li
	    class="jasmine-passed"
	    id="spec_spec506"
	    title="MetaMapService Service Initialization should not reload SDK if already present"
	  />
	  Name "MetaMapService Service Initialization should initialize MetaMap SDK on creation":
	  <li
	    class="jasmine-passed"
	    id="spec_spec505"
	    title="MetaMapService Service Initialization should initialize MetaMap SDK on creation"
	  />
	  Name "MetaMapService KYC Completion should handle database update errors":
	  <li
	    class="jasmine-passed"
	    id="spec_spec516"
	    title="MetaMapService KYC Completion should handle database update errors"
	  />
	  Name "MetaMapService KYC Completion should cap health score at 100":
	  <li
	    class="jasmine-passed"
	    id="spec_spec515"
	    title="MetaMapService KYC Completion should cap health score at 100"
	  />
	  Name "MetaMapService KYC Completion should complete KYC successfully":
	  <li
	    class="jasmine-passed"
	    id="spec_spec513"
	    title="MetaMapService KYC Completion should complete KYC successfully"
	  />
	  Name "MetaMapService KYC Completion should handle client not found error":
	  <li
	    class="jasmine-passed"
	    id="spec_spec514"
	    title="MetaMapService KYC Completion should handle client not found error"
	  />
	  Name "MetaMapService KYC Status Reporting should report prerequisites_missing status":
	  <li
	    class="jasmine-passed"
	    id="spec_spec526"
	    title="MetaMapService KYC Status Reporting should report prerequisites_missing status"
	  />
	  Name "MetaMapService KYC Status Reporting should report in_progress status":
	  <li
	    class="jasmine-passed"
	    id="spec_spec525"
	    title="MetaMapService KYC Status Reporting should report in_progress status"
	  />
	  Name "MetaMapService KYC Status Reporting should report ready status":
	  <li
	    class="jasmine-passed"
	    id="spec_spec522"
	    title="MetaMapService KYC Status Reporting should report ready status"
	  />
	  Name "MetaMapService KYC Status Reporting should report not_started for client without KYC document":
	  <li
	    class="jasmine-passed"
	    id="spec_spec527"
	    title="MetaMapService KYC Status Reporting should report not_started for client without KYC document"
	  />
	  Name "MetaMapService KYC Status Reporting should report failed status with retry option":
	  <li
	    class="jasmine-passed"
	    id="spec_spec524"
	    title="MetaMapService KYC Status Reporting should report failed status with retry option"
	  />
	  Name "MetaMapService KYC Status Reporting should report completed status":
	  <li
	    class="jasmine-passed"
	    id="spec_spec523"
	    title="MetaMapService KYC Status Reporting should report completed status"
	  />
	  Name "DocumentsPhaseComponent should prevent submission when form is invalid":
	  <li
	    class="jasmine-passed"
	    id="spec_spec858"
	    title="DocumentsPhaseComponent should prevent submission when form is invalid"
	  />
	  Name "DocumentsPhaseComponent should detect when required documents are uploaded":
	  <li
	    class="jasmine-passed"
	    id="spec_spec853"
	    title="DocumentsPhaseComponent should detect when required documents are uploaded"
	  />
	  Name "DocumentsPhaseComponent should complete documents phase when form is valid":
	  <li
	    class="jasmine-passed"
	    id="spec_spec854"
	    title="DocumentsPhaseComponent should complete documents phase when form is valid"
	  />
	  Name "DocumentsPhaseComponent should navigate to plates phase on success":
	  <li
	    class="jasmine-passed"
	    id="spec_spec855"
	    title="DocumentsPhaseComponent should navigate to plates phase on success"
	  />
	  Name "DocumentsPhaseComponent should create":
	  <li
	    class="jasmine-passed"
	    id="spec_spec850"
	    title="DocumentsPhaseComponent should create"
	  />
	  Name "DocumentsPhaseComponent should format file size correctly":
	  <li
	    class="jasmine-passed"
	    id="spec_spec856"
	    title="DocumentsPhaseComponent should format file size correctly"
	  />
	  Name "DocumentsPhaseComponent should initialize form with default values":
	  <li
	    class="jasmine-passed"
	    id="spec_spec851"
	    title="DocumentsPhaseComponent should initialize form with default values"
	  />
	  Name "DocumentsPhaseComponent should validate required fields":
	  <li
	    class="jasmine-passed"
	    id="spec_spec852"
	    title="DocumentsPhaseComponent should validate required fields"
	  />
	  Name "DocumentsPhaseComponent should calculate validation errors correctly":
	  <li
	    class="jasmine-passed"
	    id="spec_spec857"
	    title="DocumentsPhaseComponent should calculate validation errors correctly"
	  />
	  Name "LoginComponent Integration Tests should enable submit button when form is valid":
	  <li
	    class="jasmine-failed"
	    id="spec_spec912"
	    title="LoginComponent Integration Tests should enable submit button when form is valid"
	  />
	  Name "LoginComponent Integration Tests should toggle password visibility":
	  <li
	    class="jasmine-passed"
	    id="spec_spec914"
	    title="LoginComponent Integration Tests should toggle password visibility"
	  />
	  Name "LoginComponent Integration Tests should have proper accessibility attributes":
	  <li
	    class="jasmine-passed"
	    id="spec_spec915"
	    title="LoginComponent Integration Tests should have proper accessibility attributes"
	  />
	  --------------------------------------------------heading:
	  Name "Centro de Comando":
	  <h1
	    _ngcontent-a-c3214690901=""
	    class="text-gradient-primary"
	  />
	  --------------------------------------------------
	  paragraph:
	  Name "":
	  <p
	    _ngcontent-a-c3214690901=""
	    class="brand-subtitle"
	  />
	  Name "":
	  <p
	    _ngcontent-a-c3214690901=""
	    class="register-text"
	  />
	  --------------------------------------------------
	  textbox:
	  Name "📧 Correo Electrónico":
	  <input
	    _ngcontent-a-c3214690901=""
	    class="premium-input ng-untouched ng-pristine ng-invalid"
	    formcontrolname="email"
	    id="email"
	    ng-reflect-name="email"
	    placeholder="ricardo.montoya@cmu.com"
	    type="email"
	  />
	  --------------------------------------------------
	  button:
	  Name "🙈":
	  <button
	    _ngcontent-a-c3214690901=""
	    class="password-toggle-premium"
	    type="button"
	  />
	  Name "¿Olvidaste tu contraseña?":
	  <button
	    _ngcontent-a-c3214690901=""
	    class="forgot-password"
	    type="button"
	  />
	  Name "➡️ Acceder al Cockpit":
	  <button
	    _ngcontent-a-c3214690901=""
	    class="btn-primary command-center-btn"
	    disabled=""
	    type="submit"
	  />
	  --------------------------------------------------
	  checkbox:
	  Name "Recordarme":
	  <input
	    _ngcontent-a-c3214690901=""
	    class="ng-untouched ng-pristine ng-valid"
	    formcontrolname="rememberMe"
	    ng-reflect-name="rememberMe"
	    type="checkbox"
	  />
	  --------------------------------------------------
	  link:
	  Name "Activar Cuenta":
	  <a
	    _ngcontent-a-c3214690901=""
	    class="premium-link"
	    href="/register"
	  />
	  --------------------------------------------------
	Ignored nodes: comments, script, style
	<body>
	  
	    
	  
	    
	  
	    
	  
	    
	  
	    
	  
	    
	  
	    
	  
	  
	  
	  
	  
	  <link
	    crossorigin="anonymous"
	    rel="stylesheet"
	    type="text/css"
	  />
	  
	  
	  
	  <div
	    class="jasmine_html-reporter"
	  >
	    <div
	      class="jasmine-banner"
	    >
	      <a
	        class="jasmine-title"
	        href="http://jasmine.github.io/"
	        target="_blank"
	      />
	      <span
	        class="jasmine-version"
	      >
	        4.6.1
	      </span>
	    </div>
	    <ul
	      class="jasmine-symbol-summary"
	    >
	      <li
	        class="jasmine-passed"
	        id="spec_spec670"
	        title="PostSalesApiService getPostSalesRecord should return null for non-existent VIN"
	      />
	      <li
	        class="jasmine-failed"
	        id="spec_spec669"
	        title="PostSalesApiService getPostSalesRecord should retrieve post-sales record by VIN"
	      />
	      <li
	        class="jasmine-passed"
	        id="spec_spec667"
	        title="PostSalesApiService sendVehicleDeliveredEvent should send vehicle delivered event successfully"
	      />
	      <li
	        class="jasmine-passed"
	        id="spec_spec668"
	        title="PostSalesApiService sendVehicleDeliveredEvent should handle error when sending vehicle delivered event"
	      />
	      <li
	        class="jasmine-failed"
	        id="spec_spec671"
	        title="PostSalesApiService scheduleMaintenanceService should schedule maintenance service successfully"
	      />
	      <li
	        class="jasmine-passed"
	        id="spec_spec666"
	        title="PostSalesApiService should be created"
	      />
	      <li
	        class="jasmine-failed"
	        id="spec_spec672"
	        title="PostSalesApiService recordClientContact should record client contact successfully"
	      />
	      <li
	        class="jasmine-passed"
	        id="spec_spec277"
	        title="CotizadorEngineService Quote Generation with Package should determine client type from package data"
	      />
	      <li
	        class="jasmine-passed"
	        id="spec_spec278"
	        title="CotizadorEngineService Quote Generation with Package should handle direct sale (rate = 0)"
	      />
	      <li
	        class="jasmine-passed"
	        id="spec_spec275"
	        title="CotizadorEngineService Quote Generation with Package should generate quote with minimum down payment"
	      />
	      <li
	        class="jasmine-passed"
	        id="spec_spec276"
	        title="CotizadorEngineService Quote Generation with Package should generate quote with custom down payment"
	      />
	      <li
	        class="jasmine-passed"
	        id="spec_spec267"
	        title="CotizadorEngineService Package Price Calculation should handle 60-month terms correctly"
	      />
	      <li
	        class="jasmine-passed"
	        id="spec_spec266"
	        title="CotizadorEngineService Package Price Calculation should multiply term-based components by years"
	      />
	      <li
	        class="jasmine-passed"
	        id="spec_spec269"
	        title="CotizadorEngineService Package Price Calculation should handle package with no components"
	      />
	      <li
	        class="jasmine-passed"
	        id="spec_spec268"
	        title="CotizadorEngineService Package Price Calculation should skip optional components not selected"
	      />
	      <li
	        class="jasmine-passed"
	        id="spec_spec265"
	        title="CotizadorEngineService Package Price Calculation should calculate package price with selected optionals"
	      />
	      <li
	        class="jasmine-passed"
	        id="spec_spec264"
	        title="CotizadorEngineService Package Price Calculation should calculate basic package price without optionals"
	      />
	      <li
	        class="jasmine-passed"
	        id="spec_spec279"
	        title="CotizadorEngineService Legacy Quote Generation should generate basic quote"
	      />
	      <li
	        class="jasmine-passed"
	        id="spec_spec272"
	        title="CotizadorEngineService Balance Calculations should return zero when all payments made"
	      />
	      <li
	        class="jasmine-passed"
	        id="spec_spec273"
	        title="CotizadorEngineService Balance Calculations should handle no payments made"
	      />
	      <li
	        class="jasmine-passed"
	        id="spec_spec270"
	        title="CotizadorEngineService Balance Calculations should calculate balance for zero interest loan"
	      />
	      <li
	        class="jasmine-failed"
	        id="spec_spec271"
	        title="CotizadorEngineService Balance Calculations should calculate balance for interest-bearing loan"
	      />
	      <li
	        class="jasmine-passed"
	        id="spec_spec274"
	        title="CotizadorEngineService Balance Calculations should handle edge case with zero principal"
	      />
	      <li
	        class="jasmine-passed"
	        id="spec_spec280"
	        title="CotizadorEngineService Amortization Table Generation should generate complete amortization table"
	      />
	      <li
	        class="jasmine-passed"
	        id="spec_spec281"
	        title="CotizadorEngineService Amortization Table Generation should have decreasing balance over time"
	      />
	      <li
	        class="jasmine-passed"
	        id="spec_spec293"
	        title="CotizadorEngineService Market-Specific Business Rules should apply EdoMex collective rules"
	      />
	      <li
	        class="jasmine-passed"
	        id="spec_spec294"
	        title="CotizadorEngineService Market-Specific Business Rules should use fallback rules for unknown market"
	      />
	      <li
	        class="jasmine-passed"
	        id="spec_spec292"
	        title="CotizadorEngineService Market-Specific Business Rules should apply EdoMex individual rules"
	      />
	      <li
	        class="jasmine-passed"
	        id="spec_spec291"
	        title="CotizadorEngineService Market-Specific Business Rules should apply Aguascalientes rules"
	      />
	      <li
	        class="jasmine-passed"
	        id="spec_spec288"
	        title="CotizadorEngineService Configuration Validation should validate EdoMex collective requirements"
	      />
	      <li
	        class="jasmine-passed"
	        id="spec_spec285"
	        title="CotizadorEngineService Configuration Validation should reject zero or negative price"
	      />
	      <li
	        class="jasmine-passed"
	        id="spec_spec283"
	        title="CotizadorEngineService Configuration Validation should reject insufficient down payment"
	      />
	      <li
	        class="jasmine-passed"
	        id="spec_spec282"
	        title="CotizadorEngineService Configuration Validation should validate correct configuration"
	      />
	      <li
	        class="jasmine-passed"
	        id="spec_spec284"
	        title="CotizadorEngineService Configuration Validation should reject invalid term"
	      />
	      <li
	        class="jasmine-passed"
	        id="spec_spec287"
	        title="CotizadorEngineService Configuration Validation should validate EdoMex individual requirements"
	      />
	      <li
	 ...
	    at Object.getElementError (node_modules/@testing-library/dom/dist/@testing-library/dom.esm.js:339:19)
	    at allQuery (node_modules/@testing-library/dom/dist/@testing-library/dom.esm.js:1206:25)
	    at query (node_modules/@testing-library/dom/dist/@testing-library/dom.esm.js:1185:17)
	    at getByRole (node_modules/@testing-library/dom/dist/@testing-library/dom.esm.js:1228:19)
	    at UserContext.<anonymous> (src/app/components/auth/login/login.component.spec.ts:241:33)
	    at Generator.next (<anonymous>)
	    at asyncGeneratorStep (node_modules/@angular-devkit/build-angular/node_modules/@babel/runtime/helpers/esm/asyncToGenerator.js:3:1)
	    at apply (node_modules/@angular-devkit/build-angular/node_modules/@babel/runtime/helpers/esm/asyncToGenerator.js:17:1)
	    at _ZoneDelegate.invoke (node_modules/zone.js/fesm2015/zone.js:369:28)
	    at ProxyZoneSpec.onInvoke (node_modules/zone.js/fesm2015/zone-testing.js:2081:39)
Chrome Headless 140.0.0.0 (Mac OS 10.15.7): Executed 402 of 985[31m (119 FAILED)[39m (skipped 1) (0 secs / 30.982 secs)
[1A[2K[31mChrome Headless 140.0.0.0 (Mac OS 10.15.7) LoginComponent Integration Tests should show validation errors when form is submitted empty FAILED[39m
	TestingLibraryElementError: Found multiple elements with the role "button"
	
	Here are the matching elements:
	
	Ignored nodes: comments, script, style
	<button
	  _ngcontent-a-c3214690901=""
	  class="password-toggle-premium"
	  type="button"
	>
	   🙈 
	</button>
	
	Ignored nodes: comments, script, style
	<button
	  _ngcontent-a-c3214690901=""
	  class="forgot-password"
	  type="button"
	>
	   ¿Olvidaste tu contraseña? 
	</button>
	
	Ignored nodes: comments, script, style
	<button
	  _ngcontent-a-c3214690901=""
	  class="btn-primary command-center-btn"
	  disabled=""
	  type="submit"
	>
	  <span
	    _ngcontent-a-c3214690901=""
	    class="btn-content"
	  >
	    <span
	      _ngcontent-a-c3214690901=""
	      class="btn-icon"
	    >
	      ➡️
	    </span>
	    <span
	      _ngcontent-a-c3214690901=""
	      class="btn-text"
	    >
	      Acceder al Cockpit
	    </span>
	  </span>
	</button>
	
	(If this is intentional, then use the `*AllBy*` variant of the query (like `queryAllByText`, `getAllByText`, or `findAllByText`)).
	
	Ignored nodes: comments, script, style
	<body>
	  
	    
	  
	    
	  
	    
	  
	    
	  
	    
	  
	    
	  
	    
	  
	
	  
	
	  
	
	  
	
	  
	
	  <link
	    crossorigin="anonymous"
	    href="node_modules/jasmine-core/lib/jasmine-core/jasmine.css"
	    rel="stylesheet"
	    type="text/css"
	  />
	  
	
	  
	
	  
	
	  <div
	    class="jasmine_html-reporter"
	  >
	    <div
	      class="jasmine-banner"
	    >
	      <a
	        class="jasmine-title"
	        href="http://jasmine.github.io/"
	        target="_blank"
	      />
	      <span
	        class="jasmine-version"
	      >
	        4.6.1
	      </span>
	    </div>
	    <ul
	      class="jasmine-symbol-summary"
	    >
	      <li
	        class="jasmine-passed"
	        id="spec_spec670"
	        title="PostSalesApiService getPostSalesRecord should return null for non-existent VIN"
	      />
	      <li
	        class="jasmine-failed"
	        id="spec_spec669"
	        title="PostSalesApiService getPostSalesRecord should retrieve post-sales record by VIN"
	      />
	      <li
	        class="jasmine-passed"
	        id="spec_spec667"
	        title="PostSalesApiService sendVehicleDeliveredEvent should send vehicle delivered event successfully"
	      />
	      <li
	        class="jasmine-passed"
	        id="spec_spec668"
	        title="PostSalesApiService sendVehicleDeliveredEvent should handle error when sending vehicle delivered event"
	      />
	      <li
	        class="jasmine-failed"
	        id="spec_spec671"
	        title="PostSalesApiService scheduleMaintenanceService should schedule maintenance service successfully"
	      />
	      <li
	        class="jasmine-passed"
	        id="spec_spec666"
	        title="PostSalesApiService should be created"
	      />
	      <li
	        class="jasmine-failed"
	        id="spec_spec672"
	        title="PostSalesApiService recordClientContact should record client contact successfully"
	      />
	      <li
	        class="jasmine-passed"
	        id="spec_spec277"
	        title="CotizadorEngineService Quote Generation with Package should determine client type from package data"
	      />
	      <li
	        class="jasmine-passed"
	        id="spec_spec278"
	        title="CotizadorEngineService Quote Generation with Package should handle direct sale (rate = 0)"
	      />
	      <li
	        class="jasmine-passed"
	        id="spec_spec275"
	        title="CotizadorEngineService Quote Generation with Package should generate quote with minimum down payment"
	      />
	      <li
	        class="jasmine-passed"
	        id="spec_spec276"
	        title="CotizadorEngineService Quote Generation with Package should generate quote with custom down payment"
	      />
	      <li
	        class="jasmine-passed"
	        id="spec_spec267"
	        title="CotizadorEngineService Package Price Calculation should handle 60-month terms correctly"
	      />
	      <li
	        class="jasmine-passed"
	        id="spec_spec266"
	        title="CotizadorEngineService Package Price Calculation should multiply term-based components by years"
	      />
	      <li
	        class="jasmine-passed"
	        id="spec_spec269"
	        title="CotizadorEngineService Package Price Calculation should handle package with no components"
	      />
	      <li
	        class="jasmine-passed"
	        id="spec_spec268"
	        title="CotizadorEngineService Package Price Calculation should skip optional components not selected"
	      />
	      <li
	        class="jasmine-passed"
	        id="spec_spec265"
	        title="CotizadorEngineService Package Price Calculation should calculate package price with selected optionals"
	      />
	      <li
	        class="jasmine-passed"
	        id="spec_spec264"
	        title="CotizadorEngineService Package Price Calculation should calculate basic package price without optionals"
	      />
	      <li
	        class="jasmine-passed"
	        id="spec_spec279"
	        title="CotizadorEngineService Legacy Quote Generation should generate basic quote"
	      />
	      <li
	        class="jasmine-passed"
	        id="spec_spec272"
	        title="CotizadorEngineService Balance Calculations should return zero when all payments made"
	      />
	      <li
	        class="jasmine-passed"
	        id="spec_spec273"
	        title="CotizadorEngineService Balance Calculations should handle no payments made"
	      />
	      <li
	        class="jasmine-passed"
	        id="spec_spec270"
	        title="CotizadorEngineService Balance Calculations should calculate balance for zero interest loan"
	      />
	      <li
	        class="jasmine-failed"
	        id="spec_spec271"
	        title="CotizadorEngineService Balance Calculations should calculate balance for interest-bearing loan"
	      />
	      <li
	        class="jasmine-passed"
	        id="spec_spec274"
	        title="CotizadorEngineService Balance Calculations should handle edge case with zero principal"
	      />
	      <li
	        class="jasmine-passed"
	        id="spec_spec280"
	        title="CotizadorEngineService Amortization Table Generation should generate complete amortization table"
	      />
	      <li
	        class="jasmine-passed"
	        id="spec_spec281"
	        title="CotizadorEngineService Amortization Table Generation should have decreasing balance over time"
	      />
	      <li
	        class="jasmine-passed"
	        id="spec_spec293"
	        title="CotizadorEngineService Market-Specific Business Rules should apply EdoMex collective rules"
	      />
	      <li
	        class="jasmine-passed"
	        id="spec_spec294"
	        title="CotizadorEngineService Market-Specific Business Rules should use fallback rules for unknown market"
	      />
	      <li
	        class="jasmine-passed"
	        id="spec_spec292"
	        title="CotizadorEngineService Market-Specific Business Rules should apply EdoMex individual rules"
	      />
	      <li
	        class="jasmine-passed"
	        id="spec_spec291"
	        title="CotizadorEngineService Market-Specific Business Rules should apply Aguascalientes rules"
	      />
	      <li
	        class="jasmine-passed"
	        id="spec_spec288"
	        title="CotizadorEngineService Configuration Validation should validate EdoMex collective requirements"
	      />
	      <li
	        class="jasmine-passed"
	        id="spec_spec285"
	        title="CotizadorEngineService Configuration Validation should reject zero or negative price"
	      />
	      <li
	        class="jasmine-passed"
	        id="spec_spec283"
	        title="CotizadorEngineService Configuration Validation should reject insufficient down payment"
	      />
	      <li
	        class="jasmine-passed"
	        id="spec_spec282"
	        title="CotizadorEngineService Configuration Validation should validate correct configuration"
	      />
	      <li
	        class="jasmine-passed"
	        id="spec_spec284"
	        title="CotizadorEngineService Configuration Validation should reject invalid term"
	      />
	      <li
	        class="jasmine-passed"
	        id="spec_spec287"
	        title="CotizadorEngineService Configuration Validation should validate EdoMex individual requirements"
	      />
	      <li
	 ...
	TestingLibraryElementError: Found multiple elements with the role "button"
	Here are the matching elements:
	Ignored nodes: comments, script, style
	<button
	  _ngcontent-a-c3214690901=""
	  class="password-toggle-premium"
	  type="button"
	>
	   🙈 
	</button>
	Ignored nodes: comments, script, style
	<button
	  _ngcontent-a-c3214690901=""
	  class="forgot-password"
	  type="button"
	>
	   ¿Olvidaste tu contraseña? 
	</button>
	Ignored nodes: comments, script, style
	<button
	  _ngcontent-a-c3214690901=""
	  class="btn-primary command-center-btn"
	  disabled=""
	  type="submit"
	>
	  <span
	    _ngcontent-a-c3214690901=""
	    class="btn-content"
	  >
	    <span
	      _ngcontent-a-c3214690901=""
	      class="btn-icon"
	    >
	      ➡️
	    </span>
	    <span
	      _ngcontent-a-c3214690901=""
	      class="btn-text"
	    >
	      Acceder al Cockpit
	    </span>
	  </span>
	</button>
	(If this is intentional, then use the `*AllBy*` variant of the query (like `queryAllByText`, `getAllByText`, or `findAllByText`)).
	Ignored nodes: comments, script, style
	<body>
	  
	    
	  
	    
	  
	    
	  
	    
	  
	    
	  
	    
	  
	    
	  
	  
	  
	  
	  
	  <link
	    crossorigin="anonymous"
	    rel="stylesheet"
	    type="text/css"
	  />
	  
	  
	  
	  <div
	    class="jasmine_html-reporter"
	  >
	    <div
	      class="jasmine-banner"
	    >
	      <a
	        class="jasmine-title"
	        href="http://jasmine.github.io/"
	        target="_blank"
	      />
	      <span
	        class="jasmine-version"
	      >
	        4.6.1
	      </span>
	    </div>
	    <ul
	      class="jasmine-symbol-summary"
	    >
	      <li
	        class="jasmine-passed"
	        id="spec_spec670"
	        title="PostSalesApiService getPostSalesRecord should return null for non-existent VIN"
	      />
	      <li
	        class="jasmine-failed"
	        id="spec_spec669"
	        title="PostSalesApiService getPostSalesRecord should retrieve post-sales record by VIN"
	      />
	      <li
	        class="jasmine-passed"
	        id="spec_spec667"
	        title="PostSalesApiService sendVehicleDeliveredEvent should send vehicle delivered event successfully"
	      />
	      <li
	        class="jasmine-passed"
	        id="spec_spec668"
	        title="PostSalesApiService sendVehicleDeliveredEvent should handle error when sending vehicle delivered event"
	      />
	      <li
	        class="jasmine-failed"
	        id="spec_spec671"
	        title="PostSalesApiService scheduleMaintenanceService should schedule maintenance service successfully"
	      />
	      <li
	        class="jasmine-passed"
	        id="spec_spec666"
	        title="PostSalesApiService should be created"
	      />
	      <li
	        class="jasmine-failed"
	        id="spec_spec672"
	        title="PostSalesApiService recordClientContact should record client contact successfully"
	      />
	      <li
	        class="jasmine-passed"
	        id="spec_spec277"
	        title="CotizadorEngineService Quote Generation with Package should determine client type from package data"
	      />
	      <li
	        class="jasmine-passed"
	        id="spec_spec278"
	        title="CotizadorEngineService Quote Generation with Package should handle direct sale (rate = 0)"
	      />
	      <li
	        class="jasmine-passed"
	        id="spec_spec275"
	        title="CotizadorEngineService Quote Generation with Package should generate quote with minimum down payment"
	      />
	      <li
	        class="jasmine-passed"
	        id="spec_spec276"
	        title="CotizadorEngineService Quote Generation with Package should generate quote with custom down payment"
	      />
	      <li
	        class="jasmine-passed"
	        id="spec_spec267"
	        title="CotizadorEngineService Package Price Calculation should handle 60-month terms correctly"
	      />
	      <li
	        class="jasmine-passed"
	        id="spec_spec266"
	        title="CotizadorEngineService Package Price Calculation should multiply term-based components by years"
	      />
	      <li
	        class="jasmine-passed"
	        id="spec_spec269"
	        title="CotizadorEngineService Package Price Calculation should handle package with no components"
	      />
	      <li
	        class="jasmine-passed"
	        id="spec_spec268"
	        title="CotizadorEngineService Package Price Calculation should skip optional components not selected"
	      />
	      <li
	        class="jasmine-passed"
	        id="spec_spec265"
	        title="CotizadorEngineService Package Price Calculation should calculate package price with selected optionals"
	      />
	      <li
	        class="jasmine-passed"
	        id="spec_spec264"
	        title="CotizadorEngineService Package Price Calculation should calculate basic package price without optionals"
	      />
	      <li
	        class="jasmine-passed"
	        id="spec_spec279"
	        title="CotizadorEngineService Legacy Quote Generation should generate basic quote"
	      />
	      <li
	        class="jasmine-passed"
	        id="spec_spec272"
	        title="CotizadorEngineService Balance Calculations should return zero when all payments made"
	      />
	      <li
	        class="jasmine-passed"
	        id="spec_spec273"
	        title="CotizadorEngineService Balance Calculations should handle no payments made"
	      />
	      <li
	        class="jasmine-passed"
	        id="spec_spec270"
	        title="CotizadorEngineService Balance Calculations should calculate balance for zero interest loan"
	      />
	      <li
	        class="jasmine-failed"
	        id="spec_spec271"
	        title="CotizadorEngineService Balance Calculations should calculate balance for interest-bearing loan"
	      />
	      <li
	        class="jasmine-passed"
	        id="spec_spec274"
	        title="CotizadorEngineService Balance Calculations should handle edge case with zero principal"
	      />
	      <li
	        class="jasmine-passed"
	        id="spec_spec280"
	        title="CotizadorEngineService Amortization Table Generation should generate complete amortization table"
	      />
	      <li
	        class="jasmine-passed"
	        id="spec_spec281"
	        title="CotizadorEngineService Amortization Table Generation should have decreasing balance over time"
	      />
	      <li
	        class="jasmine-passed"
	        id="spec_spec293"
	        title="CotizadorEngineService Market-Specific Business Rules should apply EdoMex collective rules"
	      />
	      <li
	        class="jasmine-passed"
	        id="spec_spec294"
	        title="CotizadorEngineService Market-Specific Business Rules should use fallback rules for unknown market"
	      />
	      <li
	        class="jasmine-passed"
	        id="spec_spec292"
	        title="CotizadorEngineService Market-Specific Business Rules should apply EdoMex individual rules"
	      />
	      <li
	        class="jasmine-passed"
	        id="spec_spec291"
	        title="CotizadorEngineService Market-Specific Business Rules should apply Aguascalientes rules"
	      />
	      <li
	        class="jasmine-passed"
	        id="spec_spec288"
	        title="CotizadorEngineService Configuration Validation should validate EdoMex collective requirements"
	      />
	      <li
	        class="jasmine-passed"
	        id="spec_spec285"
	        title="CotizadorEngineService Configuration Validation should reject zero or negative price"
	      />
	      <li
	        class="jasmine-passed"
	        id="spec_spec283"
	        title="CotizadorEngineService Configuration Validation should reject insufficient down payment"
	      />
	      <li
	        class="jasmine-passed"
	        id="spec_spec282"
	        title="CotizadorEngineService Configuration Validation should validate correct configuration"
	      />
	      <li
	        class="jasmine-passed"
	        id="spec_spec284"
	        title="CotizadorEngineService Configuration Validation should reject invalid term"
	      />
	      <li
	        class="jasmine-passed"
	        id="spec_spec287"
	        title="CotizadorEngineService Configuration Validation should validate EdoMex individual requirements"
	      />
	      <li
	 ...
	    at Object.getElementError (node_modules/@testing-library/dom/dist/@testing-library/dom.esm.js:339:19)
	    at getElementError (node_modules/@testing-library/dom/dist/@testing-library/dom.esm.js:1149:22)
	    at getMultipleElementsFoundError (node_modules/@testing-library/dom/dist/@testing-library/dom.esm.js:1152:10)
	    at query (node_modules/@testing-library/dom/dist/@testing-library/dom.esm.js:1188:13)
	    at getByRole (node_modules/@testing-library/dom/dist/@testing-library/dom.esm.js:1228:19)
	    at UserContext.<anonymous> (src/app/components/auth/login/login.component.spec.ts:181:33)
	    at Generator.next (<anonymous>)
	    at asyncGeneratorStep (node_modules/@angular-devkit/build-angular/node_modules/@babel/runtime/helpers/esm/asyncToGenerator.js:3:1)
	    at apply (node_modules/@angular-devkit/build-angular/node_modules/@babel/runtime/helpers/esm/asyncToGenerator.js:17:1)
	    at _ZoneDelegate.invoke (node_modules/zone.js/fesm2015/zone.js:369:28)
Chrome Headless 140.0.0.0 (Mac OS 10.15.7): Executed 403 of 985[31m (120 FAILED)[39m (skipped 1) (0 secs / 30.988 secs)
[1A[2KChrome Headless 140.0.0.0 (Mac OS 10.15.7): Executed 404 of 985[31m (120 FAILED)[39m (skipped 1) (0 secs / 31.061 secs)
[1A[2KChrome Headless 140.0.0.0 (Mac OS 10.15.7): Executed 405 of 985[31m (120 FAILED)[39m (skipped 1) (0 secs / 31.064 secs)
[1A[2K[31mChrome Headless 140.0.0.0 (Mac OS 10.15.7) LoginComponent Integration Tests should render login form with all required fields FAILED[39m
	TestingLibraryElementError: Unable to find an accessible element with the role "button" and name `/iniciar sesión/i`
	
	Here are the accessible roles:
	
	  link:
	
	  Name "":
	  <a
	    class="jasmine-title"
	    href="http://jasmine.github.io/"
	    target="_blank"
	  />
	
	  --------------------------------------------------
	  list:
	
	  Name "":
	  <ul
	    class="jasmine-symbol-summary"
	  />
	
	  --------------------------------------------------
	  listitem:
	
	  Name "PostSalesApiService getPostSalesRecord should return null for non-existent VIN":
	  <li
	    class="jasmine-passed"
	    id="spec_spec670"
	    title="PostSalesApiService getPostSalesRecord should return null for non-existent VIN"
	  />
	
	  Name "PostSalesApiService getPostSalesRecord should retrieve post-sales record by VIN":
	  <li
	    class="jasmine-failed"
	    id="spec_spec669"
	    title="PostSalesApiService getPostSalesRecord should retrieve post-sales record by VIN"
	  />
	
	  Name "PostSalesApiService sendVehicleDeliveredEvent should send vehicle delivered event successfully":
	  <li
	    class="jasmine-passed"
	    id="spec_spec667"
	    title="PostSalesApiService sendVehicleDeliveredEvent should send vehicle delivered event successfully"
	  />
	
	  Name "PostSalesApiService sendVehicleDeliveredEvent should handle error when sending vehicle delivered event":
	  <li
	    class="jasmine-passed"
	    id="spec_spec668"
	    title="PostSalesApiService sendVehicleDeliveredEvent should handle error when sending vehicle delivered event"
	  />
	
	  Name "PostSalesApiService scheduleMaintenanceService should schedule maintenance service successfully":
	  <li
	    class="jasmine-failed"
	    id="spec_spec671"
	    title="PostSalesApiService scheduleMaintenanceService should schedule maintenance service successfully"
	  />
	
	  Name "PostSalesApiService should be created":
	  <li
	    class="jasmine-passed"
	    id="spec_spec666"
	    title="PostSalesApiService should be created"
	  />
	
	  Name "PostSalesApiService recordClientContact should record client contact successfully":
	  <li
	    class="jasmine-failed"
	    id="spec_spec672"
	    title="PostSalesApiService recordClientContact should record client contact successfully"
	  />
	
	  Name "CotizadorEngineService Quote Generation with Package should determine client type from package data":
	  <li
	    class="jasmine-passed"
	    id="spec_spec277"
	    title="CotizadorEngineService Quote Generation with Package should determine client type from package data"
	  />
	
	  Name "CotizadorEngineService Quote Generation with Package should handle direct sale (rate = 0)":
	  <li
	    class="jasmine-passed"
	    id="spec_spec278"
	    title="CotizadorEngineService Quote Generation with Package should handle direct sale (rate = 0)"
	  />
	
	  Name "CotizadorEngineService Quote Generation with Package should generate quote with minimum down payment":
	  <li
	    class="jasmine-passed"
	    id="spec_spec275"
	    title="CotizadorEngineService Quote Generation with Package should generate quote with minimum down payment"
	  />
	
	  Name "CotizadorEngineService Quote Generation with Package should generate quote with custom down payment":
	  <li
	    class="jasmine-passed"
	    id="spec_spec276"
	    title="CotizadorEngineService Quote Generation with Package should generate quote with custom down payment"
	  />
	
	  Name "CotizadorEngineService Package Price Calculation should handle 60-month terms correctly":
	  <li
	    class="jasmine-passed"
	    id="spec_spec267"
	    title="CotizadorEngineService Package Price Calculation should handle 60-month terms correctly"
	  />
	
	  Name "CotizadorEngineService Package Price Calculation should multiply term-based components by years":
	  <li
	    class="jasmine-passed"
	    id="spec_spec266"
	    title="CotizadorEngineService Package Price Calculation should multiply term-based components by years"
	  />
	
	  Name "CotizadorEngineService Package Price Calculation should handle package with no components":
	  <li
	    class="jasmine-passed"
	    id="spec_spec269"
	    title="CotizadorEngineService Package Price Calculation should handle package with no components"
	  />
	
	  Name "CotizadorEngineService Package Price Calculation should skip optional components not selected":
	  <li
	    class="jasmine-passed"
	    id="spec_spec268"
	    title="CotizadorEngineService Package Price Calculation should skip optional components not selected"
	  />
	
	  Name "CotizadorEngineService Package Price Calculation should calculate package price with selected optionals":
	  <li
	    class="jasmine-passed"
	    id="spec_spec265"
	    title="CotizadorEngineService Package Price Calculation should calculate package price with selected optionals"
	  />
	
	  Name "CotizadorEngineService Package Price Calculation should calculate basic package price without optionals":
	  <li
	    class="jasmine-passed"
	    id="spec_spec264"
	    title="CotizadorEngineService Package Price Calculation should calculate basic package price without optionals"
	  />
	
	  Name "CotizadorEngineService Legacy Quote Generation should generate basic quote":
	  <li
	    class="jasmine-passed"
	    id="spec_spec279"
	    title="CotizadorEngineService Legacy Quote Generation should generate basic quote"
	  />
	
	  Name "CotizadorEngineService Balance Calculations should return zero when all payments made":
	  <li
	    class="jasmine-passed"
	    id="spec_spec272"
	    title="CotizadorEngineService Balance Calculations should return zero when all payments made"
	  />
	
	  Name "CotizadorEngineService Balance Calculations should handle no payments made":
	  <li
	    class="jasmine-passed"
	    id="spec_spec273"
	    title="CotizadorEngineService Balance Calculations should handle no payments made"
	  />
	
	  Name "CotizadorEngineService Balance Calculations should calculate balance for zero interest loan":
	  <li
	    class="jasmine-passed"
	    id="spec_spec270"
	    title="CotizadorEngineService Balance Calculations should calculate balance for zero interest loan"
	  />
	
	  Name "CotizadorEngineService Balance Calculations should calculate balance for interest-bearing loan":
	  <li
	    class="jasmine-failed"
	    id="spec_spec271"
	    title="CotizadorEngineService Balance Calculations should calculate balance for interest-bearing loan"
	  />
	
	  Name "CotizadorEngineService Balance Calculations should handle edge case with zero principal":
	  <li
	    class="jasmine-passed"
	    id="spec_spec274"
	    title="CotizadorEngineService Balance Calculations should handle edge case with zero principal"
	  />
	
	  Name "CotizadorEngineService Amortization Table Generation should generate complete amortization table":
	  <li
	    class="jasmine-passed"
	    id="spec_spec280"
	    title="CotizadorEngineService Amortization Table Generation should generate complete amortization table"
	  />
	
	  Name "CotizadorEngineService Amortization Table Generation should have decreasing balance over time":
	  <li
	    class="jasmine-passed"
	    id="spec_spec281"
	    title="CotizadorEngineService Amortization Table Generation should have decreasing balance over time"
	  />
	
	  Name "CotizadorEngineService Market-Specific Business Rules should apply EdoMex collective rules":
	  <li
	    class="jasmine-passed"
	    id="spec_spec293"
	    title="CotizadorEngineService Market-Specific Business Rules should apply EdoMex collective rules"
	  />
	
	  Name "CotizadorEngineService Market-Specific Business Rules should use fallback rules for unknown market":
	  <li
	    class="jasmine-passed"
	    id="spec_spec294"
	    title="CotizadorEngineService Market-Specific Business Rules should use fallback rules for unknown market"
	  />
	
	  Name "CotizadorEngineService Market-Specific Business Rules should apply EdoMex individual rules":
	  <li
	    class="jasmine-passed"
	    id="spec_spec292"
	    title="CotizadorEngineService Market-Specific Business Rules should apply EdoMex individual rules"
	  />
	
	  Name "CotizadorEngineService Market-Specific Business Rules should apply Aguascalientes rules":
	  <li
	    class="jasmine-passed"
	    id="spec_spec291"
	    title="CotizadorEngineService Market-Specific Business Rules should apply Aguascalientes rules"
	  />
	
	  Name "CotizadorEngineService Configuration Validation should validate EdoMex collective requirements":
	  <li
	    class="jasmine-passed"
	    id="spec_spec288"
	    title="CotizadorEngineService Configuration Validation should validate EdoMex collective requirements"
	  />
	
	  Name "CotizadorEngineService Configuration Validation should reject zero or negative price":
	  <li
	    class="jasmine-passed"
	    id="spec_spec285"
	    title="CotizadorEngineService Configuration Validation should reject zero or negative price"
	  />
	
	  Name "CotizadorEngineService Configuration Validation should reject insufficient down payment":
	  <li
	    class="jasmine-passed"
	    id="spec_spec283"
	    title="CotizadorEngineService Configuration Validation should reject insufficient down payment"
	  />
	
	  Name "CotizadorEngineService Configuration Validation should validate correct configuration":
	  <li
	    class="jasmine-passed"
	    id="spec_spec282"
	    title="CotizadorEngineService Configuration Validation should validate correct configuration"
	  />
	
	  Name "CotizadorEngineService Configuration Validation should reject invalid term":
	  <li
	    class="jasmine-passed"
	    id="spec_spec284"
	    title="CotizadorEngineService Configuration Validation should reject invalid term"
	  />
	
	  Name "CotizadorEngineService Configuration Validation should validate EdoMex individual requirements":
	  <li
	    class="jasmine-passed"
	    id="spec_spec287"
	    title="CotizadorEngineService Configuration Validation should validate EdoMex individual requirements"
	  />
	
	  Name "CotizadorEngineService Configuration Validation should reject down payment equal to total price":
	  <li
	    class="jasmine-passed"
	    id="spec_spec286"
	    title="CotizadorEngineService Configuration Validation should reject down payment equal to total price"
	  />
	
	  Name "CotizadorEngineService Financial Summary Calculations should calculate total interest":
	  <li
	    class="jasmine-passed"
	    id="spec_spec289"
	    title="CotizadorEngineService Financial Summary Calculations should calculate total interest"
	  />
	
	  Name "CotizadorEngineService Financial Summary Calculations should generate financial summary":
	  <li
	    class="jasmine-passed"
	    id="spec_spec290"
	    title="CotizadorEngineService Financial Summary Calculations should generate financial summary"
	  />
	
	  Name "CotizadorEngineService Product Package Management should get EdoMex colectivo package":
	  <li
	    class="jasmine-passed"
	    id="spec_spec261"
	    title="CotizadorEngineService Product Package Management should get EdoMex colectivo package"
	  />
	
	  Name "CotizadorEngineService Product Package Management should get Aguascalientes plazo package":
	  <li
	    class="jasmine-passed"
	    id="spec_spec260"
	    title="CotizadorEngineService Product Package Management should get Aguascalientes plazo package"
	  />
	
	  Name "CotizadorEngineService Product Package Management should handle unknown market gracefully":
	  <li
	    class="jasmine-passed"
	    id="spec_spec263"
	    title="CotizadorEngineService Product Package Management should handle unknown market gracefully"
	  />
	
	  Name "CotizadorEngineService Product Package Management should get EdoMex directa package":
	  <li
	    class="jasmine-passed"
	    id="spec_spec262"
	    title="CotizadorEngineService Product Package Management should get EdoMex directa package"
	  />
	
	  Name "CotizadorEngineService Service Initialization should be created":
	  <li
	    class="jasmine-passed"
	    id="spec_spec259"
	    title="CotizadorEngineService Service Initialization should be created"
	  />
	
	  Name "PerformanceConfigService should merge profile-specific overrides":
	  <li
	    class="jasmine-passed"
	    id="spec_spec664"
	    title="PerformanceConfigService should merge profile-specific overrides"
	  />
	
	  Name "PerformanceConfigService getDelay/getTimeout should return numeric values from profile or defaults":
	  <li
	    class="jasmine-passed"
	    id="spec_spec665"
	    title="PerformanceConfigService getDelay/getTimeout should return numeric values from profile or defaults"
	  />
	
	  Name "PerformanceConfigService should override defaults with provided config":
	  <li
	    class="jasmine-passed"
	    id="spec_spec663"
	    title="PerformanceConfigService should override defaults with provided config"
	  />
	
	  Name "PerformanceConfigService should return defaults when no config provided":
	  <li
	    class="jasmine-passed"
	    id="spec_spec662"
	    title="PerformanceConfigService should return defaults when no config provided"
	  />
	
	  Name "SimuladorEngineService Service Initialization should be created":
	  <li
	    class="jasmine-passed"
	    id="spec_spec720"
	    title="SimuladorEngineService Service Initialization should be created"
	  />
	
	  Name "SimuladorEngineService Senior-First Formatting should format scenario summary for seniors":
	  <li
	    class="jasmine-passed"
	    id="spec_spec743"
	    title="SimuladorEngineService Senior-First Formatting should format scenario summary for seniors"
	  />
	
	  Name "SimuladorEngineService Senior-First Formatting should format key numbers correctly":
	  <li
	    class="jasmine-passed"
	    id="spec_spec744"
	    title="SimuladorEngineService Senior-First Formatting should format key numbers correctly"
	  />
	
	  Name "SimuladorEngineService Senior-First Formatting should limit timeline to first 5 events":
	  <li
	    class="jasmine-passed"
	    id="spec_spec746"
	    title="SimuladorEngineService Senior-First Formatting should limit timeline to first 5 events"
	  />
	
	  Name "SimuladorEngineService Senior-First Formatting should format timeline with limited events":
	  <li
	    class="jasmine-passed"
	    id="spec_spec745"
	    title="SimuladorEngineService Senior-First Formatting should format timeline with limited events"
	  />
	
	  Name "SimuladorEngineService Edge Cases and Error Handling should handle very large target amounts":
	  <li
	    class="jasmine-passed"
	    id="spec_spec749"
	    title="SimuladorEngineService Edge Cases and Error Handling should handle very large target amounts"
	  />
	
	  Name "SimuladorEngineService Edge Cases and Error Handling should handle zero consumption in individual scenario":
	  <li
	    class="jasmine-passed"
	    id="spec_spec748"
	    title="SimuladorEngineService Edge Cases and Error Handling should handle zero consumption in individual scenario"
	  />
	
	  Name "SimuladorEngineService Edge Cases and Error Handling should handle zero target amount in AGS scenario":
	  <li
	    class="jasmine-passed"
	    id="spec_spec747"
	    title="SimuladorEngineService Edge Cases and Error Handling should handle zero target amount in AGS scenario"
	  />
	
	  Name "SimuladorEngineService Edge Cases and Error Handling should handle zero member count in collective scenario":
	  <li
	    class="jasmine-passed"
	    id="spec_spec750"
	    title="SimuladorEngineService Edge Cases and Error Handling should handle zero member count in collective scenario"
	  />
	
	  Name "SimuladorEngineService EdoMex Individual Scenario should calculate months to target correctly":
	  <li
	    class="jasmine-passed"
	    id="spec_spec727"
	    title="SimuladorEngineService EdoMex Individual Scenario should calculate months to target correctly"
	  />
	
	  Name "SimuladorEngineService EdoMex Individual Scenario should generate individual savings scenario":
	  <li
	    class="jasmine-passed"
	    id="spec_spec726"
	    title="SimuladorEngineService EdoMex Individual Scenario should generate individual savings scenario"
	  />
	
	  Name "SimuladorEngineService EdoMex Individual Scenario should handle zero voluntary contribution":
	  <li
	    class="jasmine-passed"
	    id="spec_spec729"
	    title="SimuladorEngineService EdoMex Individual Scenario should handle zero voluntary contribution"
	  />
	
	  Name "SimuladorEngineService EdoMex Individual Scenario should generate progressive balance projection":
	  <li
	    class="jasmine-passed"
	    id="spec_spec728"
	    title="SimuladorEngineService EdoMex Individual Scenario should generate progressive balance projection"
	  />
	
	  Name "SimuladorEngineService EdoMex Individual Scenario should create timeline with milestone":
	  <li
	    class="jasmine-passed"
	    id="spec_spec730"
	    title="SimuladorEngineService EdoMex Individual Scenario should create timeline with milestone"
	  />
	
	  Name "SimuladorEngineService EdoMex Collective Scenario should use first award timing from tanda simulation":
	  <li
	    class="jasmine-passed"
	    id="spec_spec734"
	    title="SimuladorEngineService EdoMex Collective Scenario should use first award timing from tanda simulation"
	  />
	
	  Name "SimuladorEngineService EdoMex Collective Scenario should handle missing first award timing":
	  <li
	    class="jasmine-passed"
	    id="spec_spec735"
	    title="SimuladorEngineService EdoMex Collective Scenario should handle missing first award timing"
	  />
	
	  Name "SimuladorEngineService EdoMex Collective Scenario should calculate total savings target based on member count":
	  <li
	    class="jasmine-passed"
	    id="spec_spec733"
	    title="SimuladorEngineService EdoMex Collective Scenario should calculate total savings target based on member count"
	  />
	
	  Name "SimuladorEngineService EdoMex Collective Scenario should generate collective scenario with tanda integration":
	  <li
	    class="jasmine-passed"
	    id="spec_spec731"
	    title="SimuladorEngineService EdoMex Collective Scenario should generate collective scenario with tanda integration"
	  />
	
	  Name "SimuladorEngineService EdoMex Collective Scenario should calculate individual contributions correctly":
	  <li
	    class="jasmine-passed"
	    id="spec_spec732"
	    title="SimuladorEngineService EdoMex Collective Scenario should calculate individual contributions correctly"
	  />
	
	  Name "SimuladorEngineService Scenario Optimization should optimize AGS liquidation scenario":
	  <li
	    class="jasmine-passed"
	    id="spec_spec736"
	    title="SimuladorEngineService Scenario Optimization should optimize AGS liquidation scenario"
	  />
	
	  Name "SimuladorEngineService Scenario Optimization should optimize EdoMex collective scenario":
	  <li
	    class="jasmine-passed"
	    id="spec_spec738"
	    title="SimuladorEngineService Scenario Optimization should optimize EdoMex collective scenario"
	  />
	
	  Name "SimuladorEngineService Scenario Optimization should handle unknown scenario type":
	  <li
	    class="jasmine-passed"
	    id="spec_spec739"
	    title="SimuladorEngineService Scenario Optimization should handle unknown scenario type"
	  />
	
	  Name "SimuladorEngineService Scenario Optimization should optimize EdoMex individual scenario":
	  <li
	    class="jasmine-passed"
	    id="spec_spec737"
	    title="SimuladorEngineService Scenario Optimization should optimize EdoMex individual scenario"
	  />
	
	  Name "SimuladorEngineService Comparison Scenarios should handle empty variations array":
	  <li
	    class="jasmine-passed"
	    id="spec_spec742"
	    title="SimuladorEngineService Comparison Scenarios should handle empty variations array"
	  />
	
	  Name "SimuladorEngineService Comparison Scenarios should preserve other parameters when varying specific ones":
	  <li
	    class="jasmine-passed"
	    id="spec_spec741"
	    title="SimuladorEngineService Comparison Scenarios should preserve other parameters when varying specific ones"
	  />
	
	  Name "SimuladorEngineService Comparison Scenarios should generate comparison scenarios with parameter variations":
	  <li
	    class="jasmine-passed"
	    id="spec_spec740"
	    title="SimuladorEngineService Comparison Scenarios should generate comparison scenarios with parameter variations"
	  />
	
	  Name "SimuladorEngineService AGS Liquidation Scenario should handle single plate scenario":
	  <li
	    class="jasmine-passed"
	    id="spec_spec725"
	    title="SimuladorEngineService AGS Liquidation Scenario should handle single plate scenario"
	  />
	
	  Name "SimuladorEngineService AGS Liquidation Scenario should handle zero consumption scenario":
	  <li
	    class="jasmine-passed"
	    id="spec_spec724"
	    title="SimuladorEngineService AGS Liquidation Scenario should handle zero consumption scenario"
	  />
	
	  Name "SimuladorEngineService AGS Liquidation Scenario should generate basic liquidation scenario":
	  <li
	    class="jasmine-passed"
	    id="spec_spec721"
	    title="SimuladorEngineService AGS Liquidation Scenario should generate basic liquidation scenario"
	  />
	
	  Name "SimuladorEngineService AGS Liquidation Scenario should generate timeline events correctly":
	  <li
	    class="jasmine-passed"
	    id="spec_spec723"
	    title="SimuladorEngineService AGS Liquidation Scenario should generate timeline events correctly"
	  />
	
	  Name "SimuladorEngineService AGS Liquidation Scenario should calculate projected balance correctly":
	  <li
	    class="jasmine-passed"
	    id="spec_spec722"
	    title="SimuladorEngineService AGS Liquidation Scenario should calculate projected balance correctly"
	  />
	
	  Name "OnboardingEngineService should call updateClient with id and updated object on reviewDocument":
	  <li
	    class="jasmine-passed"
	    id="spec_spec661"
	    title="OnboardingEngineService should call updateClient with id and updated object on reviewDocument"
	  />
	
	  Name "OnboardingEngineService should call updateClient with id and updated object on document submission":
	  <li
	    class="jasmine-passed"
	    id="spec_spec660"
	    title="OnboardingEngineService should call updateClient with id and updated object on document submission"
	  />
	
	  Name "ClienteFormComponent should validate phone format":
	  <li
	    class="jasmine-failed"
	    id="spec_spec921"
	    title="ClienteFormComponent should validate phone format"
	  />
	
	  Name "ClienteFormComponent should validate email format":
	  <li
	    class="jasmine-failed"
	    id="spec_spec920"
	    title="ClienteFormComponent should validate email format"
	  />
	
	  Name "ClienteFormComponent should handle API error during client creation":
	  <li
	    class="jasmine-failed"
	    id="spec_spec926"
	    title="ClienteFormComponent should handle API error during client creation"
	  />
	
	  Name "ClienteFormComponent should create":
	  <li
	    class="jasmine-failed"
	    id="spec_spec917"
	    title="ClienteFormComponent should create"
	  />
	
	  Name "ClienteFormComponent should initialize form with default values for new client":
	  <li
	    class="jasmine-failed"
	    id="spec_spec918"
	    title="ClienteFormComponent should initialize form with default values for new client"
	  />
	
	  Name "ClienteFormComponent should validate RFC format if provided":
	  <li
	    class="jasmine-failed"
	    id="spec_spec922"
	    title="ClienteFormComponent should validate RFC format if provided"
	  />
	
	  Name "ClienteFormComponent should navigate back when goBack is called":
	  <li
	    class="jasmine-failed"
	    id="spec_spec928"
	    title="ClienteFormComponent should navigate back when goBack is called"
	  />
	
	  Name "ClienteFormComponent should prevent form submission when invalid":
	  <li
	    class="jasmine-failed"
	    id="spec_spec927"
	    title="ClienteFormComponent should prevent form submission when invalid"
	  />
	
	  Name "ClienteFormComponent should validate required fields":
	  <li
	    class="jasmine-failed"
	    id="spec_spec919"
	    title="ClienteFormComponent should validate required fields"
	  />
	
	  Name "ClienteFormComponent should update existing client with valid form data":
	  <li
	    class="jasmine-failed"
	    id="spec_spec925"
	    title="ClienteFormComponent should update existing client with valid form data"
	  />
	
	  Name "ClienteFormComponent should handle different markets correctly":
	  <li
	    class="jasmine-failed"
	    id="spec_spec931"
	    title="ClienteFormComponent should handle different markets correctly"
	  />
	
	  Name "ClienteFormComponent should clean form when switching between markets":
	  <li
	    class="jasmine-failed"
	    id="spec_spec932"
	    title="ClienteFormComponent should clean form when switching between markets"
	  />
	
	  Name "ClienteFormComponent should handle different business flows correctly":
	  <li
	    class="jasmine-failed"
	    id="spec_spec930"
	    title="ClienteFormComponent should handle different business flows correctly"
	  />
	
	  Name "ClienteFormComponent should load existing client data in edit mode":
	  <li
	    class="jasmine-failed"
	    id="spec_spec924"
	    title="ClienteFormComponent should load existing client data in edit mode"
	  />
	
	  Name "ClienteFormComponent should set loading state during form submission":
	  <li
	    class="jasmine-failed"
	    id="spec_spec929"
	    title="ClienteFormComponent should set loading state during form submission"
	  />
	
	  Name "ClienteFormComponent should create new client with valid form data":
	  <li
	    class="jasmine-failed"
	    id="spec_spec923"
	    title="ClienteFormComponent should create new client with valid form data"
	  />
	
	  Name "PushNotificationService Initialization Flow should return false for denied permission":
	  <li
	    class="jasmine-passed"
	    id="spec_spec719"
	    title="PushNotificationService Initialization Flow should return false for denied permission"
	  />
	
	  Name "PushNotificationService Initialization Flow should return false for unsupported environment":
	  <li
	    class="jasmine-failed"
	    id="spec_spec718"
	    title="PushNotificationService Initialization Flow should return false for unsupported environment"
	  />
	
	  Name "PushNotificationService Initialization Flow should initialize notifications with granted permission":
	  <li
	    class="jasmine-passed"
	    id="spec_spec716"
	    title="PushNotificationService Initialization Flow should initialize notifications with granted permission"
	  />
	
	  Name "PushNotificationService Initialization Flow should request permission for default permission":
	  <li
	    class="jasmine-passed"
	    id="spec_spec717"
	    title="PushNotificationService Initialization Flow should request permission for default permission"
	  />
	
	  Name "PushNotificationService Utility Methods should get notification status":
	  <li
	    class="jasmine-passed"
	    id="spec_spec709"
	    title="PushNotificationService Utility Methods should get notification status"
	  />
	
	  Name "PushNotificationService Utility Methods should detect browser name correctly":
	  <li
	    class="jasmine-passed"
	    id="spec_spec710"
	    title="PushNotificationService Utility Methods should detect browser name correctly"
	  />
	
	  Name "PushNotificationService Utility Methods should detect OS name correctly":
	  <li
	    class="jasmine-passed"
	    id="spec_spec711"
	    title="PushNotificationService Utility Methods should detect OS name correctly"
	  />
	
	  Name "PushNotificationService Utility Methods should convert ArrayBuffer to Base64":
	  <li
	    class="jasmine-passed"
	    id="spec_spec712"
	    title="PushNotificationService Utility Methods should convert ArrayBuffer to Base64"
	  />
	
	  Name "PushNotificationService Utility Methods should get current user ID":
	  <li
	    class="jasmine-passed"
	    id="spec_spec713"
	    title="PushNotificationService Utility Methods should get current user ID"
	  />
	
	  Name "PushNotificationService Utility Methods should get auth token":
	  <li
	    class="jasmine-passed"
	    id="spec_spec715"
	    title="PushNotificationService Utility Methods should get auth token"
	  />
	
	  Name "PushNotificationService Utility Methods should return anonymous for missing user":
	  <li
	    class="jasmine-passed"
	    id="spec_spec714"
	    title="PushNotificationService Utility Methods should return anonymous for missing user"
	  />
	
	  Name "PushNotificationService Test and Debugging should fallback to local notification on API failure":
	  <li
	    class="jasmine-passed"
	    id="spec_spec708"
	    title="PushNotificationService Test and Debugging should fallback to local notification on API failure"
	  />
	
	  Name "PushNotificationService Test and Debugging should send test notification via API":
	  <li
	    class="jasmine-passed"
	    id="spec_spec707"
	    title="PushNotificationService Test and Debugging should send test notification via API"
	  />
	
	  Name "PushNotificationService Service Initialization should initialize with empty notification history":
	  <li
	    class="jasmine-passed"
	    id="spec_spec685"
	    title="PushNotificationService Service Initialization should initialize with empty notification history"
	  />
	
	  Name "PushNotificationService Service Initialization should initialize with no subscription":
	  <li
	    class="jasmine-passed"
	    id="spec_spec684"
	    title="PushNotificationService Service Initialization should initialize with no subscription"
	  />
	
	  Name "PushNotificationService Service Initialization should check push notification support":
	  <li
	    class="jasmine-passed"
	    id="spec_spec682"
	    title="PushNotificationService Service Initialization should check push notification support"
	  />
	
	  Name "PushNotificationService Service Initialization should initialize with default permission":
	  <li
	    class="jasmine-passed"
	    id="spec_spec683"
	    title="PushNotificationService Service Initialization should initialize with default permission"
	  />
	
	  Name "PushNotificationService Service Initialization should be created":
	  <li
	    class="jasmine-passed"
	    id="spec_spec681"
	    title="PushNotificationService Service Initialization should be created"
	  />
	
	  Name "PushNotificationService Notification History should get unread notification count":
	  <li
	    class="jasmine-passed"
	    id="spec_spec701"
	    title="PushNotificationService Notification History should get unread notification count"
	  />
	
	  Name "PushNotificationService Notification History should limit notification history to 50 items":
	  <li
	    class="jasmine-passed"
	    id="spec_spec706"
	    title="PushNotificationService Notification History should limit notification history to 50 items"
	  />
	
	  Name "PushNotificationService Notification History should handle corrupted notification history data":
	  <li
	    class="jasmine-failed"
	    id="spec_spec705"
	    title="PushNotificationService Notification History should handle corrupted notification history data"
	  />
	
	  Name "PushNotificationService Notification History should mark all notifications as read":
	  <li
	    class="jasmine-passed"
	    id="spec_spec702"
	    title="PushNotificationService Notification History should mark all notifications as read"
	  />
	
	  Name "PushNotificationService Notification History should clear notification history":
	  <li
	    class="jasmine-passed"
	    id="spec_spec703"
	    title="PushNotificationService Notification History should clear notification history"
	  />
	
	  Name "PushNotificationService Notification History should load stored notifications on initialization":
	  <li
	    class="jasmine-failed"
	    id="spec_spec704"
	    title="PushNotificationService Notification History should load stored notifications on initialization"
	  />
	
	  Name "PushNotificationService Notification Handling should show in-app notification when document is visible":
	  <li
	    class="jasmine-passed"
	    id="spec_spec698"
	    title="PushNotificationService Notification Handling should show in-app notification when document is visible"
	  />
	
	  Name "PushNotificationService Notification Handling should handle notification clicks":
	  <li
	    class="jasmine-passed"
	    id="spec_spec699"
	    title="PushNotificationService Notification Handling should handle notification clicks"
	  />
	
	  Name "PushNotificationService Notification Handling should navigate to client page for document_pending notifications":
	  <li
	    class="jasmine-failed"
	    id="spec_spec700"
	    title="PushNotificationService Notification Handling should navigate to client page for document_pending notifications"
	  />
	
	  Name "PushNotificationService Notification Handling should setup notification handlers":
	  <li
	    class="jasmine-passed"
	    id="spec_spec696"
	    title="PushNotificationService Notification Handling should setup notification handlers"
	  />
	
	  Name "PushNotificationService Notification Handling should handle incoming notification message":
	  <li
	    class="jasmine-failed"
	    id="spec_spec697"
	    title="PushNotificationService Notification Handling should handle incoming notification message"
	  />
	
	  Name "PushNotificationService Subscription Management should unsubscribe from push notifications":
	  <li
	    class="jasmine-failed"
	    id="spec_spec692"
	    title="PushNotificationService Subscription Management should unsubscribe from push notifications"
	  />
	
	  Name "PushNotificationService Subscription Management should subscribe to push notifications":
	  <li
	    class="jasmine-failed"
	    id="spec_spec689"
	    title="PushNotificationService Subscription Management should subscribe to push notifications"
	  />
	
	  Name "PushNotificationService Subscription Management should load existing subscription from localStorage":
	  <li
	    class="jasmine-failed"
	    id="spec_spec694"
	    title="PushNotificationService Subscription Management should load existing subscription from localStorage"
	  />
	
	  Name "PushNotificationService Subscription Management should handle corrupted localStorage subscription data":
	  <li
	    class="jasmine-failed"
	    id="spec_spec695"
	    title="PushNotificationService Subscription Management should handle corrupted localStorage subscription data"
	  />
	
	  Name "PushNotificationService Subscription Management should handle unsubscribe failures gracefully":
	  <li
	    class="jasmine-passed"
	    id="spec_spec693"
	    title="PushNotificationService Subscription Management should handle unsubscribe failures gracefully"
	  />
	
	  Name "PushNotificationService Subscription Management should return null when permission not granted":
	  <li
	    class="jasmine-passed"
	    id="spec_spec690"
	    title="PushNotificationService Subscription Management should return null when permission not granted"
	  />
	
	  Name "PushNotificationService Subscription Management should handle subscription failures":
	  <li
	    class="jasmine-passed"
	    id="spec_spec691"
	    title="PushNotificationService Subscription Management should handle subscription failures"
	  />
	
	  Name "PushNotificationService Permission Management should throw error when push notifications not supported":
	  <li
	    class="jasmine-failed"
	    id="spec_spec688"
	    title="PushNotificationService Permission Management should throw error when push notifications not supported"
	  />
	
	  Name "PushNotificationService Permission Management should handle permission denied":
	  <li
	    class="jasmine-passed"
	    id="spec_spec687"
	    title="PushNotificationService Permission Management should handle permission denied"
	  />
	
	  Name "PushNotificationService Permission Management should request notification permission":
	  <li
	    class="jasmine-passed"
	    id="spec_spec686"
	    title="PushNotificationService Permission Management should request notification permission"
	  />
	
	  Name "math.util helpers should aggregate values":
	  <li
	    class="jasmine-passed"
	    id="spec_spec848"
	    title="math.util helpers should aggregate values"
	  />
	
	  Name "math.util rate conversions should be consistent":
	  <li
	    class="jasmine-passed"
	    id="spec_spec846"
	    title="math.util rate conversions should be consistent"
	  />
	
	  Name "math.util annuity should compute payment correctly":
	  <li
	    class="jasmine-passed"
	    id="spec_spec847"
	    title="math.util annuity should compute payment correctly"
	  />
	
	  Name "math.util round2 should round to 2 decimals":
	  <li
	    class="jasmine-passed"
	    id="spec_spec843"
	    title="math.util round2 should round to 2 decimals"
	  />
	
	  Name "math.util safe operations should reduce FP drift":
	  <li
	    class="jasmine-passed"
	    id="spec_spec844"
	    title="math.util safe operations should reduce FP drift"
	  />
	
	  Name "math.util monthsToYearsCeil should ceil to years":
	  <li
	    class="jasmine-passed"
	    id="spec_spec849"
	    title="math.util monthsToYearsCeil should ceil to years"
	  />
	
	  Name "math.util clamp should bound values":
	  <li
	    class="jasmine-passed"
	    id="spec_spec845"
	    title="math.util clamp should bound values"
	  />
	
	  Name "BusinessRulesService Age Calculation should handle birthday not yet reached this year":
	  <li
	    class="jasmine-passed"
	    id="spec_spec154"
	    title="BusinessRulesService Age Calculation should handle birthday not yet reached this year"
	  />
	
	  Name "BusinessRulesService Age Calculation should calculate age correctly":
	  <li
	    class="jasmine-passed"
	    id="spec_spec153"
	    title="BusinessRulesService Age Calculation should calculate age correctly"
	  />
	
	  Name "BusinessRulesService Market Requirements should get Aguascalientes requirements":
	  <li
	    class="jasmine-passed"
	    id="spec_spec143"
	    title="BusinessRulesService Market Requirements should get Aguascalientes requirements"
	  />
	
	  Name "BusinessRulesService Market Requirements should get Estado de México requirements":
	  <li
	    class="jasmine-passed"
	    id="spec_spec144"
	    title="BusinessRulesService Market Requirements should get Estado de México requirements"
	  />
	
	  Name "BusinessRulesService Market Requirements should include required documents for each market":
	  <li
	    class="jasmine-passed"
	    id="spec_spec145"
	    title="BusinessRulesService Market Requirements should include required documents for each market"
	  />
	
	  Name "BusinessRulesService Business Flow Change Validation should allow flow change when no documents are approved":
	  <li
	    class="jasmine-passed"
	    id="spec_spec146"
	    title="BusinessRulesService Business Flow Change Validation should allow flow change when no documents are approved"
	  />
	
	  Name "BusinessRulesService Business Flow Change Validation should not allow flow change when documents are approved":
	  <li
	    class="jasmine-passed"
	    id="spec_spec147"
	    title="BusinessRulesService Business Flow Change Validation should not allow flow change when documents are approved"
	  />
	
	  Name "BusinessRulesService Business Flow Change Validation should not allow collective credit in Aguascalientes":
	  <li
	    class="jasmine-passed"
	    id="spec_spec148"
	    title="BusinessRulesService Business Flow Change Validation should not allow collective credit in Aguascalientes"
	  />
	
	  Name "BusinessRulesService Business Flow Change Validation should require ecosystem for EdoMex collective credit":
	  <li
	    class="jasmine-passed"
	    id="spec_spec149"
	    title="BusinessRulesService Business Flow Change Validation should require ecosystem for EdoMex collective credit"
	  />
	
	  Name "BusinessRulesService Market Requirements Special Rules should include EdoMex specific rules about ecosystem":
	  <li
	    class="jasmine-passed"
	    id="spec_spec162"
	    title="BusinessRulesService Market Requirements Special Rules should include EdoMex specific rules about ecosystem"
	  />
	
	  Name "BusinessRulesService Market Requirements Special Rules should include AGS specific rules about credit types":
	  <li
	    class="jasmine-passed"
	    id="spec_spec161"
	    title="BusinessRulesService Market Requirements Special Rules should include AGS specific rules about credit types"
	  />
	
	  Name "BusinessRulesService Helper Methods should generate ecosystem validation notes":
	  <li
	    class="jasmine-passed"
	    id="spec_spec157"
	    title="BusinessRulesService Helper Methods should generate ecosystem validation notes"
	  />
	
	  Name "BusinessRulesService Helper Methods should consolidate validation results correctly":
	  <li
	    class="jasmine-passed"
	    id="spec_spec155"
	    title="BusinessRulesService Helper Methods should consolidate validation results correctly"
	  />
	
	  Name "BusinessRulesService Helper Methods should get ecosystem required documents":
	  <li
	    class="jasmine-passed"
	    id="spec_spec156"
	    title="BusinessRulesService Helper Methods should get ecosystem required documents"
	  />
	
	  Name "BusinessRulesService Collective Group Validation Details should validate down payment minimum for collective credit":
	  <li
	    class="jasmine-passed"
	    id="spec_spec160"
	    title="BusinessRulesService Collective Group Validation Details should validate down payment minimum for collective credit"
	  />
	
	  Name "BusinessRulesService Collective Group Validation Details should validate down payment range for collective credit":
	  <li
	    class="jasmine-passed"
	    id="spec_spec159"
	    title="BusinessRulesService Collective Group Validation Details should validate down payment range for collective credit"
	  />
	
	  Name "BusinessRulesService Collective Group Validation Details should validate minimum group size":
	  <li
	    class="jasmine-passed"
	    id="spec_spec158"
	    title="BusinessRulesService Collective Group Validation Details should validate minimum group size"
	  />
	
	  Name "BusinessRulesService Credit History Validation should warn about low credit score":
	  <li
	    class="jasmine-passed"
	    id="spec_spec151"
	    title="BusinessRulesService Credit History Validation should warn about low credit score"
	  />
	
	  Name "BusinessRulesService Credit History Validation should validate credit history with simulated score":
	  <li
	    class="jasmine-passed"
	    id="spec_spec150"
	    title="BusinessRulesService Credit History Validation should validate credit history with simulated score"
	  />
	
	  Name "BusinessRulesService Credit History Validation should recommend special conditions for very low score":
	  <li
	    class="jasmine-passed"
	    id="spec_spec152"
	    title="BusinessRulesService Credit History Validation should recommend special conditions for very low score"
	  />
	
	  Name "BusinessRulesService Ecosystem Validation Edge Cases should properly identify required vs optional documents":
	  <li
	    class="jasmine-failed"
	    id="spec_spec164"
	    title="BusinessRulesService Ecosystem Validation Edge Cases should properly identify required vs optional documents"
	  />
	
	  Name "BusinessRulesService Ecosystem Validation Edge Cases should handle ecosystem validation with partial documents":
	  <li
	    class="jasmine-passed"
	    id="spec_spec163"
	    title="BusinessRulesService Ecosystem Validation Edge Cases should handle ecosystem validation with partial documents"
	  />
	
	  Name "BusinessRulesService Service Initialization should have universal rules":
	  <li
	    class="jasmine-passed"
	    id="spec_spec120"
	    title="BusinessRulesService Service Initialization should have universal rules"
	  />
	
	  Name "BusinessRulesService Service Initialization should have EdoMex specific rules":
	  <li
	    class="jasmine-passed"
	    id="spec_spec119"
	    title="BusinessRulesService Service Initialization should have EdoMex specific rules"
	  />
	
	  Name "BusinessRulesService Service Initialization should be created":
	  <li
	    class="jasmine-passed"
	    id="spec_spec116"
	    title="BusinessRulesService Service Initialization should be created"
	  />
	
	  Name "BusinessRulesService Service Initialization should have AGS specific rules":
	  <li
	    class="jasmine-passed"
	    id="spec_spec118"
	    title="BusinessRulesService Service Initialization should have AGS specific rules"
	  />
	
	  Name "BusinessRulesService Service Initialization should initialize validation rules":
	  <li
	    class="jasmine-passed"
	    id="spec_spec117"
	    title="BusinessRulesService Service Initialization should initialize validation rules"
	  />
	
	  Name "BusinessRulesService EdoMex Specific Validations should require group assignment for collective credit":
	  <li
	    class="jasmine-passed"
	    id="spec_spec136"
	    title="BusinessRulesService EdoMex Specific Validations should require group assignment for collective credit"
	  />
	
	  Name "BusinessRulesService EdoMex Specific Validations should require ecosystem assignment for EdoMex":
	  <li
	    class="jasmine-passed"
	    id="spec_spec133"
	    title="BusinessRulesService EdoMex Specific Validations should require ecosystem assignment for EdoMex"
	  />
	
	  Name "BusinessRulesService EdoMex Specific Validations should validate collective group requirements":
	  <li
	    class="jasmine-passed"
	    id="spec_spec135"
	    title="BusinessRulesService EdoMex Specific Validations should validate collective group requirements"
	  />
	
	  Name "BusinessRulesService EdoMex Specific Validations should validate EdoMex payment capacity ($20,000 minimum)":
	  <li
	    class="jasmine-passed"
	    id="spec_spec137"
	    title="BusinessRulesService EdoMex Specific Validations should validate EdoMex payment capacity ($20,000 minimum)"
	  />
	
	  Name "BusinessRulesService EdoMex Specific Validations should warn about high payment-to-income ratio":
	  <li
	    class="jasmine-passed"
	    id="spec_spec138"
	    title="BusinessRulesService EdoMex Specific Validations should warn about high payment-to-income ratio"
	  />
	
	  Name "BusinessRulesService EdoMex Specific Validations should validate EdoMex ecosystem documents":
	  <li
	    class="jasmine-passed"
	    id="spec_spec134"
	    title="BusinessRulesService EdoMex Specific Validations should validate EdoMex ecosystem documents"
	  />
	
	  Name "BusinessRulesService Ecosystem Validation should fail ecosystem validation for client without ecosystem":
	  <li
	    class="jasmine-passed"
	    id="spec_spec140"
	    title="BusinessRulesService Ecosystem Validation should fail ecosystem validation for client without ecosystem"
	  />
	
	  Name "BusinessRulesService Ecosystem Validation should throw error for AGS client ecosystem validation":
	  <li
	    class="jasmine-passed"
	    id="spec_spec141"
	    title="BusinessRulesService Ecosystem Validation should throw error for AGS client ecosystem validation"
	  />
	
	  Name "BusinessRulesService Ecosystem Validation should identify missing ecosystem documents":
	  <li
	    class="jasmine-passed"
	    id="spec_spec142"
	    title="BusinessRulesService Ecosystem Validation should identify missing ecosystem documents"
	  />
	
	  Name "BusinessRulesService Ecosystem Validation should validate ecosystem for EdoMex client":
	  <li
	    class="jasmine-failed"
	    id="spec_spec139"
	    title="BusinessRulesService Ecosystem Validation should validate ecosystem for EdoMex client"
	  />
	
	  Name "BusinessRulesService Client Validation should filter rules by business flow correctly":
	  <li
	    class="jasmine-passed"
	    id="spec_spec128"
	    title="BusinessRulesService Client Validation should filter rules by business flow correctly"
	  />
	
	  Name "BusinessRulesService Client Validation should filter rules by market correctly":
	  <li
	    class="jasmine-passed"
	    id="spec_spec127"
	    title="BusinessRulesService Client Validation should filter rules by market correctly"
	  />
	
	  Name "BusinessRulesService Client Validation should fail validation for underage client":
	  <li
	    class="jasmine-passed"
	    id="spec_spec124"
	    title="BusinessRulesService Client Validation should fail validation for underage client"
	  />
	
	  Name "BusinessRulesService Client Validation should fail validation for client with missing documents":
	  <li
	    class="jasmine-passed"
	    id="spec_spec123"
	    title="BusinessRulesService Client Validation should fail validation for client with missing documents"
	  />
	
	  Name "BusinessRulesService Client Validation should fail validation for client without income":
	  <li
	    class="jasmine-passed"
	    id="spec_spec126"
	    title="BusinessRulesService Client Validation should fail validation for client without income"
	  />
	
	  Name "BusinessRulesService Client Validation should fail validation for client over age limit":
	  <li
	    class="jasmine-passed"
	    id="spec_spec125"
	    title="BusinessRulesService Client Validation should fail validation for client over age limit"
	  />
	
	  Name "BusinessRulesService Client Validation should validate EdoMex client successfully":
	  <li
	    class="jasmine-passed"
	    id="spec_spec122"
	    title="BusinessRulesService Client Validation should validate EdoMex client successfully"
	  />
	
	  Name "BusinessRulesService Client Validation should validate AGS client successfully":
	  <li
	    class="jasmine-passed"
	    id="spec_spec121"
	    title="BusinessRulesService Client Validation should validate AGS client successfully"
	  />
	
	  Name "BusinessRulesService AGS Specific Validations should validate AGS term requirements (12 or 24 months)":
	  <li
	    class="jasmine-passed"
	    id="spec_spec130"
	    title="BusinessRulesService AGS Specific Validations should validate AGS term requirements (12 or 24 months)"
	  />
	
	  Name "BusinessRulesService AGS Specific Validations should validate AGS minimum income ($15,000)":
	  <li
	    class="jasmine-passed"
	    id="spec_spec131"
	    title="BusinessRulesService AGS Specific Validations should validate AGS minimum income ($15,000)"
	  />
	
	  Name "BusinessRulesService AGS Specific Validations should validate AGS required documents":
	  <li
	    class="jasmine-passed"
	    id="spec_spec132"
	    title="BusinessRulesService AGS Specific Validations should validate AGS required documents"
	  />
	
	  Name "BusinessRulesService AGS Specific Validations should validate AGS down payment requirement (60%)":
	  <li
	    class="jasmine-passed"
	    id="spec_spec129"
	    title="BusinessRulesService AGS Specific Validations should validate AGS down payment requirement (60%)"
	  />
	
	  Name "AppComponent should render title":
	  <li
	    class="jasmine-passed"
	    id="spec_spec2"
	    title="AppComponent should render title"
	  />
	
	  Name "AppComponent should create the app":
	  <li
	    class="jasmine-passed"
	    id="spec_spec0"
	    title="AppComponent should create the app"
	  />
	
	  Name "AppComponent should have the 'conductores-pwa' title":
	  <li
	    class="jasmine-passed"
	    id="spec_spec1"
	    title="AppComponent should have the 'conductores-pwa' title"
	  />
	
	  Name "ToastService Success Toast should create success toast with default duration":
	  <li
	    class="jasmine-passed"
	    id="spec_spec781"
	    title="ToastService Success Toast should create success toast with default duration"
	  />
	
	  Name "ToastService Success Toast should create success toast with custom duration":
	  <li
	    class="jasmine-passed"
	    id="spec_spec782"
	    title="ToastService Success Toast should create success toast with custom duration"
	  />
	
	  Name "ToastService Success Toast should add success toast to toasts array":
	  <li
	    class="jasmine-passed"
	    id="spec_spec783"
	    title="ToastService Success Toast should add success toast to toasts array"
	  />
	
	  Name "ToastService Error Toast should create error toast with default duration":
	  <li
	    class="jasmine-passed"
	    id="spec_spec784"
	    title="ToastService Error Toast should create error toast with default duration"
	  />
	
	  Name "ToastService Error Toast should create error toast with custom duration":
	  <li
	    class="jasmine-passed"
	    id="spec_spec785"
	    title="ToastService Error Toast should create error toast with custom duration"
	  />
	
	  Name "ToastService Edge Cases should handle zero duration":
	  <li
	    class="jasmine-passed"
	    id="spec_spec802"
	    title="ToastService Edge Cases should handle zero duration"
	  />
	
	  Name "ToastService Edge Cases should handle empty message":
	  <li
	    class="jasmine-passed"
	    id="spec_spec800"
	    title="ToastService Edge Cases should handle empty message"
	  />
	
	  Name "ToastService Edge Cases should handle rapid consecutive toasts":
	  <li
	    class="jasmine-failed"
	    id="spec_spec805"
	    title="ToastService Edge Cases should handle rapid consecutive toasts"
	  />
	
	  Name "ToastService Edge Cases should handle negative duration":
	  <li
	    class="jasmine-passed"
	    id="spec_spec803"
	    title="ToastService Edge Cases should handle negative duration"
	  />
	
	  Name "ToastService Edge Cases should handle special characters in message":
	  <li
	    class="jasmine-passed"
	    id="spec_spec804"
	    title="ToastService Edge Cases should handle special characters in message"
	  />
	
	  Name "ToastService Edge Cases should handle very long message":
	  <li
	    class="jasmine-passed"
	    id="spec_spec801"
	    title="ToastService Edge Cases should handle very long message"
	  />
	
	  Name "ToastService Observable Behavior should emit toasts through observable":
	  <li
	    class="jasmine-passed"
	    id="spec_spec797"
	    title="ToastService Observable Behavior should emit toasts through observable"
	  />
	
	  Name "ToastService Observable Behavior should emit each toast separately":
	  <li
	    class="jasmine-passed"
	    id="spec_spec799"
	    title="ToastService Observable Behavior should emit each toast separately"
	  />
	
	  Name "ToastService Observable Behavior should support multiple subscribers":
	  <li
	    class="jasmine-passed"
	    id="spec_spec798"
	    title="ToastService Observable Behavior should support multiple subscribers"
	  />
	
	  Name "ToastService Toast State Management should handle removing all toasts":
	  <li
	    class="jasmine-passed"
	    id="spec_spec807"
	    title="ToastService Toast State Management should handle removing all toasts"
	  />
	
	  Name "ToastService Toast State Management should maintain correct state after multiple operations":
	  <li
	    class="jasmine-failed"
	    id="spec_spec806"
	    title="ToastService Toast State Management should maintain correct state after multiple operations"
	  />
	
	  Name "ToastService Warning Toast should create warning toast with default duration":
	  <li
	    class="jasmine-passed"
	    id="spec_spec786"
	    title="ToastService Warning Toast should create warning toast with default duration"
	  />
	
	  Name "ToastService Warning Toast should create warning toast with custom duration":
	  <li
	    class="jasmine-passed"
	    id="spec_spec787"
	    title="ToastService Warning Toast should create warning toast with custom duration"
	  />
	
	  Name "ToastService Service Initialization should be created":
	  <li
	    class="jasmine-passed"
	    id="spec_spec778"
	    title="ToastService Service Initialization should be created"
	  />
	
	  Name "ToastService Service Initialization should have toasts$ observable":
	  <li
	    class="jasmine-passed"
	    id="spec_spec780"
	    title="ToastService Service Initialization should have toasts$ observable"
	  />
	
	  Name "ToastService Service Initialization should initialize with empty toasts array":
	  <li
	    class="jasmine-passed"
	    id="spec_spec779"
	    title="ToastService Service Initialization should initialize with empty toasts array"
	  />
	
	  Name "ToastService Toast Management should remove toast by ID":
	  <li
	    class="jasmine-passed"
	    id="spec_spec791"
	    title="ToastService Toast Management should remove toast by ID"
	  />
	
	  Name "ToastService Toast Management should generate unique IDs for different toasts":
	  <li
	    class="jasmine-failed"
	    id="spec_spec790"
	    title="ToastService Toast Management should generate unique IDs for different toasts"
	  />
	
	  Name "ToastService Toast Management should remove only specified toast when multiple exist":
	  <li
	    class="jasmine-failed"
	    id="spec_spec793"
	    title="ToastService Toast Management should remove only specified toast when multiple exist"
	  />
	
	  Name "ToastService Toast Management should handle removing non-existent toast ID":
	  <li
	    class="jasmine-passed"
	    id="spec_spec792"
	    title="ToastService Toast Management should handle removing non-existent toast ID"
	  />
	
	  Name "ToastService Info Toast should create info toast with default duration":
	  <li
	    class="jasmine-passed"
	    id="spec_spec788"
	    title="ToastService Info Toast should create info toast with default duration"
	  />
	
	  Name "ToastService Info Toast should create info toast with custom duration":
	  <li
	    class="jasmine-passed"
	    id="spec_spec789"
	    title="ToastService Info Toast should create info toast with custom duration"
	  />
	
	  Name "ToastService Auto-removal Functionality should auto-remove toast after specified duration":
	  <li
	    class="jasmine-passed"
	    id="spec_spec794"
	    title="ToastService Auto-removal Functionality should auto-remove toast after specified duration"
	  />
	
	  Name "ToastService Auto-removal Functionality should handle manual removal before auto-removal":
	  <li
	    class="jasmine-passed"
	    id="spec_spec796"
	    title="ToastService Auto-removal Functionality should handle manual removal before auto-removal"
	  />
	
	  Name "ToastService Auto-removal Functionality should auto-remove multiple toasts at different times":
	  <li
	    class="jasmine-failed"
	    id="spec_spec795"
	    title="ToastService Auto-removal Functionality should auto-remove multiple toasts at different times"
	  />
	
	  Name "LoginComponent Accessibility Tests Progressive Enhancement should degrade gracefully":
	  <li
	    class="jasmine-passed"
	    id="spec_spec892"
	    title="LoginComponent Accessibility Tests Progressive Enhancement should degrade gracefully"
	  />
	
	  Name "LoginComponent Accessibility Tests Progressive Enhancement should work without JavaScript enhancements":
	  <li
	    class="jasmine-passed"
	    id="spec_spec891"
	    title="LoginComponent Accessibility Tests Progressive Enhancement should work without JavaScript enhancements"
	  />
	
	  Name "LoginComponent Accessibility Tests Error Handling Accessibility should announce authentication errors accessibly":
	  <li
	    class="jasmine-failed"
	    id="spec_spec889"
	    title="LoginComponent Accessibility Tests Error Handling Accessibility should announce authentication errors accessibly"
	  />
	
	  Name "LoginComponent Accessibility Tests Error Handling Accessibility should provide recovery instructions for errors":
	  <li
	    class="jasmine-empty"
	    id="spec_spec890"
	    title="LoginComponent Accessibility Tests Error Handling Accessibility should provide recovery instructions for errors"
	  />
	
	  Name "LoginComponent Accessibility Tests LoginComponent should be accessible":
	  <li
	    class="jasmine-passed"
	    id="spec_spec893"
	    title="LoginComponent Accessibility Tests LoginComponent should be accessible"
	  />
	
	  Name "LoginComponent Accessibility Tests Form Accessibility should have properly labeled form controls":
	  <li
	    class="jasmine-passed"
	    id="spec_spec871"
	    title="LoginComponent Accessibility Tests Form Accessibility should have properly labeled form controls"
	  />
	
	  Name "LoginComponent Accessibility Tests Form Accessibility should have appropriate input types and attributes":
	  <li
	    class="jasmine-failed"
	    id="spec_spec872"
	    title="LoginComponent Accessibility Tests Form Accessibility should have appropriate input types and attributes"
	  />
	
	  Name "LoginComponent Accessibility Tests Form Accessibility should pass automated accessibility tests":
	  <li
	    class="jasmine-passed"
	    id="spec_spec869"
	    title="LoginComponent Accessibility Tests Form Accessibility should pass automated accessibility tests"
	  />
	
	  Name "LoginComponent Accessibility Tests Form Accessibility should announce form submission status":
	  <li
	    class="jasmine-passed"
	    id="spec_spec874"
	    title="LoginComponent Accessibility Tests Form Accessibility should announce form submission status"
	  />
	
	  Name "LoginComponent Accessibility Tests Form Accessibility should provide accessible error messages":
	  <li
	    class="jasmine-passed"
	    id="spec_spec873"
	    title="LoginComponent Accessibility Tests Form Accessibility should provide accessible error messages"
	  />
	
	  Name "LoginComponent Accessibility Tests Form Accessibility should pass form-specific accessibility tests":
	  <li
	    class="jasmine-passed"
	    id="spec_spec870"
	    title="LoginComponent Accessibility Tests Form Accessibility should pass form-specific accessibility tests"
	  />
	
	  Name "LoginComponent Accessibility Tests LoginComponent should have no accessibility violations":
	  <li
	    class="jasmine-passed"
	    id="spec_spec894"
	    title="LoginComponent Accessibility Tests LoginComponent should have no accessibility violations"
	  />
	
	  Name "LoginComponent Accessibility Tests Mobile and Touch Accessibility should be responsive and maintain accessibility":
	  <li
	    class="jasmine-passed"
	    id="spec_spec888"
	    title="LoginComponent Accessibility Tests Mobile and Touch Accessibility should be responsive and maintain accessibility"
	  />
	
	  Name "LoginComponent Accessibility Tests Mobile and Touch Accessibility should have adequate touch targets":
	  <li
	    class="jasmine-failed"
	    id="spec_spec887"
	    title="LoginComponent Accessibility Tests Mobile and Touch Accessibility should have adequate touch targets"
	  />
	
	  Name "LoginComponent Accessibility Tests Visual and Interaction Accessibility should have focus indicators for all interactive elements":
	  <li
	    class="jasmine-passed"
	    id="spec_spec878"
	    title="LoginComponent Accessibility Tests Visual and Interaction Accessibility should have focus indicators for all interactive elements"
	  />
	
	  Name "LoginComponent Accessibility Tests Visual and Interaction Accessibility should not rely solely on color for form validation":
	  <li
	    class="jasmine-failed"
	    id="spec_spec877"
	    title="LoginComponent Accessibility Tests Visual and Interaction Accessibility should not rely solely on color for form validation"
	  />
	
	  Name "LoginComponent Accessibility Tests Visual and Interaction Accessibility should have accessible password visibility toggle":
	  <li
	    class="jasmine-failed"
	    id="spec_spec875"
	    title="LoginComponent Accessibility Tests Visual and Interaction Accessibility should have accessible password visibility toggle"
	  />
	
	  Name "LoginComponent Accessibility Tests Visual and Interaction Accessibility should have sufficient color contrast":
	  <li
	    class="jasmine-passed"
	    id="spec_spec876"
	    title="LoginComponent Accessibility Tests Visual and Interaction Accessibility should have sufficient color contrast"
	  />
	
	  Name "LoginComponent Accessibility Tests Screen Reader Support should provide form context and instructions":
	  <li
	    class="jasmine-passed"
	    id="spec_spec884"
	    title="LoginComponent Accessibility Tests Screen Reader Support should provide form context and instructions"
	  />
	
	  Name "LoginComponent Accessibility Tests Screen Reader Support should provide meaningful page structure":
	  <li
	    class="jasmine-passed"
	    id="spec_spec883"
	    title="LoginComponent Accessibility Tests Screen Reader Support should provide meaningful page structure"
	  />
	
	  Name "LoginComponent Accessibility Tests Screen Reader Support should provide meaningful button labels":
	  <li
	    class="jasmine-passed"
	    id="spec_spec886"
	    title="LoginComponent Accessibility Tests Screen Reader Support should provide meaningful button labels"
	  />
	
	  Name "LoginComponent Accessibility Tests Screen Reader Support should announce loading states":
	  <li
	    class="jasmine-failed"
	    id="spec_spec885"
	    title="LoginComponent Accessibility Tests Screen Reader Support should announce loading states"
	  />
	
	  Name "LoginComponent Accessibility Tests Keyboard Navigation should support keyboard-only navigation":
	  <li
	    class="jasmine-passed"
	    id="spec_spec879"
	    title="LoginComponent Accessibility Tests Keyboard Navigation should support keyboard-only navigation"
	  />
	
	  Name "LoginComponent Accessibility Tests Keyboard Navigation should have logical tab order":
	  <li
	    class="jasmine-passed"
	    id="spec_spec880"
	    title="LoginComponent Accessibility Tests Keyboard Navigation should have logical tab order"
	  />
	
	  Name "LoginComponent Accessibility Tests Keyboard Navigation should support Escape key functionality":
	  <li
	    class="jasmine-passed"
	    id="spec_spec882"
	    title="LoginComponent Accessibility Tests Keyboard Navigation should support Escape key functionality"
	  />
	
	  Name "LoginComponent Accessibility Tests Keyboard Navigation should handle Enter key submission":
	  <li
	    class="jasmine-passed"
	    id="spec_spec881"
	    title="LoginComponent Accessibility Tests Keyboard Navigation should handle Enter key submission"
	  />
	
	  Name "LoginComponent Accessibility Tests LoginComponent interactive elements should be keyboard accessible":
	  <li
	    class="jasmine-passed"
	    id="spec_spec895"
	    title="LoginComponent Accessibility Tests LoginComponent interactive elements should be keyboard accessible"
	  />
	
	  Name "LoginComponent Accessibility Tests LoginComponent form controls should have labels":
	  <li
	    class="jasmine-passed"
	    id="spec_spec896"
	    title="LoginComponent Accessibility Tests LoginComponent form controls should have labels"
	  />
	
	  Name "LoginComponent should initialize form with empty values":
	  <li
	    class="jasmine-passed"
	    id="spec_spec898"
	    title="LoginComponent should initialize form with empty values"
	  />
	
	  Name "LoginComponent should show required validation errors":
	  <li
	    class="jasmine-passed"
	    id="spec_spec899"
	    title="LoginComponent should show required validation errors"
	  />
	
	  Name "LoginComponent should show email format validation error":
	  <li
	    class="jasmine-passed"
	    id="spec_spec900"
	    title="LoginComponent should show email format validation error"
	  />
	
	  Name "LoginComponent should validate password length":
	  <li
	    class="jasmine-passed"
	    id="spec_spec901"
	    title="LoginComponent should validate password length"
	  />
	
	  Name "LoginComponent should create":
	  <li
	    class="jasmine-passed"
	    id="spec_spec897"
	    title="LoginComponent should create"
	  />
	
	  Name "LoginComponent should accept valid form inputs":
	  <li
	    class="jasmine-passed"
	    id="spec_spec902"
	    title="LoginComponent should accept valid form inputs"
	  />
	
	  Name "LoginComponent should call performLogin when form is valid":
	  <li
	    class="jasmine-failed"
	    id="spec_spec904"
	    title="LoginComponent should call performLogin when form is valid"
	  />
	
	  Name "LoginComponent should navigate to dashboard on successful login":
	  <li
	    class="jasmine-failed"
	    id="spec_spec905"
	    title="LoginComponent should navigate to dashboard on successful login"
	  />
	
	  Name "LoginComponent should handle login loading state":
	  <li
	    class="jasmine-passed"
	    id="spec_spec906"
	    title="LoginComponent should handle login loading state"
	  />
	
	  Name "LoginComponent should toggle password visibility":
	  <li
	    class="jasmine-passed"
	    id="spec_spec907"
	    title="LoginComponent should toggle password visibility"
	  />
	
	  Name "LoginComponent should handle keyboard navigation":
	  <li
	    class="jasmine-passed"
	    id="spec_spec908"
	    title="LoginComponent should handle keyboard navigation"
	  />
	
	  Name "LoginComponent should prevent form submission when invalid":
	  <li
	    class="jasmine-passed"
	    id="spec_spec903"
	    title="LoginComponent should prevent form submission when invalid"
	  />
	
	  Name "WhatsappService Core Messaging should send template message successfully":
	  <li
	    class="jasmine-failed"
	    id="spec_spec810"
	    title="WhatsappService Core Messaging should send template message successfully"
	  />
	
	  Name "WhatsappService Core Messaging should send text message successfully":
	  <li
	    class="jasmine-failed"
	    id="spec_spec809"
	    title="WhatsappService Core Messaging should send text message successfully"
	  />
	
	  Name "WhatsappService Core Messaging should handle message sending errors":
	  <li
	    class="jasmine-failed"
	    id="spec_spec811"
	    title="WhatsappService Core Messaging should handle message sending errors"
	  />
	
	  Name "WhatsappService Service Initialization should be created":
	  <li
	    class="jasmine-passed"
	    id="spec_spec808"
	    title="WhatsappService Service Initialization should be created"
	  />
	
	  Name "WhatsappService Edge Cases and Boundary Conditions should handle webhook with no changes":
	  <li
	    class="jasmine-passed"
	    id="spec_spec836"
	    title="WhatsappService Edge Cases and Boundary Conditions should handle webhook with no changes"
	  />
	
	  Name "WhatsappService Edge Cases and Boundary Conditions should handle empty webhook entries":
	  <li
	    class="jasmine-passed"
	    id="spec_spec835"
	    title="WhatsappService Edge Cases and Boundary Conditions should handle empty webhook entries"
	  />
	
	  Name "WhatsappService Edge Cases and Boundary Conditions should handle special characters in phone numbers":
	  <li
	    class="jasmine-failed"
	    id="spec_spec838"
	    title="WhatsappService Edge Cases and Boundary Conditions should handle special characters in phone numbers"
	  />
	
	  Name "WhatsappService Edge Cases and Boundary Conditions should handle very long message text":
	  <li
	    class="jasmine-failed"
	    id="spec_spec837"
	    title="WhatsappService Edge Cases and Boundary Conditions should handle very long message text"
	  />
	
	  Name "WhatsappService Error Handling should retry failed requests":
	  <li
	    class="jasmine-failed"
	    id="spec_spec834"
	    title="WhatsappService Error Handling should retry failed requests"
	  />
	
	  Name "WhatsappService Error Handling should handle network errors":
	  <li
	    class="jasmine-failed"
	    id="spec_spec832"
	    title="WhatsappService Error Handling should handle network errors"
	  />
	
	  Name "WhatsappService Error Handling should handle API errors with detailed messages":
	  <li
	    class="jasmine-failed"
	    id="spec_spec833"
	    title="WhatsappService Error Handling should handle API errors with detailed messages"
	  />
	
	  Name "WhatsappService Business Logic Templates should send GNV overage notification":
	  <li
	    class="jasmine-failed"
	    id="spec_spec813"
	    title="WhatsappService Business Logic Templates should send GNV overage notification"
	  />
	
	  Name "WhatsappService Business Logic Templates should send payment notification":
	  <li
	    class="jasmine-failed"
	    id="spec_spec812"
	    title="WhatsappService Business Logic Templates should send payment notification"
	  />
	
	  Name "WhatsappService Business Logic Templates should send contract approved notification":
	  <li
	    class="jasmine-failed"
	    id="spec_spec815"
	    title="WhatsappService Business Logic Templates should send contract approved notification"
	  />
	
	  Name "WhatsappService Business Logic Templates should send document pending notification":
	  <li
	    class="jasmine-failed"
	    id="spec_spec814"
	    title="WhatsappService Business Logic Templates should send document pending notification"
	  />
	
	  Name "WhatsappService Business Logic Templates should send welcome message":
	  <li
	    class="jasmine-failed"
	    id="spec_spec816"
	    title="WhatsappService Business Logic Templates should send welcome message"
	  />
	
	  Name "WhatsappService Analytics & Reporting should get delivery report for specific message":
	  <li
	    class="jasmine-passed"
	    id="spec_spec831"
	    title="WhatsappService Analytics & Reporting should get delivery report for specific message"
	  />
	
	  Name "WhatsappService Analytics & Reporting should get message analytics":
	  <li
	    class="jasmine-passed"
	    id="spec_spec830"
	    title="WhatsappService Analytics & Reporting should get message analytics"
	  />
	
	  Name "WhatsappService Template Management should get template status":
	  <li
	    class="jasmine-failed"
	    id="spec_spec828"
	    title="WhatsappService Template Management should get template status"
	  />
	
	  Name "WhatsappService Template Management should handle template status errors":
	  <li
	    class="jasmine-failed"
	    id="spec_spec829"
	    title="WhatsappService Template Management should handle template status errors"
	  />
	
	  Name "WhatsappService Webhook Handling should verify webhook with correct token":
	  <li
	    class="jasmine-failed"
	    id="spec_spec820"
	    title="WhatsappService Webhook Handling should verify webhook with correct token"
	  />
	
	  Name "WhatsappService Webhook Handling should reject webhook with incorrect token":
	  <li
	    class="jasmine-passed"
	    id="spec_spec821"
	    title="WhatsappService Webhook Handling should reject webhook with incorrect token"
	  />
	
	  Name "WhatsappService Webhook Handling should reject webhook with incorrect mode":
	  <li
	    class="jasmine-passed"
	    id="spec_spec822"
	    title="WhatsappService Webhook Handling should reject webhook with incorrect mode"
	  />
	
	  Name "WhatsappService Webhook Handling should process webhook with message status updates":
	  <li
	    class="jasmine-passed"
	    id="spec_spec823"
	    title="WhatsappService Webhook Handling should process webhook with message status updates"
	  />
	
	  Name "WhatsappService Webhook Handling should handle webhook processing errors gracefully":
	  <li
	    class="jasmine-passed"
	    id="spec_spec825"
	    title="WhatsappService Webhook Handling should handle webhook processing errors gracefully"
	  />
	
	  Name "WhatsappService Webhook Handling should process webhook with incoming messages":
	  <li
	    class="jasmine-passed"
	    id="spec_spec824"
	    title="WhatsappService Webhook Handling should process webhook with incoming messages"
	  />
	
	  Name "WhatsappService Phone Number Formatting should format Mexican phone numbers correctly":
	  <li
	    class="jasmine-failed"
	    id="spec_spec817"
	    title="WhatsappService Phone Number Formatting should format Mexican phone numbers correctly"
	  />
	
	  Name "WhatsappService Phone Number Formatting should handle already properly formatted numbers":
	  <li
	    class="jasmine-failed"
	    id="spec_spec819"
	    title="WhatsappService Phone Number Formatting should handle already properly formatted numbers"
	  />
	
	  Name "WhatsappService Phone Number Formatting should handle US phone numbers":
	  <li
	    class="jasmine-failed"
	    id="spec_spec818"
	    title="WhatsappService Phone Number Formatting should handle US phone numbers"
	  />
	
	  Name "WhatsappService Bulk Operations should handle partial failures in bulk operations":
	  <li
	    class="jasmine-failed"
	    id="spec_spec827"
	    title="WhatsappService Bulk Operations should handle partial failures in bulk operations"
	  />
	
	  Name "WhatsappService Bulk Operations should send bulk payment notifications":
	  <li
	    class="jasmine-failed"
	    id="spec_spec826"
	    title="WhatsappService Bulk Operations should send bulk payment notifications"
	  />
	
	  Name "ClienteFormComponent Integration Tests should handle back button click":
	  <li
	    class="jasmine-failed"
	    id="spec_spec937"
	    title="ClienteFormComponent Integration Tests should handle back button click"
	  />
	
	  Name "ClienteFormComponent Integration Tests should render form with all required fields":
	  <li
	    class="jasmine-failed"
	    id="spec_spec933"
	    title="ClienteFormComponent Integration Tests should render form with all required fields"
	  />
	
	  Name "ClienteFormComponent Integration Tests should submit form with valid data":
	  <li
	    class="jasmine-failed"
	    id="spec_spec936"
	    title="ClienteFormComponent Integration Tests should submit form with valid data"
	  />
	
	  Name "ClienteFormComponent Integration Tests should show validation errors when submitting empty form":
	  <li
	    class="jasmine-failed"
	    id="spec_spec934"
	    title="ClienteFormComponent Integration Tests should show validation errors when submitting empty form"
	  />
	
	  Name "ClienteFormComponent Integration Tests should handle form input correctly":
	  <li
	    class="jasmine-failed"
	    id="spec_spec935"
	    title="ClienteFormComponent Integration Tests should handle form input correctly"
	  />
	
	  Name "MockApiService Error Simulation should simulate server error":
	  <li
	    class="jasmine-failed"
	    id="spec_spec565"
	    title="MockApiService Error Simulation should simulate server error"
	  />
	
	  Name "MockApiService Error Simulation should simulate validation error":
	  <li
	    class="jasmine-failed"
	    id="spec_spec566"
	    title="MockApiService Error Simulation should simulate validation error"
	  />
	
	  Name "MockApiService Error Simulation should simulate network error":
	  <li
	    class="jasmine-failed"
	    id="spec_spec564"
	    title="MockApiService Error Simulation should simulate network error"
	  />
	
	  Name "MockApiService Error Simulation should simulate timeout error":
	  <li
	    class="jasmine-failed"
	    id="spec_spec567"
	    title="MockApiService Error Simulation should simulate timeout error"
	  />
	
	  Name "MockApiService Error Simulation should simulate unknown error by default":
	  <li
	    class="jasmine-failed"
	    id="spec_spec568"
	    title="MockApiService Error Simulation should simulate unknown error by default"
	  />
	
	  Name "MockApiService Search and Analytics should perform global search with results structure":
	  <li
	    class="jasmine-failed"
	    id="spec_spec562"
	    title="MockApiService Search and Analytics should perform global search with results structure"
	  />
	
	  Name "MockApiService Search and Analytics should get dashboard stats with complete data":
	  <li
	    class="jasmine-failed"
	    id="spec_spec563"
	    title="MockApiService Search and Analytics should get dashboard stats with complete data"
	  />
	
	  Name "MockApiService Business Scenarios API Endpoints should create simulacion scenario with complete data":
	  <li
	    class="jasmine-failed"
	    id="spec_spec561"
	    title="MockApiService Business Scenarios API Endpoints should create simulacion scenario with complete data"
	  />
	
	  Name "MockApiService Business Scenarios API Endpoints should create cotizacion scenario with complete data":
	  <li
	    class="jasmine-failed"
	    id="spec_spec560"
	    title="MockApiService Business Scenarios API Endpoints should create cotizacion scenario with complete data"
	  />
	
	  Name "MockApiService Collective Groups API Endpoints should add member to group with normal network delay":
	  <li
	    class="jasmine-failed"
	    id="spec_spec558"
	    title="MockApiService Collective Groups API Endpoints should add member to group with normal network delay"
	  />
	
	  Name "MockApiService Collective Groups API Endpoints should get collective group by ID with network delay":
	  <li
	    class="jasmine-failed"
	    id="spec_spec557"
	    title="MockApiService Collective Groups API Endpoints should get collective group by ID with network delay"
	  />
	
	  Name "MockApiService Collective Groups API Endpoints should get collective groups with network delay":
	  <li
	    class="jasmine-failed"
	    id="spec_spec556"
	    title="MockApiService Collective Groups API Endpoints should get collective groups with network delay"
	  />
	
	  Name "MockApiService Collective Groups API Endpoints should deliver unit to group with slow network delay":
	  <li
	    class="jasmine-failed"
	    id="spec_spec559"
	    title="MockApiService Collective Groups API Endpoints should deliver unit to group with slow network delay"
	  />
	
	  Name "MockApiService Promise-based Delay Method should delay data using Promise":
	  <li
	    class="jasmine-failed"
	    id="spec_spec578"
	    title="MockApiService Promise-based Delay Method should delay data using Promise"
	  />
	
	  Name "MockApiService Promise-based Delay Method should use default delay if not specified":
	  <li
	    class="jasmine-failed"
	    id="spec_spec579"
	    title="MockApiService Promise-based Delay Method should use default delay if not specified"
	  />
	
	  Name "MockApiService Client API Endpoints should create client with slow network delay":
	  <li
	    class="jasmine-failed"
	    id="spec_spec547"
	    title="MockApiService Client API Endpoints should create client with slow network delay"
	  />
	
	  Name "MockApiService Client API Endpoints should update client with normal network delay":
	  <li
	    class="jasmine-failed"
	    id="spec_spec548"
	    title="MockApiService Client API Endpoints should update client with normal network delay"
	  />
	
	  Name "MockApiService Client API Endpoints should add client event with fast network delay":
	  <li
	    class="jasmine-failed"
	    id="spec_spec549"
	    title="MockApiService Client API Endpoints should add client event with fast network delay"
	  />
	
	  Name "MockApiService Client API Endpoints should get clients with network delay":
	  <li
	    class="jasmine-failed"
	    id="spec_spec544"
	    title="MockApiService Client API Endpoints should get clients with network delay"
	  />
	
	  Name "MockApiService Client API Endpoints should update document status with normal network delay":
	  <li
	    class="jasmine-failed"
	    id="spec_spec550"
	    title="MockApiService Client API Endpoints should update document status with normal network delay"
	  />
	
	  Name "MockApiService Client API Endpoints should get client by ID with network delay":
	  <li
	    class="jasmine-failed"
	    id="spec_spec545"
	    title="MockApiService Client API Endpoints should get client by ID with network delay"
	  />
	
	  Name "MockApiService Client API Endpoints should return null for non-existent client":
	  <li
	    class="jasmine-failed"
	    id="spec_spec546"
	    title="MockApiService Client API Endpoints should return null for non-existent client"
	  />
	
	  Name "MockApiService Network Delay Simulation should handle errors in mockApi":
	  <li
	    class="jasmine-failed"
	    id="spec_spec577"
	    title="MockApiService Network Delay Simulation should handle errors in mockApi"
	  />
	
	  Name "MockApiService Network Delay Simulation should clone data deeply in mockApi":
	  <li
	    class="jasmine-failed"
	    id="spec_spec576"
	    title="MockApiService Network Delay Simulation should clone data deeply in mockApi"
	  />
	
	  Name "MockApiService Network Delay Simulation should use random network delays":
	  <li
	    class="jasmine-failed"
	    id="spec_spec575"
	    title="MockApiService Network Delay Simulation should use random network delays"
	  />
	
	  Name "MockApiService Service Initialization should initialize data on construction":
	  <li
	    class="jasmine-failed"
	    id="spec_spec541"
	    title="MockApiService Service Initialization should initialize data on construction"
	  />
	
	  Name "MockApiService Service Initialization should have correct network simulation configuration":
	  <li
	    class="jasmine-failed"
	    id="spec_spec542"
	    title="MockApiService Service Initialization should have correct network simulation configuration"
	  />
	
	  Name "MockApiService Service Initialization should have correct default delay":
	  <li
	    class="jasmine-failed"
	    id="spec_spec543"
	    title="MockApiService Service Initialization should have correct default delay"
	  />
	
	  Name "MockApiService Service Initialization should be created":
	  <li
	    class="jasmine-failed"
	    id="spec_spec540"
	    title="MockApiService Service Initialization should be created"
	  />
	
	  Name "MockApiService Utility Methods should export data as JSON":
	  <li
	    class="jasmine-failed"
	    id="spec_spec572"
	    title="MockApiService Utility Methods should export data as JSON"
	  />
	
	  Name "MockApiService Utility Methods should simulate file upload":
	  <li
	    class="jasmine-failed"
	    id="spec_spec571"
	    title="MockApiService Utility Methods should simulate file upload"
	  />
	
	  Name "MockApiService Utility Methods should use default JSON format for export":
	  <li
	    class="jasmine-failed"
	    id="spec_spec574"
	    title="MockApiService Utility Methods should use default JSON format for export"
	  />
	
	  Name "MockApiService Utility Methods should export data as CSV":
	  <li
	    class="jasmine-failed"
	    id="spec_spec573"
	    title="MockApiService Utility Methods should export data as CSV"
	  />
	
	  Name "MockApiService Utility Methods should get server time":
	  <li
	    class="jasmine-failed"
	    id="spec_spec570"
	    title="MockApiService Utility Methods should get server time"
	  />
	
	  Name "MockApiService Utility Methods should perform health check":
	  <li
	    class="jasmine-failed"
	    id="spec_spec569"
	    title="MockApiService Utility Methods should perform health check"
	  />
	
	  Name "MockApiService Business Logic Validation should generate unique scenario IDs":
	  <li
	    class="jasmine-failed"
	    id="spec_spec583"
	    title="MockApiService Business Logic Validation should generate unique scenario IDs"
	  />
	
	  Name "MockApiService Business Logic Validation should maintain scenario data consistency":
	  <li
	    class="jasmine-failed"
	    id="spec_spec584"
	    title="MockApiService Business Logic Validation should maintain scenario data consistency"
	  />
	
	  Name "MockApiService Data Service Integration should handle client data service errors":
	  <li
	    class="jasmine-failed"
	    id="spec_spec580"
	    title="MockApiService Data Service Integration should handle client data service errors"
	  />
	
	  Name "MockApiService Data Service Integration should handle collective group data service errors":
	  <li
	    class="jasmine-failed"
	    id="spec_spec582"
	    title="MockApiService Data Service Integration should handle collective group data service errors"
	  />
	
	  Name "MockApiService Data Service Integration should handle ecosystem data service errors":
	  <li
	    class="jasmine-failed"
	    id="spec_spec581"
	    title="MockApiService Data Service Integration should handle ecosystem data service errors"
	  />
	
	  Name "MockApiService Ecosystem API Endpoints should update ecosystem document with normal network delay":
	  <li
	    class="jasmine-failed"
	    id="spec_spec555"
	    title="MockApiService Ecosystem API Endpoints should update ecosystem document with normal network delay"
	  />
	
	  Name "MockApiService Ecosystem API Endpoints should return null for non-existent ecosystem":
	  <li
	    class="jasmine-failed"
	    id="spec_spec553"
	    title="MockApiService Ecosystem API Endpoints should return null for non-existent ecosystem"
	  />
	
	  Name "MockApiService Ecosystem API Endpoints should get ecosystem by ID with network delay":
	  <li
	    class="jasmine-failed"
	    id="spec_spec552"
	    title="MockApiService Ecosystem API Endpoints should get ecosystem by ID with network delay"
	  />
	
	  Name "MockApiService Ecosystem API Endpoints should get ecosystems with network delay":
	  <li
	    class="jasmine-failed"
	    id="spec_spec551"
	    title="MockApiService Ecosystem API Endpoints should get ecosystems with network delay"
	  />
	
	  Name "MockApiService Ecosystem API Endpoints should create ecosystem with slow network delay":
	  <li
	    class="jasmine-failed"
	    id="spec_spec554"
	    title="MockApiService Ecosystem API Endpoints should create ecosystem with slow network delay"
	  />
	
	  Name "Accessibility Testing Framework AccessibilityTester should detect violations in non-compliant component":
	  <li
	    class="jasmine-passed"
	    id="spec_spec4"
	    title="Accessibility Testing Framework AccessibilityTester should detect violations in non-compliant component"
	  />
	
	  Name "Accessibility Testing Framework AccessibilityTester should test individual DOM elements":
	  <li
	    class="jasmine-failed"
	    id="spec_spec5"
	    title="Accessibility Testing Framework AccessibilityTester should test individual DOM elements"
	  />
	
	  Name "Accessibility Testing Framework AccessibilityTester should pass accessibility tests for compliant component":
	  <li
	    class="jasmine-passed"
	    id="spec_spec3"
	    title="Accessibility Testing Framework AccessibilityTester should pass accessibility tests for compliant component"
	  />
	
	  Name "Accessibility Testing Framework AccessibilityTestUtils should generate violation summary":
	  <li
	    class="jasmine-passed"
	    id="spec_spec8"
	    title="Accessibility Testing Framework AccessibilityTestUtils should generate violation summary"
	  />
	
	  Name "Accessibility Testing Framework AccessibilityTestUtils should identify critical violations":
	  <li
	    class="jasmine-passed"
	    id="spec_spec6"
	    title="Accessibility Testing Framework AccessibilityTestUtils should identify critical violations"
	  />
	
	  Name "Accessibility Testing Framework AccessibilityTestUtils should filter violations by impact level":
	  <li
	    class="jasmine-passed"
	    id="spec_spec7"
	    title="Accessibility Testing Framework AccessibilityTestUtils should filter violations by impact level"
	  />
	
	  Name "Accessibility Testing Framework Report Generation should generate comprehensive accessibility report":
	  <li
	    class="jasmine-passed"
	    id="spec_spec9"
	    title="Accessibility Testing Framework Report Generation should generate comprehensive accessibility report"
	  />
	
	  Name "Accessibility Testing Framework Helper Functions should work with testComponentAccessibility helper":
	  <li
	    class="jasmine-passed"
	    id="spec_spec10"
	    title="Accessibility Testing Framework Helper Functions should work with testComponentAccessibility helper"
	  />
	
	  Name "Security settings validation should persist 2FA and encryption toggles and session timeout":
	  <li
	    class="jasmine-passed"
	    id="spec_spec942"
	    title="Security settings validation should persist 2FA and encryption toggles and session timeout"
	  />
	
	  Name "MetaMapService SDK Availability Check should wait for page load when document not ready":
	  <li
	    class="jasmine-passed"
	    id="spec_spec535"
	    title="MetaMapService SDK Availability Check should wait for page load when document not ready"
	  />
	
	  Name "MetaMapService SDK Availability Check should handle server-side rendering (no window object)":
	  <li
	    class="jasmine-pending"
	    id="spec_spec534"
	    title="MetaMapService SDK Availability Check should handle server-side rendering (no window object)"
	  />
	
	  Name "MetaMapService SDK Availability Check should report SDK as unavailable when neither exists":
	  <li
	    class="jasmine-passed"
	    id="spec_spec533"
	    title="MetaMapService SDK Availability Check should report SDK as unavailable when neither exists"
	  />
	
	  Name "MetaMapService SDK Availability Check should detect SDK availability when metamap-button exists":
	  <li
	    class="jasmine-passed"
	    id="spec_spec532"
	    title="MetaMapService SDK Availability Check should detect SDK availability when metamap-button exists"
	  />
	
	  Name "MetaMapService SDK Availability Check should detect SDK availability when Mati object exists":
	  <li
	    class="jasmine-passed"
	    id="spec_spec531"
	    title="MetaMapService SDK Availability Check should detect SDK availability when Mati object exists"
	  />
	
	  Name "MetaMapService KYC Failure Simulation should use default failure reason":
	  <li
	    class="jasmine-passed"
	    id="spec_spec529"
	    title="MetaMapService KYC Failure Simulation should use default failure reason"
	  />
	
	  Name "MetaMapService KYC Failure Simulation should handle client not found in failure simulation":
	  <li
	    class="jasmine-passed"
	    id="spec_spec530"
	    title="MetaMapService KYC Failure Simulation should handle client not found in failure simulation"
	  />
	
	  Name "MetaMapService KYC Failure Simulation should simulate KYC failure":
	  <li
	    class="jasmine-passed"
	    id="spec_spec528"
	    title="MetaMapService KYC Failure Simulation should simulate KYC failure"
	  />
	
	  Name "MetaMapService Edge Cases and Error Handling should handle client without KYC document in completion":
	  <li
	    class="jasmine-passed"
	    id="spec_spec537"
	    title="MetaMapService Edge Cases and Error Handling should handle client without KYC document in completion"
	  />
	
	  Name "MetaMapService Edge Cases and Error Handling should handle exit event without reason":
	  <li
	    class="jasmine-passed"
	    id="spec_spec536"
	    title="MetaMapService Edge Cases and Error Handling should handle exit event without reason"
	  />
	
	  Name "MetaMapService Edge Cases and Error Handling should handle button creation with existing button in container":
	  <li
	    class="jasmine-passed"
	    id="spec_spec539"
	    title="MetaMapService Edge Cases and Error Handling should handle button creation with existing button in container"
	  />
	
	  Name "MetaMapService Edge Cases and Error Handling should handle empty verification data":
	  <li
	    class="jasmine-passed"
	    id="spec_spec538"
	    title="MetaMapService Edge Cases and Error Handling should handle empty verification data"
	  />
	
	  Name "MetaMapService KYC Button Creation should cleanup event listeners on unsubscribe":
	  <li
	    class="jasmine-passed"
	    id="spec_spec512"
	    title="MetaMapService KYC Button Creation should cleanup event listeners on unsubscribe"
	  />
	
	  Name "MetaMapService KYC Button Creation should handle container not found error":
	  <li
	    class="jasmine-passed"
	    id="spec_spec508"
	    title="MetaMapService KYC Button Creation should handle container not found error"
	  />
	
	  Name "MetaMapService KYC Button Creation should create MetaMap button successfully":
	  <li
	    class="jasmine-passed"
	    id="spec_spec507"
	    title="MetaMapService KYC Button Creation should create MetaMap button successfully"
	  />
	
	  Name "MetaMapService KYC Button Creation should emit KYC success event":
	  <li
	    class="jasmine-passed"
	    id="spec_spec509"
	    title="MetaMapService KYC Button Creation should emit KYC success event"
	  />
	
	  Name "MetaMapService KYC Button Creation should emit KYC exit event":
	  <li
	    class="jasmine-passed"
	    id="spec_spec510"
	    title="MetaMapService KYC Button Creation should emit KYC exit event"
	  />
	
	  Name "MetaMapService KYC Button Creation should call optional callback functions":
	  <li
	    class="jasmine-passed"
	    id="spec_spec511"
	    title="MetaMapService KYC Button Creation should call optional callback functions"
	  />
	
	  Name "MetaMapService KYC Prerequisites Validation should detect missing INE document":
	  <li
	    class="jasmine-passed"
	    id="spec_spec518"
	    title="MetaMapService KYC Prerequisites Validation should detect missing INE document"
	  />
	
	  Name "MetaMapService KYC Prerequisites Validation should validate prerequisites for ready client":
	  <li
	    class="jasmine-passed"
	    id="spec_spec517"
	    title="MetaMapService KYC Prerequisites Validation should validate prerequisites for ready client"
	  />
	
	  Name "MetaMapService KYC Prerequisites Validation should detect already completed KYC":
	  <li
	    class="jasmine-passed"
	    id="spec_spec520"
	    title="MetaMapService KYC Prerequisites Validation should detect already completed KYC"
	  />
	
	  Name "MetaMapService KYC Prerequisites Validation should detect missing comprobante de domicilio":
	  <li
	    class="jasmine-passed"
	    id="spec_spec519"
	    title="MetaMapService KYC Prerequisites Validation should detect missing comprobante de domicilio"
	  />
	
	  Name "MetaMapService KYC Prerequisites Validation should detect multiple missing documents":
	  <li
	    class="jasmine-passed"
	    id="spec_spec521"
	    title="MetaMapService KYC Prerequisites Validation should detect multiple missing documents"
	  />
	
	  Name "MetaMapService Service Initialization should be created":
	  <li
	    class="jasmine-passed"
	    id="spec_spec504"
	    title="MetaMapService Service Initialization should be created"
	  />
	
	  Name "MetaMapService Service Initialization should not reload SDK if already present":
	  <li
	    class="jasmine-passed"
	    id="spec_spec506"
	    title="MetaMapService Service Initialization should not reload SDK if already present"
	  />
	
	  Name "MetaMapService Service Initialization should initialize MetaMap SDK on creation":
	  <li
	    class="jasmine-passed"
	    id="spec_spec505"
	    title="MetaMapService Service Initialization should initialize MetaMap SDK on creation"
	  />
	
	  Name "MetaMapService KYC Completion should handle database update errors":
	  <li
	    class="jasmine-passed"
	    id="spec_spec516"
	    title="MetaMapService KYC Completion should handle database update errors"
	  />
	
	  Name "MetaMapService KYC Completion should cap health score at 100":
	  <li
	    class="jasmine-passed"
	    id="spec_spec515"
	    title="MetaMapService KYC Completion should cap health score at 100"
	  />
	
	  Name "MetaMapService KYC Completion should complete KYC successfully":
	  <li
	    class="jasmine-passed"
	    id="spec_spec513"
	    title="MetaMapService KYC Completion should complete KYC successfully"
	  />
	
	  Name "MetaMapService KYC Completion should handle client not found error":
	  <li
	    class="jasmine-passed"
	    id="spec_spec514"
	    title="MetaMapService KYC Completion should handle client not found error"
	  />
	
	  Name "MetaMapService KYC Status Reporting should report prerequisites_missing status":
	  <li
	    class="jasmine-passed"
	    id="spec_spec526"
	    title="MetaMapService KYC Status Reporting should report prerequisites_missing status"
	  />
	
	  Name "MetaMapService KYC Status Reporting should report in_progress status":
	  <li
	    class="jasmine-passed"
	    id="spec_spec525"
	    title="MetaMapService KYC Status Reporting should report in_progress status"
	  />
	
	  Name "MetaMapService KYC Status Reporting should report ready status":
	  <li
	    class="jasmine-passed"
	    id="spec_spec522"
	    title="MetaMapService KYC Status Reporting should report ready status"
	  />
	
	  Name "MetaMapService KYC Status Reporting should report not_started for client without KYC document":
	  <li
	    class="jasmine-passed"
	    id="spec_spec527"
	    title="MetaMapService KYC Status Reporting should report not_started for client without KYC document"
	  />
	
	  Name "MetaMapService KYC Status Reporting should report failed status with retry option":
	  <li
	    class="jasmine-passed"
	    id="spec_spec524"
	    title="MetaMapService KYC Status Reporting should report failed status with retry option"
	  />
	
	  Name "MetaMapService KYC Status Reporting should report completed status":
	  <li
	    class="jasmine-passed"
	    id="spec_spec523"
	    title="MetaMapService KYC Status Reporting should report completed status"
	  />
	
	  Name "DocumentsPhaseComponent should prevent submission when form is invalid":
	  <li
	    class="jasmine-passed"
	    id="spec_spec858"
	    title="DocumentsPhaseComponent should prevent submission when form is invalid"
	  />
	
	  Name "DocumentsPhaseComponent should detect when required documents are uploaded":
	  <li
	    class="jasmine-passed"
	    id="spec_spec853"
	    title="DocumentsPhaseComponent should detect when required documents are uploaded"
	  />
	
	  Name "DocumentsPhaseComponent should complete documents phase when form is valid":
	  <li
	    class="jasmine-passed"
	    id="spec_spec854"
	    title="DocumentsPhaseComponent should complete documents phase when form is valid"
	  />
	
	  Name "DocumentsPhaseComponent should navigate to plates phase on success":
	  <li
	    class="jasmine-passed"
	    id="spec_spec855"
	    title="DocumentsPhaseComponent should navigate to plates phase on success"
	  />
	
	  Name "DocumentsPhaseComponent should create":
	  <li
	    class="jasmine-passed"
	    id="spec_spec850"
	    title="DocumentsPhaseComponent should create"
	  />
	
	  Name "DocumentsPhaseComponent should format file size correctly":
	  <li
	    class="jasmine-passed"
	    id="spec_spec856"
	    title="DocumentsPhaseComponent should format file size correctly"
	  />
	
	  Name "DocumentsPhaseComponent should initialize form with default values":
	  <li
	    class="jasmine-passed"
	    id="spec_spec851"
	    title="DocumentsPhaseComponent should initialize form with default values"
	  />
	
	  Name "DocumentsPhaseComponent should validate required fields":
	  <li
	    class="jasmine-passed"
	    id="spec_spec852"
	    title="DocumentsPhaseComponent should validate required fields"
	  />
	
	  Name "DocumentsPhaseComponent should calculate validation errors correctly":
	  <li
	    class="jasmine-passed"
	    id="spec_spec857"
	    title="DocumentsPhaseComponent should calculate validation errors correctly"
	  />
	
	  Name "LoginComponent Integration Tests should enable submit button when form is valid":
	  <li
	    class="jasmine-failed"
	    id="spec_spec912"
	    title="LoginComponent Integration Tests should enable submit button when form is valid"
	  />
	
	  Name "LoginComponent Integration Tests should toggle password visibility":
	  <li
	    class="jasmine-passed"
	    id="spec_spec914"
	    title="LoginComponent Integration Tests should toggle password visibility"
	  />
	
	  Name "LoginComponent Integration Tests should have proper accessibility attributes":
	  <li
	    class="jasmine-passed"
	    id="spec_spec915"
	    title="LoginComponent Integration Tests should have proper accessibility attributes"
	  />
	
	  Name "LoginComponent Integration Tests should handle form submission with valid data":
	  <li
	    class="jasmine-failed"
	    id="spec_spec913"
	    title="LoginComponent Integration Tests should handle form submission with valid data"
	  />
	
	  Name "LoginComponent Integration Tests should show validation errors when form is submitted empty":
	  <li
	    class="jasmine-failed"
	    id="spec_spec910"
	    title="LoginComponent Integration Tests should show validation errors when form is submitted empty"
	  />
	
	  Name "LoginComponent Integration Tests should show email format error for invalid email":
	  <li
	    class="jasmine-passed"
	    id="spec_spec911"
	    title="LoginComponent Integration Tests should show email format error for invalid email"
	  />
	
	  Name "LoginComponent Integration Tests should display brand information":
	  <li
	    class="jasmine-passed"
	    id="spec_spec916"
	    title="LoginComponent Integration Tests should display brand information"
	  />
	
	  --------------------------------------------------heading:
	
	  Name "Centro de Comando":
	  <h1
	    _ngcontent-a-c3214690901=""
	    class="text-gradient-primary"
	  />
	
	  --------------------------------------------------
	  paragraph:
	
	  Name "":
	  <p
	    _ngcontent-a-c3214690901=""
	    class="brand-subtitle"
	  />
	
	  Name "":
	  <p
	    _ngcontent-a-c3214690901=""
	    class="register-text"
	  />
	
	  --------------------------------------------------
	  textbox:
	
	  Name "📧 Correo Electrónico":
	  <input
	    _ngcontent-a-c3214690901=""
	    class="premium-input ng-untouched ng-pristine ng-invalid"
	    formcontrolname="email"
	    id="email"
	    ng-reflect-name="email"
	    placeholder="ricardo.montoya@cmu.com"
	    type="email"
	  />
	
	  --------------------------------------------------
	  button:
	
	  Name "🙈":
	  <button
	    _ngcontent-a-c3214690901=""
	    class="password-toggle-premium"
	    type="button"
	  />
	
	  Name "¿Olvidaste tu contraseña?":
	  <button
	    _ngcontent-a-c3214690901=""
	    class="forgot-password"
	    type="button"
	  />
	
	  Name "➡️ Acceder al Cockpit":
	  <button
	    _ngcontent-a-c3214690901=""
	    class="btn-primary command-center-btn"
	    disabled=""
	    type="submit"
	  />
	
	  --------------------------------------------------
	  checkbox:
	
	  Name "Recordarme":
	  <input
	    _ngcontent-a-c3214690901=""
	    class="ng-untouched ng-pristine ng-valid"
	    formcontrolname="rememberMe"
	    ng-reflect-name="rememberMe"
	    type="checkbox"
	  />
	
	  --------------------------------------------------
	  link:
	
	  Name "Activar Cuenta":
	  <a
	    _ngcontent-a-c3214690901=""
	    class="premium-link"
	    href="/register"
	  />
	
	  --------------------------------------------------
	
	Ignored nodes: comments, script, style
	<body>
	  
	    
	  
	    
	  
	    
	  
	    
	  
	    
	  
	    
	  
	    
	  
	
	  
	
	  
	
	  
	
	  
	
	  <link
	    crossorigin="anonymous"
	    href="node_modules/jasmine-core/lib/jasmine-core/jasmine.css"
	    rel="stylesheet"
	    type="text/css"
	  />
	  
	
	  
	
	  
	
	  <div
	    class="jasmine_html-reporter"
	  >
	    <div
	      class="jasmine-banner"
	    >
	      <a
	        class="jasmine-title"
	        href="http://jasmine.github.io/"
	        target="_blank"
	      />
	      <span
	        class="jasmine-version"
	      >
	        4.6.1
	      </span>
	    </div>
	    <ul
	      class="jasmine-symbol-summary"
	    >
	      <li
	        class="jasmine-passed"
	        id="spec_spec670"
	        title="PostSalesApiService getPostSalesRecord should return null for non-existent VIN"
	      />
	      <li
	        class="jasmine-failed"
	        id="spec_spec669"
	        title="PostSalesApiService getPostSalesRecord should retrieve post-sales record by VIN"
	      />
	      <li
	        class="jasmine-passed"
	        id="spec_spec667"
	        title="PostSalesApiService sendVehicleDeliveredEvent should send vehicle delivered event successfully"
	      />
	      <li
	        class="jasmine-passed"
	        id="spec_spec668"
	        title="PostSalesApiService sendVehicleDeliveredEvent should handle error when sending vehicle delivered event"
	      />
	      <li
	        class="jasmine-failed"
	        id="spec_spec671"
	        title="PostSalesApiService scheduleMaintenanceService should schedule maintenance service successfully"
	      />
	      <li
	        class="jasmine-passed"
	        id="spec_spec666"
	        title="PostSalesApiService should be created"
	      />
	      <li
	        class="jasmine-failed"
	        id="spec_spec672"
	        title="PostSalesApiService recordClientContact should record client contact successfully"
	      />
	      <li
	        class="jasmine-passed"
	        id="spec_spec277"
	        title="CotizadorEngineService Quote Generation with Package should determine client type from package data"
	      />
	      <li
	        class="jasmine-passed"
	        id="spec_spec278"
	        title="CotizadorEngineService Quote Generation with Package should handle direct sale (rate = 0)"
	      />
	      <li
	        class="jasmine-passed"
	        id="spec_spec275"
	        title="CotizadorEngineService Quote Generation with Package should generate quote with minimum down payment"
	      />
	      <li
	        class="jasmine-passed"
	        id="spec_spec276"
	        title="CotizadorEngineService Quote Generation with Package should generate quote with custom down payment"
	      />
	      <li
	        class="jasmine-passed"
	        id="spec_spec267"
	        title="CotizadorEngineService Package Price Calculation should handle 60-month terms correctly"
	      />
	      <li
	        class="jasmine-passed"
	        id="spec_spec266"
	        title="CotizadorEngineService Package Price Calculation should multiply term-based components by years"
	      />
	      <li
	        class="jasmine-passed"
	        id="spec_spec269"
	        title="CotizadorEngineService Package Price Calculation should handle package with no components"
	      />
	      <li
	        class="jasmine-passed"
	        id="spec_spec268"
	        title="CotizadorEngineService Package Price Calculation should skip optional components not selected"
	      />
	      <li
	        class="jasmine-passed"
	        id="spec_spec265"
	        title="CotizadorEngineService Package Price Calculation should calculate package price with selected optionals"
	      />
	      <li
	        class="jasmine-passed"
	        id="spec_spec264"
	        title="CotizadorEngineService Package Price Calculation should calculate basic package price without optionals"
	      />
	      <li
	        class="jasmine-passed"
	        id="spec_spec279"
	        title="CotizadorEngineService Legacy Quote Generation should generate basic quote"
	      />
	      <li
	        class="jasmine-passed"
	        id="spec_spec272"
	        title="CotizadorEngineService Balance Calculations should return zero when all payments made"
	      />
	      <li
	        class="jasmine-passed"
	        id="spec_spec273"
	        title="CotizadorEngineService Balance Calculations should handle no payments made"
	      />
	      <li
	        class="jasmine-passed"
	        id="spec_spec270"
	        title="CotizadorEngineService Balance Calculations should calculate balance for zero interest loan"
	      />
	      <li
	        class="jasmine-failed"
	        id="spec_spec271"
	        title="CotizadorEngineService Balance Calculations should calculate balance for interest-bearing loan"
	      />
	      <li
	        class="jasmine-passed"
	        id="spec_spec274"
	        title="CotizadorEngineService Balance Calculations should handle edge case with zero principal"
	      />
	      <li
	        class="jasmine-passed"
	        id="spec_spec280"
	        title="CotizadorEngineService Amortization Table Generation should generate complete amortization table"
	      />
	      <li
	        class="jasmine-passed"
	        id="spec_spec281"
	        title="CotizadorEngineService Amortization Table Generation should have decreasing balance over time"
	      />
	      <li
	        class="jasmine-passed"
	        id="spec_spec293"
	        title="CotizadorEngineService Market-Specific Business Rules should apply EdoMex collective rules"
	      />
	      <li
	        class="jasmine-passed"
	        id="spec_spec294"
	        title="CotizadorEngineService Market-Specific Business Rules should use fallback rules for unknown market"
	      />
	      <li
	        class="jasmine-passed"
	        id="spec_spec292"
	        title="CotizadorEngineService Market-Specific Business Rules should apply EdoMex individual rules"
	      />
	      <li
	        class="jasmine-passed"
	        id="spec_spec291"
	        title="CotizadorEngineService Market-Specific Business Rules should apply Aguascalientes rules"
	      />
	      <li
	        class="jasmine-passed"
	        id="spec_spec288"
	        title="CotizadorEngineService Configuration Validation should validate EdoMex collective requirements"
	      />
	      <li
	        class="jasmine-passed"
	        id="spec_spec285"
	        title="CotizadorEngineService Configuration Validation should reject zero or negative price"
	      />
	      <li
	        class="jasmine-passed"
	        id="spec_spec283"
	        title="CotizadorEngineService Configuration Validation should reject insufficient down payment"
	      />
	      <li
	        class="jasmine-passed"
	        id="spec_spec282"
	        title="CotizadorEngineService Configuration Validation should validate correct configuration"
	      />
	      <li
	        class="jasmine-passed"
	        id="spec_spec284"
	        title="CotizadorEngineService Configuration Validation should reject invalid term"
	      />
	      <li
	        class="jasmine-passed"
	        id="spec_spec287"
	        title="CotizadorEngineService Configuration Validation should validate EdoMex individual requirements"
	      />
	      <li
	 ...
	TestingLibraryElementError: Unable to find an accessible element with the role "button" and name `/iniciar sesión/i`
	Here are the accessible roles:
	  link:
	  Name "":
	  <a
	    class="jasmine-title"
	    href="http://jasmine.github.io/"
	    target="_blank"
	  />
	  --------------------------------------------------
	  list:
	  Name "":
	  <ul
	    class="jasmine-symbol-summary"
	  />
	  --------------------------------------------------
	  listitem:
	  Name "PostSalesApiService getPostSalesRecord should return null for non-existent VIN":
	  <li
	    class="jasmine-passed"
	    id="spec_spec670"
	    title="PostSalesApiService getPostSalesRecord should return null for non-existent VIN"
	  />
	  Name "PostSalesApiService getPostSalesRecord should retrieve post-sales record by VIN":
	  <li
	    class="jasmine-failed"
	    id="spec_spec669"
	    title="PostSalesApiService getPostSalesRecord should retrieve post-sales record by VIN"
	  />
	  Name "PostSalesApiService sendVehicleDeliveredEvent should send vehicle delivered event successfully":
	  <li
	    class="jasmine-passed"
	    id="spec_spec667"
	    title="PostSalesApiService sendVehicleDeliveredEvent should send vehicle delivered event successfully"
	  />
	  Name "PostSalesApiService sendVehicleDeliveredEvent should handle error when sending vehicle delivered event":
	  <li
	    class="jasmine-passed"
	    id="spec_spec668"
	    title="PostSalesApiService sendVehicleDeliveredEvent should handle error when sending vehicle delivered event"
	  />
	  Name "PostSalesApiService scheduleMaintenanceService should schedule maintenance service successfully":
	  <li
	    class="jasmine-failed"
	    id="spec_spec671"
	    title="PostSalesApiService scheduleMaintenanceService should schedule maintenance service successfully"
	  />
	  Name "PostSalesApiService should be created":
	  <li
	    class="jasmine-passed"
	    id="spec_spec666"
	    title="PostSalesApiService should be created"
	  />
	  Name "PostSalesApiService recordClientContact should record client contact successfully":
	  <li
	    class="jasmine-failed"
	    id="spec_spec672"
	    title="PostSalesApiService recordClientContact should record client contact successfully"
	  />
	  Name "CotizadorEngineService Quote Generation with Package should determine client type from package data":
	  <li
	    class="jasmine-passed"
	    id="spec_spec277"
	    title="CotizadorEngineService Quote Generation with Package should determine client type from package data"
	  />
	  Name "CotizadorEngineService Quote Generation with Package should handle direct sale (rate = 0)":
	  <li
	    class="jasmine-passed"
	    id="spec_spec278"
	    title="CotizadorEngineService Quote Generation with Package should handle direct sale (rate = 0)"
	  />
	  Name "CotizadorEngineService Quote Generation with Package should generate quote with minimum down payment":
	  <li
	    class="jasmine-passed"
	    id="spec_spec275"
	    title="CotizadorEngineService Quote Generation with Package should generate quote with minimum down payment"
	  />
	  Name "CotizadorEngineService Quote Generation with Package should generate quote with custom down payment":
	  <li
	    class="jasmine-passed"
	    id="spec_spec276"
	    title="CotizadorEngineService Quote Generation with Package should generate quote with custom down payment"
	  />
	  Name "CotizadorEngineService Package Price Calculation should handle 60-month terms correctly":
	  <li
	    class="jasmine-passed"
	    id="spec_spec267"
	    title="CotizadorEngineService Package Price Calculation should handle 60-month terms correctly"
	  />
	  Name "CotizadorEngineService Package Price Calculation should multiply term-based components by years":
	  <li
	    class="jasmine-passed"
	    id="spec_spec266"
	    title="CotizadorEngineService Package Price Calculation should multiply term-based components by years"
	  />
	  Name "CotizadorEngineService Package Price Calculation should handle package with no components":
	  <li
	    class="jasmine-passed"
	    id="spec_spec269"
	    title="CotizadorEngineService Package Price Calculation should handle package with no components"
	  />
	  Name "CotizadorEngineService Package Price Calculation should skip optional components not selected":
	  <li
	    class="jasmine-passed"
	    id="spec_spec268"
	    title="CotizadorEngineService Package Price Calculation should skip optional components not selected"
	  />
	  Name "CotizadorEngineService Package Price Calculation should calculate package price with selected optionals":
	  <li
	    class="jasmine-passed"
	    id="spec_spec265"
	    title="CotizadorEngineService Package Price Calculation should calculate package price with selected optionals"
	  />
	  Name "CotizadorEngineService Package Price Calculation should calculate basic package price without optionals":
	  <li
	    class="jasmine-passed"
	    id="spec_spec264"
	    title="CotizadorEngineService Package Price Calculation should calculate basic package price without optionals"
	  />
	  Name "CotizadorEngineService Legacy Quote Generation should generate basic quote":
	  <li
	    class="jasmine-passed"
	    id="spec_spec279"
	    title="CotizadorEngineService Legacy Quote Generation should generate basic quote"
	  />
	  Name "CotizadorEngineService Balance Calculations should return zero when all payments made":
	  <li
	    class="jasmine-passed"
	    id="spec_spec272"
	    title="CotizadorEngineService Balance Calculations should return zero when all payments made"
	  />
	  Name "CotizadorEngineService Balance Calculations should handle no payments made":
	  <li
	    class="jasmine-passed"
	    id="spec_spec273"
	    title="CotizadorEngineService Balance Calculations should handle no payments made"
	  />
	  Name "CotizadorEngineService Balance Calculations should calculate balance for zero interest loan":
	  <li
	    class="jasmine-passed"
	    id="spec_spec270"
	    title="CotizadorEngineService Balance Calculations should calculate balance for zero interest loan"
	  />
	  Name "CotizadorEngineService Balance Calculations should calculate balance for interest-bearing loan":
	  <li
	    class="jasmine-failed"
	    id="spec_spec271"
	    title="CotizadorEngineService Balance Calculations should calculate balance for interest-bearing loan"
	  />
	  Name "CotizadorEngineService Balance Calculations should handle edge case with zero principal":
	  <li
	    class="jasmine-passed"
	    id="spec_spec274"
	    title="CotizadorEngineService Balance Calculations should handle edge case with zero principal"
	  />
	  Name "CotizadorEngineService Amortization Table Generation should generate complete amortization table":
	  <li
	    class="jasmine-passed"
	    id="spec_spec280"
	    title="CotizadorEngineService Amortization Table Generation should generate complete amortization table"
	  />
	  Name "CotizadorEngineService Amortization Table Generation should have decreasing balance over time":
	  <li
	    class="jasmine-passed"
	    id="spec_spec281"
	    title="CotizadorEngineService Amortization Table Generation should have decreasing balance over time"
	  />
	  Name "CotizadorEngineService Market-Specific Business Rules should apply EdoMex collective rules":
	  <li
	    class="jasmine-passed"
	    id="spec_spec293"
	    title="CotizadorEngineService Market-Specific Business Rules should apply EdoMex collective rules"
	  />
	  Name "CotizadorEngineService Market-Specific Business Rules should use fallback rules for unknown market":
	  <li
	    class="jasmine-passed"
	    id="spec_spec294"
	    title="CotizadorEngineService Market-Specific Business Rules should use fallback rules for unknown market"
	  />
	  Name "CotizadorEngineService Market-Specific Business Rules should apply EdoMex individual rules":
	  <li
	    class="jasmine-passed"
	    id="spec_spec292"
	    title="CotizadorEngineService Market-Specific Business Rules should apply EdoMex individual rules"
	  />
	  Name "CotizadorEngineService Market-Specific Business Rules should apply Aguascalientes rules":
	  <li
	    class="jasmine-passed"
	    id="spec_spec291"
	    title="CotizadorEngineService Market-Specific Business Rules should apply Aguascalientes rules"
	  />
	  Name "CotizadorEngineService Configuration Validation should validate EdoMex collective requirements":
	  <li
	    class="jasmine-passed"
	    id="spec_spec288"
	    title="CotizadorEngineService Configuration Validation should validate EdoMex collective requirements"
	  />
	  Name "CotizadorEngineService Configuration Validation should reject zero or negative price":
	  <li
	    class="jasmine-passed"
	    id="spec_spec285"
	    title="CotizadorEngineService Configuration Validation should reject zero or negative price"
	  />
	  Name "CotizadorEngineService Configuration Validation should reject insufficient down payment":
	  <li
	    class="jasmine-passed"
	    id="spec_spec283"
	    title="CotizadorEngineService Configuration Validation should reject insufficient down payment"
	  />
	  Name "CotizadorEngineService Configuration Validation should validate correct configuration":
	  <li
	    class="jasmine-passed"
	    id="spec_spec282"
	    title="CotizadorEngineService Configuration Validation should validate correct configuration"
	  />
	  Name "CotizadorEngineService Configuration Validation should reject invalid term":
	  <li
	    class="jasmine-passed"
	    id="spec_spec284"
	    title="CotizadorEngineService Configuration Validation should reject invalid term"
	  />
	  Name "CotizadorEngineService Configuration Validation should validate EdoMex individual requirements":
	  <li
	    class="jasmine-passed"
	    id="spec_spec287"
	    title="CotizadorEngineService Configuration Validation should validate EdoMex individual requirements"
	  />
	  Name "CotizadorEngineService Configuration Validation should reject down payment equal to total price":
	  <li
	    class="jasmine-passed"
	    id="spec_spec286"
	    title="CotizadorEngineService Configuration Validation should reject down payment equal to total price"
	  />
	  Name "CotizadorEngineService Financial Summary Calculations should calculate total interest":
	  <li
	    class="jasmine-passed"
	    id="spec_spec289"
	    title="CotizadorEngineService Financial Summary Calculations should calculate total interest"
	  />
	  Name "CotizadorEngineService Financial Summary Calculations should generate financial summary":
	  <li
	    class="jasmine-passed"
	    id="spec_spec290"
	    title="CotizadorEngineService Financial Summary Calculations should generate financial summary"
	  />
	  Name "CotizadorEngineService Product Package Management should get EdoMex colectivo package":
	  <li
	    class="jasmine-passed"
	    id="spec_spec261"
	    title="CotizadorEngineService Product Package Management should get EdoMex colectivo package"
	  />
	  Name "CotizadorEngineService Product Package Management should get Aguascalientes plazo package":
	  <li
	    class="jasmine-passed"
	    id="spec_spec260"
	    title="CotizadorEngineService Product Package Management should get Aguascalientes plazo package"
	  />
	  Name "CotizadorEngineService Product Package Management should handle unknown market gracefully":
	  <li
	    class="jasmine-passed"
	    id="spec_spec263"
	    title="CotizadorEngineService Product Package Management should handle unknown market gracefully"
	  />
	  Name "CotizadorEngineService Product Package Management should get EdoMex directa package":
	  <li
	    class="jasmine-passed"
	    id="spec_spec262"
	    title="CotizadorEngineService Product Package Management should get EdoMex directa package"
	  />
	  Name "CotizadorEngineService Service Initialization should be created":
	  <li
	    class="jasmine-passed"
	    id="spec_spec259"
	    title="CotizadorEngineService Service Initialization should be created"
	  />
	  Name "PerformanceConfigService should merge profile-specific overrides":
	  <li
	    class="jasmine-passed"
	    id="spec_spec664"
	    title="PerformanceConfigService should merge profile-specific overrides"
	  />
	  Name "PerformanceConfigService getDelay/getTimeout should return numeric values from profile or defaults":
	  <li
	    class="jasmine-passed"
	    id="spec_spec665"
	    title="PerformanceConfigService getDelay/getTimeout should return numeric values from profile or defaults"
	  />
	  Name "PerformanceConfigService should override defaults with provided config":
	  <li
	    class="jasmine-passed"
	    id="spec_spec663"
	    title="PerformanceConfigService should override defaults with provided config"
	  />
	  Name "PerformanceConfigService should return defaults when no config provided":
	  <li
	    class="jasmine-passed"
	    id="spec_spec662"
	    title="PerformanceConfigService should return defaults when no config provided"
	  />
	  Name "SimuladorEngineService Service Initialization should be created":
	  <li
	    class="jasmine-passed"
	    id="spec_spec720"
	    title="SimuladorEngineService Service Initialization should be created"
	  />
	  Name "SimuladorEngineService Senior-First Formatting should format scenario summary for seniors":
	  <li
	    class="jasmine-passed"
	    id="spec_spec743"
	    title="SimuladorEngineService Senior-First Formatting should format scenario summary for seniors"
	  />
	  Name "SimuladorEngineService Senior-First Formatting should format key numbers correctly":
	  <li
	    class="jasmine-passed"
	    id="spec_spec744"
	    title="SimuladorEngineService Senior-First Formatting should format key numbers correctly"
	  />
	  Name "SimuladorEngineService Senior-First Formatting should limit timeline to first 5 events":
	  <li
	    class="jasmine-passed"
	    id="spec_spec746"
	    title="SimuladorEngineService Senior-First Formatting should limit timeline to first 5 events"
	  />
	  Name "SimuladorEngineService Senior-First Formatting should format timeline with limited events":
	  <li
	    class="jasmine-passed"
	    id="spec_spec745"
	    title="SimuladorEngineService Senior-First Formatting should format timeline with limited events"
	  />
	  Name "SimuladorEngineService Edge Cases and Error Handling should handle very large target amounts":
	  <li
	    class="jasmine-passed"
	    id="spec_spec749"
	    title="SimuladorEngineService Edge Cases and Error Handling should handle very large target amounts"
	  />
	  Name "SimuladorEngineService Edge Cases and Error Handling should handle zero consumption in individual scenario":
	  <li
	    class="jasmine-passed"
	    id="spec_spec748"
	    title="SimuladorEngineService Edge Cases and Error Handling should handle zero consumption in individual scenario"
	  />
	  Name "SimuladorEngineService Edge Cases and Error Handling should handle zero target amount in AGS scenario":
	  <li
	    class="jasmine-passed"
	    id="spec_spec747"
	    title="SimuladorEngineService Edge Cases and Error Handling should handle zero target amount in AGS scenario"
	  />
	  Name "SimuladorEngineService Edge Cases and Error Handling should handle zero member count in collective scenario":
	  <li
	    class="jasmine-passed"
	    id="spec_spec750"
	    title="SimuladorEngineService Edge Cases and Error Handling should handle zero member count in collective scenario"
	  />
	  Name "SimuladorEngineService EdoMex Individual Scenario should calculate months to target correctly":
	  <li
	    class="jasmine-passed"
	    id="spec_spec727"
	    title="SimuladorEngineService EdoMex Individual Scenario should calculate months to target correctly"
	  />
	  Name "SimuladorEngineService EdoMex Individual Scenario should generate individual savings scenario":
	  <li
	    class="jasmine-passed"
	    id="spec_spec726"
	    title="SimuladorEngineService EdoMex Individual Scenario should generate individual savings scenario"
	  />
	  Name "SimuladorEngineService EdoMex Individual Scenario should handle zero voluntary contribution":
	  <li
	    class="jasmine-passed"
	    id="spec_spec729"
	    title="SimuladorEngineService EdoMex Individual Scenario should handle zero voluntary contribution"
	  />
	  Name "SimuladorEngineService EdoMex Individual Scenario should generate progressive balance projection":
	  <li
	    class="jasmine-passed"
	    id="spec_spec728"
	    title="SimuladorEngineService EdoMex Individual Scenario should generate progressive balance projection"
	  />
	  Name "SimuladorEngineService EdoMex Individual Scenario should create timeline with milestone":
	  <li
	    class="jasmine-passed"
	    id="spec_spec730"
	    title="SimuladorEngineService EdoMex Individual Scenario should create timeline with milestone"
	  />
	  Name "SimuladorEngineService EdoMex Collective Scenario should use first award timing from tanda simulation":
	  <li
	    class="jasmine-passed"
	    id="spec_spec734"
	    title="SimuladorEngineService EdoMex Collective Scenario should use first award timing from tanda simulation"
	  />
	  Name "SimuladorEngineService EdoMex Collective Scenario should handle missing first award timing":
	  <li
	    class="jasmine-passed"
	    id="spec_spec735"
	    title="SimuladorEngineService EdoMex Collective Scenario should handle missing first award timing"
	  />
	  Name "SimuladorEngineService EdoMex Collective Scenario should calculate total savings target based on member count":
	  <li
	    class="jasmine-passed"
	    id="spec_spec733"
	    title="SimuladorEngineService EdoMex Collective Scenario should calculate total savings target based on member count"
	  />
	  Name "SimuladorEngineService EdoMex Collective Scenario should generate collective scenario with tanda integration":
	  <li
	    class="jasmine-passed"
	    id="spec_spec731"
	    title="SimuladorEngineService EdoMex Collective Scenario should generate collective scenario with tanda integration"
	  />
	  Name "SimuladorEngineService EdoMex Collective Scenario should calculate individual contributions correctly":
	  <li
	    class="jasmine-passed"
	    id="spec_spec732"
	    title="SimuladorEngineService EdoMex Collective Scenario should calculate individual contributions correctly"
	  />
	  Name "SimuladorEngineService Scenario Optimization should optimize AGS liquidation scenario":
	  <li
	    class="jasmine-passed"
	    id="spec_spec736"
	    title="SimuladorEngineService Scenario Optimization should optimize AGS liquidation scenario"
	  />
	  Name "SimuladorEngineService Scenario Optimization should optimize EdoMex collective scenario":
	  <li
	    class="jasmine-passed"
	    id="spec_spec738"
	    title="SimuladorEngineService Scenario Optimization should optimize EdoMex collective scenario"
	  />
	  Name "SimuladorEngineService Scenario Optimization should handle unknown scenario type":
	  <li
	    class="jasmine-passed"
	    id="spec_spec739"
	    title="SimuladorEngineService Scenario Optimization should handle unknown scenario type"
	  />
	  Name "SimuladorEngineService Scenario Optimization should optimize EdoMex individual scenario":
	  <li
	    class="jasmine-passed"
	    id="spec_spec737"
	    title="SimuladorEngineService Scenario Optimization should optimize EdoMex individual scenario"
	  />
	  Name "SimuladorEngineService Comparison Scenarios should handle empty variations array":
	  <li
	    class="jasmine-passed"
	    id="spec_spec742"
	    title="SimuladorEngineService Comparison Scenarios should handle empty variations array"
	  />
	  Name "SimuladorEngineService Comparison Scenarios should preserve other parameters when varying specific ones":
	  <li
	    class="jasmine-passed"
	    id="spec_spec741"
	    title="SimuladorEngineService Comparison Scenarios should preserve other parameters when varying specific ones"
	  />
	  Name "SimuladorEngineService Comparison Scenarios should generate comparison scenarios with parameter variations":
	  <li
	    class="jasmine-passed"
	    id="spec_spec740"
	    title="SimuladorEngineService Comparison Scenarios should generate comparison scenarios with parameter variations"
	  />
	  Name "SimuladorEngineService AGS Liquidation Scenario should handle single plate scenario":
	  <li
	    class="jasmine-passed"
	    id="spec_spec725"
	    title="SimuladorEngineService AGS Liquidation Scenario should handle single plate scenario"
	  />
	  Name "SimuladorEngineService AGS Liquidation Scenario should handle zero consumption scenario":
	  <li
	    class="jasmine-passed"
	    id="spec_spec724"
	    title="SimuladorEngineService AGS Liquidation Scenario should handle zero consumption scenario"
	  />
	  Name "SimuladorEngineService AGS Liquidation Scenario should generate basic liquidation scenario":
	  <li
	    class="jasmine-passed"
	    id="spec_spec721"
	    title="SimuladorEngineService AGS Liquidation Scenario should generate basic liquidation scenario"
	  />
	  Name "SimuladorEngineService AGS Liquidation Scenario should generate timeline events correctly":
	  <li
	    class="jasmine-passed"
	    id="spec_spec723"
	    title="SimuladorEngineService AGS Liquidation Scenario should generate timeline events correctly"
	  />
	  Name "SimuladorEngineService AGS Liquidation Scenario should calculate projected balance correctly":
	  <li
	    class="jasmine-passed"
	    id="spec_spec722"
	    title="SimuladorEngineService AGS Liquidation Scenario should calculate projected balance correctly"
	  />
	  Name "OnboardingEngineService should call updateClient with id and updated object on reviewDocument":
	  <li
	    class="jasmine-passed"
	    id="spec_spec661"
	    title="OnboardingEngineService should call updateClient with id and updated object on reviewDocument"
	  />
	  Name "OnboardingEngineService should call updateClient with id and updated object on document submission":
	  <li
	    class="jasmine-passed"
	    id="spec_spec660"
	    title="OnboardingEngineService should call updateClient with id and updated object on document submission"
	  />
	  Name "ClienteFormComponent should validate phone format":
	  <li
	    class="jasmine-failed"
	    id="spec_spec921"
	    title="ClienteFormComponent should validate phone format"
	  />
	  Name "ClienteFormComponent should validate email format":
	  <li
	    class="jasmine-failed"
	    id="spec_spec920"
	    title="ClienteFormComponent should validate email format"
	  />
	  Name "ClienteFormComponent should handle API error during client creation":
	  <li
	    class="jasmine-failed"
	    id="spec_spec926"
	    title="ClienteFormComponent should handle API error during client creation"
	  />
	  Name "ClienteFormComponent should create":
	  <li
	    class="jasmine-failed"
	    id="spec_spec917"
	    title="ClienteFormComponent should create"
	  />
	  Name "ClienteFormComponent should initialize form with default values for new client":
	  <li
	    class="jasmine-failed"
	    id="spec_spec918"
	    title="ClienteFormComponent should initialize form with default values for new client"
	  />
	  Name "ClienteFormComponent should validate RFC format if provided":
	  <li
	    class="jasmine-failed"
	    id="spec_spec922"
	    title="ClienteFormComponent should validate RFC format if provided"
	  />
	  Name "ClienteFormComponent should navigate back when goBack is called":
	  <li
	    class="jasmine-failed"
	    id="spec_spec928"
	    title="ClienteFormComponent should navigate back when goBack is called"
	  />
	  Name "ClienteFormComponent should prevent form submission when invalid":
	  <li
	    class="jasmine-failed"
	    id="spec_spec927"
	    title="ClienteFormComponent should prevent form submission when invalid"
	  />
	  Name "ClienteFormComponent should validate required fields":
	  <li
	    class="jasmine-failed"
	    id="spec_spec919"
	    title="ClienteFormComponent should validate required fields"
	  />
	  Name "ClienteFormComponent should update existing client with valid form data":
	  <li
	    class="jasmine-failed"
	    id="spec_spec925"
	    title="ClienteFormComponent should update existing client with valid form data"
	  />
	  Name "ClienteFormComponent should handle different markets correctly":
	  <li
	    class="jasmine-failed"
	    id="spec_spec931"
	    title="ClienteFormComponent should handle different markets correctly"
	  />
	  Name "ClienteFormComponent should clean form when switching between markets":
	  <li
	    class="jasmine-failed"
	    id="spec_spec932"
	    title="ClienteFormComponent should clean form when switching between markets"
	  />
	  Name "ClienteFormComponent should handle different business flows correctly":
	  <li
	    class="jasmine-failed"
	    id="spec_spec930"
	    title="ClienteFormComponent should handle different business flows correctly"
	  />
	  Name "ClienteFormComponent should load existing client data in edit mode":
	  <li
	    class="jasmine-failed"
	    id="spec_spec924"
	    title="ClienteFormComponent should load existing client data in edit mode"
	  />
	  Name "ClienteFormComponent should set loading state during form submission":
	  <li
	    class="jasmine-failed"
	    id="spec_spec929"
	    title="ClienteFormComponent should set loading state during form submission"
	  />
	  Name "ClienteFormComponent should create new client with valid form data":
	  <li
	    class="jasmine-failed"
	    id="spec_spec923"
	    title="ClienteFormComponent should create new client with valid form data"
	  />
	  Name "PushNotificationService Initialization Flow should return false for denied permission":
	  <li
	    class="jasmine-passed"
	    id="spec_spec719"
	    title="PushNotificationService Initialization Flow should return false for denied permission"
	  />
	  Name "PushNotificationService Initialization Flow should return false for unsupported environment":
	  <li
	    class="jasmine-failed"
	    id="spec_spec718"
	    title="PushNotificationService Initialization Flow should return false for unsupported environment"
	  />
	  Name "PushNotificationService Initialization Flow should initialize notifications with granted permission":
	  <li
	    class="jasmine-passed"
	    id="spec_spec716"
	    title="PushNotificationService Initialization Flow should initialize notifications with granted permission"
	  />
	  Name "PushNotificationService Initialization Flow should request permission for default permission":
	  <li
	    class="jasmine-passed"
	    id="spec_spec717"
	    title="PushNotificationService Initialization Flow should request permission for default permission"
	  />
	  Name "PushNotificationService Utility Methods should get notification status":
	  <li
	    class="jasmine-passed"
	    id="spec_spec709"
	    title="PushNotificationService Utility Methods should get notification status"
	  />
	  Name "PushNotificationService Utility Methods should detect browser name correctly":
	  <li
	    class="jasmine-passed"
	    id="spec_spec710"
	    title="PushNotificationService Utility Methods should detect browser name correctly"
	  />
	  Name "PushNotificationService Utility Methods should detect OS name correctly":
	  <li
	    class="jasmine-passed"
	    id="spec_spec711"
	    title="PushNotificationService Utility Methods should detect OS name correctly"
	  />
	  Name "PushNotificationService Utility Methods should convert ArrayBuffer to Base64":
	  <li
	    class="jasmine-passed"
	    id="spec_spec712"
	    title="PushNotificationService Utility Methods should convert ArrayBuffer to Base64"
	  />
	  Name "PushNotificationService Utility Methods should get current user ID":
	  <li
	    class="jasmine-passed"
	    id="spec_spec713"
	    title="PushNotificationService Utility Methods should get current user ID"
	  />
	  Name "PushNotificationService Utility Methods should get auth token":
	  <li
	    class="jasmine-passed"
	    id="spec_spec715"
	    title="PushNotificationService Utility Methods should get auth token"
	  />
	  Name "PushNotificationService Utility Methods should return anonymous for missing user":
	  <li
	    class="jasmine-passed"
	    id="spec_spec714"
	    title="PushNotificationService Utility Methods should return anonymous for missing user"
	  />
	  Name "PushNotificationService Test and Debugging should fallback to local notification on API failure":
	  <li
	    class="jasmine-passed"
	    id="spec_spec708"
	    title="PushNotificationService Test and Debugging should fallback to local notification on API failure"
	  />
	  Name "PushNotificationService Test and Debugging should send test notification via API":
	  <li
	    class="jasmine-passed"
	    id="spec_spec707"
	    title="PushNotificationService Test and Debugging should send test notification via API"
	  />
	  Name "PushNotificationService Service Initialization should initialize with empty notification history":
	  <li
	    class="jasmine-passed"
	    id="spec_spec685"
	    title="PushNotificationService Service Initialization should initialize with empty notification history"
	  />
	  Name "PushNotificationService Service Initialization should initialize with no subscription":
	  <li
	    class="jasmine-passed"
	    id="spec_spec684"
	    title="PushNotificationService Service Initialization should initialize with no subscription"
	  />
	  Name "PushNotificationService Service Initialization should check push notification support":
	  <li
	    class="jasmine-passed"
	    id="spec_spec682"
	    title="PushNotificationService Service Initialization should check push notification support"
	  />
	  Name "PushNotificationService Service Initialization should initialize with default permission":
	  <li
	    class="jasmine-passed"
	    id="spec_spec683"
	    title="PushNotificationService Service Initialization should initialize with default permission"
	  />
	  Name "PushNotificationService Service Initialization should be created":
	  <li
	    class="jasmine-passed"
	    id="spec_spec681"
	    title="PushNotificationService Service Initialization should be created"
	  />
	  Name "PushNotificationService Notification History should get unread notification count":
	  <li
	    class="jasmine-passed"
	    id="spec_spec701"
	    title="PushNotificationService Notification History should get unread notification count"
	  />
	  Name "PushNotificationService Notification History should limit notification history to 50 items":
	  <li
	    class="jasmine-passed"
	    id="spec_spec706"
	    title="PushNotificationService Notification History should limit notification history to 50 items"
	  />
	  Name "PushNotificationService Notification History should handle corrupted notification history data":
	  <li
	    class="jasmine-failed"
	    id="spec_spec705"
	    title="PushNotificationService Notification History should handle corrupted notification history data"
	  />
	  Name "PushNotificationService Notification History should mark all notifications as read":
	  <li
	    class="jasmine-passed"
	    id="spec_spec702"
	    title="PushNotificationService Notification History should mark all notifications as read"
	  />
	  Name "PushNotificationService Notification History should clear notification history":
	  <li
	    class="jasmine-passed"
	    id="spec_spec703"
	    title="PushNotificationService Notification History should clear notification history"
	  />
	  Name "PushNotificationService Notification History should load stored notifications on initialization":
	  <li
	    class="jasmine-failed"
	    id="spec_spec704"
	    title="PushNotificationService Notification History should load stored notifications on initialization"
	  />
	  Name "PushNotificationService Notification Handling should show in-app notification when document is visible":
	  <li
	    class="jasmine-passed"
	    id="spec_spec698"
	    title="PushNotificationService Notification Handling should show in-app notification when document is visible"
	  />
	  Name "PushNotificationService Notification Handling should handle notification clicks":
	  <li
	    class="jasmine-passed"
	    id="spec_spec699"
	    title="PushNotificationService Notification Handling should handle notification clicks"
	  />
	  Name "PushNotificationService Notification Handling should navigate to client page for document_pending notifications":
	  <li
	    class="jasmine-failed"
	    id="spec_spec700"
	    title="PushNotificationService Notification Handling should navigate to client page for document_pending notifications"
	  />
	  Name "PushNotificationService Notification Handling should setup notification handlers":
	  <li
	    class="jasmine-passed"
	    id="spec_spec696"
	    title="PushNotificationService Notification Handling should setup notification handlers"
	  />
	  Name "PushNotificationService Notification Handling should handle incoming notification message":
	  <li
	    class="jasmine-failed"
	    id="spec_spec697"
	    title="PushNotificationService Notification Handling should handle incoming notification message"
	  />
	  Name "PushNotificationService Subscription Management should unsubscribe from push notifications":
	  <li
	    class="jasmine-failed"
	    id="spec_spec692"
	    title="PushNotificationService Subscription Management should unsubscribe from push notifications"
	  />
	  Name "PushNotificationService Subscription Management should subscribe to push notifications":
	  <li
	    class="jasmine-failed"
	    id="spec_spec689"
	    title="PushNotificationService Subscription Management should subscribe to push notifications"
	  />
	  Name "PushNotificationService Subscription Management should load existing subscription from localStorage":
	  <li
	    class="jasmine-failed"
	    id="spec_spec694"
	    title="PushNotificationService Subscription Management should load existing subscription from localStorage"
	  />
	  Name "PushNotificationService Subscription Management should handle corrupted localStorage subscription data":
	  <li
	    class="jasmine-failed"
	    id="spec_spec695"
	    title="PushNotificationService Subscription Management should handle corrupted localStorage subscription data"
	  />
	  Name "PushNotificationService Subscription Management should handle unsubscribe failures gracefully":
	  <li
	    class="jasmine-passed"
	    id="spec_spec693"
	    title="PushNotificationService Subscription Management should handle unsubscribe failures gracefully"
	  />
	  Name "PushNotificationService Subscription Management should return null when permission not granted":
	  <li
	    class="jasmine-passed"
	    id="spec_spec690"
	    title="PushNotificationService Subscription Management should return null when permission not granted"
	  />
	  Name "PushNotificationService Subscription Management should handle subscription failures":
	  <li
	    class="jasmine-passed"
	    id="spec_spec691"
	    title="PushNotificationService Subscription Management should handle subscription failures"
	  />
	  Name "PushNotificationService Permission Management should throw error when push notifications not supported":
	  <li
	    class="jasmine-failed"
	    id="spec_spec688"
	    title="PushNotificationService Permission Management should throw error when push notifications not supported"
	  />
	  Name "PushNotificationService Permission Management should handle permission denied":
	  <li
	    class="jasmine-passed"
	    id="spec_spec687"
	    title="PushNotificationService Permission Management should handle permission denied"
	  />
	  Name "PushNotificationService Permission Management should request notification permission":
	  <li
	    class="jasmine-passed"
	    id="spec_spec686"
	    title="PushNotificationService Permission Management should request notification permission"
	  />
	  Name "math.util helpers should aggregate values":
	  <li
	    class="jasmine-passed"
	    id="spec_spec848"
	    title="math.util helpers should aggregate values"
	  />
	  Name "math.util rate conversions should be consistent":
	  <li
	    class="jasmine-passed"
	    id="spec_spec846"
	    title="math.util rate conversions should be consistent"
	  />
	  Name "math.util annuity should compute payment correctly":
	  <li
	    class="jasmine-passed"
	    id="spec_spec847"
	    title="math.util annuity should compute payment correctly"
	  />
	  Name "math.util round2 should round to 2 decimals":
	  <li
	    class="jasmine-passed"
	    id="spec_spec843"
	    title="math.util round2 should round to 2 decimals"
	  />
	  Name "math.util safe operations should reduce FP drift":
	  <li
	    class="jasmine-passed"
	    id="spec_spec844"
	    title="math.util safe operations should reduce FP drift"
	  />
	  Name "math.util monthsToYearsCeil should ceil to years":
	  <li
	    class="jasmine-passed"
	    id="spec_spec849"
	    title="math.util monthsToYearsCeil should ceil to years"
	  />
	  Name "math.util clamp should bound values":
	  <li
	    class="jasmine-passed"
	    id="spec_spec845"
	    title="math.util clamp should bound values"
	  />
	  Name "BusinessRulesService Age Calculation should handle birthday not yet reached this year":
	  <li
	    class="jasmine-passed"
	    id="spec_spec154"
	    title="BusinessRulesService Age Calculation should handle birthday not yet reached this year"
	  />
	  Name "BusinessRulesService Age Calculation should calculate age correctly":
	  <li
	    class="jasmine-passed"
	    id="spec_spec153"
	    title="BusinessRulesService Age Calculation should calculate age correctly"
	  />
	  Name "BusinessRulesService Market Requirements should get Aguascalientes requirements":
	  <li
	    class="jasmine-passed"
	    id="spec_spec143"
	    title="BusinessRulesService Market Requirements should get Aguascalientes requirements"
	  />
	  Name "BusinessRulesService Market Requirements should get Estado de México requirements":
	  <li
	    class="jasmine-passed"
	    id="spec_spec144"
	    title="BusinessRulesService Market Requirements should get Estado de México requirements"
	  />
	  Name "BusinessRulesService Market Requirements should include required documents for each market":
	  <li
	    class="jasmine-passed"
	    id="spec_spec145"
	    title="BusinessRulesService Market Requirements should include required documents for each market"
	  />
	  Name "BusinessRulesService Business Flow Change Validation should allow flow change when no documents are approved":
	  <li
	    class="jasmine-passed"
	    id="spec_spec146"
	    title="BusinessRulesService Business Flow Change Validation should allow flow change when no documents are approved"
	  />
	  Name "BusinessRulesService Business Flow Change Validation should not allow flow change when documents are approved":
	  <li
	    class="jasmine-passed"
	    id="spec_spec147"
	    title="BusinessRulesService Business Flow Change Validation should not allow flow change when documents are approved"
	  />
	  Name "BusinessRulesService Business Flow Change Validation should not allow collective credit in Aguascalientes":
	  <li
	    class="jasmine-passed"
	    id="spec_spec148"
	    title="BusinessRulesService Business Flow Change Validation should not allow collective credit in Aguascalientes"
	  />
	  Name "BusinessRulesService Business Flow Change Validation should require ecosystem for EdoMex collective credit":
	  <li
	    class="jasmine-passed"
	    id="spec_spec149"
	    title="BusinessRulesService Business Flow Change Validation should require ecosystem for EdoMex collective credit"
	  />
	  Name "BusinessRulesService Market Requirements Special Rules should include EdoMex specific rules about ecosystem":
	  <li
	    class="jasmine-passed"
	    id="spec_spec162"
	    title="BusinessRulesService Market Requirements Special Rules should include EdoMex specific rules about ecosystem"
	  />
	  Name "BusinessRulesService Market Requirements Special Rules should include AGS specific rules about credit types":
	  <li
	    class="jasmine-passed"
	    id="spec_spec161"
	    title="BusinessRulesService Market Requirements Special Rules should include AGS specific rules about credit types"
	  />
	  Name "BusinessRulesService Helper Methods should generate ecosystem validation notes":
	  <li
	    class="jasmine-passed"
	    id="spec_spec157"
	    title="BusinessRulesService Helper Methods should generate ecosystem validation notes"
	  />
	  Name "BusinessRulesService Helper Methods should consolidate validation results correctly":
	  <li
	    class="jasmine-passed"
	    id="spec_spec155"
	    title="BusinessRulesService Helper Methods should consolidate validation results correctly"
	  />
	  Name "BusinessRulesService Helper Methods should get ecosystem required documents":
	  <li
	    class="jasmine-passed"
	    id="spec_spec156"
	    title="BusinessRulesService Helper Methods should get ecosystem required documents"
	  />
	  Name "BusinessRulesService Collective Group Validation Details should validate down payment minimum for collective credit":
	  <li
	    class="jasmine-passed"
	    id="spec_spec160"
	    title="BusinessRulesService Collective Group Validation Details should validate down payment minimum for collective credit"
	  />
	  Name "BusinessRulesService Collective Group Validation Details should validate down payment range for collective credit":
	  <li
	    class="jasmine-passed"
	    id="spec_spec159"
	    title="BusinessRulesService Collective Group Validation Details should validate down payment range for collective credit"
	  />
	  Name "BusinessRulesService Collective Group Validation Details should validate minimum group size":
	  <li
	    class="jasmine-passed"
	    id="spec_spec158"
	    title="BusinessRulesService Collective Group Validation Details should validate minimum group size"
	  />
	  Name "BusinessRulesService Credit History Validation should warn about low credit score":
	  <li
	    class="jasmine-passed"
	    id="spec_spec151"
	    title="BusinessRulesService Credit History Validation should warn about low credit score"
	  />
	  Name "BusinessRulesService Credit History Validation should validate credit history with simulated score":
	  <li
	    class="jasmine-passed"
	    id="spec_spec150"
	    title="BusinessRulesService Credit History Validation should validate credit history with simulated score"
	  />
	  Name "BusinessRulesService Credit History Validation should recommend special conditions for very low score":
	  <li
	    class="jasmine-passed"
	    id="spec_spec152"
	    title="BusinessRulesService Credit History Validation should recommend special conditions for very low score"
	  />
	  Name "BusinessRulesService Ecosystem Validation Edge Cases should properly identify required vs optional documents":
	  <li
	    class="jasmine-failed"
	    id="spec_spec164"
	    title="BusinessRulesService Ecosystem Validation Edge Cases should properly identify required vs optional documents"
	  />
	  Name "BusinessRulesService Ecosystem Validation Edge Cases should handle ecosystem validation with partial documents":
	  <li
	    class="jasmine-passed"
	    id="spec_spec163"
	    title="BusinessRulesService Ecosystem Validation Edge Cases should handle ecosystem validation with partial documents"
	  />
	  Name "BusinessRulesService Service Initialization should have universal rules":
	  <li
	    class="jasmine-passed"
	    id="spec_spec120"
	    title="BusinessRulesService Service Initialization should have universal rules"
	  />
	  Name "BusinessRulesService Service Initialization should have EdoMex specific rules":
	  <li
	    class="jasmine-passed"
	    id="spec_spec119"
	    title="BusinessRulesService Service Initialization should have EdoMex specific rules"
	  />
	  Name "BusinessRulesService Service Initialization should be created":
	  <li
	    class="jasmine-passed"
	    id="spec_spec116"
	    title="BusinessRulesService Service Initialization should be created"
	  />
	  Name "BusinessRulesService Service Initialization should have AGS specific rules":
	  <li
	    class="jasmine-passed"
	    id="spec_spec118"
	    title="BusinessRulesService Service Initialization should have AGS specific rules"
	  />
	  Name "BusinessRulesService Service Initialization should initialize validation rules":
	  <li
	    class="jasmine-passed"
	    id="spec_spec117"
	    title="BusinessRulesService Service Initialization should initialize validation rules"
	  />
	  Name "BusinessRulesService EdoMex Specific Validations should require group assignment for collective credit":
	  <li
	    class="jasmine-passed"
	    id="spec_spec136"
	    title="BusinessRulesService EdoMex Specific Validations should require group assignment for collective credit"
	  />
	  Name "BusinessRulesService EdoMex Specific Validations should require ecosystem assignment for EdoMex":
	  <li
	    class="jasmine-passed"
	    id="spec_spec133"
	    title="BusinessRulesService EdoMex Specific Validations should require ecosystem assignment for EdoMex"
	  />
	  Name "BusinessRulesService EdoMex Specific Validations should validate collective group requirements":
	  <li
	    class="jasmine-passed"
	    id="spec_spec135"
	    title="BusinessRulesService EdoMex Specific Validations should validate collective group requirements"
	  />
	  Name "BusinessRulesService EdoMex Specific Validations should validate EdoMex payment capacity ($20,000 minimum)":
	  <li
	    class="jasmine-passed"
	    id="spec_spec137"
	    title="BusinessRulesService EdoMex Specific Validations should validate EdoMex payment capacity ($20,000 minimum)"
	  />
	  Name "BusinessRulesService EdoMex Specific Validations should warn about high payment-to-income ratio":
	  <li
	    class="jasmine-passed"
	    id="spec_spec138"
	    title="BusinessRulesService EdoMex Specific Validations should warn about high payment-to-income ratio"
	  />
	  Name "BusinessRulesService EdoMex Specific Validations should validate EdoMex ecosystem documents":
	  <li
	    class="jasmine-passed"
	    id="spec_spec134"
	    title="BusinessRulesService EdoMex Specific Validations should validate EdoMex ecosystem documents"
	  />
	  Name "BusinessRulesService Ecosystem Validation should fail ecosystem validation for client without ecosystem":
	  <li
	    class="jasmine-passed"
	    id="spec_spec140"
	    title="BusinessRulesService Ecosystem Validation should fail ecosystem validation for client without ecosystem"
	  />
	  Name "BusinessRulesService Ecosystem Validation should throw error for AGS client ecosystem validation":
	  <li
	    class="jasmine-passed"
	    id="spec_spec141"
	    title="BusinessRulesService Ecosystem Validation should throw error for AGS client ecosystem validation"
	  />
	  Name "BusinessRulesService Ecosystem Validation should identify missing ecosystem documents":
	  <li
	    class="jasmine-passed"
	    id="spec_spec142"
	    title="BusinessRulesService Ecosystem Validation should identify missing ecosystem documents"
	  />
	  Name "BusinessRulesService Ecosystem Validation should validate ecosystem for EdoMex client":
	  <li
	    class="jasmine-failed"
	    id="spec_spec139"
	    title="BusinessRulesService Ecosystem Validation should validate ecosystem for EdoMex client"
	  />
	  Name "BusinessRulesService Client Validation should filter rules by business flow correctly":
	  <li
	    class="jasmine-passed"
	    id="spec_spec128"
	    title="BusinessRulesService Client Validation should filter rules by business flow correctly"
	  />
	  Name "BusinessRulesService Client Validation should filter rules by market correctly":
	  <li
	    class="jasmine-passed"
	    id="spec_spec127"
	    title="BusinessRulesService Client Validation should filter rules by market correctly"
	  />
	  Name "BusinessRulesService Client Validation should fail validation for underage client":
	  <li
	    class="jasmine-passed"
	    id="spec_spec124"
	    title="BusinessRulesService Client Validation should fail validation for underage client"
	  />
	  Name "BusinessRulesService Client Validation should fail validation for client with missing documents":
	  <li
	    class="jasmine-passed"
	    id="spec_spec123"
	    title="BusinessRulesService Client Validation should fail validation for client with missing documents"
	  />
	  Name "BusinessRulesService Client Validation should fail validation for client without income":
	  <li
	    class="jasmine-passed"
	    id="spec_spec126"
	    title="BusinessRulesService Client Validation should fail validation for client without income"
	  />
	  Name "BusinessRulesService Client Validation should fail validation for client over age limit":
	  <li
	    class="jasmine-passed"
	    id="spec_spec125"
	    title="BusinessRulesService Client Validation should fail validation for client over age limit"
	  />
	  Name "BusinessRulesService Client Validation should validate EdoMex client successfully":
	  <li
	    class="jasmine-passed"
	    id="spec_spec122"
	    title="BusinessRulesService Client Validation should validate EdoMex client successfully"
	  />
	  Name "BusinessRulesService Client Validation should validate AGS client successfully":
	  <li
	    class="jasmine-passed"
	    id="spec_spec121"
	    title="BusinessRulesService Client Validation should validate AGS client successfully"
	  />
	  Name "BusinessRulesService AGS Specific Validations should validate AGS term requirements (12 or 24 months)":
	  <li
	    class="jasmine-passed"
	    id="spec_spec130"
	    title="BusinessRulesService AGS Specific Validations should validate AGS term requirements (12 or 24 months)"
	  />
	  Name "BusinessRulesService AGS Specific Validations should validate AGS minimum income ($15,000)":
	  <li
	    class="jasmine-passed"
	    id="spec_spec131"
	    title="BusinessRulesService AGS Specific Validations should validate AGS minimum income ($15,000)"
	  />
	  Name "BusinessRulesService AGS Specific Validations should validate AGS required documents":
	  <li
	    class="jasmine-passed"
	    id="spec_spec132"
	    title="BusinessRulesService AGS Specific Validations should validate AGS required documents"
	  />
	  Name "BusinessRulesService AGS Specific Validations should validate AGS down payment requirement (60%)":
	  <li
	    class="jasmine-passed"
	    id="spec_spec129"
	    title="BusinessRulesService AGS Specific Validations should validate AGS down payment requirement (60%)"
	  />
	  Name "AppComponent should render title":
	  <li
	    class="jasmine-passed"
	    id="spec_spec2"
	    title="AppComponent should render title"
	  />
	  Name "AppComponent should create the app":
	  <li
	    class="jasmine-passed"
	    id="spec_spec0"
	    title="AppComponent should create the app"
	  />
	  Name "AppComponent should have the 'conductores-pwa' title":
	  <li
	    class="jasmine-passed"
	    id="spec_spec1"
	    title="AppComponent should have the 'conductores-pwa' title"
	  />
	  Name "ToastService Success Toast should create success toast with default duration":
	  <li
	    class="jasmine-passed"
	    id="spec_spec781"
	    title="ToastService Success Toast should create success toast with default duration"
	  />
	  Name "ToastService Success Toast should create success toast with custom duration":
	  <li
	    class="jasmine-passed"
	    id="spec_spec782"
	    title="ToastService Success Toast should create success toast with custom duration"
	  />
	  Name "ToastService Success Toast should add success toast to toasts array":
	  <li
	    class="jasmine-passed"
	    id="spec_spec783"
	    title="ToastService Success Toast should add success toast to toasts array"
	  />
	  Name "ToastService Error Toast should create error toast with default duration":
	  <li
	    class="jasmine-passed"
	    id="spec_spec784"
	    title="ToastService Error Toast should create error toast with default duration"
	  />
	  Name "ToastService Error Toast should create error toast with custom duration":
	  <li
	    class="jasmine-passed"
	    id="spec_spec785"
	    title="ToastService Error Toast should create error toast with custom duration"
	  />
	  Name "ToastService Edge Cases should handle zero duration":
	  <li
	    class="jasmine-passed"
	    id="spec_spec802"
	    title="ToastService Edge Cases should handle zero duration"
	  />
	  Name "ToastService Edge Cases should handle empty message":
	  <li
	    class="jasmine-passed"
	    id="spec_spec800"
	    title="ToastService Edge Cases should handle empty message"
	  />
	  Name "ToastService Edge Cases should handle rapid consecutive toasts":
	  <li
	    class="jasmine-failed"
	    id="spec_spec805"
	    title="ToastService Edge Cases should handle rapid consecutive toasts"
	  />
	  Name "ToastService Edge Cases should handle negative duration":
	  <li
	    class="jasmine-passed"
	    id="spec_spec803"
	    title="ToastService Edge Cases should handle negative duration"
	  />
	  Name "ToastService Edge Cases should handle special characters in message":
	  <li
	    class="jasmine-passed"
	    id="spec_spec804"
	    title="ToastService Edge Cases should handle special characters in message"
	  />
	  Name "ToastService Edge Cases should handle very long message":
	  <li
	    class="jasmine-passed"
	    id="spec_spec801"
	    title="ToastService Edge Cases should handle very long message"
	  />
	  Name "ToastService Observable Behavior should emit toasts through observable":
	  <li
	    class="jasmine-passed"
	    id="spec_spec797"
	    title="ToastService Observable Behavior should emit toasts through observable"
	  />
	  Name "ToastService Observable Behavior should emit each toast separately":
	  <li
	    class="jasmine-passed"
	    id="spec_spec799"
	    title="ToastService Observable Behavior should emit each toast separately"
	  />
	  Name "ToastService Observable Behavior should support multiple subscribers":
	  <li
	    class="jasmine-passed"
	    id="spec_spec798"
	    title="ToastService Observable Behavior should support multiple subscribers"
	  />
	  Name "ToastService Toast State Management should handle removing all toasts":
	  <li
	    class="jasmine-passed"
	    id="spec_spec807"
	    title="ToastService Toast State Management should handle removing all toasts"
	  />
	  Name "ToastService Toast State Management should maintain correct state after multiple operations":
	  <li
	    class="jasmine-failed"
	    id="spec_spec806"
	    title="ToastService Toast State Management should maintain correct state after multiple operations"
	  />
	  Name "ToastService Warning Toast should create warning toast with default duration":
	  <li
	    class="jasmine-passed"
	    id="spec_spec786"
	    title="ToastService Warning Toast should create warning toast with default duration"
	  />
	  Name "ToastService Warning Toast should create warning toast with custom duration":
	  <li
	    class="jasmine-passed"
	    id="spec_spec787"
	    title="ToastService Warning Toast should create warning toast with custom duration"
	  />
	  Name "ToastService Service Initialization should be created":
	  <li
	    class="jasmine-passed"
	    id="spec_spec778"
	    title="ToastService Service Initialization should be created"
	  />
	  Name "ToastService Service Initialization should have toasts$ observable":
	  <li
	    class="jasmine-passed"
	    id="spec_spec780"
	    title="ToastService Service Initialization should have toasts$ observable"
	  />
	  Name "ToastService Service Initialization should initialize with empty toasts array":
	  <li
	    class="jasmine-passed"
	    id="spec_spec779"
	    title="ToastService Service Initialization should initialize with empty toasts array"
	  />
	  Name "ToastService Toast Management should remove toast by ID":
	  <li
	    class="jasmine-passed"
	    id="spec_spec791"
	    title="ToastService Toast Management should remove toast by ID"
	  />
	  Name "ToastService Toast Management should generate unique IDs for different toasts":
	  <li
	    class="jasmine-failed"
	    id="spec_spec790"
	    title="ToastService Toast Management should generate unique IDs for different toasts"
	  />
	  Name "ToastService Toast Management should remove only specified toast when multiple exist":
	  <li
	    class="jasmine-failed"
	    id="spec_spec793"
	    title="ToastService Toast Management should remove only specified toast when multiple exist"
	  />
	  Name "ToastService Toast Management should handle removing non-existent toast ID":
	  <li
	    class="jasmine-passed"
	    id="spec_spec792"
	    title="ToastService Toast Management should handle removing non-existent toast ID"
	  />
	  Name "ToastService Info Toast should create info toast with default duration":
	  <li
	    class="jasmine-passed"
	    id="spec_spec788"
	    title="ToastService Info Toast should create info toast with default duration"
	  />
	  Name "ToastService Info Toast should create info toast with custom duration":
	  <li
	    class="jasmine-passed"
	    id="spec_spec789"
	    title="ToastService Info Toast should create info toast with custom duration"
	  />
	  Name "ToastService Auto-removal Functionality should auto-remove toast after specified duration":
	  <li
	    class="jasmine-passed"
	    id="spec_spec794"
	    title="ToastService Auto-removal Functionality should auto-remove toast after specified duration"
	  />
	  Name "ToastService Auto-removal Functionality should handle manual removal before auto-removal":
	  <li
	    class="jasmine-passed"
	    id="spec_spec796"
	    title="ToastService Auto-removal Functionality should handle manual removal before auto-removal"
	  />
	  Name "ToastService Auto-removal Functionality should auto-remove multiple toasts at different times":
	  <li
	    class="jasmine-failed"
	    id="spec_spec795"
	    title="ToastService Auto-removal Functionality should auto-remove multiple toasts at different times"
	  />
	  Name "LoginComponent Accessibility Tests Progressive Enhancement should degrade gracefully":
	  <li
	    class="jasmine-passed"
	    id="spec_spec892"
	    title="LoginComponent Accessibility Tests Progressive Enhancement should degrade gracefully"
	  />
	  Name "LoginComponent Accessibility Tests Progressive Enhancement should work without JavaScript enhancements":
	  <li
	    class="jasmine-passed"
	    id="spec_spec891"
	    title="LoginComponent Accessibility Tests Progressive Enhancement should work without JavaScript enhancements"
	  />
	  Name "LoginComponent Accessibility Tests Error Handling Accessibility should announce authentication errors accessibly":
	  <li
	    class="jasmine-failed"
	    id="spec_spec889"
	    title="LoginComponent Accessibility Tests Error Handling Accessibility should announce authentication errors accessibly"
	  />
	  Name "LoginComponent Accessibility Tests Error Handling Accessibility should provide recovery instructions for errors":
	  <li
	    class="jasmine-empty"
	    id="spec_spec890"
	    title="LoginComponent Accessibility Tests Error Handling Accessibility should provide recovery instructions for errors"
	  />
	  Name "LoginComponent Accessibility Tests LoginComponent should be accessible":
	  <li
	    class="jasmine-passed"
	    id="spec_spec893"
	    title="LoginComponent Accessibility Tests LoginComponent should be accessible"
	  />
	  Name "LoginComponent Accessibility Tests Form Accessibility should have properly labeled form controls":
	  <li
	    class="jasmine-passed"
	    id="spec_spec871"
	    title="LoginComponent Accessibility Tests Form Accessibility should have properly labeled form controls"
	  />
	  Name "LoginComponent Accessibility Tests Form Accessibility should have appropriate input types and attributes":
	  <li
	    class="jasmine-failed"
	    id="spec_spec872"
	    title="LoginComponent Accessibility Tests Form Accessibility should have appropriate input types and attributes"
	  />
	  Name "LoginComponent Accessibility Tests Form Accessibility should pass automated accessibility tests":
	  <li
	    class="jasmine-passed"
	    id="spec_spec869"
	    title="LoginComponent Accessibility Tests Form Accessibility should pass automated accessibility tests"
	  />
	  Name "LoginComponent Accessibility Tests Form Accessibility should announce form submission status":
	  <li
	    class="jasmine-passed"
	    id="spec_spec874"
	    title="LoginComponent Accessibility Tests Form Accessibility should announce form submission status"
	  />
	  Name "LoginComponent Accessibility Tests Form Accessibility should provide accessible error messages":
	  <li
	    class="jasmine-passed"
	    id="spec_spec873"
	    title="LoginComponent Accessibility Tests Form Accessibility should provide accessible error messages"
	  />
	  Name "LoginComponent Accessibility Tests Form Accessibility should pass form-specific accessibility tests":
	  <li
	    class="jasmine-passed"
	    id="spec_spec870"
	    title="LoginComponent Accessibility Tests Form Accessibility should pass form-specific accessibility tests"
	  />
	  Name "LoginComponent Accessibility Tests LoginComponent should have no accessibility violations":
	  <li
	    class="jasmine-passed"
	    id="spec_spec894"
	    title="LoginComponent Accessibility Tests LoginComponent should have no accessibility violations"
	  />
	  Name "LoginComponent Accessibility Tests Mobile and Touch Accessibility should be responsive and maintain accessibility":
	  <li
	    class="jasmine-passed"
	    id="spec_spec888"
	    title="LoginComponent Accessibility Tests Mobile and Touch Accessibility should be responsive and maintain accessibility"
	  />
	  Name "LoginComponent Accessibility Tests Mobile and Touch Accessibility should have adequate touch targets":
	  <li
	    class="jasmine-failed"
	    id="spec_spec887"
	    title="LoginComponent Accessibility Tests Mobile and Touch Accessibility should have adequate touch targets"
	  />
	  Name "LoginComponent Accessibility Tests Visual and Interaction Accessibility should have focus indicators for all interactive elements":
	  <li
	    class="jasmine-passed"
	    id="spec_spec878"
	    title="LoginComponent Accessibility Tests Visual and Interaction Accessibility should have focus indicators for all interactive elements"
	  />
	  Name "LoginComponent Accessibility Tests Visual and Interaction Accessibility should not rely solely on color for form validation":
	  <li
	    class="jasmine-failed"
	    id="spec_spec877"
	    title="LoginComponent Accessibility Tests Visual and Interaction Accessibility should not rely solely on color for form validation"
	  />
	  Name "LoginComponent Accessibility Tests Visual and Interaction Accessibility should have accessible password visibility toggle":
	  <li
	    class="jasmine-failed"
	    id="spec_spec875"
	    title="LoginComponent Accessibility Tests Visual and Interaction Accessibility should have accessible password visibility toggle"
	  />
	  Name "LoginComponent Accessibility Tests Visual and Interaction Accessibility should have sufficient color contrast":
	  <li
	    class="jasmine-passed"
	    id="spec_spec876"
	    title="LoginComponent Accessibility Tests Visual and Interaction Accessibility should have sufficient color contrast"
	  />
	  Name "LoginComponent Accessibility Tests Screen Reader Support should provide form context and instructions":
	  <li
	    class="jasmine-passed"
	    id="spec_spec884"
	    title="LoginComponent Accessibility Tests Screen Reader Support should provide form context and instructions"
	  />
	  Name "LoginComponent Accessibility Tests Screen Reader Support should provide meaningful page structure":
	  <li
	    class="jasmine-passed"
	    id="spec_spec883"
	    title="LoginComponent Accessibility Tests Screen Reader Support should provide meaningful page structure"
	  />
	  Name "LoginComponent Accessibility Tests Screen Reader Support should provide meaningful button labels":
	  <li
	    class="jasmine-passed"
	    id="spec_spec886"
	    title="LoginComponent Accessibility Tests Screen Reader Support should provide meaningful button labels"
	  />
	  Name "LoginComponent Accessibility Tests Screen Reader Support should announce loading states":
	  <li
	    class="jasmine-failed"
	    id="spec_spec885"
	    title="LoginComponent Accessibility Tests Screen Reader Support should announce loading states"
	  />
	  Name "LoginComponent Accessibility Tests Keyboard Navigation should support keyboard-only navigation":
	  <li
	    class="jasmine-passed"
	    id="spec_spec879"
	    title="LoginComponent Accessibility Tests Keyboard Navigation should support keyboard-only navigation"
	  />
	  Name "LoginComponent Accessibility Tests Keyboard Navigation should have logical tab order":
	  <li
	    class="jasmine-passed"
	    id="spec_spec880"
	    title="LoginComponent Accessibility Tests Keyboard Navigation should have logical tab order"
	  />
	  Name "LoginComponent Accessibility Tests Keyboard Navigation should support Escape key functionality":
	  <li
	    class="jasmine-passed"
	    id="spec_spec882"
	    title="LoginComponent Accessibility Tests Keyboard Navigation should support Escape key functionality"
	  />
	  Name "LoginComponent Accessibility Tests Keyboard Navigation should handle Enter key submission":
	  <li
	    class="jasmine-passed"
	    id="spec_spec881"
	    title="LoginComponent Accessibility Tests Keyboard Navigation should handle Enter key submission"
	  />
	  Name "LoginComponent Accessibility Tests LoginComponent interactive elements should be keyboard accessible":
	  <li
	    class="jasmine-passed"
	    id="spec_spec895"
	    title="LoginComponent Accessibility Tests LoginComponent interactive elements should be keyboard accessible"
	  />
	  Name "LoginComponent Accessibility Tests LoginComponent form controls should have labels":
	  <li
	    class="jasmine-passed"
	    id="spec_spec896"
	    title="LoginComponent Accessibility Tests LoginComponent form controls should have labels"
	  />
	  Name "LoginComponent should initialize form with empty values":
	  <li
	    class="jasmine-passed"
	    id="spec_spec898"
	    title="LoginComponent should initialize form with empty values"
	  />
	  Name "LoginComponent should show required validation errors":
	  <li
	    class="jasmine-passed"
	    id="spec_spec899"
	    title="LoginComponent should show required validation errors"
	  />
	  Name "LoginComponent should show email format validation error":
	  <li
	    class="jasmine-passed"
	    id="spec_spec900"
	    title="LoginComponent should show email format validation error"
	  />
	  Name "LoginComponent should validate password length":
	  <li
	    class="jasmine-passed"
	    id="spec_spec901"
	    title="LoginComponent should validate password length"
	  />
	  Name "LoginComponent should create":
	  <li
	    class="jasmine-passed"
	    id="spec_spec897"
	    title="LoginComponent should create"
	  />
	  Name "LoginComponent should accept valid form inputs":
	  <li
	    class="jasmine-passed"
	    id="spec_spec902"
	    title="LoginComponent should accept valid form inputs"
	  />
	  Name "LoginComponent should call performLogin when form is valid":
	  <li
	    class="jasmine-failed"
	    id="spec_spec904"
	    title="LoginComponent should call performLogin when form is valid"
	  />
	  Name "LoginComponent should navigate to dashboard on successful login":
	  <li
	    class="jasmine-failed"
	    id="spec_spec905"
	    title="LoginComponent should navigate to dashboard on successful login"
	  />
	  Name "LoginComponent should handle login loading state":
	  <li
	    class="jasmine-passed"
	    id="spec_spec906"
	    title="LoginComponent should handle login loading state"
	  />
	  Name "LoginComponent should toggle password visibility":
	  <li
	    class="jasmine-passed"
	    id="spec_spec907"
	    title="LoginComponent should toggle password visibility"
	  />
	  Name "LoginComponent should handle keyboard navigation":
	  <li
	    class="jasmine-passed"
	    id="spec_spec908"
	    title="LoginComponent should handle keyboard navigation"
	  />
	  Name "LoginComponent should prevent form submission when invalid":
	  <li
	    class="jasmine-passed"
	    id="spec_spec903"
	    title="LoginComponent should prevent form submission when invalid"
	  />
	  Name "WhatsappService Core Messaging should send template message successfully":
	  <li
	    class="jasmine-failed"
	    id="spec_spec810"
	    title="WhatsappService Core Messaging should send template message successfully"
	  />
	  Name "WhatsappService Core Messaging should send text message successfully":
	  <li
	    class="jasmine-failed"
	    id="spec_spec809"
	    title="WhatsappService Core Messaging should send text message successfully"
	  />
	  Name "WhatsappService Core Messaging should handle message sending errors":
	  <li
	    class="jasmine-failed"
	    id="spec_spec811"
	    title="WhatsappService Core Messaging should handle message sending errors"
	  />
	  Name "WhatsappService Service Initialization should be created":
	  <li
	    class="jasmine-passed"
	    id="spec_spec808"
	    title="WhatsappService Service Initialization should be created"
	  />
	  Name "WhatsappService Edge Cases and Boundary Conditions should handle webhook with no changes":
	  <li
	    class="jasmine-passed"
	    id="spec_spec836"
	    title="WhatsappService Edge Cases and Boundary Conditions should handle webhook with no changes"
	  />
	  Name "WhatsappService Edge Cases and Boundary Conditions should handle empty webhook entries":
	  <li
	    class="jasmine-passed"
	    id="spec_spec835"
	    title="WhatsappService Edge Cases and Boundary Conditions should handle empty webhook entries"
	  />
	  Name "WhatsappService Edge Cases and Boundary Conditions should handle special characters in phone numbers":
	  <li
	    class="jasmine-failed"
	    id="spec_spec838"
	    title="WhatsappService Edge Cases and Boundary Conditions should handle special characters in phone numbers"
	  />
	  Name "WhatsappService Edge Cases and Boundary Conditions should handle very long message text":
	  <li
	    class="jasmine-failed"
	    id="spec_spec837"
	    title="WhatsappService Edge Cases and Boundary Conditions should handle very long message text"
	  />
	  Name "WhatsappService Error Handling should retry failed requests":
	  <li
	    class="jasmine-failed"
	    id="spec_spec834"
	    title="WhatsappService Error Handling should retry failed requests"
	  />
	  Name "WhatsappService Error Handling should handle network errors":
	  <li
	    class="jasmine-failed"
	    id="spec_spec832"
	    title="WhatsappService Error Handling should handle network errors"
	  />
	  Name "WhatsappService Error Handling should handle API errors with detailed messages":
	  <li
	    class="jasmine-failed"
	    id="spec_spec833"
	    title="WhatsappService Error Handling should handle API errors with detailed messages"
	  />
	  Name "WhatsappService Business Logic Templates should send GNV overage notification":
	  <li
	    class="jasmine-failed"
	    id="spec_spec813"
	    title="WhatsappService Business Logic Templates should send GNV overage notification"
	  />
	  Name "WhatsappService Business Logic Templates should send payment notification":
	  <li
	    class="jasmine-failed"
	    id="spec_spec812"
	    title="WhatsappService Business Logic Templates should send payment notification"
	  />
	  Name "WhatsappService Business Logic Templates should send contract approved notification":
	  <li
	    class="jasmine-failed"
	    id="spec_spec815"
	    title="WhatsappService Business Logic Templates should send contract approved notification"
	  />
	  Name "WhatsappService Business Logic Templates should send document pending notification":
	  <li
	    class="jasmine-failed"
	    id="spec_spec814"
	    title="WhatsappService Business Logic Templates should send document pending notification"
	  />
	  Name "WhatsappService Business Logic Templates should send welcome message":
	  <li
	    class="jasmine-failed"
	    id="spec_spec816"
	    title="WhatsappService Business Logic Templates should send welcome message"
	  />
	  Name "WhatsappService Analytics & Reporting should get delivery report for specific message":
	  <li
	    class="jasmine-passed"
	    id="spec_spec831"
	    title="WhatsappService Analytics & Reporting should get delivery report for specific message"
	  />
	  Name "WhatsappService Analytics & Reporting should get message analytics":
	  <li
	    class="jasmine-passed"
	    id="spec_spec830"
	    title="WhatsappService Analytics & Reporting should get message analytics"
	  />
	  Name "WhatsappService Template Management should get template status":
	  <li
	    class="jasmine-failed"
	    id="spec_spec828"
	    title="WhatsappService Template Management should get template status"
	  />
	  Name "WhatsappService Template Management should handle template status errors":
	  <li
	    class="jasmine-failed"
	    id="spec_spec829"
	    title="WhatsappService Template Management should handle template status errors"
	  />
	  Name "WhatsappService Webhook Handling should verify webhook with correct token":
	  <li
	    class="jasmine-failed"
	    id="spec_spec820"
	    title="WhatsappService Webhook Handling should verify webhook with correct token"
	  />
	  Name "WhatsappService Webhook Handling should reject webhook with incorrect token":
	  <li
	    class="jasmine-passed"
	    id="spec_spec821"
	    title="WhatsappService Webhook Handling should reject webhook with incorrect token"
	  />
	  Name "WhatsappService Webhook Handling should reject webhook with incorrect mode":
	  <li
	    class="jasmine-passed"
	    id="spec_spec822"
	    title="WhatsappService Webhook Handling should reject webhook with incorrect mode"
	  />
	  Name "WhatsappService Webhook Handling should process webhook with message status updates":
	  <li
	    class="jasmine-passed"
	    id="spec_spec823"
	    title="WhatsappService Webhook Handling should process webhook with message status updates"
	  />
	  Name "WhatsappService Webhook Handling should handle webhook processing errors gracefully":
	  <li
	    class="jasmine-passed"
	    id="spec_spec825"
	    title="WhatsappService Webhook Handling should handle webhook processing errors gracefully"
	  />
	  Name "WhatsappService Webhook Handling should process webhook with incoming messages":
	  <li
	    class="jasmine-passed"
	    id="spec_spec824"
	    title="WhatsappService Webhook Handling should process webhook with incoming messages"
	  />
	  Name "WhatsappService Phone Number Formatting should format Mexican phone numbers correctly":
	  <li
	    class="jasmine-failed"
	    id="spec_spec817"
	    title="WhatsappService Phone Number Formatting should format Mexican phone numbers correctly"
	  />
	  Name "WhatsappService Phone Number Formatting should handle already properly formatted numbers":
	  <li
	    class="jasmine-failed"
	    id="spec_spec819"
	    title="WhatsappService Phone Number Formatting should handle already properly formatted numbers"
	  />
	  Name "WhatsappService Phone Number Formatting should handle US phone numbers":
	  <li
	    class="jasmine-failed"
	    id="spec_spec818"
	    title="WhatsappService Phone Number Formatting should handle US phone numbers"
	  />
	  Name "WhatsappService Bulk Operations should handle partial failures in bulk operations":
	  <li
	    class="jasmine-failed"
	    id="spec_spec827"
	    title="WhatsappService Bulk Operations should handle partial failures in bulk operations"
	  />
	  Name "WhatsappService Bulk Operations should send bulk payment notifications":
	  <li
	    class="jasmine-failed"
	    id="spec_spec826"
	    title="WhatsappService Bulk Operations should send bulk payment notifications"
	  />
	  Name "ClienteFormComponent Integration Tests should handle back button click":
	  <li
	    class="jasmine-failed"
	    id="spec_spec937"
	    title="ClienteFormComponent Integration Tests should handle back button click"
	  />
	  Name "ClienteFormComponent Integration Tests should render form with all required fields":
	  <li
	    class="jasmine-failed"
	    id="spec_spec933"
	    title="ClienteFormComponent Integration Tests should render form with all required fields"
	  />
	  Name "ClienteFormComponent Integration Tests should submit form with valid data":
	  <li
	    class="jasmine-failed"
	    id="spec_spec936"
	    title="ClienteFormComponent Integration Tests should submit form with valid data"
	  />
	  Name "ClienteFormComponent Integration Tests should show validation errors when submitting empty form":
	  <li
	    class="jasmine-failed"
	    id="spec_spec934"
	    title="ClienteFormComponent Integration Tests should show validation errors when submitting empty form"
	  />
	  Name "ClienteFormComponent Integration Tests should handle form input correctly":
	  <li
	    class="jasmine-failed"
	    id="spec_spec935"
	    title="ClienteFormComponent Integration Tests should handle form input correctly"
	  />
	  Name "MockApiService Error Simulation should simulate server error":
	  <li
	    class="jasmine-failed"
	    id="spec_spec565"
	    title="MockApiService Error Simulation should simulate server error"
	  />
	  Name "MockApiService Error Simulation should simulate validation error":
	  <li
	    class="jasmine-failed"
	    id="spec_spec566"
	    title="MockApiService Error Simulation should simulate validation error"
	  />
	  Name "MockApiService Error Simulation should simulate network error":
	  <li
	    class="jasmine-failed"
	    id="spec_spec564"
	    title="MockApiService Error Simulation should simulate network error"
	  />
	  Name "MockApiService Error Simulation should simulate timeout error":
	  <li
	    class="jasmine-failed"
	    id="spec_spec567"
	    title="MockApiService Error Simulation should simulate timeout error"
	  />
	  Name "MockApiService Error Simulation should simulate unknown error by default":
	  <li
	    class="jasmine-failed"
	    id="spec_spec568"
	    title="MockApiService Error Simulation should simulate unknown error by default"
	  />
	  Name "MockApiService Search and Analytics should perform global search with results structure":
	  <li
	    class="jasmine-failed"
	    id="spec_spec562"
	    title="MockApiService Search and Analytics should perform global search with results structure"
	  />
	  Name "MockApiService Search and Analytics should get dashboard stats with complete data":
	  <li
	    class="jasmine-failed"
	    id="spec_spec563"
	    title="MockApiService Search and Analytics should get dashboard stats with complete data"
	  />
	  Name "MockApiService Business Scenarios API Endpoints should create simulacion scenario with complete data":
	  <li
	    class="jasmine-failed"
	    id="spec_spec561"
	    title="MockApiService Business Scenarios API Endpoints should create simulacion scenario with complete data"
	  />
	  Name "MockApiService Business Scenarios API Endpoints should create cotizacion scenario with complete data":
	  <li
	    class="jasmine-failed"
	    id="spec_spec560"
	    title="MockApiService Business Scenarios API Endpoints should create cotizacion scenario with complete data"
	  />
	  Name "MockApiService Collective Groups API Endpoints should add member to group with normal network delay":
	  <li
	    class="jasmine-failed"
	    id="spec_spec558"
	    title="MockApiService Collective Groups API Endpoints should add member to group with normal network delay"
	  />
	  Name "MockApiService Collective Groups API Endpoints should get collective group by ID with network delay":
	  <li
	    class="jasmine-failed"
	    id="spec_spec557"
	    title="MockApiService Collective Groups API Endpoints should get collective group by ID with network delay"
	  />
	  Name "MockApiService Collective Groups API Endpoints should get collective groups with network delay":
	  <li
	    class="jasmine-failed"
	    id="spec_spec556"
	    title="MockApiService Collective Groups API Endpoints should get collective groups with network delay"
	  />
	  Name "MockApiService Collective Groups API Endpoints should deliver unit to group with slow network delay":
	  <li
	    class="jasmine-failed"
	    id="spec_spec559"
	    title="MockApiService Collective Groups API Endpoints should deliver unit to group with slow network delay"
	  />
	  Name "MockApiService Promise-based Delay Method should delay data using Promise":
	  <li
	    class="jasmine-failed"
	    id="spec_spec578"
	    title="MockApiService Promise-based Delay Method should delay data using Promise"
	  />
	  Name "MockApiService Promise-based Delay Method should use default delay if not specified":
	  <li
	    class="jasmine-failed"
	    id="spec_spec579"
	    title="MockApiService Promise-based Delay Method should use default delay if not specified"
	  />
	  Name "MockApiService Client API Endpoints should create client with slow network delay":
	  <li
	    class="jasmine-failed"
	    id="spec_spec547"
	    title="MockApiService Client API Endpoints should create client with slow network delay"
	  />
	  Name "MockApiService Client API Endpoints should update client with normal network delay":
	  <li
	    class="jasmine-failed"
	    id="spec_spec548"
	    title="MockApiService Client API Endpoints should update client with normal network delay"
	  />
	  Name "MockApiService Client API Endpoints should add client event with fast network delay":
	  <li
	    class="jasmine-failed"
	    id="spec_spec549"
	    title="MockApiService Client API Endpoints should add client event with fast network delay"
	  />
	  Name "MockApiService Client API Endpoints should get clients with network delay":
	  <li
	    class="jasmine-failed"
	    id="spec_spec544"
	    title="MockApiService Client API Endpoints should get clients with network delay"
	  />
	  Name "MockApiService Client API Endpoints should update document status with normal network delay":
	  <li
	    class="jasmine-failed"
	    id="spec_spec550"
	    title="MockApiService Client API Endpoints should update document status with normal network delay"
	  />
	  Name "MockApiService Client API Endpoints should get client by ID with network delay":
	  <li
	    class="jasmine-failed"
	    id="spec_spec545"
	    title="MockApiService Client API Endpoints should get client by ID with network delay"
	  />
	  Name "MockApiService Client API Endpoints should return null for non-existent client":
	  <li
	    class="jasmine-failed"
	    id="spec_spec546"
	    title="MockApiService Client API Endpoints should return null for non-existent client"
	  />
	  Name "MockApiService Network Delay Simulation should handle errors in mockApi":
	  <li
	    class="jasmine-failed"
	    id="spec_spec577"
	    title="MockApiService Network Delay Simulation should handle errors in mockApi"
	  />
	  Name "MockApiService Network Delay Simulation should clone data deeply in mockApi":
	  <li
	    class="jasmine-failed"
	    id="spec_spec576"
	    title="MockApiService Network Delay Simulation should clone data deeply in mockApi"
	  />
	  Name "MockApiService Network Delay Simulation should use random network delays":
	  <li
	    class="jasmine-failed"
	    id="spec_spec575"
	    title="MockApiService Network Delay Simulation should use random network delays"
	  />
	  Name "MockApiService Service Initialization should initialize data on construction":
	  <li
	    class="jasmine-failed"
	    id="spec_spec541"
	    title="MockApiService Service Initialization should initialize data on construction"
	  />
	  Name "MockApiService Service Initialization should have correct network simulation configuration":
	  <li
	    class="jasmine-failed"
	    id="spec_spec542"
	    title="MockApiService Service Initialization should have correct network simulation configuration"
	  />
	  Name "MockApiService Service Initialization should have correct default delay":
	  <li
	    class="jasmine-failed"
	    id="spec_spec543"
	    title="MockApiService Service Initialization should have correct default delay"
	  />
	  Name "MockApiService Service Initialization should be created":
	  <li
	    class="jasmine-failed"
	    id="spec_spec540"
	    title="MockApiService Service Initialization should be created"
	  />
	  Name "MockApiService Utility Methods should export data as JSON":
	  <li
	    class="jasmine-failed"
	    id="spec_spec572"
	    title="MockApiService Utility Methods should export data as JSON"
	  />
	  Name "MockApiService Utility Methods should simulate file upload":
	  <li
	    class="jasmine-failed"
	    id="spec_spec571"
	    title="MockApiService Utility Methods should simulate file upload"
	  />
	  Name "MockApiService Utility Methods should use default JSON format for export":
	  <li
	    class="jasmine-failed"
	    id="spec_spec574"
	    title="MockApiService Utility Methods should use default JSON format for export"
	  />
	  Name "MockApiService Utility Methods should export data as CSV":
	  <li
	    class="jasmine-failed"
	    id="spec_spec573"
	    title="MockApiService Utility Methods should export data as CSV"
	  />
	  Name "MockApiService Utility Methods should get server time":
	  <li
	    class="jasmine-failed"
	    id="spec_spec570"
	    title="MockApiService Utility Methods should get server time"
	  />
	  Name "MockApiService Utility Methods should perform health check":
	  <li
	    class="jasmine-failed"
	    id="spec_spec569"
	    title="MockApiService Utility Methods should perform health check"
	  />
	  Name "MockApiService Business Logic Validation should generate unique scenario IDs":
	  <li
	    class="jasmine-failed"
	    id="spec_spec583"
	    title="MockApiService Business Logic Validation should generate unique scenario IDs"
	  />
	  Name "MockApiService Business Logic Validation should maintain scenario data consistency":
	  <li
	    class="jasmine-failed"
	    id="spec_spec584"
	    title="MockApiService Business Logic Validation should maintain scenario data consistency"
	  />
	  Name "MockApiService Data Service Integration should handle client data service errors":
	  <li
	    class="jasmine-failed"
	    id="spec_spec580"
	    title="MockApiService Data Service Integration should handle client data service errors"
	  />
	  Name "MockApiService Data Service Integration should handle collective group data service errors":
	  <li
	    class="jasmine-failed"
	    id="spec_spec582"
	    title="MockApiService Data Service Integration should handle collective group data service errors"
	  />
	  Name "MockApiService Data Service Integration should handle ecosystem data service errors":
	  <li
	    class="jasmine-failed"
	    id="spec_spec581"
	    title="MockApiService Data Service Integration should handle ecosystem data service errors"
	  />
	  Name "MockApiService Ecosystem API Endpoints should update ecosystem document with normal network delay":
	  <li
	    class="jasmine-failed"
	    id="spec_spec555"
	    title="MockApiService Ecosystem API Endpoints should update ecosystem document with normal network delay"
	  />
	  Name "MockApiService Ecosystem API Endpoints should return null for non-existent ecosystem":
	  <li
	    class="jasmine-failed"
	    id="spec_spec553"
	    title="MockApiService Ecosystem API Endpoints should return null for non-existent ecosystem"
	  />
	  Name "MockApiService Ecosystem API Endpoints should get ecosystem by ID with network delay":
	  <li
	    class="jasmine-failed"
	    id="spec_spec552"
	    title="MockApiService Ecosystem API Endpoints should get ecosystem by ID with network delay"
	  />
	  Name "MockApiService Ecosystem API Endpoints should get ecosystems with network delay":
	  <li
	    class="jasmine-failed"
	    id="spec_spec551"
	    title="MockApiService Ecosystem API Endpoints should get ecosystems with network delay"
	  />
	  Name "MockApiService Ecosystem API Endpoints should create ecosystem with slow network delay":
	  <li
	    class="jasmine-failed"
	    id="spec_spec554"
	    title="MockApiService Ecosystem API Endpoints should create ecosystem with slow network delay"
	  />
	  Name "Accessibility Testing Framework AccessibilityTester should detect violations in non-compliant component":
	  <li
	    class="jasmine-passed"
	    id="spec_spec4"
	    title="Accessibility Testing Framework AccessibilityTester should detect violations in non-compliant component"
	  />
	  Name "Accessibility Testing Framework AccessibilityTester should test individual DOM elements":
	  <li
	    class="jasmine-failed"
	    id="spec_spec5"
	    title="Accessibility Testing Framework AccessibilityTester should test individual DOM elements"
	  />
	  Name "Accessibility Testing Framework AccessibilityTester should pass accessibility tests for compliant component":
	  <li
	    class="jasmine-passed"
	    id="spec_spec3"
	    title="Accessibility Testing Framework AccessibilityTester should pass accessibility tests for compliant component"
	  />
	  Name "Accessibility Testing Framework AccessibilityTestUtils should generate violation summary":
	  <li
	    class="jasmine-passed"
	    id="spec_spec8"
	    title="Accessibility Testing Framework AccessibilityTestUtils should generate violation summary"
	  />
	  Name "Accessibility Testing Framework AccessibilityTestUtils should identify critical violations":
	  <li
	    class="jasmine-passed"
	    id="spec_spec6"
	    title="Accessibility Testing Framework AccessibilityTestUtils should identify critical violations"
	  />
	  Name "Accessibility Testing Framework AccessibilityTestUtils should filter violations by impact level":
	  <li
	    class="jasmine-passed"
	    id="spec_spec7"
	    title="Accessibility Testing Framework AccessibilityTestUtils should filter violations by impact level"
	  />
	  Name "Accessibility Testing Framework Report Generation should generate comprehensive accessibility report":
	  <li
	    class="jasmine-passed"
	    id="spec_spec9"
	    title="Accessibility Testing Framework Report Generation should generate comprehensive accessibility report"
	  />
	  Name "Accessibility Testing Framework Helper Functions should work with testComponentAccessibility helper":
	  <li
	    class="jasmine-passed"
	    id="spec_spec10"
	    title="Accessibility Testing Framework Helper Functions should work with testComponentAccessibility helper"
	  />
	  Name "Security settings validation should persist 2FA and encryption toggles and session timeout":
	  <li
	    class="jasmine-passed"
	    id="spec_spec942"
	    title="Security settings validation should persist 2FA and encryption toggles and session timeout"
	  />
	  Name "MetaMapService SDK Availability Check should wait for page load when document not ready":
	  <li
	    class="jasmine-passed"
	    id="spec_spec535"
	    title="MetaMapService SDK Availability Check should wait for page load when document not ready"
	  />
	  Name "MetaMapService SDK Availability Check should handle server-side rendering (no window object)":
	  <li
	    class="jasmine-pending"
	    id="spec_spec534"
	    title="MetaMapService SDK Availability Check should handle server-side rendering (no window object)"
	  />
	  Name "MetaMapService SDK Availability Check should report SDK as unavailable when neither exists":
	  <li
	    class="jasmine-passed"
	    id="spec_spec533"
	    title="MetaMapService SDK Availability Check should report SDK as unavailable when neither exists"
	  />
	  Name "MetaMapService SDK Availability Check should detect SDK availability when metamap-button exists":
	  <li
	    class="jasmine-passed"
	    id="spec_spec532"
	    title="MetaMapService SDK Availability Check should detect SDK availability when metamap-button exists"
	  />
	  Name "MetaMapService SDK Availability Check should detect SDK availability when Mati object exists":
	  <li
	    class="jasmine-passed"
	    id="spec_spec531"
	    title="MetaMapService SDK Availability Check should detect SDK availability when Mati object exists"
	  />
	  Name "MetaMapService KYC Failure Simulation should use default failure reason":
	  <li
	    class="jasmine-passed"
	    id="spec_spec529"
	    title="MetaMapService KYC Failure Simulation should use default failure reason"
	  />
	  Name "MetaMapService KYC Failure Simulation should handle client not found in failure simulation":
	  <li
	    class="jasmine-passed"
	    id="spec_spec530"
	    title="MetaMapService KYC Failure Simulation should handle client not found in failure simulation"
	  />
	  Name "MetaMapService KYC Failure Simulation should simulate KYC failure":
	  <li
	    class="jasmine-passed"
	    id="spec_spec528"
	    title="MetaMapService KYC Failure Simulation should simulate KYC failure"
	  />
	  Name "MetaMapService Edge Cases and Error Handling should handle client without KYC document in completion":
	  <li
	    class="jasmine-passed"
	    id="spec_spec537"
	    title="MetaMapService Edge Cases and Error Handling should handle client without KYC document in completion"
	  />
	  Name "MetaMapService Edge Cases and Error Handling should handle exit event without reason":
	  <li
	    class="jasmine-passed"
	    id="spec_spec536"
	    title="MetaMapService Edge Cases and Error Handling should handle exit event without reason"
	  />
	  Name "MetaMapService Edge Cases and Error Handling should handle button creation with existing button in container":
	  <li
	    class="jasmine-passed"
	    id="spec_spec539"
	    title="MetaMapService Edge Cases and Error Handling should handle button creation with existing button in container"
	  />
	  Name "MetaMapService Edge Cases and Error Handling should handle empty verification data":
	  <li
	    class="jasmine-passed"
	    id="spec_spec538"
	    title="MetaMapService Edge Cases and Error Handling should handle empty verification data"
	  />
	  Name "MetaMapService KYC Button Creation should cleanup event listeners on unsubscribe":
	  <li
	    class="jasmine-passed"
	    id="spec_spec512"
	    title="MetaMapService KYC Button Creation should cleanup event listeners on unsubscribe"
	  />
	  Name "MetaMapService KYC Button Creation should handle container not found error":
	  <li
	    class="jasmine-passed"
	    id="spec_spec508"
	    title="MetaMapService KYC Button Creation should handle container not found error"
	  />
	  Name "MetaMapService KYC Button Creation should create MetaMap button successfully":
	  <li
	    class="jasmine-passed"
	    id="spec_spec507"
	    title="MetaMapService KYC Button Creation should create MetaMap button successfully"
	  />
	  Name "MetaMapService KYC Button Creation should emit KYC success event":
	  <li
	    class="jasmine-passed"
	    id="spec_spec509"
	    title="MetaMapService KYC Button Creation should emit KYC success event"
	  />
	  Name "MetaMapService KYC Button Creation should emit KYC exit event":
	  <li
	    class="jasmine-passed"
	    id="spec_spec510"
	    title="MetaMapService KYC Button Creation should emit KYC exit event"
	  />
	  Name "MetaMapService KYC Button Creation should call optional callback functions":
	  <li
	    class="jasmine-passed"
	    id="spec_spec511"
	    title="MetaMapService KYC Button Creation should call optional callback functions"
	  />
	  Name "MetaMapService KYC Prerequisites Validation should detect missing INE document":
	  <li
	    class="jasmine-passed"
	    id="spec_spec518"
	    title="MetaMapService KYC Prerequisites Validation should detect missing INE document"
	  />
	  Name "MetaMapService KYC Prerequisites Validation should validate prerequisites for ready client":
	  <li
	    class="jasmine-passed"
	    id="spec_spec517"
	    title="MetaMapService KYC Prerequisites Validation should validate prerequisites for ready client"
	  />
	  Name "MetaMapService KYC Prerequisites Validation should detect already completed KYC":
	  <li
	    class="jasmine-passed"
	    id="spec_spec520"
	    title="MetaMapService KYC Prerequisites Validation should detect already completed KYC"
	  />
	  Name "MetaMapService KYC Prerequisites Validation should detect missing comprobante de domicilio":
	  <li
	    class="jasmine-passed"
	    id="spec_spec519"
	    title="MetaMapService KYC Prerequisites Validation should detect missing comprobante de domicilio"
	  />
	  Name "MetaMapService KYC Prerequisites Validation should detect multiple missing documents":
	  <li
	    class="jasmine-passed"
	    id="spec_spec521"
	    title="MetaMapService KYC Prerequisites Validation should detect multiple missing documents"
	  />
	  Name "MetaMapService Service Initialization should be created":
	  <li
	    class="jasmine-passed"
	    id="spec_spec504"
	    title="MetaMapService Service Initialization should be created"
	  />
	  Name "MetaMapService Service Initialization should not reload SDK if already present":
	  <li
	    class="jasmine-passed"
	    id="spec_spec506"
	    title="MetaMapService Service Initialization should not reload SDK if already present"
	  />
	  Name "MetaMapService Service Initialization should initialize MetaMap SDK on creation":
	  <li
	    class="jasmine-passed"
	    id="spec_spec505"
	    title="MetaMapService Service Initialization should initialize MetaMap SDK on creation"
	  />
	  Name "MetaMapService KYC Completion should handle database update errors":
	  <li
	    class="jasmine-passed"
	    id="spec_spec516"
	    title="MetaMapService KYC Completion should handle database update errors"
	  />
	  Name "MetaMapService KYC Completion should cap health score at 100":
	  <li
	    class="jasmine-passed"
	    id="spec_spec515"
	    title="MetaMapService KYC Completion should cap health score at 100"
	  />
	  Name "MetaMapService KYC Completion should complete KYC successfully":
	  <li
	    class="jasmine-passed"
	    id="spec_spec513"
	    title="MetaMapService KYC Completion should complete KYC successfully"
	  />
	  Name "MetaMapService KYC Completion should handle client not found error":
	  <li
	    class="jasmine-passed"
	    id="spec_spec514"
	    title="MetaMapService KYC Completion should handle client not found error"
	  />
	  Name "MetaMapService KYC Status Reporting should report prerequisites_missing status":
	  <li
	    class="jasmine-passed"
	    id="spec_spec526"
	    title="MetaMapService KYC Status Reporting should report prerequisites_missing status"
	  />
	  Name "MetaMapService KYC Status Reporting should report in_progress status":
	  <li
	    class="jasmine-passed"
	    id="spec_spec525"
	    title="MetaMapService KYC Status Reporting should report in_progress status"
	  />
	  Name "MetaMapService KYC Status Reporting should report ready status":
	  <li
	    class="jasmine-passed"
	    id="spec_spec522"
	    title="MetaMapService KYC Status Reporting should report ready status"
	  />
	  Name "MetaMapService KYC Status Reporting should report not_started for client without KYC document":
	  <li
	    class="jasmine-passed"
	    id="spec_spec527"
	    title="MetaMapService KYC Status Reporting should report not_started for client without KYC document"
	  />
	  Name "MetaMapService KYC Status Reporting should report failed status with retry option":
	  <li
	    class="jasmine-passed"
	    id="spec_spec524"
	    title="MetaMapService KYC Status Reporting should report failed status with retry option"
	  />
	  Name "MetaMapService KYC Status Reporting should report completed status":
	  <li
	    class="jasmine-passed"
	    id="spec_spec523"
	    title="MetaMapService KYC Status Reporting should report completed status"
	  />
	  Name "DocumentsPhaseComponent should prevent submission when form is invalid":
	  <li
	    class="jasmine-passed"
	    id="spec_spec858"
	    title="DocumentsPhaseComponent should prevent submission when form is invalid"
	  />
	  Name "DocumentsPhaseComponent should detect when required documents are uploaded":
	  <li
	    class="jasmine-passed"
	    id="spec_spec853"
	    title="DocumentsPhaseComponent should detect when required documents are uploaded"
	  />
	  Name "DocumentsPhaseComponent should complete documents phase when form is valid":
	  <li
	    class="jasmine-passed"
	    id="spec_spec854"
	    title="DocumentsPhaseComponent should complete documents phase when form is valid"
	  />
	  Name "DocumentsPhaseComponent should navigate to plates phase on success":
	  <li
	    class="jasmine-passed"
	    id="spec_spec855"
	    title="DocumentsPhaseComponent should navigate to plates phase on success"
	  />
	  Name "DocumentsPhaseComponent should create":
	  <li
	    class="jasmine-passed"
	    id="spec_spec850"
	    title="DocumentsPhaseComponent should create"
	  />
	  Name "DocumentsPhaseComponent should format file size correctly":
	  <li
	    class="jasmine-passed"
	    id="spec_spec856"
	    title="DocumentsPhaseComponent should format file size correctly"
	  />
	  Name "DocumentsPhaseComponent should initialize form with default values":
	  <li
	    class="jasmine-passed"
	    id="spec_spec851"
	    title="DocumentsPhaseComponent should initialize form with default values"
	  />
	  Name "DocumentsPhaseComponent should validate required fields":
	  <li
	    class="jasmine-passed"
	    id="spec_spec852"
	    title="DocumentsPhaseComponent should validate required fields"
	  />
	  Name "DocumentsPhaseComponent should calculate validation errors correctly":
	  <li
	    class="jasmine-passed"
	    id="spec_spec857"
	    title="DocumentsPhaseComponent should calculate validation errors correctly"
	  />
	  Name "LoginComponent Integration Tests should enable submit button when form is valid":
	  <li
	    class="jasmine-failed"
	    id="spec_spec912"
	    title="LoginComponent Integration Tests should enable submit button when form is valid"
	  />
	  Name "LoginComponent Integration Tests should toggle password visibility":
	  <li
	    class="jasmine-passed"
	    id="spec_spec914"
	    title="LoginComponent Integration Tests should toggle password visibility"
	  />
	  Name "LoginComponent Integration Tests should have proper accessibility attributes":
	  <li
	    class="jasmine-passed"
	    id="spec_spec915"
	    title="LoginComponent Integration Tests should have proper accessibility attributes"
	  />
	  Name "LoginComponent Integration Tests should handle form submission with valid data":
	  <li
	    class="jasmine-failed"
	    id="spec_spec913"
	    title="LoginComponent Integration Tests should handle form submission with valid data"
	  />
	  Name "LoginComponent Integration Tests should show validation errors when form is submitted empty":
	  <li
	    class="jasmine-failed"
	    id="spec_spec910"
	    title="LoginComponent Integration Tests should show validation errors when form is submitted empty"
	  />
	  Name "LoginComponent Integration Tests should show email format error for invalid email":
	  <li
	    class="jasmine-passed"
	    id="spec_spec911"
	    title="LoginComponent Integration Tests should show email format error for invalid email"
	  />
	  Name "LoginComponent Integration Tests should display brand information":
	  <li
	    class="jasmine-passed"
	    id="spec_spec916"
	    title="LoginComponent Integration Tests should display brand information"
	  />
	  --------------------------------------------------heading:
	  Name "Centro de Comando":
	  <h1
	    _ngcontent-a-c3214690901=""
	    class="text-gradient-primary"
	  />
	  --------------------------------------------------
	  paragraph:
	  Name "":
	  <p
	    _ngcontent-a-c3214690901=""
	    class="brand-subtitle"
	  />
	  Name "":
	  <p
	    _ngcontent-a-c3214690901=""
	    class="register-text"
	  />
	  --------------------------------------------------
	  textbox:
	  Name "📧 Correo Electrónico":
	  <input
	    _ngcontent-a-c3214690901=""
	    class="premium-input ng-untouched ng-pristine ng-invalid"
	    formcontrolname="email"
	    id="email"
	    ng-reflect-name="email"
	    placeholder="ricardo.montoya@cmu.com"
	    type="email"
	  />
	  --------------------------------------------------
	  button:
	  Name "🙈":
	  <button
	    _ngcontent-a-c3214690901=""
	    class="password-toggle-premium"
	    type="button"
	  />
	  Name "¿Olvidaste tu contraseña?":
	  <button
	    _ngcontent-a-c3214690901=""
	    class="forgot-password"
	    type="button"
	  />
	  Name "➡️ Acceder al Cockpit":
	  <button
	    _ngcontent-a-c3214690901=""
	    class="btn-primary command-center-btn"
	    disabled=""
	    type="submit"
	  />
	  --------------------------------------------------
	  checkbox:
	  Name "Recordarme":
	  <input
	    _ngcontent-a-c3214690901=""
	    class="ng-untouched ng-pristine ng-valid"
	    formcontrolname="rememberMe"
	    ng-reflect-name="rememberMe"
	    type="checkbox"
	  />
	  --------------------------------------------------
	  link:
	  Name "Activar Cuenta":
	  <a
	    _ngcontent-a-c3214690901=""
	    class="premium-link"
	    href="/register"
	  />
	  --------------------------------------------------
	Ignored nodes: comments, script, style
	<body>
	  
	    
	  
	    
	  
	    
	  
	    
	  
	    
	  
	    
	  
	    
	  
	  
	  
	  
	  
	  <link
	    crossorigin="anonymous"
	    rel="stylesheet"
	    type="text/css"
	  />
	  
	  
	  
	  <div
	    class="jasmine_html-reporter"
	  >
	    <div
	      class="jasmine-banner"
	    >
	      <a
	        class="jasmine-title"
	        href="http://jasmine.github.io/"
	        target="_blank"
	      />
	      <span
	        class="jasmine-version"
	      >
	        4.6.1
	      </span>
	    </div>
	    <ul
	      class="jasmine-symbol-summary"
	    >
	      <li
	        class="jasmine-passed"
	        id="spec_spec670"
	        title="PostSalesApiService getPostSalesRecord should return null for non-existent VIN"
	      />
	      <li
	        class="jasmine-failed"
	        id="spec_spec669"
	        title="PostSalesApiService getPostSalesRecord should retrieve post-sales record by VIN"
	      />
	      <li
	        class="jasmine-passed"
	        id="spec_spec667"
	        title="PostSalesApiService sendVehicleDeliveredEvent should send vehicle delivered event successfully"
	      />
	      <li
	        class="jasmine-passed"
	        id="spec_spec668"
	        title="PostSalesApiService sendVehicleDeliveredEvent should handle error when sending vehicle delivered event"
	      />
	      <li
	        class="jasmine-failed"
	        id="spec_spec671"
	        title="PostSalesApiService scheduleMaintenanceService should schedule maintenance service successfully"
	      />
	      <li
	        class="jasmine-passed"
	        id="spec_spec666"
	        title="PostSalesApiService should be created"
	      />
	      <li
	        class="jasmine-failed"
	        id="spec_spec672"
	        title="PostSalesApiService recordClientContact should record client contact successfully"
	      />
	      <li
	        class="jasmine-passed"
	        id="spec_spec277"
	        title="CotizadorEngineService Quote Generation with Package should determine client type from package data"
	      />
	      <li
	        class="jasmine-passed"
	        id="spec_spec278"
	        title="CotizadorEngineService Quote Generation with Package should handle direct sale (rate = 0)"
	      />
	      <li
	        class="jasmine-passed"
	        id="spec_spec275"
	        title="CotizadorEngineService Quote Generation with Package should generate quote with minimum down payment"
	      />
	      <li
	        class="jasmine-passed"
	        id="spec_spec276"
	        title="CotizadorEngineService Quote Generation with Package should generate quote with custom down payment"
	      />
	      <li
	        class="jasmine-passed"
	        id="spec_spec267"
	        title="CotizadorEngineService Package Price Calculation should handle 60-month terms correctly"
	      />
	      <li
	        class="jasmine-passed"
	        id="spec_spec266"
	        title="CotizadorEngineService Package Price Calculation should multiply term-based components by years"
	      />
	      <li
	        class="jasmine-passed"
	        id="spec_spec269"
	        title="CotizadorEngineService Package Price Calculation should handle package with no components"
	      />
	      <li
	        class="jasmine-passed"
	        id="spec_spec268"
	        title="CotizadorEngineService Package Price Calculation should skip optional components not selected"
	      />
	      <li
	        class="jasmine-passed"
	        id="spec_spec265"
	        title="CotizadorEngineService Package Price Calculation should calculate package price with selected optionals"
	      />
	      <li
	        class="jasmine-passed"
	        id="spec_spec264"
	        title="CotizadorEngineService Package Price Calculation should calculate basic package price without optionals"
	      />
	      <li
	        class="jasmine-passed"
	        id="spec_spec279"
	        title="CotizadorEngineService Legacy Quote Generation should generate basic quote"
	      />
	      <li
	        class="jasmine-passed"
	        id="spec_spec272"
	        title="CotizadorEngineService Balance Calculations should return zero when all payments made"
	      />
	      <li
	        class="jasmine-passed"
	        id="spec_spec273"
	        title="CotizadorEngineService Balance Calculations should handle no payments made"
	      />
	      <li
	        class="jasmine-passed"
	        id="spec_spec270"
	        title="CotizadorEngineService Balance Calculations should calculate balance for zero interest loan"
	      />
	      <li
	        class="jasmine-failed"
	        id="spec_spec271"
	        title="CotizadorEngineService Balance Calculations should calculate balance for interest-bearing loan"
	      />
	      <li
	        class="jasmine-passed"
	        id="spec_spec274"
	        title="CotizadorEngineService Balance Calculations should handle edge case with zero principal"
	      />
	      <li
	        class="jasmine-passed"
	        id="spec_spec280"
	        title="CotizadorEngineService Amortization Table Generation should generate complete amortization table"
	      />
	      <li
	        class="jasmine-passed"
	        id="spec_spec281"
	        title="CotizadorEngineService Amortization Table Generation should have decreasing balance over time"
	      />
	      <li
	        class="jasmine-passed"
	        id="spec_spec293"
	        title="CotizadorEngineService Market-Specific Business Rules should apply EdoMex collective rules"
	      />
	      <li
	        class="jasmine-passed"
	        id="spec_spec294"
	        title="CotizadorEngineService Market-Specific Business Rules should use fallback rules for unknown market"
	      />
	      <li
	        class="jasmine-passed"
	        id="spec_spec292"
	        title="CotizadorEngineService Market-Specific Business Rules should apply EdoMex individual rules"
	      />
	      <li
	        class="jasmine-passed"
	        id="spec_spec291"
	        title="CotizadorEngineService Market-Specific Business Rules should apply Aguascalientes rules"
	      />
	      <li
	        class="jasmine-passed"
	        id="spec_spec288"
	        title="CotizadorEngineService Configuration Validation should validate EdoMex collective requirements"
	      />
	      <li
	        class="jasmine-passed"
	        id="spec_spec285"
	        title="CotizadorEngineService Configuration Validation should reject zero or negative price"
	      />
	      <li
	        class="jasmine-passed"
	        id="spec_spec283"
	        title="CotizadorEngineService Configuration Validation should reject insufficient down payment"
	      />
	      <li
	        class="jasmine-passed"
	        id="spec_spec282"
	        title="CotizadorEngineService Configuration Validation should validate correct configuration"
	      />
	      <li
	        class="jasmine-passed"
	        id="spec_spec284"
	        title="CotizadorEngineService Configuration Validation should reject invalid term"
	      />
	      <li
	        class="jasmine-passed"
	        id="spec_spec287"
	        title="CotizadorEngineService Configuration Validation should validate EdoMex individual requirements"
	      />
	      <li
	 ...
	    at Object.getElementError (node_modules/@testing-library/dom/dist/@testing-library/dom.esm.js:339:19)
	    at allQuery (node_modules/@testing-library/dom/dist/@testing-library/dom.esm.js:1206:25)
	    at query (node_modules/@testing-library/dom/dist/@testing-library/dom.esm.js:1185:17)
	    at getByRole (node_modules/@testing-library/dom/dist/@testing-library/dom.esm.js:1228:19)
	    at UserContext.<anonymous> (src/app/components/auth/login/login.component.spec.ts:169:19)
	    at Generator.next (<anonymous>)
	    at asyncGeneratorStep (node_modules/@angular-devkit/build-angular/node_modules/@babel/runtime/helpers/esm/asyncToGenerator.js:3:1)
	    at apply (node_modules/@angular-devkit/build-angular/node_modules/@babel/runtime/helpers/esm/asyncToGenerator.js:17:1)
	    at _ZoneDelegate.invoke (node_modules/zone.js/fesm2015/zone.js:369:28)
	    at ProxyZoneSpec.onInvoke (node_modules/zone.js/fesm2015/zone-testing.js:2081:39)
Chrome Headless 140.0.0.0 (Mac OS 10.15.7): Executed 406 of 985[31m (121 FAILED)[39m (skipped 1) (0 secs / 31.08 secs)
[1A[2K[31mChrome Headless 140.0.0.0 (Mac OS 10.15.7) StorageService Database Schema Creation should handle database initialization errors FAILED[39m
	ReferenceError: global is not defined
	    at UserContext.<anonymous> (src/app/services/storage.service.spec.ts:41:6)
	    at Generator.next (<anonymous>)
	    at asyncGeneratorStep (node_modules/@angular-devkit/build-angular/node_modules/@babel/runtime/helpers/esm/asyncToGenerator.js:3:1)
	    at _next (node_modules/@angular-devkit/build-angular/node_modules/@babel/runtime/helpers/esm/asyncToGenerator.js:17:1)
	    at executor (node_modules/@angular-devkit/build-angular/node_modules/@babel/runtime/helpers/esm/asyncToGenerator.js:22:1)
	    at new ZoneAwarePromise (node_modules/zone.js/fesm2015/zone.js:2702:25)
	    at UserContext.apply (node_modules/@angular-devkit/build-angular/node_modules/@babel/runtime/helpers/esm/asyncToGenerator.js:14:1)
	    at _ZoneDelegate.invoke (node_modules/zone.js/fesm2015/zone.js:369:28)
	    at ProxyZoneSpec.onInvoke (node_modules/zone.js/fesm2015/zone-testing.js:2081:39)
	    at _ZoneDelegate.invoke (node_modules/zone.js/fesm2015/zone.js:368:34)
Chrome Headless 140.0.0.0 (Mac OS 10.15.7): Executed 407 of 985[31m (122 FAILED)[39m (skipped 1) (0 secs / 31.081 secs)
[1A[2K[31mChrome Headless 140.0.0.0 (Mac OS 10.15.7) StorageService Database Schema Creation should create all required object stores on upgrade FAILED[39m
	ReferenceError: global is not defined
	    at UserContext.<anonymous> (src/app/services/storage.service.spec.ts:41:6)
	    at Generator.next (<anonymous>)
	    at asyncGeneratorStep (node_modules/@angular-devkit/build-angular/node_modules/@babel/runtime/helpers/esm/asyncToGenerator.js:3:1)
	    at _next (node_modules/@angular-devkit/build-angular/node_modules/@babel/runtime/helpers/esm/asyncToGenerator.js:17:1)
	    at executor (node_modules/@angular-devkit/build-angular/node_modules/@babel/runtime/helpers/esm/asyncToGenerator.js:22:1)
	    at new ZoneAwarePromise (node_modules/zone.js/fesm2015/zone.js:2702:25)
	    at UserContext.apply (node_modules/@angular-devkit/build-angular/node_modules/@babel/runtime/helpers/esm/asyncToGenerator.js:14:1)
	    at _ZoneDelegate.invoke (node_modules/zone.js/fesm2015/zone.js:369:28)
	    at ProxyZoneSpec.onInvoke (node_modules/zone.js/fesm2015/zone-testing.js:2081:39)
	    at _ZoneDelegate.invoke (node_modules/zone.js/fesm2015/zone.js:368:34)
Chrome Headless 140.0.0.0 (Mac OS 10.15.7): Executed 408 of 985[31m (123 FAILED)[39m (skipped 1) (0 secs / 31.081 secs)
[1A[2K[31mChrome Headless 140.0.0.0 (Mac OS 10.15.7) StorageService Error Handling should handle transaction errors FAILED[39m
	ReferenceError: global is not defined
	    at UserContext.<anonymous> (src/app/services/storage.service.spec.ts:41:6)
	    at Generator.next (<anonymous>)
	    at asyncGeneratorStep (node_modules/@angular-devkit/build-angular/node_modules/@babel/runtime/helpers/esm/asyncToGenerator.js:3:1)
	    at _next (node_modules/@angular-devkit/build-angular/node_modules/@babel/runtime/helpers/esm/asyncToGenerator.js:17:1)
	    at executor (node_modules/@angular-devkit/build-angular/node_modules/@babel/runtime/helpers/esm/asyncToGenerator.js:22:1)
	    at new ZoneAwarePromise (node_modules/zone.js/fesm2015/zone.js:2702:25)
	    at UserContext.apply (node_modules/@angular-devkit/build-angular/node_modules/@babel/runtime/helpers/esm/asyncToGenerator.js:14:1)
	    at _ZoneDelegate.invoke (node_modules/zone.js/fesm2015/zone.js:369:28)
	    at ProxyZoneSpec.onInvoke (node_modules/zone.js/fesm2015/zone-testing.js:2081:39)
	    at _ZoneDelegate.invoke (node_modules/zone.js/fesm2015/zone.js:368:34)
Chrome Headless 140.0.0.0 (Mac OS 10.15.7): Executed 409 of 985[31m (124 FAILED)[39m (skipped 1) (0 secs / 31.082 secs)
[1A[2K[31mChrome Headless 140.0.0.0 (Mac OS 10.15.7) StorageService Error Handling should throw error when database not initialized FAILED[39m
	ReferenceError: global is not defined
	    at UserContext.<anonymous> (src/app/services/storage.service.spec.ts:41:6)
	    at Generator.next (<anonymous>)
	    at asyncGeneratorStep (node_modules/@angular-devkit/build-angular/node_modules/@babel/runtime/helpers/esm/asyncToGenerator.js:3:1)
	    at _next (node_modules/@angular-devkit/build-angular/node_modules/@babel/runtime/helpers/esm/asyncToGenerator.js:17:1)
	    at executor (node_modules/@angular-devkit/build-angular/node_modules/@babel/runtime/helpers/esm/asyncToGenerator.js:22:1)
	    at new ZoneAwarePromise (node_modules/zone.js/fesm2015/zone.js:2702:25)
	    at UserContext.apply (node_modules/@angular-devkit/build-angular/node_modules/@babel/runtime/helpers/esm/asyncToGenerator.js:14:1)
	    at _ZoneDelegate.invoke (node_modules/zone.js/fesm2015/zone.js:369:28)
	    at ProxyZoneSpec.onInvoke (node_modules/zone.js/fesm2015/zone-testing.js:2081:39)
	    at _ZoneDelegate.invoke (node_modules/zone.js/fesm2015/zone.js:368:34)
Chrome Headless 140.0.0.0 (Mac OS 10.15.7): Executed 410 of 985[31m (125 FAILED)[39m (skipped 1) (0 secs / 31.082 secs)
[1A[2K[31mChrome Headless 140.0.0.0 (Mac OS 10.15.7) StorageService Client Data Management should save client data successfully FAILED[39m
	ReferenceError: global is not defined
	    at UserContext.<anonymous> (src/app/services/storage.service.spec.ts:41:6)
	    at Generator.next (<anonymous>)
	    at asyncGeneratorStep (node_modules/@angular-devkit/build-angular/node_modules/@babel/runtime/helpers/esm/asyncToGenerator.js:3:1)
	    at _next (node_modules/@angular-devkit/build-angular/node_modules/@babel/runtime/helpers/esm/asyncToGenerator.js:17:1)
	    at executor (node_modules/@angular-devkit/build-angular/node_modules/@babel/runtime/helpers/esm/asyncToGenerator.js:22:1)
	    at new ZoneAwarePromise (node_modules/zone.js/fesm2015/zone.js:2702:25)
	    at UserContext.apply (node_modules/@angular-devkit/build-angular/node_modules/@babel/runtime/helpers/esm/asyncToGenerator.js:14:1)
	    at _ZoneDelegate.invoke (node_modules/zone.js/fesm2015/zone.js:369:28)
	    at ProxyZoneSpec.onInvoke (node_modules/zone.js/fesm2015/zone-testing.js:2081:39)
	    at _ZoneDelegate.invoke (node_modules/zone.js/fesm2015/zone.js:368:34)
Chrome Headless 140.0.0.0 (Mac OS 10.15.7): Executed 411 of 985[31m (126 FAILED)[39m (skipped 1) (0 secs / 31.082 secs)
[1A[2K[31mChrome Headless 140.0.0.0 (Mac OS 10.15.7) StorageService Client Data Management should get client data by ID FAILED[39m
	ReferenceError: global is not defined
	    at UserContext.<anonymous> (src/app/services/storage.service.spec.ts:41:6)
	    at Generator.next (<anonymous>)
	    at asyncGeneratorStep (node_modules/@angular-devkit/build-angular/node_modules/@babel/runtime/helpers/esm/asyncToGenerator.js:3:1)
	    at _next (node_modules/@angular-devkit/build-angular/node_modules/@babel/runtime/helpers/esm/asyncToGenerator.js:17:1)
	    at executor (node_modules/@angular-devkit/build-angular/node_modules/@babel/runtime/helpers/esm/asyncToGenerator.js:22:1)
	    at new ZoneAwarePromise (node_modules/zone.js/fesm2015/zone.js:2702:25)
	    at UserContext.apply (node_modules/@angular-devkit/build-angular/node_modules/@babel/runtime/helpers/esm/asyncToGenerator.js:14:1)
	    at _ZoneDelegate.invoke (node_modules/zone.js/fesm2015/zone.js:369:28)
	    at ProxyZoneSpec.onInvoke (node_modules/zone.js/fesm2015/zone-testing.js:2081:39)
	    at _ZoneDelegate.invoke (node_modules/zone.js/fesm2015/zone.js:368:34)
Chrome Headless 140.0.0.0 (Mac OS 10.15.7): Executed 412 of 985[31m (127 FAILED)[39m (skipped 1) (0 secs / 31.083 secs)
[1A[2K[31mChrome Headless 140.0.0.0 (Mac OS 10.15.7) StorageService Client Data Management should handle client data errors FAILED[39m
	ReferenceError: global is not defined
	    at UserContext.<anonymous> (src/app/services/storage.service.spec.ts:41:6)
	    at Generator.next (<anonymous>)
	    at asyncGeneratorStep (node_modules/@angular-devkit/build-angular/node_modules/@babel/runtime/helpers/esm/asyncToGenerator.js:3:1)
	    at _next (node_modules/@angular-devkit/build-angular/node_modules/@babel/runtime/helpers/esm/asyncToGenerator.js:17:1)
	    at executor (node_modules/@angular-devkit/build-angular/node_modules/@babel/runtime/helpers/esm/asyncToGenerator.js:22:1)
	    at new ZoneAwarePromise (node_modules/zone.js/fesm2015/zone.js:2702:25)
	    at UserContext.apply (node_modules/@angular-devkit/build-angular/node_modules/@babel/runtime/helpers/esm/asyncToGenerator.js:14:1)
	    at _ZoneDelegate.invoke (node_modules/zone.js/fesm2015/zone.js:369:28)
	    at ProxyZoneSpec.onInvoke (node_modules/zone.js/fesm2015/zone-testing.js:2081:39)
	    at _ZoneDelegate.invoke (node_modules/zone.js/fesm2015/zone.js:368:34)
Chrome Headless 140.0.0.0 (Mac OS 10.15.7): Executed 413 of 985[31m (128 FAILED)[39m (skipped 1) (0 secs / 31.083 secs)
[1A[2K[31mChrome Headless 140.0.0.0 (Mac OS 10.15.7) StorageService Client Data Management should get clients by ecosystem FAILED[39m
	ReferenceError: global is not defined
	    at UserContext.<anonymous> (src/app/services/storage.service.spec.ts:41:6)
	    at Generator.next (<anonymous>)
	    at asyncGeneratorStep (node_modules/@angular-devkit/build-angular/node_modules/@babel/runtime/helpers/esm/asyncToGenerator.js:3:1)
	    at _next (node_modules/@angular-devkit/build-angular/node_modules/@babel/runtime/helpers/esm/asyncToGenerator.js:17:1)
	    at executor (node_modules/@angular-devkit/build-angular/node_modules/@babel/runtime/helpers/esm/asyncToGenerator.js:22:1)
	    at new ZoneAwarePromise (node_modules/zone.js/fesm2015/zone.js:2702:25)
	    at UserContext.apply (node_modules/@angular-devkit/build-angular/node_modules/@babel/runtime/helpers/esm/asyncToGenerator.js:14:1)
	    at _ZoneDelegate.invoke (node_modules/zone.js/fesm2015/zone.js:369:28)
	    at ProxyZoneSpec.onInvoke (node_modules/zone.js/fesm2015/zone-testing.js:2081:39)
	    at _ZoneDelegate.invoke (node_modules/zone.js/fesm2015/zone.js:368:34)
Chrome Headless 140.0.0.0 (Mac OS 10.15.7): Executed 414 of 985[31m (129 FAILED)[39m (skipped 1) (0 secs / 31.083 secs)
[1A[2K[31mChrome Headless 140.0.0.0 (Mac OS 10.15.7) StorageService Client Data Management should return null for non-existent client FAILED[39m
	ReferenceError: global is not defined
	    at UserContext.<anonymous> (src/app/services/storage.service.spec.ts:41:6)
	    at Generator.next (<anonymous>)
	    at asyncGeneratorStep (node_modules/@angular-devkit/build-angular/node_modules/@babel/runtime/helpers/esm/asyncToGenerator.js:3:1)
	    at _next (node_modules/@angular-devkit/build-angular/node_modules/@babel/runtime/helpers/esm/asyncToGenerator.js:17:1)
	    at executor (node_modules/@angular-devkit/build-angular/node_modules/@babel/runtime/helpers/esm/asyncToGenerator.js:22:1)
	    at new ZoneAwarePromise (node_modules/zone.js/fesm2015/zone.js:2702:25)
	    at UserContext.apply (node_modules/@angular-devkit/build-angular/node_modules/@babel/runtime/helpers/esm/asyncToGenerator.js:14:1)
	    at _ZoneDelegate.invoke (node_modules/zone.js/fesm2015/zone.js:369:28)
	    at ProxyZoneSpec.onInvoke (node_modules/zone.js/fesm2015/zone-testing.js:2081:39)
	    at _ZoneDelegate.invoke (node_modules/zone.js/fesm2015/zone.js:368:34)
Chrome Headless 140.0.0.0 (Mac OS 10.15.7): Executed 415 of 985[31m (130 FAILED)[39m (skipped 1) (0 secs / 31.083 secs)
[1A[2K[31mChrome Headless 140.0.0.0 (Mac OS 10.15.7) StorageService Network Status Management should update online status when going offline FAILED[39m
	ReferenceError: global is not defined
	    at UserContext.<anonymous> (src/app/services/storage.service.spec.ts:41:6)
	    at Generator.next (<anonymous>)
	    at asyncGeneratorStep (node_modules/@angular-devkit/build-angular/node_modules/@babel/runtime/helpers/esm/asyncToGenerator.js:3:1)
	    at _next (node_modules/@angular-devkit/build-angular/node_modules/@babel/runtime/helpers/esm/asyncToGenerator.js:17:1)
	    at executor (node_modules/@angular-devkit/build-angular/node_modules/@babel/runtime/helpers/esm/asyncToGenerator.js:22:1)
	    at new ZoneAwarePromise (node_modules/zone.js/fesm2015/zone.js:2702:25)
	    at UserContext.apply (node_modules/@angular-devkit/build-angular/node_modules/@babel/runtime/helpers/esm/asyncToGenerator.js:14:1)
	    at _ZoneDelegate.invoke (node_modules/zone.js/fesm2015/zone.js:369:28)
	    at ProxyZoneSpec.onInvoke (node_modules/zone.js/fesm2015/zone-testing.js:2081:39)
	    at _ZoneDelegate.invoke (node_modules/zone.js/fesm2015/zone.js:368:34)
Chrome Headless 140.0.0.0 (Mac OS 10.15.7): Executed 416 of 985[31m (131 FAILED)[39m (skipped 1) (0 secs / 31.083 secs)
[1A[2K[31mChrome Headless 140.0.0.0 (Mac OS 10.15.7) StorageService Network Status Management should update online status when going online FAILED[39m
	ReferenceError: global is not defined
	    at UserContext.<anonymous> (src/app/services/storage.service.spec.ts:41:6)
	    at Generator.next (<anonymous>)
	    at asyncGeneratorStep (node_modules/@angular-devkit/build-angular/node_modules/@babel/runtime/helpers/esm/asyncToGenerator.js:3:1)
	    at _next (node_modules/@angular-devkit/build-angular/node_modules/@babel/runtime/helpers/esm/asyncToGenerator.js:17:1)
	    at executor (node_modules/@angular-devkit/build-angular/node_modules/@babel/runtime/helpers/esm/asyncToGenerator.js:22:1)
	    at new ZoneAwarePromise (node_modules/zone.js/fesm2015/zone.js:2702:25)
	    at UserContext.apply (node_modules/@angular-devkit/build-angular/node_modules/@babel/runtime/helpers/esm/asyncToGenerator.js:14:1)
	    at _ZoneDelegate.invoke (node_modules/zone.js/fesm2015/zone.js:369:28)
	    at ProxyZoneSpec.onInvoke (node_modules/zone.js/fesm2015/zone-testing.js:2081:39)
	    at _ZoneDelegate.invoke (node_modules/zone.js/fesm2015/zone.js:368:34)
Chrome Headless 140.0.0.0 (Mac OS 10.15.7): Executed 417 of 985[31m (132 FAILED)[39m (skipped 1) (0 secs / 31.083 secs)
[1A[2K[31mChrome Headless 140.0.0.0 (Mac OS 10.15.7) StorageService Quote Data Management should get quote by ID FAILED[39m
	ReferenceError: global is not defined
	    at UserContext.<anonymous> (src/app/services/storage.service.spec.ts:41:6)
	    at Generator.next (<anonymous>)
	    at asyncGeneratorStep (node_modules/@angular-devkit/build-angular/node_modules/@babel/runtime/helpers/esm/asyncToGenerator.js:3:1)
	    at _next (node_modules/@angular-devkit/build-angular/node_modules/@babel/runtime/helpers/esm/asyncToGenerator.js:17:1)
	    at executor (node_modules/@angular-devkit/build-angular/node_modules/@babel/runtime/helpers/esm/asyncToGenerator.js:22:1)
	    at new ZoneAwarePromise (node_modules/zone.js/fesm2015/zone.js:2702:25)
	    at UserContext.apply (node_modules/@angular-devkit/build-angular/node_modules/@babel/runtime/helpers/esm/asyncToGenerator.js:14:1)
	    at _ZoneDelegate.invoke (node_modules/zone.js/fesm2015/zone.js:369:28)
	    at ProxyZoneSpec.onInvoke (node_modules/zone.js/fesm2015/zone-testing.js:2081:39)
	    at _ZoneDelegate.invoke (node_modules/zone.js/fesm2015/zone.js:368:34)
Chrome Headless 140.0.0.0 (Mac OS 10.15.7): Executed 418 of 985[31m (133 FAILED)[39m (skipped 1) (0 secs / 31.083 secs)
[1A[2K[31mChrome Headless 140.0.0.0 (Mac OS 10.15.7) StorageService Quote Data Management should save quote data FAILED[39m
	ReferenceError: global is not defined
	    at UserContext.<anonymous> (src/app/services/storage.service.spec.ts:41:6)
	    at Generator.next (<anonymous>)
	    at asyncGeneratorStep (node_modules/@angular-devkit/build-angular/node_modules/@babel/runtime/helpers/esm/asyncToGenerator.js:3:1)
	    at _next (node_modules/@angular-devkit/build-angular/node_modules/@babel/runtime/helpers/esm/asyncToGenerator.js:17:1)
	    at executor (node_modules/@angular-devkit/build-angular/node_modules/@babel/runtime/helpers/esm/asyncToGenerator.js:22:1)
	    at new ZoneAwarePromise (node_modules/zone.js/fesm2015/zone.js:2702:25)
	    at UserContext.apply (node_modules/@angular-devkit/build-angular/node_modules/@babel/runtime/helpers/esm/asyncToGenerator.js:14:1)
	    at _ZoneDelegate.invoke (node_modules/zone.js/fesm2015/zone.js:369:28)
	    at ProxyZoneSpec.onInvoke (node_modules/zone.js/fesm2015/zone-testing.js:2081:39)
	    at _ZoneDelegate.invoke (node_modules/zone.js/fesm2015/zone.js:368:34)
Chrome Headless 140.0.0.0 (Mac OS 10.15.7): Executed 419 of 985[31m (134 FAILED)[39m (skipped 1) (0 secs / 31.083 secs)
[1A[2K[31mChrome Headless 140.0.0.0 (Mac OS 10.15.7) StorageService Quote Data Management should get quotes by client ID FAILED[39m
	ReferenceError: global is not defined
	    at UserContext.<anonymous> (src/app/services/storage.service.spec.ts:41:6)
	    at Generator.next (<anonymous>)
	    at asyncGeneratorStep (node_modules/@angular-devkit/build-angular/node_modules/@babel/runtime/helpers/esm/asyncToGenerator.js:3:1)
	    at _next (node_modules/@angular-devkit/build-angular/node_modules/@babel/runtime/helpers/esm/asyncToGenerator.js:17:1)
	    at executor (node_modules/@angular-devkit/build-angular/node_modules/@babel/runtime/helpers/esm/asyncToGenerator.js:22:1)
	    at new ZoneAwarePromise (node_modules/zone.js/fesm2015/zone.js:2702:25)
	    at UserContext.apply (node_modules/@angular-devkit/build-angular/node_modules/@babel/runtime/helpers/esm/asyncToGenerator.js:14:1)
	    at _ZoneDelegate.invoke (node_modules/zone.js/fesm2015/zone.js:369:28)
	    at ProxyZoneSpec.onInvoke (node_modules/zone.js/fesm2015/zone-testing.js:2081:39)
	    at _ZoneDelegate.invoke (node_modules/zone.js/fesm2015/zone.js:368:34)
Chrome Headless 140.0.0.0 (Mac OS 10.15.7): Executed 420 of 985[31m (135 FAILED)[39m (skipped 1) (0 secs / 31.083 secs)
[1A[2K[31mChrome Headless 140.0.0.0 (Mac OS 10.15.7) StorageService Form Cache Management should delete cached form data FAILED[39m
	ReferenceError: global is not defined
	    at UserContext.<anonymous> (src/app/services/storage.service.spec.ts:41:6)
	    at Generator.next (<anonymous>)
	    at asyncGeneratorStep (node_modules/@angular-devkit/build-angular/node_modules/@babel/runtime/helpers/esm/asyncToGenerator.js:3:1)
	    at _next (node_modules/@angular-devkit/build-angular/node_modules/@babel/runtime/helpers/esm/asyncToGenerator.js:17:1)
	    at executor (node_modules/@angular-devkit/build-angular/node_modules/@babel/runtime/helpers/esm/asyncToGenerator.js:22:1)
	    at new ZoneAwarePromise (node_modules/zone.js/fesm2015/zone.js:2702:25)
	    at UserContext.apply (node_modules/@angular-devkit/build-angular/node_modules/@babel/runtime/helpers/esm/asyncToGenerator.js:14:1)
	    at _ZoneDelegate.invoke (node_modules/zone.js/fesm2015/zone.js:369:28)
	    at ProxyZoneSpec.onInvoke (node_modules/zone.js/fesm2015/zone-testing.js:2081:39)
	    at _ZoneDelegate.invoke (node_modules/zone.js/fesm2015/zone.js:368:34)
Chrome Headless 140.0.0.0 (Mac OS 10.15.7): Executed 421 of 985[31m (136 FAILED)[39m (skipped 1) (0 secs / 31.084 secs)
[1A[2K[31mChrome Headless 140.0.0.0 (Mac OS 10.15.7) StorageService Form Cache Management should return null for expired form cache FAILED[39m
	ReferenceError: global is not defined
	    at UserContext.<anonymous> (src/app/services/storage.service.spec.ts:41:6)
	    at Generator.next (<anonymous>)
	    at asyncGeneratorStep (node_modules/@angular-devkit/build-angular/node_modules/@babel/runtime/helpers/esm/asyncToGenerator.js:3:1)
	    at _next (node_modules/@angular-devkit/build-angular/node_modules/@babel/runtime/helpers/esm/asyncToGenerator.js:17:1)
	    at executor (node_modules/@angular-devkit/build-angular/node_modules/@babel/runtime/helpers/esm/asyncToGenerator.js:22:1)
	    at new ZoneAwarePromise (node_modules/zone.js/fesm2015/zone.js:2702:25)
	    at UserContext.apply (node_modules/@angular-devkit/build-angular/node_modules/@babel/runtime/helpers/esm/asyncToGenerator.js:14:1)
	    at _ZoneDelegate.invoke (node_modules/zone.js/fesm2015/zone.js:369:28)
	    at ProxyZoneSpec.onInvoke (node_modules/zone.js/fesm2015/zone-testing.js:2081:39)
	    at _ZoneDelegate.invoke (node_modules/zone.js/fesm2015/zone.js:368:34)
Chrome Headless 140.0.0.0 (Mac OS 10.15.7): Executed 422 of 985[31m (137 FAILED)[39m (skipped 1) (0 secs / 31.084 secs)
[1A[2K[31mChrome Headless 140.0.0.0 (Mac OS 10.15.7) StorageService Form Cache Management should retrieve cached form data FAILED[39m
	ReferenceError: global is not defined
	    at UserContext.<anonymous> (src/app/services/storage.service.spec.ts:41:6)
	    at Generator.next (<anonymous>)
	    at asyncGeneratorStep (node_modules/@angular-devkit/build-angular/node_modules/@babel/runtime/helpers/esm/asyncToGenerator.js:3:1)
	    at _next (node_modules/@angular-devkit/build-angular/node_modules/@babel/runtime/helpers/esm/asyncToGenerator.js:17:1)
	    at executor (node_modules/@angular-devkit/build-angular/node_modules/@babel/runtime/helpers/esm/asyncToGenerator.js:22:1)
	    at new ZoneAwarePromise (node_modules/zone.js/fesm2015/zone.js:2702:25)
	    at UserContext.apply (node_modules/@angular-devkit/build-angular/node_modules/@babel/runtime/helpers/esm/asyncToGenerator.js:14:1)
	    at _ZoneDelegate.invoke (node_modules/zone.js/fesm2015/zone.js:369:28)
	    at ProxyZoneSpec.onInvoke (node_modules/zone.js/fesm2015/zone-testing.js:2081:39)
	    at _ZoneDelegate.invoke (node_modules/zone.js/fesm2015/zone.js:368:34)
Chrome Headless 140.0.0.0 (Mac OS 10.15.7): Executed 423 of 985[31m (138 FAILED)[39m (skipped 1) (0 secs / 31.084 secs)
[1A[2K[31mChrome Headless 140.0.0.0 (Mac OS 10.15.7) StorageService Form Cache Management should cache form data with TTL FAILED[39m
	ReferenceError: global is not defined
	    at UserContext.<anonymous> (src/app/services/storage.service.spec.ts:41:6)
	    at Generator.next (<anonymous>)
	    at asyncGeneratorStep (node_modules/@angular-devkit/build-angular/node_modules/@babel/runtime/helpers/esm/asyncToGenerator.js:3:1)
	    at _next (node_modules/@angular-devkit/build-angular/node_modules/@babel/runtime/helpers/esm/asyncToGenerator.js:17:1)
	    at executor (node_modules/@angular-devkit/build-angular/node_modules/@babel/runtime/helpers/esm/asyncToGenerator.js:22:1)
	    at new ZoneAwarePromise (node_modules/zone.js/fesm2015/zone.js:2702:25)
	    at UserContext.apply (node_modules/@angular-devkit/build-angular/node_modules/@babel/runtime/helpers/esm/asyncToGenerator.js:14:1)
	    at _ZoneDelegate.invoke (node_modules/zone.js/fesm2015/zone.js:369:28)
	    at ProxyZoneSpec.onInvoke (node_modules/zone.js/fesm2015/zone-testing.js:2081:39)
	    at _ZoneDelegate.invoke (node_modules/zone.js/fesm2015/zone.js:368:34)
Chrome Headless 140.0.0.0 (Mac OS 10.15.7): Executed 424 of 985[31m (139 FAILED)[39m (skipped 1) (0 secs / 31.084 secs)
[1A[2K[31mChrome Headless 140.0.0.0 (Mac OS 10.15.7) StorageService Offline Actions Queue should queue offline action FAILED[39m
	ReferenceError: global is not defined
	    at UserContext.<anonymous> (src/app/services/storage.service.spec.ts:41:6)
	    at Generator.next (<anonymous>)
	    at asyncGeneratorStep (node_modules/@angular-devkit/build-angular/node_modules/@babel/runtime/helpers/esm/asyncToGenerator.js:3:1)
	    at _next (node_modules/@angular-devkit/build-angular/node_modules/@babel/runtime/helpers/esm/asyncToGenerator.js:17:1)
	    at executor (node_modules/@angular-devkit/build-angular/node_modules/@babel/runtime/helpers/esm/asyncToGenerator.js:22:1)
	    at new ZoneAwarePromise (node_modules/zone.js/fesm2015/zone.js:2702:25)
	    at UserContext.apply (node_modules/@angular-devkit/build-angular/node_modules/@babel/runtime/helpers/esm/asyncToGenerator.js:14:1)
	    at _ZoneDelegate.invoke (node_modules/zone.js/fesm2015/zone.js:369:28)
	    at ProxyZoneSpec.onInvoke (node_modules/zone.js/fesm2015/zone-testing.js:2081:39)
	    at _ZoneDelegate.invoke (node_modules/zone.js/fesm2015/zone.js:368:34)
Chrome Headless 140.0.0.0 (Mac OS 10.15.7): Executed 425 of 985[31m (140 FAILED)[39m (skipped 1) (0 secs / 31.084 secs)
[1A[2K[31mChrome Headless 140.0.0.0 (Mac OS 10.15.7) StorageService Offline Actions Queue should remove completed action FAILED[39m
	ReferenceError: global is not defined
	    at UserContext.<anonymous> (src/app/services/storage.service.spec.ts:41:6)
	    at Generator.next (<anonymous>)
	    at asyncGeneratorStep (node_modules/@angular-devkit/build-angular/node_modules/@babel/runtime/helpers/esm/asyncToGenerator.js:3:1)
	    at _next (node_modules/@angular-devkit/build-angular/node_modules/@babel/runtime/helpers/esm/asyncToGenerator.js:17:1)
	    at executor (node_modules/@angular-devkit/build-angular/node_modules/@babel/runtime/helpers/esm/asyncToGenerator.js:22:1)
	    at new ZoneAwarePromise (node_modules/zone.js/fesm2015/zone.js:2702:25)
	    at UserContext.apply (node_modules/@angular-devkit/build-angular/node_modules/@babel/runtime/helpers/esm/asyncToGenerator.js:14:1)
	    at _ZoneDelegate.invoke (node_modules/zone.js/fesm2015/zone.js:369:28)
	    at ProxyZoneSpec.onInvoke (node_modules/zone.js/fesm2015/zone-testing.js:2081:39)
	    at _ZoneDelegate.invoke (node_modules/zone.js/fesm2015/zone.js:368:34)
Chrome Headless 140.0.0.0 (Mac OS 10.15.7): Executed 426 of 985[31m (141 FAILED)[39m (skipped 1) (0 secs / 31.085 secs)
[1A[2K[31mChrome Headless 140.0.0.0 (Mac OS 10.15.7) StorageService Offline Actions Queue should get pending actions FAILED[39m
	ReferenceError: global is not defined
	    at UserContext.<anonymous> (src/app/services/storage.service.spec.ts:41:6)
	    at Generator.next (<anonymous>)
	    at asyncGeneratorStep (node_modules/@angular-devkit/build-angular/node_modules/@babel/runtime/helpers/esm/asyncToGenerator.js:3:1)
	    at _next (node_modules/@angular-devkit/build-angular/node_modules/@babel/runtime/helpers/esm/asyncToGenerator.js:17:1)
	    at executor (node_modules/@angular-devkit/build-angular/node_modules/@babel/runtime/helpers/esm/asyncToGenerator.js:22:1)
	    at new ZoneAwarePromise (node_modules/zone.js/fesm2015/zone.js:2702:25)
	    at UserContext.apply (node_modules/@angular-devkit/build-angular/node_modules/@babel/runtime/helpers/esm/asyncToGenerator.js:14:1)
	    at _ZoneDelegate.invoke (node_modules/zone.js/fesm2015/zone.js:369:28)
	    at ProxyZoneSpec.onInvoke (node_modules/zone.js/fesm2015/zone-testing.js:2081:39)
	    at _ZoneDelegate.invoke (node_modules/zone.js/fesm2015/zone.js:368:34)
Chrome Headless 140.0.0.0 (Mac OS 10.15.7): Executed 427 of 985[31m (142 FAILED)[39m (skipped 1) (0 secs / 31.085 secs)
[1A[2K[31mChrome Headless 140.0.0.0 (Mac OS 10.15.7) StorageService Utility Methods should get storage statistics FAILED[39m
	ReferenceError: global is not defined
	    at UserContext.<anonymous> (src/app/services/storage.service.spec.ts:41:6)
	    at Generator.next (<anonymous>)
	    at asyncGeneratorStep (node_modules/@angular-devkit/build-angular/node_modules/@babel/runtime/helpers/esm/asyncToGenerator.js:3:1)
	    at _next (node_modules/@angular-devkit/build-angular/node_modules/@babel/runtime/helpers/esm/asyncToGenerator.js:17:1)
	    at executor (node_modules/@angular-devkit/build-angular/node_modules/@babel/runtime/helpers/esm/asyncToGenerator.js:22:1)
	    at new ZoneAwarePromise (node_modules/zone.js/fesm2015/zone.js:2702:25)
	    at UserContext.apply (node_modules/@angular-devkit/build-angular/node_modules/@babel/runtime/helpers/esm/asyncToGenerator.js:14:1)
	    at _ZoneDelegate.invoke (node_modules/zone.js/fesm2015/zone.js:369:28)
	    at ProxyZoneSpec.onInvoke (node_modules/zone.js/fesm2015/zone-testing.js:2081:39)
	    at _ZoneDelegate.invoke (node_modules/zone.js/fesm2015/zone.js:368:34)
Chrome Headless 140.0.0.0 (Mac OS 10.15.7): Executed 428 of 985[31m (143 FAILED)[39m (skipped 1) (0 secs / 31.085 secs)
[1A[2K[31mChrome Headless 140.0.0.0 (Mac OS 10.15.7) StorageService Utility Methods should clear cache FAILED[39m
	ReferenceError: global is not defined
	    at UserContext.<anonymous> (src/app/services/storage.service.spec.ts:41:6)
	    at Generator.next (<anonymous>)
	    at asyncGeneratorStep (node_modules/@angular-devkit/build-angular/node_modules/@babel/runtime/helpers/esm/asyncToGenerator.js:3:1)
	    at _next (node_modules/@angular-devkit/build-angular/node_modules/@babel/runtime/helpers/esm/asyncToGenerator.js:17:1)
	    at executor (node_modules/@angular-devkit/build-angular/node_modules/@babel/runtime/helpers/esm/asyncToGenerator.js:22:1)
	    at new ZoneAwarePromise (node_modules/zone.js/fesm2015/zone.js:2702:25)
	    at UserContext.apply (node_modules/@angular-devkit/build-angular/node_modules/@babel/runtime/helpers/esm/asyncToGenerator.js:14:1)
	    at _ZoneDelegate.invoke (node_modules/zone.js/fesm2015/zone.js:369:28)
	    at ProxyZoneSpec.onInvoke (node_modules/zone.js/fesm2015/zone-testing.js:2081:39)
	    at _ZoneDelegate.invoke (node_modules/zone.js/fesm2015/zone.js:368:34)
Chrome Headless 140.0.0.0 (Mac OS 10.15.7): Executed 429 of 985[31m (144 FAILED)[39m (skipped 1) (0 secs / 31.085 secs)
[1A[2K[31mChrome Headless 140.0.0.0 (Mac OS 10.15.7) StorageService Service Initialization should be created FAILED[39m
	ReferenceError: global is not defined
	    at UserContext.<anonymous> (src/app/services/storage.service.spec.ts:41:6)
	    at Generator.next (<anonymous>)
	    at asyncGeneratorStep (node_modules/@angular-devkit/build-angular/node_modules/@babel/runtime/helpers/esm/asyncToGenerator.js:3:1)
	    at _next (node_modules/@angular-devkit/build-angular/node_modules/@babel/runtime/helpers/esm/asyncToGenerator.js:17:1)
	    at executor (node_modules/@angular-devkit/build-angular/node_modules/@babel/runtime/helpers/esm/asyncToGenerator.js:22:1)
	    at new ZoneAwarePromise (node_modules/zone.js/fesm2015/zone.js:2702:25)
	    at UserContext.apply (node_modules/@angular-devkit/build-angular/node_modules/@babel/runtime/helpers/esm/asyncToGenerator.js:14:1)
	    at _ZoneDelegate.invoke (node_modules/zone.js/fesm2015/zone.js:369:28)
	    at ProxyZoneSpec.onInvoke (node_modules/zone.js/fesm2015/zone-testing.js:2081:39)
	    at _ZoneDelegate.invoke (node_modules/zone.js/fesm2015/zone.js:368:34)
Chrome Headless 140.0.0.0 (Mac OS 10.15.7): Executed 430 of 985[31m (145 FAILED)[39m (skipped 1) (0 secs / 31.085 secs)
[1A[2K[31mChrome Headless 140.0.0.0 (Mac OS 10.15.7) StorageService Service Initialization should initialize IndexedDB on construction FAILED[39m
	ReferenceError: global is not defined
	    at UserContext.<anonymous> (src/app/services/storage.service.spec.ts:41:6)
	    at Generator.next (<anonymous>)
	    at asyncGeneratorStep (node_modules/@angular-devkit/build-angular/node_modules/@babel/runtime/helpers/esm/asyncToGenerator.js:3:1)
	    at _next (node_modules/@angular-devkit/build-angular/node_modules/@babel/runtime/helpers/esm/asyncToGenerator.js:17:1)
	    at executor (node_modules/@angular-devkit/build-angular/node_modules/@babel/runtime/helpers/esm/asyncToGenerator.js:22:1)
	    at new ZoneAwarePromise (node_modules/zone.js/fesm2015/zone.js:2702:25)
	    at UserContext.apply (node_modules/@angular-devkit/build-angular/node_modules/@babel/runtime/helpers/esm/asyncToGenerator.js:14:1)
	    at _ZoneDelegate.invoke (node_modules/zone.js/fesm2015/zone.js:369:28)
	    at ProxyZoneSpec.onInvoke (node_modules/zone.js/fesm2015/zone-testing.js:2081:39)
	    at _ZoneDelegate.invoke (node_modules/zone.js/fesm2015/zone.js:368:34)
Chrome Headless 140.0.0.0 (Mac OS 10.15.7): Executed 431 of 985[31m (146 FAILED)[39m (skipped 1) (0 secs / 31.086 secs)
[1A[2K[31mChrome Headless 140.0.0.0 (Mac OS 10.15.7) StorageService Service Initialization should setup online/offline event listeners FAILED[39m
	ReferenceError: global is not defined
	    at UserContext.<anonymous> (src/app/services/storage.service.spec.ts:41:6)
	    at Generator.next (<anonymous>)
	    at asyncGeneratorStep (node_modules/@angular-devkit/build-angular/node_modules/@babel/runtime/helpers/esm/asyncToGenerator.js:3:1)
	    at _next (node_modules/@angular-devkit/build-angular/node_modules/@babel/runtime/helpers/esm/asyncToGenerator.js:17:1)
	    at executor (node_modules/@angular-devkit/build-angular/node_modules/@babel/runtime/helpers/esm/asyncToGenerator.js:22:1)
	    at new ZoneAwarePromise (node_modules/zone.js/fesm2015/zone.js:2702:25)
	    at UserContext.apply (node_modules/@angular-devkit/build-angular/node_modules/@babel/runtime/helpers/esm/asyncToGenerator.js:14:1)
	    at _ZoneDelegate.invoke (node_modules/zone.js/fesm2015/zone.js:369:28)
	    at ProxyZoneSpec.onInvoke (node_modules/zone.js/fesm2015/zone-testing.js:2081:39)
	    at _ZoneDelegate.invoke (node_modules/zone.js/fesm2015/zone.js:368:34)
Chrome Headless 140.0.0.0 (Mac OS 10.15.7): Executed 432 of 985[31m (147 FAILED)[39m (skipped 1) (0 secs / 31.086 secs)
[1A[2K[31mChrome Headless 140.0.0.0 (Mac OS 10.15.7) StorageService Service Initialization should provide online status observable FAILED[39m
	ReferenceError: global is not defined
	    at UserContext.<anonymous> (src/app/services/storage.service.spec.ts:41:6)
	    at Generator.next (<anonymous>)
	    at asyncGeneratorStep (node_modules/@angular-devkit/build-angular/node_modules/@babel/runtime/helpers/esm/asyncToGenerator.js:3:1)
	    at _next (node_modules/@angular-devkit/build-angular/node_modules/@babel/runtime/helpers/esm/asyncToGenerator.js:17:1)
	    at executor (node_modules/@angular-devkit/build-angular/node_modules/@babel/runtime/helpers/esm/asyncToGenerator.js:22:1)
	    at new ZoneAwarePromise (node_modules/zone.js/fesm2015/zone.js:2702:25)
	    at UserContext.apply (node_modules/@angular-devkit/build-angular/node_modules/@babel/runtime/helpers/esm/asyncToGenerator.js:14:1)
	    at _ZoneDelegate.invoke (node_modules/zone.js/fesm2015/zone.js:369:28)
	    at ProxyZoneSpec.onInvoke (node_modules/zone.js/fesm2015/zone-testing.js:2081:39)
	    at _ZoneDelegate.invoke (node_modules/zone.js/fesm2015/zone.js:368:34)
Chrome Headless 140.0.0.0 (Mac OS 10.15.7): Executed 433 of 985[31m (148 FAILED)[39m (skipped 1) (0 secs / 31.086 secs)
[1A[2KLOG: [36m'Configuración cambiada:', 'language', 'en'[39m
Chrome Headless 140.0.0.0 (Mac OS 10.15.7): Executed 433 of 985[31m (148 FAILED)[39m (skipped 1) (0 secs / 31.086 secs)
LOG: 'Configuración cambiada:', 'language', 'en'
[1A[2KChrome Headless 140.0.0.0 (Mac OS 10.15.7): Executed 434 of 985[31m (148 FAILED)[39m (skipped 1) (0 secs / 31.092 secs)
[1A[2KLOG: [36m'Configuración cambiada:', 'theme', 'light'[39m
Chrome Headless 140.0.0.0 (Mac OS 10.15.7): Executed 434 of 985[31m (148 FAILED)[39m (skipped 1) (0 secs / 31.092 secs)
LOG: 'Configuración cambiada:', 'theme', 'light'
[1A[2KLOG: [36m'Configuración cambiada:', 'theme', 'dark'[39m
Chrome Headless 140.0.0.0 (Mac OS 10.15.7): Executed 434 of 985[31m (148 FAILED)[39m (skipped 1) (0 secs / 31.092 secs)
LOG: 'Configuración cambiada:', 'theme', 'dark'
[1A[2KChrome Headless 140.0.0.0 (Mac OS 10.15.7): Executed 435 of 985[31m (148 FAILED)[39m (skipped 1) (0 secs / 31.095 secs)
[1A[2KChrome Headless 140.0.0.0 (Mac OS 10.15.7): Executed 436 of 985[31m (148 FAILED)[39m (skipped 1) (0 secs / 31.097 secs)
[1A[2KChrome Headless 140.0.0.0 (Mac OS 10.15.7): Executed 437 of 985[31m (148 FAILED)[39m (skipped 1) (0 secs / 31.126 secs)
[1A[2KChrome Headless 140.0.0.0 (Mac OS 10.15.7): Executed 438 of 985[31m (148 FAILED)[39m (skipped 1) (0 secs / 31.128 secs)
[1A[2KChrome Headless 140.0.0.0 (Mac OS 10.15.7): Executed 439 of 985[31m (148 FAILED)[39m (skipped 1) (0 secs / 31.133 secs)
[1A[2KChrome Headless 140.0.0.0 (Mac OS 10.15.7): Executed 440 of 985[31m (148 FAILED)[39m (skipped 1) (0 secs / 31.134 secs)
[1A[2KChrome Headless 140.0.0.0 (Mac OS 10.15.7): Executed 441 of 985[31m (148 FAILED)[39m (skipped 1) (0 secs / 31.135 secs)
[1A[2KChrome Headless 140.0.0.0 (Mac OS 10.15.7): Executed 442 of 985[31m (148 FAILED)[39m (skipped 1) (0 secs / 31.137 secs)
[1A[2KChrome Headless 140.0.0.0 (Mac OS 10.15.7): Executed 443 of 985[31m (148 FAILED)[39m (skipped 1) (0 secs / 31.144 secs)
[1A[2KChrome Headless 140.0.0.0 (Mac OS 10.15.7): Executed 444 of 985[31m (148 FAILED)[39m (skipped 1) (0 secs / 31.146 secs)
[1A[2KLOG: [36m'Loading client view data'[39m
Chrome Headless 140.0.0.0 (Mac OS 10.15.7): Executed 444 of 985[31m (148 FAILED)[39m (skipped 1) (0 secs / 31.146 secs)
LOG: 'Loading client view data'
[1A[2KChrome Headless 140.0.0.0 (Mac OS 10.15.7): Executed 445 of 985[31m (148 FAILED)[39m (skipped 1) (0 secs / 31.148 secs)
[1A[2KChrome Headless 140.0.0.0 (Mac OS 10.15.7): Executed 446 of 985[31m (148 FAILED)[39m (skipped 1) (0 secs / 31.149 secs)
[1A[2KChrome Headless 140.0.0.0 (Mac OS 10.15.7): Executed 447 of 985[31m (148 FAILED)[39m (skipped 1) (0 secs / 31.15 secs)
[1A[2KChrome Headless 140.0.0.0 (Mac OS 10.15.7): Executed 448 of 985[31m (148 FAILED)[39m (skipped 1) (0 secs / 31.151 secs)
[1A[2KChrome Headless 140.0.0.0 (Mac OS 10.15.7): Executed 449 of 985[31m (148 FAILED)[39m (skipped 1) (0 secs / 31.152 secs)
[1A[2KChrome Headless 140.0.0.0 (Mac OS 10.15.7): Executed 450 of 985[31m (148 FAILED)[39m (skipped 1) (0 secs / 31.155 secs)
[1A[2KChrome Headless 140.0.0.0 (Mac OS 10.15.7): Executed 451 of 985[31m (148 FAILED)[39m (skipped 1) (0 secs / 31.156 secs)
[1A[2KChrome Headless 140.0.0.0 (Mac OS 10.15.7): Executed 452 of 985[31m (148 FAILED)[39m (skipped 1) (0 secs / 31.157 secs)
[1A[2KChrome Headless 140.0.0.0 (Mac OS 10.15.7): Executed 453 of 985[31m (148 FAILED)[39m (skipped 1) (0 secs / 31.157 secs)
[1A[2KChrome Headless 140.0.0.0 (Mac OS 10.15.7): Executed 454 of 985[31m (148 FAILED)[39m (skipped 1) (0 secs / 31.157 secs)
[1A[2KWARN: [36m'Spec 'HttpClientService URL Building should handle nested endpoints' has no expectations.'[39m
Chrome Headless 140.0.0.0 (Mac OS 10.15.7): Executed 454 of 985[31m (148 FAILED)[39m (skipped 1) (0 secs / 31.157 secs)
WARN: 'Spec 'HttpClientService URL Building should handle nested endpoints' has no expectations.'
[1A[2KChrome Headless 140.0.0.0 (Mac OS 10.15.7): Executed 455 of 985[31m (148 FAILED)[39m (skipped 1) (0 secs / 31.157 secs)
[1A[2KChrome Headless 140.0.0.0 (Mac OS 10.15.7): Executed 456 of 985[31m (148 FAILED)[39m (skipped 1) (0 secs / 31.157 secs)
[1A[2KChrome Headless 140.0.0.0 (Mac OS 10.15.7): Executed 457 of 985[31m (148 FAILED)[39m (skipped 1) (0 secs / 31.157 secs)
[1A[2KLOG: [36m'API Success:', 'File uploaded'[39m
Chrome Headless 140.0.0.0 (Mac OS 10.15.7): Executed 457 of 985[31m (148 FAILED)[39m (skipped 1) (0 secs / 31.157 secs)
LOG: 'API Success:', 'File uploaded'
[1A[2KChrome Headless 140.0.0.0 (Mac OS 10.15.7): Executed 458 of 985[31m (148 FAILED)[39m (skipped 1) (0 secs / 31.159 secs)
[1A[2KChrome Headless 140.0.0.0 (Mac OS 10.15.7): Executed 459 of 985[31m (148 FAILED)[39m (skipped 1) (0 secs / 31.159 secs)
[1A[2KChrome Headless 140.0.0.0 (Mac OS 10.15.7): Executed 460 of 985[31m (148 FAILED)[39m (skipped 1) (0 secs / 31.16 secs)
[1A[2KChrome Headless 140.0.0.0 (Mac OS 10.15.7): Executed 461 of 985[31m (148 FAILED)[39m (skipped 1) (0 secs / 31.16 secs)
[1A[2KChrome Headless 140.0.0.0 (Mac OS 10.15.7): Executed 462 of 985[31m (148 FAILED)[39m (skipped 1) (0 secs / 31.161 secs)
[1A[2KLOG: [36m'API Success:', 'Success'[39m
Chrome Headless 140.0.0.0 (Mac OS 10.15.7): Executed 462 of 985[31m (148 FAILED)[39m (skipped 1) (0 secs / 31.161 secs)
LOG: 'API Success:', 'Success'
[1A[2KChrome Headless 140.0.0.0 (Mac OS 10.15.7): Executed 463 of 985[31m (148 FAILED)[39m (skipped 1) (0 secs / 31.161 secs)
[1A[2KERROR: [36m'API Error:', Object{message: 'Error: ', status: 0, statusText: 'Unknown Error', url: 'http://localhost:3000/api/failing-endpoint'}[39m
Chrome Headless 140.0.0.0 (Mac OS 10.15.7): Executed 463 of 985[31m (148 FAILED)[39m (skipped 1) (0 secs / 31.161 secs)
ERROR: 'API Error:', Object{message: 'Error: ', status: 0, statusText: 'Unknown Error', url: 'http://localhost:3000/api/failing-endpoint'}
[1A[2KWARN: [36m'Spec 'HttpClientService GET Requests should retry failed GET requests' has no expectations.'[39m
Chrome Headless 140.0.0.0 (Mac OS 10.15.7): Executed 463 of 985[31m (148 FAILED)[39m (skipped 1) (0 secs / 31.161 secs)
WARN: 'Spec 'HttpClientService GET Requests should retry failed GET requests' has no expectations.'
[1A[2KChrome Headless 140.0.0.0 (Mac OS 10.15.7): Executed 464 of 985[31m (148 FAILED)[39m (skipped 1) (0 secs / 31.162 secs)
[1A[2KChrome Headless 140.0.0.0 (Mac OS 10.15.7): Executed 465 of 985[31m (148 FAILED)[39m (skipped 1) (0 secs / 31.163 secs)
[1A[2KChrome Headless 140.0.0.0 (Mac OS 10.15.7): Executed 466 of 985[31m (148 FAILED)[39m (skipped 1) (0 secs / 31.163 secs)
[1A[2KChrome Headless 140.0.0.0 (Mac OS 10.15.7): Executed 467 of 985[31m (148 FAILED)[39m (skipped 1) (0 secs / 31.164 secs)
[1A[2KChrome Headless 140.0.0.0 (Mac OS 10.15.7): Executed 468 of 985[31m (148 FAILED)[39m (skipped 1) (0 secs / 31.165 secs)
[1A[2KChrome Headless 140.0.0.0 (Mac OS 10.15.7): Executed 469 of 985[31m (148 FAILED)[39m (skipped 1) (0 secs / 31.165 secs)
[1A[2KERROR: [36m'API Error:', Object{message: 'Error: ', status: 0, statusText: 'Unknown Error', url: 'http://localhost:3000/api/health'}[39m
Chrome Headless 140.0.0.0 (Mac OS 10.15.7): Executed 469 of 985[31m (148 FAILED)[39m (skipped 1) (0 secs / 31.165 secs)
ERROR: 'API Error:', Object{message: 'Error: ', status: 0, statusText: 'Unknown Error', url: 'http://localhost:3000/api/health'}
[1A[2KChrome Headless 140.0.0.0 (Mac OS 10.15.7): Executed 470 of 985[31m (148 FAILED)[39m (skipped 1) (0 secs / 31.166 secs)
[1A[2KChrome Headless 140.0.0.0 (Mac OS 10.15.7): Executed 471 of 985[31m (148 FAILED)[39m (skipped 1) (0 secs / 31.166 secs)
[1A[2KChrome Headless 140.0.0.0 (Mac OS 10.15.7): Executed 472 of 985[31m (148 FAILED)[39m (skipped 1) (0 secs / 31.167 secs)
[1A[2KChrome Headless 140.0.0.0 (Mac OS 10.15.7): Executed 473 of 985[31m (148 FAILED)[39m (skipped 1) (0 secs / 31.167 secs)
[1A[2KERROR: [36m'API Error:', Object{message: 'Error: Client error message', status: 0, statusText: 'Client Error', url: 'http://localhost:3000/api/test'}[39m
Chrome Headless 140.0.0.0 (Mac OS 10.15.7): Executed 473 of 985[31m (148 FAILED)[39m (skipped 1) (0 secs / 31.167 secs)
ERROR: 'API Error:', Object{message: 'Error: Client error message', status: 0, statusText: 'Client Error', url: 'http://localhost:3000/api/test'}
[1A[2KChrome Headless 140.0.0.0 (Mac OS 10.15.7): Executed 474 of 985[31m (148 FAILED)[39m (skipped 1) (0 secs / 31.168 secs)
[1A[2KERROR: [36m'API Error:', Object{message: 'Recurso no encontrado', status: 404, statusText: 'Not Found', url: 'http://localhost:3000/api/nonexistent'}[39m
Chrome Headless 140.0.0.0 (Mac OS 10.15.7): Executed 474 of 985[31m (148 FAILED)[39m (skipped 1) (0 secs / 31.168 secs)
ERROR: 'API Error:', Object{message: 'Recurso no encontrado', status: 404, statusText: 'Not Found', url: 'http://localhost:3000/api/nonexistent'}
[1A[2KChrome Headless 140.0.0.0 (Mac OS 10.15.7): Executed 475 of 985[31m (148 FAILED)[39m (skipped 1) (0 secs / 31.168 secs)
[1A[2KERROR: [36m'API Error:', Object{message: 'Solicitud inválida', status: 400, statusText: 'Bad Request', url: 'http://localhost:3000/api/invalid'}[39m
Chrome Headless 140.0.0.0 (Mac OS 10.15.7): Executed 475 of 985[31m (148 FAILED)[39m (skipped 1) (0 secs / 31.168 secs)
ERROR: 'API Error:', Object{message: 'Solicitud inválida', status: 400, statusText: 'Bad Request', url: 'http://localhost:3000/api/invalid'}
[1A[2KChrome Headless 140.0.0.0 (Mac OS 10.15.7): Executed 476 of 985[31m (148 FAILED)[39m (skipped 1) (0 secs / 31.169 secs)
[1A[2KERROR: [36m'API Error:', Object{message: 'No autorizado. Por favor, inicia sesión nuevamente', status: 401, statusText: 'Unauthorized', url: 'http://localhost:3000/api/protected'}[39m
Chrome Headless 140.0.0.0 (Mac OS 10.15.7): Executed 476 of 985[31m (148 FAILED)[39m (skipped 1) (0 secs / 31.169 secs)
ERROR: 'API Error:', Object{message: 'No autorizado. Por favor, inicia sesión nuevamente', status: 401, statusText: 'Unauthorized', url: 'http://localhost:3000/api/protected'}
[1A[2KChrome Headless 140.0.0.0 (Mac OS 10.15.7): Executed 477 of 985[31m (148 FAILED)[39m (skipped 1) (0 secs / 31.169 secs)
[1A[2KERROR: [36m'API Error:', Object{message: 'Error: ', status: 0, statusText: 'Unknown Error', url: 'http://localhost:3000/api/test'}[39m
Chrome Headless 140.0.0.0 (Mac OS 10.15.7): Executed 477 of 985[31m (148 FAILED)[39m (skipped 1) (0 secs / 31.169 secs)
ERROR: 'API Error:', Object{message: 'Error: ', status: 0, statusText: 'Unknown Error', url: 'http://localhost:3000/api/test'}
[1A[2K[31mChrome Headless 140.0.0.0 (Mac OS 10.15.7) HttpClientService Error Handling should handle network connectivity issues FAILED[39m
	Expected 'Error: ' to be 'No se puede conectar al servidor'.
	    at <Jasmine>
	    at Object.error (src/app/services/http-client.service.spec.ts:416:33)
	    at ConsumerObserver.error (node_modules/rxjs/dist/esm/internal/Subscriber.js:102:33)
	    at SafeSubscriber._error (node_modules/rxjs/dist/esm/internal/Subscriber.js:64:30)
	    at SafeSubscriber.error (node_modules/rxjs/dist/esm/internal/Subscriber.js:40:18)
Chrome Headless 140.0.0.0 (Mac OS 10.15.7): Executed 478 of 985[31m (149 FAILED)[39m (skipped 1) (0 secs / 31.17 secs)
[1A[2KERROR: [36m'API Error:', Object{message: 'Error: ', status: 500, statusText: 'Server Error', url: 'http://localhost:3000/api/test'}[39m
Chrome Headless 140.0.0.0 (Mac OS 10.15.7): Executed 478 of 985[31m (149 FAILED)[39m (skipped 1) (0 secs / 31.17 secs)
ERROR: 'API Error:', Object{message: 'Error: ', status: 500, statusText: 'Server Error', url: 'http://localhost:3000/api/test'}
[1A[2KChrome Headless 140.0.0.0 (Mac OS 10.15.7): Executed 479 of 985[31m (149 FAILED)[39m (skipped 1) (0 secs / 31.171 secs)
[1A[2KERROR: [36m'API Error:', Object{message: 'Email is required, Email must be valid, Name is required', status: 422, statusText: 'Unprocessable Entity', url: 'http://localhost:3000/api/users'}[39m
Chrome Headless 140.0.0.0 (Mac OS 10.15.7): Executed 479 of 985[31m (149 FAILED)[39m (skipped 1) (0 secs / 31.171 secs)
ERROR: 'API Error:', Object{message: 'Email is required, Email must be valid, Name is required', status: 422, statusText: 'Unprocessable Entity', url: 'http://localhost:3000/api/users'}
[1A[2KChrome Headless 140.0.0.0 (Mac OS 10.15.7): Executed 480 of 985[31m (149 FAILED)[39m (skipped 1) (0 secs / 31.171 secs)
[1A[2KERROR: [36m'API Error:', Object{message: 'Error interno del servidor', status: 500, statusText: 'Server Error', url: 'http://localhost:3000/api/server-error'}[39m
Chrome Headless 140.0.0.0 (Mac OS 10.15.7): Executed 480 of 985[31m (149 FAILED)[39m (skipped 1) (0 secs / 31.171 secs)
ERROR: 'API Error:', Object{message: 'Error interno del servidor', status: 500, statusText: 'Server Error', url: 'http://localhost:3000/api/server-error'}
[1A[2KChrome Headless 140.0.0.0 (Mac OS 10.15.7): Executed 481 of 985[31m (149 FAILED)[39m (skipped 1) (0 secs / 31.172 secs)
[1A[2KChrome Headless 140.0.0.0 (Mac OS 10.15.7): Executed 482 of 985[31m (149 FAILED)[39m (skipped 1) (0 secs / 31.172 secs)
[1A[2KChrome Headless 140.0.0.0 (Mac OS 10.15.7): Executed 483 of 985[31m (149 FAILED)[39m (skipped 1) (0 secs / 31.172 secs)
[1A[2KERROR: [36m'API Error:', Object{message: 'Error: ', status: 0, statusText: 'Unknown Error', url: 'http://localhost:3000/api/users'}[39m
Chrome Headless 140.0.0.0 (Mac OS 10.15.7): Executed 483 of 985[31m (149 FAILED)[39m (skipped 1) (0 secs / 31.172 secs)
ERROR: 'API Error:', Object{message: 'Error: ', status: 0, statusText: 'Unknown Error', url: 'http://localhost:3000/api/users'}
[1A[2KWARN: [36m'Spec 'HttpClientService POST Requests should retry POST requests once' has no expectations.'[39m
Chrome Headless 140.0.0.0 (Mac OS 10.15.7): Executed 483 of 985[31m (149 FAILED)[39m (skipped 1) (0 secs / 31.172 secs)
WARN: 'Spec 'HttpClientService POST Requests should retry POST requests once' has no expectations.'
[1A[2KChrome Headless 140.0.0.0 (Mac OS 10.15.7): Executed 484 of 985[31m (149 FAILED)[39m (skipped 1) (0 secs / 31.173 secs)
[1A[2KLOG: [36m'API Success:', 'User created'[39m
Chrome Headless 140.0.0.0 (Mac OS 10.15.7): Executed 484 of 985[31m (149 FAILED)[39m (skipped 1) (0 secs / 31.173 secs)
LOG: 'API Success:', 'User created'
[1A[2KChrome Headless 140.0.0.0 (Mac OS 10.15.7): Executed 485 of 985[31m (149 FAILED)[39m (skipped 1) (0 secs / 31.173 secs)
[1A[2KLOG: [36m'API Success:', 'User created'[39m
Chrome Headless 140.0.0.0 (Mac OS 10.15.7): Executed 485 of 985[31m (149 FAILED)[39m (skipped 1) (0 secs / 31.173 secs)
LOG: 'API Success:', 'User created'
[1A[2KChrome Headless 140.0.0.0 (Mac OS 10.15.7): Executed 486 of 985[31m (149 FAILED)[39m (skipped 1) (0 secs / 31.174 secs)
[1A[2KChrome Headless 140.0.0.0 (Mac OS 10.15.7): Executed 487 of 985[31m (149 FAILED)[39m (skipped 1) (0 secs / 33.681 secs)
[1A[2KChrome Headless 140.0.0.0 (Mac OS 10.15.7): Executed 488 of 985[31m (149 FAILED)[39m (skipped 1) (0 secs / 36.188 secs)
[1A[2KChrome Headless 140.0.0.0 (Mac OS 10.15.7): Executed 489 of 985[31m (149 FAILED)[39m (skipped 1) (0 secs / 38.694 secs)
[1A[2KChrome Headless 140.0.0.0 (Mac OS 10.15.7): Executed 490 of 985[31m (149 FAILED)[39m (skipped 1) (0 secs / 41.202 secs)
[1A[2KChrome Headless 140.0.0.0 (Mac OS 10.15.7): Executed 491 of 985[31m (149 FAILED)[39m (skipped 1) (0 secs / 42.909 secs)
[1A[2KChrome Headless 140.0.0.0 (Mac OS 10.15.7): Executed 492 of 985[31m (149 FAILED)[39m (skipped 1) (0 secs / 43.412 secs)
[1A[2K[31mChrome Headless 140.0.0.0 (Mac OS 10.15.7) DataService Client Management should delete client FAILED[39m
	Uncaught Error: Client not found thrown
	Error: Timeout - Async function did not complete within 5000ms (set by jasmine.DEFAULT_TIMEOUT_INTERVAL)
	    at <Jasmine>
Chrome Headless 140.0.0.0 (Mac OS 10.15.7): Executed 493 of 985[31m (150 FAILED)[39m (skipped 1) (0 secs / 48.416 secs)
[1A[2KChrome Headless 140.0.0.0 (Mac OS 10.15.7): Executed 494 of 985[31m (150 FAILED)[39m (skipped 1) (0 secs / 49.221 secs)
[1A[2KChrome Headless 140.0.0.0 (Mac OS 10.15.7): Executed 495 of 985[31m (150 FAILED)[39m (skipped 1) (0 secs / 50.527 secs)
[1A[2KChrome Headless 140.0.0.0 (Mac OS 10.15.7): Executed 496 of 985[31m (150 FAILED)[39m (skipped 1) (0 secs / 51.53 secs)
[1A[2K[31mChrome Headless 140.0.0.0 (Mac OS 10.15.7) DataService Client Management should update existing client FAILED[39m
	Uncaught Error: Client not found thrown
	Error: Timeout - Async function did not complete within 5000ms (set by jasmine.DEFAULT_TIMEOUT_INTERVAL)
	    at <Jasmine>
Chrome Headless 140.0.0.0 (Mac OS 10.15.7): Executed 497 of 985[31m (151 FAILED)[39m (skipped 1) (0 secs / 56.535 secs)
[1A[2KChrome Headless 140.0.0.0 (Mac OS 10.15.7): Executed 498 of 985[31m (151 FAILED)[39m (skipped 1) (0 secs / 56.839 secs)
[1A[2KChrome Headless 140.0.0.0 (Mac OS 10.15.7): Executed 499 of 985[31m (151 FAILED)[39m (skipped 1) (0 secs / 58.342 secs)
[1A[2KChrome Headless 140.0.0.0 (Mac OS 10.15.7): Executed 500 of 985[31m (151 FAILED)[39m (skipped 1) (0 secs / 58.344 secs)
[1A[2K[31mChrome Headless 140.0.0.0 (Mac OS 10.15.7) DataService Service Initialization should initialize with demo data FAILED[39m
	Error: An asynchronous spec, beforeEach, or afterEach function called its 'done' callback more than once.
	(in spec: DataService Data Refresh should refresh data)
	    at <Jasmine>
	    at Object.next (src/app/services/data.service.spec.ts:405:15)
	    at ConsumerObserver.next (node_modules/rxjs/dist/esm/internal/Subscriber.js:91:33)
	    at SafeSubscriber._next (node_modules/rxjs/dist/esm/internal/Subscriber.js:60:26)
	    at SafeSubscriber.next (node_modules/rxjs/dist/esm/internal/Subscriber.js:31:18)
	    at cb (node_modules/rxjs/dist/esm/internal/Subject.js:34:30)
	    at errorContext (node_modules/rxjs/dist/esm/internal/util/errorContext.js:19:9)
	    at BehaviorSubject.next (node_modules/rxjs/dist/esm/internal/Subject.js:27:21)
Chrome Headless 140.0.0.0 (Mac OS 10.15.7): Executed 501 of 985[31m (152 FAILED)[39m (skipped 1) (0 secs / 59.846 secs)
[1A[2KChrome Headless 140.0.0.0 (Mac OS 10.15.7): Executed 502 of 985[31m (152 FAILED)[39m (skipped 1) (0 secs / 59.848 secs)
[1A[2KChrome Headless 140.0.0.0 (Mac OS 10.15.7): Executed 503 of 985[31m (152 FAILED)[39m (skipped 1) (0 secs / 1 min 0.852 secs)
[1A[2K[31mChrome Headless 140.0.0.0 (Mac OS 10.15.7) DataService Client Pagination and Filtering should get paginated clients FAILED[39m
	Error: An asynchronous spec, beforeEach, or afterEach function called its 'done' callback more than once.
	(in spec: DataService Error Handling should clear errors)
	    at <Jasmine>
	    at Object.next (src/app/services/data.service.spec.ts:391:9)
	    at ConsumerObserver.next (node_modules/rxjs/dist/esm/internal/Subscriber.js:91:33)
	    at SafeSubscriber._next (node_modules/rxjs/dist/esm/internal/Subscriber.js:60:26)
	    at SafeSubscriber.next (node_modules/rxjs/dist/esm/internal/Subscriber.js:31:18)
	    at cb (node_modules/rxjs/dist/esm/internal/Subject.js:34:30)
	    at errorContext (node_modules/rxjs/dist/esm/internal/util/errorContext.js:19:9)
	    at BehaviorSubject.next (node_modules/rxjs/dist/esm/internal/Subject.js:27:21)
Chrome Headless 140.0.0.0 (Mac OS 10.15.7): Executed 504 of 985[31m (153 FAILED)[39m (skipped 1) (0 secs / 1 min 2.857 secs)
[1A[2KChrome Headless 140.0.0.0 (Mac OS 10.15.7): Executed 505 of 985[31m (153 FAILED)[39m (skipped 1) (0 secs / 1 min 4.861 secs)
[1A[2KChrome Headless 140.0.0.0 (Mac OS 10.15.7): Executed 506 of 985[31m (153 FAILED)[39m (skipped 1) (0 secs / 1 min 6.866 secs)
[1A[2KChrome Headless 140.0.0.0 (Mac OS 10.15.7): Executed 507 of 985[31m (153 FAILED)[39m (skipped 1) (0 secs / 1 min 8.87 secs)
[1A[2KChrome Headless 140.0.0.0 (Mac OS 10.15.7): Executed 508 of 985[31m (153 FAILED)[39m (skipped 1) (0 secs / 1 min 9.874 secs)
[1A[2KChrome Headless 140.0.0.0 (Mac OS 10.15.7): Executed 509 of 985[31m (153 FAILED)[39m (skipped 1) (0 secs / 1 min 11.179 secs)
[1A[2KChrome Headless 140.0.0.0 (Mac OS 10.15.7): Executed 510 of 985[31m (153 FAILED)[39m (skipped 1) (0 secs / 1 min 13.184 secs)
[1A[2KChrome Headless 140.0.0.0 (Mac OS 10.15.7): Executed 511 of 985[31m (153 FAILED)[39m (skipped 1) (0 secs / 1 min 13.185 secs)
[1A[2KChrome Headless 140.0.0.0 (Mac OS 10.15.7): Executed 512 of 985[31m (153 FAILED)[39m (skipped 1) (0 secs / 1 min 13.186 secs)
[1A[2K[31mChrome Headless 140.0.0.0 (Mac OS 10.15.7) DataService Private Helper Methods should apply filters correctly FAILED[39m
	Expected 3 to be 2.
	    at <Jasmine>
	    at UserContext.apply (src/app/services/data.service.spec.ts:422:31)
	    at _ZoneDelegate.invoke (node_modules/zone.js/fesm2015/zone.js:369:28)
	    at ProxyZoneSpec.onInvoke (node_modules/zone.js/fesm2015/zone-testing.js:2081:39)
	    at _ZoneDelegate.invoke (node_modules/zone.js/fesm2015/zone.js:368:34)
	Expected false to be true.
	    at <Jasmine>
	    at UserContext.apply (src/app/services/data.service.spec.ts:423:64)
	    at _ZoneDelegate.invoke (node_modules/zone.js/fesm2015/zone.js:369:28)
	    at ProxyZoneSpec.onInvoke (node_modules/zone.js/fesm2015/zone-testing.js:2081:39)
	    at _ZoneDelegate.invoke (node_modules/zone.js/fesm2015/zone.js:368:34)
Chrome Headless 140.0.0.0 (Mac OS 10.15.7): Executed 513 of 985[31m (154 FAILED)[39m (skipped 1) (0 secs / 1 min 13.188 secs)
[1A[2KChrome Headless 140.0.0.0 (Mac OS 10.15.7): Executed 514 of 985[31m (154 FAILED)[39m (skipped 1) (0 secs / 1 min 13.189 secs)
[1A[2KChrome Headless 140.0.0.0 (Mac OS 10.15.7): Executed 515 of 985[31m (154 FAILED)[39m (skipped 1) (0 secs / 1 min 13.19 secs)
[1A[2KChrome Headless 140.0.0.0 (Mac OS 10.15.7): Executed 516 of 985[31m (154 FAILED)[39m (skipped 1) (0 secs / 1 min 15.096 secs)
[1A[2KChrome Headless 140.0.0.0 (Mac OS 10.15.7): Executed 517 of 985[31m (154 FAILED)[39m (skipped 1) (0 secs / 1 min 17.001 secs)
[1A[2KChrome Headless 140.0.0.0 (Mac OS 10.15.7): Executed 518 of 985[31m (154 FAILED)[39m (skipped 1) (0 secs / 1 min 17.007 secs)
[1A[2KChrome Headless 140.0.0.0 (Mac OS 10.15.7): Executed 519 of 985[31m (154 FAILED)[39m (skipped 1) (0 secs / 1 min 17.008 secs)
[1A[2KChrome Headless 140.0.0.0 (Mac OS 10.15.7): Executed 520 of 985[31m (154 FAILED)[39m (skipped 1) (0 secs / 1 min 17.009 secs)
[1A[2KChrome Headless 140.0.0.0 (Mac OS 10.15.7): Executed 521 of 985[31m (154 FAILED)[39m (skipped 1) (0 secs / 1 min 17.01 secs)
[1A[2KChrome Headless 140.0.0.0 (Mac OS 10.15.7): Executed 522 of 985[31m (154 FAILED)[39m (skipped 1) (0 secs / 1 min 17.011 secs)
[1A[2KChrome Headless 140.0.0.0 (Mac OS 10.15.7): Executed 523 of 985[31m (154 FAILED)[39m (skipped 1) (0 secs / 1 min 17.012 secs)
[1A[2KChrome Headless 140.0.0.0 (Mac OS 10.15.7): Executed 524 of 985[31m (154 FAILED)[39m (skipped 1) (0 secs / 1 min 17.013 secs)
[1A[2KChrome Headless 140.0.0.0 (Mac OS 10.15.7): Executed 525 of 985[31m (154 FAILED)[39m (skipped 1) (0 secs / 1 min 17.016 secs)
[1A[2KERROR: [36m'Conekta Payment Error:', HttpErrorResponse{headers: HttpHeaders{normalizedNames: Map{}, lazyUpdate: null, headers: Map{}}, status: 400, statusText: 'Bad Request', url: 'http://localhost:3000/api/payments/plans', ok: false, name: 'HttpErrorResponse', message: 'Http failure response for http://localhost:3000/api/payments/plans: 400 Bad Request', error: ErrorEvent{isTrusted: false}}[39m
Chrome Headless 140.0.0.0 (Mac OS 10.15.7): Executed 525 of 985[31m (154 FAILED)[39m (skipped 1) (0 secs / 1 min 17.016 secs)
ERROR: 'Conekta Payment Error:', HttpErrorResponse{headers: HttpHeaders{normalizedNames: Map{}, lazyUpdate: null, headers: Map{}}, status: 400, statusText: 'Bad Request', url: 'http://localhost:3000/api/payments/plans', ok: false, name: 'HttpErrorResponse', message: 'Http failure response for http://localhost:3000/api/payments/plans: 400 Bad Request', error: ErrorEvent{isTrusted: false}}
[1A[2KERROR: [36m'Conekta Payment Error:', Error: Payment processing failed
Error: Payment processing failed
    at errorFactory (http://localhost:9876/_karma_webpack_/webpack:/src/app/services/conekta-payment.service.ts:419:29)
    at Observable._subscribe (http://localhost:9876/_karma_webpack_/webpack:/node_modules/rxjs/dist/esm/internal/observable/throwError.js:5:51)
    at Observable._trySubscribe (http://localhost:9876/_karma_webpack_/webpack:/node_modules/rxjs/dist/esm/internal/Observable.js:37:25)
    at cb (http://localhost:9876/_karma_webpack_/webpack:/node_modules/rxjs/dist/esm/internal/Observable.js:31:30)
    at errorContext (http://localhost:9876/_karma_webpack_/webpack:/node_modules/rxjs/dist/esm/internal/util/errorContext.js:19:9)
    at Observable.subscribe (http://localhost:9876/_karma_webpack_/webpack:/node_modules/rxjs/dist/esm/internal/Observable.js:22:21)
    at onError (http://localhost:9876/_karma_webpack_/webpack:/node_modules/rxjs/dist/esm/internal/operators/catchError.js:14:31)
    at OperatorSubscriber._error (http://localhost:9876/_karma_webpack_/webpack:/node_modules/rxjs/dist/esm/internal/operators/OperatorSubscriber.js:23:21)
    at OperatorSubscriber.error (http://localhost:9876/_karma_webpack_/webpack:/node_modules/rxjs/dist/esm/internal/Subscriber.js:40:18)
    at OperatorSubscriber._error (http://localhost:9876/_karma_webpack_/webpack:/node_modules/rxjs/dist/esm/internal/Subscriber.js:64:30)[39m
Chrome Headless 140.0.0.0 (Mac OS 10.15.7): Executed 525 of 985[31m (154 FAILED)[39m (skipped 1) (0 secs / 1 min 17.016 secs)
ERROR: 'Conekta Payment Error:', Error: Payment processing failed
Error: Payment processing failed
    at errorFactory (http://localhost:9876/_karma_webpack_/webpack:/src/app/services/conekta-payment.service.ts:419:29)
    at Observable._subscribe (http://localhost:9876/_karma_webpack_/webpack:/node_modules/rxjs/dist/esm/internal/observable/throwError.js:5:51)
    at Observable._trySubscribe (http://localhost:9876/_karma_webpack_/webpack:/node_modules/rxjs/dist/esm/internal/Observable.js:37:25)
    at cb (http://localhost:9876/_karma_webpack_/webpack:/node_modules/rxjs/dist/esm/internal/Observable.js:31:30)
    at errorContext (http://localhost:9876/_karma_webpack_/webpack:/node_modules/rxjs/dist/esm/internal/util/errorContext.js:19:9)
    at Observable.subscribe (http://localhost:9876/_karma_webpack_/webpack:/node_modules/rxjs/dist/esm/internal/Observable.js:22:21)
    at onError (http://localhost:9876/_karma_webpack_/webpack:/node_modules/rxjs/dist/esm/internal/operators/catchError.js:14:31)
    at OperatorSubscriber._error (http://localhost:9876/_karma_webpack_/webpack:/node_modules/rxjs/dist/esm/internal/operators/OperatorSubscriber.js:23:21)
    at OperatorSubscriber.error (http://localhost:9876/_karma_webpack_/webpack:/node_modules/rxjs/dist/esm/internal/Subscriber.js:40:18)
    at OperatorSubscriber._error (http://localhost:9876/_karma_webpack_/webpack:/node_modules/rxjs/dist/esm/internal/Subscriber.js:64:30)
[1A[2KChrome Headless 140.0.0.0 (Mac OS 10.15.7): Executed 526 of 985[31m (154 FAILED)[39m (skipped 1) (0 secs / 1 min 17.02 secs)
[1A[2KChrome Headless 140.0.0.0 (Mac OS 10.15.7): Executed 527 of 985[31m (154 FAILED)[39m (skipped 1) (0 secs / 1 min 17.022 secs)
[1A[2KChrome Headless 140.0.0.0 (Mac OS 10.15.7): Executed 528 of 985[31m (154 FAILED)[39m (skipped 1) (0 secs / 1 min 17.023 secs)
[1A[2KChrome Headless 140.0.0.0 (Mac OS 10.15.7): Executed 529 of 985[31m (154 FAILED)[39m (skipped 1) (0 secs / 1 min 17.024 secs)
[1A[2KChrome Headless 140.0.0.0 (Mac OS 10.15.7): Executed 530 of 985[31m (154 FAILED)[39m (skipped 2) (0 secs / 1 min 17.024 secs)
[1A[2KChrome Headless 140.0.0.0 (Mac OS 10.15.7): Executed 531 of 985[31m (154 FAILED)[39m (skipped 2) (0 secs / 1 min 17.025 secs)
[1A[2KChrome Headless 140.0.0.0 (Mac OS 10.15.7): Executed 532 of 985[31m (154 FAILED)[39m (skipped 2) (0 secs / 1 min 17.027 secs)
[1A[2KChrome Headless 140.0.0.0 (Mac OS 10.15.7): Executed 533 of 985[31m (154 FAILED)[39m (skipped 2) (0 secs / 1 min 17.028 secs)
[1A[2KChrome Headless 140.0.0.0 (Mac OS 10.15.7): Executed 534 of 985[31m (154 FAILED)[39m (skipped 2) (0 secs / 1 min 17.029 secs)
[1A[2KChrome Headless 140.0.0.0 (Mac OS 10.15.7): Executed 535 of 985[31m (154 FAILED)[39m (skipped 2) (0 secs / 1 min 17.029 secs)
[1A[2KChrome Headless 140.0.0.0 (Mac OS 10.15.7): Executed 536 of 985[31m (154 FAILED)[39m (skipped 2) (0 secs / 1 min 17.132 secs)
[1A[2KERROR: [36m'Conekta Payment Error:', HttpErrorResponse{headers: HttpHeaders{normalizedNames: Map{}, lazyUpdate: null, headers: Map{}}, status: 500, statusText: 'Internal Server Error', url: 'http://localhost:3000/api/payments/orders', ok: false, name: 'HttpErrorResponse', message: 'Http failure response for http://localhost:3000/api/payments/orders: 500 Internal Server Error', error: 'Network error occurred'}[39m
Chrome Headless 140.0.0.0 (Mac OS 10.15.7): Executed 536 of 985[31m (154 FAILED)[39m (skipped 2) (0 secs / 1 min 17.132 secs)
ERROR: 'Conekta Payment Error:', HttpErrorResponse{headers: HttpHeaders{normalizedNames: Map{}, lazyUpdate: null, headers: Map{}}, status: 500, statusText: 'Internal Server Error', url: 'http://localhost:3000/api/payments/orders', ok: false, name: 'HttpErrorResponse', message: 'Http failure response for http://localhost:3000/api/payments/orders: 500 Internal Server Error', error: 'Network error occurred'}
[1A[2KChrome Headless 140.0.0.0 (Mac OS 10.15.7): Executed 537 of 985[31m (154 FAILED)[39m (skipped 2) (0 secs / 1 min 17.134 secs)
[1A[2KERROR: [36m'Conekta Payment Error:', HttpErrorResponse{headers: HttpHeaders{normalizedNames: Map{}, lazyUpdate: null, headers: Map{}}, status: 400, statusText: 'Bad Request', url: 'http://localhost:3000/api/payments/orders', ok: false, name: 'HttpErrorResponse', message: 'Http failure response for http://localhost:3000/api/payments/orders: 400 Bad Request', error: Object{message: 'Simple error message'}}[39m
Chrome Headless 140.0.0.0 (Mac OS 10.15.7): Executed 537 of 985[31m (154 FAILED)[39m (skipped 2) (0 secs / 1 min 17.134 secs)
ERROR: 'Conekta Payment Error:', HttpErrorResponse{headers: HttpHeaders{normalizedNames: Map{}, lazyUpdate: null, headers: Map{}}, status: 400, statusText: 'Bad Request', url: 'http://localhost:3000/api/payments/orders', ok: false, name: 'HttpErrorResponse', message: 'Http failure response for http://localhost:3000/api/payments/orders: 400 Bad Request', error: Object{message: 'Simple error message'}}
[1A[2KChrome Headless 140.0.0.0 (Mac OS 10.15.7): Executed 538 of 985[31m (154 FAILED)[39m (skipped 2) (0 secs / 1 min 17.136 secs)
[1A[2KChrome Headless 140.0.0.0 (Mac OS 10.15.7): Executed 539 of 985[31m (154 FAILED)[39m (skipped 2) (0 secs / 1 min 17.137 secs)
[1A[2KChrome Headless 140.0.0.0 (Mac OS 10.15.7): Executed 540 of 985[31m (154 FAILED)[39m (skipped 2) (0 secs / 1 min 17.138 secs)
[1A[2KChrome Headless 140.0.0.0 (Mac OS 10.15.7): Executed 541 of 985[31m (154 FAILED)[39m (skipped 2) (0 secs / 1 min 17.139 secs)
[1A[2KChrome Headless 140.0.0.0 (Mac OS 10.15.7): Executed 542 of 985[31m (154 FAILED)[39m (skipped 2) (0 secs / 1 min 17.14 secs)
[1A[2KChrome Headless 140.0.0.0 (Mac OS 10.15.7): Executed 543 of 985[31m (154 FAILED)[39m (skipped 2) (0 secs / 1 min 17.144 secs)
[1A[2KERROR: [36m'Conekta Payment Error:', HttpErrorResponse{headers: HttpHeaders{normalizedNames: Map{}, lazyUpdate: null, headers: Map{}}, status: 400, statusText: 'Bad Request', url: 'http://localhost:3000/api/payments/orders', ok: false, name: 'HttpErrorResponse', message: 'Http failure response for http://localhost:3000/api/payments/orders: 400 Bad Request', error: Object{details: [..., ...]}}[39m
Chrome Headless 140.0.0.0 (Mac OS 10.15.7): Executed 543 of 985[31m (154 FAILED)[39m (skipped 2) (0 secs / 1 min 17.144 secs)
ERROR: 'Conekta Payment Error:', HttpErrorResponse{headers: HttpHeaders{normalizedNames: Map{}, lazyUpdate: null, headers: Map{}}, status: 400, statusText: 'Bad Request', url: 'http://localhost:3000/api/payments/orders', ok: false, name: 'HttpErrorResponse', message: 'Http failure response for http://localhost:3000/api/payments/orders: 400 Bad Request', error: Object{details: [..., ...]}}
[1A[2KChrome Headless 140.0.0.0 (Mac OS 10.15.7): Executed 544 of 985[31m (154 FAILED)[39m (skipped 2) (0 secs / 1 min 17.146 secs)
[1A[2KChrome Headless 140.0.0.0 (Mac OS 10.15.7): Executed 545 of 985[31m (154 FAILED)[39m (skipped 2) (0 secs / 1 min 17.147 secs)
[1A[2KWARN: [36m'Spec 'DashboardComponent Accessibility Tests Form and Input Accessibility should have accessible form controls if any' has no expectations.'[39m
Chrome Headless 140.0.0.0 (Mac OS 10.15.7): Executed 545 of 985[31m (154 FAILED)[39m (skipped 2) (0 secs / 1 min 17.147 secs)
WARN: 'Spec 'DashboardComponent Accessibility Tests Form and Input Accessibility should have accessible form controls if any' has no expectations.'
[1A[2KChrome Headless 140.0.0.0 (Mac OS 10.15.7): Executed 546 of 985[31m (154 FAILED)[39m (skipped 2) (0 secs / 1 min 17.173 secs)
[1A[2KWARN: [36m'Spec 'DashboardComponent Accessibility Tests Form and Input Accessibility should handle form validation accessibly' has no expectations.'[39m
Chrome Headless 140.0.0.0 (Mac OS 10.15.7): Executed 546 of 985[31m (154 FAILED)[39m (skipped 2) (0 secs / 1 min 17.173 secs)
WARN: 'Spec 'DashboardComponent Accessibility Tests Form and Input Accessibility should handle form validation accessibly' has no expectations.'
[1A[2KChrome Headless 140.0.0.0 (Mac OS 10.15.7): Executed 547 of 985[31m (154 FAILED)[39m (skipped 2) (0 secs / 1 min 17.178 secs)
[1A[2KWARN: [36m'Spec 'DashboardComponent Accessibility Tests Visual and Interaction Accessibility should not rely solely on color to convey information' has no expectations.'[39m
Chrome Headless 140.0.0.0 (Mac OS 10.15.7): Executed 547 of 985[31m (154 FAILED)[39m (skipped 2) (0 secs / 1 min 17.178 secs)
WARN: 'Spec 'DashboardComponent Accessibility Tests Visual and Interaction Accessibility should not rely solely on color to convey information' has no expectations.'
[1A[2KChrome Headless 140.0.0.0 (Mac OS 10.15.7): Executed 548 of 985[31m (154 FAILED)[39m (skipped 2) (0 secs / 1 min 17.183 secs)
[1A[2KChrome Headless 140.0.0.0 (Mac OS 10.15.7): Executed 549 of 985[31m (154 FAILED)[39m (skipped 2) (0 secs / 1 min 17.301 secs)
[1A[2KChrome Headless 140.0.0.0 (Mac OS 10.15.7): Executed 550 of 985[31m (154 FAILED)[39m (skipped 2) (0 secs / 1 min 17.304 secs)
[1A[2KChrome Headless 140.0.0.0 (Mac OS 10.15.7): Executed 551 of 985[31m (154 FAILED)[39m (skipped 2) (0 secs / 1 min 17.309 secs)
[1A[2KChrome Headless 140.0.0.0 (Mac OS 10.15.7): Executed 552 of 985[31m (154 FAILED)[39m (skipped 2) (0 secs / 1 min 17.313 secs)
[1A[2KChrome Headless 140.0.0.0 (Mac OS 10.15.7): Executed 553 of 985[31m (154 FAILED)[39m (skipped 2) (0 secs / 1 min 17.32 secs)
[1A[2KChrome Headless 140.0.0.0 (Mac OS 10.15.7): Executed 554 of 985[31m (154 FAILED)[39m (skipped 2) (0 secs / 1 min 17.325 secs)
[1A[2KChrome Headless 140.0.0.0 (Mac OS 10.15.7): Executed 555 of 985[31m (154 FAILED)[39m (skipped 2) (0 secs / 1 min 17.33 secs)
[1A[2KWARN: [36m'Spec 'DashboardComponent Accessibility Tests Keyboard Navigation should handle keyboard interactions properly' has no expectations.'[39m
Chrome Headless 140.0.0.0 (Mac OS 10.15.7): Executed 555 of 985[31m (154 FAILED)[39m (skipped 2) (0 secs / 1 min 17.33 secs)
WARN: 'Spec 'DashboardComponent Accessibility Tests Keyboard Navigation should handle keyboard interactions properly' has no expectations.'
[1A[2KChrome Headless 140.0.0.0 (Mac OS 10.15.7): Executed 556 of 985[31m (154 FAILED)[39m (skipped 2) (0 secs / 1 min 17.334 secs)
[1A[2KChrome Headless 140.0.0.0 (Mac OS 10.15.7): Executed 557 of 985[31m (154 FAILED)[39m (skipped 2) (0 secs / 1 min 17.337 secs)
[1A[2KChrome Headless 140.0.0.0 (Mac OS 10.15.7): Executed 558 of 985[31m (154 FAILED)[39m (skipped 2) (0 secs / 1 min 17.34 secs)
[1A[2KChrome Headless 140.0.0.0 (Mac OS 10.15.7): Executed 559 of 985[31m (154 FAILED)[39m (skipped 2) (0 secs / 1 min 17.343 secs)
[1A[2KChrome Headless 140.0.0.0 (Mac OS 10.15.7): Executed 560 of 985[31m (154 FAILED)[39m (skipped 2) (0 secs / 1 min 17.347 secs)
[1A[2K[31mChrome Headless 140.0.0.0 (Mac OS 10.15.7) DashboardComponent Accessibility Tests DashboardComponent should be accessible FAILED[39m
	Error: Accessibility violations found: empty-heading: Ensure headings have discernible text; heading-order: Ensure the order of headings is semantically correct
	    at src/app/test-helpers/accessibility.helper.ts:65:11
	    at Generator.next (<anonymous>)
	    at asyncGeneratorStep (node_modules/@angular-devkit/build-angular/node_modules/@babel/runtime/helpers/esm/asyncToGenerator.js:3:1)
	    at apply (node_modules/@angular-devkit/build-angular/node_modules/@babel/runtime/helpers/esm/asyncToGenerator.js:17:1)
	    at _ZoneDelegate.invoke (node_modules/zone.js/fesm2015/zone.js:369:28)
	    at ProxyZoneSpec.onInvoke (node_modules/zone.js/fesm2015/zone-testing.js:2081:39)
	    at _ZoneDelegate.invoke (node_modules/zone.js/fesm2015/zone.js:368:34)
	    at ZoneImpl.run (node_modules/zone.js/fesm2015/zone.js:111:43)
	    at apply (node_modules/zone.js/fesm2015/zone.js:2538:40)
	    at _ZoneDelegate.invokeTask (node_modules/zone.js/fesm2015/zone.js:402:33)
Chrome Headless 140.0.0.0 (Mac OS 10.15.7): Executed 561 of 985[31m (155 FAILED)[39m (skipped 2) (0 secs / 1 min 17.424 secs)
[1A[2KChrome Headless 140.0.0.0 (Mac OS 10.15.7): Executed 562 of 985[31m (155 FAILED)[39m (skipped 2) (0 secs / 1 min 17.428 secs)
[1A[2K[31mChrome Headless 140.0.0.0 (Mac OS 10.15.7) DashboardComponent Accessibility Tests Navigation Accessibility should pass navigation accessibility tests FAILED[39m
	Error: unknown rule `aria-expanded` in options.rules
	    at forEach (node_modules/axe-core/axe.js:28435:23)
	    at Array.forEach (<anonymous>)
	    at Audit.normalizeOptions (node_modules/axe-core/axe.js:28433:40)
	    at Audit.run (node_modules/axe-core/axe.js:28293:16)
	    at call (node_modules/axe-core/axe.js:28669:15)
	    at pop (node_modules/axe-core/axe.js:8172:18)
	    at Object.defer (node_modules/axe-core/axe.js:8194:11)
	    at Object._runRules (node_modules/axe-core/axe.js:28668:9)
	    at Object.axeCore [as run] (node_modules/axe-core/axe.js:28919:11)
	    at src/app/test-helpers/accessibility.helper.ts:90:25
Chrome Headless 140.0.0.0 (Mac OS 10.15.7): Executed 563 of 985[31m (156 FAILED)[39m (skipped 2) (0 secs / 1 min 17.438 secs)
[1A[2K[31mChrome Headless 140.0.0.0 (Mac OS 10.15.7) DashboardComponent Accessibility Tests Navigation Accessibility should have proper ARIA attributes for interactive elements FAILED[39m
	Expected null to be truthy.
	    at <Jasmine>
	    at UserContext.apply (src/app/components/pages/dashboard/dashboard.component.a11y.spec.ts:153:55)
	    at _ZoneDelegate.invoke (node_modules/zone.js/fesm2015/zone.js:369:28)
	    at ProxyZoneSpec.onInvoke (node_modules/zone.js/fesm2015/zone-testing.js:2081:39)
	    at _ZoneDelegate.invoke (node_modules/zone.js/fesm2015/zone.js:368:34)
Chrome Headless 140.0.0.0 (Mac OS 10.15.7): Executed 564 of 985[31m (157 FAILED)[39m (skipped 2) (0 secs / 1 min 17.441 secs)
[1A[2K[31mChrome Headless 140.0.0.0 (Mac OS 10.15.7) DashboardComponent Accessibility Tests DashboardComponent should have no accessibility violations FAILED[39m
	Expected 2 to be 0.
	    at <Jasmine>
	    at src/app/test-helpers/accessibility.helper.ts:246:33
	    at Generator.next (<anonymous>)
	    at asyncGeneratorStep (node_modules/@angular-devkit/build-angular/node_modules/@babel/runtime/helpers/esm/asyncToGenerator.js:3:1)
	    at _next (node_modules/@angular-devkit/build-angular/node_modules/@babel/runtime/helpers/esm/asyncToGenerator.js:17:1)
Chrome Headless 140.0.0.0 (Mac OS 10.15.7): Executed 565 of 985[31m (158 FAILED)[39m (skipped 2) (0 secs / 1 min 17.469 secs)
[1A[2KChrome Headless 140.0.0.0 (Mac OS 10.15.7): Executed 566 of 985[31m (158 FAILED)[39m (skipped 2) (0 secs / 1 min 17.472 secs)
[1A[2K[31mChrome Headless 140.0.0.0 (Mac OS 10.15.7) DashboardComponent Accessibility Tests Basic Accessibility Compliance should have proper heading hierarchy FAILED[39m
	Expected 3 to be less than or equal 2.
	    at <Jasmine>
	    at forEach (src/app/components/pages/dashboard/dashboard.component.a11y.spec.ts:127:30)
	    at NodeList.forEach (<anonymous>)
	    at UserContext.apply (src/app/components/pages/dashboard/dashboard.component.a11y.spec.ts:125:16)
	    at _ZoneDelegate.invoke (node_modules/zone.js/fesm2015/zone.js:369:28)
Chrome Headless 140.0.0.0 (Mac OS 10.15.7): Executed 567 of 985[31m (159 FAILED)[39m (skipped 2) (0 secs / 1 min 17.475 secs)
[1A[2KChrome Headless 140.0.0.0 (Mac OS 10.15.7): Executed 568 of 985[31m (159 FAILED)[39m (skipped 2) (0 secs / 1 min 17.478 secs)
[1A[2K[31mChrome Headless 140.0.0.0 (Mac OS 10.15.7) DashboardComponent Accessibility Tests Basic Accessibility Compliance should pass automated accessibility tests FAILED[39m
	Error: Accessibility violations found: empty-heading: Ensure headings have discernible text; heading-order: Ensure the order of headings is semantically correct
	    at src/app/test-helpers/accessibility.helper.ts:65:11
	    at Generator.next (<anonymous>)
	    at asyncGeneratorStep (node_modules/@angular-devkit/build-angular/node_modules/@babel/runtime/helpers/esm/asyncToGenerator.js:3:1)
	    at apply (node_modules/@angular-devkit/build-angular/node_modules/@babel/runtime/helpers/esm/asyncToGenerator.js:17:1)
	    at _ZoneDelegate.invoke (node_modules/zone.js/fesm2015/zone.js:369:28)
	    at ProxyZoneSpec.onInvoke (node_modules/zone.js/fesm2015/zone-testing.js:2081:39)
	    at _ZoneDelegate.invoke (node_modules/zone.js/fesm2015/zone.js:368:34)
	    at ZoneImpl.run (node_modules/zone.js/fesm2015/zone.js:111:43)
	    at apply (node_modules/zone.js/fesm2015/zone.js:2538:40)
	    at _ZoneDelegate.invokeTask (node_modules/zone.js/fesm2015/zone.js:402:33)
Chrome Headless 140.0.0.0 (Mac OS 10.15.7): Executed 569 of 985[31m (160 FAILED)[39m (skipped 2) (0 secs / 1 min 17.504 secs)
[1A[2KWARN: [36m'Spec 'DashboardComponent Accessibility Tests DashboardComponent form controls should have labels' has no expectations.'[39m
Chrome Headless 140.0.0.0 (Mac OS 10.15.7): Executed 569 of 985[31m (160 FAILED)[39m (skipped 2) (0 secs / 1 min 17.504 secs)
WARN: 'Spec 'DashboardComponent Accessibility Tests DashboardComponent form controls should have labels' has no expectations.'
[1A[2KChrome Headless 140.0.0.0 (Mac OS 10.15.7): Executed 570 of 985[31m (160 FAILED)[39m (skipped 2) (0 secs / 1 min 17.508 secs)
[1A[2KChrome Headless 140.0.0.0 (Mac OS 10.15.7): Executed 571 of 985[31m (160 FAILED)[39m (skipped 2) (0 secs / 1 min 17.533 secs)
[1A[2KChrome Headless 140.0.0.0 (Mac OS 10.15.7): Executed 572 of 985[31m (160 FAILED)[39m (skipped 2) (0 secs / 1 min 17.537 secs)
[1A[2KERROR: [36m'Assignment error:', Error: Network error
Error: Network error
    at errorFactory (http://localhost:9876/_karma_webpack_/webpack:/src/app/components/shared/vehicle-assignment-form.component.spec.ts:171:24)
    at Observable._subscribe (http://localhost:9876/_karma_webpack_/webpack:/node_modules/rxjs/dist/esm/internal/observable/throwError.js:5:51)
    at Observable._trySubscribe (http://localhost:9876/_karma_webpack_/webpack:/node_modules/rxjs/dist/esm/internal/Observable.js:37:25)
    at cb (http://localhost:9876/_karma_webpack_/webpack:/node_modules/rxjs/dist/esm/internal/Observable.js:31:30)
    at errorContext (http://localhost:9876/_karma_webpack_/webpack:/node_modules/rxjs/dist/esm/internal/util/errorContext.js:19:9)
    at Observable.subscribe (http://localhost:9876/_karma_webpack_/webpack:/node_modules/rxjs/dist/esm/internal/Observable.js:22:21)
    at VehicleAssignmentFormComponent.onSubmit (http://localhost:9876/_karma_webpack_/webpack:/src/app/components/shared/vehicle-assignment-form.component.ts:615:8)
    at UserContext.apply (http://localhost:9876/_karma_webpack_/webpack:/src/app/components/shared/vehicle-assignment-form.component.spec.ts:177:15)
    at _ZoneDelegate.invoke (http://localhost:9876/_karma_webpack_/webpack:/node_modules/zone.js/fesm2015/zone.js:369:28)
    at ProxyZoneSpec.onInvoke (http://localhost:9876/_karma_webpack_/webpack:/node_modules/zone.js/fesm2015/zone-testing.js:2081:39)[39m
Chrome Headless 140.0.0.0 (Mac OS 10.15.7): Executed 572 of 985[31m (160 FAILED)[39m (skipped 2) (0 secs / 1 min 17.537 secs)
ERROR: 'Assignment error:', Error: Network error
Error: Network error
    at errorFactory (http://localhost:9876/_karma_webpack_/webpack:/src/app/components/shared/vehicle-assignment-form.component.spec.ts:171:24)
    at Observable._subscribe (http://localhost:9876/_karma_webpack_/webpack:/node_modules/rxjs/dist/esm/internal/observable/throwError.js:5:51)
    at Observable._trySubscribe (http://localhost:9876/_karma_webpack_/webpack:/node_modules/rxjs/dist/esm/internal/Observable.js:37:25)
    at cb (http://localhost:9876/_karma_webpack_/webpack:/node_modules/rxjs/dist/esm/internal/Observable.js:31:30)
    at errorContext (http://localhost:9876/_karma_webpack_/webpack:/node_modules/rxjs/dist/esm/internal/util/errorContext.js:19:9)
    at Observable.subscribe (http://localhost:9876/_karma_webpack_/webpack:/node_modules/rxjs/dist/esm/internal/Observable.js:22:21)
    at VehicleAssignmentFormComponent.onSubmit (http://localhost:9876/_karma_webpack_/webpack:/src/app/components/shared/vehicle-assignment-form.component.ts:615:8)
    at UserContext.apply (http://localhost:9876/_karma_webpack_/webpack:/src/app/components/shared/vehicle-assignment-form.component.spec.ts:177:15)
    at _ZoneDelegate.invoke (http://localhost:9876/_karma_webpack_/webpack:/node_modules/zone.js/fesm2015/zone.js:369:28)
    at ProxyZoneSpec.onInvoke (http://localhost:9876/_karma_webpack_/webpack:/node_modules/zone.js/fesm2015/zone-testing.js:2081:39)
[1A[2KChrome Headless 140.0.0.0 (Mac OS 10.15.7): Executed 573 of 985[31m (160 FAILED)[39m (skipped 2) (0 secs / 1 min 17.543 secs)
[1A[2KChrome Headless 140.0.0.0 (Mac OS 10.15.7): Executed 574 of 985[31m (160 FAILED)[39m (skipped 2) (0 secs / 1 min 17.546 secs)
[1A[2KChrome Headless 140.0.0.0 (Mac OS 10.15.7): Executed 575 of 985[31m (160 FAILED)[39m (skipped 2) (0 secs / 1 min 17.549 secs)
[1A[2KChrome Headless 140.0.0.0 (Mac OS 10.15.7): Executed 576 of 985[31m (160 FAILED)[39m (skipped 2) (0 secs / 1 min 17.552 secs)
[1A[2KChrome Headless 140.0.0.0 (Mac OS 10.15.7): Executed 577 of 985[31m (160 FAILED)[39m (skipped 2) (0 secs / 1 min 17.554 secs)
[1A[2KChrome Headless 140.0.0.0 (Mac OS 10.15.7): Executed 578 of 985[31m (160 FAILED)[39m (skipped 2) (0 secs / 1 min 17.556 secs)
[1A[2KChrome Headless 140.0.0.0 (Mac OS 10.15.7): Executed 579 of 985[31m (160 FAILED)[39m (skipped 2) (0 secs / 1 min 17.558 secs)
[1A[2K[31mChrome Headless 140.0.0.0 (Mac OS 10.15.7) VehicleAssignmentFormComponent should handle assignment errors FAILED[39m
	Expected spy alert to have been called with:
	  [ 'Error: VIN already assigned' ]
	but it was never called.
	    at <Jasmine>
	    at UserContext.apply (src/app/components/shared/vehicle-assignment-form.component.spec.ts:146:26)
	    at _ZoneDelegate.invoke (node_modules/zone.js/fesm2015/zone.js:369:28)
	    at ProxyZoneSpec.onInvoke (node_modules/zone.js/fesm2015/zone-testing.js:2081:39)
	    at _ZoneDelegate.invoke (node_modules/zone.js/fesm2015/zone.js:368:34)
Chrome Headless 140.0.0.0 (Mac OS 10.15.7): Executed 580 of 985[31m (161 FAILED)[39m (skipped 2) (0 secs / 1 min 17.561 secs)
[1A[2KChrome Headless 140.0.0.0 (Mac OS 10.15.7): Executed 581 of 985[31m (161 FAILED)[39m (skipped 2) (0 secs / 1 min 17.562 secs)
[1A[2KChrome Headless 140.0.0.0 (Mac OS 10.15.7): Executed 582 of 985[31m (161 FAILED)[39m (skipped 2) (0 secs / 1 min 17.563 secs)
[1A[2KChrome Headless 140.0.0.0 (Mac OS 10.15.7): Executed 583 of 985[31m (161 FAILED)[39m (skipped 2) (0 secs / 1 min 17.564 secs)
[1A[2KChrome Headless 140.0.0.0 (Mac OS 10.15.7): Executed 584 of 985[31m (161 FAILED)[39m (skipped 2) (0 secs / 1 min 17.564 secs)
[1A[2KChrome Headless 140.0.0.0 (Mac OS 10.15.7): Executed 585 of 985[31m (161 FAILED)[39m (skipped 2) (0 secs / 1 min 17.564 secs)
[1A[2KChrome Headless 140.0.0.0 (Mac OS 10.15.7): Executed 586 of 985[31m (161 FAILED)[39m (skipped 2) (0 secs / 1 min 17.565 secs)
[1A[2KChrome Headless 140.0.0.0 (Mac OS 10.15.7): Executed 587 of 985[31m (161 FAILED)[39m (skipped 2) (0 secs / 1 min 17.565 secs)
[1A[2KChrome Headless 140.0.0.0 (Mac OS 10.15.7): Executed 588 of 985[31m (161 FAILED)[39m (skipped 2) (0 secs / 1 min 17.566 secs)
[1A[2KChrome Headless 140.0.0.0 (Mac OS 10.15.7): Executed 589 of 985[31m (161 FAILED)[39m (skipped 2) (0 secs / 1 min 17.566 secs)
[1A[2KChrome Headless 140.0.0.0 (Mac OS 10.15.7): Executed 590 of 985[31m (161 FAILED)[39m (skipped 2) (0 secs / 1 min 17.566 secs)
[1A[2KChrome Headless 140.0.0.0 (Mac OS 10.15.7): Executed 591 of 985[31m (161 FAILED)[39m (skipped 2) (0 secs / 1 min 17.567 secs)
[1A[2KChrome Headless 140.0.0.0 (Mac OS 10.15.7): Executed 592 of 985[31m (161 FAILED)[39m (skipped 2) (0 secs / 1 min 17.568 secs)
[1A[2KChrome Headless 140.0.0.0 (Mac OS 10.15.7): Executed 593 of 985[31m (161 FAILED)[39m (skipped 2) (0 secs / 1 min 17.568 secs)
[1A[2KChrome Headless 140.0.0.0 (Mac OS 10.15.7): Executed 594 of 985[31m (161 FAILED)[39m (skipped 2) (0 secs / 1 min 17.568 secs)
[1A[2KChrome Headless 140.0.0.0 (Mac OS 10.15.7): Executed 595 of 985[31m (161 FAILED)[39m (skipped 2) (0 secs / 1 min 17.568 secs)
[1A[2KChrome Headless 140.0.0.0 (Mac OS 10.15.7): Executed 596 of 985[31m (161 FAILED)[39m (skipped 2) (0 secs / 1 min 17.571 secs)
[1A[2KChrome Headless 140.0.0.0 (Mac OS 10.15.7): Executed 597 of 985[31m (161 FAILED)[39m (skipped 2) (0 secs / 1 min 17.572 secs)
[1A[2KChrome Headless 140.0.0.0 (Mac OS 10.15.7): Executed 598 of 985[31m (161 FAILED)[39m (skipped 2) (0 secs / 1 min 17.572 secs)
[1A[2KChrome Headless 140.0.0.0 (Mac OS 10.15.7): Executed 599 of 985[31m (161 FAILED)[39m (skipped 2) (0 secs / 1 min 17.572 secs)
[1A[2KChrome Headless 140.0.0.0 (Mac OS 10.15.7): Executed 600 of 985[31m (161 FAILED)[39m (skipped 2) (0 secs / 1 min 17.572 secs)
[1A[2KChrome Headless 140.0.0.0 (Mac OS 10.15.7): Executed 601 of 985[31m (161 FAILED)[39m (skipped 2) (0 secs / 1 min 17.573 secs)
[1A[2KChrome Headless 140.0.0.0 (Mac OS 10.15.7): Executed 602 of 985[31m (161 FAILED)[39m (skipped 2) (0 secs / 1 min 17.573 secs)
[1A[2KChrome Headless 140.0.0.0 (Mac OS 10.15.7): Executed 603 of 985[31m (161 FAILED)[39m (skipped 2) (0 secs / 1 min 17.573 secs)
[1A[2KChrome Headless 140.0.0.0 (Mac OS 10.15.7): Executed 604 of 985[31m (161 FAILED)[39m (skipped 2) (0 secs / 1 min 17.574 secs)
[1A[2KChrome Headless 140.0.0.0 (Mac OS 10.15.7): Executed 605 of 985[31m (161 FAILED)[39m (skipped 2) (0 secs / 1 min 17.574 secs)
[1A[2KChrome Headless 140.0.0.0 (Mac OS 10.15.7): Executed 606 of 985[31m (161 FAILED)[39m (skipped 2) (0 secs / 1 min 17.574 secs)
[1A[2KChrome Headless 140.0.0.0 (Mac OS 10.15.7): Executed 607 of 985[31m (161 FAILED)[39m (skipped 2) (0 secs / 1 min 17.575 secs)
[1A[2KChrome Headless 140.0.0.0 (Mac OS 10.15.7): Executed 608 of 985[31m (161 FAILED)[39m (skipped 2) (0 secs / 1 min 17.575 secs)
[1A[2KChrome Headless 140.0.0.0 (Mac OS 10.15.7): Executed 609 of 985[31m (161 FAILED)[39m (skipped 2) (0 secs / 1 min 17.575 secs)
[1A[2KChrome Headless 140.0.0.0 (Mac OS 10.15.7): Executed 610 of 985[31m (161 FAILED)[39m (skipped 2) (0 secs / 1 min 17.576 secs)
[1A[2KChrome Headless 140.0.0.0 (Mac OS 10.15.7): Executed 611 of 985[31m (161 FAILED)[39m (skipped 2) (0 secs / 1 min 17.576 secs)
[1A[2KChrome Headless 140.0.0.0 (Mac OS 10.15.7): Executed 612 of 985[31m (161 FAILED)[39m (skipped 2) (0 secs / 1 min 17.577 secs)
[1A[2KChrome Headless 140.0.0.0 (Mac OS 10.15.7): Executed 613 of 985[31m (161 FAILED)[39m (skipped 2) (0 secs / 1 min 17.577 secs)
[1A[2KChrome Headless 140.0.0.0 (Mac OS 10.15.7): Executed 614 of 985[31m (161 FAILED)[39m (skipped 2) (0 secs / 1 min 17.578 secs)
[1A[2KChrome Headless 140.0.0.0 (Mac OS 10.15.7): Executed 615 of 985[31m (161 FAILED)[39m (skipped 2) (0 secs / 1 min 17.578 secs)
[1A[2KChrome Headless 140.0.0.0 (Mac OS 10.15.7): Executed 616 of 985[31m (161 FAILED)[39m (skipped 2) (0 secs / 1 min 17.579 secs)
[1A[2KChrome Headless 140.0.0.0 (Mac OS 10.15.7): Executed 617 of 985[31m (161 FAILED)[39m (skipped 2) (0 secs / 1 min 17.579 secs)
[1A[2KChrome Headless 140.0.0.0 (Mac OS 10.15.7): Executed 618 of 985[31m (161 FAILED)[39m (skipped 2) (0 secs / 1 min 17.579 secs)
[1A[2KChrome Headless 140.0.0.0 (Mac OS 10.15.7): Executed 619 of 985[31m (161 FAILED)[39m (skipped 2) (0 secs / 1 min 17.579 secs)
[1A[2KChrome Headless 140.0.0.0 (Mac OS 10.15.7): Executed 620 of 985[31m (161 FAILED)[39m (skipped 2) (0 secs / 1 min 17.579 secs)
[1A[2KChrome Headless 140.0.0.0 (Mac OS 10.15.7): Executed 621 of 985[31m (161 FAILED)[39m (skipped 2) (0 secs / 1 min 17.782 secs)
[1A[2KChrome Headless 140.0.0.0 (Mac OS 10.15.7): Executed 622 of 985[31m (161 FAILED)[39m (skipped 2) (0 secs / 1 min 17.783 secs)
[1A[2KChrome Headless 140.0.0.0 (Mac OS 10.15.7): Executed 623 of 985[31m (161 FAILED)[39m (skipped 2) (0 secs / 1 min 17.784 secs)
[1A[2KChrome Headless 140.0.0.0 (Mac OS 10.15.7): Executed 624 of 985[31m (161 FAILED)[39m (skipped 2) (0 secs / 1 min 17.785 secs)
[1A[2KChrome Headless 140.0.0.0 (Mac OS 10.15.7): Executed 625 of 985[31m (161 FAILED)[39m (skipped 2) (0 secs / 1 min 17.787 secs)
[1A[2KChrome Headless 140.0.0.0 (Mac OS 10.15.7): Executed 626 of 985[31m (161 FAILED)[39m (skipped 2) (0 secs / 1 min 17.788 secs)
[1A[2KChrome Headless 140.0.0.0 (Mac OS 10.15.7): Executed 627 of 985[31m (161 FAILED)[39m (skipped 2) (0 secs / 1 min 17.789 secs)
[1A[2KChrome Headless 140.0.0.0 (Mac OS 10.15.7): Executed 628 of 985[31m (161 FAILED)[39m (skipped 2) (0 secs / 1 min 17.79 secs)
[1A[2KChrome Headless 140.0.0.0 (Mac OS 10.15.7): Executed 629 of 985[31m (161 FAILED)[39m (skipped 2) (0 secs / 1 min 17.791 secs)
[1A[2KChrome Headless 140.0.0.0 (Mac OS 10.15.7): Executed 630 of 985[31m (161 FAILED)[39m (skipped 2) (0 secs / 1 min 17.792 secs)
[1A[2KChrome Headless 140.0.0.0 (Mac OS 10.15.7): Executed 631 of 985[31m (161 FAILED)[39m (skipped 2) (0 secs / 1 min 17.793 secs)
[1A[2KChrome Headless 140.0.0.0 (Mac OS 10.15.7): Executed 632 of 985[31m (161 FAILED)[39m (skipped 2) (0 secs / 1 min 17.793 secs)
[1A[2KChrome Headless 140.0.0.0 (Mac OS 10.15.7): Executed 633 of 985[31m (161 FAILED)[39m (skipped 2) (0 secs / 1 min 17.793 secs)
[1A[2KChrome Headless 140.0.0.0 (Mac OS 10.15.7): Executed 634 of 985[31m (161 FAILED)[39m (skipped 2) (0 secs / 1 min 17.793 secs)
[1A[2KChrome Headless 140.0.0.0 (Mac OS 10.15.7): Executed 635 of 985[31m (161 FAILED)[39m (skipped 2) (0 secs / 1 min 17.794 secs)
[1A[2KChrome Headless 140.0.0.0 (Mac OS 10.15.7): Executed 636 of 985[31m (161 FAILED)[39m (skipped 2) (0 secs / 1 min 17.794 secs)
[1A[2KChrome Headless 140.0.0.0 (Mac OS 10.15.7): Executed 637 of 985[31m (161 FAILED)[39m (skipped 2) (0 secs / 1 min 17.794 secs)
[1A[2KChrome Headless 140.0.0.0 (Mac OS 10.15.7): Executed 638 of 985[31m (161 FAILED)[39m (skipped 2) (0 secs / 1 min 17.794 secs)
[1A[2KChrome Headless 140.0.0.0 (Mac OS 10.15.7): Executed 639 of 985[31m (161 FAILED)[39m (skipped 2) (0 secs / 1 min 17.795 secs)
[1A[2KChrome Headless 140.0.0.0 (Mac OS 10.15.7): Executed 640 of 985[31m (161 FAILED)[39m (skipped 2) (0 secs / 1 min 17.796 secs)
[1A[2KChrome Headless 140.0.0.0 (Mac OS 10.15.7): Executed 641 of 985[31m (161 FAILED)[39m (skipped 2) (0 secs / 1 min 17.797 secs)
[1A[2KChrome Headless 140.0.0.0 (Mac OS 10.15.7): Executed 642 of 985[31m (161 FAILED)[39m (skipped 2) (0 secs / 1 min 17.797 secs)
[1A[2KChrome Headless 140.0.0.0 (Mac OS 10.15.7): Executed 643 of 985[31m (161 FAILED)[39m (skipped 2) (0 secs / 1 min 17.797 secs)
[1A[2KChrome Headless 140.0.0.0 (Mac OS 10.15.7): Executed 644 of 985[31m (161 FAILED)[39m (skipped 2) (0 secs / 1 min 17.798 secs)
[1A[2KChrome Headless 140.0.0.0 (Mac OS 10.15.7): Executed 645 of 985[31m (161 FAILED)[39m (skipped 2) (0 secs / 1 min 18.001 secs)
[1A[2KChrome Headless 140.0.0.0 (Mac OS 10.15.7): Executed 646 of 985[31m (161 FAILED)[39m (skipped 2) (0 secs / 1 min 18.204 secs)
[1A[2KChrome Headless 140.0.0.0 (Mac OS 10.15.7): Executed 647 of 985[31m (161 FAILED)[39m (skipped 2) (0 secs / 1 min 18.206 secs)
[1A[2KChrome Headless 140.0.0.0 (Mac OS 10.15.7): Executed 648 of 985[31m (161 FAILED)[39m (skipped 2) (0 secs / 1 min 18.207 secs)
[1A[2KChrome Headless 140.0.0.0 (Mac OS 10.15.7): Executed 649 of 985[31m (161 FAILED)[39m (skipped 2) (0 secs / 1 min 18.208 secs)
[1A[2KChrome Headless 140.0.0.0 (Mac OS 10.15.7): Executed 650 of 985[31m (161 FAILED)[39m (skipped 2) (0 secs / 1 min 18.209 secs)
[1A[2KChrome Headless 140.0.0.0 (Mac OS 10.15.7): Executed 651 of 985[31m (161 FAILED)[39m (skipped 2) (0 secs / 1 min 18.21 secs)
[1A[2KChrome Headless 140.0.0.0 (Mac OS 10.15.7): Executed 652 of 985[31m (161 FAILED)[39m (skipped 2) (0 secs / 1 min 18.211 secs)
[1A[2KChrome Headless 140.0.0.0 (Mac OS 10.15.7): Executed 653 of 985[31m (161 FAILED)[39m (skipped 2) (0 secs / 1 min 18.212 secs)
[1A[2KChrome Headless 140.0.0.0 (Mac OS 10.15.7): Executed 654 of 985[31m (161 FAILED)[39m (skipped 2) (0 secs / 1 min 18.213 secs)
[1A[2KChrome Headless 140.0.0.0 (Mac OS 10.15.7): Executed 655 of 985[31m (161 FAILED)[39m (skipped 2) (0 secs / 1 min 18.214 secs)
[1A[2KChrome Headless 140.0.0.0 (Mac OS 10.15.7): Executed 656 of 985[31m (161 FAILED)[39m (skipped 2) (0 secs / 1 min 18.215 secs)
[1A[2KChrome Headless 140.0.0.0 (Mac OS 10.15.7): Executed 657 of 985[31m (161 FAILED)[39m (skipped 2) (0 secs / 1 min 18.418 secs)
[1A[2KChrome Headless 140.0.0.0 (Mac OS 10.15.7): Executed 658 of 985[31m (161 FAILED)[39m (skipped 2) (0 secs / 1 min 18.42 secs)
[1A[2KChrome Headless 140.0.0.0 (Mac OS 10.15.7): Executed 659 of 985[31m (161 FAILED)[39m (skipped 2) (0 secs / 1 min 18.623 secs)
[1A[2KChrome Headless 140.0.0.0 (Mac OS 10.15.7): Executed 660 of 985[31m (161 FAILED)[39m (skipped 2) (0 secs / 1 min 18.624 secs)
[1A[2KChrome Headless 140.0.0.0 (Mac OS 10.15.7): Executed 661 of 985[31m (161 FAILED)[39m (skipped 2) (0 secs / 1 min 18.626 secs)
[1A[2KChrome Headless 140.0.0.0 (Mac OS 10.15.7): Executed 662 of 985[31m (161 FAILED)[39m (skipped 2) (0 secs / 1 min 18.627 secs)
[1A[2KChrome Headless 140.0.0.0 (Mac OS 10.15.7): Executed 663 of 985[31m (161 FAILED)[39m (skipped 2) (0 secs / 1 min 18.628 secs)
[1A[2KChrome Headless 140.0.0.0 (Mac OS 10.15.7): Executed 664 of 985[31m (161 FAILED)[39m (skipped 2) (0 secs / 1 min 18.63 secs)
[1A[2KChrome Headless 140.0.0.0 (Mac OS 10.15.7): Executed 665 of 985[31m (161 FAILED)[39m (skipped 2) (0 secs / 1 min 18.631 secs)
[1A[2KChrome Headless 140.0.0.0 (Mac OS 10.15.7): Executed 666 of 985[31m (161 FAILED)[39m (skipped 2) (0 secs / 1 min 18.632 secs)
[1A[2KChrome Headless 140.0.0.0 (Mac OS 10.15.7): Executed 667 of 985[31m (161 FAILED)[39m (skipped 2) (0 secs / 1 min 18.633 secs)
[1A[2KChrome Headless 140.0.0.0 (Mac OS 10.15.7): Executed 668 of 985[31m (161 FAILED)[39m (skipped 2) (0 secs / 1 min 18.634 secs)
[1A[2KChrome Headless 140.0.0.0 (Mac OS 10.15.7): Executed 669 of 985[31m (161 FAILED)[39m (skipped 2) (0 secs / 1 min 18.635 secs)
[1A[2KChrome Headless 140.0.0.0 (Mac OS 10.15.7): Executed 670 of 985[31m (161 FAILED)[39m (skipped 2) (0 secs / 1 min 18.636 secs)
[1A[2KChrome Headless 140.0.0.0 (Mac OS 10.15.7): Executed 671 of 985[31m (161 FAILED)[39m (skipped 2) (0 secs / 1 min 18.637 secs)
[1A[2KChrome Headless 140.0.0.0 (Mac OS 10.15.7): Executed 672 of 985[31m (161 FAILED)[39m (skipped 2) (0 secs / 1 min 18.638 secs)
[1A[2KChrome Headless 140.0.0.0 (Mac OS 10.15.7): Executed 673 of 985[31m (161 FAILED)[39m (skipped 2) (0 secs / 1 min 18.639 secs)
[1A[2KChrome Headless 140.0.0.0 (Mac OS 10.15.7): Executed 674 of 985[31m (161 FAILED)[39m (skipped 2) (0 secs / 1 min 18.64 secs)
[1A[2KChrome Headless 140.0.0.0 (Mac OS 10.15.7): Executed 675 of 985[31m (161 FAILED)[39m (skipped 2) (0 secs / 1 min 18.641 secs)
[1A[2KChrome Headless 140.0.0.0 (Mac OS 10.15.7): Executed 676 of 985[31m (161 FAILED)[39m (skipped 2) (0 secs / 1 min 18.642 secs)
[1A[2KChrome Headless 140.0.0.0 (Mac OS 10.15.7): Executed 677 of 985[31m (161 FAILED)[39m (skipped 2) (0 secs / 1 min 18.856 secs)
[1A[2KChrome Headless 140.0.0.0 (Mac OS 10.15.7): Executed 678 of 985[31m (161 FAILED)[39m (skipped 2) (0 secs / 1 min 18.858 secs)
[1A[2KChrome Headless 140.0.0.0 (Mac OS 10.15.7): Executed 679 of 985[31m (161 FAILED)[39m (skipped 2) (0 secs / 1 min 18.859 secs)
[1A[2KChrome Headless 140.0.0.0 (Mac OS 10.15.7): Executed 680 of 985[31m (161 FAILED)[39m (skipped 2) (0 secs / 1 min 18.86 secs)
[1A[2KChrome Headless 140.0.0.0 (Mac OS 10.15.7): Executed 681 of 985[31m (161 FAILED)[39m (skipped 2) (0 secs / 1 min 18.861 secs)
[1A[2KChrome Headless 140.0.0.0 (Mac OS 10.15.7): Executed 682 of 985[31m (161 FAILED)[39m (skipped 2) (0 secs / 1 min 18.862 secs)
[1A[2KChrome Headless 140.0.0.0 (Mac OS 10.15.7): Executed 683 of 985[31m (161 FAILED)[39m (skipped 2) (0 secs / 1 min 18.862 secs)
[1A[2KChrome Headless 140.0.0.0 (Mac OS 10.15.7): Executed 684 of 985[31m (161 FAILED)[39m (skipped 2) (0 secs / 1 min 18.862 secs)
[1A[2KChrome Headless 140.0.0.0 (Mac OS 10.15.7): Executed 685 of 985[31m (161 FAILED)[39m (skipped 2) (0 secs / 1 min 18.862 secs)
[1A[2KChrome Headless 140.0.0.0 (Mac OS 10.15.7): Executed 686 of 985[31m (161 FAILED)[39m (skipped 2) (0 secs / 1 min 18.862 secs)
[1A[2KChrome Headless 140.0.0.0 (Mac OS 10.15.7): Executed 687 of 985[31m (161 FAILED)[39m (skipped 2) (0 secs / 1 min 18.862 secs)
[1A[2K[31mChrome Headless 140.0.0.0 (Mac OS 10.15.7) CreditScoringService Scoring Retry Functionality should retry scoring with updated information FAILED[39m
	ReferenceError: process is not defined
	    at new CreditScoringService (src/app/services/credit-scoring.service.ts:62:13)
	    at Object.factory (ng:///CreditScoringService/ɵfac.js:4:10)
	    at callback (node_modules/@angular/core/fesm2022/core.mjs:3219:47)
	    at runInInjectorProfilerContext (node_modules/@angular/core/fesm2022/core.mjs:866:9)
	    at R3Injector.hydrate (node_modules/@angular/core/fesm2022/core.mjs:3218:21)
	    at R3Injector.get (node_modules/@angular/core/fesm2022/core.mjs:3082:33)
	    at TestBedImpl.inject (node_modules/@angular/core/fesm2022/testing.mjs:1914:52)
	    at TestBedImpl.inject (node_modules/@angular/core/fesm2022/testing.mjs:1768:37)
	    at UserContext.apply (src/app/services/credit-scoring.service.spec.ts:58:23)
	    at _ZoneDelegate.invoke (node_modules/zone.js/fesm2015/zone.js:369:28)
Chrome Headless 140.0.0.0 (Mac OS 10.15.7): Executed 688 of 985[31m (162 FAILED)[39m (skipped 2) (0 secs / 1 min 18.871 secs)
[1A[2K[31mChrome Headless 140.0.0.0 (Mac OS 10.15.7) CreditScoringService Scoring Retry Functionality should fail retry for non-existent original scoring FAILED[39m
	ReferenceError: process is not defined
	    at new CreditScoringService (src/app/services/credit-scoring.service.ts:62:13)
	    at Object.factory (ng:///CreditScoringService/ɵfac.js:4:10)
	    at callback (node_modules/@angular/core/fesm2022/core.mjs:3219:47)
	    at runInInjectorProfilerContext (node_modules/@angular/core/fesm2022/core.mjs:866:9)
	    at R3Injector.hydrate (node_modules/@angular/core/fesm2022/core.mjs:3218:21)
	    at R3Injector.get (node_modules/@angular/core/fesm2022/core.mjs:3082:33)
	    at TestBedImpl.inject (node_modules/@angular/core/fesm2022/testing.mjs:1914:52)
	    at TestBedImpl.inject (node_modules/@angular/core/fesm2022/testing.mjs:1768:37)
	    at UserContext.apply (src/app/services/credit-scoring.service.spec.ts:58:23)
	    at _ZoneDelegate.invoke (node_modules/zone.js/fesm2015/zone.js:369:28)
Chrome Headless 140.0.0.0 (Mac OS 10.15.7): Executed 689 of 985[31m (163 FAILED)[39m (skipped 2) (0 secs / 1 min 18.872 secs)
[1A[2K[31mChrome Headless 140.0.0.0 (Mac OS 10.15.7) CreditScoringService Client Scoring History should get client scoring history FAILED[39m
	ReferenceError: process is not defined
	    at new CreditScoringService (src/app/services/credit-scoring.service.ts:62:13)
	    at Object.factory (ng:///CreditScoringService/ɵfac.js:4:10)
	    at callback (node_modules/@angular/core/fesm2022/core.mjs:3219:47)
	    at runInInjectorProfilerContext (node_modules/@angular/core/fesm2022/core.mjs:866:9)
	    at R3Injector.hydrate (node_modules/@angular/core/fesm2022/core.mjs:3218:21)
	    at R3Injector.get (node_modules/@angular/core/fesm2022/core.mjs:3082:33)
	    at TestBedImpl.inject (node_modules/@angular/core/fesm2022/testing.mjs:1914:52)
	    at TestBedImpl.inject (node_modules/@angular/core/fesm2022/testing.mjs:1768:37)
	    at UserContext.apply (src/app/services/credit-scoring.service.spec.ts:58:23)
	    at _ZoneDelegate.invoke (node_modules/zone.js/fesm2015/zone.js:369:28)
Chrome Headless 140.0.0.0 (Mac OS 10.15.7): Executed 690 of 985[31m (164 FAILED)[39m (skipped 2) (0 secs / 1 min 18.873 secs)
[1A[2K[31mChrome Headless 140.0.0.0 (Mac OS 10.15.7) CreditScoringService Client Scoring History should return empty array for client with no scorings FAILED[39m
	ReferenceError: process is not defined
	    at new CreditScoringService (src/app/services/credit-scoring.service.ts:62:13)
	    at Object.factory (ng:///CreditScoringService/ɵfac.js:4:10)
	    at callback (node_modules/@angular/core/fesm2022/core.mjs:3219:47)
	    at runInInjectorProfilerContext (node_modules/@angular/core/fesm2022/core.mjs:866:9)
	    at R3Injector.hydrate (node_modules/@angular/core/fesm2022/core.mjs:3218:21)
	    at R3Injector.get (node_modules/@angular/core/fesm2022/core.mjs:3082:33)
	    at TestBedImpl.inject (node_modules/@angular/core/fesm2022/testing.mjs:1914:52)
	    at TestBedImpl.inject (node_modules/@angular/core/fesm2022/testing.mjs:1768:37)
	    at UserContext.apply (src/app/services/credit-scoring.service.spec.ts:58:23)
	    at _ZoneDelegate.invoke (node_modules/zone.js/fesm2015/zone.js:369:28)
Chrome Headless 140.0.0.0 (Mac OS 10.15.7): Executed 691 of 985[31m (165 FAILED)[39m (skipped 2) (0 secs / 1 min 18.874 secs)
[1A[2K[31mChrome Headless 140.0.0.0 (Mac OS 10.15.7) CreditScoringService Risk Level Assignment should assign correct risk levels FAILED[39m
	ReferenceError: process is not defined
	    at new CreditScoringService (src/app/services/credit-scoring.service.ts:62:13)
	    at Object.factory (ng:///CreditScoringService/ɵfac.js:4:10)
	    at callback (node_modules/@angular/core/fesm2022/core.mjs:3219:47)
	    at runInInjectorProfilerContext (node_modules/@angular/core/fesm2022/core.mjs:866:9)
	    at R3Injector.hydrate (node_modules/@angular/core/fesm2022/core.mjs:3218:21)
	    at R3Injector.get (node_modules/@angular/core/fesm2022/core.mjs:3082:33)
	    at TestBedImpl.inject (node_modules/@angular/core/fesm2022/testing.mjs:1914:52)
	    at TestBedImpl.inject (node_modules/@angular/core/fesm2022/testing.mjs:1768:37)
	    at UserContext.apply (src/app/services/credit-scoring.service.spec.ts:58:23)
	    at _ZoneDelegate.invoke (node_modules/zone.js/fesm2015/zone.js:369:28)
Chrome Headless 140.0.0.0 (Mac OS 10.15.7): Executed 692 of 985[31m (166 FAILED)[39m (skipped 2) (0 secs / 1 min 18.875 secs)
[1A[2K[31mChrome Headless 140.0.0.0 (Mac OS 10.15.7) CreditScoringService Score Grading System should assign correct grades for score ranges FAILED[39m
	ReferenceError: process is not defined
	    at new CreditScoringService (src/app/services/credit-scoring.service.ts:62:13)
	    at Object.factory (ng:///CreditScoringService/ɵfac.js:4:10)
	    at callback (node_modules/@angular/core/fesm2022/core.mjs:3219:47)
	    at runInInjectorProfilerContext (node_modules/@angular/core/fesm2022/core.mjs:866:9)
	    at R3Injector.hydrate (node_modules/@angular/core/fesm2022/core.mjs:3218:21)
	    at R3Injector.get (node_modules/@angular/core/fesm2022/core.mjs:3082:33)
	    at TestBedImpl.inject (node_modules/@angular/core/fesm2022/testing.mjs:1914:52)
	    at TestBedImpl.inject (node_modules/@angular/core/fesm2022/testing.mjs:1768:37)
	    at UserContext.apply (src/app/services/credit-scoring.service.spec.ts:58:23)
	    at _ZoneDelegate.invoke (node_modules/zone.js/fesm2015/zone.js:369:28)
Chrome Headless 140.0.0.0 (Mac OS 10.15.7): Executed 693 of 985[31m (167 FAILED)[39m (skipped 2) (0 secs / 1 min 18.876 secs)
[1A[2K[31mChrome Headless 140.0.0.0 (Mac OS 10.15.7) CreditScoringService Service Initialization should initialize internal storage maps FAILED[39m
	ReferenceError: process is not defined
	    at new CreditScoringService (src/app/services/credit-scoring.service.ts:62:13)
	    at Object.factory (ng:///CreditScoringService/ɵfac.js:4:10)
	    at callback (node_modules/@angular/core/fesm2022/core.mjs:3219:47)
	    at runInInjectorProfilerContext (node_modules/@angular/core/fesm2022/core.mjs:866:9)
	    at R3Injector.hydrate (node_modules/@angular/core/fesm2022/core.mjs:3218:21)
	    at R3Injector.get (node_modules/@angular/core/fesm2022/core.mjs:3082:33)
	    at TestBedImpl.inject (node_modules/@angular/core/fesm2022/testing.mjs:1914:52)
	    at TestBedImpl.inject (node_modules/@angular/core/fesm2022/testing.mjs:1768:37)
	    at UserContext.apply (src/app/services/credit-scoring.service.spec.ts:58:23)
	    at _ZoneDelegate.invoke (node_modules/zone.js/fesm2015/zone.js:369:28)
Chrome Headless 140.0.0.0 (Mac OS 10.15.7): Executed 694 of 985[31m (168 FAILED)[39m (skipped 2) (0 secs / 1 min 18.877 secs)
[1A[2K[31mChrome Headless 140.0.0.0 (Mac OS 10.15.7) CreditScoringService Service Initialization should have SCORING_CONFIG defined FAILED[39m
	ReferenceError: process is not defined
	    at new CreditScoringService (src/app/services/credit-scoring.service.ts:62:13)
	    at Object.factory (ng:///CreditScoringService/ɵfac.js:4:10)
	    at callback (node_modules/@angular/core/fesm2022/core.mjs:3219:47)
	    at runInInjectorProfilerContext (node_modules/@angular/core/fesm2022/core.mjs:866:9)
	    at R3Injector.hydrate (node_modules/@angular/core/fesm2022/core.mjs:3218:21)
	    at R3Injector.get (node_modules/@angular/core/fesm2022/core.mjs:3082:33)
	    at TestBedImpl.inject (node_modules/@angular/core/fesm2022/testing.mjs:1914:52)
	    at TestBedImpl.inject (node_modules/@angular/core/fesm2022/testing.mjs:1768:37)
	    at UserContext.apply (src/app/services/credit-scoring.service.spec.ts:58:23)
	    at _ZoneDelegate.invoke (node_modules/zone.js/fesm2015/zone.js:369:28)
Chrome Headless 140.0.0.0 (Mac OS 10.15.7): Executed 695 of 985[31m (169 FAILED)[39m (skipped 2) (0 secs / 1 min 18.878 secs)
[1A[2K[31mChrome Headless 140.0.0.0 (Mac OS 10.15.7) CreditScoringService Service Initialization should be created FAILED[39m
	ReferenceError: process is not defined
	    at new CreditScoringService (src/app/services/credit-scoring.service.ts:62:13)
	    at Object.factory (ng:///CreditScoringService/ɵfac.js:4:10)
	    at callback (node_modules/@angular/core/fesm2022/core.mjs:3219:47)
	    at runInInjectorProfilerContext (node_modules/@angular/core/fesm2022/core.mjs:866:9)
	    at R3Injector.hydrate (node_modules/@angular/core/fesm2022/core.mjs:3218:21)
	    at R3Injector.get (node_modules/@angular/core/fesm2022/core.mjs:3082:33)
	    at TestBedImpl.inject (node_modules/@angular/core/fesm2022/testing.mjs:1914:52)
	    at TestBedImpl.inject (node_modules/@angular/core/fesm2022/testing.mjs:1768:37)
	    at UserContext.apply (src/app/services/credit-scoring.service.spec.ts:58:23)
	    at _ZoneDelegate.invoke (node_modules/zone.js/fesm2015/zone.js:369:28)
Chrome Headless 140.0.0.0 (Mac OS 10.15.7): Executed 696 of 985[31m (170 FAILED)[39m (skipped 2) (0 secs / 1 min 18.879 secs)
[1A[2K[31mChrome Headless 140.0.0.0 (Mac OS 10.15.7) CreditScoringService Scoring Prerequisites Validation should identify multiple missing requirements FAILED[39m
	ReferenceError: process is not defined
	    at new CreditScoringService (src/app/services/credit-scoring.service.ts:62:13)
	    at Object.factory (ng:///CreditScoringService/ɵfac.js:4:10)
	    at callback (node_modules/@angular/core/fesm2022/core.mjs:3219:47)
	    at runInInjectorProfilerContext (node_modules/@angular/core/fesm2022/core.mjs:866:9)
	    at R3Injector.hydrate (node_modules/@angular/core/fesm2022/core.mjs:3218:21)
	    at R3Injector.get (node_modules/@angular/core/fesm2022/core.mjs:3082:33)
	    at TestBedImpl.inject (node_modules/@angular/core/fesm2022/testing.mjs:1914:52)
	    at TestBedImpl.inject (node_modules/@angular/core/fesm2022/testing.mjs:1768:37)
	    at UserContext.apply (src/app/services/credit-scoring.service.spec.ts:58:23)
	    at _ZoneDelegate.invoke (node_modules/zone.js/fesm2015/zone.js:369:28)
Chrome Headless 140.0.0.0 (Mac OS 10.15.7): Executed 697 of 985[31m (171 FAILED)[39m (skipped 2) (0 secs / 1 min 18.88 secs)
[1A[2K[31mChrome Headless 140.0.0.0 (Mac OS 10.15.7) CreditScoringService Scoring Prerequisites Validation should identify missing INE document FAILED[39m
	ReferenceError: process is not defined
	    at new CreditScoringService (src/app/services/credit-scoring.service.ts:62:13)
	    at Object.factory (ng:///CreditScoringService/ɵfac.js:4:10)
	    at callback (node_modules/@angular/core/fesm2022/core.mjs:3219:47)
	    at runInInjectorProfilerContext (node_modules/@angular/core/fesm2022/core.mjs:866:9)
	    at R3Injector.hydrate (node_modules/@angular/core/fesm2022/core.mjs:3218:21)
	    at R3Injector.get (node_modules/@angular/core/fesm2022/core.mjs:3082:33)
	    at TestBedImpl.inject (node_modules/@angular/core/fesm2022/testing.mjs:1914:52)
	    at TestBedImpl.inject (node_modules/@angular/core/fesm2022/testing.mjs:1768:37)
	    at UserContext.apply (src/app/services/credit-scoring.service.spec.ts:58:23)
	    at _ZoneDelegate.invoke (node_modules/zone.js/fesm2015/zone.js:369:28)
Chrome Headless 140.0.0.0 (Mac OS 10.15.7): Executed 698 of 985[31m (172 FAILED)[39m (skipped 2) (0 secs / 1 min 18.881 secs)
[1A[2K[31mChrome Headless 140.0.0.0 (Mac OS 10.15.7) CreditScoringService Scoring Prerequisites Validation should identify missing comprobante document FAILED[39m
	ReferenceError: process is not defined
	    at new CreditScoringService (src/app/services/credit-scoring.service.ts:62:13)
	    at Object.factory (ng:///CreditScoringService/ɵfac.js:4:10)
	    at callback (node_modules/@angular/core/fesm2022/core.mjs:3219:47)
	    at runInInjectorProfilerContext (node_modules/@angular/core/fesm2022/core.mjs:866:9)
	    at R3Injector.hydrate (node_modules/@angular/core/fesm2022/core.mjs:3218:21)
	    at R3Injector.get (node_modules/@angular/core/fesm2022/core.mjs:3082:33)
	    at TestBedImpl.inject (node_modules/@angular/core/fesm2022/testing.mjs:1914:52)
	    at TestBedImpl.inject (node_modules/@angular/core/fesm2022/testing.mjs:1768:37)
	    at UserContext.apply (src/app/services/credit-scoring.service.spec.ts:58:23)
	    at _ZoneDelegate.invoke (node_modules/zone.js/fesm2015/zone.js:369:28)
Chrome Headless 140.0.0.0 (Mac OS 10.15.7): Executed 699 of 985[31m (173 FAILED)[39m (skipped 2) (0 secs / 1 min 18.881 secs)
[1A[2K[31mChrome Headless 140.0.0.0 (Mac OS 10.15.7) CreditScoringService Scoring Prerequisites Validation should validate client is ready for scoring FAILED[39m
	ReferenceError: process is not defined
	    at new CreditScoringService (src/app/services/credit-scoring.service.ts:62:13)
	    at Object.factory (ng:///CreditScoringService/ɵfac.js:4:10)
	    at callback (node_modules/@angular/core/fesm2022/core.mjs:3219:47)
	    at runInInjectorProfilerContext (node_modules/@angular/core/fesm2022/core.mjs:866:9)
	    at R3Injector.hydrate (node_modules/@angular/core/fesm2022/core.mjs:3218:21)
	    at R3Injector.get (node_modules/@angular/core/fesm2022/core.mjs:3082:33)
	    at TestBedImpl.inject (node_modules/@angular/core/fesm2022/testing.mjs:1914:52)
	    at TestBedImpl.inject (node_modules/@angular/core/fesm2022/testing.mjs:1768:37)
	    at UserContext.apply (src/app/services/credit-scoring.service.spec.ts:58:23)
	    at _ZoneDelegate.invoke (node_modules/zone.js/fesm2015/zone.js:369:28)
Chrome Headless 140.0.0.0 (Mac OS 10.15.7): Executed 700 of 985[31m (174 FAILED)[39m (skipped 2) (0 secs / 1 min 18.881 secs)
[1A[2K[31mChrome Headless 140.0.0.0 (Mac OS 10.15.7) CreditScoringService Scoring Prerequisites Validation should identify missing KYC verification FAILED[39m
	ReferenceError: process is not defined
	    at new CreditScoringService (src/app/services/credit-scoring.service.ts:62:13)
	    at Object.factory (ng:///CreditScoringService/ɵfac.js:4:10)
	    at callback (node_modules/@angular/core/fesm2022/core.mjs:3219:47)
	    at runInInjectorProfilerContext (node_modules/@angular/core/fesm2022/core.mjs:866:9)
	    at R3Injector.hydrate (node_modules/@angular/core/fesm2022/core.mjs:3218:21)
	    at R3Injector.get (node_modules/@angular/core/fesm2022/core.mjs:3082:33)
	    at TestBedImpl.inject (node_modules/@angular/core/fesm2022/testing.mjs:1914:52)
	    at TestBedImpl.inject (node_modules/@angular/core/fesm2022/testing.mjs:1768:37)
	    at UserContext.apply (src/app/services/credit-scoring.service.spec.ts:58:23)
	    at _ZoneDelegate.invoke (node_modules/zone.js/fesm2015/zone.js:369:28)
Chrome Headless 140.0.0.0 (Mac OS 10.15.7): Executed 701 of 985[31m (175 FAILED)[39m (skipped 2) (0 secs / 1 min 18.882 secs)
[1A[2K[31mChrome Headless 140.0.0.0 (Mac OS 10.15.7) CreditScoringService Edge Cases and Error Handling should handle minimum score bounds FAILED[39m
	ReferenceError: process is not defined
	    at new CreditScoringService (src/app/services/credit-scoring.service.ts:62:13)
	    at Object.factory (ng:///CreditScoringService/ɵfac.js:4:10)
	    at callback (node_modules/@angular/core/fesm2022/core.mjs:3219:47)
	    at runInInjectorProfilerContext (node_modules/@angular/core/fesm2022/core.mjs:866:9)
	    at R3Injector.hydrate (node_modules/@angular/core/fesm2022/core.mjs:3218:21)
	    at R3Injector.get (node_modules/@angular/core/fesm2022/core.mjs:3082:33)
	    at TestBedImpl.inject (node_modules/@angular/core/fesm2022/testing.mjs:1914:52)
	    at TestBedImpl.inject (node_modules/@angular/core/fesm2022/testing.mjs:1768:37)
	    at UserContext.apply (src/app/services/credit-scoring.service.spec.ts:58:23)
	    at _ZoneDelegate.invoke (node_modules/zone.js/fesm2015/zone.js:369:28)
Chrome Headless 140.0.0.0 (Mac OS 10.15.7): Executed 702 of 985[31m (176 FAILED)[39m (skipped 2) (0 secs / 1 min 18.882 secs)
[1A[2K[31mChrome Headless 140.0.0.0 (Mac OS 10.15.7) CreditScoringService Edge Cases and Error Handling should handle zero or negative income gracefully FAILED[39m
	ReferenceError: process is not defined
	    at new CreditScoringService (src/app/services/credit-scoring.service.ts:62:13)
	    at Object.factory (ng:///CreditScoringService/ɵfac.js:4:10)
	    at callback (node_modules/@angular/core/fesm2022/core.mjs:3219:47)
	    at runInInjectorProfilerContext (node_modules/@angular/core/fesm2022/core.mjs:866:9)
	    at R3Injector.hydrate (node_modules/@angular/core/fesm2022/core.mjs:3218:21)
	    at R3Injector.get (node_modules/@angular/core/fesm2022/core.mjs:3082:33)
	    at TestBedImpl.inject (node_modules/@angular/core/fesm2022/testing.mjs:1914:52)
	    at TestBedImpl.inject (node_modules/@angular/core/fesm2022/testing.mjs:1768:37)
	    at UserContext.apply (src/app/services/credit-scoring.service.spec.ts:58:23)
	    at _ZoneDelegate.invoke (node_modules/zone.js/fesm2015/zone.js:369:28)
Chrome Headless 140.0.0.0 (Mac OS 10.15.7): Executed 703 of 985[31m (177 FAILED)[39m (skipped 2) (0 secs / 1 min 18.883 secs)
[1A[2K[31mChrome Headless 140.0.0.0 (Mac OS 10.15.7) CreditScoringService Edge Cases and Error Handling should handle maximum score bounds FAILED[39m
	ReferenceError: process is not defined
	    at new CreditScoringService (src/app/services/credit-scoring.service.ts:62:13)
	    at Object.factory (ng:///CreditScoringService/ɵfac.js:4:10)
	    at callback (node_modules/@angular/core/fesm2022/core.mjs:3219:47)
	    at runInInjectorProfilerContext (node_modules/@angular/core/fesm2022/core.mjs:866:9)
	    at R3Injector.hydrate (node_modules/@angular/core/fesm2022/core.mjs:3218:21)
	    at R3Injector.get (node_modules/@angular/core/fesm2022/core.mjs:3082:33)
	    at TestBedImpl.inject (node_modules/@angular/core/fesm2022/testing.mjs:1914:52)
	    at TestBedImpl.inject (node_modules/@angular/core/fesm2022/testing.mjs:1768:37)
	    at UserContext.apply (src/app/services/credit-scoring.service.spec.ts:58:23)
	    at _ZoneDelegate.invoke (node_modules/zone.js/fesm2015/zone.js:369:28)
Chrome Headless 140.0.0.0 (Mac OS 10.15.7): Executed 704 of 985[31m (178 FAILED)[39m (skipped 2) (0 secs / 1 min 18.884 secs)
[1A[2K[31mChrome Headless 140.0.0.0 (Mac OS 10.15.7) CreditScoringService Scoring Simulation should include reasons for rejection FAILED[39m
	ReferenceError: process is not defined
	    at new CreditScoringService (src/app/services/credit-scoring.service.ts:62:13)
	    at Object.factory (ng:///CreditScoringService/ɵfac.js:4:10)
	    at callback (node_modules/@angular/core/fesm2022/core.mjs:3219:47)
	    at runInInjectorProfilerContext (node_modules/@angular/core/fesm2022/core.mjs:866:9)
	    at R3Injector.hydrate (node_modules/@angular/core/fesm2022/core.mjs:3218:21)
	    at R3Injector.get (node_modules/@angular/core/fesm2022/core.mjs:3082:33)
	    at TestBedImpl.inject (node_modules/@angular/core/fesm2022/testing.mjs:1914:52)
	    at TestBedImpl.inject (node_modules/@angular/core/fesm2022/testing.mjs:1768:37)
	    at UserContext.apply (src/app/services/credit-scoring.service.spec.ts:58:23)
	    at _ZoneDelegate.invoke (node_modules/zone.js/fesm2015/zone.js:369:28)
Chrome Headless 140.0.0.0 (Mac OS 10.15.7): Executed 705 of 985[31m (179 FAILED)[39m (skipped 2) (0 secs / 1 min 18.885 secs)
[1A[2K[31mChrome Headless 140.0.0.0 (Mac OS 10.15.7) CreditScoringService Scoring Simulation should set expiration date correctly FAILED[39m
	ReferenceError: process is not defined
	    at new CreditScoringService (src/app/services/credit-scoring.service.ts:62:13)
	    at Object.factory (ng:///CreditScoringService/ɵfac.js:4:10)
	    at callback (node_modules/@angular/core/fesm2022/core.mjs:3219:47)
	    at runInInjectorProfilerContext (node_modules/@angular/core/fesm2022/core.mjs:866:9)
	    at R3Injector.hydrate (node_modules/@angular/core/fesm2022/core.mjs:3218:21)
	    at R3Injector.get (node_modules/@angular/core/fesm2022/core.mjs:3082:33)
	    at TestBedImpl.inject (node_modules/@angular/core/fesm2022/testing.mjs:1914:52)
	    at TestBedImpl.inject (node_modules/@angular/core/fesm2022/testing.mjs:1768:37)
	    at UserContext.apply (src/app/services/credit-scoring.service.spec.ts:58:23)
	    at _ZoneDelegate.invoke (node_modules/zone.js/fesm2015/zone.js:369:28)
Chrome Headless 140.0.0.0 (Mac OS 10.15.7): Executed 706 of 985[31m (180 FAILED)[39m (skipped 2) (0 secs / 1 min 18.888 secs)
[1A[2K[31mChrome Headless 140.0.0.0 (Mac OS 10.15.7) CreditScoringService Scoring Simulation should simulate scoring with low score for risky client FAILED[39m
	ReferenceError: process is not defined
	    at new CreditScoringService (src/app/services/credit-scoring.service.ts:62:13)
	    at Object.factory (ng:///CreditScoringService/ɵfac.js:4:10)
	    at callback (node_modules/@angular/core/fesm2022/core.mjs:3219:47)
	    at runInInjectorProfilerContext (node_modules/@angular/core/fesm2022/core.mjs:866:9)
	    at R3Injector.hydrate (node_modules/@angular/core/fesm2022/core.mjs:3218:21)
	    at R3Injector.get (node_modules/@angular/core/fesm2022/core.mjs:3082:33)
	    at TestBedImpl.inject (node_modules/@angular/core/fesm2022/testing.mjs:1914:52)
	    at TestBedImpl.inject (node_modules/@angular/core/fesm2022/testing.mjs:1768:37)
	    at UserContext.apply (src/app/services/credit-scoring.service.spec.ts:58:23)
	    at _ZoneDelegate.invoke (node_modules/zone.js/fesm2015/zone.js:369:28)
Chrome Headless 140.0.0.0 (Mac OS 10.15.7): Executed 707 of 985[31m (181 FAILED)[39m (skipped 2) (0 secs / 1 min 18.888 secs)
[1A[2K[31mChrome Headless 140.0.0.0 (Mac OS 10.15.7) CreditScoringService Scoring Simulation should simulate scoring with high score for good client FAILED[39m
	ReferenceError: process is not defined
	    at new CreditScoringService (src/app/services/credit-scoring.service.ts:62:13)
	    at Object.factory (ng:///CreditScoringService/ɵfac.js:4:10)
	    at callback (node_modules/@angular/core/fesm2022/core.mjs:3219:47)
	    at runInInjectorProfilerContext (node_modules/@angular/core/fesm2022/core.mjs:866:9)
	    at R3Injector.hydrate (node_modules/@angular/core/fesm2022/core.mjs:3218:21)
	    at R3Injector.get (node_modules/@angular/core/fesm2022/core.mjs:3082:33)
	    at TestBedImpl.inject (node_modules/@angular/core/fesm2022/testing.mjs:1914:52)
	    at TestBedImpl.inject (node_modules/@angular/core/fesm2022/testing.mjs:1768:37)
	    at UserContext.apply (src/app/services/credit-scoring.service.spec.ts:58:23)
	    at _ZoneDelegate.invoke (node_modules/zone.js/fesm2015/zone.js:369:28)
Chrome Headless 140.0.0.0 (Mac OS 10.15.7): Executed 708 of 985[31m (182 FAILED)[39m (skipped 2) (0 secs / 1 min 18.889 secs)
[1A[2K[31mChrome Headless 140.0.0.0 (Mac OS 10.15.7) CreditScoringService Scoring Simulation should include conditions for conditional approval FAILED[39m
	ReferenceError: process is not defined
	    at new CreditScoringService (src/app/services/credit-scoring.service.ts:62:13)
	    at Object.factory (ng:///CreditScoringService/ɵfac.js:4:10)
	    at callback (node_modules/@angular/core/fesm2022/core.mjs:3219:47)
	    at runInInjectorProfilerContext (node_modules/@angular/core/fesm2022/core.mjs:866:9)
	    at R3Injector.hydrate (node_modules/@angular/core/fesm2022/core.mjs:3218:21)
	    at R3Injector.get (node_modules/@angular/core/fesm2022/core.mjs:3082:33)
	    at TestBedImpl.inject (node_modules/@angular/core/fesm2022/testing.mjs:1914:52)
	    at TestBedImpl.inject (node_modules/@angular/core/fesm2022/testing.mjs:1768:37)
	    at UserContext.apply (src/app/services/credit-scoring.service.spec.ts:58:23)
	    at _ZoneDelegate.invoke (node_modules/zone.js/fesm2015/zone.js:369:28)
Chrome Headless 140.0.0.0 (Mac OS 10.15.7): Executed 709 of 985[31m (183 FAILED)[39m (skipped 2) (0 secs / 1 min 18.89 secs)
[1A[2K[31mChrome Headless 140.0.0.0 (Mac OS 10.15.7) CreditScoringService Scoring Simulation should set correct interest rates by market FAILED[39m
	ReferenceError: process is not defined
	    at new CreditScoringService (src/app/services/credit-scoring.service.ts:62:13)
	    at Object.factory (ng:///CreditScoringService/ɵfac.js:4:10)
	    at callback (node_modules/@angular/core/fesm2022/core.mjs:3219:47)
	    at runInInjectorProfilerContext (node_modules/@angular/core/fesm2022/core.mjs:866:9)
	    at R3Injector.hydrate (node_modules/@angular/core/fesm2022/core.mjs:3218:21)
	    at R3Injector.get (node_modules/@angular/core/fesm2022/core.mjs:3082:33)
	    at TestBedImpl.inject (node_modules/@angular/core/fesm2022/testing.mjs:1914:52)
	    at TestBedImpl.inject (node_modules/@angular/core/fesm2022/testing.mjs:1768:37)
	    at UserContext.apply (src/app/services/credit-scoring.service.spec.ts:58:23)
	    at _ZoneDelegate.invoke (node_modules/zone.js/fesm2015/zone.js:369:28)
Chrome Headless 140.0.0.0 (Mac OS 10.15.7): Executed 710 of 985[31m (184 FAILED)[39m (skipped 2) (0 secs / 1 min 18.891 secs)
[1A[2K[31mChrome Headless 140.0.0.0 (Mac OS 10.15.7) CreditScoringService Scoring Simulation should apply business flow bonuses correctly FAILED[39m
	ReferenceError: process is not defined
	    at new CreditScoringService (src/app/services/credit-scoring.service.ts:62:13)
	    at Object.factory (ng:///CreditScoringService/ɵfac.js:4:10)
	    at callback (node_modules/@angular/core/fesm2022/core.mjs:3219:47)
	    at runInInjectorProfilerContext (node_modules/@angular/core/fesm2022/core.mjs:866:9)
	    at R3Injector.hydrate (node_modules/@angular/core/fesm2022/core.mjs:3218:21)
	    at R3Injector.get (node_modules/@angular/core/fesm2022/core.mjs:3082:33)
	    at TestBedImpl.inject (node_modules/@angular/core/fesm2022/testing.mjs:1914:52)
	    at TestBedImpl.inject (node_modules/@angular/core/fesm2022/testing.mjs:1768:37)
	    at UserContext.apply (src/app/services/credit-scoring.service.spec.ts:58:23)
	    at _ZoneDelegate.invoke (node_modules/zone.js/fesm2015/zone.js:369:28)
Chrome Headless 140.0.0.0 (Mac OS 10.15.7): Executed 711 of 985[31m (185 FAILED)[39m (skipped 2) (0 secs / 1 min 18.892 secs)
[1A[2K[31mChrome Headless 140.0.0.0 (Mac OS 10.15.7) CreditScoringService Scoring Simulation should apply market bonus for Aguascalientes FAILED[39m
	ReferenceError: process is not defined
	    at new CreditScoringService (src/app/services/credit-scoring.service.ts:62:13)
	    at Object.factory (ng:///CreditScoringService/ɵfac.js:4:10)
	    at callback (node_modules/@angular/core/fesm2022/core.mjs:3219:47)
	    at runInInjectorProfilerContext (node_modules/@angular/core/fesm2022/core.mjs:866:9)
	    at R3Injector.hydrate (node_modules/@angular/core/fesm2022/core.mjs:3218:21)
	    at R3Injector.get (node_modules/@angular/core/fesm2022/core.mjs:3082:33)
	    at TestBedImpl.inject (node_modules/@angular/core/fesm2022/testing.mjs:1914:52)
	    at TestBedImpl.inject (node_modules/@angular/core/fesm2022/testing.mjs:1768:37)
	    at UserContext.apply (src/app/services/credit-scoring.service.spec.ts:58:23)
	    at _ZoneDelegate.invoke (node_modules/zone.js/fesm2015/zone.js:369:28)
Chrome Headless 140.0.0.0 (Mac OS 10.15.7): Executed 712 of 985[31m (186 FAILED)[39m (skipped 2) (0 secs / 1 min 18.893 secs)
[1A[2K[31mChrome Headless 140.0.0.0 (Mac OS 10.15.7) CreditScoringService Credit Scoring Process should store scoring result after processing FAILED[39m
	ReferenceError: process is not defined
	    at new CreditScoringService (src/app/services/credit-scoring.service.ts:62:13)
	    at Object.factory (ng:///CreditScoringService/ɵfac.js:4:10)
	    at callback (node_modules/@angular/core/fesm2022/core.mjs:3219:47)
	    at runInInjectorProfilerContext (node_modules/@angular/core/fesm2022/core.mjs:866:9)
	    at R3Injector.hydrate (node_modules/@angular/core/fesm2022/core.mjs:3218:21)
	    at R3Injector.get (node_modules/@angular/core/fesm2022/core.mjs:3082:33)
	    at TestBedImpl.inject (node_modules/@angular/core/fesm2022/testing.mjs:1914:52)
	    at TestBedImpl.inject (node_modules/@angular/core/fesm2022/testing.mjs:1768:37)
	    at UserContext.apply (src/app/services/credit-scoring.service.spec.ts:58:23)
	    at _ZoneDelegate.invoke (node_modules/zone.js/fesm2015/zone.js:369:28)
Chrome Headless 140.0.0.0 (Mac OS 10.15.7): Executed 713 of 985[31m (187 FAILED)[39m (skipped 2) (0 secs / 1 min 18.894 secs)
[1A[2K[31mChrome Headless 140.0.0.0 (Mac OS 10.15.7) CreditScoringService Credit Scoring Process should return null for non-existent scoring ID FAILED[39m
	ReferenceError: process is not defined
	    at new CreditScoringService (src/app/services/credit-scoring.service.ts:62:13)
	    at Object.factory (ng:///CreditScoringService/ɵfac.js:4:10)
	    at callback (node_modules/@angular/core/fesm2022/core.mjs:3219:47)
	    at runInInjectorProfilerContext (node_modules/@angular/core/fesm2022/core.mjs:866:9)
	    at R3Injector.hydrate (node_modules/@angular/core/fesm2022/core.mjs:3218:21)
	    at R3Injector.get (node_modules/@angular/core/fesm2022/core.mjs:3082:33)
	    at TestBedImpl.inject (node_modules/@angular/core/fesm2022/testing.mjs:1914:52)
	    at TestBedImpl.inject (node_modules/@angular/core/fesm2022/testing.mjs:1768:37)
	    at UserContext.apply (src/app/services/credit-scoring.service.spec.ts:58:23)
	    at _ZoneDelegate.invoke (node_modules/zone.js/fesm2015/zone.js:369:28)
Chrome Headless 140.0.0.0 (Mac OS 10.15.7): Executed 714 of 985[31m (188 FAILED)[39m (skipped 2) (0 secs / 1 min 18.894 secs)
[1A[2K[31mChrome Headless 140.0.0.0 (Mac OS 10.15.7) CreditScoringService Credit Scoring Process should initiate credit scoring request FAILED[39m
	ReferenceError: process is not defined
	    at new CreditScoringService (src/app/services/credit-scoring.service.ts:62:13)
	    at Object.factory (ng:///CreditScoringService/ɵfac.js:4:10)
	    at callback (node_modules/@angular/core/fesm2022/core.mjs:3219:47)
	    at runInInjectorProfilerContext (node_modules/@angular/core/fesm2022/core.mjs:866:9)
	    at R3Injector.hydrate (node_modules/@angular/core/fesm2022/core.mjs:3218:21)
	    at R3Injector.get (node_modules/@angular/core/fesm2022/core.mjs:3082:33)
	    at TestBedImpl.inject (node_modules/@angular/core/fesm2022/testing.mjs:1914:52)
	    at TestBedImpl.inject (node_modules/@angular/core/fesm2022/testing.mjs:1768:37)
	    at UserContext.apply (src/app/services/credit-scoring.service.spec.ts:58:23)
	    at _ZoneDelegate.invoke (node_modules/zone.js/fesm2015/zone.js:369:28)
Chrome Headless 140.0.0.0 (Mac OS 10.15.7): Executed 715 of 985[31m (189 FAILED)[39m (skipped 2) (0 secs / 1 min 18.895 secs)
[1A[2K[31mChrome Headless 140.0.0.0 (Mac OS 10.15.7) CreditScoringService Credit Scoring Process should return null for non-existent status ID FAILED[39m
	ReferenceError: process is not defined
	    at new CreditScoringService (src/app/services/credit-scoring.service.ts:62:13)
	    at Object.factory (ng:///CreditScoringService/ɵfac.js:4:10)
	    at callback (node_modules/@angular/core/fesm2022/core.mjs:3219:47)
	    at runInInjectorProfilerContext (node_modules/@angular/core/fesm2022/core.mjs:866:9)
	    at R3Injector.hydrate (node_modules/@angular/core/fesm2022/core.mjs:3218:21)
	    at R3Injector.get (node_modules/@angular/core/fesm2022/core.mjs:3082:33)
	    at TestBedImpl.inject (node_modules/@angular/core/fesm2022/testing.mjs:1914:52)
	    at TestBedImpl.inject (node_modules/@angular/core/fesm2022/testing.mjs:1768:37)
	    at UserContext.apply (src/app/services/credit-scoring.service.spec.ts:58:23)
	    at _ZoneDelegate.invoke (node_modules/zone.js/fesm2015/zone.js:369:28)
Chrome Headless 140.0.0.0 (Mac OS 10.15.7): Executed 716 of 985[31m (190 FAILED)[39m (skipped 2) (0 secs / 1 min 18.896 secs)
[1A[2K[31mChrome Headless 140.0.0.0 (Mac OS 10.15.7) CreditScoringService Credit Scoring Process should get scoring status correctly FAILED[39m
	ReferenceError: process is not defined
	    at new CreditScoringService (src/app/services/credit-scoring.service.ts:62:13)
	    at Object.factory (ng:///CreditScoringService/ɵfac.js:4:10)
	    at callback (node_modules/@angular/core/fesm2022/core.mjs:3219:47)
	    at runInInjectorProfilerContext (node_modules/@angular/core/fesm2022/core.mjs:866:9)
	    at R3Injector.hydrate (node_modules/@angular/core/fesm2022/core.mjs:3218:21)
	    at R3Injector.get (node_modules/@angular/core/fesm2022/core.mjs:3082:33)
	    at TestBedImpl.inject (node_modules/@angular/core/fesm2022/testing.mjs:1914:52)
	    at TestBedImpl.inject (node_modules/@angular/core/fesm2022/testing.mjs:1768:37)
	    at UserContext.apply (src/app/services/credit-scoring.service.spec.ts:58:23)
	    at _ZoneDelegate.invoke (node_modules/zone.js/fesm2015/zone.js:369:28)
Chrome Headless 140.0.0.0 (Mac OS 10.15.7): Executed 717 of 985[31m (191 FAILED)[39m (skipped 2) (0 secs / 1 min 18.896 secs)
[1A[2K[31mChrome Headless 140.0.0.0 (Mac OS 10.15.7) CreditScoringService Scoring Recommendations should get VentaDirecta recommendations FAILED[39m
	ReferenceError: process is not defined
	    at new CreditScoringService (src/app/services/credit-scoring.service.ts:62:13)
	    at Object.factory (ng:///CreditScoringService/ɵfac.js:4:10)
	    at callback (node_modules/@angular/core/fesm2022/core.mjs:3219:47)
	    at runInInjectorProfilerContext (node_modules/@angular/core/fesm2022/core.mjs:866:9)
	    at R3Injector.hydrate (node_modules/@angular/core/fesm2022/core.mjs:3218:21)
	    at R3Injector.get (node_modules/@angular/core/fesm2022/core.mjs:3082:33)
	    at TestBedImpl.inject (node_modules/@angular/core/fesm2022/testing.mjs:1914:52)
	    at TestBedImpl.inject (node_modules/@angular/core/fesm2022/testing.mjs:1768:37)
	    at UserContext.apply (src/app/services/credit-scoring.service.spec.ts:58:23)
	    at _ZoneDelegate.invoke (node_modules/zone.js/fesm2015/zone.js:369:28)
Chrome Headless 140.0.0.0 (Mac OS 10.15.7): Executed 718 of 985[31m (192 FAILED)[39m (skipped 2) (0 secs / 1 min 18.896 secs)
[1A[2K[31mChrome Headless 140.0.0.0 (Mac OS 10.15.7) CreditScoringService Scoring Recommendations should get VentaPlazo recommendations for AGS FAILED[39m
	ReferenceError: process is not defined
	    at new CreditScoringService (src/app/services/credit-scoring.service.ts:62:13)
	    at Object.factory (ng:///CreditScoringService/ɵfac.js:4:10)
	    at callback (node_modules/@angular/core/fesm2022/core.mjs:3219:47)
	    at runInInjectorProfilerContext (node_modules/@angular/core/fesm2022/core.mjs:866:9)
	    at R3Injector.hydrate (node_modules/@angular/core/fesm2022/core.mjs:3218:21)
	    at R3Injector.get (node_modules/@angular/core/fesm2022/core.mjs:3082:33)
	    at TestBedImpl.inject (node_modules/@angular/core/fesm2022/testing.mjs:1914:52)
	    at TestBedImpl.inject (node_modules/@angular/core/fesm2022/testing.mjs:1768:37)
	    at UserContext.apply (src/app/services/credit-scoring.service.spec.ts:58:23)
	    at _ZoneDelegate.invoke (node_modules/zone.js/fesm2015/zone.js:369:28)
Chrome Headless 140.0.0.0 (Mac OS 10.15.7): Executed 719 of 985[31m (193 FAILED)[39m (skipped 2) (0 secs / 1 min 18.897 secs)
[1A[2K[31mChrome Headless 140.0.0.0 (Mac OS 10.15.7) CreditScoringService Scoring Recommendations should get CreditoColectivo recommendations FAILED[39m
	ReferenceError: process is not defined
	    at new CreditScoringService (src/app/services/credit-scoring.service.ts:62:13)
	    at Object.factory (ng:///CreditScoringService/ɵfac.js:4:10)
	    at callback (node_modules/@angular/core/fesm2022/core.mjs:3219:47)
	    at runInInjectorProfilerContext (node_modules/@angular/core/fesm2022/core.mjs:866:9)
	    at R3Injector.hydrate (node_modules/@angular/core/fesm2022/core.mjs:3218:21)
	    at R3Injector.get (node_modules/@angular/core/fesm2022/core.mjs:3082:33)
	    at TestBedImpl.inject (node_modules/@angular/core/fesm2022/testing.mjs:1914:52)
	    at TestBedImpl.inject (node_modules/@angular/core/fesm2022/testing.mjs:1768:37)
	    at UserContext.apply (src/app/services/credit-scoring.service.spec.ts:58:23)
	    at _ZoneDelegate.invoke (node_modules/zone.js/fesm2015/zone.js:369:28)
Chrome Headless 140.0.0.0 (Mac OS 10.15.7): Executed 720 of 985[31m (194 FAILED)[39m (skipped 2) (0 secs / 1 min 18.898 secs)
[1A[2K[31mChrome Headless 140.0.0.0 (Mac OS 10.15.7) CreditScoringService Scoring Recommendations should get VentaPlazo recommendations for EdoMex FAILED[39m
	ReferenceError: process is not defined
	    at new CreditScoringService (src/app/services/credit-scoring.service.ts:62:13)
	    at Object.factory (ng:///CreditScoringService/ɵfac.js:4:10)
	    at callback (node_modules/@angular/core/fesm2022/core.mjs:3219:47)
	    at runInInjectorProfilerContext (node_modules/@angular/core/fesm2022/core.mjs:866:9)
	    at R3Injector.hydrate (node_modules/@angular/core/fesm2022/core.mjs:3218:21)
	    at R3Injector.get (node_modules/@angular/core/fesm2022/core.mjs:3082:33)
	    at TestBedImpl.inject (node_modules/@angular/core/fesm2022/testing.mjs:1914:52)
	    at TestBedImpl.inject (node_modules/@angular/core/fesm2022/testing.mjs:1768:37)
	    at UserContext.apply (src/app/services/credit-scoring.service.spec.ts:58:23)
	    at _ZoneDelegate.invoke (node_modules/zone.js/fesm2015/zone.js:369:28)
Chrome Headless 140.0.0.0 (Mac OS 10.15.7): Executed 721 of 985[31m (195 FAILED)[39m (skipped 2) (0 secs / 1 min 18.898 secs)
[1A[2K[31mChrome Headless 140.0.0.0 (Mac OS 10.15.7) CreditScoringService Scoring Recommendations should return default recommendations for unknown flow FAILED[39m
	ReferenceError: process is not defined
	    at new CreditScoringService (src/app/services/credit-scoring.service.ts:62:13)
	    at Object.factory (ng:///CreditScoringService/ɵfac.js:4:10)
	    at callback (node_modules/@angular/core/fesm2022/core.mjs:3219:47)
	    at runInInjectorProfilerContext (node_modules/@angular/core/fesm2022/core.mjs:866:9)
	    at R3Injector.hydrate (node_modules/@angular/core/fesm2022/core.mjs:3218:21)
	    at R3Injector.get (node_modules/@angular/core/fesm2022/core.mjs:3082:33)
	    at TestBedImpl.inject (node_modules/@angular/core/fesm2022/testing.mjs:1914:52)
	    at TestBedImpl.inject (node_modules/@angular/core/fesm2022/testing.mjs:1768:37)
	    at UserContext.apply (src/app/services/credit-scoring.service.spec.ts:58:23)
	    at _ZoneDelegate.invoke (node_modules/zone.js/fesm2015/zone.js:369:28)
Chrome Headless 140.0.0.0 (Mac OS 10.15.7): Executed 722 of 985[31m (196 FAILED)[39m (skipped 2) (0 secs / 1 min 18.899 secs)
[1A[2K[31mChrome Headless 140.0.0.0 (Mac OS 10.15.7) CreditScoringService Scoring Recommendations should get AhorroProgramado recommendations FAILED[39m
	ReferenceError: process is not defined
	    at new CreditScoringService (src/app/services/credit-scoring.service.ts:62:13)
	    at Object.factory (ng:///CreditScoringService/ɵfac.js:4:10)
	    at callback (node_modules/@angular/core/fesm2022/core.mjs:3219:47)
	    at runInInjectorProfilerContext (node_modules/@angular/core/fesm2022/core.mjs:866:9)
	    at R3Injector.hydrate (node_modules/@angular/core/fesm2022/core.mjs:3218:21)
	    at R3Injector.get (node_modules/@angular/core/fesm2022/core.mjs:3082:33)
	    at TestBedImpl.inject (node_modules/@angular/core/fesm2022/testing.mjs:1914:52)
	    at TestBedImpl.inject (node_modules/@angular/core/fesm2022/testing.mjs:1768:37)
	    at UserContext.apply (src/app/services/credit-scoring.service.spec.ts:58:23)
	    at _ZoneDelegate.invoke (node_modules/zone.js/fesm2015/zone.js:369:28)
Chrome Headless 140.0.0.0 (Mac OS 10.15.7): Executed 723 of 985[31m (197 FAILED)[39m (skipped 2) (0 secs / 1 min 18.9 secs)
[1A[2K[31mChrome Headless 140.0.0.0 (Mac OS 10.15.7) CreditScoringService Scoring Validity Check should return false for non-existent scoring FAILED[39m
	ReferenceError: process is not defined
	    at new CreditScoringService (src/app/services/credit-scoring.service.ts:62:13)
	    at Object.factory (ng:///CreditScoringService/ɵfac.js:4:10)
	    at callback (node_modules/@angular/core/fesm2022/core.mjs:3219:47)
	    at runInInjectorProfilerContext (node_modules/@angular/core/fesm2022/core.mjs:866:9)
	    at R3Injector.hydrate (node_modules/@angular/core/fesm2022/core.mjs:3218:21)
	    at R3Injector.get (node_modules/@angular/core/fesm2022/core.mjs:3082:33)
	    at TestBedImpl.inject (node_modules/@angular/core/fesm2022/testing.mjs:1914:52)
	    at TestBedImpl.inject (node_modules/@angular/core/fesm2022/testing.mjs:1768:37)
	    at UserContext.apply (src/app/services/credit-scoring.service.spec.ts:58:23)
	    at _ZoneDelegate.invoke (node_modules/zone.js/fesm2015/zone.js:369:28)
Chrome Headless 140.0.0.0 (Mac OS 10.15.7): Executed 724 of 985[31m (198 FAILED)[39m (skipped 2) (0 secs / 1 min 18.9 secs)
[1A[2K[31mChrome Headless 140.0.0.0 (Mac OS 10.15.7) CreditScoringService Scoring Validity Check should validate non-expired scoring FAILED[39m
	ReferenceError: process is not defined
	    at new CreditScoringService (src/app/services/credit-scoring.service.ts:62:13)
	    at Object.factory (ng:///CreditScoringService/ɵfac.js:4:10)
	    at callback (node_modules/@angular/core/fesm2022/core.mjs:3219:47)
	    at runInInjectorProfilerContext (node_modules/@angular/core/fesm2022/core.mjs:866:9)
	    at R3Injector.hydrate (node_modules/@angular/core/fesm2022/core.mjs:3218:21)
	    at R3Injector.get (node_modules/@angular/core/fesm2022/core.mjs:3082:33)
	    at TestBedImpl.inject (node_modules/@angular/core/fesm2022/testing.mjs:1914:52)
	    at TestBedImpl.inject (node_modules/@angular/core/fesm2022/testing.mjs:1768:37)
	    at UserContext.apply (src/app/services/credit-scoring.service.spec.ts:58:23)
	    at _ZoneDelegate.invoke (node_modules/zone.js/fesm2015/zone.js:369:28)
Chrome Headless 140.0.0.0 (Mac OS 10.15.7): Executed 725 of 985[31m (199 FAILED)[39m (skipped 2) (0 secs / 1 min 18.9 secs)
[1A[2K[31mChrome Headless 140.0.0.0 (Mac OS 10.15.7) CreditScoringService Scoring Validity Check should invalidate expired scoring FAILED[39m
	ReferenceError: process is not defined
	    at new CreditScoringService (src/app/services/credit-scoring.service.ts:62:13)
	    at Object.factory (ng:///CreditScoringService/ɵfac.js:4:10)
	    at callback (node_modules/@angular/core/fesm2022/core.mjs:3219:47)
	    at runInInjectorProfilerContext (node_modules/@angular/core/fesm2022/core.mjs:866:9)
	    at R3Injector.hydrate (node_modules/@angular/core/fesm2022/core.mjs:3218:21)
	    at R3Injector.get (node_modules/@angular/core/fesm2022/core.mjs:3082:33)
	    at TestBedImpl.inject (node_modules/@angular/core/fesm2022/testing.mjs:1914:52)
	    at TestBedImpl.inject (node_modules/@angular/core/fesm2022/testing.mjs:1768:37)
	    at UserContext.apply (src/app/services/credit-scoring.service.spec.ts:58:23)
	    at _ZoneDelegate.invoke (node_modules/zone.js/fesm2015/zone.js:369:28)
Chrome Headless 140.0.0.0 (Mac OS 10.15.7): Executed 726 of 985[31m (200 FAILED)[39m (skipped 2) (0 secs / 1 min 18.901 secs)
[1A[2KLOG: [36m'📧 Registration Email Sent:', Object{to: 'test.user@conductores.com', subject: 'Verificar tu cuenta - Conductores PWA', verificationLink: 'http://localhost:9876/verify-email?token=verify_1757528077763'}[39m
Chrome Headless 140.0.0.0 (Mac OS 10.15.7): Executed 726 of 985[31m (200 FAILED)[39m (skipped 2) (0 secs / 1 min 18.901 secs)
LOG: '📧 Registration Email Sent:', Object{to: 'test.user@conductores.com', subject: 'Verificar tu cuenta - Conductores PWA', verificationLink: 'http://localhost:9876/verify-email?token=verify_1757528077763'}
[1A[2KChrome Headless 140.0.0.0 (Mac OS 10.15.7): Executed 727 of 985[31m (200 FAILED)[39m (skipped 2) (0 secs / 1 min 21.906 secs)
[1A[2KLOG: [36m'📧 Registration Email Sent:', Object{to: 'test.user@conductores.com', subject: 'Verificar tu cuenta - Conductores PWA', verificationLink: 'http://localhost:9876/verify-email?token=verify_1757528080771'}[39m
Chrome Headless 140.0.0.0 (Mac OS 10.15.7): Executed 727 of 985[31m (200 FAILED)[39m (skipped 2) (0 secs / 1 min 21.906 secs)
LOG: '📧 Registration Email Sent:', Object{to: 'test.user@conductores.com', subject: 'Verificar tu cuenta - Conductores PWA', verificationLink: 'http://localhost:9876/verify-email?token=verify_1757528080771'}
[1A[2KERROR: [36m'Email verification error:', Error: Token de verificación inválido o expirado
Error: Token de verificación inválido o expirado
    at call (http://localhost:9876/_karma_webpack_/webpack:/src/app/services/auth.service.ts:430:17)
    at onNext (http://localhost:9876/_karma_webpack_/webpack:/node_modules/rxjs/dist/esm/internal/operators/map.js:7:37)
    at OperatorSubscriber._next (http://localhost:9876/_karma_webpack_/webpack:/node_modules/rxjs/dist/esm/internal/operators/OperatorSubscriber.js:13:21)
    at OperatorSubscriber.next (http://localhost:9876/_karma_webpack_/webpack:/node_modules/rxjs/dist/esm/internal/Subscriber.js:31:18)
    at onNext (http://localhost:9876/_karma_webpack_/webpack:/node_modules/rxjs/dist/esm/internal/operators/mergeInternals.js:25:28)
    at OperatorSubscriber._next (http://localhost:9876/_karma_webpack_/webpack:/node_modules/rxjs/dist/esm/internal/operators/OperatorSubscriber.js:13:21)
    at OperatorSubscriber.next (http://localhost:9876/_karma_webpack_/webpack:/node_modules/rxjs/dist/esm/internal/Subscriber.js:31:18)
    at onNext (http://localhost:9876/_karma_webpack_/webpack:/node_modules/rxjs/dist/esm/internal/operators/map.js:7:24)
    at OperatorSubscriber._next (http://localhost:9876/_karma_webpack_/webpack:/node_modules/rxjs/dist/esm/internal/operators/OperatorSubscriber.js:13:21)
    at OperatorSubscriber.next (http://localhost:9876/_karma_webpack_/webpack:/node_modules/rxjs/dist/esm/internal/Subscriber.js:31:18)[39m
Chrome Headless 140.0.0.0 (Mac OS 10.15.7): Executed 727 of 985[31m (200 FAILED)[39m (skipped 2) (0 secs / 1 min 21.906 secs)
ERROR: 'Email verification error:', Error: Token de verificación inválido o expirado
Error: Token de verificación inválido o expirado
    at call (http://localhost:9876/_karma_webpack_/webpack:/src/app/services/auth.service.ts:430:17)
    at onNext (http://localhost:9876/_karma_webpack_/webpack:/node_modules/rxjs/dist/esm/internal/operators/map.js:7:37)
    at OperatorSubscriber._next (http://localhost:9876/_karma_webpack_/webpack:/node_modules/rxjs/dist/esm/internal/operators/OperatorSubscriber.js:13:21)
    at OperatorSubscriber.next (http://localhost:9876/_karma_webpack_/webpack:/node_modules/rxjs/dist/esm/internal/Subscriber.js:31:18)
    at onNext (http://localhost:9876/_karma_webpack_/webpack:/node_modules/rxjs/dist/esm/internal/operators/mergeInternals.js:25:28)
    at OperatorSubscriber._next (http://localhost:9876/_karma_webpack_/webpack:/node_modules/rxjs/dist/esm/internal/operators/OperatorSubscriber.js:13:21)
    at OperatorSubscriber.next (http://localhost:9876/_karma_webpack_/webpack:/node_modules/rxjs/dist/esm/internal/Subscriber.js:31:18)
    at onNext (http://localhost:9876/_karma_webpack_/webpack:/node_modules/rxjs/dist/esm/internal/operators/map.js:7:24)
    at OperatorSubscriber._next (http://localhost:9876/_karma_webpack_/webpack:/node_modules/rxjs/dist/esm/internal/operators/OperatorSubscriber.js:13:21)
    at OperatorSubscriber.next (http://localhost:9876/_karma_webpack_/webpack:/node_modules/rxjs/dist/esm/internal/Subscriber.js:31:18)
[1A[2KChrome Headless 140.0.0.0 (Mac OS 10.15.7): Executed 728 of 985[31m (200 FAILED)[39m (skipped 2) (0 secs / 1 min 24.915 secs)
[1A[2KLOG: [36m'📧 Registration Email Sent:', Object{to: 'test.user@conductores.com', subject: 'Verificar tu cuenta - Conductores PWA', verificationLink: 'http://localhost:9876/verify-email?token=verify_1757528083780'}[39m
Chrome Headless 140.0.0.0 (Mac OS 10.15.7): Executed 728 of 985[31m (200 FAILED)[39m (skipped 2) (0 secs / 1 min 24.915 secs)
LOG: '📧 Registration Email Sent:', Object{to: 'test.user@conductores.com', subject: 'Verificar tu cuenta - Conductores PWA', verificationLink: 'http://localhost:9876/verify-email?token=verify_1757528083780'}
[1A[2KChrome Headless 140.0.0.0 (Mac OS 10.15.7): Executed 729 of 985[31m (200 FAILED)[39m (skipped 2) (0 secs / 1 min 27.922 secs)
[1A[2KLOG: [36m'📧 Registration Email Sent:', Object{to: 'juan.perez@conductores.com', subject: 'Verificar tu cuenta - Conductores PWA', verificationLink: 'http://localhost:9876/verify-email?token=verify_1757528086788'}[39m
Chrome Headless 140.0.0.0 (Mac OS 10.15.7): Executed 729 of 985[31m (200 FAILED)[39m (skipped 2) (0 secs / 1 min 27.922 secs)
LOG: '📧 Registration Email Sent:', Object{to: 'juan.perez@conductores.com', subject: 'Verificar tu cuenta - Conductores PWA', verificationLink: 'http://localhost:9876/verify-email?token=verify_1757528086788'}
[1A[2KChrome Headless 140.0.0.0 (Mac OS 10.15.7): Executed 730 of 985[31m (200 FAILED)[39m (skipped 2) (0 secs / 1 min 29.928 secs)
[1A[2KChrome Headless 140.0.0.0 (Mac OS 10.15.7): Executed 731 of 985[31m (200 FAILED)[39m (skipped 2) (0 secs / 1 min 29.931 secs)
[1A[2KLOG: [36m'📧 Registration Email Sent:', Object{to: 'juan.perez@conductores.com', subject: 'Verificar tu cuenta - Conductores PWA', verificationLink: 'http://localhost:9876/verify-email?token=verify_1757528088796'}[39m
Chrome Headless 140.0.0.0 (Mac OS 10.15.7): Executed 731 of 985[31m (200 FAILED)[39m (skipped 2) (0 secs / 1 min 29.931 secs)
LOG: '📧 Registration Email Sent:', Object{to: 'juan.perez@conductores.com', subject: 'Verificar tu cuenta - Conductores PWA', verificationLink: 'http://localhost:9876/verify-email?token=verify_1757528088796'}
[1A[2KChrome Headless 140.0.0.0 (Mac OS 10.15.7): Executed 732 of 985[31m (200 FAILED)[39m (skipped 2) (0 secs / 1 min 31.935 secs)
[1A[2KERROR: [36m'Registration error:', Error: Este correo ya está registrado
Error: Este correo ya está registrado
    at call (http://localhost:9876/_karma_webpack_/webpack:/src/app/services/auth.service.ts:364:17)
    at onNext (http://localhost:9876/_karma_webpack_/webpack:/node_modules/rxjs/dist/esm/internal/operators/map.js:7:37)
    at OperatorSubscriber._next (http://localhost:9876/_karma_webpack_/webpack:/node_modules/rxjs/dist/esm/internal/operators/OperatorSubscriber.js:13:21)
    at OperatorSubscriber.next (http://localhost:9876/_karma_webpack_/webpack:/node_modules/rxjs/dist/esm/internal/Subscriber.js:31:18)
    at onNext (http://localhost:9876/_karma_webpack_/webpack:/node_modules/rxjs/dist/esm/internal/operators/mergeInternals.js:25:28)
    at OperatorSubscriber._next (http://localhost:9876/_karma_webpack_/webpack:/node_modules/rxjs/dist/esm/internal/operators/OperatorSubscriber.js:13:21)
    at OperatorSubscriber.next (http://localhost:9876/_karma_webpack_/webpack:/node_modules/rxjs/dist/esm/internal/Subscriber.js:31:18)
    at onNext (http://localhost:9876/_karma_webpack_/webpack:/node_modules/rxjs/dist/esm/internal/operators/map.js:7:24)
    at OperatorSubscriber._next (http://localhost:9876/_karma_webpack_/webpack:/node_modules/rxjs/dist/esm/internal/operators/OperatorSubscriber.js:13:21)
    at OperatorSubscriber.next (http://localhost:9876/_karma_webpack_/webpack:/node_modules/rxjs/dist/esm/internal/Subscriber.js:31:18)[39m
Chrome Headless 140.0.0.0 (Mac OS 10.15.7): Executed 732 of 985[31m (200 FAILED)[39m (skipped 2) (0 secs / 1 min 31.935 secs)
ERROR: 'Registration error:', Error: Este correo ya está registrado
Error: Este correo ya está registrado
    at call (http://localhost:9876/_karma_webpack_/webpack:/src/app/services/auth.service.ts:364:17)
    at onNext (http://localhost:9876/_karma_webpack_/webpack:/node_modules/rxjs/dist/esm/internal/operators/map.js:7:37)
    at OperatorSubscriber._next (http://localhost:9876/_karma_webpack_/webpack:/node_modules/rxjs/dist/esm/internal/operators/OperatorSubscriber.js:13:21)
    at OperatorSubscriber.next (http://localhost:9876/_karma_webpack_/webpack:/node_modules/rxjs/dist/esm/internal/Subscriber.js:31:18)
    at onNext (http://localhost:9876/_karma_webpack_/webpack:/node_modules/rxjs/dist/esm/internal/operators/mergeInternals.js:25:28)
    at OperatorSubscriber._next (http://localhost:9876/_karma_webpack_/webpack:/node_modules/rxjs/dist/esm/internal/operators/OperatorSubscriber.js:13:21)
    at OperatorSubscriber.next (http://localhost:9876/_karma_webpack_/webpack:/node_modules/rxjs/dist/esm/internal/Subscriber.js:31:18)
    at onNext (http://localhost:9876/_karma_webpack_/webpack:/node_modules/rxjs/dist/esm/internal/operators/map.js:7:24)
    at OperatorSubscriber._next (http://localhost:9876/_karma_webpack_/webpack:/node_modules/rxjs/dist/esm/internal/operators/OperatorSubscriber.js:13:21)
    at OperatorSubscriber.next (http://localhost:9876/_karma_webpack_/webpack:/node_modules/rxjs/dist/esm/internal/Subscriber.js:31:18)
[1A[2KChrome Headless 140.0.0.0 (Mac OS 10.15.7): Executed 733 of 985[31m (200 FAILED)[39m (skipped 2) (0 secs / 1 min 33.939 secs)
[1A[2KChrome Headless 140.0.0.0 (Mac OS 10.15.7): Executed 734 of 985[31m (200 FAILED)[39m (skipped 2) (0 secs / 1 min 33.94 secs)
[1A[2KChrome Headless 140.0.0.0 (Mac OS 10.15.7): Executed 735 of 985[31m (200 FAILED)[39m (skipped 2) (0 secs / 1 min 33.941 secs)
[1A[2KChrome Headless 140.0.0.0 (Mac OS 10.15.7): Executed 736 of 985[31m (200 FAILED)[39m (skipped 2) (0 secs / 1 min 33.941 secs)
[1A[2K[31mChrome Headless 140.0.0.0 (Mac OS 10.15.7) AuthService Token Management should detect valid token as not expired FAILED[39m
	Expected true to be false.
	    at <Jasmine>
	    at UserContext.apply (src/app/services/auth.service.spec.ts:135:25)
	    at _ZoneDelegate.invoke (node_modules/zone.js/fesm2015/zone.js:369:28)
	    at ProxyZoneSpec.onInvoke (node_modules/zone.js/fesm2015/zone-testing.js:2081:39)
	    at _ZoneDelegate.invoke (node_modules/zone.js/fesm2015/zone.js:368:34)
Chrome Headless 140.0.0.0 (Mac OS 10.15.7): Executed 737 of 985[31m (201 FAILED)[39m (skipped 2) (0 secs / 1 min 33.942 secs)
[1A[2KChrome Headless 140.0.0.0 (Mac OS 10.15.7): Executed 738 of 985[31m (201 FAILED)[39m (skipped 2) (0 secs / 1 min 33.943 secs)
[1A[2KChrome Headless 140.0.0.0 (Mac OS 10.15.7): Executed 739 of 985[31m (201 FAILED)[39m (skipped 2) (0 secs / 1 min 33.943 secs)
[1A[2KChrome Headless 140.0.0.0 (Mac OS 10.15.7): Executed 740 of 985[31m (201 FAILED)[39m (skipped 2) (0 secs / 1 min 33.943 secs)
[1A[2KChrome Headless 140.0.0.0 (Mac OS 10.15.7): Executed 741 of 985[31m (201 FAILED)[39m (skipped 2) (0 secs / 1 min 33.944 secs)
[1A[2KChrome Headless 140.0.0.0 (Mac OS 10.15.7): Executed 742 of 985[31m (201 FAILED)[39m (skipped 2) (0 secs / 1 min 33.944 secs)
[1A[2KChrome Headless 140.0.0.0 (Mac OS 10.15.7): Executed 743 of 985[31m (201 FAILED)[39m (skipped 2) (0 secs / 1 min 33.945 secs)
[1A[2KChrome Headless 140.0.0.0 (Mac OS 10.15.7): Executed 744 of 985[31m (201 FAILED)[39m (skipped 2) (0 secs / 1 min 35.447 secs)
[1A[2KChrome Headless 140.0.0.0 (Mac OS 10.15.7): Executed 745 of 985[31m (201 FAILED)[39m (skipped 2) (0 secs / 1 min 36.952 secs)
[1A[2KChrome Headless 140.0.0.0 (Mac OS 10.15.7): Executed 746 of 985[31m (201 FAILED)[39m (skipped 2) (0 secs / 1 min 38.455 secs)
[1A[2KChrome Headless 140.0.0.0 (Mac OS 10.15.7): Executed 747 of 985[31m (201 FAILED)[39m (skipped 2) (0 secs / 1 min 38.958 secs)
[1A[2KChrome Headless 140.0.0.0 (Mac OS 10.15.7): Executed 748 of 985[31m (201 FAILED)[39m (skipped 2) (0 secs / 1 min 39.459 secs)
[1A[2KLOG: [36m'📧 Registration Email Sent:', Object{to: 'pending.user@conductores.com', subject: 'Verificar tu cuenta - Conductores PWA', verificationLink: 'http://localhost:9876/verify-email?token=verify_1757528098329'}[39m
Chrome Headless 140.0.0.0 (Mac OS 10.15.7): Executed 748 of 985[31m (201 FAILED)[39m (skipped 2) (0 secs / 1 min 39.459 secs)
LOG: '📧 Registration Email Sent:', Object{to: 'pending.user@conductores.com', subject: 'Verificar tu cuenta - Conductores PWA', verificationLink: 'http://localhost:9876/verify-email?token=verify_1757528098329'}
[1A[2KChrome Headless 140.0.0.0 (Mac OS 10.15.7): Executed 749 of 985[31m (201 FAILED)[39m (skipped 2) (0 secs / 1 min 41.964 secs)
[1A[2KERROR: [36m'Login error:', Error: Invalid credentials
Error: Invalid credentials
    at call (http://localhost:9876/_karma_webpack_/webpack:/src/app/services/auth.service.ts:125:17)
    at onNext (http://localhost:9876/_karma_webpack_/webpack:/node_modules/rxjs/dist/esm/internal/operators/map.js:7:37)
    at OperatorSubscriber._next (http://localhost:9876/_karma_webpack_/webpack:/node_modules/rxjs/dist/esm/internal/operators/OperatorSubscriber.js:13:21)
    at OperatorSubscriber.next (http://localhost:9876/_karma_webpack_/webpack:/node_modules/rxjs/dist/esm/internal/Subscriber.js:31:18)
    at onNext (http://localhost:9876/_karma_webpack_/webpack:/node_modules/rxjs/dist/esm/internal/operators/mergeInternals.js:25:28)
    at OperatorSubscriber._next (http://localhost:9876/_karma_webpack_/webpack:/node_modules/rxjs/dist/esm/internal/operators/OperatorSubscriber.js:13:21)
    at OperatorSubscriber.next (http://localhost:9876/_karma_webpack_/webpack:/node_modules/rxjs/dist/esm/internal/Subscriber.js:31:18)
    at onNext (http://localhost:9876/_karma_webpack_/webpack:/node_modules/rxjs/dist/esm/internal/operators/map.js:7:24)
    at OperatorSubscriber._next (http://localhost:9876/_karma_webpack_/webpack:/node_modules/rxjs/dist/esm/internal/operators/OperatorSubscriber.js:13:21)
    at OperatorSubscriber.next (http://localhost:9876/_karma_webpack_/webpack:/node_modules/rxjs/dist/esm/internal/Subscriber.js:31:18)[39m
Chrome Headless 140.0.0.0 (Mac OS 10.15.7): Executed 749 of 985[31m (201 FAILED)[39m (skipped 2) (0 secs / 1 min 41.964 secs)
ERROR: 'Login error:', Error: Invalid credentials
Error: Invalid credentials
    at call (http://localhost:9876/_karma_webpack_/webpack:/src/app/services/auth.service.ts:125:17)
    at onNext (http://localhost:9876/_karma_webpack_/webpack:/node_modules/rxjs/dist/esm/internal/operators/map.js:7:37)
    at OperatorSubscriber._next (http://localhost:9876/_karma_webpack_/webpack:/node_modules/rxjs/dist/esm/internal/operators/OperatorSubscriber.js:13:21)
    at OperatorSubscriber.next (http://localhost:9876/_karma_webpack_/webpack:/node_modules/rxjs/dist/esm/internal/Subscriber.js:31:18)
    at onNext (http://localhost:9876/_karma_webpack_/webpack:/node_modules/rxjs/dist/esm/internal/operators/mergeInternals.js:25:28)
    at OperatorSubscriber._next (http://localhost:9876/_karma_webpack_/webpack:/node_modules/rxjs/dist/esm/internal/operators/OperatorSubscriber.js:13:21)
    at OperatorSubscriber.next (http://localhost:9876/_karma_webpack_/webpack:/node_modules/rxjs/dist/esm/internal/Subscriber.js:31:18)
    at onNext (http://localhost:9876/_karma_webpack_/webpack:/node_modules/rxjs/dist/esm/internal/operators/map.js:7:24)
    at OperatorSubscriber._next (http://localhost:9876/_karma_webpack_/webpack:/node_modules/rxjs/dist/esm/internal/operators/OperatorSubscriber.js:13:21)
    at OperatorSubscriber.next (http://localhost:9876/_karma_webpack_/webpack:/node_modules/rxjs/dist/esm/internal/Subscriber.js:31:18)
[1A[2KChrome Headless 140.0.0.0 (Mac OS 10.15.7): Executed 750 of 985[31m (201 FAILED)[39m (skipped 2) (0 secs / 1 min 43.471 secs)
[1A[2KChrome Headless 140.0.0.0 (Mac OS 10.15.7): Executed 751 of 985[31m (201 FAILED)[39m (skipped 2) (0 secs / 1 min 44.975 secs)
[1A[2KERROR: [36m'Login error:', Error: Invalid credentials
Error: Invalid credentials
    at call (http://localhost:9876/_karma_webpack_/webpack:/src/app/services/auth.service.ts:125:17)
    at onNext (http://localhost:9876/_karma_webpack_/webpack:/node_modules/rxjs/dist/esm/internal/operators/map.js:7:37)
    at OperatorSubscriber._next (http://localhost:9876/_karma_webpack_/webpack:/node_modules/rxjs/dist/esm/internal/operators/OperatorSubscriber.js:13:21)
    at OperatorSubscriber.next (http://localhost:9876/_karma_webpack_/webpack:/node_modules/rxjs/dist/esm/internal/Subscriber.js:31:18)
    at onNext (http://localhost:9876/_karma_webpack_/webpack:/node_modules/rxjs/dist/esm/internal/operators/mergeInternals.js:25:28)
    at OperatorSubscriber._next (http://localhost:9876/_karma_webpack_/webpack:/node_modules/rxjs/dist/esm/internal/operators/OperatorSubscriber.js:13:21)
    at OperatorSubscriber.next (http://localhost:9876/_karma_webpack_/webpack:/node_modules/rxjs/dist/esm/internal/Subscriber.js:31:18)
    at onNext (http://localhost:9876/_karma_webpack_/webpack:/node_modules/rxjs/dist/esm/internal/operators/map.js:7:24)
    at OperatorSubscriber._next (http://localhost:9876/_karma_webpack_/webpack:/node_modules/rxjs/dist/esm/internal/operators/OperatorSubscriber.js:13:21)
    at OperatorSubscriber.next (http://localhost:9876/_karma_webpack_/webpack:/node_modules/rxjs/dist/esm/internal/Subscriber.js:31:18)[39m
Chrome Headless 140.0.0.0 (Mac OS 10.15.7): Executed 751 of 985[31m (201 FAILED)[39m (skipped 2) (0 secs / 1 min 44.975 secs)
ERROR: 'Login error:', Error: Invalid credentials
Error: Invalid credentials
    at call (http://localhost:9876/_karma_webpack_/webpack:/src/app/services/auth.service.ts:125:17)
    at onNext (http://localhost:9876/_karma_webpack_/webpack:/node_modules/rxjs/dist/esm/internal/operators/map.js:7:37)
    at OperatorSubscriber._next (http://localhost:9876/_karma_webpack_/webpack:/node_modules/rxjs/dist/esm/internal/operators/OperatorSubscriber.js:13:21)
    at OperatorSubscriber.next (http://localhost:9876/_karma_webpack_/webpack:/node_modules/rxjs/dist/esm/internal/Subscriber.js:31:18)
    at onNext (http://localhost:9876/_karma_webpack_/webpack:/node_modules/rxjs/dist/esm/internal/operators/mergeInternals.js:25:28)
    at OperatorSubscriber._next (http://localhost:9876/_karma_webpack_/webpack:/node_modules/rxjs/dist/esm/internal/operators/OperatorSubscriber.js:13:21)
    at OperatorSubscriber.next (http://localhost:9876/_karma_webpack_/webpack:/node_modules/rxjs/dist/esm/internal/Subscriber.js:31:18)
    at onNext (http://localhost:9876/_karma_webpack_/webpack:/node_modules/rxjs/dist/esm/internal/operators/map.js:7:24)
    at OperatorSubscriber._next (http://localhost:9876/_karma_webpack_/webpack:/node_modules/rxjs/dist/esm/internal/operators/OperatorSubscriber.js:13:21)
    at OperatorSubscriber.next (http://localhost:9876/_karma_webpack_/webpack:/node_modules/rxjs/dist/esm/internal/Subscriber.js:31:18)
[1A[2KChrome Headless 140.0.0.0 (Mac OS 10.15.7): Executed 752 of 985[31m (201 FAILED)[39m (skipped 2) (0 secs / 1 min 46.482 secs)
[1A[2KChrome Headless 140.0.0.0 (Mac OS 10.15.7): Executed 753 of 985[31m (201 FAILED)[39m (skipped 2) (0 secs / 1 min 47.987 secs)
[1A[2KChrome Headless 140.0.0.0 (Mac OS 10.15.7): Executed 754 of 985[31m (201 FAILED)[39m (skipped 2) (0 secs / 1 min 49.492 secs)
[1A[2KChrome Headless 140.0.0.0 (Mac OS 10.15.7): Executed 755 of 985[31m (201 FAILED)[39m (skipped 2) (0 secs / 1 min 49.499 secs)
[1A[2KChrome Headless 140.0.0.0 (Mac OS 10.15.7): Executed 756 of 985[31m (201 FAILED)[39m (skipped 2) (0 secs / 1 min 49.5 secs)
[1A[2K[31mChrome Headless 140.0.0.0 (Mac OS 10.15.7) OCRService Text Extraction from Base64 should extract text from base64 image FAILED[39m
	Expected 'SERVICIO DE ADMINISTRACION TRIBUTARIA SAT CONSTANCIA DE SITUACION FISCAL NOMBRE: PEDRO MARTINEZ RUIZ RFC: MARP850615G71' to contain 'INSTITUTO NACIONAL ELECTORAL'.
	    at <Jasmine>
	    at UserContext.<anonymous> (src/app/services/ocr.service.spec.ts:172:27)
	    at Generator.next (<anonymous>)
	    at asyncGeneratorStep (node_modules/@angular-devkit/build-angular/node_modules/@babel/runtime/helpers/esm/asyncToGenerator.js:3:1)
	    at _next (node_modules/@angular-devkit/build-angular/node_modules/@babel/runtime/helpers/esm/asyncToGenerator.js:17:1)
	Expected 88 to be 89.5.
	    at <Jasmine>
	    at UserContext.<anonymous> (src/app/services/ocr.service.spec.ts:173:33)
	    at Generator.next (<anonymous>)
	    at asyncGeneratorStep (node_modules/@angular-devkit/build-angular/node_modules/@babel/runtime/helpers/esm/asyncToGenerator.js:3:1)
	    at _next (node_modules/@angular-devkit/build-angular/node_modules/@babel/runtime/helpers/esm/asyncToGenerator.js:17:1)
Chrome Headless 140.0.0.0 (Mac OS 10.15.7): Executed 757 of 985[31m (202 FAILED)[39m (skipped 2) (0 secs / 1 min 49.503 secs)
[1A[2KChrome Headless 140.0.0.0 (Mac OS 10.15.7): Executed 758 of 985[31m (202 FAILED)[39m (skipped 2) (0 secs / 1 min 49.504 secs)
[1A[2KERROR: [36m'Error during OCR processing:', Error: Invalid image
Error: Invalid image
    at UserContext.<anonymous> (http://localhost:9876/_karma_webpack_/webpack:/src/app/services/ocr.service.spec.ts:185:68)
    at Generator.next (<anonymous>)
    at asyncGeneratorStep (http://localhost:9876/_karma_webpack_/webpack:/node_modules/@angular-devkit/build-angular/node_modules/@babel/runtime/helpers/esm/asyncToGenerator.js:3:1)
    at _next (http://localhost:9876/_karma_webpack_/webpack:/node_modules/@angular-devkit/build-angular/node_modules/@babel/runtime/helpers/esm/asyncToGenerator.js:17:1)
    at executor (http://localhost:9876/_karma_webpack_/webpack:/node_modules/@angular-devkit/build-angular/node_modules/@babel/runtime/helpers/esm/asyncToGenerator.js:22:1)
    at new ZoneAwarePromise (http://localhost:9876/_karma_webpack_/webpack:/node_modules/zone.js/fesm2015/zone.js:2702:25)
    at UserContext.apply (http://localhost:9876/_karma_webpack_/webpack:/node_modules/@angular-devkit/build-angular/node_modules/@babel/runtime/helpers/esm/asyncToGenerator.js:14:1)
    at _ZoneDelegate.invoke (http://localhost:9876/_karma_webpack_/webpack:/node_modules/zone.js/fesm2015/zone.js:369:28)
    at ProxyZoneSpec.onInvoke (http://localhost:9876/_karma_webpack_/webpack:/node_modules/zone.js/fesm2015/zone-testing.js:2081:39)
    at _ZoneDelegate.invoke (http://localhost:9876/_karma_webpack_/webpack:/node_modules/zone.js/fesm2015/zone.js:368:34)[39m
Chrome Headless 140.0.0.0 (Mac OS 10.15.7): Executed 758 of 985[31m (202 FAILED)[39m (skipped 2) (0 secs / 1 min 49.504 secs)
ERROR: 'Error during OCR processing:', Error: Invalid image
Error: Invalid image
    at UserContext.<anonymous> (http://localhost:9876/_karma_webpack_/webpack:/src/app/services/ocr.service.spec.ts:185:68)
    at Generator.next (<anonymous>)
    at asyncGeneratorStep (http://localhost:9876/_karma_webpack_/webpack:/node_modules/@angular-devkit/build-angular/node_modules/@babel/runtime/helpers/esm/asyncToGenerator.js:3:1)
    at _next (http://localhost:9876/_karma_webpack_/webpack:/node_modules/@angular-devkit/build-angular/node_modules/@babel/runtime/helpers/esm/asyncToGenerator.js:17:1)
    at executor (http://localhost:9876/_karma_webpack_/webpack:/node_modules/@angular-devkit/build-angular/node_modules/@babel/runtime/helpers/esm/asyncToGenerator.js:22:1)
    at new ZoneAwarePromise (http://localhost:9876/_karma_webpack_/webpack:/node_modules/zone.js/fesm2015/zone.js:2702:25)
    at UserContext.apply (http://localhost:9876/_karma_webpack_/webpack:/node_modules/@angular-devkit/build-angular/node_modules/@babel/runtime/helpers/esm/asyncToGenerator.js:14:1)
    at _ZoneDelegate.invoke (http://localhost:9876/_karma_webpack_/webpack:/node_modules/zone.js/fesm2015/zone.js:369:28)
    at ProxyZoneSpec.onInvoke (http://localhost:9876/_karma_webpack_/webpack:/node_modules/zone.js/fesm2015/zone-testing.js:2081:39)
    at _ZoneDelegate.invoke (http://localhost:9876/_karma_webpack_/webpack:/node_modules/zone.js/fesm2015/zone.js:368:34)
[1A[2KChrome Headless 140.0.0.0 (Mac OS 10.15.7): Executed 759 of 985[31m (202 FAILED)[39m (skipped 2) (0 secs / 1 min 49.51 secs)
[1A[2KChrome Headless 140.0.0.0 (Mac OS 10.15.7): Executed 760 of 985[31m (202 FAILED)[39m (skipped 2) (0 secs / 1 min 49.511 secs)
[1A[2KChrome Headless 140.0.0.0 (Mac OS 10.15.7): Executed 761 of 985[31m (202 FAILED)[39m (skipped 2) (0 secs / 1 min 49.513 secs)
[1A[2KChrome Headless 140.0.0.0 (Mac OS 10.15.7): Executed 762 of 985[31m (202 FAILED)[39m (skipped 2) (0 secs / 1 min 49.514 secs)
[1A[2KChrome Headless 140.0.0.0 (Mac OS 10.15.7): Executed 763 of 985[31m (202 FAILED)[39m (skipped 2) (0 secs / 1 min 49.514 secs)
[1A[2KChrome Headless 140.0.0.0 (Mac OS 10.15.7): Executed 764 of 985[31m (202 FAILED)[39m (skipped 2) (0 secs / 1 min 49.515 secs)
[1A[2KChrome Headless 140.0.0.0 (Mac OS 10.15.7): Executed 765 of 985[31m (202 FAILED)[39m (skipped 2) (0 secs / 1 min 49.516 secs)
[1A[2KChrome Headless 140.0.0.0 (Mac OS 10.15.7): Executed 766 of 985[31m (202 FAILED)[39m (skipped 2) (0 secs / 1 min 49.517 secs)
[1A[2KChrome Headless 140.0.0.0 (Mac OS 10.15.7): Executed 767 of 985[31m (202 FAILED)[39m (skipped 2) (0 secs / 1 min 49.518 secs)
[1A[2KChrome Headless 140.0.0.0 (Mac OS 10.15.7): Executed 768 of 985[31m (202 FAILED)[39m (skipped 2) (0 secs / 1 min 49.519 secs)
[1A[2KChrome Headless 140.0.0.0 (Mac OS 10.15.7): Executed 769 of 985[31m (202 FAILED)[39m (skipped 2) (0 secs / 1 min 49.52 secs)
[1A[2KChrome Headless 140.0.0.0 (Mac OS 10.15.7): Executed 770 of 985[31m (202 FAILED)[39m (skipped 2) (0 secs / 1 min 49.52 secs)
[1A[2KChrome Headless 140.0.0.0 (Mac OS 10.15.7): Executed 771 of 985[31m (202 FAILED)[39m (skipped 2) (0 secs / 1 min 49.521 secs)
[1A[2KChrome Headless 140.0.0.0 (Mac OS 10.15.7): Executed 772 of 985[31m (202 FAILED)[39m (skipped 2) (0 secs / 1 min 49.522 secs)
[1A[2KWARN: [36m'Spec 'OCRService Progress Messaging should handle unknown status messages' has no expectations.'[39m
Chrome Headless 140.0.0.0 (Mac OS 10.15.7): Executed 772 of 985[31m (202 FAILED)[39m (skipped 2) (0 secs / 1 min 49.522 secs)
WARN: 'Spec 'OCRService Progress Messaging should handle unknown status messages' has no expectations.'
[1A[2KChrome Headless 140.0.0.0 (Mac OS 10.15.7): Executed 773 of 985[31m (202 FAILED)[39m (skipped 2) (0 secs / 1 min 49.523 secs)
[1A[2KChrome Headless 140.0.0.0 (Mac OS 10.15.7): Executed 774 of 985[31m (202 FAILED)[39m (skipped 2) (0 secs / 1 min 49.523 secs)
[1A[2KChrome Headless 140.0.0.0 (Mac OS 10.15.7): Executed 775 of 985[31m (202 FAILED)[39m (skipped 2) (0 secs / 1 min 49.524 secs)
[1A[2KChrome Headless 140.0.0.0 (Mac OS 10.15.7): Executed 776 of 985[31m (202 FAILED)[39m (skipped 2) (0 secs / 1 min 49.526 secs)
[1A[2KChrome Headless 140.0.0.0 (Mac OS 10.15.7): Executed 777 of 985[31m (202 FAILED)[39m (skipped 2) (0 secs / 1 min 49.527 secs)
[1A[2KChrome Headless 140.0.0.0 (Mac OS 10.15.7): Executed 778 of 985[31m (202 FAILED)[39m (skipped 2) (0 secs / 1 min 49.528 secs)
[1A[2KChrome Headless 140.0.0.0 (Mac OS 10.15.7): Executed 779 of 985[31m (202 FAILED)[39m (skipped 2) (0 secs / 1 min 49.529 secs)
[1A[2KChrome Headless 140.0.0.0 (Mac OS 10.15.7): Executed 780 of 985[31m (202 FAILED)[39m (skipped 2) (0 secs / 1 min 49.529 secs)
[1A[2K[31mChrome Headless 140.0.0.0 (Mac OS 10.15.7) OCRService Text Extraction from Image File should extract text from image file FAILED[39m
	Expected 'TARJETA DE CIRCULACION PLACAS: ABC-12-34 MARCA: NISSAN MODELO: SENTRA AÑO: 2020 VEHICULO AUTOMOVIL' to contain 'INSTITUTO NACIONAL ELECTORAL'.
	    at <Jasmine>
	    at UserContext.<anonymous> (src/app/services/ocr.service.spec.ts:126:27)
	    at Generator.next (<anonymous>)
	    at asyncGeneratorStep (node_modules/@angular-devkit/build-angular/node_modules/@babel/runtime/helpers/esm/asyncToGenerator.js:3:1)
	    at _next (node_modules/@angular-devkit/build-angular/node_modules/@babel/runtime/helpers/esm/asyncToGenerator.js:17:1)
	Expected 80 to be 89.5.
	    at <Jasmine>
	    at UserContext.<anonymous> (src/app/services/ocr.service.spec.ts:127:33)
	    at Generator.next (<anonymous>)
	    at asyncGeneratorStep (node_modules/@angular-devkit/build-angular/node_modules/@babel/runtime/helpers/esm/asyncToGenerator.js:3:1)
	    at _next (node_modules/@angular-devkit/build-angular/node_modules/@babel/runtime/helpers/esm/asyncToGenerator.js:17:1)
	Expected 0 to be 3.
	    at <Jasmine>
	    at UserContext.<anonymous> (src/app/services/ocr.service.spec.ts:128:35)
	    at Generator.next (<anonymous>)
	    at asyncGeneratorStep (node_modules/@angular-devkit/build-angular/node_modules/@babel/runtime/helpers/esm/asyncToGenerator.js:3:1)
	    at _next (node_modules/@angular-devkit/build-angular/node_modules/@babel/runtime/helpers/esm/asyncToGenerator.js:17:1)
	TypeError: Cannot read properties of undefined (reading 'text')
	    at UserContext.<anonymous> (src/app/services/ocr.service.spec.ts:129:30)
	    at Generator.next (<anonymous>)
	    at asyncGeneratorStep (node_modules/@angular-devkit/build-angular/node_modules/@babel/runtime/helpers/esm/asyncToGenerator.js:3:1)
	    at apply (node_modules/@angular-devkit/build-angular/node_modules/@babel/runtime/helpers/esm/asyncToGenerator.js:17:1)
	    at _ZoneDelegate.invoke (node_modules/zone.js/fesm2015/zone.js:369:28)
	    at ProxyZoneSpec.onInvoke (node_modules/zone.js/fesm2015/zone-testing.js:2081:39)
	    at _ZoneDelegate.invoke (node_modules/zone.js/fesm2015/zone.js:368:34)
	    at ZoneImpl.run (node_modules/zone.js/fesm2015/zone.js:111:43)
	    at apply (node_modules/zone.js/fesm2015/zone.js:2538:40)
	    at _ZoneDelegate.invokeTask (node_modules/zone.js/fesm2015/zone.js:402:33)
Chrome Headless 140.0.0.0 (Mac OS 10.15.7): Executed 781 of 985[31m (203 FAILED)[39m (skipped 2) (0 secs / 1 min 49.53 secs)
[1A[2KChrome Headless 140.0.0.0 (Mac OS 10.15.7): Executed 782 of 985[31m (203 FAILED)[39m (skipped 2) (0 secs / 1 min 49.53 secs)
[1A[2K[31mChrome Headless 140.0.0.0 (Mac OS 10.15.7) OCRService Text Extraction from Image File should extract structured data when document type is provided FAILED[39m
	Expected undefined to be 'PEGJ850315HDFRGN09'.
	    at <Jasmine>
	    at UserContext.<anonymous> (src/app/services/ocr.service.spec.ts:137:48)
	    at Generator.next (<anonymous>)
	    at asyncGeneratorStep (node_modules/@angular-devkit/build-angular/node_modules/@babel/runtime/helpers/esm/asyncToGenerator.js:3:1)
	    at _next (node_modules/@angular-devkit/build-angular/node_modules/@babel/runtime/helpers/esm/asyncToGenerator.js:17:1)
Chrome Headless 140.0.0.0 (Mac OS 10.15.7): Executed 783 of 985[31m (204 FAILED)[39m (skipped 2) (0 secs / 1 min 49.531 secs)
[1A[2KERROR: [36m'Error during OCR processing:', Error: OCR failed
Error: OCR failed
    at UserContext.<anonymous> (http://localhost:9876/_karma_webpack_/webpack:/src/app/services/ocr.service.spec.ts:141:68)
    at Generator.next (<anonymous>)
    at asyncGeneratorStep (http://localhost:9876/_karma_webpack_/webpack:/node_modules/@angular-devkit/build-angular/node_modules/@babel/runtime/helpers/esm/asyncToGenerator.js:3:1)
    at _next (http://localhost:9876/_karma_webpack_/webpack:/node_modules/@angular-devkit/build-angular/node_modules/@babel/runtime/helpers/esm/asyncToGenerator.js:17:1)
    at executor (http://localhost:9876/_karma_webpack_/webpack:/node_modules/@angular-devkit/build-angular/node_modules/@babel/runtime/helpers/esm/asyncToGenerator.js:22:1)
    at new ZoneAwarePromise (http://localhost:9876/_karma_webpack_/webpack:/node_modules/zone.js/fesm2015/zone.js:2702:25)
    at UserContext.apply (http://localhost:9876/_karma_webpack_/webpack:/node_modules/@angular-devkit/build-angular/node_modules/@babel/runtime/helpers/esm/asyncToGenerator.js:14:1)
    at _ZoneDelegate.invoke (http://localhost:9876/_karma_webpack_/webpack:/node_modules/zone.js/fesm2015/zone.js:369:28)
    at ProxyZoneSpec.onInvoke (http://localhost:9876/_karma_webpack_/webpack:/node_modules/zone.js/fesm2015/zone-testing.js:2081:39)
    at _ZoneDelegate.invoke (http://localhost:9876/_karma_webpack_/webpack:/node_modules/zone.js/fesm2015/zone.js:368:34)[39m
Chrome Headless 140.0.0.0 (Mac OS 10.15.7): Executed 783 of 985[31m (204 FAILED)[39m (skipped 2) (0 secs / 1 min 49.531 secs)
ERROR: 'Error during OCR processing:', Error: OCR failed
Error: OCR failed
    at UserContext.<anonymous> (http://localhost:9876/_karma_webpack_/webpack:/src/app/services/ocr.service.spec.ts:141:68)
    at Generator.next (<anonymous>)
    at asyncGeneratorStep (http://localhost:9876/_karma_webpack_/webpack:/node_modules/@angular-devkit/build-angular/node_modules/@babel/runtime/helpers/esm/asyncToGenerator.js:3:1)
    at _next (http://localhost:9876/_karma_webpack_/webpack:/node_modules/@angular-devkit/build-angular/node_modules/@babel/runtime/helpers/esm/asyncToGenerator.js:17:1)
    at executor (http://localhost:9876/_karma_webpack_/webpack:/node_modules/@angular-devkit/build-angular/node_modules/@babel/runtime/helpers/esm/asyncToGenerator.js:22:1)
    at new ZoneAwarePromise (http://localhost:9876/_karma_webpack_/webpack:/node_modules/zone.js/fesm2015/zone.js:2702:25)
    at UserContext.apply (http://localhost:9876/_karma_webpack_/webpack:/node_modules/@angular-devkit/build-angular/node_modules/@babel/runtime/helpers/esm/asyncToGenerator.js:14:1)
    at _ZoneDelegate.invoke (http://localhost:9876/_karma_webpack_/webpack:/node_modules/zone.js/fesm2015/zone.js:369:28)
    at ProxyZoneSpec.onInvoke (http://localhost:9876/_karma_webpack_/webpack:/node_modules/zone.js/fesm2015/zone-testing.js:2081:39)
    at _ZoneDelegate.invoke (http://localhost:9876/_karma_webpack_/webpack:/node_modules/zone.js/fesm2015/zone.js:368:34)
[1A[2KChrome Headless 140.0.0.0 (Mac OS 10.15.7): Executed 784 of 985[31m (204 FAILED)[39m (skipped 2) (0 secs / 1 min 49.532 secs)
[1A[2KChrome Headless 140.0.0.0 (Mac OS 10.15.7): Executed 785 of 985[31m (204 FAILED)[39m (skipped 2) (0 secs / 1 min 49.534 secs)
[1A[2KChrome Headless 140.0.0.0 (Mac OS 10.15.7): Executed 786 of 985[31m (204 FAILED)[39m (skipped 2) (0 secs / 1 min 49.534 secs)
[1A[2KChrome Headless 140.0.0.0 (Mac OS 10.15.7): Executed 787 of 985[31m (204 FAILED)[39m (skipped 2) (0 secs / 1 min 49.535 secs)
[1A[2K[31mChrome Headless 140.0.0.0 (Mac OS 10.15.7) OCRService Document Type Validation should handle unknown document types FAILED[39m
	Expected NaN to be 0.
	    at <Jasmine>
	    at UserContext.apply (src/app/services/ocr.service.spec.ts:348:37)
	    at _ZoneDelegate.invoke (node_modules/zone.js/fesm2015/zone.js:369:28)
	    at ProxyZoneSpec.onInvoke (node_modules/zone.js/fesm2015/zone-testing.js:2081:39)
	    at _ZoneDelegate.invoke (node_modules/zone.js/fesm2015/zone.js:368:34)
Chrome Headless 140.0.0.0 (Mac OS 10.15.7): Executed 788 of 985[31m (205 FAILED)[39m (skipped 2) (0 secs / 1 min 49.536 secs)
[1A[2KChrome Headless 140.0.0.0 (Mac OS 10.15.7): Executed 789 of 985[31m (205 FAILED)[39m (skipped 2) (0 secs / 1 min 49.536 secs)
[1A[2KChrome Headless 140.0.0.0 (Mac OS 10.15.7): Executed 790 of 985[31m (205 FAILED)[39m (skipped 2) (0 secs / 1 min 49.536 secs)
[1A[2KChrome Headless 140.0.0.0 (Mac OS 10.15.7): Executed 791 of 985[31m (205 FAILED)[39m (skipped 2) (0 secs / 1 min 49.537 secs)
[1A[2KChrome Headless 140.0.0.0 (Mac OS 10.15.7): Executed 792 of 985[31m (205 FAILED)[39m (skipped 2) (0 secs / 1 min 49.538 secs)
[1A[2KERROR: [36m'Error initializing OCR worker:', Error: Network error
Error: Network error
    at UserContext.<anonymous> (http://localhost:9876/_karma_webpack_/webpack:/src/app/services/ocr.service.spec.ts:95:55)
    at Generator.next (<anonymous>)
    at asyncGeneratorStep (http://localhost:9876/_karma_webpack_/webpack:/node_modules/@angular-devkit/build-angular/node_modules/@babel/runtime/helpers/esm/asyncToGenerator.js:3:1)
    at _next (http://localhost:9876/_karma_webpack_/webpack:/node_modules/@angular-devkit/build-angular/node_modules/@babel/runtime/helpers/esm/asyncToGenerator.js:17:1)
    at executor (http://localhost:9876/_karma_webpack_/webpack:/node_modules/@angular-devkit/build-angular/node_modules/@babel/runtime/helpers/esm/asyncToGenerator.js:22:1)
    at new ZoneAwarePromise (http://localhost:9876/_karma_webpack_/webpack:/node_modules/zone.js/fesm2015/zone.js:2702:25)
    at UserContext.apply (http://localhost:9876/_karma_webpack_/webpack:/node_modules/@angular-devkit/build-angular/node_modules/@babel/runtime/helpers/esm/asyncToGenerator.js:14:1)
    at _ZoneDelegate.invoke (http://localhost:9876/_karma_webpack_/webpack:/node_modules/zone.js/fesm2015/zone.js:369:28)
    at ProxyZoneSpec.onInvoke (http://localhost:9876/_karma_webpack_/webpack:/node_modules/zone.js/fesm2015/zone-testing.js:2081:39)
    at _ZoneDelegate.invoke (http://localhost:9876/_karma_webpack_/webpack:/node_modules/zone.js/fesm2015/zone.js:368:34)[39m
Chrome Headless 140.0.0.0 (Mac OS 10.15.7): Executed 792 of 985[31m (205 FAILED)[39m (skipped 2) (0 secs / 1 min 49.538 secs)
ERROR: 'Error initializing OCR worker:', Error: Network error
Error: Network error
    at UserContext.<anonymous> (http://localhost:9876/_karma_webpack_/webpack:/src/app/services/ocr.service.spec.ts:95:55)
    at Generator.next (<anonymous>)
    at asyncGeneratorStep (http://localhost:9876/_karma_webpack_/webpack:/node_modules/@angular-devkit/build-angular/node_modules/@babel/runtime/helpers/esm/asyncToGenerator.js:3:1)
    at _next (http://localhost:9876/_karma_webpack_/webpack:/node_modules/@angular-devkit/build-angular/node_modules/@babel/runtime/helpers/esm/asyncToGenerator.js:17:1)
    at executor (http://localhost:9876/_karma_webpack_/webpack:/node_modules/@angular-devkit/build-angular/node_modules/@babel/runtime/helpers/esm/asyncToGenerator.js:22:1)
    at new ZoneAwarePromise (http://localhost:9876/_karma_webpack_/webpack:/node_modules/zone.js/fesm2015/zone.js:2702:25)
    at UserContext.apply (http://localhost:9876/_karma_webpack_/webpack:/node_modules/@angular-devkit/build-angular/node_modules/@babel/runtime/helpers/esm/asyncToGenerator.js:14:1)
    at _ZoneDelegate.invoke (http://localhost:9876/_karma_webpack_/webpack:/node_modules/zone.js/fesm2015/zone.js:369:28)
    at ProxyZoneSpec.onInvoke (http://localhost:9876/_karma_webpack_/webpack:/node_modules/zone.js/fesm2015/zone-testing.js:2081:39)
    at _ZoneDelegate.invoke (http://localhost:9876/_karma_webpack_/webpack:/node_modules/zone.js/fesm2015/zone.js:368:34)
[1A[2KChrome Headless 140.0.0.0 (Mac OS 10.15.7): Executed 793 of 985[31m (205 FAILED)[39m (skipped 2) (0 secs / 1 min 49.539 secs)
[1A[2KChrome Headless 140.0.0.0 (Mac OS 10.15.7): Executed 794 of 985[31m (205 FAILED)[39m (skipped 2) (0 secs / 1 min 49.54 secs)
[1A[2KChrome Headless 140.0.0.0 (Mac OS 10.15.7): Executed 795 of 985[31m (205 FAILED)[39m (skipped 2) (0 secs / 1 min 49.541 secs)
[1A[2KChrome Headless 140.0.0.0 (Mac OS 10.15.7): Executed 796 of 985[31m (205 FAILED)[39m (skipped 2) (0 secs / 1 min 49.541 secs)
[1A[2KChrome Headless 140.0.0.0 (Mac OS 10.15.7): Executed 797 of 985[31m (205 FAILED)[39m (skipped 2) (0 secs / 1 min 49.542 secs)
[1A[2KChrome Headless 140.0.0.0 (Mac OS 10.15.7): Executed 798 of 985[31m (205 FAILED)[39m (skipped 2) (0 secs / 1 min 49.542 secs)
[1A[2KChrome Headless 140.0.0.0 (Mac OS 10.15.7): Executed 799 of 985[31m (205 FAILED)[39m (skipped 2) (0 secs / 1 min 49.542 secs)
[1A[2KChrome Headless 140.0.0.0 (Mac OS 10.15.7): Executed 800 of 985[31m (205 FAILED)[39m (skipped 2) (0 secs / 1 min 49.543 secs)
[1A[2KChrome Headless 140.0.0.0 (Mac OS 10.15.7): Executed 801 of 985[31m (205 FAILED)[39m (skipped 2) (0 secs / 1 min 49.543 secs)
[1A[2KChrome Headless 140.0.0.0 (Mac OS 10.15.7): Executed 802 of 985[31m (205 FAILED)[39m (skipped 2) (0 secs / 1 min 49.544 secs)
[1A[2KChrome Headless 140.0.0.0 (Mac OS 10.15.7): Executed 803 of 985[31m (205 FAILED)[39m (skipped 2) (0 secs / 1 min 49.545 secs)
[1A[2KChrome Headless 140.0.0.0 (Mac OS 10.15.7): Executed 804 of 985[31m (205 FAILED)[39m (skipped 2) (0 secs / 1 min 49.545 secs)
[1A[2KChrome Headless 140.0.0.0 (Mac OS 10.15.7): Executed 805 of 985[31m (205 FAILED)[39m (skipped 2) (0 secs / 1 min 49.546 secs)
[1A[2KChrome Headless 140.0.0.0 (Mac OS 10.15.7): Executed 806 of 985[31m (205 FAILED)[39m (skipped 2) (0 secs / 1 min 49.546 secs)
[1A[2KChrome Headless 140.0.0.0 (Mac OS 10.15.7): Executed 807 of 985[31m (205 FAILED)[39m (skipped 2) (0 secs / 1 min 49.546 secs)
[1A[2KChrome Headless 140.0.0.0 (Mac OS 10.15.7): Executed 808 of 985[31m (205 FAILED)[39m (skipped 2) (0 secs / 1 min 49.547 secs)
[1A[2KChrome Headless 140.0.0.0 (Mac OS 10.15.7): Executed 809 of 985[31m (205 FAILED)[39m (skipped 2) (0 secs / 1 min 49.547 secs)
[1A[2KChrome Headless 140.0.0.0 (Mac OS 10.15.7): Executed 810 of 985[31m (205 FAILED)[39m (skipped 2) (0 secs / 1 min 49.548 secs)
[1A[2KChrome Headless 140.0.0.0 (Mac OS 10.15.7): Executed 811 of 985[31m (205 FAILED)[39m (skipped 2) (0 secs / 1 min 49.548 secs)
[1A[2KChrome Headless 140.0.0.0 (Mac OS 10.15.7): Executed 812 of 985[31m (205 FAILED)[39m (skipped 2) (0 secs / 1 min 49.548 secs)
[1A[2KChrome Headless 140.0.0.0 (Mac OS 10.15.7): Executed 813 of 985[31m (205 FAILED)[39m (skipped 2) (0 secs / 1 min 49.549 secs)
[1A[2KChrome Headless 140.0.0.0 (Mac OS 10.15.7): Executed 814 of 985[31m (205 FAILED)[39m (skipped 2) (0 secs / 1 min 49.55 secs)
[1A[2KChrome Headless 140.0.0.0 (Mac OS 10.15.7): Executed 815 of 985[31m (205 FAILED)[39m (skipped 2) (0 secs / 1 min 49.551 secs)
[1A[2KChrome Headless 140.0.0.0 (Mac OS 10.15.7): Executed 816 of 985[31m (205 FAILED)[39m (skipped 2) (0 secs / 1 min 49.551 secs)
[1A[2KChrome Headless 140.0.0.0 (Mac OS 10.15.7): Executed 817 of 985[31m (205 FAILED)[39m (skipped 2) (0 secs / 1 min 49.551 secs)
[1A[2KChrome Headless 140.0.0.0 (Mac OS 10.15.7): Executed 818 of 985[31m (205 FAILED)[39m (skipped 2) (0 secs / 1 min 49.551 secs)
[1A[2K[31mChrome Headless 140.0.0.0 (Mac OS 10.15.7) ApiService Utility Methods should clear cache FAILED[39m
	TypeError: Cannot read properties of undefined (reading 'pipe')
	    at ApiService.getClients (src/app/services/api.service.ts:40:7)
	    at UserContext.apply (src/app/services/api.service.spec.ts:440:15)
	    at _ZoneDelegate.invoke (node_modules/zone.js/fesm2015/zone.js:369:28)
	    at ProxyZoneSpec.onInvoke (node_modules/zone.js/fesm2015/zone-testing.js:2081:39)
	    at _ZoneDelegate.invoke (node_modules/zone.js/fesm2015/zone.js:368:34)
	    at ZoneImpl.run (node_modules/zone.js/fesm2015/zone.js:111:43)
	    at runInTestZone (node_modules/zone.js/fesm2015/zone-testing.js:213:38)
	    at UserContext.<anonymous> (node_modules/zone.js/fesm2015/zone-testing.js:231:32)
	    at <Jasmine>
Chrome Headless 140.0.0.0 (Mac OS 10.15.7): Executed 819 of 985[31m (206 FAILED)[39m (skipped 2) (0 secs / 1 min 49.552 secs)
[1A[2KChrome Headless 140.0.0.0 (Mac OS 10.15.7): Executed 820 of 985[31m (206 FAILED)[39m (skipped 2) (0 secs / 1 min 49.552 secs)
[1A[2KChrome Headless 140.0.0.0 (Mac OS 10.15.7): Executed 821 of 985[31m (206 FAILED)[39m (skipped 2) (0 secs / 1 min 49.553 secs)
[1A[2KChrome Headless 140.0.0.0 (Mac OS 10.15.7): Executed 822 of 985[31m (206 FAILED)[39m (skipped 2) (0 secs / 1 min 49.554 secs)
[1A[2KChrome Headless 140.0.0.0 (Mac OS 10.15.7): Executed 823 of 985[31m (206 FAILED)[39m (skipped 2) (0 secs / 1 min 49.555 secs)
[1A[2KChrome Headless 140.0.0.0 (Mac OS 10.15.7): Executed 824 of 985[31m (206 FAILED)[39m (skipped 2) (0 secs / 1 min 49.555 secs)
[1A[2KChrome Headless 140.0.0.0 (Mac OS 10.15.7): Executed 825 of 985[31m (206 FAILED)[39m (skipped 2) (0 secs / 1 min 49.555 secs)
[1A[2KChrome Headless 140.0.0.0 (Mac OS 10.15.7): Executed 826 of 985[31m (206 FAILED)[39m (skipped 2) (0 secs / 1 min 49.556 secs)
[1A[2KChrome Headless 140.0.0.0 (Mac OS 10.15.7): Executed 827 of 985[31m (206 FAILED)[39m (skipped 2) (0 secs / 1 min 49.557 secs)
[1A[2KChrome Headless 140.0.0.0 (Mac OS 10.15.7): Executed 828 of 985[31m (206 FAILED)[39m (skipped 2) (0 secs / 1 min 51.562 secs)
[1A[2KChrome Headless 140.0.0.0 (Mac OS 10.15.7): Executed 829 of 985[31m (206 FAILED)[39m (skipped 2) (0 secs / 1 min 51.564 secs)
[1A[2KChrome Headless 140.0.0.0 (Mac OS 10.15.7): Executed 830 of 985[31m (206 FAILED)[39m (skipped 2) (0 secs / 1 min 51.565 secs)
[1A[2KLOG: [36m'Configuración cambiada:', 'dataRetention', 180[39m
Chrome Headless 140.0.0.0 (Mac OS 10.15.7): Executed 830 of 985[31m (206 FAILED)[39m (skipped 2) (0 secs / 1 min 51.565 secs)
LOG: 'Configuración cambiada:', 'dataRetention', 180
[1A[2KLOG: [36m'Configuración cambiada:', 'dataRetention', -5[39m
Chrome Headless 140.0.0.0 (Mac OS 10.15.7): Executed 830 of 985[31m (206 FAILED)[39m (skipped 2) (0 secs / 1 min 51.565 secs)
LOG: 'Configuración cambiada:', 'dataRetention', -5
[1A[2KChrome Headless 140.0.0.0 (Mac OS 10.15.7): Executed 831 of 985[31m (206 FAILED)[39m (skipped 2) (0 secs / 1 min 51.572 secs)
[1A[2KChrome Headless 140.0.0.0 (Mac OS 10.15.7): Executed 832 of 985[31m (206 FAILED)[39m (skipped 2) (0 secs / 1 min 51.675 secs)
[1A[2KChrome Headless 140.0.0.0 (Mac OS 10.15.7): Executed 833 of 985[31m (206 FAILED)[39m (skipped 2) (0 secs / 1 min 53.18 secs)
[1A[2KChrome Headless 140.0.0.0 (Mac OS 10.15.7): Executed 834 of 985[31m (206 FAILED)[39m (skipped 2) (0 secs / 1 min 53.181 secs)
[1A[2KChrome Headless 140.0.0.0 (Mac OS 10.15.7): Executed 835 of 985[31m (206 FAILED)[39m (skipped 2) (0 secs / 1 min 53.182 secs)
[1A[2KChrome Headless 140.0.0.0 (Mac OS 10.15.7): Executed 836 of 985[31m (206 FAILED)[39m (skipped 2) (0 secs / 1 min 53.182 secs)
[1A[2KChrome Headless 140.0.0.0 (Mac OS 10.15.7): Executed 837 of 985[31m (206 FAILED)[39m (skipped 2) (0 secs / 1 min 53.182 secs)
[1A[2KChrome Headless 140.0.0.0 (Mac OS 10.15.7): Executed 838 of 985[31m (206 FAILED)[39m (skipped 2) (0 secs / 1 min 53.182 secs)
[1A[2KChrome Headless 140.0.0.0 (Mac OS 10.15.7): Executed 839 of 985[31m (206 FAILED)[39m (skipped 2) (0 secs / 1 min 53.183 secs)
[1A[2KChrome Headless 140.0.0.0 (Mac OS 10.15.7): Executed 840 of 985[31m (206 FAILED)[39m (skipped 2) (0 secs / 1 min 53.194 secs)
[1A[2KChrome Headless 140.0.0.0 (Mac OS 10.15.7): Executed 841 of 985[31m (206 FAILED)[39m (skipped 2) (0 secs / 1 min 53.201 secs)
[1A[2KChrome Headless 140.0.0.0 (Mac OS 10.15.7): Executed 842 of 985[31m (206 FAILED)[39m (skipped 2) (0 secs / 1 min 53.206 secs)
[1A[2KChrome Headless 140.0.0.0 (Mac OS 10.15.7): Executed 843 of 985[31m (206 FAILED)[39m (skipped 2) (0 secs / 1 min 53.809 secs)
[1A[2KChrome Headless 140.0.0.0 (Mac OS 10.15.7): Executed 844 of 985[31m (206 FAILED)[39m (skipped 2) (0 secs / 1 min 54.412 secs)
[1A[2KChrome Headless 140.0.0.0 (Mac OS 10.15.7): Executed 845 of 985[31m (206 FAILED)[39m (skipped 2) (0 secs / 1 min 55.014 secs)
[1A[2KChrome Headless 140.0.0.0 (Mac OS 10.15.7): Executed 846 of 985[31m (206 FAILED)[39m (skipped 2) (0 secs / 1 min 55.017 secs)
[1A[2KChrome Headless 140.0.0.0 (Mac OS 10.15.7): Executed 847 of 985[31m (206 FAILED)[39m (skipped 2) (0 secs / 1 min 55.018 secs)
[1A[2KChrome Headless 140.0.0.0 (Mac OS 10.15.7): Executed 848 of 985[31m (206 FAILED)[39m (skipped 2) (0 secs / 1 min 55.019 secs)
[1A[2KChrome Headless 140.0.0.0 (Mac OS 10.15.7): Executed 849 of 985[31m (206 FAILED)[39m (skipped 2) (0 secs / 1 min 55.02 secs)
[1A[2KChrome Headless 140.0.0.0 (Mac OS 10.15.7): Executed 850 of 985[31m (206 FAILED)[39m (skipped 2) (0 secs / 1 min 55.021 secs)
[1A[2KChrome Headless 140.0.0.0 (Mac OS 10.15.7): Executed 851 of 985[31m (206 FAILED)[39m (skipped 2) (0 secs / 1 min 55.022 secs)
[1A[2KChrome Headless 140.0.0.0 (Mac OS 10.15.7): Executed 852 of 985[31m (206 FAILED)[39m (skipped 2) (0 secs / 1 min 55.023 secs)
[1A[2KChrome Headless 140.0.0.0 (Mac OS 10.15.7): Executed 853 of 985[31m (206 FAILED)[39m (skipped 2) (0 secs / 1 min 55.025 secs)
[1A[2KChrome Headless 140.0.0.0 (Mac OS 10.15.7): Executed 854 of 985[31m (206 FAILED)[39m (skipped 2) (0 secs / 1 min 55.026 secs)
[1A[2K[31mChrome Headless 140.0.0.0 (Mac OS 10.15.7) NavigationService Route Parameters should get query parameters FAILED[39m
	Expected object to have properties
	    filter: 'active'
	    page: '1'
	    at <Jasmine>
	    at Object.next (src/app/services/navigation.service.spec.ts:385:29)
	    at ConsumerObserver.next (node_modules/rxjs/dist/esm/internal/Subscriber.js:91:33)
	    at SafeSubscriber._next (node_modules/rxjs/dist/esm/internal/Subscriber.js:60:26)
	    at SafeSubscriber.next (node_modules/rxjs/dist/esm/internal/Subscriber.js:31:18)
Chrome Headless 140.0.0.0 (Mac OS 10.15.7): Executed 855 of 985[31m (207 FAILED)[39m (skipped 2) (0 secs / 1 min 55.029 secs)
[1A[2K[31mChrome Headless 140.0.0.0 (Mac OS 10.15.7) NavigationService Route Parameters should get route parameters FAILED[39m
	Expected object to have properties
	    id: '123'
	    at <Jasmine>
	    at Object.next (src/app/services/navigation.service.spec.ts:375:24)
	    at ConsumerObserver.next (node_modules/rxjs/dist/esm/internal/Subscriber.js:91:33)
	    at SafeSubscriber._next (node_modules/rxjs/dist/esm/internal/Subscriber.js:60:26)
	    at SafeSubscriber.next (node_modules/rxjs/dist/esm/internal/Subscriber.js:31:18)
Chrome Headless 140.0.0.0 (Mac OS 10.15.7): Executed 856 of 985[31m (208 FAILED)[39m (skipped 2) (0 secs / 1 min 55.03 secs)
[1A[2KChrome Headless 140.0.0.0 (Mac OS 10.15.7): Executed 857 of 985[31m (208 FAILED)[39m (skipped 2) (0 secs / 1 min 55.031 secs)
[1A[2KChrome Headless 140.0.0.0 (Mac OS 10.15.7): Executed 858 of 985[31m (208 FAILED)[39m (skipped 2) (0 secs / 1 min 55.032 secs)
[1A[2KChrome Headless 140.0.0.0 (Mac OS 10.15.7): Executed 859 of 985[31m (208 FAILED)[39m (skipped 2) (0 secs / 1 min 55.033 secs)
[1A[2KChrome Headless 140.0.0.0 (Mac OS 10.15.7): Executed 860 of 985[31m (208 FAILED)[39m (skipped 2) (0 secs / 1 min 55.033 secs)
[1A[2KChrome Headless 140.0.0.0 (Mac OS 10.15.7): Executed 861 of 985[31m (208 FAILED)[39m (skipped 2) (0 secs / 1 min 55.034 secs)
[1A[2KChrome Headless 140.0.0.0 (Mac OS 10.15.7): Executed 862 of 985[31m (208 FAILED)[39m (skipped 2) (0 secs / 1 min 55.035 secs)
[1A[2KChrome Headless 140.0.0.0 (Mac OS 10.15.7): Executed 863 of 985[31m (208 FAILED)[39m (skipped 2) (0 secs / 1 min 55.035 secs)
[1A[2KChrome Headless 140.0.0.0 (Mac OS 10.15.7): Executed 864 of 985[31m (208 FAILED)[39m (skipped 2) (0 secs / 1 min 55.035 secs)
[1A[2KChrome Headless 140.0.0.0 (Mac OS 10.15.7): Executed 865 of 985[31m (208 FAILED)[39m (skipped 2) (0 secs / 1 min 55.035 secs)
[1A[2KChrome Headless 140.0.0.0 (Mac OS 10.15.7): Executed 866 of 985[31m (208 FAILED)[39m (skipped 2) (0 secs / 1 min 55.035 secs)
[1A[2KChrome Headless 140.0.0.0 (Mac OS 10.15.7): Executed 867 of 985[31m (208 FAILED)[39m (skipped 2) (0 secs / 1 min 55.036 secs)
[1A[2KChrome Headless 140.0.0.0 (Mac OS 10.15.7): Executed 868 of 985[31m (208 FAILED)[39m (skipped 2) (0 secs / 1 min 55.036 secs)
[1A[2KChrome Headless 140.0.0.0 (Mac OS 10.15.7): Executed 869 of 985[31m (208 FAILED)[39m (skipped 2) (0 secs / 1 min 55.036 secs)
[1A[2K[31mChrome Headless 140.0.0.0 (Mac OS 10.15.7) NavigationService Route Configuration should handle all configured main routes FAILED[39m
	Expected '/clientes' to be '/dashboard'.
	    at <Jasmine>
	    at Object.next (src/app/services/navigation.service.spec.ts:446:38)
	    at ConsumerObserver.next (node_modules/rxjs/dist/esm/internal/Subscriber.js:91:33)
	    at SafeSubscriber._next (node_modules/rxjs/dist/esm/internal/Subscriber.js:60:26)
	    at SafeSubscriber.next (node_modules/rxjs/dist/esm/internal/Subscriber.js:31:18)
	Expected '/expedientes' to be '/dashboard'.
	    at <Jasmine>
	    at Object.next (src/app/services/navigation.service.spec.ts:446:38)
	    at ConsumerObserver.next (node_modules/rxjs/dist/esm/internal/Subscriber.js:91:33)
	    at SafeSubscriber._next (node_modules/rxjs/dist/esm/internal/Subscriber.js:60:26)
	    at SafeSubscriber.next (node_modules/rxjs/dist/esm/internal/Subscriber.js:31:18)
	Expected '/expedientes' to be '/clientes'.
	    at <Jasmine>
	    at Object.next (src/app/services/navigation.service.spec.ts:446:38)
	    at ConsumerObserver.next (node_modules/rxjs/dist/esm/internal/Subscriber.js:91:33)
	    at SafeSubscriber._next (node_modules/rxjs/dist/esm/internal/Subscriber.js:60:26)
	    at SafeSubscriber.next (node_modules/rxjs/dist/esm/internal/Subscriber.js:31:18)
	Expected '/proteccion' to be '/dashboard'.
	    at <Jasmine>
	    at Object.next (src/app/services/navigation.service.spec.ts:446:38)
	    at ConsumerObserver.next (node_modules/rxjs/dist/esm/internal/Subscriber.js:91:33)
	    at SafeSubscriber._next (node_modules/rxjs/dist/esm/internal/Subscriber.js:60:26)
	    at SafeSubscriber.next (node_modules/rxjs/dist/esm/internal/Subscriber.js:31:18)
	Expected '/proteccion' to be '/clientes'.
	    at <Jasmine>
	    at Object.next (src/app/services/navigation.service.spec.ts:446:38)
	    at ConsumerObserver.next (node_modules/rxjs/dist/esm/internal/Subscriber.js:91:33)
	    at SafeSubscriber._next (node_modules/rxjs/dist/esm/internal/Subscriber.js:60:26)
	    at SafeSubscriber.next (node_modules/rxjs/dist/esm/internal/Subscriber.js:31:18)
	Expected '/proteccion' to be '/expedientes'.
	    at <Jasmine>
	    at Object.next (src/app/services/navigation.service.spec.ts:446:38)
	    at ConsumerObserver.next (node_modules/rxjs/dist/esm/internal/Subscriber.js:91:33)
	    at SafeSubscriber._next (node_modules/rxjs/dist/esm/internal/Subscriber.js:60:26)
	    at SafeSubscriber.next (node_modules/rxjs/dist/esm/internal/Subscriber.js:31:18)
	Expected '/reportes' to be '/dashboard'.
	    at <Jasmine>
	    at Object.next (src/app/services/navigation.service.spec.ts:446:38)
	    at ConsumerObserver.next (node_modules/rxjs/dist/esm/internal/Subscriber.js:91:33)
	    at SafeSubscriber._next (node_modules/rxjs/dist/esm/internal/Subscriber.js:60:26)
	    at SafeSubscriber.next (node_modules/rxjs/dist/esm/internal/Subscriber.js:31:18)
	Expected '/reportes' to be '/clientes'.
	    at <Jasmine>
	    at Object.next (src/app/services/navigation.service.spec.ts:446:38)
	    at ConsumerObserver.next (node_modules/rxjs/dist/esm/internal/Subscriber.js:91:33)
	    at SafeSubscriber._next (node_modules/rxjs/dist/esm/internal/Subscriber.js:60:26)
	    at SafeSubscriber.next (node_modules/rxjs/dist/esm/internal/Subscriber.js:31:18)
	Expected '/reportes' to be '/expedientes'.
	    at <Jasmine>
	    at Object.next (src/app/services/navigation.service.spec.ts:446:38)
	    at ConsumerObserver.next (node_modules/rxjs/dist/esm/internal/Subscriber.js:91:33)
	    at SafeSubscriber._next (node_modules/rxjs/dist/esm/internal/Subscriber.js:60:26)
	    at SafeSubscriber.next (node_modules/rxjs/dist/esm/internal/Subscriber.js:31:18)
	Expected '/reportes' to be '/proteccion'.
	    at <Jasmine>
	    at Object.next (src/app/services/navigation.service.spec.ts:446:38)
	    at ConsumerObserver.next (node_modules/rxjs/dist/esm/internal/Subscriber.js:91:33)
	    at SafeSubscriber._next (node_modules/rxjs/dist/esm/internal/Subscriber.js:60:26)
	    at SafeSubscriber.next (node_modules/rxjs/dist/esm/internal/Subscriber.js:31:18)
Chrome Headless 140.0.0.0 (Mac OS 10.15.7): Executed 870 of 985[31m (209 FAILED)[39m (skipped 2) (0 secs / 1 min 55.039 secs)
[1A[2KChrome Headless 140.0.0.0 (Mac OS 10.15.7): Executed 871 of 985[31m (209 FAILED)[39m (skipped 2) (0 secs / 1 min 55.039 secs)
[1A[2KChrome Headless 140.0.0.0 (Mac OS 10.15.7): Executed 872 of 985[31m (209 FAILED)[39m (skipped 2) (0 secs / 1 min 55.039 secs)
[1A[2KChrome Headless 140.0.0.0 (Mac OS 10.15.7): Executed 873 of 985[31m (209 FAILED)[39m (skipped 2) (0 secs / 1 min 55.04 secs)
[1A[2KChrome Headless 140.0.0.0 (Mac OS 10.15.7): Executed 874 of 985[31m (209 FAILED)[39m (skipped 2) (0 secs / 1 min 55.041 secs)
[1A[2KChrome Headless 140.0.0.0 (Mac OS 10.15.7): Executed 875 of 985[31m (209 FAILED)[39m (skipped 2) (0 secs / 1 min 55.042 secs)
[1A[2KChrome Headless 140.0.0.0 (Mac OS 10.15.7): Executed 876 of 985[31m (209 FAILED)[39m (skipped 2) (0 secs / 1 min 55.042 secs)
[1A[2KChrome Headless 140.0.0.0 (Mac OS 10.15.7): Executed 877 of 985[31m (209 FAILED)[39m (skipped 2) (0 secs / 1 min 55.043 secs)
[1A[2KChrome Headless 140.0.0.0 (Mac OS 10.15.7): Executed 878 of 985[31m (209 FAILED)[39m (skipped 2) (0 secs / 1 min 55.043 secs)
[1A[2KChrome Headless 140.0.0.0 (Mac OS 10.15.7): Executed 879 of 985[31m (209 FAILED)[39m (skipped 2) (0 secs / 1 min 55.044 secs)
[1A[2K[31mChrome Headless 140.0.0.0 (Mac OS 10.15.7) NavigationService Service Initialization should initialize with default navigation state FAILED[39m
	Expected '/' to be null.
	    at <Jasmine>
	    at Object.next (src/app/services/navigation.service.spec.ts:47:37)
	    at ConsumerObserver.next (node_modules/rxjs/dist/esm/internal/Subscriber.js:91:33)
	    at SafeSubscriber._next (node_modules/rxjs/dist/esm/internal/Subscriber.js:60:26)
	    at SafeSubscriber.next (node_modules/rxjs/dist/esm/internal/Subscriber.js:31:18)
Chrome Headless 140.0.0.0 (Mac OS 10.15.7): Executed 880 of 985[31m (210 FAILED)[39m (skipped 2) (0 secs / 1 min 55.045 secs)
[1A[2KChrome Headless 140.0.0.0 (Mac OS 10.15.7): Executed 881 of 985[31m (210 FAILED)[39m (skipped 2) (0 secs / 1 min 55.046 secs)
[1A[2KERROR: [36m'Error fetching dashboard data:', Error: Network error
Error: Network error
    at errorFactory (http://localhost:9876/_karma_webpack_/webpack:/src/app/services/backend-api.service.spec.ts:477:58)
    at Observable._subscribe (http://localhost:9876/_karma_webpack_/webpack:/node_modules/rxjs/dist/esm/internal/observable/throwError.js:5:51)
    at Observable._trySubscribe (http://localhost:9876/_karma_webpack_/webpack:/node_modules/rxjs/dist/esm/internal/Observable.js:37:25)
    at cb (http://localhost:9876/_karma_webpack_/webpack:/node_modules/rxjs/dist/esm/internal/Observable.js:31:30)
    at errorContext (http://localhost:9876/_karma_webpack_/webpack:/node_modules/rxjs/dist/esm/internal/util/errorContext.js:19:9)
    at Observable.subscribe (http://localhost:9876/_karma_webpack_/webpack:/node_modules/rxjs/dist/esm/internal/Observable.js:22:21)
    at init (http://localhost:9876/_karma_webpack_/webpack:/node_modules/rxjs/dist/esm/internal/operators/map.js:6:16)
    at OperatorSubscriber.call (http://localhost:9876/_karma_webpack_/webpack:/node_modules/rxjs/dist/esm/internal/util/lift.js:10:28)
    at cb (http://localhost:9876/_karma_webpack_/webpack:/node_modules/rxjs/dist/esm/internal/Observable.js:26:30)
    at errorContext (http://localhost:9876/_karma_webpack_/webpack:/node_modules/rxjs/dist/esm/internal/util/errorContext.js:19:9)[39m
Chrome Headless 140.0.0.0 (Mac OS 10.15.7): Executed 881 of 985[31m (210 FAILED)[39m (skipped 2) (0 secs / 1 min 55.046 secs)
ERROR: 'Error fetching dashboard data:', Error: Network error
Error: Network error
    at errorFactory (http://localhost:9876/_karma_webpack_/webpack:/src/app/services/backend-api.service.spec.ts:477:58)
    at Observable._subscribe (http://localhost:9876/_karma_webpack_/webpack:/node_modules/rxjs/dist/esm/internal/observable/throwError.js:5:51)
    at Observable._trySubscribe (http://localhost:9876/_karma_webpack_/webpack:/node_modules/rxjs/dist/esm/internal/Observable.js:37:25)
    at cb (http://localhost:9876/_karma_webpack_/webpack:/node_modules/rxjs/dist/esm/internal/Observable.js:31:30)
    at errorContext (http://localhost:9876/_karma_webpack_/webpack:/node_modules/rxjs/dist/esm/internal/util/errorContext.js:19:9)
    at Observable.subscribe (http://localhost:9876/_karma_webpack_/webpack:/node_modules/rxjs/dist/esm/internal/Observable.js:22:21)
    at init (http://localhost:9876/_karma_webpack_/webpack:/node_modules/rxjs/dist/esm/internal/operators/map.js:6:16)
    at OperatorSubscriber.call (http://localhost:9876/_karma_webpack_/webpack:/node_modules/rxjs/dist/esm/internal/util/lift.js:10:28)
    at cb (http://localhost:9876/_karma_webpack_/webpack:/node_modules/rxjs/dist/esm/internal/Observable.js:26:30)
    at errorContext (http://localhost:9876/_karma_webpack_/webpack:/node_modules/rxjs/dist/esm/internal/util/errorContext.js:19:9)
[1A[2KChrome Headless 140.0.0.0 (Mac OS 10.15.7): Executed 882 of 985[31m (210 FAILED)[39m (skipped 2) (0 secs / 1 min 55.048 secs)
[1A[2K[31mChrome Headless 140.0.0.0 (Mac OS 10.15.7) BackendApiService Dashboard and Analytics should get dashboard data with advisor filter FAILED[39m
	Expected $.lastUpdated = '2025-09-10T18:15:12.001Z' to equal '2024-01-15T10:00:00Z'.
	    at <Jasmine>
	    at Object.next (src/app/services/backend-api.service.spec.ts:471:22)
	    at ConsumerObserver.next (node_modules/rxjs/dist/esm/internal/Subscriber.js:91:33)
	    at SafeSubscriber._next (node_modules/rxjs/dist/esm/internal/Subscriber.js:60:26)
	    at SafeSubscriber.next (node_modules/rxjs/dist/esm/internal/Subscriber.js:31:18)
Chrome Headless 140.0.0.0 (Mac OS 10.15.7): Executed 883 of 985[31m (211 FAILED)[39m (skipped 2) (0 secs / 1 min 55.049 secs)
[1A[2KChrome Headless 140.0.0.0 (Mac OS 10.15.7): Executed 884 of 985[31m (211 FAILED)[39m (skipped 2) (0 secs / 1 min 55.05 secs)
[1A[2KChrome Headless 140.0.0.0 (Mac OS 10.15.7): Executed 885 of 985[31m (211 FAILED)[39m (skipped 2) (0 secs / 1 min 55.051 secs)
[1A[2KChrome Headless 140.0.0.0 (Mac OS 10.15.7): Executed 886 of 985[31m (211 FAILED)[39m (skipped 2) (0 secs / 1 min 55.051 secs)
[1A[2KERROR: [36m'Error fetching ecosystems:', Error: Network error
Error: Network error
    at errorFactory (http://localhost:9876/_karma_webpack_/webpack:/src/app/services/backend-api.service.spec.ts:408:58)
    at Observable._subscribe (http://localhost:9876/_karma_webpack_/webpack:/node_modules/rxjs/dist/esm/internal/observable/throwError.js:5:51)
    at Observable._trySubscribe (http://localhost:9876/_karma_webpack_/webpack:/node_modules/rxjs/dist/esm/internal/Observable.js:37:25)
    at cb (http://localhost:9876/_karma_webpack_/webpack:/node_modules/rxjs/dist/esm/internal/Observable.js:31:30)
    at errorContext (http://localhost:9876/_karma_webpack_/webpack:/node_modules/rxjs/dist/esm/internal/util/errorContext.js:19:9)
    at Observable.subscribe (http://localhost:9876/_karma_webpack_/webpack:/node_modules/rxjs/dist/esm/internal/Observable.js:22:21)
    at init (http://localhost:9876/_karma_webpack_/webpack:/node_modules/rxjs/dist/esm/internal/operators/catchError.js:9:27)
    at SafeSubscriber.call (http://localhost:9876/_karma_webpack_/webpack:/node_modules/rxjs/dist/esm/internal/util/lift.js:10:28)
    at cb (http://localhost:9876/_karma_webpack_/webpack:/node_modules/rxjs/dist/esm/internal/Observable.js:26:30)
    at errorContext (http://localhost:9876/_karma_webpack_/webpack:/node_modules/rxjs/dist/esm/internal/util/errorContext.js:19:9)[39m
Chrome Headless 140.0.0.0 (Mac OS 10.15.7): Executed 886 of 985[31m (211 FAILED)[39m (skipped 2) (0 secs / 1 min 55.051 secs)
ERROR: 'Error fetching ecosystems:', Error: Network error
Error: Network error
    at errorFactory (http://localhost:9876/_karma_webpack_/webpack:/src/app/services/backend-api.service.spec.ts:408:58)
    at Observable._subscribe (http://localhost:9876/_karma_webpack_/webpack:/node_modules/rxjs/dist/esm/internal/observable/throwError.js:5:51)
    at Observable._trySubscribe (http://localhost:9876/_karma_webpack_/webpack:/node_modules/rxjs/dist/esm/internal/Observable.js:37:25)
    at cb (http://localhost:9876/_karma_webpack_/webpack:/node_modules/rxjs/dist/esm/internal/Observable.js:31:30)
    at errorContext (http://localhost:9876/_karma_webpack_/webpack:/node_modules/rxjs/dist/esm/internal/util/errorContext.js:19:9)
    at Observable.subscribe (http://localhost:9876/_karma_webpack_/webpack:/node_modules/rxjs/dist/esm/internal/Observable.js:22:21)
    at init (http://localhost:9876/_karma_webpack_/webpack:/node_modules/rxjs/dist/esm/internal/operators/catchError.js:9:27)
    at SafeSubscriber.call (http://localhost:9876/_karma_webpack_/webpack:/node_modules/rxjs/dist/esm/internal/util/lift.js:10:28)
    at cb (http://localhost:9876/_karma_webpack_/webpack:/node_modules/rxjs/dist/esm/internal/Observable.js:26:30)
    at errorContext (http://localhost:9876/_karma_webpack_/webpack:/node_modules/rxjs/dist/esm/internal/util/errorContext.js:19:9)
[1A[2KChrome Headless 140.0.0.0 (Mac OS 10.15.7): Executed 887 of 985[31m (211 FAILED)[39m (skipped 2) (0 secs / 1 min 55.052 secs)
[1A[2KChrome Headless 140.0.0.0 (Mac OS 10.15.7): Executed 888 of 985[31m (211 FAILED)[39m (skipped 2) (0 secs / 1 min 55.052 secs)
[1A[2KChrome Headless 140.0.0.0 (Mac OS 10.15.7): Executed 889 of 985[31m (211 FAILED)[39m (skipped 2) (0 secs / 1 min 55.053 secs)
[1A[2KChrome Headless 140.0.0.0 (Mac OS 10.15.7): Executed 890 of 985[31m (211 FAILED)[39m (skipped 2) (0 secs / 1 min 55.055 secs)
[1A[2KChrome Headless 140.0.0.0 (Mac OS 10.15.7): Executed 891 of 985[31m (211 FAILED)[39m (skipped 2) (0 secs / 1 min 55.055 secs)
[1A[2KChrome Headless 140.0.0.0 (Mac OS 10.15.7): Executed 892 of 985[31m (211 FAILED)[39m (skipped 2) (0 secs / 1 min 55.055 secs)
[1A[2KChrome Headless 140.0.0.0 (Mac OS 10.15.7): Executed 893 of 985[31m (211 FAILED)[39m (skipped 2) (0 secs / 1 min 55.055 secs)
[1A[2KChrome Headless 140.0.0.0 (Mac OS 10.15.7): Executed 894 of 985[31m (211 FAILED)[39m (skipped 2) (0 secs / 1 min 55.056 secs)
[1A[2KChrome Headless 140.0.0.0 (Mac OS 10.15.7): Executed 895 of 985[31m (211 FAILED)[39m (skipped 2) (0 secs / 1 min 55.057 secs)
[1A[2KChrome Headless 140.0.0.0 (Mac OS 10.15.7): Executed 896 of 985[31m (211 FAILED)[39m (skipped 2) (0 secs / 1 min 55.058 secs)
[1A[2KChrome Headless 140.0.0.0 (Mac OS 10.15.7): Executed 897 of 985[31m (211 FAILED)[39m (skipped 2) (0 secs / 1 min 55.059 secs)
[1A[2KChrome Headless 140.0.0.0 (Mac OS 10.15.7): Executed 898 of 985[31m (211 FAILED)[39m (skipped 2) (0 secs / 1 min 55.059 secs)
[1A[2KChrome Headless 140.0.0.0 (Mac OS 10.15.7): Executed 899 of 985[31m (211 FAILED)[39m (skipped 2) (0 secs / 1 min 55.06 secs)
[1A[2KChrome Headless 140.0.0.0 (Mac OS 10.15.7): Executed 900 of 985[31m (211 FAILED)[39m (skipped 2) (0 secs / 1 min 55.06 secs)
[1A[2K[31mChrome Headless 140.0.0.0 (Mac OS 10.15.7) BackendApiService Client Management should update client successfully FAILED[39m
	Expected spy StorageService.saveClient to have been called.
	    at <Jasmine>
	    at Object.next (src/app/services/backend-api.service.spec.ts:193:46)
	    at ConsumerObserver.next (node_modules/rxjs/dist/esm/internal/Subscriber.js:91:33)
	    at SafeSubscriber._next (node_modules/rxjs/dist/esm/internal/Subscriber.js:60:26)
	    at SafeSubscriber.next (node_modules/rxjs/dist/esm/internal/Subscriber.js:31:18)
Chrome Headless 140.0.0.0 (Mac OS 10.15.7): Executed 901 of 985[31m (212 FAILED)[39m (skipped 2) (0 secs / 1 min 55.06 secs)
[1A[2KChrome Headless 140.0.0.0 (Mac OS 10.15.7): Executed 902 of 985[31m (212 FAILED)[39m (skipped 2) (0 secs / 1 min 55.061 secs)
[1A[2KERROR: [36m'Error fetching clients:', Error: Network error
Error: Network error
    at errorFactory (http://localhost:9876/_karma_webpack_/webpack:/src/app/services/backend-api.service.spec.ts:266:58)
    at Observable._subscribe (http://localhost:9876/_karma_webpack_/webpack:/node_modules/rxjs/dist/esm/internal/observable/throwError.js:5:51)
    at Observable._trySubscribe (http://localhost:9876/_karma_webpack_/webpack:/node_modules/rxjs/dist/esm/internal/Observable.js:37:25)
    at cb (http://localhost:9876/_karma_webpack_/webpack:/node_modules/rxjs/dist/esm/internal/Observable.js:31:30)
    at errorContext (http://localhost:9876/_karma_webpack_/webpack:/node_modules/rxjs/dist/esm/internal/util/errorContext.js:19:9)
    at Observable.subscribe (http://localhost:9876/_karma_webpack_/webpack:/node_modules/rxjs/dist/esm/internal/Observable.js:22:21)
    at init (http://localhost:9876/_karma_webpack_/webpack:/node_modules/rxjs/dist/esm/internal/operators/catchError.js:9:27)
    at SafeSubscriber.call (http://localhost:9876/_karma_webpack_/webpack:/node_modules/rxjs/dist/esm/internal/util/lift.js:10:28)
    at cb (http://localhost:9876/_karma_webpack_/webpack:/node_modules/rxjs/dist/esm/internal/Observable.js:26:30)
    at errorContext (http://localhost:9876/_karma_webpack_/webpack:/node_modules/rxjs/dist/esm/internal/util/errorContext.js:19:9)[39m
Chrome Headless 140.0.0.0 (Mac OS 10.15.7): Executed 902 of 985[31m (212 FAILED)[39m (skipped 2) (0 secs / 1 min 55.061 secs)
ERROR: 'Error fetching clients:', Error: Network error
Error: Network error
    at errorFactory (http://localhost:9876/_karma_webpack_/webpack:/src/app/services/backend-api.service.spec.ts:266:58)
    at Observable._subscribe (http://localhost:9876/_karma_webpack_/webpack:/node_modules/rxjs/dist/esm/internal/observable/throwError.js:5:51)
    at Observable._trySubscribe (http://localhost:9876/_karma_webpack_/webpack:/node_modules/rxjs/dist/esm/internal/Observable.js:37:25)
    at cb (http://localhost:9876/_karma_webpack_/webpack:/node_modules/rxjs/dist/esm/internal/Observable.js:31:30)
    at errorContext (http://localhost:9876/_karma_webpack_/webpack:/node_modules/rxjs/dist/esm/internal/util/errorContext.js:19:9)
    at Observable.subscribe (http://localhost:9876/_karma_webpack_/webpack:/node_modules/rxjs/dist/esm/internal/Observable.js:22:21)
    at init (http://localhost:9876/_karma_webpack_/webpack:/node_modules/rxjs/dist/esm/internal/operators/catchError.js:9:27)
    at SafeSubscriber.call (http://localhost:9876/_karma_webpack_/webpack:/node_modules/rxjs/dist/esm/internal/util/lift.js:10:28)
    at cb (http://localhost:9876/_karma_webpack_/webpack:/node_modules/rxjs/dist/esm/internal/Observable.js:26:30)
    at errorContext (http://localhost:9876/_karma_webpack_/webpack:/node_modules/rxjs/dist/esm/internal/util/errorContext.js:19:9)
[1A[2KChrome Headless 140.0.0.0 (Mac OS 10.15.7): Executed 903 of 985[31m (212 FAILED)[39m (skipped 2) (0 secs / 1 min 55.062 secs)
[1A[2KChrome Headless 140.0.0.0 (Mac OS 10.15.7): Executed 904 of 985[31m (212 FAILED)[39m (skipped 2) (0 secs / 1 min 55.062 secs)
[1A[2KChrome Headless 140.0.0.0 (Mac OS 10.15.7): Executed 905 of 985[31m (212 FAILED)[39m (skipped 2) (0 secs / 1 min 55.063 secs)
[1A[2KChrome Headless 140.0.0.0 (Mac OS 10.15.7): Executed 906 of 985[31m (212 FAILED)[39m (skipped 2) (0 secs / 1 min 55.064 secs)
[1A[2KERROR: [36m'Storage error during client creation:', Error: Storage error
Error: Storage error
    at UserContext.apply (http://localhost:9876/_karma_webpack_/webpack:/src/app/services/backend-api.service.spec.ts:687:75)
    at _ZoneDelegate.invoke (http://localhost:9876/_karma_webpack_/webpack:/node_modules/zone.js/fesm2015/zone.js:369:28)
    at ProxyZoneSpec.onInvoke (http://localhost:9876/_karma_webpack_/webpack:/node_modules/zone.js/fesm2015/zone-testing.js:2081:39)
    at _ZoneDelegate.invoke (http://localhost:9876/_karma_webpack_/webpack:/node_modules/zone.js/fesm2015/zone.js:368:34)
    at ZoneImpl.run (http://localhost:9876/_karma_webpack_/webpack:/node_modules/zone.js/fesm2015/zone.js:111:43)
    at runInTestZone (http://localhost:9876/_karma_webpack_/webpack:/node_modules/zone.js/fesm2015/zone-testing.js:213:38)
    at UserContext.<anonymous> (http://localhost:9876/_karma_webpack_/webpack:/node_modules/zone.js/fesm2015/zone-testing.js:231:32)
    at ZoneQueueRunner.attempt (http://localhost:9876/base/node_modules/karma-jasmine/node_modules/jasmine-core/lib/jasmine-core/jasmine.js?86d98e11f43f2c8cfac9fb4806ed6c0aced74cbe:7643:40)
    at ZoneQueueRunner.QueueRunner.run (http://localhost:9876/base/node_modules/karma-jasmine/node_modules/jasmine-core/lib/jasmine-core/jasmine.js?86d98e11f43f2c8cfac9fb4806ed6c0aced74cbe:7670:27)
    at runNext (http://localhost:9876/base/node_modules/karma-jasmine/node_modules/jasmine-core/lib/jasmine-core/jasmine.js?86d98e11f43f2c8cfac9fb4806ed6c0aced74cbe:7574:16)[39m
Chrome Headless 140.0.0.0 (Mac OS 10.15.7): Executed 906 of 985[31m (212 FAILED)[39m (skipped 2) (0 secs / 1 min 55.064 secs)
ERROR: 'Storage error during client creation:', Error: Storage error
Error: Storage error
    at UserContext.apply (http://localhost:9876/_karma_webpack_/webpack:/src/app/services/backend-api.service.spec.ts:687:75)
    at _ZoneDelegate.invoke (http://localhost:9876/_karma_webpack_/webpack:/node_modules/zone.js/fesm2015/zone.js:369:28)
    at ProxyZoneSpec.onInvoke (http://localhost:9876/_karma_webpack_/webpack:/node_modules/zone.js/fesm2015/zone-testing.js:2081:39)
    at _ZoneDelegate.invoke (http://localhost:9876/_karma_webpack_/webpack:/node_modules/zone.js/fesm2015/zone.js:368:34)
    at ZoneImpl.run (http://localhost:9876/_karma_webpack_/webpack:/node_modules/zone.js/fesm2015/zone.js:111:43)
    at runInTestZone (http://localhost:9876/_karma_webpack_/webpack:/node_modules/zone.js/fesm2015/zone-testing.js:213:38)
    at UserContext.<anonymous> (http://localhost:9876/_karma_webpack_/webpack:/node_modules/zone.js/fesm2015/zone-testing.js:231:32)
    at ZoneQueueRunner.attempt (http://localhost:9876/base/node_modules/karma-jasmine/node_modules/jasmine-core/lib/jasmine-core/jasmine.js?86d98e11f43f2c8cfac9fb4806ed6c0aced74cbe:7643:40)
    at ZoneQueueRunner.QueueRunner.run (http://localhost:9876/base/node_modules/karma-jasmine/node_modules/jasmine-core/lib/jasmine-core/jasmine.js?86d98e11f43f2c8cfac9fb4806ed6c0aced74cbe:7670:27)
    at runNext (http://localhost:9876/base/node_modules/karma-jasmine/node_modules/jasmine-core/lib/jasmine-core/jasmine.js?86d98e11f43f2c8cfac9fb4806ed6c0aced74cbe:7574:16)
[1A[2KChrome Headless 140.0.0.0 (Mac OS 10.15.7): Executed 907 of 985[31m (212 FAILED)[39m (skipped 2) (0 secs / 1 min 55.065 secs)
[1A[2KChrome Headless 140.0.0.0 (Mac OS 10.15.7): Executed 908 of 985[31m (212 FAILED)[39m (skipped 2) (0 secs / 1 min 55.067 secs)
[1A[2KERROR: [36m'Error fetching ecosystems:', Error: Network error
Error: Network error
    at errorFactory (http://localhost:9876/_karma_webpack_/webpack:/src/app/services/backend-api.service.spec.ts:645:58)
    at Observable._subscribe (http://localhost:9876/_karma_webpack_/webpack:/node_modules/rxjs/dist/esm/internal/observable/throwError.js:5:51)
    at Observable._trySubscribe (http://localhost:9876/_karma_webpack_/webpack:/node_modules/rxjs/dist/esm/internal/Observable.js:37:25)
    at cb (http://localhost:9876/_karma_webpack_/webpack:/node_modules/rxjs/dist/esm/internal/Observable.js:31:30)
    at errorContext (http://localhost:9876/_karma_webpack_/webpack:/node_modules/rxjs/dist/esm/internal/util/errorContext.js:19:9)
    at Observable.subscribe (http://localhost:9876/_karma_webpack_/webpack:/node_modules/rxjs/dist/esm/internal/Observable.js:22:21)
    at init (http://localhost:9876/_karma_webpack_/webpack:/node_modules/rxjs/dist/esm/internal/operators/catchError.js:9:27)
    at SafeSubscriber.call (http://localhost:9876/_karma_webpack_/webpack:/node_modules/rxjs/dist/esm/internal/util/lift.js:10:28)
    at cb (http://localhost:9876/_karma_webpack_/webpack:/node_modules/rxjs/dist/esm/internal/Observable.js:26:30)
    at errorContext (http://localhost:9876/_karma_webpack_/webpack:/node_modules/rxjs/dist/esm/internal/util/errorContext.js:19:9)[39m
Chrome Headless 140.0.0.0 (Mac OS 10.15.7): Executed 908 of 985[31m (212 FAILED)[39m (skipped 2) (0 secs / 1 min 55.067 secs)
ERROR: 'Error fetching ecosystems:', Error: Network error
Error: Network error
    at errorFactory (http://localhost:9876/_karma_webpack_/webpack:/src/app/services/backend-api.service.spec.ts:645:58)
    at Observable._subscribe (http://localhost:9876/_karma_webpack_/webpack:/node_modules/rxjs/dist/esm/internal/observable/throwError.js:5:51)
    at Observable._trySubscribe (http://localhost:9876/_karma_webpack_/webpack:/node_modules/rxjs/dist/esm/internal/Observable.js:37:25)
    at cb (http://localhost:9876/_karma_webpack_/webpack:/node_modules/rxjs/dist/esm/internal/Observable.js:31:30)
    at errorContext (http://localhost:9876/_karma_webpack_/webpack:/node_modules/rxjs/dist/esm/internal/util/errorContext.js:19:9)
    at Observable.subscribe (http://localhost:9876/_karma_webpack_/webpack:/node_modules/rxjs/dist/esm/internal/Observable.js:22:21)
    at init (http://localhost:9876/_karma_webpack_/webpack:/node_modules/rxjs/dist/esm/internal/operators/catchError.js:9:27)
    at SafeSubscriber.call (http://localhost:9876/_karma_webpack_/webpack:/node_modules/rxjs/dist/esm/internal/util/lift.js:10:28)
    at cb (http://localhost:9876/_karma_webpack_/webpack:/node_modules/rxjs/dist/esm/internal/Observable.js:26:30)
    at errorContext (http://localhost:9876/_karma_webpack_/webpack:/node_modules/rxjs/dist/esm/internal/util/errorContext.js:19:9)
[1A[2KChrome Headless 140.0.0.0 (Mac OS 10.15.7): Executed 909 of 985[31m (212 FAILED)[39m (skipped 2) (0 secs / 1 min 55.068 secs)
[1A[2KERROR: [36m'Error fetching ecosystems:', Error: Network error
Error: Network error
    at errorFactory (http://localhost:9876/_karma_webpack_/webpack:/src/app/services/backend-api.service.spec.ts:657:58)
    at Observable._subscribe (http://localhost:9876/_karma_webpack_/webpack:/node_modules/rxjs/dist/esm/internal/observable/throwError.js:5:51)
    at Observable._trySubscribe (http://localhost:9876/_karma_webpack_/webpack:/node_modules/rxjs/dist/esm/internal/Observable.js:37:25)
    at cb (http://localhost:9876/_karma_webpack_/webpack:/node_modules/rxjs/dist/esm/internal/Observable.js:31:30)
    at errorContext (http://localhost:9876/_karma_webpack_/webpack:/node_modules/rxjs/dist/esm/internal/util/errorContext.js:19:9)
    at Observable.subscribe (http://localhost:9876/_karma_webpack_/webpack:/node_modules/rxjs/dist/esm/internal/Observable.js:22:21)
    at init (http://localhost:9876/_karma_webpack_/webpack:/node_modules/rxjs/dist/esm/internal/operators/catchError.js:9:27)
    at SafeSubscriber.call (http://localhost:9876/_karma_webpack_/webpack:/node_modules/rxjs/dist/esm/internal/util/lift.js:10:28)
    at cb (http://localhost:9876/_karma_webpack_/webpack:/node_modules/rxjs/dist/esm/internal/Observable.js:26:30)
    at errorContext (http://localhost:9876/_karma_webpack_/webpack:/node_modules/rxjs/dist/esm/internal/util/errorContext.js:19:9)[39m
Chrome Headless 140.0.0.0 (Mac OS 10.15.7): Executed 909 of 985[31m (212 FAILED)[39m (skipped 2) (0 secs / 1 min 55.068 secs)
ERROR: 'Error fetching ecosystems:', Error: Network error
Error: Network error
    at errorFactory (http://localhost:9876/_karma_webpack_/webpack:/src/app/services/backend-api.service.spec.ts:657:58)
    at Observable._subscribe (http://localhost:9876/_karma_webpack_/webpack:/node_modules/rxjs/dist/esm/internal/observable/throwError.js:5:51)
    at Observable._trySubscribe (http://localhost:9876/_karma_webpack_/webpack:/node_modules/rxjs/dist/esm/internal/Observable.js:37:25)
    at cb (http://localhost:9876/_karma_webpack_/webpack:/node_modules/rxjs/dist/esm/internal/Observable.js:31:30)
    at errorContext (http://localhost:9876/_karma_webpack_/webpack:/node_modules/rxjs/dist/esm/internal/util/errorContext.js:19:9)
    at Observable.subscribe (http://localhost:9876/_karma_webpack_/webpack:/node_modules/rxjs/dist/esm/internal/Observable.js:22:21)
    at init (http://localhost:9876/_karma_webpack_/webpack:/node_modules/rxjs/dist/esm/internal/operators/catchError.js:9:27)
    at SafeSubscriber.call (http://localhost:9876/_karma_webpack_/webpack:/node_modules/rxjs/dist/esm/internal/util/lift.js:10:28)
    at cb (http://localhost:9876/_karma_webpack_/webpack:/node_modules/rxjs/dist/esm/internal/Observable.js:26:30)
    at errorContext (http://localhost:9876/_karma_webpack_/webpack:/node_modules/rxjs/dist/esm/internal/util/errorContext.js:19:9)
[1A[2KChrome Headless 140.0.0.0 (Mac OS 10.15.7): Executed 910 of 985[31m (212 FAILED)[39m (skipped 2) (0 secs / 1 min 55.069 secs)
[1A[2KERROR: [36m'Error fetching ecosystems:', Error: Network error
Error: Network error
    at errorFactory (http://localhost:9876/_karma_webpack_/webpack:/src/app/services/backend-api.service.spec.ts:633:58)
    at Observable._subscribe (http://localhost:9876/_karma_webpack_/webpack:/node_modules/rxjs/dist/esm/internal/observable/throwError.js:5:51)
    at Observable._trySubscribe (http://localhost:9876/_karma_webpack_/webpack:/node_modules/rxjs/dist/esm/internal/Observable.js:37:25)
    at cb (http://localhost:9876/_karma_webpack_/webpack:/node_modules/rxjs/dist/esm/internal/Observable.js:31:30)
    at errorContext (http://localhost:9876/_karma_webpack_/webpack:/node_modules/rxjs/dist/esm/internal/util/errorContext.js:19:9)
    at Observable.subscribe (http://localhost:9876/_karma_webpack_/webpack:/node_modules/rxjs/dist/esm/internal/Observable.js:22:21)
    at init (http://localhost:9876/_karma_webpack_/webpack:/node_modules/rxjs/dist/esm/internal/operators/catchError.js:9:27)
    at SafeSubscriber.call (http://localhost:9876/_karma_webpack_/webpack:/node_modules/rxjs/dist/esm/internal/util/lift.js:10:28)
    at cb (http://localhost:9876/_karma_webpack_/webpack:/node_modules/rxjs/dist/esm/internal/Observable.js:26:30)
    at errorContext (http://localhost:9876/_karma_webpack_/webpack:/node_modules/rxjs/dist/esm/internal/util/errorContext.js:19:9)[39m
Chrome Headless 140.0.0.0 (Mac OS 10.15.7): Executed 910 of 985[31m (212 FAILED)[39m (skipped 2) (0 secs / 1 min 55.069 secs)
ERROR: 'Error fetching ecosystems:', Error: Network error
Error: Network error
    at errorFactory (http://localhost:9876/_karma_webpack_/webpack:/src/app/services/backend-api.service.spec.ts:633:58)
    at Observable._subscribe (http://localhost:9876/_karma_webpack_/webpack:/node_modules/rxjs/dist/esm/internal/observable/throwError.js:5:51)
    at Observable._trySubscribe (http://localhost:9876/_karma_webpack_/webpack:/node_modules/rxjs/dist/esm/internal/Observable.js:37:25)
    at cb (http://localhost:9876/_karma_webpack_/webpack:/node_modules/rxjs/dist/esm/internal/Observable.js:31:30)
    at errorContext (http://localhost:9876/_karma_webpack_/webpack:/node_modules/rxjs/dist/esm/internal/util/errorContext.js:19:9)
    at Observable.subscribe (http://localhost:9876/_karma_webpack_/webpack:/node_modules/rxjs/dist/esm/internal/Observable.js:22:21)
    at init (http://localhost:9876/_karma_webpack_/webpack:/node_modules/rxjs/dist/esm/internal/operators/catchError.js:9:27)
    at SafeSubscriber.call (http://localhost:9876/_karma_webpack_/webpack:/node_modules/rxjs/dist/esm/internal/util/lift.js:10:28)
    at cb (http://localhost:9876/_karma_webpack_/webpack:/node_modules/rxjs/dist/esm/internal/Observable.js:26:30)
    at errorContext (http://localhost:9876/_karma_webpack_/webpack:/node_modules/rxjs/dist/esm/internal/util/errorContext.js:19:9)
[1A[2KChrome Headless 140.0.0.0 (Mac OS 10.15.7): Executed 911 of 985[31m (212 FAILED)[39m (skipped 2) (0 secs / 1 min 55.069 secs)
[1A[2KChrome Headless 140.0.0.0 (Mac OS 10.15.7): Executed 912 of 985[31m (212 FAILED)[39m (skipped 2) (0 secs / 1 min 55.069 secs)
[1A[2KLOG: [36m'Synced action:', 'CREATE_CLIENT'[39m
Chrome Headless 140.0.0.0 (Mac OS 10.15.7): Executed 912 of 985[31m (212 FAILED)[39m (skipped 2) (0 secs / 1 min 55.069 secs)
LOG: 'Synced action:', 'CREATE_CLIENT'
[1A[2KERROR: [36m'Failed to sync action:', 'CREATE_CLIENT', Error: Sync error
Error: Sync error
    at errorFactory (http://localhost:9876/_karma_webpack_/webpack:/src/app/services/backend-api.service.spec.ts:567:59)
    at Observable._subscribe (http://localhost:9876/_karma_webpack_/webpack:/node_modules/rxjs/dist/esm/internal/observable/throwError.js:5:51)
    at Observable._trySubscribe (http://localhost:9876/_karma_webpack_/webpack:/node_modules/rxjs/dist/esm/internal/Observable.js:37:25)
    at cb (http://localhost:9876/_karma_webpack_/webpack:/node_modules/rxjs/dist/esm/internal/Observable.js:31:30)
    at errorContext (http://localhost:9876/_karma_webpack_/webpack:/node_modules/rxjs/dist/esm/internal/util/errorContext.js:19:9)
    at Observable.subscribe (http://localhost:9876/_karma_webpack_/webpack:/node_modules/rxjs/dist/esm/internal/Observable.js:22:21)
    at init (http://localhost:9876/_karma_webpack_/webpack:/node_modules/rxjs/dist/esm/internal/operators/tap.js:15:20)
    at OperatorSubscriber.call (http://localhost:9876/_karma_webpack_/webpack:/node_modules/rxjs/dist/esm/internal/util/lift.js:10:28)
    at cb (http://localhost:9876/_karma_webpack_/webpack:/node_modules/rxjs/dist/esm/internal/Observable.js:26:30)
    at errorContext (http://localhost:9876/_karma_webpack_/webpack:/node_modules/rxjs/dist/esm/internal/util/errorContext.js:19:9)[39m
Chrome Headless 140.0.0.0 (Mac OS 10.15.7): Executed 912 of 985[31m (212 FAILED)[39m (skipped 2) (0 secs / 1 min 55.069 secs)
ERROR: 'Failed to sync action:', 'CREATE_CLIENT', Error: Sync error
Error: Sync error
    at errorFactory (http://localhost:9876/_karma_webpack_/webpack:/src/app/services/backend-api.service.spec.ts:567:59)
    at Observable._subscribe (http://localhost:9876/_karma_webpack_/webpack:/node_modules/rxjs/dist/esm/internal/observable/throwError.js:5:51)
    at Observable._trySubscribe (http://localhost:9876/_karma_webpack_/webpack:/node_modules/rxjs/dist/esm/internal/Observable.js:37:25)
    at cb (http://localhost:9876/_karma_webpack_/webpack:/node_modules/rxjs/dist/esm/internal/Observable.js:31:30)
    at errorContext (http://localhost:9876/_karma_webpack_/webpack:/node_modules/rxjs/dist/esm/internal/util/errorContext.js:19:9)
    at Observable.subscribe (http://localhost:9876/_karma_webpack_/webpack:/node_modules/rxjs/dist/esm/internal/Observable.js:22:21)
    at init (http://localhost:9876/_karma_webpack_/webpack:/node_modules/rxjs/dist/esm/internal/operators/tap.js:15:20)
    at OperatorSubscriber.call (http://localhost:9876/_karma_webpack_/webpack:/node_modules/rxjs/dist/esm/internal/util/lift.js:10:28)
    at cb (http://localhost:9876/_karma_webpack_/webpack:/node_modules/rxjs/dist/esm/internal/Observable.js:26:30)
    at errorContext (http://localhost:9876/_karma_webpack_/webpack:/node_modules/rxjs/dist/esm/internal/util/errorContext.js:19:9)
[1A[2K[31mChrome Headless 140.0.0.0 (Mac OS 10.15.7) BackendApiService Sync Management should sync pending actions when coming online FAILED[39m
	Expected true to be false.
	    at <Jasmine>
	    at Object.next (src/app/services/http-client.service.spec.ts:511:27)
	    at ConsumerObserver.next (node_modules/rxjs/dist/esm/internal/Subscriber.js:91:33)
	    at SafeSubscriber._next (node_modules/rxjs/dist/esm/internal/Subscriber.js:60:26)
	    at SafeSubscriber.next (node_modules/rxjs/dist/esm/internal/Subscriber.js:31:18)
	Expected true to be false.
	    at <Jasmine>
	    at Object.next (src/app/services/http-client.service.spec.ts:431:27)
	    at ConsumerObserver.next (node_modules/rxjs/dist/esm/internal/Subscriber.js:91:33)
	    at SafeSubscriber._next (node_modules/rxjs/dist/esm/internal/Subscriber.js:60:26)
	    at SafeSubscriber.next (node_modules/rxjs/dist/esm/internal/Subscriber.js:31:18)
Chrome Headless 140.0.0.0 (Mac OS 10.15.7): Executed 913 of 985[31m (213 FAILED)[39m (skipped 2) (0 secs / 1 min 55.172 secs)
[1A[2KChrome Headless 140.0.0.0 (Mac OS 10.15.7): Executed 914 of 985[31m (213 FAILED)[39m (skipped 2) (0 secs / 1 min 55.173 secs)
[1A[2KChrome Headless 140.0.0.0 (Mac OS 10.15.7): Executed 915 of 985[31m (213 FAILED)[39m (skipped 2) (0 secs / 1 min 55.174 secs)
[1A[2KChrome Headless 140.0.0.0 (Mac OS 10.15.7): Executed 916 of 985[31m (213 FAILED)[39m (skipped 2) (0 secs / 1 min 55.174 secs)
[1A[2KChrome Headless 140.0.0.0 (Mac OS 10.15.7): Executed 917 of 985[31m (213 FAILED)[39m (skipped 2) (0 secs / 1 min 55.175 secs)
[1A[2KChrome Headless 140.0.0.0 (Mac OS 10.15.7): Executed 918 of 985[31m (213 FAILED)[39m (skipped 2) (0 secs / 1 min 55.175 secs)
[1A[2K[31mChrome Headless 140.0.0.0 (Mac OS 10.15.7) BackendApiService Network Status Management should trigger sync when going back online FAILED[39m
	Error: An asynchronous spec, beforeEach, or afterEach function called its 'done' callback more than once.
	(in spec: BackendApiService Service Initialization should initialize with online status)
	    at <Jasmine>
	    at Object.next (src/app/services/backend-api.service.spec.ts:116:9)
	    at ConsumerObserver.next (node_modules/rxjs/dist/esm/internal/Subscriber.js:91:33)
	    at SafeSubscriber._next (node_modules/rxjs/dist/esm/internal/Subscriber.js:60:26)
	    at SafeSubscriber.next (node_modules/rxjs/dist/esm/internal/Subscriber.js:31:18)
	    at cb (node_modules/rxjs/dist/esm/internal/Subject.js:34:30)
	    at errorContext (node_modules/rxjs/dist/esm/internal/util/errorContext.js:19:9)
	    at BehaviorSubject.next (node_modules/rxjs/dist/esm/internal/Subject.js:27:21)
Chrome Headless 140.0.0.0 (Mac OS 10.15.7): Executed 919 of 985[31m (214 FAILED)[39m (skipped 2) (0 secs / 1 min 55.176 secs)
[1A[2KLOG: [36m'Synced action:', 'CREATE_CLIENT'[39m
Chrome Headless 140.0.0.0 (Mac OS 10.15.7): Executed 919 of 985[31m (214 FAILED)[39m (skipped 2) (0 secs / 1 min 55.176 secs)
LOG: 'Synced action:', 'CREATE_CLIENT'
[1A[2KERROR: [36m'Failed to sync action:', 'CREATE_CLIENT', Error: Sync error
Error: Sync error
    at errorFactory (http://localhost:9876/_karma_webpack_/webpack:/src/app/services/backend-api.service.spec.ts:567:59)
    at Observable._subscribe (http://localhost:9876/_karma_webpack_/webpack:/node_modules/rxjs/dist/esm/internal/observable/throwError.js:5:51)
    at Observable._trySubscribe (http://localhost:9876/_karma_webpack_/webpack:/node_modules/rxjs/dist/esm/internal/Observable.js:37:25)
    at cb (http://localhost:9876/_karma_webpack_/webpack:/node_modules/rxjs/dist/esm/internal/Observable.js:31:30)
    at errorContext (http://localhost:9876/_karma_webpack_/webpack:/node_modules/rxjs/dist/esm/internal/util/errorContext.js:19:9)
    at Observable.subscribe (http://localhost:9876/_karma_webpack_/webpack:/node_modules/rxjs/dist/esm/internal/Observable.js:22:21)
    at init (http://localhost:9876/_karma_webpack_/webpack:/node_modules/rxjs/dist/esm/internal/operators/tap.js:15:20)
    at OperatorSubscriber.call (http://localhost:9876/_karma_webpack_/webpack:/node_modules/rxjs/dist/esm/internal/util/lift.js:10:28)
    at cb (http://localhost:9876/_karma_webpack_/webpack:/node_modules/rxjs/dist/esm/internal/Observable.js:26:30)
    at errorContext (http://localhost:9876/_karma_webpack_/webpack:/node_modules/rxjs/dist/esm/internal/util/errorContext.js:19:9)[39m
Chrome Headless 140.0.0.0 (Mac OS 10.15.7): Executed 919 of 985[31m (214 FAILED)[39m (skipped 2) (0 secs / 1 min 55.176 secs)
ERROR: 'Failed to sync action:', 'CREATE_CLIENT', Error: Sync error
Error: Sync error
    at errorFactory (http://localhost:9876/_karma_webpack_/webpack:/src/app/services/backend-api.service.spec.ts:567:59)
    at Observable._subscribe (http://localhost:9876/_karma_webpack_/webpack:/node_modules/rxjs/dist/esm/internal/observable/throwError.js:5:51)
    at Observable._trySubscribe (http://localhost:9876/_karma_webpack_/webpack:/node_modules/rxjs/dist/esm/internal/Observable.js:37:25)
    at cb (http://localhost:9876/_karma_webpack_/webpack:/node_modules/rxjs/dist/esm/internal/Observable.js:31:30)
    at errorContext (http://localhost:9876/_karma_webpack_/webpack:/node_modules/rxjs/dist/esm/internal/util/errorContext.js:19:9)
    at Observable.subscribe (http://localhost:9876/_karma_webpack_/webpack:/node_modules/rxjs/dist/esm/internal/Observable.js:22:21)
    at init (http://localhost:9876/_karma_webpack_/webpack:/node_modules/rxjs/dist/esm/internal/operators/tap.js:15:20)
    at OperatorSubscriber.call (http://localhost:9876/_karma_webpack_/webpack:/node_modules/rxjs/dist/esm/internal/util/lift.js:10:28)
    at cb (http://localhost:9876/_karma_webpack_/webpack:/node_modules/rxjs/dist/esm/internal/Observable.js:26:30)
    at errorContext (http://localhost:9876/_karma_webpack_/webpack:/node_modules/rxjs/dist/esm/internal/util/errorContext.js:19:9)
[1A[2K[31mChrome Headless 140.0.0.0 (Mac OS 10.15.7) BackendApiService Network Status Management should update online status when network changes FAILED[39m
	Expected false to be true.
	    at <Jasmine>
	    at Object.next (src/app/services/backend-api.service.spec.ts:115:24)
	    at ConsumerObserver.next (node_modules/rxjs/dist/esm/internal/Subscriber.js:91:33)
	    at SafeSubscriber._next (node_modules/rxjs/dist/esm/internal/Subscriber.js:60:26)
	    at SafeSubscriber.next (node_modules/rxjs/dist/esm/internal/Subscriber.js:31:18)
	Error: An asynchronous spec, beforeEach, or afterEach function called its 'done' callback more than once.
	(in spec: BackendApiService Service Initialization should initialize with online status)
	    at <Jasmine>
	    at Object.next (src/app/services/backend-api.service.spec.ts:116:9)
	    at ConsumerObserver.next (node_modules/rxjs/dist/esm/internal/Subscriber.js:91:33)
	    at SafeSubscriber._next (node_modules/rxjs/dist/esm/internal/Subscriber.js:60:26)
	    at SafeSubscriber.next (node_modules/rxjs/dist/esm/internal/Subscriber.js:31:18)
	    at cb (node_modules/rxjs/dist/esm/internal/Subject.js:34:30)
	    at errorContext (node_modules/rxjs/dist/esm/internal/util/errorContext.js:19:9)
	    at BehaviorSubject.next (node_modules/rxjs/dist/esm/internal/Subject.js:27:21)
Chrome Headless 140.0.0.0 (Mac OS 10.15.7): Executed 920 of 985[31m (215 FAILED)[39m (skipped 2) (0 secs / 1 min 55.177 secs)
[1A[2KChrome Headless 140.0.0.0 (Mac OS 10.15.7): Executed 921 of 985[31m (215 FAILED)[39m (skipped 2) (0 secs / 1 min 55.329 secs)
[1A[2KChrome Headless 140.0.0.0 (Mac OS 10.15.7): Executed 922 of 985[31m (215 FAILED)[39m (skipped 2) (0 secs / 1 min 55.481 secs)
[1A[2KChrome Headless 140.0.0.0 (Mac OS 10.15.7): Executed 923 of 985[31m (215 FAILED)[39m (skipped 2) (0 secs / 1 min 55.634 secs)
[1A[2KChrome Headless 140.0.0.0 (Mac OS 10.15.7): Executed 924 of 985[31m (215 FAILED)[39m (skipped 2) (0 secs / 1 min 55.787 secs)
[1A[2KChrome Headless 140.0.0.0 (Mac OS 10.15.7): Executed 925 of 985[31m (215 FAILED)[39m (skipped 2) (0 secs / 1 min 55.94 secs)
[1A[2KChrome Headless 140.0.0.0 (Mac OS 10.15.7): Executed 926 of 985[31m (215 FAILED)[39m (skipped 2) (0 secs / 1 min 56.093 secs)
[1A[2KChrome Headless 140.0.0.0 (Mac OS 10.15.7): Executed 927 of 985[31m (215 FAILED)[39m (skipped 2) (0 secs / 1 min 56.096 secs)
[1A[2KChrome Headless 140.0.0.0 (Mac OS 10.15.7): Executed 928 of 985[31m (215 FAILED)[39m (skipped 2) (0 secs / 1 min 56.098 secs)
[1A[2KChrome Headless 140.0.0.0 (Mac OS 10.15.7): Executed 929 of 985[31m (215 FAILED)[39m (skipped 2) (0 secs / 1 min 56.099 secs)
[1A[2KChrome Headless 140.0.0.0 (Mac OS 10.15.7): Executed 930 of 985[31m (215 FAILED)[39m (skipped 2) (0 secs / 1 min 56.1 secs)
[1A[2KChrome Headless 140.0.0.0 (Mac OS 10.15.7): Executed 931 of 985[31m (215 FAILED)[39m (skipped 2) (0 secs / 1 min 56.903 secs)
[1A[2KChrome Headless 140.0.0.0 (Mac OS 10.15.7): Executed 932 of 985[31m (215 FAILED)[39m (skipped 2) (0 secs / 1 min 57.206 secs)
[1A[2KChrome Headless 140.0.0.0 (Mac OS 10.15.7): Executed 933 of 985[31m (215 FAILED)[39m (skipped 2) (0 secs / 1 min 57.808 secs)
[1A[2KChrome Headless 140.0.0.0 (Mac OS 10.15.7): Executed 934 of 985[31m (215 FAILED)[39m (skipped 2) (0 secs / 1 min 58.411 secs)
[1A[2KChrome Headless 140.0.0.0 (Mac OS 10.15.7): Executed 935 of 985[31m (215 FAILED)[39m (skipped 2) (0 secs / 1 min 58.411 secs)
[1A[2KChrome Headless 140.0.0.0 (Mac OS 10.15.7): Executed 936 of 985[31m (215 FAILED)[39m (skipped 2) (0 secs / 1 min 59.015 secs)
[1A[2KChrome Headless 140.0.0.0 (Mac OS 10.15.7): Executed 937 of 985[31m (215 FAILED)[39m (skipped 2) (0 secs / 1 min 59.317 secs)
[1A[2KChrome Headless 140.0.0.0 (Mac OS 10.15.7): Executed 938 of 985[31m (215 FAILED)[39m (skipped 2) (0 secs / 1 min 59.923 secs)
[1A[2KChrome Headless 140.0.0.0 (Mac OS 10.15.7): Executed 939 of 985[31m (215 FAILED)[39m (skipped 2) (0 secs / 2 mins 0.225 secs)
[1A[2KChrome Headless 140.0.0.0 (Mac OS 10.15.7): Executed 940 of 985[31m (215 FAILED)[39m (skipped 2) (0 secs / 2 mins 0.829 secs)
[1A[2KChrome Headless 140.0.0.0 (Mac OS 10.15.7): Executed 941 of 985[31m (215 FAILED)[39m (skipped 2) (0 secs / 2 mins 1.433 secs)
[1A[2KChrome Headless 140.0.0.0 (Mac OS 10.15.7): Executed 942 of 985[31m (215 FAILED)[39m (skipped 2) (0 secs / 2 mins 2.036 secs)
[1A[2KChrome Headless 140.0.0.0 (Mac OS 10.15.7): Executed 943 of 985[31m (215 FAILED)[39m (skipped 2) (0 secs / 2 mins 2.64 secs)
[1A[2KChrome Headless 140.0.0.0 (Mac OS 10.15.7): Executed 944 of 985[31m (215 FAILED)[39m (skipped 2) (0 secs / 2 mins 3.243 secs)
[1A[2KChrome Headless 140.0.0.0 (Mac OS 10.15.7): Executed 945 of 985[31m (215 FAILED)[39m (skipped 2) (0 secs / 2 mins 3.547 secs)
[1A[2KChrome Headless 140.0.0.0 (Mac OS 10.15.7): Executed 946 of 985[31m (215 FAILED)[39m (skipped 2) (0 secs / 2 mins 3.851 secs)
[1A[2KChrome Headless 140.0.0.0 (Mac OS 10.15.7): Executed 947 of 985[31m (215 FAILED)[39m (skipped 2) (0 secs / 2 mins 4.153 secs)
[1A[2KChrome Headless 140.0.0.0 (Mac OS 10.15.7): Executed 948 of 985[31m (215 FAILED)[39m (skipped 2) (0 secs / 2 mins 4.456 secs)
[1A[2KChrome Headless 140.0.0.0 (Mac OS 10.15.7): Executed 949 of 985[31m (215 FAILED)[39m (skipped 2) (0 secs / 2 mins 4.76 secs)
[1A[2KChrome Headless 140.0.0.0 (Mac OS 10.15.7): Executed 950 of 985[31m (215 FAILED)[39m (skipped 2) (0 secs / 2 mins 4.761 secs)
[1A[2KChrome Headless 140.0.0.0 (Mac OS 10.15.7): Executed 951 of 985[31m (215 FAILED)[39m (skipped 2) (0 secs / 2 mins 4.761 secs)
[1A[2KChrome Headless 140.0.0.0 (Mac OS 10.15.7): Executed 952 of 985[31m (215 FAILED)[39m (skipped 2) (0 secs / 2 mins 5.564 secs)
[1A[2KChrome Headless 140.0.0.0 (Mac OS 10.15.7): Executed 953 of 985[31m (215 FAILED)[39m (skipped 2) (0 secs / 2 mins 6.367 secs)
[1A[2KChrome Headless 140.0.0.0 (Mac OS 10.15.7): Executed 954 of 985[31m (215 FAILED)[39m (skipped 2) (0 secs / 2 mins 7.17 secs)
[1A[2KChrome Headless 140.0.0.0 (Mac OS 10.15.7): Executed 955 of 985[31m (215 FAILED)[39m (skipped 2) (0 secs / 2 mins 7.973 secs)
[1A[2KChrome Headless 140.0.0.0 (Mac OS 10.15.7): Executed 956 of 985[31m (215 FAILED)[39m (skipped 2) (0 secs / 2 mins 7.987 secs)
[1A[2KChrome Headless 140.0.0.0 (Mac OS 10.15.7): Executed 957 of 985[31m (215 FAILED)[39m (skipped 2) (0 secs / 2 mins 7.989 secs)
[1A[2KChrome Headless 140.0.0.0 (Mac OS 10.15.7): Executed 958 of 985[31m (215 FAILED)[39m (skipped 2) (0 secs / 2 mins 7.99 secs)
[1A[2KChrome Headless 140.0.0.0 (Mac OS 10.15.7): Executed 959 of 985[31m (215 FAILED)[39m (skipped 2) (0 secs / 2 mins 7.991 secs)
[1A[2KChrome Headless 140.0.0.0 (Mac OS 10.15.7): Executed 960 of 985[31m (215 FAILED)[39m (skipped 2) (0 secs / 2 mins 7.992 secs)
[1A[2KChrome Headless 140.0.0.0 (Mac OS 10.15.7): Executed 961 of 985[31m (215 FAILED)[39m (skipped 2) (0 secs / 2 mins 7.992 secs)
[1A[2KChrome Headless 140.0.0.0 (Mac OS 10.15.7): Executed 962 of 985[31m (215 FAILED)[39m (skipped 2) (0 secs / 2 mins 7.993 secs)
[1A[2KChrome Headless 140.0.0.0 (Mac OS 10.15.7): Executed 963 of 985[31m (215 FAILED)[39m (skipped 2) (0 secs / 2 mins 7.994 secs)
[1A[2KChrome Headless 140.0.0.0 (Mac OS 10.15.7): Executed 964 of 985[31m (215 FAILED)[39m (skipped 2) (0 secs / 2 mins 8.172 secs)
[1A[2KChrome Headless 140.0.0.0 (Mac OS 10.15.7): Executed 965 of 985[31m (215 FAILED)[39m (skipped 2) (0 secs / 2 mins 8.286 secs)
[1A[2KChrome Headless 140.0.0.0 (Mac OS 10.15.7): Executed 966 of 985[31m (215 FAILED)[39m (skipped 2) (0 secs / 2 mins 8.399 secs)
[1A[2KChrome Headless 140.0.0.0 (Mac OS 10.15.7): Executed 967 of 985[31m (215 FAILED)[39m (skipped 2) (0 secs / 2 mins 8.401 secs)
[1A[2KChrome Headless 140.0.0.0 (Mac OS 10.15.7): Executed 968 of 985[31m (215 FAILED)[39m (skipped 2) (0 secs / 2 mins 8.402 secs)
[1A[2KChrome Headless 140.0.0.0 (Mac OS 10.15.7): Executed 969 of 985[31m (215 FAILED)[39m (skipped 2) (0 secs / 2 mins 8.403 secs)
[1A[2KChrome Headless 140.0.0.0 (Mac OS 10.15.7): Executed 970 of 985[31m (215 FAILED)[39m (skipped 2) (0 secs / 2 mins 8.403 secs)
[1A[2KChrome Headless 140.0.0.0 (Mac OS 10.15.7): Executed 971 of 985[31m (215 FAILED)[39m (skipped 2) (0 secs / 2 mins 8.404 secs)
[1A[2KChrome Headless 140.0.0.0 (Mac OS 10.15.7): Executed 972 of 985[31m (215 FAILED)[39m (skipped 2) (0 secs / 2 mins 8.405 secs)
[1A[2KChrome Headless 140.0.0.0 (Mac OS 10.15.7): Executed 973 of 985[31m (215 FAILED)[39m (skipped 2) (0 secs / 2 mins 8.405 secs)
[1A[2KChrome Headless 140.0.0.0 (Mac OS 10.15.7): Executed 974 of 985[31m (215 FAILED)[39m (skipped 2) (0 secs / 2 mins 8.405 secs)
[1A[2KChrome Headless 140.0.0.0 (Mac OS 10.15.7): Executed 975 of 985[31m (215 FAILED)[39m (skipped 2) (0 secs / 2 mins 8.405 secs)
[1A[2KChrome Headless 140.0.0.0 (Mac OS 10.15.7): Executed 976 of 985[31m (215 FAILED)[39m (skipped 2) (0 secs / 2 mins 8.405 secs)
[1A[2KChrome Headless 140.0.0.0 (Mac OS 10.15.7): Executed 977 of 985[31m (215 FAILED)[39m (skipped 2) (0 secs / 2 mins 8.406 secs)
[1A[2KChrome Headless 140.0.0.0 (Mac OS 10.15.7): Executed 978 of 985[31m (215 FAILED)[39m (skipped 2) (0 secs / 2 mins 8.407 secs)
[1A[2KChrome Headless 140.0.0.0 (Mac OS 10.15.7): Executed 979 of 985[31m (215 FAILED)[39m (skipped 2) (0 secs / 2 mins 8.407 secs)
[1A[2KChrome Headless 140.0.0.0 (Mac OS 10.15.7): Executed 980 of 985[31m (215 FAILED)[39m (skipped 2) (0 secs / 2 mins 8.408 secs)
[1A[2KChrome Headless 140.0.0.0 (Mac OS 10.15.7): Executed 981 of 985[31m (215 FAILED)[39m (skipped 2) (0 secs / 2 mins 8.409 secs)
[1A[2KChrome Headless 140.0.0.0 (Mac OS 10.15.7): Executed 982 of 985[31m (215 FAILED)[39m (skipped 2) (0 secs / 2 mins 8.41 secs)
[1A[2KChrome Headless 140.0.0.0 (Mac OS 10.15.7): Executed 983 of 985[31m (215 FAILED)[39m (skipped 2) (0 secs / 2 mins 8.411 secs)
[1A[2KChrome Headless 140.0.0.0 (Mac OS 10.15.7): Executed 983 of 985[31m (215 FAILED)[39m (skipped 2) (2 mins 8.93 secs / 2 mins 8.411 secs)
[31mTOTAL: 215 FAILED, 768 SUCCESS[39m
✔ Browser application bundle generation complete.
✔ Browser application bundle generation complete.
