
> conductores-pwa@0.0.0 test:unit
> ng test --watch=false --browsers=ChromeHeadless --watch=false --browsers=ChromeHeadless

Option 'browsers' has been specified multiple times. The value 'ChromeHeadless' will be used.
- Generating browser application bundles (phase: setup)...
✔ Browser application bundle generation complete.
10 09 2025 01:22:16.994:INFO [karma-server]: Karma v6.4.4 server started at http://localhost:9876/
10 09 2025 01:22:16.994:INFO [launcher]: Launching browsers ChromeHeadless with concurrency unlimited
10 09 2025 01:22:16.997:INFO [launcher]: Starting browser ChromeHeadless
10 09 2025 01:22:18.948:INFO [Chrome Headless 140.0.0.0 (Mac OS 10.15.7)]: Connected on socket B_AMTeNxnq2s7zDKAAAB with id 63122764
Chrome Headless 140.0.0.0 (Mac OS 10.15.7): Executed 0 of 985[32m SUCCESS[39m (0 secs / 0 secs)
[1A[2KChrome Headless 140.0.0.0 (Mac OS 10.15.7): Executed 1 of 985[32m SUCCESS[39m (0 secs / 0.008 secs)
[1A[2KChrome Headless 140.0.0.0 (Mac OS 10.15.7): Executed 2 of 985[32m SUCCESS[39m (0 secs / 0.01 secs)
[1A[2KChrome Headless 140.0.0.0 (Mac OS 10.15.7): Executed 3 of 985[32m SUCCESS[39m (0 secs / 0.011 secs)
[1A[2KChrome Headless 140.0.0.0 (Mac OS 10.15.7): Executed 4 of 985[32m SUCCESS[39m (0 secs / 0.012 secs)
[1A[2KChrome Headless 140.0.0.0 (Mac OS 10.15.7): Executed 5 of 985[32m SUCCESS[39m (0 secs / 0.013 secs)
[1A[2KChrome Headless 140.0.0.0 (Mac OS 10.15.7): Executed 6 of 985[32m SUCCESS[39m (0 secs / 0.013 secs)
[1A[2KChrome Headless 140.0.0.0 (Mac OS 10.15.7): Executed 7 of 985[32m SUCCESS[39m (0 secs / 0.014 secs)
[1A[2KChrome Headless 140.0.0.0 (Mac OS 10.15.7): Executed 8 of 985[32m SUCCESS[39m (0 secs / 0.014 secs)
[1A[2KChrome Headless 140.0.0.0 (Mac OS 10.15.7): Executed 9 of 985[32m SUCCESS[39m (0 secs / 0.014 secs)
[1A[2KChrome Headless 140.0.0.0 (Mac OS 10.15.7): Executed 10 of 985[32m SUCCESS[39m (0 secs / 0.015 secs)
[1A[2KChrome Headless 140.0.0.0 (Mac OS 10.15.7): Executed 11 of 985[32m SUCCESS[39m (0 secs / 0.015 secs)
[1A[2KChrome Headless 140.0.0.0 (Mac OS 10.15.7): Executed 12 of 985[32m SUCCESS[39m (0 secs / 0.016 secs)
[1A[2KChrome Headless 140.0.0.0 (Mac OS 10.15.7): Executed 13 of 985[32m SUCCESS[39m (0 secs / 0.016 secs)
[1A[2KChrome Headless 140.0.0.0 (Mac OS 10.15.7): Executed 14 of 985[32m SUCCESS[39m (0 secs / 0.016 secs)
[1A[2KChrome Headless 140.0.0.0 (Mac OS 10.15.7): Executed 15 of 985[32m SUCCESS[39m (0 secs / 0.016 secs)
[1A[2KChrome Headless 140.0.0.0 (Mac OS 10.15.7): Executed 16 of 985[32m SUCCESS[39m (0 secs / 0.017 secs)
[1A[2K[31mChrome Headless 140.0.0.0 (Mac OS 10.15.7) LoadingService Edge Cases and Error Handling should handle empty string identifier FAILED[39m
	Expected 0 to be 1.
	    at <Jasmine>
	    at UserContext.apply (src/app/services/loading.service.spec.ts:289:46)
	    at _ZoneDelegate.invoke (node_modules/zone.js/fesm2015/zone.js:369:28)
	    at ProxyZoneSpec.onInvoke (node_modules/zone.js/fesm2015/zone-testing.js:2081:39)
	    at _ZoneDelegate.invoke (node_modules/zone.js/fesm2015/zone.js:368:34)
	Expected [  ] to contain ''.
	    at <Jasmine>
	    at UserContext.apply (src/app/services/loading.service.spec.ts:290:39)
	    at _ZoneDelegate.invoke (node_modules/zone.js/fesm2015/zone.js:369:28)
	    at ProxyZoneSpec.onInvoke (node_modules/zone.js/fesm2015/zone-testing.js:2081:39)
	    at _ZoneDelegate.invoke (node_modules/zone.js/fesm2015/zone.js:368:34)
Chrome Headless 140.0.0.0 (Mac OS 10.15.7): Executed 17 of 985[31m (1 FAILED)[39m (0 secs / 0.018 secs)
[1A[2KChrome Headless 140.0.0.0 (Mac OS 10.15.7): Executed 18 of 985[31m (1 FAILED)[39m (0 secs / 0.018 secs)
[1A[2K[31mChrome Headless 140.0.0.0 (Mac OS 10.15.7) LoadingService Edge Cases and Error Handling should handle mixed identifier and non-identifier operations FAILED[39m
	Expected false to be true.
	    at <Jasmine>
	    at UserContext.apply (src/app/services/loading.service.spec.ts:279:35)
	    at _ZoneDelegate.invoke (node_modules/zone.js/fesm2015/zone.js:369:28)
	    at ProxyZoneSpec.onInvoke (node_modules/zone.js/fesm2015/zone-testing.js:2081:39)
	    at _ZoneDelegate.invoke (node_modules/zone.js/fesm2015/zone.js:368:34)
Chrome Headless 140.0.0.0 (Mac OS 10.15.7): Executed 19 of 985[31m (2 FAILED)[39m (0 secs / 0.019 secs)
[1A[2KChrome Headless 140.0.0.0 (Mac OS 10.15.7): Executed 20 of 985[31m (2 FAILED)[39m (0 secs / 0.131 secs)
[1A[2KChrome Headless 140.0.0.0 (Mac OS 10.15.7): Executed 21 of 985[31m (2 FAILED)[39m (0 secs / 0.244 secs)
[1A[2KChrome Headless 140.0.0.0 (Mac OS 10.15.7): Executed 22 of 985[31m (2 FAILED)[39m (0 secs / 0.422 secs)
[1A[2KChrome Headless 140.0.0.0 (Mac OS 10.15.7): Executed 23 of 985[31m (2 FAILED)[39m (0 secs / 0.425 secs)
[1A[2KChrome Headless 140.0.0.0 (Mac OS 10.15.7): Executed 24 of 985[31m (2 FAILED)[39m (0 secs / 0.438 secs)
[1A[2KChrome Headless 140.0.0.0 (Mac OS 10.15.7): Executed 25 of 985[31m (2 FAILED)[39m (0 secs / 0.44 secs)
[1A[2KChrome Headless 140.0.0.0 (Mac OS 10.15.7): Executed 26 of 985[31m (2 FAILED)[39m (0 secs / 0.441 secs)
[1A[2KChrome Headless 140.0.0.0 (Mac OS 10.15.7): Executed 27 of 985[31m (2 FAILED)[39m (0 secs / 0.442 secs)
[1A[2KChrome Headless 140.0.0.0 (Mac OS 10.15.7): Executed 28 of 985[31m (2 FAILED)[39m (0 secs / 0.443 secs)
[1A[2KChrome Headless 140.0.0.0 (Mac OS 10.15.7): Executed 29 of 985[31m (2 FAILED)[39m (0 secs / 0.519 secs)
[1A[2KChrome Headless 140.0.0.0 (Mac OS 10.15.7): Executed 30 of 985[31m (2 FAILED)[39m (0 secs / 0.522 secs)
[1A[2KChrome Headless 140.0.0.0 (Mac OS 10.15.7): Executed 31 of 985[31m (2 FAILED)[39m (0 secs / 0.523 secs)
[1A[2K[31mChrome Headless 140.0.0.0 (Mac OS 10.15.7) BackendApiService Contract Management should get contract successfully FAILED[39m
	Error: NG0202: This constructor is not compatible with Angular Dependency Injection because its dependency at index 2 of the parameter list is invalid.
	This can happen if the dependency type is a primitive like a string or if an ancestor of this class is missing an Angular decorator.
	
	Please check that 1) the type for the parameter at index 2 is correct and 2) the correct Angular decorators are defined for this class and its ancestors.
	error properties: Object({ code: 202 })
	Error: NG0202: This constructor is not compatible with Angular Dependency Injection because its dependency at index 2 of the parameter list is invalid.
	This can happen if the dependency type is a primitive like a string or if an ancestor of this class is missing an Angular decorator.
	Please check that 1) the type for the parameter at index 2 is correct and 2) the correct Angular decorators are defined for this class and its ancestors.
	    at ɵɵinvalidFactoryDep (node_modules/@angular/core/fesm2022/core.mjs:1118:11)
	    at Object.factory (ng:///BackendApiService/ɵfac.js:5:7)
	    at callback (node_modules/@angular/core/fesm2022/core.mjs:3219:47)
	    at runInInjectorProfilerContext (node_modules/@angular/core/fesm2022/core.mjs:866:9)
	    at R3Injector.hydrate (node_modules/@angular/core/fesm2022/core.mjs:3218:21)
	    at R3Injector.get (node_modules/@angular/core/fesm2022/core.mjs:3082:33)
	    at TestBedImpl.inject (node_modules/@angular/core/fesm2022/testing.mjs:1914:52)
	    at TestBedImpl.inject (node_modules/@angular/core/fesm2022/testing.mjs:1768:37)
	    at UserContext.apply (src/app/services/backend-api.service.spec.ts:97:23)
	    at _ZoneDelegate.invoke (node_modules/zone.js/fesm2015/zone.js:369:28)
Chrome Headless 140.0.0.0 (Mac OS 10.15.7): Executed 32 of 985[31m (3 FAILED)[39m (0 secs / 0.526 secs)
[1A[2K[31mChrome Headless 140.0.0.0 (Mac OS 10.15.7) BackendApiService Contract Management should fallback to local storage when getting contract fails FAILED[39m
	Error: NG0202: This constructor is not compatible with Angular Dependency Injection because its dependency at index 2 of the parameter list is invalid.
	This can happen if the dependency type is a primitive like a string or if an ancestor of this class is missing an Angular decorator.
	
	Please check that 1) the type for the parameter at index 2 is correct and 2) the correct Angular decorators are defined for this class and its ancestors.
	error properties: Object({ code: 202 })
	Error: NG0202: This constructor is not compatible with Angular Dependency Injection because its dependency at index 2 of the parameter list is invalid.
	This can happen if the dependency type is a primitive like a string or if an ancestor of this class is missing an Angular decorator.
	Please check that 1) the type for the parameter at index 2 is correct and 2) the correct Angular decorators are defined for this class and its ancestors.
	    at ɵɵinvalidFactoryDep (node_modules/@angular/core/fesm2022/core.mjs:1118:11)
	    at Object.factory (ng:///BackendApiService/ɵfac.js:5:7)
	    at callback (node_modules/@angular/core/fesm2022/core.mjs:3219:47)
	    at runInInjectorProfilerContext (node_modules/@angular/core/fesm2022/core.mjs:866:9)
	    at R3Injector.hydrate (node_modules/@angular/core/fesm2022/core.mjs:3218:21)
	    at R3Injector.get (node_modules/@angular/core/fesm2022/core.mjs:3082:33)
	    at TestBedImpl.inject (node_modules/@angular/core/fesm2022/testing.mjs:1914:52)
	    at TestBedImpl.inject (node_modules/@angular/core/fesm2022/testing.mjs:1768:37)
	    at UserContext.apply (src/app/services/backend-api.service.spec.ts:97:23)
	    at _ZoneDelegate.invoke (node_modules/zone.js/fesm2015/zone.js:369:28)
Chrome Headless 140.0.0.0 (Mac OS 10.15.7): Executed 33 of 985[31m (4 FAILED)[39m (0 secs / 0.526 secs)
[1A[2K[31mChrome Headless 140.0.0.0 (Mac OS 10.15.7) BackendApiService Contract Management should get client contracts successfully FAILED[39m
	Error: NG0202: This constructor is not compatible with Angular Dependency Injection because its dependency at index 2 of the parameter list is invalid.
	This can happen if the dependency type is a primitive like a string or if an ancestor of this class is missing an Angular decorator.
	
	Please check that 1) the type for the parameter at index 2 is correct and 2) the correct Angular decorators are defined for this class and its ancestors.
	error properties: Object({ code: 202 })
	Error: NG0202: This constructor is not compatible with Angular Dependency Injection because its dependency at index 2 of the parameter list is invalid.
	This can happen if the dependency type is a primitive like a string or if an ancestor of this class is missing an Angular decorator.
	Please check that 1) the type for the parameter at index 2 is correct and 2) the correct Angular decorators are defined for this class and its ancestors.
	    at ɵɵinvalidFactoryDep (node_modules/@angular/core/fesm2022/core.mjs:1118:11)
	    at Object.factory (ng:///BackendApiService/ɵfac.js:5:7)
	    at callback (node_modules/@angular/core/fesm2022/core.mjs:3219:47)
	    at runInInjectorProfilerContext (node_modules/@angular/core/fesm2022/core.mjs:866:9)
	    at R3Injector.hydrate (node_modules/@angular/core/fesm2022/core.mjs:3218:21)
	    at R3Injector.get (node_modules/@angular/core/fesm2022/core.mjs:3082:33)
	    at TestBedImpl.inject (node_modules/@angular/core/fesm2022/testing.mjs:1914:52)
	    at TestBedImpl.inject (node_modules/@angular/core/fesm2022/testing.mjs:1768:37)
	    at UserContext.apply (src/app/services/backend-api.service.spec.ts:97:23)
	    at _ZoneDelegate.invoke (node_modules/zone.js/fesm2015/zone.js:369:28)
Chrome Headless 140.0.0.0 (Mac OS 10.15.7): Executed 34 of 985[31m (5 FAILED)[39m (0 secs / 0.526 secs)
[1A[2K[31mChrome Headless 140.0.0.0 (Mac OS 10.15.7) BackendApiService Contract Management should create contract successfully FAILED[39m
	Error: NG0202: This constructor is not compatible with Angular Dependency Injection because its dependency at index 2 of the parameter list is invalid.
	This can happen if the dependency type is a primitive like a string or if an ancestor of this class is missing an Angular decorator.
	
	Please check that 1) the type for the parameter at index 2 is correct and 2) the correct Angular decorators are defined for this class and its ancestors.
	error properties: Object({ code: 202 })
	Error: NG0202: This constructor is not compatible with Angular Dependency Injection because its dependency at index 2 of the parameter list is invalid.
	This can happen if the dependency type is a primitive like a string or if an ancestor of this class is missing an Angular decorator.
	Please check that 1) the type for the parameter at index 2 is correct and 2) the correct Angular decorators are defined for this class and its ancestors.
	    at ɵɵinvalidFactoryDep (node_modules/@angular/core/fesm2022/core.mjs:1118:11)
	    at Object.factory (ng:///BackendApiService/ɵfac.js:5:7)
	    at callback (node_modules/@angular/core/fesm2022/core.mjs:3219:47)
	    at runInInjectorProfilerContext (node_modules/@angular/core/fesm2022/core.mjs:866:9)
	    at R3Injector.hydrate (node_modules/@angular/core/fesm2022/core.mjs:3218:21)
	    at R3Injector.get (node_modules/@angular/core/fesm2022/core.mjs:3082:33)
	    at TestBedImpl.inject (node_modules/@angular/core/fesm2022/testing.mjs:1914:52)
	    at TestBedImpl.inject (node_modules/@angular/core/fesm2022/testing.mjs:1768:37)
	    at UserContext.apply (src/app/services/backend-api.service.spec.ts:97:23)
	    at _ZoneDelegate.invoke (node_modules/zone.js/fesm2015/zone.js:369:28)
Chrome Headless 140.0.0.0 (Mac OS 10.15.7): Executed 35 of 985[31m (6 FAILED)[39m (0 secs / 0.527 secs)
[1A[2K[31mChrome Headless 140.0.0.0 (Mac OS 10.15.7) BackendApiService Contract Management should fallback to local storage when getting client contracts fails FAILED[39m
	Error: NG0202: This constructor is not compatible with Angular Dependency Injection because its dependency at index 2 of the parameter list is invalid.
	This can happen if the dependency type is a primitive like a string or if an ancestor of this class is missing an Angular decorator.
	
	Please check that 1) the type for the parameter at index 2 is correct and 2) the correct Angular decorators are defined for this class and its ancestors.
	error properties: Object({ code: 202 })
	Error: NG0202: This constructor is not compatible with Angular Dependency Injection because its dependency at index 2 of the parameter list is invalid.
	This can happen if the dependency type is a primitive like a string or if an ancestor of this class is missing an Angular decorator.
	Please check that 1) the type for the parameter at index 2 is correct and 2) the correct Angular decorators are defined for this class and its ancestors.
	    at ɵɵinvalidFactoryDep (node_modules/@angular/core/fesm2022/core.mjs:1118:11)
	    at Object.factory (ng:///BackendApiService/ɵfac.js:5:7)
	    at callback (node_modules/@angular/core/fesm2022/core.mjs:3219:47)
	    at runInInjectorProfilerContext (node_modules/@angular/core/fesm2022/core.mjs:866:9)
	    at R3Injector.hydrate (node_modules/@angular/core/fesm2022/core.mjs:3218:21)
	    at R3Injector.get (node_modules/@angular/core/fesm2022/core.mjs:3082:33)
	    at TestBedImpl.inject (node_modules/@angular/core/fesm2022/testing.mjs:1914:52)
	    at TestBedImpl.inject (node_modules/@angular/core/fesm2022/testing.mjs:1768:37)
	    at UserContext.apply (src/app/services/backend-api.service.spec.ts:97:23)
	    at _ZoneDelegate.invoke (node_modules/zone.js/fesm2015/zone.js:369:28)
Chrome Headless 140.0.0.0 (Mac OS 10.15.7): Executed 36 of 985[31m (7 FAILED)[39m (0 secs / 0.527 secs)
[1A[2K[31mChrome Headless 140.0.0.0 (Mac OS 10.15.7) BackendApiService Contract Management should handle create contract offline mode FAILED[39m
	Error: NG0202: This constructor is not compatible with Angular Dependency Injection because its dependency at index 2 of the parameter list is invalid.
	This can happen if the dependency type is a primitive like a string or if an ancestor of this class is missing an Angular decorator.
	
	Please check that 1) the type for the parameter at index 2 is correct and 2) the correct Angular decorators are defined for this class and its ancestors.
	error properties: Object({ code: 202 })
	Error: NG0202: This constructor is not compatible with Angular Dependency Injection because its dependency at index 2 of the parameter list is invalid.
	This can happen if the dependency type is a primitive like a string or if an ancestor of this class is missing an Angular decorator.
	Please check that 1) the type for the parameter at index 2 is correct and 2) the correct Angular decorators are defined for this class and its ancestors.
	    at ɵɵinvalidFactoryDep (node_modules/@angular/core/fesm2022/core.mjs:1118:11)
	    at Object.factory (ng:///BackendApiService/ɵfac.js:5:7)
	    at callback (node_modules/@angular/core/fesm2022/core.mjs:3219:47)
	    at runInInjectorProfilerContext (node_modules/@angular/core/fesm2022/core.mjs:866:9)
	    at R3Injector.hydrate (node_modules/@angular/core/fesm2022/core.mjs:3218:21)
	    at R3Injector.get (node_modules/@angular/core/fesm2022/core.mjs:3082:33)
	    at TestBedImpl.inject (node_modules/@angular/core/fesm2022/testing.mjs:1914:52)
	    at TestBedImpl.inject (node_modules/@angular/core/fesm2022/testing.mjs:1768:37)
	    at UserContext.apply (src/app/services/backend-api.service.spec.ts:97:23)
	    at _ZoneDelegate.invoke (node_modules/zone.js/fesm2015/zone.js:369:28)
Chrome Headless 140.0.0.0 (Mac OS 10.15.7): Executed 37 of 985[31m (8 FAILED)[39m (0 secs / 0.527 secs)
[1A[2K[31mChrome Headless 140.0.0.0 (Mac OS 10.15.7) BackendApiService Service Initialization should initialize with online status FAILED[39m
	Error: NG0202: This constructor is not compatible with Angular Dependency Injection because its dependency at index 2 of the parameter list is invalid.
	This can happen if the dependency type is a primitive like a string or if an ancestor of this class is missing an Angular decorator.
	
	Please check that 1) the type for the parameter at index 2 is correct and 2) the correct Angular decorators are defined for this class and its ancestors.
	error properties: Object({ code: 202 })
	Error: NG0202: This constructor is not compatible with Angular Dependency Injection because its dependency at index 2 of the parameter list is invalid.
	This can happen if the dependency type is a primitive like a string or if an ancestor of this class is missing an Angular decorator.
	Please check that 1) the type for the parameter at index 2 is correct and 2) the correct Angular decorators are defined for this class and its ancestors.
	    at ɵɵinvalidFactoryDep (node_modules/@angular/core/fesm2022/core.mjs:1118:11)
	    at Object.factory (ng:///BackendApiService/ɵfac.js:5:7)
	    at callback (node_modules/@angular/core/fesm2022/core.mjs:3219:47)
	    at runInInjectorProfilerContext (node_modules/@angular/core/fesm2022/core.mjs:866:9)
	    at R3Injector.hydrate (node_modules/@angular/core/fesm2022/core.mjs:3218:21)
	    at R3Injector.get (node_modules/@angular/core/fesm2022/core.mjs:3082:33)
	    at TestBedImpl.inject (node_modules/@angular/core/fesm2022/testing.mjs:1914:52)
	    at TestBedImpl.inject (node_modules/@angular/core/fesm2022/testing.mjs:1768:37)
	    at UserContext.apply (src/app/services/backend-api.service.spec.ts:97:23)
	    at _ZoneDelegate.invoke (node_modules/zone.js/fesm2015/zone.js:369:28)
Chrome Headless 140.0.0.0 (Mac OS 10.15.7): Executed 38 of 985[31m (9 FAILED)[39m (0 secs / 0.528 secs)
[1A[2K[31mChrome Headless 140.0.0.0 (Mac OS 10.15.7) BackendApiService Service Initialization should have correct API configuration FAILED[39m
	Error: NG0202: This constructor is not compatible with Angular Dependency Injection because its dependency at index 2 of the parameter list is invalid.
	This can happen if the dependency type is a primitive like a string or if an ancestor of this class is missing an Angular decorator.
	
	Please check that 1) the type for the parameter at index 2 is correct and 2) the correct Angular decorators are defined for this class and its ancestors.
	error properties: Object({ code: 202 })
	Error: NG0202: This constructor is not compatible with Angular Dependency Injection because its dependency at index 2 of the parameter list is invalid.
	This can happen if the dependency type is a primitive like a string or if an ancestor of this class is missing an Angular decorator.
	Please check that 1) the type for the parameter at index 2 is correct and 2) the correct Angular decorators are defined for this class and its ancestors.
	    at ɵɵinvalidFactoryDep (node_modules/@angular/core/fesm2022/core.mjs:1118:11)
	    at Object.factory (ng:///BackendApiService/ɵfac.js:5:7)
	    at callback (node_modules/@angular/core/fesm2022/core.mjs:3219:47)
	    at runInInjectorProfilerContext (node_modules/@angular/core/fesm2022/core.mjs:866:9)
	    at R3Injector.hydrate (node_modules/@angular/core/fesm2022/core.mjs:3218:21)
	    at R3Injector.get (node_modules/@angular/core/fesm2022/core.mjs:3082:33)
	    at TestBedImpl.inject (node_modules/@angular/core/fesm2022/testing.mjs:1914:52)
	    at TestBedImpl.inject (node_modules/@angular/core/fesm2022/testing.mjs:1768:37)
	    at UserContext.apply (src/app/services/backend-api.service.spec.ts:97:23)
	    at _ZoneDelegate.invoke (node_modules/zone.js/fesm2015/zone.js:369:28)
Chrome Headless 140.0.0.0 (Mac OS 10.15.7): Executed 39 of 985[31m (10 FAILED)[39m (0 secs / 0.528 secs)
[1A[2K[31mChrome Headless 140.0.0.0 (Mac OS 10.15.7) BackendApiService Service Initialization should be created FAILED[39m
	Error: NG0202: This constructor is not compatible with Angular Dependency Injection because its dependency at index 2 of the parameter list is invalid.
	This can happen if the dependency type is a primitive like a string or if an ancestor of this class is missing an Angular decorator.
	
	Please check that 1) the type for the parameter at index 2 is correct and 2) the correct Angular decorators are defined for this class and its ancestors.
	error properties: Object({ code: 202 })
	Error: NG0202: This constructor is not compatible with Angular Dependency Injection because its dependency at index 2 of the parameter list is invalid.
	This can happen if the dependency type is a primitive like a string or if an ancestor of this class is missing an Angular decorator.
	Please check that 1) the type for the parameter at index 2 is correct and 2) the correct Angular decorators are defined for this class and its ancestors.
	    at ɵɵinvalidFactoryDep (node_modules/@angular/core/fesm2022/core.mjs:1118:11)
	    at Object.factory (ng:///BackendApiService/ɵfac.js:5:7)
	    at callback (node_modules/@angular/core/fesm2022/core.mjs:3219:47)
	    at runInInjectorProfilerContext (node_modules/@angular/core/fesm2022/core.mjs:866:9)
	    at R3Injector.hydrate (node_modules/@angular/core/fesm2022/core.mjs:3218:21)
	    at R3Injector.get (node_modules/@angular/core/fesm2022/core.mjs:3082:33)
	    at TestBedImpl.inject (node_modules/@angular/core/fesm2022/testing.mjs:1914:52)
	    at TestBedImpl.inject (node_modules/@angular/core/fesm2022/testing.mjs:1768:37)
	    at UserContext.apply (src/app/services/backend-api.service.spec.ts:97:23)
	    at _ZoneDelegate.invoke (node_modules/zone.js/fesm2015/zone.js:369:28)
Chrome Headless 140.0.0.0 (Mac OS 10.15.7): Executed 40 of 985[31m (11 FAILED)[39m (0 secs / 0.529 secs)
[1A[2K[31mChrome Headless 140.0.0.0 (Mac OS 10.15.7) BackendApiService Health Check should return offline health status when API fails FAILED[39m
	Error: NG0202: This constructor is not compatible with Angular Dependency Injection because its dependency at index 2 of the parameter list is invalid.
	This can happen if the dependency type is a primitive like a string or if an ancestor of this class is missing an Angular decorator.
	
	Please check that 1) the type for the parameter at index 2 is correct and 2) the correct Angular decorators are defined for this class and its ancestors.
	error properties: Object({ code: 202 })
	Error: NG0202: This constructor is not compatible with Angular Dependency Injection because its dependency at index 2 of the parameter list is invalid.
	This can happen if the dependency type is a primitive like a string or if an ancestor of this class is missing an Angular decorator.
	Please check that 1) the type for the parameter at index 2 is correct and 2) the correct Angular decorators are defined for this class and its ancestors.
	    at ɵɵinvalidFactoryDep (node_modules/@angular/core/fesm2022/core.mjs:1118:11)
	    at Object.factory (ng:///BackendApiService/ɵfac.js:5:7)
	    at callback (node_modules/@angular/core/fesm2022/core.mjs:3219:47)
	    at runInInjectorProfilerContext (node_modules/@angular/core/fesm2022/core.mjs:866:9)
	    at R3Injector.hydrate (node_modules/@angular/core/fesm2022/core.mjs:3218:21)
	    at R3Injector.get (node_modules/@angular/core/fesm2022/core.mjs:3082:33)
	    at TestBedImpl.inject (node_modules/@angular/core/fesm2022/testing.mjs:1914:52)
	    at TestBedImpl.inject (node_modules/@angular/core/fesm2022/testing.mjs:1768:37)
	    at UserContext.apply (src/app/services/backend-api.service.spec.ts:97:23)
	    at _ZoneDelegate.invoke (node_modules/zone.js/fesm2015/zone.js:369:28)
Chrome Headless 140.0.0.0 (Mac OS 10.15.7): Executed 41 of 985[31m (12 FAILED)[39m (0 secs / 0.53 secs)
[1A[2K[31mChrome Headless 140.0.0.0 (Mac OS 10.15.7) BackendApiService Health Check should return online health status FAILED[39m
	Error: NG0202: This constructor is not compatible with Angular Dependency Injection because its dependency at index 2 of the parameter list is invalid.
	This can happen if the dependency type is a primitive like a string or if an ancestor of this class is missing an Angular decorator.
	
	Please check that 1) the type for the parameter at index 2 is correct and 2) the correct Angular decorators are defined for this class and its ancestors.
	error properties: Object({ code: 202 })
	Error: NG0202: This constructor is not compatible with Angular Dependency Injection because its dependency at index 2 of the parameter list is invalid.
	This can happen if the dependency type is a primitive like a string or if an ancestor of this class is missing an Angular decorator.
	Please check that 1) the type for the parameter at index 2 is correct and 2) the correct Angular decorators are defined for this class and its ancestors.
	    at ɵɵinvalidFactoryDep (node_modules/@angular/core/fesm2022/core.mjs:1118:11)
	    at Object.factory (ng:///BackendApiService/ɵfac.js:5:7)
	    at callback (node_modules/@angular/core/fesm2022/core.mjs:3219:47)
	    at runInInjectorProfilerContext (node_modules/@angular/core/fesm2022/core.mjs:866:9)
	    at R3Injector.hydrate (node_modules/@angular/core/fesm2022/core.mjs:3218:21)
	    at R3Injector.get (node_modules/@angular/core/fesm2022/core.mjs:3082:33)
	    at TestBedImpl.inject (node_modules/@angular/core/fesm2022/testing.mjs:1914:52)
	    at TestBedImpl.inject (node_modules/@angular/core/fesm2022/testing.mjs:1768:37)
	    at UserContext.apply (src/app/services/backend-api.service.spec.ts:97:23)
	    at _ZoneDelegate.invoke (node_modules/zone.js/fesm2015/zone.js:369:28)
Chrome Headless 140.0.0.0 (Mac OS 10.15.7): Executed 42 of 985[31m (13 FAILED)[39m (0 secs / 0.531 secs)
[1A[2K[31mChrome Headless 140.0.0.0 (Mac OS 10.15.7) BackendApiService Network Status Management should update online status when network changes FAILED[39m
	Error: NG0202: This constructor is not compatible with Angular Dependency Injection because its dependency at index 2 of the parameter list is invalid.
	This can happen if the dependency type is a primitive like a string or if an ancestor of this class is missing an Angular decorator.
	
	Please check that 1) the type for the parameter at index 2 is correct and 2) the correct Angular decorators are defined for this class and its ancestors.
	error properties: Object({ code: 202 })
	Error: NG0202: This constructor is not compatible with Angular Dependency Injection because its dependency at index 2 of the parameter list is invalid.
	This can happen if the dependency type is a primitive like a string or if an ancestor of this class is missing an Angular decorator.
	Please check that 1) the type for the parameter at index 2 is correct and 2) the correct Angular decorators are defined for this class and its ancestors.
	    at ɵɵinvalidFactoryDep (node_modules/@angular/core/fesm2022/core.mjs:1118:11)
	    at Object.factory (ng:///BackendApiService/ɵfac.js:5:7)
	    at callback (node_modules/@angular/core/fesm2022/core.mjs:3219:47)
	    at runInInjectorProfilerContext (node_modules/@angular/core/fesm2022/core.mjs:866:9)
	    at R3Injector.hydrate (node_modules/@angular/core/fesm2022/core.mjs:3218:21)
	    at R3Injector.get (node_modules/@angular/core/fesm2022/core.mjs:3082:33)
	    at TestBedImpl.inject (node_modules/@angular/core/fesm2022/testing.mjs:1914:52)
	    at TestBedImpl.inject (node_modules/@angular/core/fesm2022/testing.mjs:1768:37)
	    at UserContext.apply (src/app/services/backend-api.service.spec.ts:97:23)
	    at _ZoneDelegate.invoke (node_modules/zone.js/fesm2015/zone.js:369:28)
Chrome Headless 140.0.0.0 (Mac OS 10.15.7): Executed 43 of 985[31m (14 FAILED)[39m (0 secs / 0.532 secs)
[1A[2K[31mChrome Headless 140.0.0.0 (Mac OS 10.15.7) BackendApiService Network Status Management should trigger sync when going back online FAILED[39m
	Error: NG0202: This constructor is not compatible with Angular Dependency Injection because its dependency at index 2 of the parameter list is invalid.
	This can happen if the dependency type is a primitive like a string or if an ancestor of this class is missing an Angular decorator.
	
	Please check that 1) the type for the parameter at index 2 is correct and 2) the correct Angular decorators are defined for this class and its ancestors.
	error properties: Object({ code: 202 })
	Error: NG0202: This constructor is not compatible with Angular Dependency Injection because its dependency at index 2 of the parameter list is invalid.
	This can happen if the dependency type is a primitive like a string or if an ancestor of this class is missing an Angular decorator.
	Please check that 1) the type for the parameter at index 2 is correct and 2) the correct Angular decorators are defined for this class and its ancestors.
	    at ɵɵinvalidFactoryDep (node_modules/@angular/core/fesm2022/core.mjs:1118:11)
	    at Object.factory (ng:///BackendApiService/ɵfac.js:5:7)
	    at callback (node_modules/@angular/core/fesm2022/core.mjs:3219:47)
	    at runInInjectorProfilerContext (node_modules/@angular/core/fesm2022/core.mjs:866:9)
	    at R3Injector.hydrate (node_modules/@angular/core/fesm2022/core.mjs:3218:21)
	    at R3Injector.get (node_modules/@angular/core/fesm2022/core.mjs:3082:33)
	    at TestBedImpl.inject (node_modules/@angular/core/fesm2022/testing.mjs:1914:52)
	    at TestBedImpl.inject (node_modules/@angular/core/fesm2022/testing.mjs:1768:37)
	    at UserContext.apply (src/app/services/backend-api.service.spec.ts:97:23)
	    at _ZoneDelegate.invoke (node_modules/zone.js/fesm2015/zone.js:369:28)
Chrome Headless 140.0.0.0 (Mac OS 10.15.7): Executed 44 of 985[31m (15 FAILED)[39m (0 secs / 0.533 secs)
[1A[2K[31mChrome Headless 140.0.0.0 (Mac OS 10.15.7) BackendApiService File Upload should upload document successfully FAILED[39m
	Error: NG0202: This constructor is not compatible with Angular Dependency Injection because its dependency at index 2 of the parameter list is invalid.
	This can happen if the dependency type is a primitive like a string or if an ancestor of this class is missing an Angular decorator.
	
	Please check that 1) the type for the parameter at index 2 is correct and 2) the correct Angular decorators are defined for this class and its ancestors.
	error properties: Object({ code: 202 })
	Error: NG0202: This constructor is not compatible with Angular Dependency Injection because its dependency at index 2 of the parameter list is invalid.
	This can happen if the dependency type is a primitive like a string or if an ancestor of this class is missing an Angular decorator.
	Please check that 1) the type for the parameter at index 2 is correct and 2) the correct Angular decorators are defined for this class and its ancestors.
	    at ɵɵinvalidFactoryDep (node_modules/@angular/core/fesm2022/core.mjs:1118:11)
	    at Object.factory (ng:///BackendApiService/ɵfac.js:5:7)
	    at callback (node_modules/@angular/core/fesm2022/core.mjs:3219:47)
	    at runInInjectorProfilerContext (node_modules/@angular/core/fesm2022/core.mjs:866:9)
	    at R3Injector.hydrate (node_modules/@angular/core/fesm2022/core.mjs:3218:21)
	    at R3Injector.get (node_modules/@angular/core/fesm2022/core.mjs:3082:33)
	    at TestBedImpl.inject (node_modules/@angular/core/fesm2022/testing.mjs:1914:52)
	    at TestBedImpl.inject (node_modules/@angular/core/fesm2022/testing.mjs:1768:37)
	    at UserContext.apply (src/app/services/backend-api.service.spec.ts:97:23)
	    at _ZoneDelegate.invoke (node_modules/zone.js/fesm2015/zone.js:369:28)
Chrome Headless 140.0.0.0 (Mac OS 10.15.7): Executed 45 of 985[31m (16 FAILED)[39m (0 secs / 0.533 secs)
[1A[2K[31mChrome Headless 140.0.0.0 (Mac OS 10.15.7) BackendApiService File Upload should handle upload document offline mode FAILED[39m
	Error: NG0202: This constructor is not compatible with Angular Dependency Injection because its dependency at index 2 of the parameter list is invalid.
	This can happen if the dependency type is a primitive like a string or if an ancestor of this class is missing an Angular decorator.
	
	Please check that 1) the type for the parameter at index 2 is correct and 2) the correct Angular decorators are defined for this class and its ancestors.
	error properties: Object({ code: 202 })
	Error: NG0202: This constructor is not compatible with Angular Dependency Injection because its dependency at index 2 of the parameter list is invalid.
	This can happen if the dependency type is a primitive like a string or if an ancestor of this class is missing an Angular decorator.
	Please check that 1) the type for the parameter at index 2 is correct and 2) the correct Angular decorators are defined for this class and its ancestors.
	    at ɵɵinvalidFactoryDep (node_modules/@angular/core/fesm2022/core.mjs:1118:11)
	    at Object.factory (ng:///BackendApiService/ɵfac.js:5:7)
	    at callback (node_modules/@angular/core/fesm2022/core.mjs:3219:47)
	    at runInInjectorProfilerContext (node_modules/@angular/core/fesm2022/core.mjs:866:9)
	    at R3Injector.hydrate (node_modules/@angular/core/fesm2022/core.mjs:3218:21)
	    at R3Injector.get (node_modules/@angular/core/fesm2022/core.mjs:3082:33)
	    at TestBedImpl.inject (node_modules/@angular/core/fesm2022/testing.mjs:1914:52)
	    at TestBedImpl.inject (node_modules/@angular/core/fesm2022/testing.mjs:1768:37)
	    at UserContext.apply (src/app/services/backend-api.service.spec.ts:97:23)
	    at _ZoneDelegate.invoke (node_modules/zone.js/fesm2015/zone.js:369:28)
Chrome Headless 140.0.0.0 (Mac OS 10.15.7): Executed 46 of 985[31m (17 FAILED)[39m (0 secs / 0.534 secs)
[1A[2K[31mChrome Headless 140.0.0.0 (Mac OS 10.15.7) BackendApiService Client Management should handle create client offline mode FAILED[39m
	Error: NG0202: This constructor is not compatible with Angular Dependency Injection because its dependency at index 2 of the parameter list is invalid.
	This can happen if the dependency type is a primitive like a string or if an ancestor of this class is missing an Angular decorator.
	
	Please check that 1) the type for the parameter at index 2 is correct and 2) the correct Angular decorators are defined for this class and its ancestors.
	error properties: Object({ code: 202 })
	Error: NG0202: This constructor is not compatible with Angular Dependency Injection because its dependency at index 2 of the parameter list is invalid.
	This can happen if the dependency type is a primitive like a string or if an ancestor of this class is missing an Angular decorator.
	Please check that 1) the type for the parameter at index 2 is correct and 2) the correct Angular decorators are defined for this class and its ancestors.
	    at ɵɵinvalidFactoryDep (node_modules/@angular/core/fesm2022/core.mjs:1118:11)
	    at Object.factory (ng:///BackendApiService/ɵfac.js:5:7)
	    at callback (node_modules/@angular/core/fesm2022/core.mjs:3219:47)
	    at runInInjectorProfilerContext (node_modules/@angular/core/fesm2022/core.mjs:866:9)
	    at R3Injector.hydrate (node_modules/@angular/core/fesm2022/core.mjs:3218:21)
	    at R3Injector.get (node_modules/@angular/core/fesm2022/core.mjs:3082:33)
	    at TestBedImpl.inject (node_modules/@angular/core/fesm2022/testing.mjs:1914:52)
	    at TestBedImpl.inject (node_modules/@angular/core/fesm2022/testing.mjs:1768:37)
	    at UserContext.apply (src/app/services/backend-api.service.spec.ts:97:23)
	    at _ZoneDelegate.invoke (node_modules/zone.js/fesm2015/zone.js:369:28)
Chrome Headless 140.0.0.0 (Mac OS 10.15.7): Executed 47 of 985[31m (18 FAILED)[39m (0 secs / 0.534 secs)
[1A[2K[31mChrome Headless 140.0.0.0 (Mac OS 10.15.7) BackendApiService Client Management should update client successfully FAILED[39m
	Error: NG0202: This constructor is not compatible with Angular Dependency Injection because its dependency at index 2 of the parameter list is invalid.
	This can happen if the dependency type is a primitive like a string or if an ancestor of this class is missing an Angular decorator.
	
	Please check that 1) the type for the parameter at index 2 is correct and 2) the correct Angular decorators are defined for this class and its ancestors.
	error properties: Object({ code: 202 })
	Error: NG0202: This constructor is not compatible with Angular Dependency Injection because its dependency at index 2 of the parameter list is invalid.
	This can happen if the dependency type is a primitive like a string or if an ancestor of this class is missing an Angular decorator.
	Please check that 1) the type for the parameter at index 2 is correct and 2) the correct Angular decorators are defined for this class and its ancestors.
	    at ɵɵinvalidFactoryDep (node_modules/@angular/core/fesm2022/core.mjs:1118:11)
	    at Object.factory (ng:///BackendApiService/ɵfac.js:5:7)
	    at callback (node_modules/@angular/core/fesm2022/core.mjs:3219:47)
	    at runInInjectorProfilerContext (node_modules/@angular/core/fesm2022/core.mjs:866:9)
	    at R3Injector.hydrate (node_modules/@angular/core/fesm2022/core.mjs:3218:21)
	    at R3Injector.get (node_modules/@angular/core/fesm2022/core.mjs:3082:33)
	    at TestBedImpl.inject (node_modules/@angular/core/fesm2022/testing.mjs:1914:52)
	    at TestBedImpl.inject (node_modules/@angular/core/fesm2022/testing.mjs:1768:37)
	    at UserContext.apply (src/app/services/backend-api.service.spec.ts:97:23)
	    at _ZoneDelegate.invoke (node_modules/zone.js/fesm2015/zone.js:369:28)
Chrome Headless 140.0.0.0 (Mac OS 10.15.7): Executed 48 of 985[31m (19 FAILED)[39m (0 secs / 0.535 secs)
[1A[2K[31mChrome Headless 140.0.0.0 (Mac OS 10.15.7) BackendApiService Client Management should create client successfully FAILED[39m
	Error: NG0202: This constructor is not compatible with Angular Dependency Injection because its dependency at index 2 of the parameter list is invalid.
	This can happen if the dependency type is a primitive like a string or if an ancestor of this class is missing an Angular decorator.
	
	Please check that 1) the type for the parameter at index 2 is correct and 2) the correct Angular decorators are defined for this class and its ancestors.
	error properties: Object({ code: 202 })
	Error: NG0202: This constructor is not compatible with Angular Dependency Injection because its dependency at index 2 of the parameter list is invalid.
	This can happen if the dependency type is a primitive like a string or if an ancestor of this class is missing an Angular decorator.
	Please check that 1) the type for the parameter at index 2 is correct and 2) the correct Angular decorators are defined for this class and its ancestors.
	    at ɵɵinvalidFactoryDep (node_modules/@angular/core/fesm2022/core.mjs:1118:11)
	    at Object.factory (ng:///BackendApiService/ɵfac.js:5:7)
	    at callback (node_modules/@angular/core/fesm2022/core.mjs:3219:47)
	    at runInInjectorProfilerContext (node_modules/@angular/core/fesm2022/core.mjs:866:9)
	    at R3Injector.hydrate (node_modules/@angular/core/fesm2022/core.mjs:3218:21)
	    at R3Injector.get (node_modules/@angular/core/fesm2022/core.mjs:3082:33)
	    at TestBedImpl.inject (node_modules/@angular/core/fesm2022/testing.mjs:1914:52)
	    at TestBedImpl.inject (node_modules/@angular/core/fesm2022/testing.mjs:1768:37)
	    at UserContext.apply (src/app/services/backend-api.service.spec.ts:97:23)
	    at _ZoneDelegate.invoke (node_modules/zone.js/fesm2015/zone.js:369:28)
Chrome Headless 140.0.0.0 (Mac OS 10.15.7): Executed 49 of 985[31m (20 FAILED)[39m (0 secs / 0.535 secs)
[1A[2K[31mChrome Headless 140.0.0.0 (Mac OS 10.15.7) BackendApiService Client Management should fallback to local storage when getting client fails FAILED[39m
	Error: NG0202: This constructor is not compatible with Angular Dependency Injection because its dependency at index 2 of the parameter list is invalid.
	This can happen if the dependency type is a primitive like a string or if an ancestor of this class is missing an Angular decorator.
	
	Please check that 1) the type for the parameter at index 2 is correct and 2) the correct Angular decorators are defined for this class and its ancestors.
	error properties: Object({ code: 202 })
	Error: NG0202: This constructor is not compatible with Angular Dependency Injection because its dependency at index 2 of the parameter list is invalid.
	This can happen if the dependency type is a primitive like a string or if an ancestor of this class is missing an Angular decorator.
	Please check that 1) the type for the parameter at index 2 is correct and 2) the correct Angular decorators are defined for this class and its ancestors.
	    at ɵɵinvalidFactoryDep (node_modules/@angular/core/fesm2022/core.mjs:1118:11)
	    at Object.factory (ng:///BackendApiService/ɵfac.js:5:7)
	    at callback (node_modules/@angular/core/fesm2022/core.mjs:3219:47)
	    at runInInjectorProfilerContext (node_modules/@angular/core/fesm2022/core.mjs:866:9)
	    at R3Injector.hydrate (node_modules/@angular/core/fesm2022/core.mjs:3218:21)
	    at R3Injector.get (node_modules/@angular/core/fesm2022/core.mjs:3082:33)
	    at TestBedImpl.inject (node_modules/@angular/core/fesm2022/testing.mjs:1914:52)
	    at TestBedImpl.inject (node_modules/@angular/core/fesm2022/testing.mjs:1768:37)
	    at UserContext.apply (src/app/services/backend-api.service.spec.ts:97:23)
	    at _ZoneDelegate.invoke (node_modules/zone.js/fesm2015/zone.js:369:28)
Chrome Headless 140.0.0.0 (Mac OS 10.15.7): Executed 50 of 985[31m (21 FAILED)[39m (0 secs / 0.535 secs)
[1A[2K[31mChrome Headless 140.0.0.0 (Mac OS 10.15.7) BackendApiService Client Management should get clients with filters FAILED[39m
	Error: NG0202: This constructor is not compatible with Angular Dependency Injection because its dependency at index 2 of the parameter list is invalid.
	This can happen if the dependency type is a primitive like a string or if an ancestor of this class is missing an Angular decorator.
	
	Please check that 1) the type for the parameter at index 2 is correct and 2) the correct Angular decorators are defined for this class and its ancestors.
	error properties: Object({ code: 202 })
	Error: NG0202: This constructor is not compatible with Angular Dependency Injection because its dependency at index 2 of the parameter list is invalid.
	This can happen if the dependency type is a primitive like a string or if an ancestor of this class is missing an Angular decorator.
	Please check that 1) the type for the parameter at index 2 is correct and 2) the correct Angular decorators are defined for this class and its ancestors.
	    at ɵɵinvalidFactoryDep (node_modules/@angular/core/fesm2022/core.mjs:1118:11)
	    at Object.factory (ng:///BackendApiService/ɵfac.js:5:7)
	    at callback (node_modules/@angular/core/fesm2022/core.mjs:3219:47)
	    at runInInjectorProfilerContext (node_modules/@angular/core/fesm2022/core.mjs:866:9)
	    at R3Injector.hydrate (node_modules/@angular/core/fesm2022/core.mjs:3218:21)
	    at R3Injector.get (node_modules/@angular/core/fesm2022/core.mjs:3082:33)
	    at TestBedImpl.inject (node_modules/@angular/core/fesm2022/testing.mjs:1914:52)
	    at TestBedImpl.inject (node_modules/@angular/core/fesm2022/testing.mjs:1768:37)
	    at UserContext.apply (src/app/services/backend-api.service.spec.ts:97:23)
	    at _ZoneDelegate.invoke (node_modules/zone.js/fesm2015/zone.js:369:28)
Chrome Headless 140.0.0.0 (Mac OS 10.15.7): Executed 51 of 985[31m (22 FAILED)[39m (0 secs / 0.536 secs)
[1A[2K[31mChrome Headless 140.0.0.0 (Mac OS 10.15.7) BackendApiService Client Management should handle update client offline mode FAILED[39m
	Error: NG0202: This constructor is not compatible with Angular Dependency Injection because its dependency at index 2 of the parameter list is invalid.
	This can happen if the dependency type is a primitive like a string or if an ancestor of this class is missing an Angular decorator.
	
	Please check that 1) the type for the parameter at index 2 is correct and 2) the correct Angular decorators are defined for this class and its ancestors.
	error properties: Object({ code: 202 })
	Error: NG0202: This constructor is not compatible with Angular Dependency Injection because its dependency at index 2 of the parameter list is invalid.
	This can happen if the dependency type is a primitive like a string or if an ancestor of this class is missing an Angular decorator.
	Please check that 1) the type for the parameter at index 2 is correct and 2) the correct Angular decorators are defined for this class and its ancestors.
	    at ɵɵinvalidFactoryDep (node_modules/@angular/core/fesm2022/core.mjs:1118:11)
	    at Object.factory (ng:///BackendApiService/ɵfac.js:5:7)
	    at callback (node_modules/@angular/core/fesm2022/core.mjs:3219:47)
	    at runInInjectorProfilerContext (node_modules/@angular/core/fesm2022/core.mjs:866:9)
	    at R3Injector.hydrate (node_modules/@angular/core/fesm2022/core.mjs:3218:21)
	    at R3Injector.get (node_modules/@angular/core/fesm2022/core.mjs:3082:33)
	    at TestBedImpl.inject (node_modules/@angular/core/fesm2022/testing.mjs:1914:52)
	    at TestBedImpl.inject (node_modules/@angular/core/fesm2022/testing.mjs:1768:37)
	    at UserContext.apply (src/app/services/backend-api.service.spec.ts:97:23)
	    at _ZoneDelegate.invoke (node_modules/zone.js/fesm2015/zone.js:369:28)
Chrome Headless 140.0.0.0 (Mac OS 10.15.7): Executed 52 of 985[31m (23 FAILED)[39m (0 secs / 0.536 secs)
[1A[2K[31mChrome Headless 140.0.0.0 (Mac OS 10.15.7) BackendApiService Client Management should get client successfully FAILED[39m
	Error: NG0202: This constructor is not compatible with Angular Dependency Injection because its dependency at index 2 of the parameter list is invalid.
	This can happen if the dependency type is a primitive like a string or if an ancestor of this class is missing an Angular decorator.
	
	Please check that 1) the type for the parameter at index 2 is correct and 2) the correct Angular decorators are defined for this class and its ancestors.
	error properties: Object({ code: 202 })
	Error: NG0202: This constructor is not compatible with Angular Dependency Injection because its dependency at index 2 of the parameter list is invalid.
	This can happen if the dependency type is a primitive like a string or if an ancestor of this class is missing an Angular decorator.
	Please check that 1) the type for the parameter at index 2 is correct and 2) the correct Angular decorators are defined for this class and its ancestors.
	    at ɵɵinvalidFactoryDep (node_modules/@angular/core/fesm2022/core.mjs:1118:11)
	    at Object.factory (ng:///BackendApiService/ɵfac.js:5:7)
	    at callback (node_modules/@angular/core/fesm2022/core.mjs:3219:47)
	    at runInInjectorProfilerContext (node_modules/@angular/core/fesm2022/core.mjs:866:9)
	    at R3Injector.hydrate (node_modules/@angular/core/fesm2022/core.mjs:3218:21)
	    at R3Injector.get (node_modules/@angular/core/fesm2022/core.mjs:3082:33)
	    at TestBedImpl.inject (node_modules/@angular/core/fesm2022/testing.mjs:1914:52)
	    at TestBedImpl.inject (node_modules/@angular/core/fesm2022/testing.mjs:1768:37)
	    at UserContext.apply (src/app/services/backend-api.service.spec.ts:97:23)
	    at _ZoneDelegate.invoke (node_modules/zone.js/fesm2015/zone.js:369:28)
Chrome Headless 140.0.0.0 (Mac OS 10.15.7): Executed 53 of 985[31m (24 FAILED)[39m (0 secs / 0.537 secs)
[1A[2K[31mChrome Headless 140.0.0.0 (Mac OS 10.15.7) BackendApiService Client Management should return empty array when getting clients fails FAILED[39m
	Error: NG0202: This constructor is not compatible with Angular Dependency Injection because its dependency at index 2 of the parameter list is invalid.
	This can happen if the dependency type is a primitive like a string or if an ancestor of this class is missing an Angular decorator.
	
	Please check that 1) the type for the parameter at index 2 is correct and 2) the correct Angular decorators are defined for this class and its ancestors.
	error properties: Object({ code: 202 })
	Error: NG0202: This constructor is not compatible with Angular Dependency Injection because its dependency at index 2 of the parameter list is invalid.
	This can happen if the dependency type is a primitive like a string or if an ancestor of this class is missing an Angular decorator.
	Please check that 1) the type for the parameter at index 2 is correct and 2) the correct Angular decorators are defined for this class and its ancestors.
	    at ɵɵinvalidFactoryDep (node_modules/@angular/core/fesm2022/core.mjs:1118:11)
	    at Object.factory (ng:///BackendApiService/ɵfac.js:5:7)
	    at callback (node_modules/@angular/core/fesm2022/core.mjs:3219:47)
	    at runInInjectorProfilerContext (node_modules/@angular/core/fesm2022/core.mjs:866:9)
	    at R3Injector.hydrate (node_modules/@angular/core/fesm2022/core.mjs:3218:21)
	    at R3Injector.get (node_modules/@angular/core/fesm2022/core.mjs:3082:33)
	    at TestBedImpl.inject (node_modules/@angular/core/fesm2022/testing.mjs:1914:52)
	    at TestBedImpl.inject (node_modules/@angular/core/fesm2022/testing.mjs:1768:37)
	    at UserContext.apply (src/app/services/backend-api.service.spec.ts:97:23)
	    at _ZoneDelegate.invoke (node_modules/zone.js/fesm2015/zone.js:369:28)
Chrome Headless 140.0.0.0 (Mac OS 10.15.7): Executed 54 of 985[31m (25 FAILED)[39m (0 secs / 0.537 secs)
[1A[2K[31mChrome Headless 140.0.0.0 (Mac OS 10.15.7) BackendApiService Sync Management should handle sync errors gracefully FAILED[39m
	Error: NG0202: This constructor is not compatible with Angular Dependency Injection because its dependency at index 2 of the parameter list is invalid.
	This can happen if the dependency type is a primitive like a string or if an ancestor of this class is missing an Angular decorator.
	
	Please check that 1) the type for the parameter at index 2 is correct and 2) the correct Angular decorators are defined for this class and its ancestors.
	error properties: Object({ code: 202 })
	Error: NG0202: This constructor is not compatible with Angular Dependency Injection because its dependency at index 2 of the parameter list is invalid.
	This can happen if the dependency type is a primitive like a string or if an ancestor of this class is missing an Angular decorator.
	Please check that 1) the type for the parameter at index 2 is correct and 2) the correct Angular decorators are defined for this class and its ancestors.
	    at ɵɵinvalidFactoryDep (node_modules/@angular/core/fesm2022/core.mjs:1118:11)
	    at Object.factory (ng:///BackendApiService/ɵfac.js:5:7)
	    at callback (node_modules/@angular/core/fesm2022/core.mjs:3219:47)
	    at runInInjectorProfilerContext (node_modules/@angular/core/fesm2022/core.mjs:866:9)
	    at R3Injector.hydrate (node_modules/@angular/core/fesm2022/core.mjs:3218:21)
	    at R3Injector.get (node_modules/@angular/core/fesm2022/core.mjs:3082:33)
	    at TestBedImpl.inject (node_modules/@angular/core/fesm2022/testing.mjs:1914:52)
	    at TestBedImpl.inject (node_modules/@angular/core/fesm2022/testing.mjs:1768:37)
	    at UserContext.apply (src/app/services/backend-api.service.spec.ts:97:23)
	    at _ZoneDelegate.invoke (node_modules/zone.js/fesm2015/zone.js:369:28)
Chrome Headless 140.0.0.0 (Mac OS 10.15.7): Executed 55 of 985[31m (26 FAILED)[39m (0 secs / 0.538 secs)
[1A[2K[31mChrome Headless 140.0.0.0 (Mac OS 10.15.7) BackendApiService Sync Management should sync pending actions when coming online FAILED[39m
	Error: NG0202: This constructor is not compatible with Angular Dependency Injection because its dependency at index 2 of the parameter list is invalid.
	This can happen if the dependency type is a primitive like a string or if an ancestor of this class is missing an Angular decorator.
	
	Please check that 1) the type for the parameter at index 2 is correct and 2) the correct Angular decorators are defined for this class and its ancestors.
	error properties: Object({ code: 202 })
	Error: NG0202: This constructor is not compatible with Angular Dependency Injection because its dependency at index 2 of the parameter list is invalid.
	This can happen if the dependency type is a primitive like a string or if an ancestor of this class is missing an Angular decorator.
	Please check that 1) the type for the parameter at index 2 is correct and 2) the correct Angular decorators are defined for this class and its ancestors.
	    at ɵɵinvalidFactoryDep (node_modules/@angular/core/fesm2022/core.mjs:1118:11)
	    at Object.factory (ng:///BackendApiService/ɵfac.js:5:7)
	    at callback (node_modules/@angular/core/fesm2022/core.mjs:3219:47)
	    at runInInjectorProfilerContext (node_modules/@angular/core/fesm2022/core.mjs:866:9)
	    at R3Injector.hydrate (node_modules/@angular/core/fesm2022/core.mjs:3218:21)
	    at R3Injector.get (node_modules/@angular/core/fesm2022/core.mjs:3082:33)
	    at TestBedImpl.inject (node_modules/@angular/core/fesm2022/testing.mjs:1914:52)
	    at TestBedImpl.inject (node_modules/@angular/core/fesm2022/testing.mjs:1768:37)
	    at UserContext.apply (src/app/services/backend-api.service.spec.ts:97:23)
	    at _ZoneDelegate.invoke (node_modules/zone.js/fesm2015/zone.js:369:28)
Chrome Headless 140.0.0.0 (Mac OS 10.15.7): Executed 56 of 985[31m (27 FAILED)[39m (0 secs / 0.538 secs)
[1A[2K[31mChrome Headless 140.0.0.0 (Mac OS 10.15.7) BackendApiService Dashboard and Analytics should return offline dashboard data when API fails FAILED[39m
	Error: NG0202: This constructor is not compatible with Angular Dependency Injection because its dependency at index 2 of the parameter list is invalid.
	This can happen if the dependency type is a primitive like a string or if an ancestor of this class is missing an Angular decorator.
	
	Please check that 1) the type for the parameter at index 2 is correct and 2) the correct Angular decorators are defined for this class and its ancestors.
	error properties: Object({ code: 202 })
	Error: NG0202: This constructor is not compatible with Angular Dependency Injection because its dependency at index 2 of the parameter list is invalid.
	This can happen if the dependency type is a primitive like a string or if an ancestor of this class is missing an Angular decorator.
	Please check that 1) the type for the parameter at index 2 is correct and 2) the correct Angular decorators are defined for this class and its ancestors.
	    at ɵɵinvalidFactoryDep (node_modules/@angular/core/fesm2022/core.mjs:1118:11)
	    at Object.factory (ng:///BackendApiService/ɵfac.js:5:7)
	    at callback (node_modules/@angular/core/fesm2022/core.mjs:3219:47)
	    at runInInjectorProfilerContext (node_modules/@angular/core/fesm2022/core.mjs:866:9)
	    at R3Injector.hydrate (node_modules/@angular/core/fesm2022/core.mjs:3218:21)
	    at R3Injector.get (node_modules/@angular/core/fesm2022/core.mjs:3082:33)
	    at TestBedImpl.inject (node_modules/@angular/core/fesm2022/testing.mjs:1914:52)
	    at TestBedImpl.inject (node_modules/@angular/core/fesm2022/testing.mjs:1768:37)
	    at UserContext.apply (src/app/services/backend-api.service.spec.ts:97:23)
	    at _ZoneDelegate.invoke (node_modules/zone.js/fesm2015/zone.js:369:28)
Chrome Headless 140.0.0.0 (Mac OS 10.15.7): Executed 57 of 985[31m (28 FAILED)[39m (0 secs / 0.539 secs)
[1A[2K[31mChrome Headless 140.0.0.0 (Mac OS 10.15.7) BackendApiService Dashboard and Analytics should get dashboard data successfully FAILED[39m
	Error: NG0202: This constructor is not compatible with Angular Dependency Injection because its dependency at index 2 of the parameter list is invalid.
	This can happen if the dependency type is a primitive like a string or if an ancestor of this class is missing an Angular decorator.
	
	Please check that 1) the type for the parameter at index 2 is correct and 2) the correct Angular decorators are defined for this class and its ancestors.
	error properties: Object({ code: 202 })
	Error: NG0202: This constructor is not compatible with Angular Dependency Injection because its dependency at index 2 of the parameter list is invalid.
	This can happen if the dependency type is a primitive like a string or if an ancestor of this class is missing an Angular decorator.
	Please check that 1) the type for the parameter at index 2 is correct and 2) the correct Angular decorators are defined for this class and its ancestors.
	    at ɵɵinvalidFactoryDep (node_modules/@angular/core/fesm2022/core.mjs:1118:11)
	    at Object.factory (ng:///BackendApiService/ɵfac.js:5:7)
	    at callback (node_modules/@angular/core/fesm2022/core.mjs:3219:47)
	    at runInInjectorProfilerContext (node_modules/@angular/core/fesm2022/core.mjs:866:9)
	    at R3Injector.hydrate (node_modules/@angular/core/fesm2022/core.mjs:3218:21)
	    at R3Injector.get (node_modules/@angular/core/fesm2022/core.mjs:3082:33)
	    at TestBedImpl.inject (node_modules/@angular/core/fesm2022/testing.mjs:1914:52)
	    at TestBedImpl.inject (node_modules/@angular/core/fesm2022/testing.mjs:1768:37)
	    at UserContext.apply (src/app/services/backend-api.service.spec.ts:97:23)
	    at _ZoneDelegate.invoke (node_modules/zone.js/fesm2015/zone.js:369:28)
Chrome Headless 140.0.0.0 (Mac OS 10.15.7): Executed 58 of 985[31m (29 FAILED)[39m (0 secs / 0.54 secs)
[1A[2K[31mChrome Headless 140.0.0.0 (Mac OS 10.15.7) BackendApiService Dashboard and Analytics should get dashboard data with advisor filter FAILED[39m
	Error: NG0202: This constructor is not compatible with Angular Dependency Injection because its dependency at index 2 of the parameter list is invalid.
	This can happen if the dependency type is a primitive like a string or if an ancestor of this class is missing an Angular decorator.
	
	Please check that 1) the type for the parameter at index 2 is correct and 2) the correct Angular decorators are defined for this class and its ancestors.
	error properties: Object({ code: 202 })
	Error: NG0202: This constructor is not compatible with Angular Dependency Injection because its dependency at index 2 of the parameter list is invalid.
	This can happen if the dependency type is a primitive like a string or if an ancestor of this class is missing an Angular decorator.
	Please check that 1) the type for the parameter at index 2 is correct and 2) the correct Angular decorators are defined for this class and its ancestors.
	    at ɵɵinvalidFactoryDep (node_modules/@angular/core/fesm2022/core.mjs:1118:11)
	    at Object.factory (ng:///BackendApiService/ɵfac.js:5:7)
	    at callback (node_modules/@angular/core/fesm2022/core.mjs:3219:47)
	    at runInInjectorProfilerContext (node_modules/@angular/core/fesm2022/core.mjs:866:9)
	    at R3Injector.hydrate (node_modules/@angular/core/fesm2022/core.mjs:3218:21)
	    at R3Injector.get (node_modules/@angular/core/fesm2022/core.mjs:3082:33)
	    at TestBedImpl.inject (node_modules/@angular/core/fesm2022/testing.mjs:1914:52)
	    at TestBedImpl.inject (node_modules/@angular/core/fesm2022/testing.mjs:1768:37)
	    at UserContext.apply (src/app/services/backend-api.service.spec.ts:97:23)
	    at _ZoneDelegate.invoke (node_modules/zone.js/fesm2015/zone.js:369:28)
Chrome Headless 140.0.0.0 (Mac OS 10.15.7): Executed 59 of 985[31m (30 FAILED)[39m (0 secs / 0.54 secs)
[1A[2K[31mChrome Headless 140.0.0.0 (Mac OS 10.15.7) BackendApiService Ecosystem Management should get ecosystems with market filter FAILED[39m
	Error: NG0202: This constructor is not compatible with Angular Dependency Injection because its dependency at index 2 of the parameter list is invalid.
	This can happen if the dependency type is a primitive like a string or if an ancestor of this class is missing an Angular decorator.
	
	Please check that 1) the type for the parameter at index 2 is correct and 2) the correct Angular decorators are defined for this class and its ancestors.
	error properties: Object({ code: 202 })
	Error: NG0202: This constructor is not compatible with Angular Dependency Injection because its dependency at index 2 of the parameter list is invalid.
	This can happen if the dependency type is a primitive like a string or if an ancestor of this class is missing an Angular decorator.
	Please check that 1) the type for the parameter at index 2 is correct and 2) the correct Angular decorators are defined for this class and its ancestors.
	    at ɵɵinvalidFactoryDep (node_modules/@angular/core/fesm2022/core.mjs:1118:11)
	    at Object.factory (ng:///BackendApiService/ɵfac.js:5:7)
	    at callback (node_modules/@angular/core/fesm2022/core.mjs:3219:47)
	    at runInInjectorProfilerContext (node_modules/@angular/core/fesm2022/core.mjs:866:9)
	    at R3Injector.hydrate (node_modules/@angular/core/fesm2022/core.mjs:3218:21)
	    at R3Injector.get (node_modules/@angular/core/fesm2022/core.mjs:3082:33)
	    at TestBedImpl.inject (node_modules/@angular/core/fesm2022/testing.mjs:1914:52)
	    at TestBedImpl.inject (node_modules/@angular/core/fesm2022/testing.mjs:1768:37)
	    at UserContext.apply (src/app/services/backend-api.service.spec.ts:97:23)
	    at _ZoneDelegate.invoke (node_modules/zone.js/fesm2015/zone.js:369:28)
Chrome Headless 140.0.0.0 (Mac OS 10.15.7): Executed 60 of 985[31m (31 FAILED)[39m (0 secs / 0.541 secs)
[1A[2K[31mChrome Headless 140.0.0.0 (Mac OS 10.15.7) BackendApiService Ecosystem Management should return mock data when getting ecosystems fails FAILED[39m
	Error: NG0202: This constructor is not compatible with Angular Dependency Injection because its dependency at index 2 of the parameter list is invalid.
	This can happen if the dependency type is a primitive like a string or if an ancestor of this class is missing an Angular decorator.
	
	Please check that 1) the type for the parameter at index 2 is correct and 2) the correct Angular decorators are defined for this class and its ancestors.
	error properties: Object({ code: 202 })
	Error: NG0202: This constructor is not compatible with Angular Dependency Injection because its dependency at index 2 of the parameter list is invalid.
	This can happen if the dependency type is a primitive like a string or if an ancestor of this class is missing an Angular decorator.
	Please check that 1) the type for the parameter at index 2 is correct and 2) the correct Angular decorators are defined for this class and its ancestors.
	    at ɵɵinvalidFactoryDep (node_modules/@angular/core/fesm2022/core.mjs:1118:11)
	    at Object.factory (ng:///BackendApiService/ɵfac.js:5:7)
	    at callback (node_modules/@angular/core/fesm2022/core.mjs:3219:47)
	    at runInInjectorProfilerContext (node_modules/@angular/core/fesm2022/core.mjs:866:9)
	    at R3Injector.hydrate (node_modules/@angular/core/fesm2022/core.mjs:3218:21)
	    at R3Injector.get (node_modules/@angular/core/fesm2022/core.mjs:3082:33)
	    at TestBedImpl.inject (node_modules/@angular/core/fesm2022/testing.mjs:1914:52)
	    at TestBedImpl.inject (node_modules/@angular/core/fesm2022/testing.mjs:1768:37)
	    at UserContext.apply (src/app/services/backend-api.service.spec.ts:97:23)
	    at _ZoneDelegate.invoke (node_modules/zone.js/fesm2015/zone.js:369:28)
Chrome Headless 140.0.0.0 (Mac OS 10.15.7): Executed 61 of 985[31m (32 FAILED)[39m (0 secs / 0.541 secs)
[1A[2K[31mChrome Headless 140.0.0.0 (Mac OS 10.15.7) BackendApiService Ecosystem Management should get ecosystem by ID successfully FAILED[39m
	Error: NG0202: This constructor is not compatible with Angular Dependency Injection because its dependency at index 2 of the parameter list is invalid.
	This can happen if the dependency type is a primitive like a string or if an ancestor of this class is missing an Angular decorator.
	
	Please check that 1) the type for the parameter at index 2 is correct and 2) the correct Angular decorators are defined for this class and its ancestors.
	error properties: Object({ code: 202 })
	Error: NG0202: This constructor is not compatible with Angular Dependency Injection because its dependency at index 2 of the parameter list is invalid.
	This can happen if the dependency type is a primitive like a string or if an ancestor of this class is missing an Angular decorator.
	Please check that 1) the type for the parameter at index 2 is correct and 2) the correct Angular decorators are defined for this class and its ancestors.
	    at ɵɵinvalidFactoryDep (node_modules/@angular/core/fesm2022/core.mjs:1118:11)
	    at Object.factory (ng:///BackendApiService/ɵfac.js:5:7)
	    at callback (node_modules/@angular/core/fesm2022/core.mjs:3219:47)
	    at runInInjectorProfilerContext (node_modules/@angular/core/fesm2022/core.mjs:866:9)
	    at R3Injector.hydrate (node_modules/@angular/core/fesm2022/core.mjs:3218:21)
	    at R3Injector.get (node_modules/@angular/core/fesm2022/core.mjs:3082:33)
	    at TestBedImpl.inject (node_modules/@angular/core/fesm2022/testing.mjs:1914:52)
	    at TestBedImpl.inject (node_modules/@angular/core/fesm2022/testing.mjs:1768:37)
	    at UserContext.apply (src/app/services/backend-api.service.spec.ts:97:23)
	    at _ZoneDelegate.invoke (node_modules/zone.js/fesm2015/zone.js:369:28)
Chrome Headless 140.0.0.0 (Mac OS 10.15.7): Executed 62 of 985[31m (33 FAILED)[39m (0 secs / 0.542 secs)
[1A[2K[31mChrome Headless 140.0.0.0 (Mac OS 10.15.7) BackendApiService Ecosystem Management should update ecosystem capacity successfully FAILED[39m
	Error: NG0202: This constructor is not compatible with Angular Dependency Injection because its dependency at index 2 of the parameter list is invalid.
	This can happen if the dependency type is a primitive like a string or if an ancestor of this class is missing an Angular decorator.
	
	Please check that 1) the type for the parameter at index 2 is correct and 2) the correct Angular decorators are defined for this class and its ancestors.
	error properties: Object({ code: 202 })
	Error: NG0202: This constructor is not compatible with Angular Dependency Injection because its dependency at index 2 of the parameter list is invalid.
	This can happen if the dependency type is a primitive like a string or if an ancestor of this class is missing an Angular decorator.
	Please check that 1) the type for the parameter at index 2 is correct and 2) the correct Angular decorators are defined for this class and its ancestors.
	    at ɵɵinvalidFactoryDep (node_modules/@angular/core/fesm2022/core.mjs:1118:11)
	    at Object.factory (ng:///BackendApiService/ɵfac.js:5:7)
	    at callback (node_modules/@angular/core/fesm2022/core.mjs:3219:47)
	    at runInInjectorProfilerContext (node_modules/@angular/core/fesm2022/core.mjs:866:9)
	    at R3Injector.hydrate (node_modules/@angular/core/fesm2022/core.mjs:3218:21)
	    at R3Injector.get (node_modules/@angular/core/fesm2022/core.mjs:3082:33)
	    at TestBedImpl.inject (node_modules/@angular/core/fesm2022/testing.mjs:1914:52)
	    at TestBedImpl.inject (node_modules/@angular/core/fesm2022/testing.mjs:1768:37)
	    at UserContext.apply (src/app/services/backend-api.service.spec.ts:97:23)
	    at _ZoneDelegate.invoke (node_modules/zone.js/fesm2015/zone.js:369:28)
Chrome Headless 140.0.0.0 (Mac OS 10.15.7): Executed 63 of 985[31m (34 FAILED)[39m (0 secs / 0.542 secs)
[1A[2K[31mChrome Headless 140.0.0.0 (Mac OS 10.15.7) BackendApiService Ecosystem Management should get ecosystems successfully FAILED[39m
	Error: NG0202: This constructor is not compatible with Angular Dependency Injection because its dependency at index 2 of the parameter list is invalid.
	This can happen if the dependency type is a primitive like a string or if an ancestor of this class is missing an Angular decorator.
	
	Please check that 1) the type for the parameter at index 2 is correct and 2) the correct Angular decorators are defined for this class and its ancestors.
	error properties: Object({ code: 202 })
	Error: NG0202: This constructor is not compatible with Angular Dependency Injection because its dependency at index 2 of the parameter list is invalid.
	This can happen if the dependency type is a primitive like a string or if an ancestor of this class is missing an Angular decorator.
	Please check that 1) the type for the parameter at index 2 is correct and 2) the correct Angular decorators are defined for this class and its ancestors.
	    at ɵɵinvalidFactoryDep (node_modules/@angular/core/fesm2022/core.mjs:1118:11)
	    at Object.factory (ng:///BackendApiService/ɵfac.js:5:7)
	    at callback (node_modules/@angular/core/fesm2022/core.mjs:3219:47)
	    at runInInjectorProfilerContext (node_modules/@angular/core/fesm2022/core.mjs:866:9)
	    at R3Injector.hydrate (node_modules/@angular/core/fesm2022/core.mjs:3218:21)
	    at R3Injector.get (node_modules/@angular/core/fesm2022/core.mjs:3082:33)
	    at TestBedImpl.inject (node_modules/@angular/core/fesm2022/testing.mjs:1914:52)
	    at TestBedImpl.inject (node_modules/@angular/core/fesm2022/testing.mjs:1768:37)
	    at UserContext.apply (src/app/services/backend-api.service.spec.ts:97:23)
	    at _ZoneDelegate.invoke (node_modules/zone.js/fesm2015/zone.js:369:28)
Chrome Headless 140.0.0.0 (Mac OS 10.15.7): Executed 64 of 985[31m (35 FAILED)[39m (0 secs / 0.543 secs)
[1A[2K[31mChrome Headless 140.0.0.0 (Mac OS 10.15.7) BackendApiService Mock Data Generation should generate mock ecosystems for AGS market FAILED[39m
	Error: NG0202: This constructor is not compatible with Angular Dependency Injection because its dependency at index 2 of the parameter list is invalid.
	This can happen if the dependency type is a primitive like a string or if an ancestor of this class is missing an Angular decorator.
	
	Please check that 1) the type for the parameter at index 2 is correct and 2) the correct Angular decorators are defined for this class and its ancestors.
	error properties: Object({ code: 202 })
	Error: NG0202: This constructor is not compatible with Angular Dependency Injection because its dependency at index 2 of the parameter list is invalid.
	This can happen if the dependency type is a primitive like a string or if an ancestor of this class is missing an Angular decorator.
	Please check that 1) the type for the parameter at index 2 is correct and 2) the correct Angular decorators are defined for this class and its ancestors.
	    at ɵɵinvalidFactoryDep (node_modules/@angular/core/fesm2022/core.mjs:1118:11)
	    at Object.factory (ng:///BackendApiService/ɵfac.js:5:7)
	    at callback (node_modules/@angular/core/fesm2022/core.mjs:3219:47)
	    at runInInjectorProfilerContext (node_modules/@angular/core/fesm2022/core.mjs:866:9)
	    at R3Injector.hydrate (node_modules/@angular/core/fesm2022/core.mjs:3218:21)
	    at R3Injector.get (node_modules/@angular/core/fesm2022/core.mjs:3082:33)
	    at TestBedImpl.inject (node_modules/@angular/core/fesm2022/testing.mjs:1914:52)
	    at TestBedImpl.inject (node_modules/@angular/core/fesm2022/testing.mjs:1768:37)
	    at UserContext.apply (src/app/services/backend-api.service.spec.ts:97:23)
	    at _ZoneDelegate.invoke (node_modules/zone.js/fesm2015/zone.js:369:28)
Chrome Headless 140.0.0.0 (Mac OS 10.15.7): Executed 65 of 985[31m (36 FAILED)[39m (0 secs / 0.543 secs)
[1A[2K[31mChrome Headless 140.0.0.0 (Mac OS 10.15.7) BackendApiService Mock Data Generation should generate all mock ecosystems when no market filter FAILED[39m
	Error: NG0202: This constructor is not compatible with Angular Dependency Injection because its dependency at index 2 of the parameter list is invalid.
	This can happen if the dependency type is a primitive like a string or if an ancestor of this class is missing an Angular decorator.
	
	Please check that 1) the type for the parameter at index 2 is correct and 2) the correct Angular decorators are defined for this class and its ancestors.
	error properties: Object({ code: 202 })
	Error: NG0202: This constructor is not compatible with Angular Dependency Injection because its dependency at index 2 of the parameter list is invalid.
	This can happen if the dependency type is a primitive like a string or if an ancestor of this class is missing an Angular decorator.
	Please check that 1) the type for the parameter at index 2 is correct and 2) the correct Angular decorators are defined for this class and its ancestors.
	    at ɵɵinvalidFactoryDep (node_modules/@angular/core/fesm2022/core.mjs:1118:11)
	    at Object.factory (ng:///BackendApiService/ɵfac.js:5:7)
	    at callback (node_modules/@angular/core/fesm2022/core.mjs:3219:47)
	    at runInInjectorProfilerContext (node_modules/@angular/core/fesm2022/core.mjs:866:9)
	    at R3Injector.hydrate (node_modules/@angular/core/fesm2022/core.mjs:3218:21)
	    at R3Injector.get (node_modules/@angular/core/fesm2022/core.mjs:3082:33)
	    at TestBedImpl.inject (node_modules/@angular/core/fesm2022/testing.mjs:1914:52)
	    at TestBedImpl.inject (node_modules/@angular/core/fesm2022/testing.mjs:1768:37)
	    at UserContext.apply (src/app/services/backend-api.service.spec.ts:97:23)
	    at _ZoneDelegate.invoke (node_modules/zone.js/fesm2015/zone.js:369:28)
Chrome Headless 140.0.0.0 (Mac OS 10.15.7): Executed 66 of 985[31m (37 FAILED)[39m (0 secs / 0.543 secs)
[1A[2K[31mChrome Headless 140.0.0.0 (Mac OS 10.15.7) BackendApiService Mock Data Generation should generate mock ecosystems for EDOMEX market FAILED[39m
	Error: NG0202: This constructor is not compatible with Angular Dependency Injection because its dependency at index 2 of the parameter list is invalid.
	This can happen if the dependency type is a primitive like a string or if an ancestor of this class is missing an Angular decorator.
	
	Please check that 1) the type for the parameter at index 2 is correct and 2) the correct Angular decorators are defined for this class and its ancestors.
	error properties: Object({ code: 202 })
	Error: NG0202: This constructor is not compatible with Angular Dependency Injection because its dependency at index 2 of the parameter list is invalid.
	This can happen if the dependency type is a primitive like a string or if an ancestor of this class is missing an Angular decorator.
	Please check that 1) the type for the parameter at index 2 is correct and 2) the correct Angular decorators are defined for this class and its ancestors.
	    at ɵɵinvalidFactoryDep (node_modules/@angular/core/fesm2022/core.mjs:1118:11)
	    at Object.factory (ng:///BackendApiService/ɵfac.js:5:7)
	    at callback (node_modules/@angular/core/fesm2022/core.mjs:3219:47)
	    at runInInjectorProfilerContext (node_modules/@angular/core/fesm2022/core.mjs:866:9)
	    at R3Injector.hydrate (node_modules/@angular/core/fesm2022/core.mjs:3218:21)
	    at R3Injector.get (node_modules/@angular/core/fesm2022/core.mjs:3082:33)
	    at TestBedImpl.inject (node_modules/@angular/core/fesm2022/testing.mjs:1914:52)
	    at TestBedImpl.inject (node_modules/@angular/core/fesm2022/testing.mjs:1768:37)
	    at UserContext.apply (src/app/services/backend-api.service.spec.ts:97:23)
	    at _ZoneDelegate.invoke (node_modules/zone.js/fesm2015/zone.js:369:28)
Chrome Headless 140.0.0.0 (Mac OS 10.15.7): Executed 67 of 985[31m (38 FAILED)[39m (0 secs / 0.544 secs)
[1A[2K[31mChrome Headless 140.0.0.0 (Mac OS 10.15.7) BackendApiService Error Handling Edge Cases should handle unknown action types in sync FAILED[39m
	Error: NG0202: This constructor is not compatible with Angular Dependency Injection because its dependency at index 2 of the parameter list is invalid.
	This can happen if the dependency type is a primitive like a string or if an ancestor of this class is missing an Angular decorator.
	
	Please check that 1) the type for the parameter at index 2 is correct and 2) the correct Angular decorators are defined for this class and its ancestors.
	error properties: Object({ code: 202 })
	Error: NG0202: This constructor is not compatible with Angular Dependency Injection because its dependency at index 2 of the parameter list is invalid.
	This can happen if the dependency type is a primitive like a string or if an ancestor of this class is missing an Angular decorator.
	Please check that 1) the type for the parameter at index 2 is correct and 2) the correct Angular decorators are defined for this class and its ancestors.
	    at ɵɵinvalidFactoryDep (node_modules/@angular/core/fesm2022/core.mjs:1118:11)
	    at Object.factory (ng:///BackendApiService/ɵfac.js:5:7)
	    at callback (node_modules/@angular/core/fesm2022/core.mjs:3219:47)
	    at runInInjectorProfilerContext (node_modules/@angular/core/fesm2022/core.mjs:866:9)
	    at R3Injector.hydrate (node_modules/@angular/core/fesm2022/core.mjs:3218:21)
	    at R3Injector.get (node_modules/@angular/core/fesm2022/core.mjs:3082:33)
	    at TestBedImpl.inject (node_modules/@angular/core/fesm2022/testing.mjs:1914:52)
	    at TestBedImpl.inject (node_modules/@angular/core/fesm2022/testing.mjs:1768:37)
	    at UserContext.apply (src/app/services/backend-api.service.spec.ts:97:23)
	    at _ZoneDelegate.invoke (node_modules/zone.js/fesm2015/zone.js:369:28)
Chrome Headless 140.0.0.0 (Mac OS 10.15.7): Executed 68 of 985[31m (39 FAILED)[39m (0 secs / 0.544 secs)
[1A[2K[31mChrome Headless 140.0.0.0 (Mac OS 10.15.7) BackendApiService Error Handling Edge Cases should handle storage errors gracefully FAILED[39m
	Error: NG0202: This constructor is not compatible with Angular Dependency Injection because its dependency at index 2 of the parameter list is invalid.
	This can happen if the dependency type is a primitive like a string or if an ancestor of this class is missing an Angular decorator.
	
	Please check that 1) the type for the parameter at index 2 is correct and 2) the correct Angular decorators are defined for this class and its ancestors.
	error properties: Object({ code: 202 })
	Error: NG0202: This constructor is not compatible with Angular Dependency Injection because its dependency at index 2 of the parameter list is invalid.
	This can happen if the dependency type is a primitive like a string or if an ancestor of this class is missing an Angular decorator.
	Please check that 1) the type for the parameter at index 2 is correct and 2) the correct Angular decorators are defined for this class and its ancestors.
	    at ɵɵinvalidFactoryDep (node_modules/@angular/core/fesm2022/core.mjs:1118:11)
	    at Object.factory (ng:///BackendApiService/ɵfac.js:5:7)
	    at callback (node_modules/@angular/core/fesm2022/core.mjs:3219:47)
	    at runInInjectorProfilerContext (node_modules/@angular/core/fesm2022/core.mjs:866:9)
	    at R3Injector.hydrate (node_modules/@angular/core/fesm2022/core.mjs:3218:21)
	    at R3Injector.get (node_modules/@angular/core/fesm2022/core.mjs:3082:33)
	    at TestBedImpl.inject (node_modules/@angular/core/fesm2022/testing.mjs:1914:52)
	    at TestBedImpl.inject (node_modules/@angular/core/fesm2022/testing.mjs:1768:37)
	    at UserContext.apply (src/app/services/backend-api.service.spec.ts:97:23)
	    at _ZoneDelegate.invoke (node_modules/zone.js/fesm2015/zone.js:369:28)
Chrome Headless 140.0.0.0 (Mac OS 10.15.7): Executed 69 of 985[31m (40 FAILED)[39m (0 secs / 0.545 secs)
[1A[2K[31mChrome Headless 140.0.0.0 (Mac OS 10.15.7) BackendApiService Error Handling Edge Cases should handle null client data from local storage FAILED[39m
	Error: NG0202: This constructor is not compatible with Angular Dependency Injection because its dependency at index 2 of the parameter list is invalid.
	This can happen if the dependency type is a primitive like a string or if an ancestor of this class is missing an Angular decorator.
	
	Please check that 1) the type for the parameter at index 2 is correct and 2) the correct Angular decorators are defined for this class and its ancestors.
	error properties: Object({ code: 202 })
	Error: NG0202: This constructor is not compatible with Angular Dependency Injection because its dependency at index 2 of the parameter list is invalid.
	This can happen if the dependency type is a primitive like a string or if an ancestor of this class is missing an Angular decorator.
	Please check that 1) the type for the parameter at index 2 is correct and 2) the correct Angular decorators are defined for this class and its ancestors.
	    at ɵɵinvalidFactoryDep (node_modules/@angular/core/fesm2022/core.mjs:1118:11)
	    at Object.factory (ng:///BackendApiService/ɵfac.js:5:7)
	    at callback (node_modules/@angular/core/fesm2022/core.mjs:3219:47)
	    at runInInjectorProfilerContext (node_modules/@angular/core/fesm2022/core.mjs:866:9)
	    at R3Injector.hydrate (node_modules/@angular/core/fesm2022/core.mjs:3218:21)
	    at R3Injector.get (node_modules/@angular/core/fesm2022/core.mjs:3082:33)
	    at TestBedImpl.inject (node_modules/@angular/core/fesm2022/testing.mjs:1914:52)
	    at TestBedImpl.inject (node_modules/@angular/core/fesm2022/testing.mjs:1768:37)
	    at UserContext.apply (src/app/services/backend-api.service.spec.ts:97:23)
	    at _ZoneDelegate.invoke (node_modules/zone.js/fesm2015/zone.js:369:28)
Chrome Headless 140.0.0.0 (Mac OS 10.15.7): Executed 70 of 985[31m (41 FAILED)[39m (0 secs / 0.545 secs)
[1A[2K[31mChrome Headless 140.0.0.0 (Mac OS 10.15.7) LoginComponent Integration Tests should handle form submission with valid data FAILED[39m
	TestingLibraryElementError: Unable to find an accessible element with the role "button" and name `/iniciar sesión/i`
	
	Here are the accessible roles:
	
	  link:
	
	  Name "":
	  <a
	    class="jasmine-title"
	    href="http://jasmine.github.io/"
	    target="_blank"
	  />
	
	  --------------------------------------------------
	  list:
	
	  Name "":
	  <ul
	    class="jasmine-symbol-summary"
	  />
	
	  --------------------------------------------------
	  listitem:
	
	  Name "LoadingService Basic Loading Control should hide loading":
	  <li
	    class="jasmine-passed"
	    id="spec_spec480"
	    title="LoadingService Basic Loading Control should hide loading"
	  />
	
	  Name "LoadingService Basic Loading Control should not show loading multiple times without identifiers":
	  <li
	    class="jasmine-passed"
	    id="spec_spec481"
	    title="LoadingService Basic Loading Control should not show loading multiple times without identifiers"
	  />
	
	  Name "LoadingService Basic Loading Control should not hide loading when already hidden":
	  <li
	    class="jasmine-passed"
	    id="spec_spec482"
	    title="LoadingService Basic Loading Control should not hide loading when already hidden"
	  />
	
	  Name "LoadingService Basic Loading Control should show loading":
	  <li
	    class="jasmine-passed"
	    id="spec_spec479"
	    title="LoadingService Basic Loading Control should show loading"
	  />
	
	  Name "LoadingService Force Hide Functionality should clear all identifiers on force hide":
	  <li
	    class="jasmine-passed"
	    id="spec_spec490"
	    title="LoadingService Force Hide Functionality should clear all identifiers on force hide"
	  />
	
	  Name "LoadingService Force Hide Functionality should force hide loading even with active identifiers":
	  <li
	    class="jasmine-passed"
	    id="spec_spec489"
	    title="LoadingService Force Hide Functionality should force hide loading even with active identifiers"
	  />
	
	  Name "LoadingService Service Initialization should be created":
	  <li
	    class="jasmine-passed"
	    id="spec_spec476"
	    title="LoadingService Service Initialization should be created"
	  />
	
	  Name "LoadingService Service Initialization should return false for initial isLoading state":
	  <li
	    class="jasmine-passed"
	    id="spec_spec478"
	    title="LoadingService Service Initialization should return false for initial isLoading state"
	  />
	
	  Name "LoadingService Service Initialization should initialize with loading false":
	  <li
	    class="jasmine-passed"
	    id="spec_spec477"
	    title="LoadingService Service Initialization should initialize with loading false"
	  />
	
	  Name "LoadingService Identifier-based Loading Control should manage multiple identifiers":
	  <li
	    class="jasmine-passed"
	    id="spec_spec485"
	    title="LoadingService Identifier-based Loading Control should manage multiple identifiers"
	  />
	
	  Name "LoadingService Identifier-based Loading Control should show loading with identifier":
	  <li
	    class="jasmine-passed"
	    id="spec_spec483"
	    title="LoadingService Identifier-based Loading Control should show loading with identifier"
	  />
	
	  Name "LoadingService Identifier-based Loading Control should hide loading with identifier":
	  <li
	    class="jasmine-passed"
	    id="spec_spec484"
	    title="LoadingService Identifier-based Loading Control should hide loading with identifier"
	  />
	
	  Name "LoadingService Identifier-based Loading Control should not add duplicate identifiers":
	  <li
	    class="jasmine-passed"
	    id="spec_spec486"
	    title="LoadingService Identifier-based Loading Control should not add duplicate identifiers"
	  />
	
	  Name "LoadingService Identifier-based Loading Control should handle hiding non-existent identifier":
	  <li
	    class="jasmine-passed"
	    id="spec_spec487"
	    title="LoadingService Identifier-based Loading Control should handle hiding non-existent identifier"
	  />
	
	  Name "LoadingService Identifier-based Loading Control should handle hiding identifier multiple times":
	  <li
	    class="jasmine-passed"
	    id="spec_spec488"
	    title="LoadingService Identifier-based Loading Control should handle hiding identifier multiple times"
	  />
	
	  Name "LoadingService Edge Cases and Error Handling should maintain state consistency after force hide":
	  <li
	    class="jasmine-passed"
	    id="spec_spec500"
	    title="LoadingService Edge Cases and Error Handling should maintain state consistency after force hide"
	  />
	
	  Name "LoadingService Edge Cases and Error Handling should handle empty string identifier":
	  <li
	    class="jasmine-failed"
	    id="spec_spec499"
	    title="LoadingService Edge Cases and Error Handling should handle empty string identifier"
	  />
	
	  Name "LoadingService Edge Cases and Error Handling should handle rapid show/hide calls":
	  <li
	    class="jasmine-passed"
	    id="spec_spec497"
	    title="LoadingService Edge Cases and Error Handling should handle rapid show/hide calls"
	  />
	
	  Name "LoadingService Edge Cases and Error Handling should handle mixed identifier and non-identifier operations":
	  <li
	    class="jasmine-failed"
	    id="spec_spec498"
	    title="LoadingService Edge Cases and Error Handling should handle mixed identifier and non-identifier operations"
	  />
	
	  Name "LoadingService Duration-based Loading should show loading for specific duration":
	  <li
	    class="jasmine-passed"
	    id="spec_spec491"
	    title="LoadingService Duration-based Loading should show loading for specific duration"
	  />
	
	  Name "LoadingService Duration-based Loading should show loading for duration with identifier":
	  <li
	    class="jasmine-passed"
	    id="spec_spec492"
	    title="LoadingService Duration-based Loading should show loading for duration with identifier"
	  />
	
	  Name "LoadingService Duration-based Loading should handle multiple timed operations":
	  <li
	    class="jasmine-passed"
	    id="spec_spec493"
	    title="LoadingService Duration-based Loading should handle multiple timed operations"
	  />
	
	  Name "LoadingService Observable Behavior should support multiple subscribers":
	  <li
	    class="jasmine-passed"
	    id="spec_spec503"
	    title="LoadingService Observable Behavior should support multiple subscribers"
	  />
	
	  Name "LoadingService Observable Behavior should not emit duplicate states":
	  <li
	    class="jasmine-passed"
	    id="spec_spec502"
	    title="LoadingService Observable Behavior should not emit duplicate states"
	  />
	
	  Name "LoadingService Observable Behavior should emit loading state changes":
	  <li
	    class="jasmine-passed"
	    id="spec_spec501"
	    title="LoadingService Observable Behavior should emit loading state changes"
	  />
	
	  Name "LoadingService SetLoading Alias Method should work without identifier":
	  <li
	    class="jasmine-passed"
	    id="spec_spec496"
	    title="LoadingService SetLoading Alias Method should work without identifier"
	  />
	
	  Name "LoadingService SetLoading Alias Method should show loading when setLoading(true)":
	  <li
	    class="jasmine-passed"
	    id="spec_spec494"
	    title="LoadingService SetLoading Alias Method should show loading when setLoading(true)"
	  />
	
	  Name "LoadingService SetLoading Alias Method should hide loading when setLoading(false)":
	  <li
	    class="jasmine-passed"
	    id="spec_spec495"
	    title="LoadingService SetLoading Alias Method should hide loading when setLoading(false)"
	  />
	
	  Name "AppComponent should have the 'conductores-pwa' title":
	  <li
	    class="jasmine-passed"
	    id="spec_spec1"
	    title="AppComponent should have the 'conductores-pwa' title"
	  />
	
	  Name "AppComponent should render title":
	  <li
	    class="jasmine-passed"
	    id="spec_spec2"
	    title="AppComponent should render title"
	  />
	
	  Name "AppComponent should create the app":
	  <li
	    class="jasmine-passed"
	    id="spec_spec0"
	    title="AppComponent should create the app"
	  />
	
	  Name "BackendApiService Contract Management should get contract successfully":
	  <li
	    class="jasmine-failed"
	    id="spec_spec90"
	    title="BackendApiService Contract Management should get contract successfully"
	  />
	
	  Name "BackendApiService Contract Management should fallback to local storage when getting contract fails":
	  <li
	    class="jasmine-failed"
	    id="spec_spec91"
	    title="BackendApiService Contract Management should fallback to local storage when getting contract fails"
	  />
	
	  Name "BackendApiService Contract Management should get client contracts successfully":
	  <li
	    class="jasmine-failed"
	    id="spec_spec92"
	    title="BackendApiService Contract Management should get client contracts successfully"
	  />
	
	  Name "BackendApiService Contract Management should create contract successfully":
	  <li
	    class="jasmine-failed"
	    id="spec_spec88"
	    title="BackendApiService Contract Management should create contract successfully"
	  />
	
	  Name "BackendApiService Contract Management should fallback to local storage when getting client contracts fails":
	  <li
	    class="jasmine-failed"
	    id="spec_spec93"
	    title="BackendApiService Contract Management should fallback to local storage when getting client contracts fails"
	  />
	
	  Name "BackendApiService Contract Management should handle create contract offline mode":
	  <li
	    class="jasmine-failed"
	    id="spec_spec89"
	    title="BackendApiService Contract Management should handle create contract offline mode"
	  />
	
	  Name "BackendApiService Service Initialization should initialize with online status":
	  <li
	    class="jasmine-failed"
	    id="spec_spec78"
	    title="BackendApiService Service Initialization should initialize with online status"
	  />
	
	  Name "BackendApiService Service Initialization should have correct API configuration":
	  <li
	    class="jasmine-failed"
	    id="spec_spec79"
	    title="BackendApiService Service Initialization should have correct API configuration"
	  />
	
	  Name "BackendApiService Service Initialization should be created":
	  <li
	    class="jasmine-failed"
	    id="spec_spec77"
	    title="BackendApiService Service Initialization should be created"
	  />
	
	  Name "BackendApiService Health Check should return offline health status when API fails":
	  <li
	    class="jasmine-failed"
	    id="spec_spec107"
	    title="BackendApiService Health Check should return offline health status when API fails"
	  />
	
	  Name "BackendApiService Health Check should return online health status":
	  <li
	    class="jasmine-failed"
	    id="spec_spec106"
	    title="BackendApiService Health Check should return online health status"
	  />
	
	  Name "BackendApiService Network Status Management should update online status when network changes":
	  <li
	    class="jasmine-failed"
	    id="spec_spec108"
	    title="BackendApiService Network Status Management should update online status when network changes"
	  />
	
	  Name "BackendApiService Network Status Management should trigger sync when going back online":
	  <li
	    class="jasmine-failed"
	    id="spec_spec109"
	    title="BackendApiService Network Status Management should trigger sync when going back online"
	  />
	
	  Name "BackendApiService File Upload should upload document successfully":
	  <li
	    class="jasmine-failed"
	    id="spec_spec102"
	    title="BackendApiService File Upload should upload document successfully"
	  />
	
	  Name "BackendApiService File Upload should handle upload document offline mode":
	  <li
	    class="jasmine-failed"
	    id="spec_spec103"
	    title="BackendApiService File Upload should handle upload document offline mode"
	  />
	
	  Name "BackendApiService Client Management should handle create client offline mode":
	  <li
	    class="jasmine-failed"
	    id="spec_spec81"
	    title="BackendApiService Client Management should handle create client offline mode"
	  />
	
	  Name "BackendApiService Client Management should update client successfully":
	  <li
	    class="jasmine-failed"
	    id="spec_spec82"
	    title="BackendApiService Client Management should update client successfully"
	  />
	
	  Name "BackendApiService Client Management should create client successfully":
	  <li
	    class="jasmine-failed"
	    id="spec_spec80"
	    title="BackendApiService Client Management should create client successfully"
	  />
	
	  Name "BackendApiService Client Management should fallback to local storage when getting client fails":
	  <li
	    class="jasmine-failed"
	    id="spec_spec85"
	    title="BackendApiService Client Management should fallback to local storage when getting client fails"
	  />
	
	  Name "BackendApiService Client Management should get clients with filters":
	  <li
	    class="jasmine-failed"
	    id="spec_spec86"
	    title="BackendApiService Client Management should get clients with filters"
	  />
	
	  Name "BackendApiService Client Management should handle update client offline mode":
	  <li
	    class="jasmine-failed"
	    id="spec_spec83"
	    title="BackendApiService Client Management should handle update client offline mode"
	  />
	
	  Name "BackendApiService Client Management should get client successfully":
	  <li
	    class="jasmine-failed"
	    id="spec_spec84"
	    title="BackendApiService Client Management should get client successfully"
	  />
	
	  Name "BackendApiService Client Management should return empty array when getting clients fails":
	  <li
	    class="jasmine-failed"
	    id="spec_spec87"
	    title="BackendApiService Client Management should return empty array when getting clients fails"
	  />
	
	  Name "BackendApiService Sync Management should handle sync errors gracefully":
	  <li
	    class="jasmine-failed"
	    id="spec_spec105"
	    title="BackendApiService Sync Management should handle sync errors gracefully"
	  />
	
	  Name "BackendApiService Sync Management should sync pending actions when coming online":
	  <li
	    class="jasmine-failed"
	    id="spec_spec104"
	    title="BackendApiService Sync Management should sync pending actions when coming online"
	  />
	
	  Name "BackendApiService Dashboard and Analytics should return offline dashboard data when API fails":
	  <li
	    class="jasmine-failed"
	    id="spec_spec101"
	    title="BackendApiService Dashboard and Analytics should return offline dashboard data when API fails"
	  />
	
	  Name "BackendApiService Dashboard and Analytics should get dashboard data successfully":
	  <li
	    class="jasmine-failed"
	    id="spec_spec99"
	    title="BackendApiService Dashboard and Analytics should get dashboard data successfully"
	  />
	
	  Name "BackendApiService Dashboard and Analytics should get dashboard data with advisor filter":
	  <li
	    class="jasmine-failed"
	    id="spec_spec100"
	    title="BackendApiService Dashboard and Analytics should get dashboard data with advisor filter"
	  />
	
	  Name "BackendApiService Ecosystem Management should get ecosystems with market filter":
	  <li
	    class="jasmine-failed"
	    id="spec_spec95"
	    title="BackendApiService Ecosystem Management should get ecosystems with market filter"
	  />
	
	  Name "BackendApiService Ecosystem Management should return mock data when getting ecosystems fails":
	  <li
	    class="jasmine-failed"
	    id="spec_spec96"
	    title="BackendApiService Ecosystem Management should return mock data when getting ecosystems fails"
	  />
	
	  Name "BackendApiService Ecosystem Management should get ecosystem by ID successfully":
	  <li
	    class="jasmine-failed"
	    id="spec_spec97"
	    title="BackendApiService Ecosystem Management should get ecosystem by ID successfully"
	  />
	
	  Name "BackendApiService Ecosystem Management should update ecosystem capacity successfully":
	  <li
	    class="jasmine-failed"
	    id="spec_spec98"
	    title="BackendApiService Ecosystem Management should update ecosystem capacity successfully"
	  />
	
	  Name "BackendApiService Ecosystem Management should get ecosystems successfully":
	  <li
	    class="jasmine-failed"
	    id="spec_spec94"
	    title="BackendApiService Ecosystem Management should get ecosystems successfully"
	  />
	
	  Name "BackendApiService Mock Data Generation should generate mock ecosystems for AGS market":
	  <li
	    class="jasmine-failed"
	    id="spec_spec110"
	    title="BackendApiService Mock Data Generation should generate mock ecosystems for AGS market"
	  />
	
	  Name "BackendApiService Mock Data Generation should generate all mock ecosystems when no market filter":
	  <li
	    class="jasmine-failed"
	    id="spec_spec112"
	    title="BackendApiService Mock Data Generation should generate all mock ecosystems when no market filter"
	  />
	
	  Name "BackendApiService Mock Data Generation should generate mock ecosystems for EDOMEX market":
	  <li
	    class="jasmine-failed"
	    id="spec_spec111"
	    title="BackendApiService Mock Data Generation should generate mock ecosystems for EDOMEX market"
	  />
	
	  Name "BackendApiService Error Handling Edge Cases should handle unknown action types in sync":
	  <li
	    class="jasmine-failed"
	    id="spec_spec115"
	    title="BackendApiService Error Handling Edge Cases should handle unknown action types in sync"
	  />
	
	  Name "BackendApiService Error Handling Edge Cases should handle storage errors gracefully":
	  <li
	    class="jasmine-failed"
	    id="spec_spec114"
	    title="BackendApiService Error Handling Edge Cases should handle storage errors gracefully"
	  />
	
	  Name "BackendApiService Error Handling Edge Cases should handle null client data from local storage":
	  <li
	    class="jasmine-failed"
	    id="spec_spec113"
	    title="BackendApiService Error Handling Edge Cases should handle null client data from local storage"
	  />
	
	  --------------------------------------------------heading:
	
	  Name "Centro de Comando":
	  <h1
	    _ngcontent-a-c3214690901=""
	    class="text-gradient-primary"
	  />
	
	  --------------------------------------------------
	  paragraph:
	
	  Name "":
	  <p
	    _ngcontent-a-c3214690901=""
	    class="brand-subtitle"
	  />
	
	  Name "":
	  <p
	    _ngcontent-a-c3214690901=""
	    class="register-text"
	  />
	
	  --------------------------------------------------
	  textbox:
	
	  Name "📧 Correo Electrónico":
	  <input
	    _ngcontent-a-c3214690901=""
	    class="premium-input ng-untouched ng-pristine ng-invalid"
	    formcontrolname="email"
	    id="email"
	    ng-reflect-name="email"
	    placeholder="ricardo.montoya@cmu.com"
	    type="email"
	  />
	
	  --------------------------------------------------
	  button:
	
	  Name "🙈":
	  <button
	    _ngcontent-a-c3214690901=""
	    class="password-toggle-premium"
	    type="button"
	  />
	
	  Name "¿Olvidaste tu contraseña?":
	  <button
	    _ngcontent-a-c3214690901=""
	    class="forgot-password"
	    type="button"
	  />
	
	  Name "➡️ Acceder al Cockpit":
	  <button
	    _ngcontent-a-c3214690901=""
	    class="btn-primary command-center-btn"
	    disabled=""
	    type="submit"
	  />
	
	  --------------------------------------------------
	  checkbox:
	
	  Name "Recordarme":
	  <input
	    _ngcontent-a-c3214690901=""
	    class="ng-untouched ng-pristine ng-valid"
	    formcontrolname="rememberMe"
	    ng-reflect-name="rememberMe"
	    type="checkbox"
	  />
	
	  --------------------------------------------------
	  link:
	
	  Name "Activar Cuenta":
	  <a
	    _ngcontent-a-c3214690901=""
	    class="premium-link"
	    href="/register"
	  />
	
	  --------------------------------------------------
	
	Ignored nodes: comments, script, style
	<body>
	  
	    
	  
	    
	  
	    
	  
	    
	  
	    
	  
	    
	  
	    
	  
	
	  
	
	  
	
	  
	
	  
	
	  <link
	    crossorigin="anonymous"
	    href="node_modules/jasmine-core/lib/jasmine-core/jasmine.css"
	    rel="stylesheet"
	    type="text/css"
	  />
	  
	
	  
	
	  
	
	  <div
	    class="jasmine_html-reporter"
	  >
	    <div
	      class="jasmine-banner"
	    >
	      <a
	        class="jasmine-title"
	        href="http://jasmine.github.io/"
	        target="_blank"
	      />
	      <span
	        class="jasmine-version"
	      >
	        4.6.1
	      </span>
	    </div>
	    <ul
	      class="jasmine-symbol-summary"
	    >
	      <li
	        class="jasmine-passed"
	        id="spec_spec480"
	        title="LoadingService Basic Loading Control should hide loading"
	      />
	      <li
	        class="jasmine-passed"
	        id="spec_spec481"
	        title="LoadingService Basic Loading Control should not show loading multiple times without identifiers"
	      />
	      <li
	        class="jasmine-passed"
	        id="spec_spec482"
	        title="LoadingService Basic Loading Control should not hide loading when already hidden"
	      />
	      <li
	        class="jasmine-passed"
	        id="spec_spec479"
	        title="LoadingService Basic Loading Control should show loading"
	      />
	      <li
	        class="jasmine-passed"
	        id="spec_spec490"
	        title="LoadingService Force Hide Functionality should clear all identifiers on force hide"
	      />
	      <li
	        class="jasmine-passed"
	        id="spec_spec489"
	        title="LoadingService Force Hide Functionality should force hide loading even with active identifiers"
	      />
	      <li
	        class="jasmine-passed"
	        id="spec_spec476"
	        title="LoadingService Service Initialization should be created"
	      />
	      <li
	        class="jasmine-passed"
	        id="spec_spec478"
	        title="LoadingService Service Initialization should return false for initial isLoading state"
	      />
	      <li
	        class="jasmine-passed"
	        id="spec_spec477"
	        title="LoadingService Service Initialization should initialize with loading false"
	      />
	      <li
	        class="jasmine-passed"
	        id="spec_spec485"
	        title="LoadingService Identifier-based Loading Control should manage multiple identifiers"
	      />
	      <li
	        class="jasmine-passed"
	        id="spec_spec483"
	        title="LoadingService Identifier-based Loading Control should show loading with identifier"
	      />
	      <li
	        class="jasmine-passed"
	        id="spec_spec484"
	        title="LoadingService Identifier-based Loading Control should hide loading with identifier"
	      />
	      <li
	        class="jasmine-passed"
	        id="spec_spec486"
	        title="LoadingService Identifier-based Loading Control should not add duplicate identifiers"
	      />
	      <li
	        class="jasmine-passed"
	        id="spec_spec487"
	        title="LoadingService Identifier-based Loading Control should handle hiding non-existent identifier"
	      />
	      <li
	        class="jasmine-passed"
	        id="spec_spec488"
	        title="LoadingService Identifier-based Loading Control should handle hiding identifier multiple times"
	      />
	      <li
	        class="jasmine-passed"
	        id="spec_spec500"
	        title="LoadingService Edge Cases and Error Handling should maintain state consistency after force hide"
	      />
	      <li
	        class="jasmine-failed"
	        id="spec_spec499"
	        title="LoadingService Edge Cases and Error Handling should handle empty string identifier"
	      />
	      <li
	        class="jasmine-passed"
	        id="spec_spec497"
	        title="LoadingService Edge Cases and Error Handling should handle rapid show/hide calls"
	      />
	      <li
	        class="jasmine-failed"
	        id="spec_spec498"
	        title="LoadingService Edge Cases and Error Handling should handle mixed identifier and non-identifier operations"
	      />
	      <li
	        class="jasmine-passed"
	        id="spec_spec491"
	        title="LoadingService Duration-based Loading should show loading for specific duration"
	      />
	      <li
	        class="jasmine-passed"
	        id="spec_spec492"
	        title="LoadingService Duration-based Loading should show loading for duration with identifier"
	      />
	      <li
	        class="jasmine-passed"
	        id="spec_spec493"
	        title="LoadingService Duration-based Loading should handle multiple timed operations"
	      />
	      <li
	        class="jasmine-passed"
	        id="spec_spec503"
	        title="LoadingService Observable Behavior should support multiple subscribers"
	      />
	      <li
	        class="jasmine-passed"
	        id="spec_spec502"
	        title="LoadingService Observable Behavior should not emit duplicate states"
	      />
	      <li
	        class="jasmine-passed"
	        id="spec_spec501"
	        title="LoadingService Observable Behavior should emit loading state changes"
	      />
	      <li
	        class="jasmine-passed"
	        id="spec_spec496"
	        title="LoadingService SetLoading Alias Method should work without identifier"
	      />
	      <li
	        class="jasmine-passed"
	        id="spec_spec494"
	        title="LoadingService SetLoading Alias Method should show loading when setLoading(true)"
	      />
	      <li
	        class="jasmine-passed"
	        id="spec_spec495"
	        title="LoadingService SetLoading Alias Method should hide loading when setLoading(false)"
	      />
	      <li
	        class="jasmine-passed"
	        id="spec_spec1"
	        title="AppComponent should have the 'conductores-pwa' title"
	      />
	      <li
	        class="jasmine-passed"
	        id="spec_spec2"
	        title="AppComponent should render title"
	      />
	      <li
	        class="jasmine-passed"
	        id="spec_spec0"
	        title="AppComponent should create the app"
	      />
	      <li
	        class="jasmine-failed"
	        id="spec_spec90"
	        title="BackendApiService Contract Management should get contract successfully"
	      />
	      <li
	        class="jasmine-failed"
	        id="spec_spec91"
	        title="BackendApiService Contract Management should fallback to local storage when getting contract fails"
	      />
	      <li
	        class="jasmine-failed"
	        id="spec_spec92"
	        title="BackendApiService Contract Management should get client contracts successfully"
	      />
	      <li
	        class="jasmine-failed"
	        id="spec_spec88"
	        title="BackendApiService Contract Management should create contract successfully"
	      />
	      <li
	        class="jasmine-failed"
	        id="spec_spec93"
	        title="BackendApiService Contract Management should fallback to local storage when getting client contracts fails"
	      />
	      <li
	        class="jasmine-failed"
	        id="spec_spec89"
	        title="BackendApiService Contract Management should handle create contract offline mode"
	      />
	      <li
	        class="jasmine-failed"
	        id="spec_spec78"
	        title=...
	TestingLibraryElementError: Unable to find an accessible element with the role "button" and name `/iniciar sesión/i`
	Here are the accessible roles:
	  link:
	  Name "":
	  <a
	    class="jasmine-title"
	    href="http://jasmine.github.io/"
	    target="_blank"
	  />
	  --------------------------------------------------
	  list:
	  Name "":
	  <ul
	    class="jasmine-symbol-summary"
	  />
	  --------------------------------------------------
	  listitem:
	  Name "LoadingService Basic Loading Control should hide loading":
	  <li
	    class="jasmine-passed"
	    id="spec_spec480"
	    title="LoadingService Basic Loading Control should hide loading"
	  />
	  Name "LoadingService Basic Loading Control should not show loading multiple times without identifiers":
	  <li
	    class="jasmine-passed"
	    id="spec_spec481"
	    title="LoadingService Basic Loading Control should not show loading multiple times without identifiers"
	  />
	  Name "LoadingService Basic Loading Control should not hide loading when already hidden":
	  <li
	    class="jasmine-passed"
	    id="spec_spec482"
	    title="LoadingService Basic Loading Control should not hide loading when already hidden"
	  />
	  Name "LoadingService Basic Loading Control should show loading":
	  <li
	    class="jasmine-passed"
	    id="spec_spec479"
	    title="LoadingService Basic Loading Control should show loading"
	  />
	  Name "LoadingService Force Hide Functionality should clear all identifiers on force hide":
	  <li
	    class="jasmine-passed"
	    id="spec_spec490"
	    title="LoadingService Force Hide Functionality should clear all identifiers on force hide"
	  />
	  Name "LoadingService Force Hide Functionality should force hide loading even with active identifiers":
	  <li
	    class="jasmine-passed"
	    id="spec_spec489"
	    title="LoadingService Force Hide Functionality should force hide loading even with active identifiers"
	  />
	  Name "LoadingService Service Initialization should be created":
	  <li
	    class="jasmine-passed"
	    id="spec_spec476"
	    title="LoadingService Service Initialization should be created"
	  />
	  Name "LoadingService Service Initialization should return false for initial isLoading state":
	  <li
	    class="jasmine-passed"
	    id="spec_spec478"
	    title="LoadingService Service Initialization should return false for initial isLoading state"
	  />
	  Name "LoadingService Service Initialization should initialize with loading false":
	  <li
	    class="jasmine-passed"
	    id="spec_spec477"
	    title="LoadingService Service Initialization should initialize with loading false"
	  />
	  Name "LoadingService Identifier-based Loading Control should manage multiple identifiers":
	  <li
	    class="jasmine-passed"
	    id="spec_spec485"
	    title="LoadingService Identifier-based Loading Control should manage multiple identifiers"
	  />
	  Name "LoadingService Identifier-based Loading Control should show loading with identifier":
	  <li
	    class="jasmine-passed"
	    id="spec_spec483"
	    title="LoadingService Identifier-based Loading Control should show loading with identifier"
	  />
	  Name "LoadingService Identifier-based Loading Control should hide loading with identifier":
	  <li
	    class="jasmine-passed"
	    id="spec_spec484"
	    title="LoadingService Identifier-based Loading Control should hide loading with identifier"
	  />
	  Name "LoadingService Identifier-based Loading Control should not add duplicate identifiers":
	  <li
	    class="jasmine-passed"
	    id="spec_spec486"
	    title="LoadingService Identifier-based Loading Control should not add duplicate identifiers"
	  />
	  Name "LoadingService Identifier-based Loading Control should handle hiding non-existent identifier":
	  <li
	    class="jasmine-passed"
	    id="spec_spec487"
	    title="LoadingService Identifier-based Loading Control should handle hiding non-existent identifier"
	  />
	  Name "LoadingService Identifier-based Loading Control should handle hiding identifier multiple times":
	  <li
	    class="jasmine-passed"
	    id="spec_spec488"
	    title="LoadingService Identifier-based Loading Control should handle hiding identifier multiple times"
	  />
	  Name "LoadingService Edge Cases and Error Handling should maintain state consistency after force hide":
	  <li
	    class="jasmine-passed"
	    id="spec_spec500"
	    title="LoadingService Edge Cases and Error Handling should maintain state consistency after force hide"
	  />
	  Name "LoadingService Edge Cases and Error Handling should handle empty string identifier":
	  <li
	    class="jasmine-failed"
	    id="spec_spec499"
	    title="LoadingService Edge Cases and Error Handling should handle empty string identifier"
	  />
	  Name "LoadingService Edge Cases and Error Handling should handle rapid show/hide calls":
	  <li
	    class="jasmine-passed"
	    id="spec_spec497"
	    title="LoadingService Edge Cases and Error Handling should handle rapid show/hide calls"
	  />
	  Name "LoadingService Edge Cases and Error Handling should handle mixed identifier and non-identifier operations":
	  <li
	    class="jasmine-failed"
	    id="spec_spec498"
	    title="LoadingService Edge Cases and Error Handling should handle mixed identifier and non-identifier operations"
	  />
	  Name "LoadingService Duration-based Loading should show loading for specific duration":
	  <li
	    class="jasmine-passed"
	    id="spec_spec491"
	    title="LoadingService Duration-based Loading should show loading for specific duration"
	  />
	  Name "LoadingService Duration-based Loading should show loading for duration with identifier":
	  <li
	    class="jasmine-passed"
	    id="spec_spec492"
	    title="LoadingService Duration-based Loading should show loading for duration with identifier"
	  />
	  Name "LoadingService Duration-based Loading should handle multiple timed operations":
	  <li
	    class="jasmine-passed"
	    id="spec_spec493"
	    title="LoadingService Duration-based Loading should handle multiple timed operations"
	  />
	  Name "LoadingService Observable Behavior should support multiple subscribers":
	  <li
	    class="jasmine-passed"
	    id="spec_spec503"
	    title="LoadingService Observable Behavior should support multiple subscribers"
	  />
	  Name "LoadingService Observable Behavior should not emit duplicate states":
	  <li
	    class="jasmine-passed"
	    id="spec_spec502"
	    title="LoadingService Observable Behavior should not emit duplicate states"
	  />
	  Name "LoadingService Observable Behavior should emit loading state changes":
	  <li
	    class="jasmine-passed"
	    id="spec_spec501"
	    title="LoadingService Observable Behavior should emit loading state changes"
	  />
	  Name "LoadingService SetLoading Alias Method should work without identifier":
	  <li
	    class="jasmine-passed"
	    id="spec_spec496"
	    title="LoadingService SetLoading Alias Method should work without identifier"
	  />
	  Name "LoadingService SetLoading Alias Method should show loading when setLoading(true)":
	  <li
	    class="jasmine-passed"
	    id="spec_spec494"
	    title="LoadingService SetLoading Alias Method should show loading when setLoading(true)"
	  />
	  Name "LoadingService SetLoading Alias Method should hide loading when setLoading(false)":
	  <li
	    class="jasmine-passed"
	    id="spec_spec495"
	    title="LoadingService SetLoading Alias Method should hide loading when setLoading(false)"
	  />
	  Name "AppComponent should have the 'conductores-pwa' title":
	  <li
	    class="jasmine-passed"
	    id="spec_spec1"
	    title="AppComponent should have the 'conductores-pwa' title"
	  />
	  Name "AppComponent should render title":
	  <li
	    class="jasmine-passed"
	    id="spec_spec2"
	    title="AppComponent should render title"
	  />
	  Name "AppComponent should create the app":
	  <li
	    class="jasmine-passed"
	    id="spec_spec0"
	    title="AppComponent should create the app"
	  />
	  Name "BackendApiService Contract Management should get contract successfully":
	  <li
	    class="jasmine-failed"
	    id="spec_spec90"
	    title="BackendApiService Contract Management should get contract successfully"
	  />
	  Name "BackendApiService Contract Management should fallback to local storage when getting contract fails":
	  <li
	    class="jasmine-failed"
	    id="spec_spec91"
	    title="BackendApiService Contract Management should fallback to local storage when getting contract fails"
	  />
	  Name "BackendApiService Contract Management should get client contracts successfully":
	  <li
	    class="jasmine-failed"
	    id="spec_spec92"
	    title="BackendApiService Contract Management should get client contracts successfully"
	  />
	  Name "BackendApiService Contract Management should create contract successfully":
	  <li
	    class="jasmine-failed"
	    id="spec_spec88"
	    title="BackendApiService Contract Management should create contract successfully"
	  />
	  Name "BackendApiService Contract Management should fallback to local storage when getting client contracts fails":
	  <li
	    class="jasmine-failed"
	    id="spec_spec93"
	    title="BackendApiService Contract Management should fallback to local storage when getting client contracts fails"
	  />
	  Name "BackendApiService Contract Management should handle create contract offline mode":
	  <li
	    class="jasmine-failed"
	    id="spec_spec89"
	    title="BackendApiService Contract Management should handle create contract offline mode"
	  />
	  Name "BackendApiService Service Initialization should initialize with online status":
	  <li
	    class="jasmine-failed"
	    id="spec_spec78"
	    title="BackendApiService Service Initialization should initialize with online status"
	  />
	  Name "BackendApiService Service Initialization should have correct API configuration":
	  <li
	    class="jasmine-failed"
	    id="spec_spec79"
	    title="BackendApiService Service Initialization should have correct API configuration"
	  />
	  Name "BackendApiService Service Initialization should be created":
	  <li
	    class="jasmine-failed"
	    id="spec_spec77"
	    title="BackendApiService Service Initialization should be created"
	  />
	  Name "BackendApiService Health Check should return offline health status when API fails":
	  <li
	    class="jasmine-failed"
	    id="spec_spec107"
	    title="BackendApiService Health Check should return offline health status when API fails"
	  />
	  Name "BackendApiService Health Check should return online health status":
	  <li
	    class="jasmine-failed"
	    id="spec_spec106"
	    title="BackendApiService Health Check should return online health status"
	  />
	  Name "BackendApiService Network Status Management should update online status when network changes":
	  <li
	    class="jasmine-failed"
	    id="spec_spec108"
	    title="BackendApiService Network Status Management should update online status when network changes"
	  />
	  Name "BackendApiService Network Status Management should trigger sync when going back online":
	  <li
	    class="jasmine-failed"
	    id="spec_spec109"
	    title="BackendApiService Network Status Management should trigger sync when going back online"
	  />
	  Name "BackendApiService File Upload should upload document successfully":
	  <li
	    class="jasmine-failed"
	    id="spec_spec102"
	    title="BackendApiService File Upload should upload document successfully"
	  />
	  Name "BackendApiService File Upload should handle upload document offline mode":
	  <li
	    class="jasmine-failed"
	    id="spec_spec103"
	    title="BackendApiService File Upload should handle upload document offline mode"
	  />
	  Name "BackendApiService Client Management should handle create client offline mode":
	  <li
	    class="jasmine-failed"
	    id="spec_spec81"
	    title="BackendApiService Client Management should handle create client offline mode"
	  />
	  Name "BackendApiService Client Management should update client successfully":
	  <li
	    class="jasmine-failed"
	    id="spec_spec82"
	    title="BackendApiService Client Management should update client successfully"
	  />
	  Name "BackendApiService Client Management should create client successfully":
	  <li
	    class="jasmine-failed"
	    id="spec_spec80"
	    title="BackendApiService Client Management should create client successfully"
	  />
	  Name "BackendApiService Client Management should fallback to local storage when getting client fails":
	  <li
	    class="jasmine-failed"
	    id="spec_spec85"
	    title="BackendApiService Client Management should fallback to local storage when getting client fails"
	  />
	  Name "BackendApiService Client Management should get clients with filters":
	  <li
	    class="jasmine-failed"
	    id="spec_spec86"
	    title="BackendApiService Client Management should get clients with filters"
	  />
	  Name "BackendApiService Client Management should handle update client offline mode":
	  <li
	    class="jasmine-failed"
	    id="spec_spec83"
	    title="BackendApiService Client Management should handle update client offline mode"
	  />
	  Name "BackendApiService Client Management should get client successfully":
	  <li
	    class="jasmine-failed"
	    id="spec_spec84"
	    title="BackendApiService Client Management should get client successfully"
	  />
	  Name "BackendApiService Client Management should return empty array when getting clients fails":
	  <li
	    class="jasmine-failed"
	    id="spec_spec87"
	    title="BackendApiService Client Management should return empty array when getting clients fails"
	  />
	  Name "BackendApiService Sync Management should handle sync errors gracefully":
	  <li
	    class="jasmine-failed"
	    id="spec_spec105"
	    title="BackendApiService Sync Management should handle sync errors gracefully"
	  />
	  Name "BackendApiService Sync Management should sync pending actions when coming online":
	  <li
	    class="jasmine-failed"
	    id="spec_spec104"
	    title="BackendApiService Sync Management should sync pending actions when coming online"
	  />
	  Name "BackendApiService Dashboard and Analytics should return offline dashboard data when API fails":
	  <li
	    class="jasmine-failed"
	    id="spec_spec101"
	    title="BackendApiService Dashboard and Analytics should return offline dashboard data when API fails"
	  />
	  Name "BackendApiService Dashboard and Analytics should get dashboard data successfully":
	  <li
	    class="jasmine-failed"
	    id="spec_spec99"
	    title="BackendApiService Dashboard and Analytics should get dashboard data successfully"
	  />
	  Name "BackendApiService Dashboard and Analytics should get dashboard data with advisor filter":
	  <li
	    class="jasmine-failed"
	    id="spec_spec100"
	    title="BackendApiService Dashboard and Analytics should get dashboard data with advisor filter"
	  />
	  Name "BackendApiService Ecosystem Management should get ecosystems with market filter":
	  <li
	    class="jasmine-failed"
	    id="spec_spec95"
	    title="BackendApiService Ecosystem Management should get ecosystems with market filter"
	  />
	  Name "BackendApiService Ecosystem Management should return mock data when getting ecosystems fails":
	  <li
	    class="jasmine-failed"
	    id="spec_spec96"
	    title="BackendApiService Ecosystem Management should return mock data when getting ecosystems fails"
	  />
	  Name "BackendApiService Ecosystem Management should get ecosystem by ID successfully":
	  <li
	    class="jasmine-failed"
	    id="spec_spec97"
	    title="BackendApiService Ecosystem Management should get ecosystem by ID successfully"
	  />
	  Name "BackendApiService Ecosystem Management should update ecosystem capacity successfully":
	  <li
	    class="jasmine-failed"
	    id="spec_spec98"
	    title="BackendApiService Ecosystem Management should update ecosystem capacity successfully"
	  />
	  Name "BackendApiService Ecosystem Management should get ecosystems successfully":
	  <li
	    class="jasmine-failed"
	    id="spec_spec94"
	    title="BackendApiService Ecosystem Management should get ecosystems successfully"
	  />
	  Name "BackendApiService Mock Data Generation should generate mock ecosystems for AGS market":
	  <li
	    class="jasmine-failed"
	    id="spec_spec110"
	    title="BackendApiService Mock Data Generation should generate mock ecosystems for AGS market"
	  />
	  Name "BackendApiService Mock Data Generation should generate all mock ecosystems when no market filter":
	  <li
	    class="jasmine-failed"
	    id="spec_spec112"
	    title="BackendApiService Mock Data Generation should generate all mock ecosystems when no market filter"
	  />
	  Name "BackendApiService Mock Data Generation should generate mock ecosystems for EDOMEX market":
	  <li
	    class="jasmine-failed"
	    id="spec_spec111"
	    title="BackendApiService Mock Data Generation should generate mock ecosystems for EDOMEX market"
	  />
	  Name "BackendApiService Error Handling Edge Cases should handle unknown action types in sync":
	  <li
	    class="jasmine-failed"
	    id="spec_spec115"
	    title="BackendApiService Error Handling Edge Cases should handle unknown action types in sync"
	  />
	  Name "BackendApiService Error Handling Edge Cases should handle storage errors gracefully":
	  <li
	    class="jasmine-failed"
	    id="spec_spec114"
	    title="BackendApiService Error Handling Edge Cases should handle storage errors gracefully"
	  />
	  Name "BackendApiService Error Handling Edge Cases should handle null client data from local storage":
	  <li
	    class="jasmine-failed"
	    id="spec_spec113"
	    title="BackendApiService Error Handling Edge Cases should handle null client data from local storage"
	  />
	  --------------------------------------------------heading:
	  Name "Centro de Comando":
	  <h1
	    _ngcontent-a-c3214690901=""
	    class="text-gradient-primary"
	  />
	  --------------------------------------------------
	  paragraph:
	  Name "":
	  <p
	    _ngcontent-a-c3214690901=""
	    class="brand-subtitle"
	  />
	  Name "":
	  <p
	    _ngcontent-a-c3214690901=""
	    class="register-text"
	  />
	  --------------------------------------------------
	  textbox:
	  Name "📧 Correo Electrónico":
	  <input
	    _ngcontent-a-c3214690901=""
	    class="premium-input ng-untouched ng-pristine ng-invalid"
	    formcontrolname="email"
	    id="email"
	    ng-reflect-name="email"
	    placeholder="ricardo.montoya@cmu.com"
	    type="email"
	  />
	  --------------------------------------------------
	  button:
	  Name "🙈":
	  <button
	    _ngcontent-a-c3214690901=""
	    class="password-toggle-premium"
	    type="button"
	  />
	  Name "¿Olvidaste tu contraseña?":
	  <button
	    _ngcontent-a-c3214690901=""
	    class="forgot-password"
	    type="button"
	  />
	  Name "➡️ Acceder al Cockpit":
	  <button
	    _ngcontent-a-c3214690901=""
	    class="btn-primary command-center-btn"
	    disabled=""
	    type="submit"
	  />
	  --------------------------------------------------
	  checkbox:
	  Name "Recordarme":
	  <input
	    _ngcontent-a-c3214690901=""
	    class="ng-untouched ng-pristine ng-valid"
	    formcontrolname="rememberMe"
	    ng-reflect-name="rememberMe"
	    type="checkbox"
	  />
	  --------------------------------------------------
	  link:
	  Name "Activar Cuenta":
	  <a
	    _ngcontent-a-c3214690901=""
	    class="premium-link"
	    href="/register"
	  />
	  --------------------------------------------------
	Ignored nodes: comments, script, style
	<body>
	  
	    
	  
	    
	  
	    
	  
	    
	  
	    
	  
	    
	  
	    
	  
	  
	  
	  
	  
	  <link
	    crossorigin="anonymous"
	    rel="stylesheet"
	    type="text/css"
	  />
	  
	  
	  
	  <div
	    class="jasmine_html-reporter"
	  >
	    <div
	      class="jasmine-banner"
	    >
	      <a
	        class="jasmine-title"
	        href="http://jasmine.github.io/"
	        target="_blank"
	      />
	      <span
	        class="jasmine-version"
	      >
	        4.6.1
	      </span>
	    </div>
	    <ul
	      class="jasmine-symbol-summary"
	    >
	      <li
	        class="jasmine-passed"
	        id="spec_spec480"
	        title="LoadingService Basic Loading Control should hide loading"
	      />
	      <li
	        class="jasmine-passed"
	        id="spec_spec481"
	        title="LoadingService Basic Loading Control should not show loading multiple times without identifiers"
	      />
	      <li
	        class="jasmine-passed"
	        id="spec_spec482"
	        title="LoadingService Basic Loading Control should not hide loading when already hidden"
	      />
	      <li
	        class="jasmine-passed"
	        id="spec_spec479"
	        title="LoadingService Basic Loading Control should show loading"
	      />
	      <li
	        class="jasmine-passed"
	        id="spec_spec490"
	        title="LoadingService Force Hide Functionality should clear all identifiers on force hide"
	      />
	      <li
	        class="jasmine-passed"
	        id="spec_spec489"
	        title="LoadingService Force Hide Functionality should force hide loading even with active identifiers"
	      />
	      <li
	        class="jasmine-passed"
	        id="spec_spec476"
	        title="LoadingService Service Initialization should be created"
	      />
	      <li
	        class="jasmine-passed"
	        id="spec_spec478"
	        title="LoadingService Service Initialization should return false for initial isLoading state"
	      />
	      <li
	        class="jasmine-passed"
	        id="spec_spec477"
	        title="LoadingService Service Initialization should initialize with loading false"
	      />
	      <li
	        class="jasmine-passed"
	        id="spec_spec485"
	        title="LoadingService Identifier-based Loading Control should manage multiple identifiers"
	      />
	      <li
	        class="jasmine-passed"
	        id="spec_spec483"
	        title="LoadingService Identifier-based Loading Control should show loading with identifier"
	      />
	      <li
	        class="jasmine-passed"
	        id="spec_spec484"
	        title="LoadingService Identifier-based Loading Control should hide loading with identifier"
	      />
	      <li
	        class="jasmine-passed"
	        id="spec_spec486"
	        title="LoadingService Identifier-based Loading Control should not add duplicate identifiers"
	      />
	      <li
	        class="jasmine-passed"
	        id="spec_spec487"
	        title="LoadingService Identifier-based Loading Control should handle hiding non-existent identifier"
	      />
	      <li
	        class="jasmine-passed"
	        id="spec_spec488"
	        title="LoadingService Identifier-based Loading Control should handle hiding identifier multiple times"
	      />
	      <li
	        class="jasmine-passed"
	        id="spec_spec500"
	        title="LoadingService Edge Cases and Error Handling should maintain state consistency after force hide"
	      />
	      <li
	        class="jasmine-failed"
	        id="spec_spec499"
	        title="LoadingService Edge Cases and Error Handling should handle empty string identifier"
	      />
	      <li
	        class="jasmine-passed"
	        id="spec_spec497"
	        title="LoadingService Edge Cases and Error Handling should handle rapid show/hide calls"
	      />
	      <li
	        class="jasmine-failed"
	        id="spec_spec498"
	        title="LoadingService Edge Cases and Error Handling should handle mixed identifier and non-identifier operations"
	      />
	      <li
	        class="jasmine-passed"
	        id="spec_spec491"
	        title="LoadingService Duration-based Loading should show loading for specific duration"
	      />
	      <li
	        class="jasmine-passed"
	        id="spec_spec492"
	        title="LoadingService Duration-based Loading should show loading for duration with identifier"
	      />
	      <li
	        class="jasmine-passed"
	        id="spec_spec493"
	        title="LoadingService Duration-based Loading should handle multiple timed operations"
	      />
	      <li
	        class="jasmine-passed"
	        id="spec_spec503"
	        title="LoadingService Observable Behavior should support multiple subscribers"
	      />
	      <li
	        class="jasmine-passed"
	        id="spec_spec502"
	        title="LoadingService Observable Behavior should not emit duplicate states"
	      />
	      <li
	        class="jasmine-passed"
	        id="spec_spec501"
	        title="LoadingService Observable Behavior should emit loading state changes"
	      />
	      <li
	        class="jasmine-passed"
	        id="spec_spec496"
	        title="LoadingService SetLoading Alias Method should work without identifier"
	      />
	      <li
	        class="jasmine-passed"
	        id="spec_spec494"
	        title="LoadingService SetLoading Alias Method should show loading when setLoading(true)"
	      />
	      <li
	        class="jasmine-passed"
	        id="spec_spec495"
	        title="LoadingService SetLoading Alias Method should hide loading when setLoading(false)"
	      />
	      <li
	        class="jasmine-passed"
	        id="spec_spec1"
	        title="AppComponent should have the 'conductores-pwa' title"
	      />
	      <li
	        class="jasmine-passed"
	        id="spec_spec2"
	        title="AppComponent should render title"
	      />
	      <li
	        class="jasmine-passed"
	        id="spec_spec0"
	        title="AppComponent should create the app"
	      />
	      <li
	        class="jasmine-failed"
	        id="spec_spec90"
	        title="BackendApiService Contract Management should get contract successfully"
	      />
	      <li
	        class="jasmine-failed"
	        id="spec_spec91"
	        title="BackendApiService Contract Management should fallback to local storage when getting contract fails"
	      />
	      <li
	        class="jasmine-failed"
	        id="spec_spec92"
	        title="BackendApiService Contract Management should get client contracts successfully"
	      />
	      <li
	        class="jasmine-failed"
	        id="spec_spec88"
	        title="BackendApiService Contract Management should create contract successfully"
	      />
	      <li
	        class="jasmine-failed"
	        id="spec_spec93"
	        title="BackendApiService Contract Management should fallback to local storage when getting client contracts fails"
	      />
	      <li
	        class="jasmine-failed"
	        id="spec_spec89"
	        title="BackendApiService Contract Management should handle create contract offline mode"
	      />
	      <li
	        class="jasmine-failed"
	        id="spec_spec78"
	        title=...
	    at Object.getElementError (node_modules/@testing-library/dom/dist/@testing-library/dom.esm.js:339:19)
	    at allQuery (node_modules/@testing-library/dom/dist/@testing-library/dom.esm.js:1206:25)
	    at query (node_modules/@testing-library/dom/dist/@testing-library/dom.esm.js:1185:17)
	    at getByRole (node_modules/@testing-library/dom/dist/@testing-library/dom.esm.js:1228:19)
	    at UserContext.<anonymous> (src/app/components/auth/login/login.component.spec.ts:241:33)
	    at Generator.next (<anonymous>)
	    at asyncGeneratorStep (node_modules/@angular-devkit/build-angular/node_modules/@babel/runtime/helpers/esm/asyncToGenerator.js:3:1)
	    at apply (node_modules/@angular-devkit/build-angular/node_modules/@babel/runtime/helpers/esm/asyncToGenerator.js:17:1)
	    at _ZoneDelegate.invoke (node_modules/zone.js/fesm2015/zone.js:369:28)
	    at ProxyZoneSpec.onInvoke (node_modules/zone.js/fesm2015/zone-testing.js:2081:39)
Chrome Headless 140.0.0.0 (Mac OS 10.15.7): Executed 71 of 985[31m (42 FAILED)[39m (0 secs / 0.578 secs)
[1A[2K[31mChrome Headless 140.0.0.0 (Mac OS 10.15.7) LoginComponent Integration Tests should enable submit button when form is valid FAILED[39m
	TestingLibraryElementError: Unable to find an accessible element with the role "button" and name `/iniciar sesión/i`
	
	Here are the accessible roles:
	
	  link:
	
	  Name "":
	  <a
	    class="jasmine-title"
	    href="http://jasmine.github.io/"
	    target="_blank"
	  />
	
	  --------------------------------------------------
	  list:
	
	  Name "":
	  <ul
	    class="jasmine-symbol-summary"
	  />
	
	  --------------------------------------------------
	  listitem:
	
	  Name "LoadingService Basic Loading Control should hide loading":
	  <li
	    class="jasmine-passed"
	    id="spec_spec480"
	    title="LoadingService Basic Loading Control should hide loading"
	  />
	
	  Name "LoadingService Basic Loading Control should not show loading multiple times without identifiers":
	  <li
	    class="jasmine-passed"
	    id="spec_spec481"
	    title="LoadingService Basic Loading Control should not show loading multiple times without identifiers"
	  />
	
	  Name "LoadingService Basic Loading Control should not hide loading when already hidden":
	  <li
	    class="jasmine-passed"
	    id="spec_spec482"
	    title="LoadingService Basic Loading Control should not hide loading when already hidden"
	  />
	
	  Name "LoadingService Basic Loading Control should show loading":
	  <li
	    class="jasmine-passed"
	    id="spec_spec479"
	    title="LoadingService Basic Loading Control should show loading"
	  />
	
	  Name "LoadingService Force Hide Functionality should clear all identifiers on force hide":
	  <li
	    class="jasmine-passed"
	    id="spec_spec490"
	    title="LoadingService Force Hide Functionality should clear all identifiers on force hide"
	  />
	
	  Name "LoadingService Force Hide Functionality should force hide loading even with active identifiers":
	  <li
	    class="jasmine-passed"
	    id="spec_spec489"
	    title="LoadingService Force Hide Functionality should force hide loading even with active identifiers"
	  />
	
	  Name "LoadingService Service Initialization should be created":
	  <li
	    class="jasmine-passed"
	    id="spec_spec476"
	    title="LoadingService Service Initialization should be created"
	  />
	
	  Name "LoadingService Service Initialization should return false for initial isLoading state":
	  <li
	    class="jasmine-passed"
	    id="spec_spec478"
	    title="LoadingService Service Initialization should return false for initial isLoading state"
	  />
	
	  Name "LoadingService Service Initialization should initialize with loading false":
	  <li
	    class="jasmine-passed"
	    id="spec_spec477"
	    title="LoadingService Service Initialization should initialize with loading false"
	  />
	
	  Name "LoadingService Identifier-based Loading Control should manage multiple identifiers":
	  <li
	    class="jasmine-passed"
	    id="spec_spec485"
	    title="LoadingService Identifier-based Loading Control should manage multiple identifiers"
	  />
	
	  Name "LoadingService Identifier-based Loading Control should show loading with identifier":
	  <li
	    class="jasmine-passed"
	    id="spec_spec483"
	    title="LoadingService Identifier-based Loading Control should show loading with identifier"
	  />
	
	  Name "LoadingService Identifier-based Loading Control should hide loading with identifier":
	  <li
	    class="jasmine-passed"
	    id="spec_spec484"
	    title="LoadingService Identifier-based Loading Control should hide loading with identifier"
	  />
	
	  Name "LoadingService Identifier-based Loading Control should not add duplicate identifiers":
	  <li
	    class="jasmine-passed"
	    id="spec_spec486"
	    title="LoadingService Identifier-based Loading Control should not add duplicate identifiers"
	  />
	
	  Name "LoadingService Identifier-based Loading Control should handle hiding non-existent identifier":
	  <li
	    class="jasmine-passed"
	    id="spec_spec487"
	    title="LoadingService Identifier-based Loading Control should handle hiding non-existent identifier"
	  />
	
	  Name "LoadingService Identifier-based Loading Control should handle hiding identifier multiple times":
	  <li
	    class="jasmine-passed"
	    id="spec_spec488"
	    title="LoadingService Identifier-based Loading Control should handle hiding identifier multiple times"
	  />
	
	  Name "LoadingService Edge Cases and Error Handling should maintain state consistency after force hide":
	  <li
	    class="jasmine-passed"
	    id="spec_spec500"
	    title="LoadingService Edge Cases and Error Handling should maintain state consistency after force hide"
	  />
	
	  Name "LoadingService Edge Cases and Error Handling should handle empty string identifier":
	  <li
	    class="jasmine-failed"
	    id="spec_spec499"
	    title="LoadingService Edge Cases and Error Handling should handle empty string identifier"
	  />
	
	  Name "LoadingService Edge Cases and Error Handling should handle rapid show/hide calls":
	  <li
	    class="jasmine-passed"
	    id="spec_spec497"
	    title="LoadingService Edge Cases and Error Handling should handle rapid show/hide calls"
	  />
	
	  Name "LoadingService Edge Cases and Error Handling should handle mixed identifier and non-identifier operations":
	  <li
	    class="jasmine-failed"
	    id="spec_spec498"
	    title="LoadingService Edge Cases and Error Handling should handle mixed identifier and non-identifier operations"
	  />
	
	  Name "LoadingService Duration-based Loading should show loading for specific duration":
	  <li
	    class="jasmine-passed"
	    id="spec_spec491"
	    title="LoadingService Duration-based Loading should show loading for specific duration"
	  />
	
	  Name "LoadingService Duration-based Loading should show loading for duration with identifier":
	  <li
	    class="jasmine-passed"
	    id="spec_spec492"
	    title="LoadingService Duration-based Loading should show loading for duration with identifier"
	  />
	
	  Name "LoadingService Duration-based Loading should handle multiple timed operations":
	  <li
	    class="jasmine-passed"
	    id="spec_spec493"
	    title="LoadingService Duration-based Loading should handle multiple timed operations"
	  />
	
	  Name "LoadingService Observable Behavior should support multiple subscribers":
	  <li
	    class="jasmine-passed"
	    id="spec_spec503"
	    title="LoadingService Observable Behavior should support multiple subscribers"
	  />
	
	  Name "LoadingService Observable Behavior should not emit duplicate states":
	  <li
	    class="jasmine-passed"
	    id="spec_spec502"
	    title="LoadingService Observable Behavior should not emit duplicate states"
	  />
	
	  Name "LoadingService Observable Behavior should emit loading state changes":
	  <li
	    class="jasmine-passed"
	    id="spec_spec501"
	    title="LoadingService Observable Behavior should emit loading state changes"
	  />
	
	  Name "LoadingService SetLoading Alias Method should work without identifier":
	  <li
	    class="jasmine-passed"
	    id="spec_spec496"
	    title="LoadingService SetLoading Alias Method should work without identifier"
	  />
	
	  Name "LoadingService SetLoading Alias Method should show loading when setLoading(true)":
	  <li
	    class="jasmine-passed"
	    id="spec_spec494"
	    title="LoadingService SetLoading Alias Method should show loading when setLoading(true)"
	  />
	
	  Name "LoadingService SetLoading Alias Method should hide loading when setLoading(false)":
	  <li
	    class="jasmine-passed"
	    id="spec_spec495"
	    title="LoadingService SetLoading Alias Method should hide loading when setLoading(false)"
	  />
	
	  Name "AppComponent should have the 'conductores-pwa' title":
	  <li
	    class="jasmine-passed"
	    id="spec_spec1"
	    title="AppComponent should have the 'conductores-pwa' title"
	  />
	
	  Name "AppComponent should render title":
	  <li
	    class="jasmine-passed"
	    id="spec_spec2"
	    title="AppComponent should render title"
	  />
	
	  Name "AppComponent should create the app":
	  <li
	    class="jasmine-passed"
	    id="spec_spec0"
	    title="AppComponent should create the app"
	  />
	
	  Name "BackendApiService Contract Management should get contract successfully":
	  <li
	    class="jasmine-failed"
	    id="spec_spec90"
	    title="BackendApiService Contract Management should get contract successfully"
	  />
	
	  Name "BackendApiService Contract Management should fallback to local storage when getting contract fails":
	  <li
	    class="jasmine-failed"
	    id="spec_spec91"
	    title="BackendApiService Contract Management should fallback to local storage when getting contract fails"
	  />
	
	  Name "BackendApiService Contract Management should get client contracts successfully":
	  <li
	    class="jasmine-failed"
	    id="spec_spec92"
	    title="BackendApiService Contract Management should get client contracts successfully"
	  />
	
	  Name "BackendApiService Contract Management should create contract successfully":
	  <li
	    class="jasmine-failed"
	    id="spec_spec88"
	    title="BackendApiService Contract Management should create contract successfully"
	  />
	
	  Name "BackendApiService Contract Management should fallback to local storage when getting client contracts fails":
	  <li
	    class="jasmine-failed"
	    id="spec_spec93"
	    title="BackendApiService Contract Management should fallback to local storage when getting client contracts fails"
	  />
	
	  Name "BackendApiService Contract Management should handle create contract offline mode":
	  <li
	    class="jasmine-failed"
	    id="spec_spec89"
	    title="BackendApiService Contract Management should handle create contract offline mode"
	  />
	
	  Name "BackendApiService Service Initialization should initialize with online status":
	  <li
	    class="jasmine-failed"
	    id="spec_spec78"
	    title="BackendApiService Service Initialization should initialize with online status"
	  />
	
	  Name "BackendApiService Service Initialization should have correct API configuration":
	  <li
	    class="jasmine-failed"
	    id="spec_spec79"
	    title="BackendApiService Service Initialization should have correct API configuration"
	  />
	
	  Name "BackendApiService Service Initialization should be created":
	  <li
	    class="jasmine-failed"
	    id="spec_spec77"
	    title="BackendApiService Service Initialization should be created"
	  />
	
	  Name "BackendApiService Health Check should return offline health status when API fails":
	  <li
	    class="jasmine-failed"
	    id="spec_spec107"
	    title="BackendApiService Health Check should return offline health status when API fails"
	  />
	
	  Name "BackendApiService Health Check should return online health status":
	  <li
	    class="jasmine-failed"
	    id="spec_spec106"
	    title="BackendApiService Health Check should return online health status"
	  />
	
	  Name "BackendApiService Network Status Management should update online status when network changes":
	  <li
	    class="jasmine-failed"
	    id="spec_spec108"
	    title="BackendApiService Network Status Management should update online status when network changes"
	  />
	
	  Name "BackendApiService Network Status Management should trigger sync when going back online":
	  <li
	    class="jasmine-failed"
	    id="spec_spec109"
	    title="BackendApiService Network Status Management should trigger sync when going back online"
	  />
	
	  Name "BackendApiService File Upload should upload document successfully":
	  <li
	    class="jasmine-failed"
	    id="spec_spec102"
	    title="BackendApiService File Upload should upload document successfully"
	  />
	
	  Name "BackendApiService File Upload should handle upload document offline mode":
	  <li
	    class="jasmine-failed"
	    id="spec_spec103"
	    title="BackendApiService File Upload should handle upload document offline mode"
	  />
	
	  Name "BackendApiService Client Management should handle create client offline mode":
	  <li
	    class="jasmine-failed"
	    id="spec_spec81"
	    title="BackendApiService Client Management should handle create client offline mode"
	  />
	
	  Name "BackendApiService Client Management should update client successfully":
	  <li
	    class="jasmine-failed"
	    id="spec_spec82"
	    title="BackendApiService Client Management should update client successfully"
	  />
	
	  Name "BackendApiService Client Management should create client successfully":
	  <li
	    class="jasmine-failed"
	    id="spec_spec80"
	    title="BackendApiService Client Management should create client successfully"
	  />
	
	  Name "BackendApiService Client Management should fallback to local storage when getting client fails":
	  <li
	    class="jasmine-failed"
	    id="spec_spec85"
	    title="BackendApiService Client Management should fallback to local storage when getting client fails"
	  />
	
	  Name "BackendApiService Client Management should get clients with filters":
	  <li
	    class="jasmine-failed"
	    id="spec_spec86"
	    title="BackendApiService Client Management should get clients with filters"
	  />
	
	  Name "BackendApiService Client Management should handle update client offline mode":
	  <li
	    class="jasmine-failed"
	    id="spec_spec83"
	    title="BackendApiService Client Management should handle update client offline mode"
	  />
	
	  Name "BackendApiService Client Management should get client successfully":
	  <li
	    class="jasmine-failed"
	    id="spec_spec84"
	    title="BackendApiService Client Management should get client successfully"
	  />
	
	  Name "BackendApiService Client Management should return empty array when getting clients fails":
	  <li
	    class="jasmine-failed"
	    id="spec_spec87"
	    title="BackendApiService Client Management should return empty array when getting clients fails"
	  />
	
	  Name "BackendApiService Sync Management should handle sync errors gracefully":
	  <li
	    class="jasmine-failed"
	    id="spec_spec105"
	    title="BackendApiService Sync Management should handle sync errors gracefully"
	  />
	
	  Name "BackendApiService Sync Management should sync pending actions when coming online":
	  <li
	    class="jasmine-failed"
	    id="spec_spec104"
	    title="BackendApiService Sync Management should sync pending actions when coming online"
	  />
	
	  Name "BackendApiService Dashboard and Analytics should return offline dashboard data when API fails":
	  <li
	    class="jasmine-failed"
	    id="spec_spec101"
	    title="BackendApiService Dashboard and Analytics should return offline dashboard data when API fails"
	  />
	
	  Name "BackendApiService Dashboard and Analytics should get dashboard data successfully":
	  <li
	    class="jasmine-failed"
	    id="spec_spec99"
	    title="BackendApiService Dashboard and Analytics should get dashboard data successfully"
	  />
	
	  Name "BackendApiService Dashboard and Analytics should get dashboard data with advisor filter":
	  <li
	    class="jasmine-failed"
	    id="spec_spec100"
	    title="BackendApiService Dashboard and Analytics should get dashboard data with advisor filter"
	  />
	
	  Name "BackendApiService Ecosystem Management should get ecosystems with market filter":
	  <li
	    class="jasmine-failed"
	    id="spec_spec95"
	    title="BackendApiService Ecosystem Management should get ecosystems with market filter"
	  />
	
	  Name "BackendApiService Ecosystem Management should return mock data when getting ecosystems fails":
	  <li
	    class="jasmine-failed"
	    id="spec_spec96"
	    title="BackendApiService Ecosystem Management should return mock data when getting ecosystems fails"
	  />
	
	  Name "BackendApiService Ecosystem Management should get ecosystem by ID successfully":
	  <li
	    class="jasmine-failed"
	    id="spec_spec97"
	    title="BackendApiService Ecosystem Management should get ecosystem by ID successfully"
	  />
	
	  Name "BackendApiService Ecosystem Management should update ecosystem capacity successfully":
	  <li
	    class="jasmine-failed"
	    id="spec_spec98"
	    title="BackendApiService Ecosystem Management should update ecosystem capacity successfully"
	  />
	
	  Name "BackendApiService Ecosystem Management should get ecosystems successfully":
	  <li
	    class="jasmine-failed"
	    id="spec_spec94"
	    title="BackendApiService Ecosystem Management should get ecosystems successfully"
	  />
	
	  Name "BackendApiService Mock Data Generation should generate mock ecosystems for AGS market":
	  <li
	    class="jasmine-failed"
	    id="spec_spec110"
	    title="BackendApiService Mock Data Generation should generate mock ecosystems for AGS market"
	  />
	
	  Name "BackendApiService Mock Data Generation should generate all mock ecosystems when no market filter":
	  <li
	    class="jasmine-failed"
	    id="spec_spec112"
	    title="BackendApiService Mock Data Generation should generate all mock ecosystems when no market filter"
	  />
	
	  Name "BackendApiService Mock Data Generation should generate mock ecosystems for EDOMEX market":
	  <li
	    class="jasmine-failed"
	    id="spec_spec111"
	    title="BackendApiService Mock Data Generation should generate mock ecosystems for EDOMEX market"
	  />
	
	  Name "BackendApiService Error Handling Edge Cases should handle unknown action types in sync":
	  <li
	    class="jasmine-failed"
	    id="spec_spec115"
	    title="BackendApiService Error Handling Edge Cases should handle unknown action types in sync"
	  />
	
	  Name "BackendApiService Error Handling Edge Cases should handle storage errors gracefully":
	  <li
	    class="jasmine-failed"
	    id="spec_spec114"
	    title="BackendApiService Error Handling Edge Cases should handle storage errors gracefully"
	  />
	
	  Name "BackendApiService Error Handling Edge Cases should handle null client data from local storage":
	  <li
	    class="jasmine-failed"
	    id="spec_spec113"
	    title="BackendApiService Error Handling Edge Cases should handle null client data from local storage"
	  />
	
	  Name "LoginComponent Integration Tests should handle form submission with valid data":
	  <li
	    class="jasmine-failed"
	    id="spec_spec913"
	    title="LoginComponent Integration Tests should handle form submission with valid data"
	  />
	
	  --------------------------------------------------heading:
	
	  Name "Centro de Comando":
	  <h1
	    _ngcontent-a-c3214690901=""
	    class="text-gradient-primary"
	  />
	
	  --------------------------------------------------
	  paragraph:
	
	  Name "":
	  <p
	    _ngcontent-a-c3214690901=""
	    class="brand-subtitle"
	  />
	
	  Name "":
	  <p
	    _ngcontent-a-c3214690901=""
	    class="register-text"
	  />
	
	  --------------------------------------------------
	  textbox:
	
	  Name "📧 Correo Electrónico":
	  <input
	    _ngcontent-a-c3214690901=""
	    class="premium-input ng-untouched ng-pristine ng-invalid"
	    formcontrolname="email"
	    id="email"
	    ng-reflect-name="email"
	    placeholder="ricardo.montoya@cmu.com"
	    type="email"
	  />
	
	  --------------------------------------------------
	  button:
	
	  Name "🙈":
	  <button
	    _ngcontent-a-c3214690901=""
	    class="password-toggle-premium"
	    type="button"
	  />
	
	  Name "¿Olvidaste tu contraseña?":
	  <button
	    _ngcontent-a-c3214690901=""
	    class="forgot-password"
	    type="button"
	  />
	
	  Name "➡️ Acceder al Cockpit":
	  <button
	    _ngcontent-a-c3214690901=""
	    class="btn-primary command-center-btn"
	    disabled=""
	    type="submit"
	  />
	
	  --------------------------------------------------
	  checkbox:
	
	  Name "Recordarme":
	  <input
	    _ngcontent-a-c3214690901=""
	    class="ng-untouched ng-pristine ng-valid"
	    formcontrolname="rememberMe"
	    ng-reflect-name="rememberMe"
	    type="checkbox"
	  />
	
	  --------------------------------------------------
	  link:
	
	  Name "Activar Cuenta":
	  <a
	    _ngcontent-a-c3214690901=""
	    class="premium-link"
	    href="/register"
	  />
	
	  --------------------------------------------------
	
	Ignored nodes: comments, script, style
	<body>
	  
	    
	  
	    
	  
	    
	  
	    
	  
	    
	  
	    
	  
	    
	  
	
	  
	
	  
	
	  
	
	  
	
	  <link
	    crossorigin="anonymous"
	    href="node_modules/jasmine-core/lib/jasmine-core/jasmine.css"
	    rel="stylesheet"
	    type="text/css"
	  />
	  
	
	  
	
	  
	
	  <div
	    class="jasmine_html-reporter"
	  >
	    <div
	      class="jasmine-banner"
	    >
	      <a
	        class="jasmine-title"
	        href="http://jasmine.github.io/"
	        target="_blank"
	      />
	      <span
	        class="jasmine-version"
	      >
	        4.6.1
	      </span>
	    </div>
	    <ul
	      class="jasmine-symbol-summary"
	    >
	      <li
	        class="jasmine-passed"
	        id="spec_spec480"
	        title="LoadingService Basic Loading Control should hide loading"
	      />
	      <li
	        class="jasmine-passed"
	        id="spec_spec481"
	        title="LoadingService Basic Loading Control should not show loading multiple times without identifiers"
	      />
	      <li
	        class="jasmine-passed"
	        id="spec_spec482"
	        title="LoadingService Basic Loading Control should not hide loading when already hidden"
	      />
	      <li
	        class="jasmine-passed"
	        id="spec_spec479"
	        title="LoadingService Basic Loading Control should show loading"
	      />
	      <li
	        class="jasmine-passed"
	        id="spec_spec490"
	        title="LoadingService Force Hide Functionality should clear all identifiers on force hide"
	      />
	      <li
	        class="jasmine-passed"
	        id="spec_spec489"
	        title="LoadingService Force Hide Functionality should force hide loading even with active identifiers"
	      />
	      <li
	        class="jasmine-passed"
	        id="spec_spec476"
	        title="LoadingService Service Initialization should be created"
	      />
	      <li
	        class="jasmine-passed"
	        id="spec_spec478"
	        title="LoadingService Service Initialization should return false for initial isLoading state"
	      />
	      <li
	        class="jasmine-passed"
	        id="spec_spec477"
	        title="LoadingService Service Initialization should initialize with loading false"
	      />
	      <li
	        class="jasmine-passed"
	        id="spec_spec485"
	        title="LoadingService Identifier-based Loading Control should manage multiple identifiers"
	      />
	      <li
	        class="jasmine-passed"
	        id="spec_spec483"
	        title="LoadingService Identifier-based Loading Control should show loading with identifier"
	      />
	      <li
	        class="jasmine-passed"
	        id="spec_spec484"
	        title="LoadingService Identifier-based Loading Control should hide loading with identifier"
	      />
	      <li
	        class="jasmine-passed"
	        id="spec_spec486"
	        title="LoadingService Identifier-based Loading Control should not add duplicate identifiers"
	      />
	      <li
	        class="jasmine-passed"
	        id="spec_spec487"
	        title="LoadingService Identifier-based Loading Control should handle hiding non-existent identifier"
	      />
	      <li
	        class="jasmine-passed"
	        id="spec_spec488"
	        title="LoadingService Identifier-based Loading Control should handle hiding identifier multiple times"
	      />
	      <li
	        class="jasmine-passed"
	        id="spec_spec500"
	        title="LoadingService Edge Cases and Error Handling should maintain state consistency after force hide"
	      />
	      <li
	        class="jasmine-failed"
	        id="spec_spec499"
	        title="LoadingService Edge Cases and Error Handling should handle empty string identifier"
	      />
	      <li
	        class="jasmine-passed"
	        id="spec_spec497"
	        title="LoadingService Edge Cases and Error Handling should handle rapid show/hide calls"
	      />
	      <li
	        class="jasmine-failed"
	        id="spec_spec498"
	        title="LoadingService Edge Cases and Error Handling should handle mixed identifier and non-identifier operations"
	      />
	      <li
	        class="jasmine-passed"
	        id="spec_spec491"
	        title="LoadingService Duration-based Loading should show loading for specific duration"
	      />
	      <li
	        class="jasmine-passed"
	        id="spec_spec492"
	        title="LoadingService Duration-based Loading should show loading for duration with identifier"
	      />
	      <li
	        class="jasmine-passed"
	        id="spec_spec493"
	        title="LoadingService Duration-based Loading should handle multiple timed operations"
	      />
	      <li
	        class="jasmine-passed"
	        id="spec_spec503"
	        title="LoadingService Observable Behavior should support multiple subscribers"
	      />
	      <li
	        class="jasmine-passed"
	        id="spec_spec502"
	        title="LoadingService Observable Behavior should not emit duplicate states"
	      />
	      <li
	        class="jasmine-passed"
	        id="spec_spec501"
	        title="LoadingService Observable Behavior should emit loading state changes"
	      />
	      <li
	        class="jasmine-passed"
	        id="spec_spec496"
	        title="LoadingService SetLoading Alias Method should work without identifier"
	      />
	      <li
	        class="jasmine-passed"
	        id="spec_spec494"
	        title="LoadingService SetLoading Alias Method should show loading when setLoading(true)"
	      />
	      <li
	        class="jasmine-passed"
	        id="spec_spec495"
	        title="LoadingService SetLoading Alias Method should hide loading when setLoading(false)"
	      />
	      <li
	        class="jasmine-passed"
	        id="spec_spec1"
	        title="AppComponent should have the 'conductores-pwa' title"
	      />
	      <li
	        class="jasmine-passed"
	        id="spec_spec2"
	        title="AppComponent should render title"
	      />
	      <li
	        class="jasmine-passed"
	        id="spec_spec0"
	        title="AppComponent should create the app"
	      />
	      <li
	        class="jasmine-failed"
	        id="spec_spec90"
	        title="BackendApiService Contract Management should get contract successfully"
	      />
	      <li
	        class="jasmine-failed"
	        id="spec_spec91"
	        title="BackendApiService Contract Management should fallback to local storage when getting contract fails"
	      />
	      <li
	        class="jasmine-failed"
	        id="spec_spec92"
	        title="BackendApiService Contract Management should get client contracts successfully"
	      />
	      <li
	        class="jasmine-failed"
	        id="spec_spec88"
	        title="BackendApiService Contract Management should create contract successfully"
	      />
	      <li
	        class="jasmine-failed"
	        id="spec_spec93"
	        title="BackendApiService Contract Management should fallback to local storage when getting client contracts fails"
	      />
	      <li
	        class="jasmine-failed"
	        id="spec_spec89"
	        title="BackendApiService Contract Management should handle create contract offline mode"
	      />
	      <li
	        class="jasmine-failed"
	        id="spec_spec78"
	        title=...
	TestingLibraryElementError: Unable to find an accessible element with the role "button" and name `/iniciar sesión/i`
	Here are the accessible roles:
	  link:
	  Name "":
	  <a
	    class="jasmine-title"
	    href="http://jasmine.github.io/"
	    target="_blank"
	  />
	  --------------------------------------------------
	  list:
	  Name "":
	  <ul
	    class="jasmine-symbol-summary"
	  />
	  --------------------------------------------------
	  listitem:
	  Name "LoadingService Basic Loading Control should hide loading":
	  <li
	    class="jasmine-passed"
	    id="spec_spec480"
	    title="LoadingService Basic Loading Control should hide loading"
	  />
	  Name "LoadingService Basic Loading Control should not show loading multiple times without identifiers":
	  <li
	    class="jasmine-passed"
	    id="spec_spec481"
	    title="LoadingService Basic Loading Control should not show loading multiple times without identifiers"
	  />
	  Name "LoadingService Basic Loading Control should not hide loading when already hidden":
	  <li
	    class="jasmine-passed"
	    id="spec_spec482"
	    title="LoadingService Basic Loading Control should not hide loading when already hidden"
	  />
	  Name "LoadingService Basic Loading Control should show loading":
	  <li
	    class="jasmine-passed"
	    id="spec_spec479"
	    title="LoadingService Basic Loading Control should show loading"
	  />
	  Name "LoadingService Force Hide Functionality should clear all identifiers on force hide":
	  <li
	    class="jasmine-passed"
	    id="spec_spec490"
	    title="LoadingService Force Hide Functionality should clear all identifiers on force hide"
	  />
	  Name "LoadingService Force Hide Functionality should force hide loading even with active identifiers":
	  <li
	    class="jasmine-passed"
	    id="spec_spec489"
	    title="LoadingService Force Hide Functionality should force hide loading even with active identifiers"
	  />
	  Name "LoadingService Service Initialization should be created":
	  <li
	    class="jasmine-passed"
	    id="spec_spec476"
	    title="LoadingService Service Initialization should be created"
	  />
	  Name "LoadingService Service Initialization should return false for initial isLoading state":
	  <li
	    class="jasmine-passed"
	    id="spec_spec478"
	    title="LoadingService Service Initialization should return false for initial isLoading state"
	  />
	  Name "LoadingService Service Initialization should initialize with loading false":
	  <li
	    class="jasmine-passed"
	    id="spec_spec477"
	    title="LoadingService Service Initialization should initialize with loading false"
	  />
	  Name "LoadingService Identifier-based Loading Control should manage multiple identifiers":
	  <li
	    class="jasmine-passed"
	    id="spec_spec485"
	    title="LoadingService Identifier-based Loading Control should manage multiple identifiers"
	  />
	  Name "LoadingService Identifier-based Loading Control should show loading with identifier":
	  <li
	    class="jasmine-passed"
	    id="spec_spec483"
	    title="LoadingService Identifier-based Loading Control should show loading with identifier"
	  />
	  Name "LoadingService Identifier-based Loading Control should hide loading with identifier":
	  <li
	    class="jasmine-passed"
	    id="spec_spec484"
	    title="LoadingService Identifier-based Loading Control should hide loading with identifier"
	  />
	  Name "LoadingService Identifier-based Loading Control should not add duplicate identifiers":
	  <li
	    class="jasmine-passed"
	    id="spec_spec486"
	    title="LoadingService Identifier-based Loading Control should not add duplicate identifiers"
	  />
	  Name "LoadingService Identifier-based Loading Control should handle hiding non-existent identifier":
	  <li
	    class="jasmine-passed"
	    id="spec_spec487"
	    title="LoadingService Identifier-based Loading Control should handle hiding non-existent identifier"
	  />
	  Name "LoadingService Identifier-based Loading Control should handle hiding identifier multiple times":
	  <li
	    class="jasmine-passed"
	    id="spec_spec488"
	    title="LoadingService Identifier-based Loading Control should handle hiding identifier multiple times"
	  />
	  Name "LoadingService Edge Cases and Error Handling should maintain state consistency after force hide":
	  <li
	    class="jasmine-passed"
	    id="spec_spec500"
	    title="LoadingService Edge Cases and Error Handling should maintain state consistency after force hide"
	  />
	  Name "LoadingService Edge Cases and Error Handling should handle empty string identifier":
	  <li
	    class="jasmine-failed"
	    id="spec_spec499"
	    title="LoadingService Edge Cases and Error Handling should handle empty string identifier"
	  />
	  Name "LoadingService Edge Cases and Error Handling should handle rapid show/hide calls":
	  <li
	    class="jasmine-passed"
	    id="spec_spec497"
	    title="LoadingService Edge Cases and Error Handling should handle rapid show/hide calls"
	  />
	  Name "LoadingService Edge Cases and Error Handling should handle mixed identifier and non-identifier operations":
	  <li
	    class="jasmine-failed"
	    id="spec_spec498"
	    title="LoadingService Edge Cases and Error Handling should handle mixed identifier and non-identifier operations"
	  />
	  Name "LoadingService Duration-based Loading should show loading for specific duration":
	  <li
	    class="jasmine-passed"
	    id="spec_spec491"
	    title="LoadingService Duration-based Loading should show loading for specific duration"
	  />
	  Name "LoadingService Duration-based Loading should show loading for duration with identifier":
	  <li
	    class="jasmine-passed"
	    id="spec_spec492"
	    title="LoadingService Duration-based Loading should show loading for duration with identifier"
	  />
	  Name "LoadingService Duration-based Loading should handle multiple timed operations":
	  <li
	    class="jasmine-passed"
	    id="spec_spec493"
	    title="LoadingService Duration-based Loading should handle multiple timed operations"
	  />
	  Name "LoadingService Observable Behavior should support multiple subscribers":
	  <li
	    class="jasmine-passed"
	    id="spec_spec503"
	    title="LoadingService Observable Behavior should support multiple subscribers"
	  />
	  Name "LoadingService Observable Behavior should not emit duplicate states":
	  <li
	    class="jasmine-passed"
	    id="spec_spec502"
	    title="LoadingService Observable Behavior should not emit duplicate states"
	  />
	  Name "LoadingService Observable Behavior should emit loading state changes":
	  <li
	    class="jasmine-passed"
	    id="spec_spec501"
	    title="LoadingService Observable Behavior should emit loading state changes"
	  />
	  Name "LoadingService SetLoading Alias Method should work without identifier":
	  <li
	    class="jasmine-passed"
	    id="spec_spec496"
	    title="LoadingService SetLoading Alias Method should work without identifier"
	  />
	  Name "LoadingService SetLoading Alias Method should show loading when setLoading(true)":
	  <li
	    class="jasmine-passed"
	    id="spec_spec494"
	    title="LoadingService SetLoading Alias Method should show loading when setLoading(true)"
	  />
	  Name "LoadingService SetLoading Alias Method should hide loading when setLoading(false)":
	  <li
	    class="jasmine-passed"
	    id="spec_spec495"
	    title="LoadingService SetLoading Alias Method should hide loading when setLoading(false)"
	  />
	  Name "AppComponent should have the 'conductores-pwa' title":
	  <li
	    class="jasmine-passed"
	    id="spec_spec1"
	    title="AppComponent should have the 'conductores-pwa' title"
	  />
	  Name "AppComponent should render title":
	  <li
	    class="jasmine-passed"
	    id="spec_spec2"
	    title="AppComponent should render title"
	  />
	  Name "AppComponent should create the app":
	  <li
	    class="jasmine-passed"
	    id="spec_spec0"
	    title="AppComponent should create the app"
	  />
	  Name "BackendApiService Contract Management should get contract successfully":
	  <li
	    class="jasmine-failed"
	    id="spec_spec90"
	    title="BackendApiService Contract Management should get contract successfully"
	  />
	  Name "BackendApiService Contract Management should fallback to local storage when getting contract fails":
	  <li
	    class="jasmine-failed"
	    id="spec_spec91"
	    title="BackendApiService Contract Management should fallback to local storage when getting contract fails"
	  />
	  Name "BackendApiService Contract Management should get client contracts successfully":
	  <li
	    class="jasmine-failed"
	    id="spec_spec92"
	    title="BackendApiService Contract Management should get client contracts successfully"
	  />
	  Name "BackendApiService Contract Management should create contract successfully":
	  <li
	    class="jasmine-failed"
	    id="spec_spec88"
	    title="BackendApiService Contract Management should create contract successfully"
	  />
	  Name "BackendApiService Contract Management should fallback to local storage when getting client contracts fails":
	  <li
	    class="jasmine-failed"
	    id="spec_spec93"
	    title="BackendApiService Contract Management should fallback to local storage when getting client contracts fails"
	  />
	  Name "BackendApiService Contract Management should handle create contract offline mode":
	  <li
	    class="jasmine-failed"
	    id="spec_spec89"
	    title="BackendApiService Contract Management should handle create contract offline mode"
	  />
	  Name "BackendApiService Service Initialization should initialize with online status":
	  <li
	    class="jasmine-failed"
	    id="spec_spec78"
	    title="BackendApiService Service Initialization should initialize with online status"
	  />
	  Name "BackendApiService Service Initialization should have correct API configuration":
	  <li
	    class="jasmine-failed"
	    id="spec_spec79"
	    title="BackendApiService Service Initialization should have correct API configuration"
	  />
	  Name "BackendApiService Service Initialization should be created":
	  <li
	    class="jasmine-failed"
	    id="spec_spec77"
	    title="BackendApiService Service Initialization should be created"
	  />
	  Name "BackendApiService Health Check should return offline health status when API fails":
	  <li
	    class="jasmine-failed"
	    id="spec_spec107"
	    title="BackendApiService Health Check should return offline health status when API fails"
	  />
	  Name "BackendApiService Health Check should return online health status":
	  <li
	    class="jasmine-failed"
	    id="spec_spec106"
	    title="BackendApiService Health Check should return online health status"
	  />
	  Name "BackendApiService Network Status Management should update online status when network changes":
	  <li
	    class="jasmine-failed"
	    id="spec_spec108"
	    title="BackendApiService Network Status Management should update online status when network changes"
	  />
	  Name "BackendApiService Network Status Management should trigger sync when going back online":
	  <li
	    class="jasmine-failed"
	    id="spec_spec109"
	    title="BackendApiService Network Status Management should trigger sync when going back online"
	  />
	  Name "BackendApiService File Upload should upload document successfully":
	  <li
	    class="jasmine-failed"
	    id="spec_spec102"
	    title="BackendApiService File Upload should upload document successfully"
	  />
	  Name "BackendApiService File Upload should handle upload document offline mode":
	  <li
	    class="jasmine-failed"
	    id="spec_spec103"
	    title="BackendApiService File Upload should handle upload document offline mode"
	  />
	  Name "BackendApiService Client Management should handle create client offline mode":
	  <li
	    class="jasmine-failed"
	    id="spec_spec81"
	    title="BackendApiService Client Management should handle create client offline mode"
	  />
	  Name "BackendApiService Client Management should update client successfully":
	  <li
	    class="jasmine-failed"
	    id="spec_spec82"
	    title="BackendApiService Client Management should update client successfully"
	  />
	  Name "BackendApiService Client Management should create client successfully":
	  <li
	    class="jasmine-failed"
	    id="spec_spec80"
	    title="BackendApiService Client Management should create client successfully"
	  />
	  Name "BackendApiService Client Management should fallback to local storage when getting client fails":
	  <li
	    class="jasmine-failed"
	    id="spec_spec85"
	    title="BackendApiService Client Management should fallback to local storage when getting client fails"
	  />
	  Name "BackendApiService Client Management should get clients with filters":
	  <li
	    class="jasmine-failed"
	    id="spec_spec86"
	    title="BackendApiService Client Management should get clients with filters"
	  />
	  Name "BackendApiService Client Management should handle update client offline mode":
	  <li
	    class="jasmine-failed"
	    id="spec_spec83"
	    title="BackendApiService Client Management should handle update client offline mode"
	  />
	  Name "BackendApiService Client Management should get client successfully":
	  <li
	    class="jasmine-failed"
	    id="spec_spec84"
	    title="BackendApiService Client Management should get client successfully"
	  />
	  Name "BackendApiService Client Management should return empty array when getting clients fails":
	  <li
	    class="jasmine-failed"
	    id="spec_spec87"
	    title="BackendApiService Client Management should return empty array when getting clients fails"
	  />
	  Name "BackendApiService Sync Management should handle sync errors gracefully":
	  <li
	    class="jasmine-failed"
	    id="spec_spec105"
	    title="BackendApiService Sync Management should handle sync errors gracefully"
	  />
	  Name "BackendApiService Sync Management should sync pending actions when coming online":
	  <li
	    class="jasmine-failed"
	    id="spec_spec104"
	    title="BackendApiService Sync Management should sync pending actions when coming online"
	  />
	  Name "BackendApiService Dashboard and Analytics should return offline dashboard data when API fails":
	  <li
	    class="jasmine-failed"
	    id="spec_spec101"
	    title="BackendApiService Dashboard and Analytics should return offline dashboard data when API fails"
	  />
	  Name "BackendApiService Dashboard and Analytics should get dashboard data successfully":
	  <li
	    class="jasmine-failed"
	    id="spec_spec99"
	    title="BackendApiService Dashboard and Analytics should get dashboard data successfully"
	  />
	  Name "BackendApiService Dashboard and Analytics should get dashboard data with advisor filter":
	  <li
	    class="jasmine-failed"
	    id="spec_spec100"
	    title="BackendApiService Dashboard and Analytics should get dashboard data with advisor filter"
	  />
	  Name "BackendApiService Ecosystem Management should get ecosystems with market filter":
	  <li
	    class="jasmine-failed"
	    id="spec_spec95"
	    title="BackendApiService Ecosystem Management should get ecosystems with market filter"
	  />
	  Name "BackendApiService Ecosystem Management should return mock data when getting ecosystems fails":
	  <li
	    class="jasmine-failed"
	    id="spec_spec96"
	    title="BackendApiService Ecosystem Management should return mock data when getting ecosystems fails"
	  />
	  Name "BackendApiService Ecosystem Management should get ecosystem by ID successfully":
	  <li
	    class="jasmine-failed"
	    id="spec_spec97"
	    title="BackendApiService Ecosystem Management should get ecosystem by ID successfully"
	  />
	  Name "BackendApiService Ecosystem Management should update ecosystem capacity successfully":
	  <li
	    class="jasmine-failed"
	    id="spec_spec98"
	    title="BackendApiService Ecosystem Management should update ecosystem capacity successfully"
	  />
	  Name "BackendApiService Ecosystem Management should get ecosystems successfully":
	  <li
	    class="jasmine-failed"
	    id="spec_spec94"
	    title="BackendApiService Ecosystem Management should get ecosystems successfully"
	  />
	  Name "BackendApiService Mock Data Generation should generate mock ecosystems for AGS market":
	  <li
	    class="jasmine-failed"
	    id="spec_spec110"
	    title="BackendApiService Mock Data Generation should generate mock ecosystems for AGS market"
	  />
	  Name "BackendApiService Mock Data Generation should generate all mock ecosystems when no market filter":
	  <li
	    class="jasmine-failed"
	    id="spec_spec112"
	    title="BackendApiService Mock Data Generation should generate all mock ecosystems when no market filter"
	  />
	  Name "BackendApiService Mock Data Generation should generate mock ecosystems for EDOMEX market":
	  <li
	    class="jasmine-failed"
	    id="spec_spec111"
	    title="BackendApiService Mock Data Generation should generate mock ecosystems for EDOMEX market"
	  />
	  Name "BackendApiService Error Handling Edge Cases should handle unknown action types in sync":
	  <li
	    class="jasmine-failed"
	    id="spec_spec115"
	    title="BackendApiService Error Handling Edge Cases should handle unknown action types in sync"
	  />
	  Name "BackendApiService Error Handling Edge Cases should handle storage errors gracefully":
	  <li
	    class="jasmine-failed"
	    id="spec_spec114"
	    title="BackendApiService Error Handling Edge Cases should handle storage errors gracefully"
	  />
	  Name "BackendApiService Error Handling Edge Cases should handle null client data from local storage":
	  <li
	    class="jasmine-failed"
	    id="spec_spec113"
	    title="BackendApiService Error Handling Edge Cases should handle null client data from local storage"
	  />
	  Name "LoginComponent Integration Tests should handle form submission with valid data":
	  <li
	    class="jasmine-failed"
	    id="spec_spec913"
	    title="LoginComponent Integration Tests should handle form submission with valid data"
	  />
	  --------------------------------------------------heading:
	  Name "Centro de Comando":
	  <h1
	    _ngcontent-a-c3214690901=""
	    class="text-gradient-primary"
	  />
	  --------------------------------------------------
	  paragraph:
	  Name "":
	  <p
	    _ngcontent-a-c3214690901=""
	    class="brand-subtitle"
	  />
	  Name "":
	  <p
	    _ngcontent-a-c3214690901=""
	    class="register-text"
	  />
	  --------------------------------------------------
	  textbox:
	  Name "📧 Correo Electrónico":
	  <input
	    _ngcontent-a-c3214690901=""
	    class="premium-input ng-untouched ng-pristine ng-invalid"
	    formcontrolname="email"
	    id="email"
	    ng-reflect-name="email"
	    placeholder="ricardo.montoya@cmu.com"
	    type="email"
	  />
	  --------------------------------------------------
	  button:
	  Name "🙈":
	  <button
	    _ngcontent-a-c3214690901=""
	    class="password-toggle-premium"
	    type="button"
	  />
	  Name "¿Olvidaste tu contraseña?":
	  <button
	    _ngcontent-a-c3214690901=""
	    class="forgot-password"
	    type="button"
	  />
	  Name "➡️ Acceder al Cockpit":
	  <button
	    _ngcontent-a-c3214690901=""
	    class="btn-primary command-center-btn"
	    disabled=""
	    type="submit"
	  />
	  --------------------------------------------------
	  checkbox:
	  Name "Recordarme":
	  <input
	    _ngcontent-a-c3214690901=""
	    class="ng-untouched ng-pristine ng-valid"
	    formcontrolname="rememberMe"
	    ng-reflect-name="rememberMe"
	    type="checkbox"
	  />
	  --------------------------------------------------
	  link:
	  Name "Activar Cuenta":
	  <a
	    _ngcontent-a-c3214690901=""
	    class="premium-link"
	    href="/register"
	  />
	  --------------------------------------------------
	Ignored nodes: comments, script, style
	<body>
	  
	    
	  
	    
	  
	    
	  
	    
	  
	    
	  
	    
	  
	    
	  
	  
	  
	  
	  
	  <link
	    crossorigin="anonymous"
	    rel="stylesheet"
	    type="text/css"
	  />
	  
	  
	  
	  <div
	    class="jasmine_html-reporter"
	  >
	    <div
	      class="jasmine-banner"
	    >
	      <a
	        class="jasmine-title"
	        href="http://jasmine.github.io/"
	        target="_blank"
	      />
	      <span
	        class="jasmine-version"
	      >
	        4.6.1
	      </span>
	    </div>
	    <ul
	      class="jasmine-symbol-summary"
	    >
	      <li
	        class="jasmine-passed"
	        id="spec_spec480"
	        title="LoadingService Basic Loading Control should hide loading"
	      />
	      <li
	        class="jasmine-passed"
	        id="spec_spec481"
	        title="LoadingService Basic Loading Control should not show loading multiple times without identifiers"
	      />
	      <li
	        class="jasmine-passed"
	        id="spec_spec482"
	        title="LoadingService Basic Loading Control should not hide loading when already hidden"
	      />
	      <li
	        class="jasmine-passed"
	        id="spec_spec479"
	        title="LoadingService Basic Loading Control should show loading"
	      />
	      <li
	        class="jasmine-passed"
	        id="spec_spec490"
	        title="LoadingService Force Hide Functionality should clear all identifiers on force hide"
	      />
	      <li
	        class="jasmine-passed"
	        id="spec_spec489"
	        title="LoadingService Force Hide Functionality should force hide loading even with active identifiers"
	      />
	      <li
	        class="jasmine-passed"
	        id="spec_spec476"
	        title="LoadingService Service Initialization should be created"
	      />
	      <li
	        class="jasmine-passed"
	        id="spec_spec478"
	        title="LoadingService Service Initialization should return false for initial isLoading state"
	      />
	      <li
	        class="jasmine-passed"
	        id="spec_spec477"
	        title="LoadingService Service Initialization should initialize with loading false"
	      />
	      <li
	        class="jasmine-passed"
	        id="spec_spec485"
	        title="LoadingService Identifier-based Loading Control should manage multiple identifiers"
	      />
	      <li
	        class="jasmine-passed"
	        id="spec_spec483"
	        title="LoadingService Identifier-based Loading Control should show loading with identifier"
	      />
	      <li
	        class="jasmine-passed"
	        id="spec_spec484"
	        title="LoadingService Identifier-based Loading Control should hide loading with identifier"
	      />
	      <li
	        class="jasmine-passed"
	        id="spec_spec486"
	        title="LoadingService Identifier-based Loading Control should not add duplicate identifiers"
	      />
	      <li
	        class="jasmine-passed"
	        id="spec_spec487"
	        title="LoadingService Identifier-based Loading Control should handle hiding non-existent identifier"
	      />
	      <li
	        class="jasmine-passed"
	        id="spec_spec488"
	        title="LoadingService Identifier-based Loading Control should handle hiding identifier multiple times"
	      />
	      <li
	        class="jasmine-passed"
	        id="spec_spec500"
	        title="LoadingService Edge Cases and Error Handling should maintain state consistency after force hide"
	      />
	      <li
	        class="jasmine-failed"
	        id="spec_spec499"
	        title="LoadingService Edge Cases and Error Handling should handle empty string identifier"
	      />
	      <li
	        class="jasmine-passed"
	        id="spec_spec497"
	        title="LoadingService Edge Cases and Error Handling should handle rapid show/hide calls"
	      />
	      <li
	        class="jasmine-failed"
	        id="spec_spec498"
	        title="LoadingService Edge Cases and Error Handling should handle mixed identifier and non-identifier operations"
	      />
	      <li
	        class="jasmine-passed"
	        id="spec_spec491"
	        title="LoadingService Duration-based Loading should show loading for specific duration"
	      />
	      <li
	        class="jasmine-passed"
	        id="spec_spec492"
	        title="LoadingService Duration-based Loading should show loading for duration with identifier"
	      />
	      <li
	        class="jasmine-passed"
	        id="spec_spec493"
	        title="LoadingService Duration-based Loading should handle multiple timed operations"
	      />
	      <li
	        class="jasmine-passed"
	        id="spec_spec503"
	        title="LoadingService Observable Behavior should support multiple subscribers"
	      />
	      <li
	        class="jasmine-passed"
	        id="spec_spec502"
	        title="LoadingService Observable Behavior should not emit duplicate states"
	      />
	      <li
	        class="jasmine-passed"
	        id="spec_spec501"
	        title="LoadingService Observable Behavior should emit loading state changes"
	      />
	      <li
	        class="jasmine-passed"
	        id="spec_spec496"
	        title="LoadingService SetLoading Alias Method should work without identifier"
	      />
	      <li
	        class="jasmine-passed"
	        id="spec_spec494"
	        title="LoadingService SetLoading Alias Method should show loading when setLoading(true)"
	      />
	      <li
	        class="jasmine-passed"
	        id="spec_spec495"
	        title="LoadingService SetLoading Alias Method should hide loading when setLoading(false)"
	      />
	      <li
	        class="jasmine-passed"
	        id="spec_spec1"
	        title="AppComponent should have the 'conductores-pwa' title"
	      />
	      <li
	        class="jasmine-passed"
	        id="spec_spec2"
	        title="AppComponent should render title"
	      />
	      <li
	        class="jasmine-passed"
	        id="spec_spec0"
	        title="AppComponent should create the app"
	      />
	      <li
	        class="jasmine-failed"
	        id="spec_spec90"
	        title="BackendApiService Contract Management should get contract successfully"
	      />
	      <li
	        class="jasmine-failed"
	        id="spec_spec91"
	        title="BackendApiService Contract Management should fallback to local storage when getting contract fails"
	      />
	      <li
	        class="jasmine-failed"
	        id="spec_spec92"
	        title="BackendApiService Contract Management should get client contracts successfully"
	      />
	      <li
	        class="jasmine-failed"
	        id="spec_spec88"
	        title="BackendApiService Contract Management should create contract successfully"
	      />
	      <li
	        class="jasmine-failed"
	        id="spec_spec93"
	        title="BackendApiService Contract Management should fallback to local storage when getting client contracts fails"
	      />
	      <li
	        class="jasmine-failed"
	        id="spec_spec89"
	        title="BackendApiService Contract Management should handle create contract offline mode"
	      />
	      <li
	        class="jasmine-failed"
	        id="spec_spec78"
	        title=...
	    at Object.getElementError (node_modules/@testing-library/dom/dist/@testing-library/dom.esm.js:339:19)
	    at allQuery (node_modules/@testing-library/dom/dist/@testing-library/dom.esm.js:1206:25)
	    at query (node_modules/@testing-library/dom/dist/@testing-library/dom.esm.js:1185:17)
	    at getByRole (node_modules/@testing-library/dom/dist/@testing-library/dom.esm.js:1228:19)
	    at UserContext.<anonymous> (src/app/components/auth/login/login.component.spec.ts:221:33)
	    at Generator.next (<anonymous>)
	    at asyncGeneratorStep (node_modules/@angular-devkit/build-angular/node_modules/@babel/runtime/helpers/esm/asyncToGenerator.js:3:1)
	    at apply (node_modules/@angular-devkit/build-angular/node_modules/@babel/runtime/helpers/esm/asyncToGenerator.js:17:1)
	    at _ZoneDelegate.invoke (node_modules/zone.js/fesm2015/zone.js:369:28)
	    at ProxyZoneSpec.onInvoke (node_modules/zone.js/fesm2015/zone-testing.js:2081:39)
Chrome Headless 140.0.0.0 (Mac OS 10.15.7): Executed 72 of 985[31m (43 FAILED)[39m (0 secs / 0.588 secs)
[1A[2KChrome Headless 140.0.0.0 (Mac OS 10.15.7): Executed 73 of 985[31m (43 FAILED)[39m (0 secs / 0.706 secs)
[1A[2K[31mChrome Headless 140.0.0.0 (Mac OS 10.15.7) LoginComponent Integration Tests should show validation errors when form is submitted empty FAILED[39m
	TestingLibraryElementError: Found multiple elements with the role "button"
	
	Here are the matching elements:
	
	Ignored nodes: comments, script, style
	<button
	  _ngcontent-a-c3214690901=""
	  class="password-toggle-premium"
	  type="button"
	>
	   🙈 
	</button>
	
	Ignored nodes: comments, script, style
	<button
	  _ngcontent-a-c3214690901=""
	  class="forgot-password"
	  type="button"
	>
	   ¿Olvidaste tu contraseña? 
	</button>
	
	Ignored nodes: comments, script, style
	<button
	  _ngcontent-a-c3214690901=""
	  class="btn-primary command-center-btn"
	  disabled=""
	  type="submit"
	>
	  <span
	    _ngcontent-a-c3214690901=""
	    class="btn-content"
	  >
	    <span
	      _ngcontent-a-c3214690901=""
	      class="btn-icon"
	    >
	      ➡️
	    </span>
	    <span
	      _ngcontent-a-c3214690901=""
	      class="btn-text"
	    >
	      Acceder al Cockpit
	    </span>
	  </span>
	</button>
	
	(If this is intentional, then use the `*AllBy*` variant of the query (like `queryAllByText`, `getAllByText`, or `findAllByText`)).
	
	Ignored nodes: comments, script, style
	<body>
	  
	    
	  
	    
	  
	    
	  
	    
	  
	    
	  
	    
	  
	    
	  
	
	  
	
	  
	
	  
	
	  
	
	  <link
	    crossorigin="anonymous"
	    href="node_modules/jasmine-core/lib/jasmine-core/jasmine.css"
	    rel="stylesheet"
	    type="text/css"
	  />
	  
	
	  
	
	  
	
	  <div
	    class="jasmine_html-reporter"
	  >
	    <div
	      class="jasmine-banner"
	    >
	      <a
	        class="jasmine-title"
	        href="http://jasmine.github.io/"
	        target="_blank"
	      />
	      <span
	        class="jasmine-version"
	      >
	        4.6.1
	      </span>
	    </div>
	    <ul
	      class="jasmine-symbol-summary"
	    >
	      <li
	        class="jasmine-passed"
	        id="spec_spec480"
	        title="LoadingService Basic Loading Control should hide loading"
	      />
	      <li
	        class="jasmine-passed"
	        id="spec_spec481"
	        title="LoadingService Basic Loading Control should not show loading multiple times without identifiers"
	      />
	      <li
	        class="jasmine-passed"
	        id="spec_spec482"
	        title="LoadingService Basic Loading Control should not hide loading when already hidden"
	      />
	      <li
	        class="jasmine-passed"
	        id="spec_spec479"
	        title="LoadingService Basic Loading Control should show loading"
	      />
	      <li
	        class="jasmine-passed"
	        id="spec_spec490"
	        title="LoadingService Force Hide Functionality should clear all identifiers on force hide"
	      />
	      <li
	        class="jasmine-passed"
	        id="spec_spec489"
	        title="LoadingService Force Hide Functionality should force hide loading even with active identifiers"
	      />
	      <li
	        class="jasmine-passed"
	        id="spec_spec476"
	        title="LoadingService Service Initialization should be created"
	      />
	      <li
	        class="jasmine-passed"
	        id="spec_spec478"
	        title="LoadingService Service Initialization should return false for initial isLoading state"
	      />
	      <li
	        class="jasmine-passed"
	        id="spec_spec477"
	        title="LoadingService Service Initialization should initialize with loading false"
	      />
	      <li
	        class="jasmine-passed"
	        id="spec_spec485"
	        title="LoadingService Identifier-based Loading Control should manage multiple identifiers"
	      />
	      <li
	        class="jasmine-passed"
	        id="spec_spec483"
	        title="LoadingService Identifier-based Loading Control should show loading with identifier"
	      />
	      <li
	        class="jasmine-passed"
	        id="spec_spec484"
	        title="LoadingService Identifier-based Loading Control should hide loading with identifier"
	      />
	      <li
	        class="jasmine-passed"
	        id="spec_spec486"
	        title="LoadingService Identifier-based Loading Control should not add duplicate identifiers"
	      />
	      <li
	        class="jasmine-passed"
	        id="spec_spec487"
	        title="LoadingService Identifier-based Loading Control should handle hiding non-existent identifier"
	      />
	      <li
	        class="jasmine-passed"
	        id="spec_spec488"
	        title="LoadingService Identifier-based Loading Control should handle hiding identifier multiple times"
	      />
	      <li
	        class="jasmine-passed"
	        id="spec_spec500"
	        title="LoadingService Edge Cases and Error Handling should maintain state consistency after force hide"
	      />
	      <li
	        class="jasmine-failed"
	        id="spec_spec499"
	        title="LoadingService Edge Cases and Error Handling should handle empty string identifier"
	      />
	      <li
	        class="jasmine-passed"
	        id="spec_spec497"
	        title="LoadingService Edge Cases and Error Handling should handle rapid show/hide calls"
	      />
	      <li
	        class="jasmine-failed"
	        id="spec_spec498"
	        title="LoadingService Edge Cases and Error Handling should handle mixed identifier and non-identifier operations"
	      />
	      <li
	        class="jasmine-passed"
	        id="spec_spec491"
	        title="LoadingService Duration-based Loading should show loading for specific duration"
	      />
	      <li
	        class="jasmine-passed"
	        id="spec_spec492"
	        title="LoadingService Duration-based Loading should show loading for duration with identifier"
	      />
	      <li
	        class="jasmine-passed"
	        id="spec_spec493"
	        title="LoadingService Duration-based Loading should handle multiple timed operations"
	      />
	      <li
	        class="jasmine-passed"
	        id="spec_spec503"
	        title="LoadingService Observable Behavior should support multiple subscribers"
	      />
	      <li
	        class="jasmine-passed"
	        id="spec_spec502"
	        title="LoadingService Observable Behavior should not emit duplicate states"
	      />
	      <li
	        class="jasmine-passed"
	        id="spec_spec501"
	        title="LoadingService Observable Behavior should emit loading state changes"
	      />
	      <li
	        class="jasmine-passed"
	        id="spec_spec496"
	        title="LoadingService SetLoading Alias Method should work without identifier"
	      />
	      <li
	        class="jasmine-passed"
	        id="spec_spec494"
	        title="LoadingService SetLoading Alias Method should show loading when setLoading(true)"
	      />
	      <li
	        class="jasmine-passed"
	        id="spec_spec495"
	        title="LoadingService SetLoading Alias Method should hide loading when setLoading(false)"
	      />
	      <li
	        class="jasmine-passed"
	        id="spec_spec1"
	        title="AppComponent should have the 'conductores-pwa' title"
	      />
	      <li
	        class="jasmine-passed"
	        id="spec_spec2"
	        title="AppComponent should render title"
	      />
	      <li
	        class="jasmine-passed"
	        id="spec_spec0"
	        title="AppComponent should create the app"
	      />
	      <li
	        class="jasmine-failed"
	        id="spec_spec90"
	        title="BackendApiService Contract Management should get contract successfully"
	      />
	      <li
	        class="jasmine-failed"
	        id="spec_spec91"
	        title="BackendApiService Contract Management should fallback to local storage when getting contract fails"
	      />
	      <li
	        class="jasmine-failed"
	        id="spec_spec92"
	        title="BackendApiService Contract Management should get client contracts successfully"
	      />
	      <li
	        class="jasmine-failed"
	        id="spec_spec88"
	        title="BackendApiService Contract Management should create contract successfully"
	      />
	      <li
	        class="jasmine-failed"
	        id="spec_spec93"
	        title="BackendApiService Contract Management should fallback to local storage when getting client contracts fails"
	      />
	      <li
	        class="jasmine-failed"
	        id="spec_spec89"
	        title="BackendApiService Contract Management should handle create contract offline mode"
	      />
	      <li
	        class="jasmine-failed"
	        id="spec_spec78"
	        title=...
	TestingLibraryElementError: Found multiple elements with the role "button"
	Here are the matching elements:
	Ignored nodes: comments, script, style
	<button
	  _ngcontent-a-c3214690901=""
	  class="password-toggle-premium"
	  type="button"
	>
	   🙈 
	</button>
	Ignored nodes: comments, script, style
	<button
	  _ngcontent-a-c3214690901=""
	  class="forgot-password"
	  type="button"
	>
	   ¿Olvidaste tu contraseña? 
	</button>
	Ignored nodes: comments, script, style
	<button
	  _ngcontent-a-c3214690901=""
	  class="btn-primary command-center-btn"
	  disabled=""
	  type="submit"
	>
	  <span
	    _ngcontent-a-c3214690901=""
	    class="btn-content"
	  >
	    <span
	      _ngcontent-a-c3214690901=""
	      class="btn-icon"
	    >
	      ➡️
	    </span>
	    <span
	      _ngcontent-a-c3214690901=""
	      class="btn-text"
	    >
	      Acceder al Cockpit
	    </span>
	  </span>
	</button>
	(If this is intentional, then use the `*AllBy*` variant of the query (like `queryAllByText`, `getAllByText`, or `findAllByText`)).
	Ignored nodes: comments, script, style
	<body>
	  
	    
	  
	    
	  
	    
	  
	    
	  
	    
	  
	    
	  
	    
	  
	  
	  
	  
	  
	  <link
	    crossorigin="anonymous"
	    rel="stylesheet"
	    type="text/css"
	  />
	  
	  
	  
	  <div
	    class="jasmine_html-reporter"
	  >
	    <div
	      class="jasmine-banner"
	    >
	      <a
	        class="jasmine-title"
	        href="http://jasmine.github.io/"
	        target="_blank"
	      />
	      <span
	        class="jasmine-version"
	      >
	        4.6.1
	      </span>
	    </div>
	    <ul
	      class="jasmine-symbol-summary"
	    >
	      <li
	        class="jasmine-passed"
	        id="spec_spec480"
	        title="LoadingService Basic Loading Control should hide loading"
	      />
	      <li
	        class="jasmine-passed"
	        id="spec_spec481"
	        title="LoadingService Basic Loading Control should not show loading multiple times without identifiers"
	      />
	      <li
	        class="jasmine-passed"
	        id="spec_spec482"
	        title="LoadingService Basic Loading Control should not hide loading when already hidden"
	      />
	      <li
	        class="jasmine-passed"
	        id="spec_spec479"
	        title="LoadingService Basic Loading Control should show loading"
	      />
	      <li
	        class="jasmine-passed"
	        id="spec_spec490"
	        title="LoadingService Force Hide Functionality should clear all identifiers on force hide"
	      />
	      <li
	        class="jasmine-passed"
	        id="spec_spec489"
	        title="LoadingService Force Hide Functionality should force hide loading even with active identifiers"
	      />
	      <li
	        class="jasmine-passed"
	        id="spec_spec476"
	        title="LoadingService Service Initialization should be created"
	      />
	      <li
	        class="jasmine-passed"
	        id="spec_spec478"
	        title="LoadingService Service Initialization should return false for initial isLoading state"
	      />
	      <li
	        class="jasmine-passed"
	        id="spec_spec477"
	        title="LoadingService Service Initialization should initialize with loading false"
	      />
	      <li
	        class="jasmine-passed"
	        id="spec_spec485"
	        title="LoadingService Identifier-based Loading Control should manage multiple identifiers"
	      />
	      <li
	        class="jasmine-passed"
	        id="spec_spec483"
	        title="LoadingService Identifier-based Loading Control should show loading with identifier"
	      />
	      <li
	        class="jasmine-passed"
	        id="spec_spec484"
	        title="LoadingService Identifier-based Loading Control should hide loading with identifier"
	      />
	      <li
	        class="jasmine-passed"
	        id="spec_spec486"
	        title="LoadingService Identifier-based Loading Control should not add duplicate identifiers"
	      />
	      <li
	        class="jasmine-passed"
	        id="spec_spec487"
	        title="LoadingService Identifier-based Loading Control should handle hiding non-existent identifier"
	      />
	      <li
	        class="jasmine-passed"
	        id="spec_spec488"
	        title="LoadingService Identifier-based Loading Control should handle hiding identifier multiple times"
	      />
	      <li
	        class="jasmine-passed"
	        id="spec_spec500"
	        title="LoadingService Edge Cases and Error Handling should maintain state consistency after force hide"
	      />
	      <li
	        class="jasmine-failed"
	        id="spec_spec499"
	        title="LoadingService Edge Cases and Error Handling should handle empty string identifier"
	      />
	      <li
	        class="jasmine-passed"
	        id="spec_spec497"
	        title="LoadingService Edge Cases and Error Handling should handle rapid show/hide calls"
	      />
	      <li
	        class="jasmine-failed"
	        id="spec_spec498"
	        title="LoadingService Edge Cases and Error Handling should handle mixed identifier and non-identifier operations"
	      />
	      <li
	        class="jasmine-passed"
	        id="spec_spec491"
	        title="LoadingService Duration-based Loading should show loading for specific duration"
	      />
	      <li
	        class="jasmine-passed"
	        id="spec_spec492"
	        title="LoadingService Duration-based Loading should show loading for duration with identifier"
	      />
	      <li
	        class="jasmine-passed"
	        id="spec_spec493"
	        title="LoadingService Duration-based Loading should handle multiple timed operations"
	      />
	      <li
	        class="jasmine-passed"
	        id="spec_spec503"
	        title="LoadingService Observable Behavior should support multiple subscribers"
	      />
	      <li
	        class="jasmine-passed"
	        id="spec_spec502"
	        title="LoadingService Observable Behavior should not emit duplicate states"
	      />
	      <li
	        class="jasmine-passed"
	        id="spec_spec501"
	        title="LoadingService Observable Behavior should emit loading state changes"
	      />
	      <li
	        class="jasmine-passed"
	        id="spec_spec496"
	        title="LoadingService SetLoading Alias Method should work without identifier"
	      />
	      <li
	        class="jasmine-passed"
	        id="spec_spec494"
	        title="LoadingService SetLoading Alias Method should show loading when setLoading(true)"
	      />
	      <li
	        class="jasmine-passed"
	        id="spec_spec495"
	        title="LoadingService SetLoading Alias Method should hide loading when setLoading(false)"
	      />
	      <li
	        class="jasmine-passed"
	        id="spec_spec1"
	        title="AppComponent should have the 'conductores-pwa' title"
	      />
	      <li
	        class="jasmine-passed"
	        id="spec_spec2"
	        title="AppComponent should render title"
	      />
	      <li
	        class="jasmine-passed"
	        id="spec_spec0"
	        title="AppComponent should create the app"
	      />
	      <li
	        class="jasmine-failed"
	        id="spec_spec90"
	        title="BackendApiService Contract Management should get contract successfully"
	      />
	      <li
	        class="jasmine-failed"
	        id="spec_spec91"
	        title="BackendApiService Contract Management should fallback to local storage when getting contract fails"
	      />
	      <li
	        class="jasmine-failed"
	        id="spec_spec92"
	        title="BackendApiService Contract Management should get client contracts successfully"
	      />
	      <li
	        class="jasmine-failed"
	        id="spec_spec88"
	        title="BackendApiService Contract Management should create contract successfully"
	      />
	      <li
	        class="jasmine-failed"
	        id="spec_spec93"
	        title="BackendApiService Contract Management should fallback to local storage when getting client contracts fails"
	      />
	      <li
	        class="jasmine-failed"
	        id="spec_spec89"
	        title="BackendApiService Contract Management should handle create contract offline mode"
	      />
	      <li
	        class="jasmine-failed"
	        id="spec_spec78"
	        title=...
	    at Object.getElementError (node_modules/@testing-library/dom/dist/@testing-library/dom.esm.js:339:19)
	    at getElementError (node_modules/@testing-library/dom/dist/@testing-library/dom.esm.js:1149:22)
	    at getMultipleElementsFoundError (node_modules/@testing-library/dom/dist/@testing-library/dom.esm.js:1152:10)
	    at query (node_modules/@testing-library/dom/dist/@testing-library/dom.esm.js:1188:13)
	    at getByRole (node_modules/@testing-library/dom/dist/@testing-library/dom.esm.js:1228:19)
	    at UserContext.<anonymous> (src/app/components/auth/login/login.component.spec.ts:181:33)
	    at Generator.next (<anonymous>)
	    at asyncGeneratorStep (node_modules/@angular-devkit/build-angular/node_modules/@babel/runtime/helpers/esm/asyncToGenerator.js:3:1)
	    at apply (node_modules/@angular-devkit/build-angular/node_modules/@babel/runtime/helpers/esm/asyncToGenerator.js:17:1)
	    at _ZoneDelegate.invoke (node_modules/zone.js/fesm2015/zone.js:369:28)
Chrome Headless 140.0.0.0 (Mac OS 10.15.7): Executed 74 of 985[31m (44 FAILED)[39m (0 secs / 0.712 secs)
[1A[2KChrome Headless 140.0.0.0 (Mac OS 10.15.7): Executed 75 of 985[31m (44 FAILED)[39m (0 secs / 0.716 secs)
[1A[2KChrome Headless 140.0.0.0 (Mac OS 10.15.7): Executed 76 of 985[31m (44 FAILED)[39m (0 secs / 0.719 secs)
[1A[2KChrome Headless 140.0.0.0 (Mac OS 10.15.7): Executed 77 of 985[31m (44 FAILED)[39m (0 secs / 0.726 secs)
[1A[2K[31mChrome Headless 140.0.0.0 (Mac OS 10.15.7) LoginComponent Integration Tests should render login form with all required fields FAILED[39m
	TestingLibraryElementError: Unable to find an accessible element with the role "button" and name `/iniciar sesión/i`
	
	Here are the accessible roles:
	
	  link:
	
	  Name "":
	  <a
	    class="jasmine-title"
	    href="http://jasmine.github.io/"
	    target="_blank"
	  />
	
	  --------------------------------------------------
	  list:
	
	  Name "":
	  <ul
	    class="jasmine-symbol-summary"
	  />
	
	  --------------------------------------------------
	  listitem:
	
	  Name "LoadingService Basic Loading Control should hide loading":
	  <li
	    class="jasmine-passed"
	    id="spec_spec480"
	    title="LoadingService Basic Loading Control should hide loading"
	  />
	
	  Name "LoadingService Basic Loading Control should not show loading multiple times without identifiers":
	  <li
	    class="jasmine-passed"
	    id="spec_spec481"
	    title="LoadingService Basic Loading Control should not show loading multiple times without identifiers"
	  />
	
	  Name "LoadingService Basic Loading Control should not hide loading when already hidden":
	  <li
	    class="jasmine-passed"
	    id="spec_spec482"
	    title="LoadingService Basic Loading Control should not hide loading when already hidden"
	  />
	
	  Name "LoadingService Basic Loading Control should show loading":
	  <li
	    class="jasmine-passed"
	    id="spec_spec479"
	    title="LoadingService Basic Loading Control should show loading"
	  />
	
	  Name "LoadingService Force Hide Functionality should clear all identifiers on force hide":
	  <li
	    class="jasmine-passed"
	    id="spec_spec490"
	    title="LoadingService Force Hide Functionality should clear all identifiers on force hide"
	  />
	
	  Name "LoadingService Force Hide Functionality should force hide loading even with active identifiers":
	  <li
	    class="jasmine-passed"
	    id="spec_spec489"
	    title="LoadingService Force Hide Functionality should force hide loading even with active identifiers"
	  />
	
	  Name "LoadingService Service Initialization should be created":
	  <li
	    class="jasmine-passed"
	    id="spec_spec476"
	    title="LoadingService Service Initialization should be created"
	  />
	
	  Name "LoadingService Service Initialization should return false for initial isLoading state":
	  <li
	    class="jasmine-passed"
	    id="spec_spec478"
	    title="LoadingService Service Initialization should return false for initial isLoading state"
	  />
	
	  Name "LoadingService Service Initialization should initialize with loading false":
	  <li
	    class="jasmine-passed"
	    id="spec_spec477"
	    title="LoadingService Service Initialization should initialize with loading false"
	  />
	
	  Name "LoadingService Identifier-based Loading Control should manage multiple identifiers":
	  <li
	    class="jasmine-passed"
	    id="spec_spec485"
	    title="LoadingService Identifier-based Loading Control should manage multiple identifiers"
	  />
	
	  Name "LoadingService Identifier-based Loading Control should show loading with identifier":
	  <li
	    class="jasmine-passed"
	    id="spec_spec483"
	    title="LoadingService Identifier-based Loading Control should show loading with identifier"
	  />
	
	  Name "LoadingService Identifier-based Loading Control should hide loading with identifier":
	  <li
	    class="jasmine-passed"
	    id="spec_spec484"
	    title="LoadingService Identifier-based Loading Control should hide loading with identifier"
	  />
	
	  Name "LoadingService Identifier-based Loading Control should not add duplicate identifiers":
	  <li
	    class="jasmine-passed"
	    id="spec_spec486"
	    title="LoadingService Identifier-based Loading Control should not add duplicate identifiers"
	  />
	
	  Name "LoadingService Identifier-based Loading Control should handle hiding non-existent identifier":
	  <li
	    class="jasmine-passed"
	    id="spec_spec487"
	    title="LoadingService Identifier-based Loading Control should handle hiding non-existent identifier"
	  />
	
	  Name "LoadingService Identifier-based Loading Control should handle hiding identifier multiple times":
	  <li
	    class="jasmine-passed"
	    id="spec_spec488"
	    title="LoadingService Identifier-based Loading Control should handle hiding identifier multiple times"
	  />
	
	  Name "LoadingService Edge Cases and Error Handling should maintain state consistency after force hide":
	  <li
	    class="jasmine-passed"
	    id="spec_spec500"
	    title="LoadingService Edge Cases and Error Handling should maintain state consistency after force hide"
	  />
	
	  Name "LoadingService Edge Cases and Error Handling should handle empty string identifier":
	  <li
	    class="jasmine-failed"
	    id="spec_spec499"
	    title="LoadingService Edge Cases and Error Handling should handle empty string identifier"
	  />
	
	  Name "LoadingService Edge Cases and Error Handling should handle rapid show/hide calls":
	  <li
	    class="jasmine-passed"
	    id="spec_spec497"
	    title="LoadingService Edge Cases and Error Handling should handle rapid show/hide calls"
	  />
	
	  Name "LoadingService Edge Cases and Error Handling should handle mixed identifier and non-identifier operations":
	  <li
	    class="jasmine-failed"
	    id="spec_spec498"
	    title="LoadingService Edge Cases and Error Handling should handle mixed identifier and non-identifier operations"
	  />
	
	  Name "LoadingService Duration-based Loading should show loading for specific duration":
	  <li
	    class="jasmine-passed"
	    id="spec_spec491"
	    title="LoadingService Duration-based Loading should show loading for specific duration"
	  />
	
	  Name "LoadingService Duration-based Loading should show loading for duration with identifier":
	  <li
	    class="jasmine-passed"
	    id="spec_spec492"
	    title="LoadingService Duration-based Loading should show loading for duration with identifier"
	  />
	
	  Name "LoadingService Duration-based Loading should handle multiple timed operations":
	  <li
	    class="jasmine-passed"
	    id="spec_spec493"
	    title="LoadingService Duration-based Loading should handle multiple timed operations"
	  />
	
	  Name "LoadingService Observable Behavior should support multiple subscribers":
	  <li
	    class="jasmine-passed"
	    id="spec_spec503"
	    title="LoadingService Observable Behavior should support multiple subscribers"
	  />
	
	  Name "LoadingService Observable Behavior should not emit duplicate states":
	  <li
	    class="jasmine-passed"
	    id="spec_spec502"
	    title="LoadingService Observable Behavior should not emit duplicate states"
	  />
	
	  Name "LoadingService Observable Behavior should emit loading state changes":
	  <li
	    class="jasmine-passed"
	    id="spec_spec501"
	    title="LoadingService Observable Behavior should emit loading state changes"
	  />
	
	  Name "LoadingService SetLoading Alias Method should work without identifier":
	  <li
	    class="jasmine-passed"
	    id="spec_spec496"
	    title="LoadingService SetLoading Alias Method should work without identifier"
	  />
	
	  Name "LoadingService SetLoading Alias Method should show loading when setLoading(true)":
	  <li
	    class="jasmine-passed"
	    id="spec_spec494"
	    title="LoadingService SetLoading Alias Method should show loading when setLoading(true)"
	  />
	
	  Name "LoadingService SetLoading Alias Method should hide loading when setLoading(false)":
	  <li
	    class="jasmine-passed"
	    id="spec_spec495"
	    title="LoadingService SetLoading Alias Method should hide loading when setLoading(false)"
	  />
	
	  Name "AppComponent should have the 'conductores-pwa' title":
	  <li
	    class="jasmine-passed"
	    id="spec_spec1"
	    title="AppComponent should have the 'conductores-pwa' title"
	  />
	
	  Name "AppComponent should render title":
	  <li
	    class="jasmine-passed"
	    id="spec_spec2"
	    title="AppComponent should render title"
	  />
	
	  Name "AppComponent should create the app":
	  <li
	    class="jasmine-passed"
	    id="spec_spec0"
	    title="AppComponent should create the app"
	  />
	
	  Name "BackendApiService Contract Management should get contract successfully":
	  <li
	    class="jasmine-failed"
	    id="spec_spec90"
	    title="BackendApiService Contract Management should get contract successfully"
	  />
	
	  Name "BackendApiService Contract Management should fallback to local storage when getting contract fails":
	  <li
	    class="jasmine-failed"
	    id="spec_spec91"
	    title="BackendApiService Contract Management should fallback to local storage when getting contract fails"
	  />
	
	  Name "BackendApiService Contract Management should get client contracts successfully":
	  <li
	    class="jasmine-failed"
	    id="spec_spec92"
	    title="BackendApiService Contract Management should get client contracts successfully"
	  />
	
	  Name "BackendApiService Contract Management should create contract successfully":
	  <li
	    class="jasmine-failed"
	    id="spec_spec88"
	    title="BackendApiService Contract Management should create contract successfully"
	  />
	
	  Name "BackendApiService Contract Management should fallback to local storage when getting client contracts fails":
	  <li
	    class="jasmine-failed"
	    id="spec_spec93"
	    title="BackendApiService Contract Management should fallback to local storage when getting client contracts fails"
	  />
	
	  Name "BackendApiService Contract Management should handle create contract offline mode":
	  <li
	    class="jasmine-failed"
	    id="spec_spec89"
	    title="BackendApiService Contract Management should handle create contract offline mode"
	  />
	
	  Name "BackendApiService Service Initialization should initialize with online status":
	  <li
	    class="jasmine-failed"
	    id="spec_spec78"
	    title="BackendApiService Service Initialization should initialize with online status"
	  />
	
	  Name "BackendApiService Service Initialization should have correct API configuration":
	  <li
	    class="jasmine-failed"
	    id="spec_spec79"
	    title="BackendApiService Service Initialization should have correct API configuration"
	  />
	
	  Name "BackendApiService Service Initialization should be created":
	  <li
	    class="jasmine-failed"
	    id="spec_spec77"
	    title="BackendApiService Service Initialization should be created"
	  />
	
	  Name "BackendApiService Health Check should return offline health status when API fails":
	  <li
	    class="jasmine-failed"
	    id="spec_spec107"
	    title="BackendApiService Health Check should return offline health status when API fails"
	  />
	
	  Name "BackendApiService Health Check should return online health status":
	  <li
	    class="jasmine-failed"
	    id="spec_spec106"
	    title="BackendApiService Health Check should return online health status"
	  />
	
	  Name "BackendApiService Network Status Management should update online status when network changes":
	  <li
	    class="jasmine-failed"
	    id="spec_spec108"
	    title="BackendApiService Network Status Management should update online status when network changes"
	  />
	
	  Name "BackendApiService Network Status Management should trigger sync when going back online":
	  <li
	    class="jasmine-failed"
	    id="spec_spec109"
	    title="BackendApiService Network Status Management should trigger sync when going back online"
	  />
	
	  Name "BackendApiService File Upload should upload document successfully":
	  <li
	    class="jasmine-failed"
	    id="spec_spec102"
	    title="BackendApiService File Upload should upload document successfully"
	  />
	
	  Name "BackendApiService File Upload should handle upload document offline mode":
	  <li
	    class="jasmine-failed"
	    id="spec_spec103"
	    title="BackendApiService File Upload should handle upload document offline mode"
	  />
	
	  Name "BackendApiService Client Management should handle create client offline mode":
	  <li
	    class="jasmine-failed"
	    id="spec_spec81"
	    title="BackendApiService Client Management should handle create client offline mode"
	  />
	
	  Name "BackendApiService Client Management should update client successfully":
	  <li
	    class="jasmine-failed"
	    id="spec_spec82"
	    title="BackendApiService Client Management should update client successfully"
	  />
	
	  Name "BackendApiService Client Management should create client successfully":
	  <li
	    class="jasmine-failed"
	    id="spec_spec80"
	    title="BackendApiService Client Management should create client successfully"
	  />
	
	  Name "BackendApiService Client Management should fallback to local storage when getting client fails":
	  <li
	    class="jasmine-failed"
	    id="spec_spec85"
	    title="BackendApiService Client Management should fallback to local storage when getting client fails"
	  />
	
	  Name "BackendApiService Client Management should get clients with filters":
	  <li
	    class="jasmine-failed"
	    id="spec_spec86"
	    title="BackendApiService Client Management should get clients with filters"
	  />
	
	  Name "BackendApiService Client Management should handle update client offline mode":
	  <li
	    class="jasmine-failed"
	    id="spec_spec83"
	    title="BackendApiService Client Management should handle update client offline mode"
	  />
	
	  Name "BackendApiService Client Management should get client successfully":
	  <li
	    class="jasmine-failed"
	    id="spec_spec84"
	    title="BackendApiService Client Management should get client successfully"
	  />
	
	  Name "BackendApiService Client Management should return empty array when getting clients fails":
	  <li
	    class="jasmine-failed"
	    id="spec_spec87"
	    title="BackendApiService Client Management should return empty array when getting clients fails"
	  />
	
	  Name "BackendApiService Sync Management should handle sync errors gracefully":
	  <li
	    class="jasmine-failed"
	    id="spec_spec105"
	    title="BackendApiService Sync Management should handle sync errors gracefully"
	  />
	
	  Name "BackendApiService Sync Management should sync pending actions when coming online":
	  <li
	    class="jasmine-failed"
	    id="spec_spec104"
	    title="BackendApiService Sync Management should sync pending actions when coming online"
	  />
	
	  Name "BackendApiService Dashboard and Analytics should return offline dashboard data when API fails":
	  <li
	    class="jasmine-failed"
	    id="spec_spec101"
	    title="BackendApiService Dashboard and Analytics should return offline dashboard data when API fails"
	  />
	
	  Name "BackendApiService Dashboard and Analytics should get dashboard data successfully":
	  <li
	    class="jasmine-failed"
	    id="spec_spec99"
	    title="BackendApiService Dashboard and Analytics should get dashboard data successfully"
	  />
	
	  Name "BackendApiService Dashboard and Analytics should get dashboard data with advisor filter":
	  <li
	    class="jasmine-failed"
	    id="spec_spec100"
	    title="BackendApiService Dashboard and Analytics should get dashboard data with advisor filter"
	  />
	
	  Name "BackendApiService Ecosystem Management should get ecosystems with market filter":
	  <li
	    class="jasmine-failed"
	    id="spec_spec95"
	    title="BackendApiService Ecosystem Management should get ecosystems with market filter"
	  />
	
	  Name "BackendApiService Ecosystem Management should return mock data when getting ecosystems fails":
	  <li
	    class="jasmine-failed"
	    id="spec_spec96"
	    title="BackendApiService Ecosystem Management should return mock data when getting ecosystems fails"
	  />
	
	  Name "BackendApiService Ecosystem Management should get ecosystem by ID successfully":
	  <li
	    class="jasmine-failed"
	    id="spec_spec97"
	    title="BackendApiService Ecosystem Management should get ecosystem by ID successfully"
	  />
	
	  Name "BackendApiService Ecosystem Management should update ecosystem capacity successfully":
	  <li
	    class="jasmine-failed"
	    id="spec_spec98"
	    title="BackendApiService Ecosystem Management should update ecosystem capacity successfully"
	  />
	
	  Name "BackendApiService Ecosystem Management should get ecosystems successfully":
	  <li
	    class="jasmine-failed"
	    id="spec_spec94"
	    title="BackendApiService Ecosystem Management should get ecosystems successfully"
	  />
	
	  Name "BackendApiService Mock Data Generation should generate mock ecosystems for AGS market":
	  <li
	    class="jasmine-failed"
	    id="spec_spec110"
	    title="BackendApiService Mock Data Generation should generate mock ecosystems for AGS market"
	  />
	
	  Name "BackendApiService Mock Data Generation should generate all mock ecosystems when no market filter":
	  <li
	    class="jasmine-failed"
	    id="spec_spec112"
	    title="BackendApiService Mock Data Generation should generate all mock ecosystems when no market filter"
	  />
	
	  Name "BackendApiService Mock Data Generation should generate mock ecosystems for EDOMEX market":
	  <li
	    class="jasmine-failed"
	    id="spec_spec111"
	    title="BackendApiService Mock Data Generation should generate mock ecosystems for EDOMEX market"
	  />
	
	  Name "BackendApiService Error Handling Edge Cases should handle unknown action types in sync":
	  <li
	    class="jasmine-failed"
	    id="spec_spec115"
	    title="BackendApiService Error Handling Edge Cases should handle unknown action types in sync"
	  />
	
	  Name "BackendApiService Error Handling Edge Cases should handle storage errors gracefully":
	  <li
	    class="jasmine-failed"
	    id="spec_spec114"
	    title="BackendApiService Error Handling Edge Cases should handle storage errors gracefully"
	  />
	
	  Name "BackendApiService Error Handling Edge Cases should handle null client data from local storage":
	  <li
	    class="jasmine-failed"
	    id="spec_spec113"
	    title="BackendApiService Error Handling Edge Cases should handle null client data from local storage"
	  />
	
	  Name "LoginComponent Integration Tests should handle form submission with valid data":
	  <li
	    class="jasmine-failed"
	    id="spec_spec913"
	    title="LoginComponent Integration Tests should handle form submission with valid data"
	  />
	
	  Name "LoginComponent Integration Tests should enable submit button when form is valid":
	  <li
	    class="jasmine-failed"
	    id="spec_spec912"
	    title="LoginComponent Integration Tests should enable submit button when form is valid"
	  />
	
	  Name "LoginComponent Integration Tests should show email format error for invalid email":
	  <li
	    class="jasmine-passed"
	    id="spec_spec911"
	    title="LoginComponent Integration Tests should show email format error for invalid email"
	  />
	
	  Name "LoginComponent Integration Tests should show validation errors when form is submitted empty":
	  <li
	    class="jasmine-failed"
	    id="spec_spec910"
	    title="LoginComponent Integration Tests should show validation errors when form is submitted empty"
	  />
	
	  Name "LoginComponent Integration Tests should display brand information":
	  <li
	    class="jasmine-passed"
	    id="spec_spec916"
	    title="LoginComponent Integration Tests should display brand information"
	  />
	
	  Name "LoginComponent Integration Tests should have proper accessibility attributes":
	  <li
	    class="jasmine-passed"
	    id="spec_spec915"
	    title="LoginComponent Integration Tests should have proper accessibility attributes"
	  />
	
	  Name "LoginComponent Integration Tests should toggle password visibility":
	  <li
	    class="jasmine-passed"
	    id="spec_spec914"
	    title="LoginComponent Integration Tests should toggle password visibility"
	  />
	
	  --------------------------------------------------heading:
	
	  Name "Centro de Comando":
	  <h1
	    _ngcontent-a-c3214690901=""
	    class="text-gradient-primary"
	  />
	
	  --------------------------------------------------
	  paragraph:
	
	  Name "":
	  <p
	    _ngcontent-a-c3214690901=""
	    class="brand-subtitle"
	  />
	
	  Name "":
	  <p
	    _ngcontent-a-c3214690901=""
	    class="register-text"
	  />
	
	  --------------------------------------------------
	  textbox:
	
	  Name "📧 Correo Electrónico":
	  <input
	    _ngcontent-a-c3214690901=""
	    class="premium-input ng-untouched ng-pristine ng-invalid"
	    formcontrolname="email"
	    id="email"
	    ng-reflect-name="email"
	    placeholder="ricardo.montoya@cmu.com"
	    type="email"
	  />
	
	  --------------------------------------------------
	  button:
	
	  Name "🙈":
	  <button
	    _ngcontent-a-c3214690901=""
	    class="password-toggle-premium"
	    type="button"
	  />
	
	  Name "¿Olvidaste tu contraseña?":
	  <button
	    _ngcontent-a-c3214690901=""
	    class="forgot-password"
	    type="button"
	  />
	
	  Name "➡️ Acceder al Cockpit":
	  <button
	    _ngcontent-a-c3214690901=""
	    class="btn-primary command-center-btn"
	    disabled=""
	    type="submit"
	  />
	
	  --------------------------------------------------
	  checkbox:
	
	  Name "Recordarme":
	  <input
	    _ngcontent-a-c3214690901=""
	    class="ng-untouched ng-pristine ng-valid"
	    formcontrolname="rememberMe"
	    ng-reflect-name="rememberMe"
	    type="checkbox"
	  />
	
	  --------------------------------------------------
	  link:
	
	  Name "Activar Cuenta":
	  <a
	    _ngcontent-a-c3214690901=""
	    class="premium-link"
	    href="/register"
	  />
	
	  --------------------------------------------------
	
	Ignored nodes: comments, script, style
	<body>
	  
	    
	  
	    
	  
	    
	  
	    
	  
	    
	  
	    
	  
	    
	  
	
	  
	
	  
	
	  
	
	  
	
	  <link
	    crossorigin="anonymous"
	    href="node_modules/jasmine-core/lib/jasmine-core/jasmine.css"
	    rel="stylesheet"
	    type="text/css"
	  />
	  
	
	  
	
	  
	
	  <div
	    class="jasmine_html-reporter"
	  >
	    <div
	      class="jasmine-banner"
	    >
	      <a
	        class="jasmine-title"
	        href="http://jasmine.github.io/"
	        target="_blank"
	      />
	      <span
	        class="jasmine-version"
	      >
	        4.6.1
	      </span>
	    </div>
	    <ul
	      class="jasmine-symbol-summary"
	    >
	      <li
	        class="jasmine-passed"
	        id="spec_spec480"
	        title="LoadingService Basic Loading Control should hide loading"
	      />
	      <li
	        class="jasmine-passed"
	        id="spec_spec481"
	        title="LoadingService Basic Loading Control should not show loading multiple times without identifiers"
	      />
	      <li
	        class="jasmine-passed"
	        id="spec_spec482"
	        title="LoadingService Basic Loading Control should not hide loading when already hidden"
	      />
	      <li
	        class="jasmine-passed"
	        id="spec_spec479"
	        title="LoadingService Basic Loading Control should show loading"
	      />
	      <li
	        class="jasmine-passed"
	        id="spec_spec490"
	        title="LoadingService Force Hide Functionality should clear all identifiers on force hide"
	      />
	      <li
	        class="jasmine-passed"
	        id="spec_spec489"
	        title="LoadingService Force Hide Functionality should force hide loading even with active identifiers"
	      />
	      <li
	        class="jasmine-passed"
	        id="spec_spec476"
	        title="LoadingService Service Initialization should be created"
	      />
	      <li
	        class="jasmine-passed"
	        id="spec_spec478"
	        title="LoadingService Service Initialization should return false for initial isLoading state"
	      />
	      <li
	        class="jasmine-passed"
	        id="spec_spec477"
	        title="LoadingService Service Initialization should initialize with loading false"
	      />
	      <li
	        class="jasmine-passed"
	        id="spec_spec485"
	        title="LoadingService Identifier-based Loading Control should manage multiple identifiers"
	      />
	      <li
	        class="jasmine-passed"
	        id="spec_spec483"
	        title="LoadingService Identifier-based Loading Control should show loading with identifier"
	      />
	      <li
	        class="jasmine-passed"
	        id="spec_spec484"
	        title="LoadingService Identifier-based Loading Control should hide loading with identifier"
	      />
	      <li
	        class="jasmine-passed"
	        id="spec_spec486"
	        title="LoadingService Identifier-based Loading Control should not add duplicate identifiers"
	      />
	      <li
	        class="jasmine-passed"
	        id="spec_spec487"
	        title="LoadingService Identifier-based Loading Control should handle hiding non-existent identifier"
	      />
	      <li
	        class="jasmine-passed"
	        id="spec_spec488"
	        title="LoadingService Identifier-based Loading Control should handle hiding identifier multiple times"
	      />
	      <li
	        class="jasmine-passed"
	        id="spec_spec500"
	        title="LoadingService Edge Cases and Error Handling should maintain state consistency after force hide"
	      />
	      <li
	        class="jasmine-failed"
	        id="spec_spec499"
	        title="LoadingService Edge Cases and Error Handling should handle empty string identifier"
	      />
	      <li
	        class="jasmine-passed"
	        id="spec_spec497"
	        title="LoadingService Edge Cases and Error Handling should handle rapid show/hide calls"
	      />
	      <li
	        class="jasmine-failed"
	        id="spec_spec498"
	        title="LoadingService Edge Cases and Error Handling should handle mixed identifier and non-identifier operations"
	      />
	      <li
	        class="jasmine-passed"
	        id="spec_spec491"
	        title="LoadingService Duration-based Loading should show loading for specific duration"
	      />
	      <li
	        class="jasmine-passed"
	        id="spec_spec492"
	        title="LoadingService Duration-based Loading should show loading for duration with identifier"
	      />
	      <li
	        class="jasmine-passed"
	        id="spec_spec493"
	        title="LoadingService Duration-based Loading should handle multiple timed operations"
	      />
	      <li
	        class="jasmine-passed"
	        id="spec_spec503"
	        title="LoadingService Observable Behavior should support multiple subscribers"
	      />
	      <li
	        class="jasmine-passed"
	        id="spec_spec502"
	        title="LoadingService Observable Behavior should not emit duplicate states"
	      />
	      <li
	        class="jasmine-passed"
	        id="spec_spec501"
	        title="LoadingService Observable Behavior should emit loading state changes"
	      />
	      <li
	        class="jasmine-passed"
	        id="spec_spec496"
	        title="LoadingService SetLoading Alias Method should work without identifier"
	      />
	      <li
	        class="jasmine-passed"
	        id="spec_spec494"
	        title="LoadingService SetLoading Alias Method should show loading when setLoading(true)"
	      />
	      <li
	        class="jasmine-passed"
	        id="spec_spec495"
	        title="LoadingService SetLoading Alias Method should hide loading when setLoading(false)"
	      />
	      <li
	        class="jasmine-passed"
	        id="spec_spec1"
	        title="AppComponent should have the 'conductores-pwa' title"
	      />
	      <li
	        class="jasmine-passed"
	        id="spec_spec2"
	        title="AppComponent should render title"
	      />
	      <li
	        class="jasmine-passed"
	        id="spec_spec0"
	        title="AppComponent should create the app"
	      />
	      <li
	        class="jasmine-failed"
	        id="spec_spec90"
	        title="BackendApiService Contract Management should get contract successfully"
	      />
	      <li
	        class="jasmine-failed"
	        id="spec_spec91"
	        title="BackendApiService Contract Management should fallback to local storage when getting contract fails"
	      />
	      <li
	        class="jasmine-failed"
	        id="spec_spec92"
	        title="BackendApiService Contract Management should get client contracts successfully"
	      />
	      <li
	        class="jasmine-failed"
	        id="spec_spec88"
	        title="BackendApiService Contract Management should create contract successfully"
	      />
	      <li
	        class="jasmine-failed"
	        id="spec_spec93"
	        title="BackendApiService Contract Management should fallback to local storage when getting client contracts fails"
	      />
	      <li
	        class="jasmine-failed"
	        id="spec_spec89"
	        title="BackendApiService Contract Management should handle create contract offline mode"
	      />
	      <li
	        class="jasmine-failed"
	        id="spec_spec78"
	        title=...
	TestingLibraryElementError: Unable to find an accessible element with the role "button" and name `/iniciar sesión/i`
	Here are the accessible roles:
	  link:
	  Name "":
	  <a
	    class="jasmine-title"
	    href="http://jasmine.github.io/"
	    target="_blank"
	  />
	  --------------------------------------------------
	  list:
	  Name "":
	  <ul
	    class="jasmine-symbol-summary"
	  />
	  --------------------------------------------------
	  listitem:
	  Name "LoadingService Basic Loading Control should hide loading":
	  <li
	    class="jasmine-passed"
	    id="spec_spec480"
	    title="LoadingService Basic Loading Control should hide loading"
	  />
	  Name "LoadingService Basic Loading Control should not show loading multiple times without identifiers":
	  <li
	    class="jasmine-passed"
	    id="spec_spec481"
	    title="LoadingService Basic Loading Control should not show loading multiple times without identifiers"
	  />
	  Name "LoadingService Basic Loading Control should not hide loading when already hidden":
	  <li
	    class="jasmine-passed"
	    id="spec_spec482"
	    title="LoadingService Basic Loading Control should not hide loading when already hidden"
	  />
	  Name "LoadingService Basic Loading Control should show loading":
	  <li
	    class="jasmine-passed"
	    id="spec_spec479"
	    title="LoadingService Basic Loading Control should show loading"
	  />
	  Name "LoadingService Force Hide Functionality should clear all identifiers on force hide":
	  <li
	    class="jasmine-passed"
	    id="spec_spec490"
	    title="LoadingService Force Hide Functionality should clear all identifiers on force hide"
	  />
	  Name "LoadingService Force Hide Functionality should force hide loading even with active identifiers":
	  <li
	    class="jasmine-passed"
	    id="spec_spec489"
	    title="LoadingService Force Hide Functionality should force hide loading even with active identifiers"
	  />
	  Name "LoadingService Service Initialization should be created":
	  <li
	    class="jasmine-passed"
	    id="spec_spec476"
	    title="LoadingService Service Initialization should be created"
	  />
	  Name "LoadingService Service Initialization should return false for initial isLoading state":
	  <li
	    class="jasmine-passed"
	    id="spec_spec478"
	    title="LoadingService Service Initialization should return false for initial isLoading state"
	  />
	  Name "LoadingService Service Initialization should initialize with loading false":
	  <li
	    class="jasmine-passed"
	    id="spec_spec477"
	    title="LoadingService Service Initialization should initialize with loading false"
	  />
	  Name "LoadingService Identifier-based Loading Control should manage multiple identifiers":
	  <li
	    class="jasmine-passed"
	    id="spec_spec485"
	    title="LoadingService Identifier-based Loading Control should manage multiple identifiers"
	  />
	  Name "LoadingService Identifier-based Loading Control should show loading with identifier":
	  <li
	    class="jasmine-passed"
	    id="spec_spec483"
	    title="LoadingService Identifier-based Loading Control should show loading with identifier"
	  />
	  Name "LoadingService Identifier-based Loading Control should hide loading with identifier":
	  <li
	    class="jasmine-passed"
	    id="spec_spec484"
	    title="LoadingService Identifier-based Loading Control should hide loading with identifier"
	  />
	  Name "LoadingService Identifier-based Loading Control should not add duplicate identifiers":
	  <li
	    class="jasmine-passed"
	    id="spec_spec486"
	    title="LoadingService Identifier-based Loading Control should not add duplicate identifiers"
	  />
	  Name "LoadingService Identifier-based Loading Control should handle hiding non-existent identifier":
	  <li
	    class="jasmine-passed"
	    id="spec_spec487"
	    title="LoadingService Identifier-based Loading Control should handle hiding non-existent identifier"
	  />
	  Name "LoadingService Identifier-based Loading Control should handle hiding identifier multiple times":
	  <li
	    class="jasmine-passed"
	    id="spec_spec488"
	    title="LoadingService Identifier-based Loading Control should handle hiding identifier multiple times"
	  />
	  Name "LoadingService Edge Cases and Error Handling should maintain state consistency after force hide":
	  <li
	    class="jasmine-passed"
	    id="spec_spec500"
	    title="LoadingService Edge Cases and Error Handling should maintain state consistency after force hide"
	  />
	  Name "LoadingService Edge Cases and Error Handling should handle empty string identifier":
	  <li
	    class="jasmine-failed"
	    id="spec_spec499"
	    title="LoadingService Edge Cases and Error Handling should handle empty string identifier"
	  />
	  Name "LoadingService Edge Cases and Error Handling should handle rapid show/hide calls":
	  <li
	    class="jasmine-passed"
	    id="spec_spec497"
	    title="LoadingService Edge Cases and Error Handling should handle rapid show/hide calls"
	  />
	  Name "LoadingService Edge Cases and Error Handling should handle mixed identifier and non-identifier operations":
	  <li
	    class="jasmine-failed"
	    id="spec_spec498"
	    title="LoadingService Edge Cases and Error Handling should handle mixed identifier and non-identifier operations"
	  />
	  Name "LoadingService Duration-based Loading should show loading for specific duration":
	  <li
	    class="jasmine-passed"
	    id="spec_spec491"
	    title="LoadingService Duration-based Loading should show loading for specific duration"
	  />
	  Name "LoadingService Duration-based Loading should show loading for duration with identifier":
	  <li
	    class="jasmine-passed"
	    id="spec_spec492"
	    title="LoadingService Duration-based Loading should show loading for duration with identifier"
	  />
	  Name "LoadingService Duration-based Loading should handle multiple timed operations":
	  <li
	    class="jasmine-passed"
	    id="spec_spec493"
	    title="LoadingService Duration-based Loading should handle multiple timed operations"
	  />
	  Name "LoadingService Observable Behavior should support multiple subscribers":
	  <li
	    class="jasmine-passed"
	    id="spec_spec503"
	    title="LoadingService Observable Behavior should support multiple subscribers"
	  />
	  Name "LoadingService Observable Behavior should not emit duplicate states":
	  <li
	    class="jasmine-passed"
	    id="spec_spec502"
	    title="LoadingService Observable Behavior should not emit duplicate states"
	  />
	  Name "LoadingService Observable Behavior should emit loading state changes":
	  <li
	    class="jasmine-passed"
	    id="spec_spec501"
	    title="LoadingService Observable Behavior should emit loading state changes"
	  />
	  Name "LoadingService SetLoading Alias Method should work without identifier":
	  <li
	    class="jasmine-passed"
	    id="spec_spec496"
	    title="LoadingService SetLoading Alias Method should work without identifier"
	  />
	  Name "LoadingService SetLoading Alias Method should show loading when setLoading(true)":
	  <li
	    class="jasmine-passed"
	    id="spec_spec494"
	    title="LoadingService SetLoading Alias Method should show loading when setLoading(true)"
	  />
	  Name "LoadingService SetLoading Alias Method should hide loading when setLoading(false)":
	  <li
	    class="jasmine-passed"
	    id="spec_spec495"
	    title="LoadingService SetLoading Alias Method should hide loading when setLoading(false)"
	  />
	  Name "AppComponent should have the 'conductores-pwa' title":
	  <li
	    class="jasmine-passed"
	    id="spec_spec1"
	    title="AppComponent should have the 'conductores-pwa' title"
	  />
	  Name "AppComponent should render title":
	  <li
	    class="jasmine-passed"
	    id="spec_spec2"
	    title="AppComponent should render title"
	  />
	  Name "AppComponent should create the app":
	  <li
	    class="jasmine-passed"
	    id="spec_spec0"
	    title="AppComponent should create the app"
	  />
	  Name "BackendApiService Contract Management should get contract successfully":
	  <li
	    class="jasmine-failed"
	    id="spec_spec90"
	    title="BackendApiService Contract Management should get contract successfully"
	  />
	  Name "BackendApiService Contract Management should fallback to local storage when getting contract fails":
	  <li
	    class="jasmine-failed"
	    id="spec_spec91"
	    title="BackendApiService Contract Management should fallback to local storage when getting contract fails"
	  />
	  Name "BackendApiService Contract Management should get client contracts successfully":
	  <li
	    class="jasmine-failed"
	    id="spec_spec92"
	    title="BackendApiService Contract Management should get client contracts successfully"
	  />
	  Name "BackendApiService Contract Management should create contract successfully":
	  <li
	    class="jasmine-failed"
	    id="spec_spec88"
	    title="BackendApiService Contract Management should create contract successfully"
	  />
	  Name "BackendApiService Contract Management should fallback to local storage when getting client contracts fails":
	  <li
	    class="jasmine-failed"
	    id="spec_spec93"
	    title="BackendApiService Contract Management should fallback to local storage when getting client contracts fails"
	  />
	  Name "BackendApiService Contract Management should handle create contract offline mode":
	  <li
	    class="jasmine-failed"
	    id="spec_spec89"
	    title="BackendApiService Contract Management should handle create contract offline mode"
	  />
	  Name "BackendApiService Service Initialization should initialize with online status":
	  <li
	    class="jasmine-failed"
	    id="spec_spec78"
	    title="BackendApiService Service Initialization should initialize with online status"
	  />
	  Name "BackendApiService Service Initialization should have correct API configuration":
	  <li
	    class="jasmine-failed"
	    id="spec_spec79"
	    title="BackendApiService Service Initialization should have correct API configuration"
	  />
	  Name "BackendApiService Service Initialization should be created":
	  <li
	    class="jasmine-failed"
	    id="spec_spec77"
	    title="BackendApiService Service Initialization should be created"
	  />
	  Name "BackendApiService Health Check should return offline health status when API fails":
	  <li
	    class="jasmine-failed"
	    id="spec_spec107"
	    title="BackendApiService Health Check should return offline health status when API fails"
	  />
	  Name "BackendApiService Health Check should return online health status":
	  <li
	    class="jasmine-failed"
	    id="spec_spec106"
	    title="BackendApiService Health Check should return online health status"
	  />
	  Name "BackendApiService Network Status Management should update online status when network changes":
	  <li
	    class="jasmine-failed"
	    id="spec_spec108"
	    title="BackendApiService Network Status Management should update online status when network changes"
	  />
	  Name "BackendApiService Network Status Management should trigger sync when going back online":
	  <li
	    class="jasmine-failed"
	    id="spec_spec109"
	    title="BackendApiService Network Status Management should trigger sync when going back online"
	  />
	  Name "BackendApiService File Upload should upload document successfully":
	  <li
	    class="jasmine-failed"
	    id="spec_spec102"
	    title="BackendApiService File Upload should upload document successfully"
	  />
	  Name "BackendApiService File Upload should handle upload document offline mode":
	  <li
	    class="jasmine-failed"
	    id="spec_spec103"
	    title="BackendApiService File Upload should handle upload document offline mode"
	  />
	  Name "BackendApiService Client Management should handle create client offline mode":
	  <li
	    class="jasmine-failed"
	    id="spec_spec81"
	    title="BackendApiService Client Management should handle create client offline mode"
	  />
	  Name "BackendApiService Client Management should update client successfully":
	  <li
	    class="jasmine-failed"
	    id="spec_spec82"
	    title="BackendApiService Client Management should update client successfully"
	  />
	  Name "BackendApiService Client Management should create client successfully":
	  <li
	    class="jasmine-failed"
	    id="spec_spec80"
	    title="BackendApiService Client Management should create client successfully"
	  />
	  Name "BackendApiService Client Management should fallback to local storage when getting client fails":
	  <li
	    class="jasmine-failed"
	    id="spec_spec85"
	    title="BackendApiService Client Management should fallback to local storage when getting client fails"
	  />
	  Name "BackendApiService Client Management should get clients with filters":
	  <li
	    class="jasmine-failed"
	    id="spec_spec86"
	    title="BackendApiService Client Management should get clients with filters"
	  />
	  Name "BackendApiService Client Management should handle update client offline mode":
	  <li
	    class="jasmine-failed"
	    id="spec_spec83"
	    title="BackendApiService Client Management should handle update client offline mode"
	  />
	  Name "BackendApiService Client Management should get client successfully":
	  <li
	    class="jasmine-failed"
	    id="spec_spec84"
	    title="BackendApiService Client Management should get client successfully"
	  />
	  Name "BackendApiService Client Management should return empty array when getting clients fails":
	  <li
	    class="jasmine-failed"
	    id="spec_spec87"
	    title="BackendApiService Client Management should return empty array when getting clients fails"
	  />
	  Name "BackendApiService Sync Management should handle sync errors gracefully":
	  <li
	    class="jasmine-failed"
	    id="spec_spec105"
	    title="BackendApiService Sync Management should handle sync errors gracefully"
	  />
	  Name "BackendApiService Sync Management should sync pending actions when coming online":
	  <li
	    class="jasmine-failed"
	    id="spec_spec104"
	    title="BackendApiService Sync Management should sync pending actions when coming online"
	  />
	  Name "BackendApiService Dashboard and Analytics should return offline dashboard data when API fails":
	  <li
	    class="jasmine-failed"
	    id="spec_spec101"
	    title="BackendApiService Dashboard and Analytics should return offline dashboard data when API fails"
	  />
	  Name "BackendApiService Dashboard and Analytics should get dashboard data successfully":
	  <li
	    class="jasmine-failed"
	    id="spec_spec99"
	    title="BackendApiService Dashboard and Analytics should get dashboard data successfully"
	  />
	  Name "BackendApiService Dashboard and Analytics should get dashboard data with advisor filter":
	  <li
	    class="jasmine-failed"
	    id="spec_spec100"
	    title="BackendApiService Dashboard and Analytics should get dashboard data with advisor filter"
	  />
	  Name "BackendApiService Ecosystem Management should get ecosystems with market filter":
	  <li
	    class="jasmine-failed"
	    id="spec_spec95"
	    title="BackendApiService Ecosystem Management should get ecosystems with market filter"
	  />
	  Name "BackendApiService Ecosystem Management should return mock data when getting ecosystems fails":
	  <li
	    class="jasmine-failed"
	    id="spec_spec96"
	    title="BackendApiService Ecosystem Management should return mock data when getting ecosystems fails"
	  />
	  Name "BackendApiService Ecosystem Management should get ecosystem by ID successfully":
	  <li
	    class="jasmine-failed"
	    id="spec_spec97"
	    title="BackendApiService Ecosystem Management should get ecosystem by ID successfully"
	  />
	  Name "BackendApiService Ecosystem Management should update ecosystem capacity successfully":
	  <li
	    class="jasmine-failed"
	    id="spec_spec98"
	    title="BackendApiService Ecosystem Management should update ecosystem capacity successfully"
	  />
	  Name "BackendApiService Ecosystem Management should get ecosystems successfully":
	  <li
	    class="jasmine-failed"
	    id="spec_spec94"
	    title="BackendApiService Ecosystem Management should get ecosystems successfully"
	  />
	  Name "BackendApiService Mock Data Generation should generate mock ecosystems for AGS market":
	  <li
	    class="jasmine-failed"
	    id="spec_spec110"
	    title="BackendApiService Mock Data Generation should generate mock ecosystems for AGS market"
	  />
	  Name "BackendApiService Mock Data Generation should generate all mock ecosystems when no market filter":
	  <li
	    class="jasmine-failed"
	    id="spec_spec112"
	    title="BackendApiService Mock Data Generation should generate all mock ecosystems when no market filter"
	  />
	  Name "BackendApiService Mock Data Generation should generate mock ecosystems for EDOMEX market":
	  <li
	    class="jasmine-failed"
	    id="spec_spec111"
	    title="BackendApiService Mock Data Generation should generate mock ecosystems for EDOMEX market"
	  />
	  Name "BackendApiService Error Handling Edge Cases should handle unknown action types in sync":
	  <li
	    class="jasmine-failed"
	    id="spec_spec115"
	    title="BackendApiService Error Handling Edge Cases should handle unknown action types in sync"
	  />
	  Name "BackendApiService Error Handling Edge Cases should handle storage errors gracefully":
	  <li
	    class="jasmine-failed"
	    id="spec_spec114"
	    title="BackendApiService Error Handling Edge Cases should handle storage errors gracefully"
	  />
	  Name "BackendApiService Error Handling Edge Cases should handle null client data from local storage":
	  <li
	    class="jasmine-failed"
	    id="spec_spec113"
	    title="BackendApiService Error Handling Edge Cases should handle null client data from local storage"
	  />
	  Name "LoginComponent Integration Tests should handle form submission with valid data":
	  <li
	    class="jasmine-failed"
	    id="spec_spec913"
	    title="LoginComponent Integration Tests should handle form submission with valid data"
	  />
	  Name "LoginComponent Integration Tests should enable submit button when form is valid":
	  <li
	    class="jasmine-failed"
	    id="spec_spec912"
	    title="LoginComponent Integration Tests should enable submit button when form is valid"
	  />
	  Name "LoginComponent Integration Tests should show email format error for invalid email":
	  <li
	    class="jasmine-passed"
	    id="spec_spec911"
	    title="LoginComponent Integration Tests should show email format error for invalid email"
	  />
	  Name "LoginComponent Integration Tests should show validation errors when form is submitted empty":
	  <li
	    class="jasmine-failed"
	    id="spec_spec910"
	    title="LoginComponent Integration Tests should show validation errors when form is submitted empty"
	  />
	  Name "LoginComponent Integration Tests should display brand information":
	  <li
	    class="jasmine-passed"
	    id="spec_spec916"
	    title="LoginComponent Integration Tests should display brand information"
	  />
	  Name "LoginComponent Integration Tests should have proper accessibility attributes":
	  <li
	    class="jasmine-passed"
	    id="spec_spec915"
	    title="LoginComponent Integration Tests should have proper accessibility attributes"
	  />
	  Name "LoginComponent Integration Tests should toggle password visibility":
	  <li
	    class="jasmine-passed"
	    id="spec_spec914"
	    title="LoginComponent Integration Tests should toggle password visibility"
	  />
	  --------------------------------------------------heading:
	  Name "Centro de Comando":
	  <h1
	    _ngcontent-a-c3214690901=""
	    class="text-gradient-primary"
	  />
	  --------------------------------------------------
	  paragraph:
	  Name "":
	  <p
	    _ngcontent-a-c3214690901=""
	    class="brand-subtitle"
	  />
	  Name "":
	  <p
	    _ngcontent-a-c3214690901=""
	    class="register-text"
	  />
	  --------------------------------------------------
	  textbox:
	  Name "📧 Correo Electrónico":
	  <input
	    _ngcontent-a-c3214690901=""
	    class="premium-input ng-untouched ng-pristine ng-invalid"
	    formcontrolname="email"
	    id="email"
	    ng-reflect-name="email"
	    placeholder="ricardo.montoya@cmu.com"
	    type="email"
	  />
	  --------------------------------------------------
	  button:
	  Name "🙈":
	  <button
	    _ngcontent-a-c3214690901=""
	    class="password-toggle-premium"
	    type="button"
	  />
	  Name "¿Olvidaste tu contraseña?":
	  <button
	    _ngcontent-a-c3214690901=""
	    class="forgot-password"
	    type="button"
	  />
	  Name "➡️ Acceder al Cockpit":
	  <button
	    _ngcontent-a-c3214690901=""
	    class="btn-primary command-center-btn"
	    disabled=""
	    type="submit"
	  />
	  --------------------------------------------------
	  checkbox:
	  Name "Recordarme":
	  <input
	    _ngcontent-a-c3214690901=""
	    class="ng-untouched ng-pristine ng-valid"
	    formcontrolname="rememberMe"
	    ng-reflect-name="rememberMe"
	    type="checkbox"
	  />
	  --------------------------------------------------
	  link:
	  Name "Activar Cuenta":
	  <a
	    _ngcontent-a-c3214690901=""
	    class="premium-link"
	    href="/register"
	  />
	  --------------------------------------------------
	Ignored nodes: comments, script, style
	<body>
	  
	    
	  
	    
	  
	    
	  
	    
	  
	    
	  
	    
	  
	    
	  
	  
	  
	  
	  
	  <link
	    crossorigin="anonymous"
	    rel="stylesheet"
	    type="text/css"
	  />
	  
	  
	  
	  <div
	    class="jasmine_html-reporter"
	  >
	    <div
	      class="jasmine-banner"
	    >
	      <a
	        class="jasmine-title"
	        href="http://jasmine.github.io/"
	        target="_blank"
	      />
	      <span
	        class="jasmine-version"
	      >
	        4.6.1
	      </span>
	    </div>
	    <ul
	      class="jasmine-symbol-summary"
	    >
	      <li
	        class="jasmine-passed"
	        id="spec_spec480"
	        title="LoadingService Basic Loading Control should hide loading"
	      />
	      <li
	        class="jasmine-passed"
	        id="spec_spec481"
	        title="LoadingService Basic Loading Control should not show loading multiple times without identifiers"
	      />
	      <li
	        class="jasmine-passed"
	        id="spec_spec482"
	        title="LoadingService Basic Loading Control should not hide loading when already hidden"
	      />
	      <li
	        class="jasmine-passed"
	        id="spec_spec479"
	        title="LoadingService Basic Loading Control should show loading"
	      />
	      <li
	        class="jasmine-passed"
	        id="spec_spec490"
	        title="LoadingService Force Hide Functionality should clear all identifiers on force hide"
	      />
	      <li
	        class="jasmine-passed"
	        id="spec_spec489"
	        title="LoadingService Force Hide Functionality should force hide loading even with active identifiers"
	      />
	      <li
	        class="jasmine-passed"
	        id="spec_spec476"
	        title="LoadingService Service Initialization should be created"
	      />
	      <li
	        class="jasmine-passed"
	        id="spec_spec478"
	        title="LoadingService Service Initialization should return false for initial isLoading state"
	      />
	      <li
	        class="jasmine-passed"
	        id="spec_spec477"
	        title="LoadingService Service Initialization should initialize with loading false"
	      />
	      <li
	        class="jasmine-passed"
	        id="spec_spec485"
	        title="LoadingService Identifier-based Loading Control should manage multiple identifiers"
	      />
	      <li
	        class="jasmine-passed"
	        id="spec_spec483"
	        title="LoadingService Identifier-based Loading Control should show loading with identifier"
	      />
	      <li
	        class="jasmine-passed"
	        id="spec_spec484"
	        title="LoadingService Identifier-based Loading Control should hide loading with identifier"
	      />
	      <li
	        class="jasmine-passed"
	        id="spec_spec486"
	        title="LoadingService Identifier-based Loading Control should not add duplicate identifiers"
	      />
	      <li
	        class="jasmine-passed"
	        id="spec_spec487"
	        title="LoadingService Identifier-based Loading Control should handle hiding non-existent identifier"
	      />
	      <li
	        class="jasmine-passed"
	        id="spec_spec488"
	        title="LoadingService Identifier-based Loading Control should handle hiding identifier multiple times"
	      />
	      <li
	        class="jasmine-passed"
	        id="spec_spec500"
	        title="LoadingService Edge Cases and Error Handling should maintain state consistency after force hide"
	      />
	      <li
	        class="jasmine-failed"
	        id="spec_spec499"
	        title="LoadingService Edge Cases and Error Handling should handle empty string identifier"
	      />
	      <li
	        class="jasmine-passed"
	        id="spec_spec497"
	        title="LoadingService Edge Cases and Error Handling should handle rapid show/hide calls"
	      />
	      <li
	        class="jasmine-failed"
	        id="spec_spec498"
	        title="LoadingService Edge Cases and Error Handling should handle mixed identifier and non-identifier operations"
	      />
	      <li
	        class="jasmine-passed"
	        id="spec_spec491"
	        title="LoadingService Duration-based Loading should show loading for specific duration"
	      />
	      <li
	        class="jasmine-passed"
	        id="spec_spec492"
	        title="LoadingService Duration-based Loading should show loading for duration with identifier"
	      />
	      <li
	        class="jasmine-passed"
	        id="spec_spec493"
	        title="LoadingService Duration-based Loading should handle multiple timed operations"
	      />
	      <li
	        class="jasmine-passed"
	        id="spec_spec503"
	        title="LoadingService Observable Behavior should support multiple subscribers"
	      />
	      <li
	        class="jasmine-passed"
	        id="spec_spec502"
	        title="LoadingService Observable Behavior should not emit duplicate states"
	      />
	      <li
	        class="jasmine-passed"
	        id="spec_spec501"
	        title="LoadingService Observable Behavior should emit loading state changes"
	      />
	      <li
	        class="jasmine-passed"
	        id="spec_spec496"
	        title="LoadingService SetLoading Alias Method should work without identifier"
	      />
	      <li
	        class="jasmine-passed"
	        id="spec_spec494"
	        title="LoadingService SetLoading Alias Method should show loading when setLoading(true)"
	      />
	      <li
	        class="jasmine-passed"
	        id="spec_spec495"
	        title="LoadingService SetLoading Alias Method should hide loading when setLoading(false)"
	      />
	      <li
	        class="jasmine-passed"
	        id="spec_spec1"
	        title="AppComponent should have the 'conductores-pwa' title"
	      />
	      <li
	        class="jasmine-passed"
	        id="spec_spec2"
	        title="AppComponent should render title"
	      />
	      <li
	        class="jasmine-passed"
	        id="spec_spec0"
	        title="AppComponent should create the app"
	      />
	      <li
	        class="jasmine-failed"
	        id="spec_spec90"
	        title="BackendApiService Contract Management should get contract successfully"
	      />
	      <li
	        class="jasmine-failed"
	        id="spec_spec91"
	        title="BackendApiService Contract Management should fallback to local storage when getting contract fails"
	      />
	      <li
	        class="jasmine-failed"
	        id="spec_spec92"
	        title="BackendApiService Contract Management should get client contracts successfully"
	      />
	      <li
	        class="jasmine-failed"
	        id="spec_spec88"
	        title="BackendApiService Contract Management should create contract successfully"
	      />
	      <li
	        class="jasmine-failed"
	        id="spec_spec93"
	        title="BackendApiService Contract Management should fallback to local storage when getting client contracts fails"
	      />
	      <li
	        class="jasmine-failed"
	        id="spec_spec89"
	        title="BackendApiService Contract Management should handle create contract offline mode"
	      />
	      <li
	        class="jasmine-failed"
	        id="spec_spec78"
	        title=...
	    at Object.getElementError (node_modules/@testing-library/dom/dist/@testing-library/dom.esm.js:339:19)
	    at allQuery (node_modules/@testing-library/dom/dist/@testing-library/dom.esm.js:1206:25)
	    at query (node_modules/@testing-library/dom/dist/@testing-library/dom.esm.js:1185:17)
	    at getByRole (node_modules/@testing-library/dom/dist/@testing-library/dom.esm.js:1228:19)
	    at UserContext.<anonymous> (src/app/components/auth/login/login.component.spec.ts:169:19)
	    at Generator.next (<anonymous>)
	    at asyncGeneratorStep (node_modules/@angular-devkit/build-angular/node_modules/@babel/runtime/helpers/esm/asyncToGenerator.js:3:1)
	    at apply (node_modules/@angular-devkit/build-angular/node_modules/@babel/runtime/helpers/esm/asyncToGenerator.js:17:1)
	    at _ZoneDelegate.invoke (node_modules/zone.js/fesm2015/zone.js:369:28)
	    at ProxyZoneSpec.onInvoke (node_modules/zone.js/fesm2015/zone-testing.js:2081:39)
Chrome Headless 140.0.0.0 (Mac OS 10.15.7): Executed 78 of 985[31m (45 FAILED)[39m (0 secs / 0.734 secs)
[1A[2KChrome Headless 140.0.0.0 (Mac OS 10.15.7): Executed 79 of 985[31m (45 FAILED)[39m (0 secs / 0.734 secs)
[1A[2KChrome Headless 140.0.0.0 (Mac OS 10.15.7): Executed 80 of 985[31m (45 FAILED)[39m (0 secs / 0.734 secs)
[1A[2KChrome Headless 140.0.0.0 (Mac OS 10.15.7): Executed 81 of 985[31m (45 FAILED)[39m (0 secs / 0.735 secs)
[1A[2KChrome Headless 140.0.0.0 (Mac OS 10.15.7): Executed 82 of 985[31m (45 FAILED)[39m (0 secs / 0.735 secs)
[1A[2KChrome Headless 140.0.0.0 (Mac OS 10.15.7): Executed 83 of 985[31m (45 FAILED)[39m (0 secs / 0.736 secs)
[1A[2KChrome Headless 140.0.0.0 (Mac OS 10.15.7): Executed 84 of 985[31m (45 FAILED)[39m (0 secs / 0.736 secs)
[1A[2KChrome Headless 140.0.0.0 (Mac OS 10.15.7): Executed 85 of 985[31m (45 FAILED)[39m (0 secs / 0.737 secs)
[1A[2KChrome Headless 140.0.0.0 (Mac OS 10.15.7): Executed 86 of 985[31m (45 FAILED)[39m (0 secs / 0.737 secs)
[1A[2KChrome Headless 140.0.0.0 (Mac OS 10.15.7): Executed 87 of 985[31m (45 FAILED)[39m (0 secs / 0.738 secs)
[1A[2KChrome Headless 140.0.0.0 (Mac OS 10.15.7): Executed 88 of 985[31m (45 FAILED)[39m (0 secs / 0.738 secs)
[1A[2KChrome Headless 140.0.0.0 (Mac OS 10.15.7): Executed 89 of 985[31m (45 FAILED)[39m (0 secs / 0.739 secs)
[1A[2KChrome Headless 140.0.0.0 (Mac OS 10.15.7): Executed 90 of 985[31m (45 FAILED)[39m (0 secs / 0.739 secs)
[1A[2KChrome Headless 140.0.0.0 (Mac OS 10.15.7): Executed 91 of 985[31m (45 FAILED)[39m (0 secs / 0.739 secs)
[1A[2KChrome Headless 140.0.0.0 (Mac OS 10.15.7): Executed 92 of 985[31m (45 FAILED)[39m (0 secs / 0.74 secs)
[1A[2KChrome Headless 140.0.0.0 (Mac OS 10.15.7): Executed 93 of 985[31m (45 FAILED)[39m (0 secs / 0.74 secs)
[1A[2KChrome Headless 140.0.0.0 (Mac OS 10.15.7): Executed 94 of 985[31m (45 FAILED)[39m (0 secs / 0.74 secs)
[1A[2KChrome Headless 140.0.0.0 (Mac OS 10.15.7): Executed 95 of 985[31m (45 FAILED)[39m (0 secs / 0.74 secs)
[1A[2KChrome Headless 140.0.0.0 (Mac OS 10.15.7): Executed 96 of 985[31m (45 FAILED)[39m (0 secs / 0.741 secs)
[1A[2KChrome Headless 140.0.0.0 (Mac OS 10.15.7): Executed 97 of 985[31m (45 FAILED)[39m (0 secs / 0.741 secs)
[1A[2KChrome Headless 140.0.0.0 (Mac OS 10.15.7): Executed 98 of 985[31m (45 FAILED)[39m (0 secs / 0.741 secs)
[1A[2KChrome Headless 140.0.0.0 (Mac OS 10.15.7): Executed 99 of 985[31m (45 FAILED)[39m (0 secs / 0.741 secs)
[1A[2KChrome Headless 140.0.0.0 (Mac OS 10.15.7): Executed 100 of 985[31m (45 FAILED)[39m (0 secs / 0.757 secs)
[1A[2KChrome Headless 140.0.0.0 (Mac OS 10.15.7): Executed 101 of 985[31m (45 FAILED)[39m (0 secs / 0.757 secs)
[1A[2KChrome Headless 140.0.0.0 (Mac OS 10.15.7): Executed 102 of 985[31m (45 FAILED)[39m (0 secs / 0.758 secs)
[1A[2KChrome Headless 140.0.0.0 (Mac OS 10.15.7): Executed 103 of 985[31m (45 FAILED)[39m (0 secs / 0.758 secs)
[1A[2KChrome Headless 140.0.0.0 (Mac OS 10.15.7): Executed 104 of 985[31m (45 FAILED)[39m (0 secs / 0.758 secs)
[1A[2KChrome Headless 140.0.0.0 (Mac OS 10.15.7): Executed 105 of 985[31m (45 FAILED)[39m (0 secs / 0.758 secs)
[1A[2KChrome Headless 140.0.0.0 (Mac OS 10.15.7): Executed 106 of 985[31m (45 FAILED)[39m (0 secs / 0.758 secs)
[1A[2KChrome Headless 140.0.0.0 (Mac OS 10.15.7): Executed 107 of 985[31m (45 FAILED)[39m (0 secs / 0.759 secs)
[1A[2KChrome Headless 140.0.0.0 (Mac OS 10.15.7): Executed 108 of 985[31m (45 FAILED)[39m (0 secs / 0.759 secs)
[1A[2KChrome Headless 140.0.0.0 (Mac OS 10.15.7): Executed 109 of 985[31m (45 FAILED)[39m (0 secs / 0.759 secs)
[1A[2KChrome Headless 140.0.0.0 (Mac OS 10.15.7): Executed 110 of 985[31m (45 FAILED)[39m (0 secs / 1.362 secs)
[1A[2KChrome Headless 140.0.0.0 (Mac OS 10.15.7): Executed 111 of 985[31m (45 FAILED)[39m (0 secs / 1.965 secs)
[1A[2KChrome Headless 140.0.0.0 (Mac OS 10.15.7): Executed 112 of 985[31m (45 FAILED)[39m (0 secs / 2.567 secs)
[1A[2KChrome Headless 140.0.0.0 (Mac OS 10.15.7): Executed 113 of 985[31m (45 FAILED)[39m (0 secs / 2.567 secs)
[1A[2KChrome Headless 140.0.0.0 (Mac OS 10.15.7): Executed 114 of 985[31m (45 FAILED)[39m (0 secs / 2.567 secs)
[1A[2KChrome Headless 140.0.0.0 (Mac OS 10.15.7): Executed 115 of 985[31m (45 FAILED)[39m (0 secs / 2.567 secs)
[1A[2KChrome Headless 140.0.0.0 (Mac OS 10.15.7): Executed 116 of 985[31m (45 FAILED)[39m (0 secs / 2.567 secs)
[1A[2KChrome Headless 140.0.0.0 (Mac OS 10.15.7): Executed 117 of 985[31m (45 FAILED)[39m (0 secs / 2.567 secs)
[1A[2KChrome Headless 140.0.0.0 (Mac OS 10.15.7): Executed 118 of 985[31m (45 FAILED)[39m (0 secs / 2.567 secs)
[1A[2KChrome Headless 140.0.0.0 (Mac OS 10.15.7): Executed 119 of 985[31m (45 FAILED)[39m (0 secs / 2.567 secs)
[1A[2K[31mChrome Headless 140.0.0.0 (Mac OS 10.15.7) MockApiService Business Scenarios API Endpoints should create simulacion scenario with complete data FAILED[39m
	TypeError: Cannot read properties of undefined (reading 'subscribe')
	    at MockApiService.initializeData (src/app/services/mock-api.service.ts:41:40)
	    at new MockApiService (src/app/services/mock-api.service.ts:33:10)
	    at Object.factory (ng:///MockApiService/ɵfac.js:4:10)
	    at callback (node_modules/@angular/core/fesm2022/core.mjs:3219:47)
	    at runInInjectorProfilerContext (node_modules/@angular/core/fesm2022/core.mjs:866:9)
	    at R3Injector.hydrate (node_modules/@angular/core/fesm2022/core.mjs:3218:21)
	    at R3Injector.get (node_modules/@angular/core/fesm2022/core.mjs:3082:33)
	    at TestBedImpl.inject (node_modules/@angular/core/fesm2022/testing.mjs:1914:52)
	    at TestBedImpl.inject (node_modules/@angular/core/fesm2022/testing.mjs:1768:37)
	    at UserContext.<anonymous> (src/app/services/mock-api.service.spec.ts:89:23)
Chrome Headless 140.0.0.0 (Mac OS 10.15.7): Executed 120 of 985[31m (46 FAILED)[39m (0 secs / 2.57 secs)
[1A[2K[31mChrome Headless 140.0.0.0 (Mac OS 10.15.7) MockApiService Business Scenarios API Endpoints should create cotizacion scenario with complete data FAILED[39m
	TypeError: Cannot read properties of undefined (reading 'subscribe')
	    at MockApiService.initializeData (src/app/services/mock-api.service.ts:41:40)
	    at new MockApiService (src/app/services/mock-api.service.ts:33:10)
	    at Object.factory (ng:///MockApiService/ɵfac.js:4:10)
	    at callback (node_modules/@angular/core/fesm2022/core.mjs:3219:47)
	    at runInInjectorProfilerContext (node_modules/@angular/core/fesm2022/core.mjs:866:9)
	    at R3Injector.hydrate (node_modules/@angular/core/fesm2022/core.mjs:3218:21)
	    at R3Injector.get (node_modules/@angular/core/fesm2022/core.mjs:3082:33)
	    at TestBedImpl.inject (node_modules/@angular/core/fesm2022/testing.mjs:1914:52)
	    at TestBedImpl.inject (node_modules/@angular/core/fesm2022/testing.mjs:1768:37)
	    at UserContext.<anonymous> (src/app/services/mock-api.service.spec.ts:89:23)
Chrome Headless 140.0.0.0 (Mac OS 10.15.7): Executed 121 of 985[31m (47 FAILED)[39m (0 secs / 2.571 secs)
[1A[2K[31mChrome Headless 140.0.0.0 (Mac OS 10.15.7) MockApiService Collective Groups API Endpoints should get collective groups with network delay FAILED[39m
	TypeError: Cannot read properties of undefined (reading 'subscribe')
	    at MockApiService.initializeData (src/app/services/mock-api.service.ts:41:40)
	    at new MockApiService (src/app/services/mock-api.service.ts:33:10)
	    at Object.factory (ng:///MockApiService/ɵfac.js:4:10)
	    at callback (node_modules/@angular/core/fesm2022/core.mjs:3219:47)
	    at runInInjectorProfilerContext (node_modules/@angular/core/fesm2022/core.mjs:866:9)
	    at R3Injector.hydrate (node_modules/@angular/core/fesm2022/core.mjs:3218:21)
	    at R3Injector.get (node_modules/@angular/core/fesm2022/core.mjs:3082:33)
	    at TestBedImpl.inject (node_modules/@angular/core/fesm2022/testing.mjs:1914:52)
	    at TestBedImpl.inject (node_modules/@angular/core/fesm2022/testing.mjs:1768:37)
	    at UserContext.<anonymous> (src/app/services/mock-api.service.spec.ts:89:23)
Chrome Headless 140.0.0.0 (Mac OS 10.15.7): Executed 122 of 985[31m (48 FAILED)[39m (0 secs / 2.572 secs)
[1A[2K[31mChrome Headless 140.0.0.0 (Mac OS 10.15.7) MockApiService Collective Groups API Endpoints should deliver unit to group with slow network delay FAILED[39m
	TypeError: Cannot read properties of undefined (reading 'subscribe')
	    at MockApiService.initializeData (src/app/services/mock-api.service.ts:41:40)
	    at new MockApiService (src/app/services/mock-api.service.ts:33:10)
	    at Object.factory (ng:///MockApiService/ɵfac.js:4:10)
	    at callback (node_modules/@angular/core/fesm2022/core.mjs:3219:47)
	    at runInInjectorProfilerContext (node_modules/@angular/core/fesm2022/core.mjs:866:9)
	    at R3Injector.hydrate (node_modules/@angular/core/fesm2022/core.mjs:3218:21)
	    at R3Injector.get (node_modules/@angular/core/fesm2022/core.mjs:3082:33)
	    at TestBedImpl.inject (node_modules/@angular/core/fesm2022/testing.mjs:1914:52)
	    at TestBedImpl.inject (node_modules/@angular/core/fesm2022/testing.mjs:1768:37)
	    at UserContext.<anonymous> (src/app/services/mock-api.service.spec.ts:89:23)
Chrome Headless 140.0.0.0 (Mac OS 10.15.7): Executed 123 of 985[31m (49 FAILED)[39m (0 secs / 2.573 secs)
[1A[2K[31mChrome Headless 140.0.0.0 (Mac OS 10.15.7) MockApiService Collective Groups API Endpoints should get collective group by ID with network delay FAILED[39m
	TypeError: Cannot read properties of undefined (reading 'subscribe')
	    at MockApiService.initializeData (src/app/services/mock-api.service.ts:41:40)
	    at new MockApiService (src/app/services/mock-api.service.ts:33:10)
	    at Object.factory (ng:///MockApiService/ɵfac.js:4:10)
	    at callback (node_modules/@angular/core/fesm2022/core.mjs:3219:47)
	    at runInInjectorProfilerContext (node_modules/@angular/core/fesm2022/core.mjs:866:9)
	    at R3Injector.hydrate (node_modules/@angular/core/fesm2022/core.mjs:3218:21)
	    at R3Injector.get (node_modules/@angular/core/fesm2022/core.mjs:3082:33)
	    at TestBedImpl.inject (node_modules/@angular/core/fesm2022/testing.mjs:1914:52)
	    at TestBedImpl.inject (node_modules/@angular/core/fesm2022/testing.mjs:1768:37)
	    at UserContext.<anonymous> (src/app/services/mock-api.service.spec.ts:89:23)
Chrome Headless 140.0.0.0 (Mac OS 10.15.7): Executed 124 of 985[31m (50 FAILED)[39m (0 secs / 2.574 secs)
[1A[2K[31mChrome Headless 140.0.0.0 (Mac OS 10.15.7) MockApiService Collective Groups API Endpoints should add member to group with normal network delay FAILED[39m
	TypeError: Cannot read properties of undefined (reading 'subscribe')
	    at MockApiService.initializeData (src/app/services/mock-api.service.ts:41:40)
	    at new MockApiService (src/app/services/mock-api.service.ts:33:10)
	    at Object.factory (ng:///MockApiService/ɵfac.js:4:10)
	    at callback (node_modules/@angular/core/fesm2022/core.mjs:3219:47)
	    at runInInjectorProfilerContext (node_modules/@angular/core/fesm2022/core.mjs:866:9)
	    at R3Injector.hydrate (node_modules/@angular/core/fesm2022/core.mjs:3218:21)
	    at R3Injector.get (node_modules/@angular/core/fesm2022/core.mjs:3082:33)
	    at TestBedImpl.inject (node_modules/@angular/core/fesm2022/testing.mjs:1914:52)
	    at TestBedImpl.inject (node_modules/@angular/core/fesm2022/testing.mjs:1768:37)
	    at UserContext.<anonymous> (src/app/services/mock-api.service.spec.ts:89:23)
Chrome Headless 140.0.0.0 (Mac OS 10.15.7): Executed 125 of 985[31m (51 FAILED)[39m (0 secs / 2.575 secs)
[1A[2K[31mChrome Headless 140.0.0.0 (Mac OS 10.15.7) MockApiService Ecosystem API Endpoints should update ecosystem document with normal network delay FAILED[39m
	TypeError: Cannot read properties of undefined (reading 'subscribe')
	    at MockApiService.initializeData (src/app/services/mock-api.service.ts:41:40)
	    at new MockApiService (src/app/services/mock-api.service.ts:33:10)
	    at Object.factory (ng:///MockApiService/ɵfac.js:4:10)
	    at callback (node_modules/@angular/core/fesm2022/core.mjs:3219:47)
	    at runInInjectorProfilerContext (node_modules/@angular/core/fesm2022/core.mjs:866:9)
	    at R3Injector.hydrate (node_modules/@angular/core/fesm2022/core.mjs:3218:21)
	    at R3Injector.get (node_modules/@angular/core/fesm2022/core.mjs:3082:33)
	    at TestBedImpl.inject (node_modules/@angular/core/fesm2022/testing.mjs:1914:52)
	    at TestBedImpl.inject (node_modules/@angular/core/fesm2022/testing.mjs:1768:37)
	    at UserContext.<anonymous> (src/app/services/mock-api.service.spec.ts:89:23)
Chrome Headless 140.0.0.0 (Mac OS 10.15.7): Executed 126 of 985[31m (52 FAILED)[39m (0 secs / 2.575 secs)
[1A[2K[31mChrome Headless 140.0.0.0 (Mac OS 10.15.7) MockApiService Ecosystem API Endpoints should return null for non-existent ecosystem FAILED[39m
	TypeError: Cannot read properties of undefined (reading 'subscribe')
	    at MockApiService.initializeData (src/app/services/mock-api.service.ts:41:40)
	    at new MockApiService (src/app/services/mock-api.service.ts:33:10)
	    at Object.factory (ng:///MockApiService/ɵfac.js:4:10)
	    at callback (node_modules/@angular/core/fesm2022/core.mjs:3219:47)
	    at runInInjectorProfilerContext (node_modules/@angular/core/fesm2022/core.mjs:866:9)
	    at R3Injector.hydrate (node_modules/@angular/core/fesm2022/core.mjs:3218:21)
	    at R3Injector.get (node_modules/@angular/core/fesm2022/core.mjs:3082:33)
	    at TestBedImpl.inject (node_modules/@angular/core/fesm2022/testing.mjs:1914:52)
	    at TestBedImpl.inject (node_modules/@angular/core/fesm2022/testing.mjs:1768:37)
	    at UserContext.<anonymous> (src/app/services/mock-api.service.spec.ts:89:23)
Chrome Headless 140.0.0.0 (Mac OS 10.15.7): Executed 127 of 985[31m (53 FAILED)[39m (0 secs / 2.575 secs)
[1A[2K[31mChrome Headless 140.0.0.0 (Mac OS 10.15.7) MockApiService Ecosystem API Endpoints should create ecosystem with slow network delay FAILED[39m
	TypeError: Cannot read properties of undefined (reading 'subscribe')
	    at MockApiService.initializeData (src/app/services/mock-api.service.ts:41:40)
	    at new MockApiService (src/app/services/mock-api.service.ts:33:10)
	    at Object.factory (ng:///MockApiService/ɵfac.js:4:10)
	    at callback (node_modules/@angular/core/fesm2022/core.mjs:3219:47)
	    at runInInjectorProfilerContext (node_modules/@angular/core/fesm2022/core.mjs:866:9)
	    at R3Injector.hydrate (node_modules/@angular/core/fesm2022/core.mjs:3218:21)
	    at R3Injector.get (node_modules/@angular/core/fesm2022/core.mjs:3082:33)
	    at TestBedImpl.inject (node_modules/@angular/core/fesm2022/testing.mjs:1914:52)
	    at TestBedImpl.inject (node_modules/@angular/core/fesm2022/testing.mjs:1768:37)
	    at UserContext.<anonymous> (src/app/services/mock-api.service.spec.ts:89:23)
Chrome Headless 140.0.0.0 (Mac OS 10.15.7): Executed 128 of 985[31m (54 FAILED)[39m (0 secs / 2.576 secs)
[1A[2K[31mChrome Headless 140.0.0.0 (Mac OS 10.15.7) MockApiService Ecosystem API Endpoints should get ecosystem by ID with network delay FAILED[39m
	TypeError: Cannot read properties of undefined (reading 'subscribe')
	    at MockApiService.initializeData (src/app/services/mock-api.service.ts:41:40)
	    at new MockApiService (src/app/services/mock-api.service.ts:33:10)
	    at Object.factory (ng:///MockApiService/ɵfac.js:4:10)
	    at callback (node_modules/@angular/core/fesm2022/core.mjs:3219:47)
	    at runInInjectorProfilerContext (node_modules/@angular/core/fesm2022/core.mjs:866:9)
	    at R3Injector.hydrate (node_modules/@angular/core/fesm2022/core.mjs:3218:21)
	    at R3Injector.get (node_modules/@angular/core/fesm2022/core.mjs:3082:33)
	    at TestBedImpl.inject (node_modules/@angular/core/fesm2022/testing.mjs:1914:52)
	    at TestBedImpl.inject (node_modules/@angular/core/fesm2022/testing.mjs:1768:37)
	    at UserContext.<anonymous> (src/app/services/mock-api.service.spec.ts:89:23)
Chrome Headless 140.0.0.0 (Mac OS 10.15.7): Executed 129 of 985[31m (55 FAILED)[39m (0 secs / 2.576 secs)
[1A[2K[31mChrome Headless 140.0.0.0 (Mac OS 10.15.7) MockApiService Ecosystem API Endpoints should get ecosystems with network delay FAILED[39m
	TypeError: Cannot read properties of undefined (reading 'subscribe')
	    at MockApiService.initializeData (src/app/services/mock-api.service.ts:41:40)
	    at new MockApiService (src/app/services/mock-api.service.ts:33:10)
	    at Object.factory (ng:///MockApiService/ɵfac.js:4:10)
	    at callback (node_modules/@angular/core/fesm2022/core.mjs:3219:47)
	    at runInInjectorProfilerContext (node_modules/@angular/core/fesm2022/core.mjs:866:9)
	    at R3Injector.hydrate (node_modules/@angular/core/fesm2022/core.mjs:3218:21)
	    at R3Injector.get (node_modules/@angular/core/fesm2022/core.mjs:3082:33)
	    at TestBedImpl.inject (node_modules/@angular/core/fesm2022/testing.mjs:1914:52)
	    at TestBedImpl.inject (node_modules/@angular/core/fesm2022/testing.mjs:1768:37)
	    at UserContext.<anonymous> (src/app/services/mock-api.service.spec.ts:89:23)
Chrome Headless 140.0.0.0 (Mac OS 10.15.7): Executed 130 of 985[31m (56 FAILED)[39m (0 secs / 2.576 secs)
[1A[2K[31mChrome Headless 140.0.0.0 (Mac OS 10.15.7) MockApiService Promise-based Delay Method should use default delay if not specified FAILED[39m
	TypeError: Cannot read properties of undefined (reading 'subscribe')
	    at MockApiService.initializeData (src/app/services/mock-api.service.ts:41:40)
	    at new MockApiService (src/app/services/mock-api.service.ts:33:10)
	    at Object.factory (ng:///MockApiService/ɵfac.js:4:10)
	    at callback (node_modules/@angular/core/fesm2022/core.mjs:3219:47)
	    at runInInjectorProfilerContext (node_modules/@angular/core/fesm2022/core.mjs:866:9)
	    at R3Injector.hydrate (node_modules/@angular/core/fesm2022/core.mjs:3218:21)
	    at R3Injector.get (node_modules/@angular/core/fesm2022/core.mjs:3082:33)
	    at TestBedImpl.inject (node_modules/@angular/core/fesm2022/testing.mjs:1914:52)
	    at TestBedImpl.inject (node_modules/@angular/core/fesm2022/testing.mjs:1768:37)
	    at UserContext.<anonymous> (src/app/services/mock-api.service.spec.ts:89:23)
Chrome Headless 140.0.0.0 (Mac OS 10.15.7): Executed 131 of 985[31m (57 FAILED)[39m (0 secs / 2.577 secs)
[1A[2K[31mChrome Headless 140.0.0.0 (Mac OS 10.15.7) MockApiService Promise-based Delay Method should delay data using Promise FAILED[39m
	TypeError: Cannot read properties of undefined (reading 'subscribe')
	    at MockApiService.initializeData (src/app/services/mock-api.service.ts:41:40)
	    at new MockApiService (src/app/services/mock-api.service.ts:33:10)
	    at Object.factory (ng:///MockApiService/ɵfac.js:4:10)
	    at callback (node_modules/@angular/core/fesm2022/core.mjs:3219:47)
	    at runInInjectorProfilerContext (node_modules/@angular/core/fesm2022/core.mjs:866:9)
	    at R3Injector.hydrate (node_modules/@angular/core/fesm2022/core.mjs:3218:21)
	    at R3Injector.get (node_modules/@angular/core/fesm2022/core.mjs:3082:33)
	    at TestBedImpl.inject (node_modules/@angular/core/fesm2022/testing.mjs:1914:52)
	    at TestBedImpl.inject (node_modules/@angular/core/fesm2022/testing.mjs:1768:37)
	    at UserContext.<anonymous> (src/app/services/mock-api.service.spec.ts:89:23)
Chrome Headless 140.0.0.0 (Mac OS 10.15.7): Executed 132 of 985[31m (58 FAILED)[39m (0 secs / 2.578 secs)
[1A[2K[31mChrome Headless 140.0.0.0 (Mac OS 10.15.7) MockApiService Network Delay Simulation should clone data deeply in mockApi FAILED[39m
	TypeError: Cannot read properties of undefined (reading 'subscribe')
	    at MockApiService.initializeData (src/app/services/mock-api.service.ts:41:40)
	    at new MockApiService (src/app/services/mock-api.service.ts:33:10)
	    at Object.factory (ng:///MockApiService/ɵfac.js:4:10)
	    at callback (node_modules/@angular/core/fesm2022/core.mjs:3219:47)
	    at runInInjectorProfilerContext (node_modules/@angular/core/fesm2022/core.mjs:866:9)
	    at R3Injector.hydrate (node_modules/@angular/core/fesm2022/core.mjs:3218:21)
	    at R3Injector.get (node_modules/@angular/core/fesm2022/core.mjs:3082:33)
	    at TestBedImpl.inject (node_modules/@angular/core/fesm2022/testing.mjs:1914:52)
	    at TestBedImpl.inject (node_modules/@angular/core/fesm2022/testing.mjs:1768:37)
	    at UserContext.<anonymous> (src/app/services/mock-api.service.spec.ts:89:23)
Chrome Headless 140.0.0.0 (Mac OS 10.15.7): Executed 133 of 985[31m (59 FAILED)[39m (0 secs / 2.579 secs)
[1A[2K[31mChrome Headless 140.0.0.0 (Mac OS 10.15.7) MockApiService Network Delay Simulation should use random network delays FAILED[39m
	TypeError: Cannot read properties of undefined (reading 'subscribe')
	    at MockApiService.initializeData (src/app/services/mock-api.service.ts:41:40)
	    at new MockApiService (src/app/services/mock-api.service.ts:33:10)
	    at Object.factory (ng:///MockApiService/ɵfac.js:4:10)
	    at callback (node_modules/@angular/core/fesm2022/core.mjs:3219:47)
	    at runInInjectorProfilerContext (node_modules/@angular/core/fesm2022/core.mjs:866:9)
	    at R3Injector.hydrate (node_modules/@angular/core/fesm2022/core.mjs:3218:21)
	    at R3Injector.get (node_modules/@angular/core/fesm2022/core.mjs:3082:33)
	    at TestBedImpl.inject (node_modules/@angular/core/fesm2022/testing.mjs:1914:52)
	    at TestBedImpl.inject (node_modules/@angular/core/fesm2022/testing.mjs:1768:37)
	    at UserContext.<anonymous> (src/app/services/mock-api.service.spec.ts:89:23)
Chrome Headless 140.0.0.0 (Mac OS 10.15.7): Executed 134 of 985[31m (60 FAILED)[39m (0 secs / 2.579 secs)
[1A[2K[31mChrome Headless 140.0.0.0 (Mac OS 10.15.7) MockApiService Network Delay Simulation should handle errors in mockApi FAILED[39m
	TypeError: Cannot read properties of undefined (reading 'subscribe')
	    at MockApiService.initializeData (src/app/services/mock-api.service.ts:41:40)
	    at new MockApiService (src/app/services/mock-api.service.ts:33:10)
	    at Object.factory (ng:///MockApiService/ɵfac.js:4:10)
	    at callback (node_modules/@angular/core/fesm2022/core.mjs:3219:47)
	    at runInInjectorProfilerContext (node_modules/@angular/core/fesm2022/core.mjs:866:9)
	    at R3Injector.hydrate (node_modules/@angular/core/fesm2022/core.mjs:3218:21)
	    at R3Injector.get (node_modules/@angular/core/fesm2022/core.mjs:3082:33)
	    at TestBedImpl.inject (node_modules/@angular/core/fesm2022/testing.mjs:1914:52)
	    at TestBedImpl.inject (node_modules/@angular/core/fesm2022/testing.mjs:1768:37)
	    at UserContext.<anonymous> (src/app/services/mock-api.service.spec.ts:89:23)
Chrome Headless 140.0.0.0 (Mac OS 10.15.7): Executed 135 of 985[31m (61 FAILED)[39m (0 secs / 2.58 secs)
[1A[2K[31mChrome Headless 140.0.0.0 (Mac OS 10.15.7) MockApiService Utility Methods should get server time FAILED[39m
	TypeError: Cannot read properties of undefined (reading 'subscribe')
	    at MockApiService.initializeData (src/app/services/mock-api.service.ts:41:40)
	    at new MockApiService (src/app/services/mock-api.service.ts:33:10)
	    at Object.factory (ng:///MockApiService/ɵfac.js:4:10)
	    at callback (node_modules/@angular/core/fesm2022/core.mjs:3219:47)
	    at runInInjectorProfilerContext (node_modules/@angular/core/fesm2022/core.mjs:866:9)
	    at R3Injector.hydrate (node_modules/@angular/core/fesm2022/core.mjs:3218:21)
	    at R3Injector.get (node_modules/@angular/core/fesm2022/core.mjs:3082:33)
	    at TestBedImpl.inject (node_modules/@angular/core/fesm2022/testing.mjs:1914:52)
	    at TestBedImpl.inject (node_modules/@angular/core/fesm2022/testing.mjs:1768:37)
	    at UserContext.<anonymous> (src/app/services/mock-api.service.spec.ts:89:23)
Chrome Headless 140.0.0.0 (Mac OS 10.15.7): Executed 136 of 985[31m (62 FAILED)[39m (0 secs / 2.581 secs)
[1A[2K[31mChrome Headless 140.0.0.0 (Mac OS 10.15.7) MockApiService Utility Methods should simulate file upload FAILED[39m
	TypeError: Cannot read properties of undefined (reading 'subscribe')
	    at MockApiService.initializeData (src/app/services/mock-api.service.ts:41:40)
	    at new MockApiService (src/app/services/mock-api.service.ts:33:10)
	    at Object.factory (ng:///MockApiService/ɵfac.js:4:10)
	    at callback (node_modules/@angular/core/fesm2022/core.mjs:3219:47)
	    at runInInjectorProfilerContext (node_modules/@angular/core/fesm2022/core.mjs:866:9)
	    at R3Injector.hydrate (node_modules/@angular/core/fesm2022/core.mjs:3218:21)
	    at R3Injector.get (node_modules/@angular/core/fesm2022/core.mjs:3082:33)
	    at TestBedImpl.inject (node_modules/@angular/core/fesm2022/testing.mjs:1914:52)
	    at TestBedImpl.inject (node_modules/@angular/core/fesm2022/testing.mjs:1768:37)
	    at UserContext.<anonymous> (src/app/services/mock-api.service.spec.ts:89:23)
Chrome Headless 140.0.0.0 (Mac OS 10.15.7): Executed 137 of 985[31m (63 FAILED)[39m (0 secs / 2.581 secs)
[1A[2K[31mChrome Headless 140.0.0.0 (Mac OS 10.15.7) MockApiService Utility Methods should use default JSON format for export FAILED[39m
	TypeError: Cannot read properties of undefined (reading 'subscribe')
	    at MockApiService.initializeData (src/app/services/mock-api.service.ts:41:40)
	    at new MockApiService (src/app/services/mock-api.service.ts:33:10)
	    at Object.factory (ng:///MockApiService/ɵfac.js:4:10)
	    at callback (node_modules/@angular/core/fesm2022/core.mjs:3219:47)
	    at runInInjectorProfilerContext (node_modules/@angular/core/fesm2022/core.mjs:866:9)
	    at R3Injector.hydrate (node_modules/@angular/core/fesm2022/core.mjs:3218:21)
	    at R3Injector.get (node_modules/@angular/core/fesm2022/core.mjs:3082:33)
	    at TestBedImpl.inject (node_modules/@angular/core/fesm2022/testing.mjs:1914:52)
	    at TestBedImpl.inject (node_modules/@angular/core/fesm2022/testing.mjs:1768:37)
	    at UserContext.<anonymous> (src/app/services/mock-api.service.spec.ts:89:23)
Chrome Headless 140.0.0.0 (Mac OS 10.15.7): Executed 138 of 985[31m (64 FAILED)[39m (0 secs / 2.582 secs)
[1A[2K[31mChrome Headless 140.0.0.0 (Mac OS 10.15.7) MockApiService Utility Methods should export data as CSV FAILED[39m
	TypeError: Cannot read properties of undefined (reading 'subscribe')
	    at MockApiService.initializeData (src/app/services/mock-api.service.ts:41:40)
	    at new MockApiService (src/app/services/mock-api.service.ts:33:10)
	    at Object.factory (ng:///MockApiService/ɵfac.js:4:10)
	    at callback (node_modules/@angular/core/fesm2022/core.mjs:3219:47)
	    at runInInjectorProfilerContext (node_modules/@angular/core/fesm2022/core.mjs:866:9)
	    at R3Injector.hydrate (node_modules/@angular/core/fesm2022/core.mjs:3218:21)
	    at R3Injector.get (node_modules/@angular/core/fesm2022/core.mjs:3082:33)
	    at TestBedImpl.inject (node_modules/@angular/core/fesm2022/testing.mjs:1914:52)
	    at TestBedImpl.inject (node_modules/@angular/core/fesm2022/testing.mjs:1768:37)
	    at UserContext.<anonymous> (src/app/services/mock-api.service.spec.ts:89:23)
Chrome Headless 140.0.0.0 (Mac OS 10.15.7): Executed 139 of 985[31m (65 FAILED)[39m (0 secs / 2.582 secs)
[1A[2K[31mChrome Headless 140.0.0.0 (Mac OS 10.15.7) MockApiService Utility Methods should perform health check FAILED[39m
	TypeError: Cannot read properties of undefined (reading 'subscribe')
	    at MockApiService.initializeData (src/app/services/mock-api.service.ts:41:40)
	    at new MockApiService (src/app/services/mock-api.service.ts:33:10)
	    at Object.factory (ng:///MockApiService/ɵfac.js:4:10)
	    at callback (node_modules/@angular/core/fesm2022/core.mjs:3219:47)
	    at runInInjectorProfilerContext (node_modules/@angular/core/fesm2022/core.mjs:866:9)
	    at R3Injector.hydrate (node_modules/@angular/core/fesm2022/core.mjs:3218:21)
	    at R3Injector.get (node_modules/@angular/core/fesm2022/core.mjs:3082:33)
	    at TestBedImpl.inject (node_modules/@angular/core/fesm2022/testing.mjs:1914:52)
	    at TestBedImpl.inject (node_modules/@angular/core/fesm2022/testing.mjs:1768:37)
	    at UserContext.<anonymous> (src/app/services/mock-api.service.spec.ts:89:23)
Chrome Headless 140.0.0.0 (Mac OS 10.15.7): Executed 140 of 985[31m (66 FAILED)[39m (0 secs / 2.583 secs)
[1A[2K[31mChrome Headless 140.0.0.0 (Mac OS 10.15.7) MockApiService Utility Methods should export data as JSON FAILED[39m
	TypeError: Cannot read properties of undefined (reading 'subscribe')
	    at MockApiService.initializeData (src/app/services/mock-api.service.ts:41:40)
	    at new MockApiService (src/app/services/mock-api.service.ts:33:10)
	    at Object.factory (ng:///MockApiService/ɵfac.js:4:10)
	    at callback (node_modules/@angular/core/fesm2022/core.mjs:3219:47)
	    at runInInjectorProfilerContext (node_modules/@angular/core/fesm2022/core.mjs:866:9)
	    at R3Injector.hydrate (node_modules/@angular/core/fesm2022/core.mjs:3218:21)
	    at R3Injector.get (node_modules/@angular/core/fesm2022/core.mjs:3082:33)
	    at TestBedImpl.inject (node_modules/@angular/core/fesm2022/testing.mjs:1914:52)
	    at TestBedImpl.inject (node_modules/@angular/core/fesm2022/testing.mjs:1768:37)
	    at UserContext.<anonymous> (src/app/services/mock-api.service.spec.ts:89:23)
Chrome Headless 140.0.0.0 (Mac OS 10.15.7): Executed 141 of 985[31m (67 FAILED)[39m (0 secs / 2.583 secs)
[1A[2K[31mChrome Headless 140.0.0.0 (Mac OS 10.15.7) MockApiService Client API Endpoints should add client event with fast network delay FAILED[39m
	TypeError: Cannot read properties of undefined (reading 'subscribe')
	    at MockApiService.initializeData (src/app/services/mock-api.service.ts:41:40)
	    at new MockApiService (src/app/services/mock-api.service.ts:33:10)
	    at Object.factory (ng:///MockApiService/ɵfac.js:4:10)
	    at callback (node_modules/@angular/core/fesm2022/core.mjs:3219:47)
	    at runInInjectorProfilerContext (node_modules/@angular/core/fesm2022/core.mjs:866:9)
	    at R3Injector.hydrate (node_modules/@angular/core/fesm2022/core.mjs:3218:21)
	    at R3Injector.get (node_modules/@angular/core/fesm2022/core.mjs:3082:33)
	    at TestBedImpl.inject (node_modules/@angular/core/fesm2022/testing.mjs:1914:52)
	    at TestBedImpl.inject (node_modules/@angular/core/fesm2022/testing.mjs:1768:37)
	    at UserContext.<anonymous> (src/app/services/mock-api.service.spec.ts:89:23)
Chrome Headless 140.0.0.0 (Mac OS 10.15.7): Executed 142 of 985[31m (68 FAILED)[39m (0 secs / 2.583 secs)
[1A[2K[31mChrome Headless 140.0.0.0 (Mac OS 10.15.7) MockApiService Client API Endpoints should get clients with network delay FAILED[39m
	TypeError: Cannot read properties of undefined (reading 'subscribe')
	    at MockApiService.initializeData (src/app/services/mock-api.service.ts:41:40)
	    at new MockApiService (src/app/services/mock-api.service.ts:33:10)
	    at Object.factory (ng:///MockApiService/ɵfac.js:4:10)
	    at callback (node_modules/@angular/core/fesm2022/core.mjs:3219:47)
	    at runInInjectorProfilerContext (node_modules/@angular/core/fesm2022/core.mjs:866:9)
	    at R3Injector.hydrate (node_modules/@angular/core/fesm2022/core.mjs:3218:21)
	    at R3Injector.get (node_modules/@angular/core/fesm2022/core.mjs:3082:33)
	    at TestBedImpl.inject (node_modules/@angular/core/fesm2022/testing.mjs:1914:52)
	    at TestBedImpl.inject (node_modules/@angular/core/fesm2022/testing.mjs:1768:37)
	    at UserContext.<anonymous> (src/app/services/mock-api.service.spec.ts:89:23)
Chrome Headless 140.0.0.0 (Mac OS 10.15.7): Executed 143 of 985[31m (69 FAILED)[39m (0 secs / 2.583 secs)
[1A[2K[31mChrome Headless 140.0.0.0 (Mac OS 10.15.7) MockApiService Client API Endpoints should return null for non-existent client FAILED[39m
	TypeError: Cannot read properties of undefined (reading 'subscribe')
	    at MockApiService.initializeData (src/app/services/mock-api.service.ts:41:40)
	    at new MockApiService (src/app/services/mock-api.service.ts:33:10)
	    at Object.factory (ng:///MockApiService/ɵfac.js:4:10)
	    at callback (node_modules/@angular/core/fesm2022/core.mjs:3219:47)
	    at runInInjectorProfilerContext (node_modules/@angular/core/fesm2022/core.mjs:866:9)
	    at R3Injector.hydrate (node_modules/@angular/core/fesm2022/core.mjs:3218:21)
	    at R3Injector.get (node_modules/@angular/core/fesm2022/core.mjs:3082:33)
	    at TestBedImpl.inject (node_modules/@angular/core/fesm2022/testing.mjs:1914:52)
	    at TestBedImpl.inject (node_modules/@angular/core/fesm2022/testing.mjs:1768:37)
	    at UserContext.<anonymous> (src/app/services/mock-api.service.spec.ts:89:23)
Chrome Headless 140.0.0.0 (Mac OS 10.15.7): Executed 144 of 985[31m (70 FAILED)[39m (0 secs / 2.583 secs)
[1A[2K[31mChrome Headless 140.0.0.0 (Mac OS 10.15.7) MockApiService Client API Endpoints should get client by ID with network delay FAILED[39m
	TypeError: Cannot read properties of undefined (reading 'subscribe')
	    at MockApiService.initializeData (src/app/services/mock-api.service.ts:41:40)
	    at new MockApiService (src/app/services/mock-api.service.ts:33:10)
	    at Object.factory (ng:///MockApiService/ɵfac.js:4:10)
	    at callback (node_modules/@angular/core/fesm2022/core.mjs:3219:47)
	    at runInInjectorProfilerContext (node_modules/@angular/core/fesm2022/core.mjs:866:9)
	    at R3Injector.hydrate (node_modules/@angular/core/fesm2022/core.mjs:3218:21)
	    at R3Injector.get (node_modules/@angular/core/fesm2022/core.mjs:3082:33)
	    at TestBedImpl.inject (node_modules/@angular/core/fesm2022/testing.mjs:1914:52)
	    at TestBedImpl.inject (node_modules/@angular/core/fesm2022/testing.mjs:1768:37)
	    at UserContext.<anonymous> (src/app/services/mock-api.service.spec.ts:89:23)
Chrome Headless 140.0.0.0 (Mac OS 10.15.7): Executed 145 of 985[31m (71 FAILED)[39m (0 secs / 2.583 secs)
[1A[2K[31mChrome Headless 140.0.0.0 (Mac OS 10.15.7) MockApiService Client API Endpoints should update document status with normal network delay FAILED[39m
	TypeError: Cannot read properties of undefined (reading 'subscribe')
	    at MockApiService.initializeData (src/app/services/mock-api.service.ts:41:40)
	    at new MockApiService (src/app/services/mock-api.service.ts:33:10)
	    at Object.factory (ng:///MockApiService/ɵfac.js:4:10)
	    at callback (node_modules/@angular/core/fesm2022/core.mjs:3219:47)
	    at runInInjectorProfilerContext (node_modules/@angular/core/fesm2022/core.mjs:866:9)
	    at R3Injector.hydrate (node_modules/@angular/core/fesm2022/core.mjs:3218:21)
	    at R3Injector.get (node_modules/@angular/core/fesm2022/core.mjs:3082:33)
	    at TestBedImpl.inject (node_modules/@angular/core/fesm2022/testing.mjs:1914:52)
	    at TestBedImpl.inject (node_modules/@angular/core/fesm2022/testing.mjs:1768:37)
	    at UserContext.<anonymous> (src/app/services/mock-api.service.spec.ts:89:23)
Chrome Headless 140.0.0.0 (Mac OS 10.15.7): Executed 146 of 985[31m (72 FAILED)[39m (0 secs / 2.583 secs)
[1A[2K[31mChrome Headless 140.0.0.0 (Mac OS 10.15.7) MockApiService Client API Endpoints should update client with normal network delay FAILED[39m
	TypeError: Cannot read properties of undefined (reading 'subscribe')
	    at MockApiService.initializeData (src/app/services/mock-api.service.ts:41:40)
	    at new MockApiService (src/app/services/mock-api.service.ts:33:10)
	    at Object.factory (ng:///MockApiService/ɵfac.js:4:10)
	    at callback (node_modules/@angular/core/fesm2022/core.mjs:3219:47)
	    at runInInjectorProfilerContext (node_modules/@angular/core/fesm2022/core.mjs:866:9)
	    at R3Injector.hydrate (node_modules/@angular/core/fesm2022/core.mjs:3218:21)
	    at R3Injector.get (node_modules/@angular/core/fesm2022/core.mjs:3082:33)
	    at TestBedImpl.inject (node_modules/@angular/core/fesm2022/testing.mjs:1914:52)
	    at TestBedImpl.inject (node_modules/@angular/core/fesm2022/testing.mjs:1768:37)
	    at UserContext.<anonymous> (src/app/services/mock-api.service.spec.ts:89:23)
Chrome Headless 140.0.0.0 (Mac OS 10.15.7): Executed 147 of 985[31m (73 FAILED)[39m (0 secs / 2.584 secs)
[1A[2K[31mChrome Headless 140.0.0.0 (Mac OS 10.15.7) MockApiService Client API Endpoints should create client with slow network delay FAILED[39m
	TypeError: Cannot read properties of undefined (reading 'subscribe')
	    at MockApiService.initializeData (src/app/services/mock-api.service.ts:41:40)
	    at new MockApiService (src/app/services/mock-api.service.ts:33:10)
	    at Object.factory (ng:///MockApiService/ɵfac.js:4:10)
	    at callback (node_modules/@angular/core/fesm2022/core.mjs:3219:47)
	    at runInInjectorProfilerContext (node_modules/@angular/core/fesm2022/core.mjs:866:9)
	    at R3Injector.hydrate (node_modules/@angular/core/fesm2022/core.mjs:3218:21)
	    at R3Injector.get (node_modules/@angular/core/fesm2022/core.mjs:3082:33)
	    at TestBedImpl.inject (node_modules/@angular/core/fesm2022/testing.mjs:1914:52)
	    at TestBedImpl.inject (node_modules/@angular/core/fesm2022/testing.mjs:1768:37)
	    at UserContext.<anonymous> (src/app/services/mock-api.service.spec.ts:89:23)
Chrome Headless 140.0.0.0 (Mac OS 10.15.7): Executed 148 of 985[31m (74 FAILED)[39m (0 secs / 2.585 secs)
[1A[2K[31mChrome Headless 140.0.0.0 (Mac OS 10.15.7) MockApiService Error Simulation should simulate server error FAILED[39m
	TypeError: Cannot read properties of undefined (reading 'subscribe')
	    at MockApiService.initializeData (src/app/services/mock-api.service.ts:41:40)
	    at new MockApiService (src/app/services/mock-api.service.ts:33:10)
	    at Object.factory (ng:///MockApiService/ɵfac.js:4:10)
	    at callback (node_modules/@angular/core/fesm2022/core.mjs:3219:47)
	    at runInInjectorProfilerContext (node_modules/@angular/core/fesm2022/core.mjs:866:9)
	    at R3Injector.hydrate (node_modules/@angular/core/fesm2022/core.mjs:3218:21)
	    at R3Injector.get (node_modules/@angular/core/fesm2022/core.mjs:3082:33)
	    at TestBedImpl.inject (node_modules/@angular/core/fesm2022/testing.mjs:1914:52)
	    at TestBedImpl.inject (node_modules/@angular/core/fesm2022/testing.mjs:1768:37)
	    at UserContext.<anonymous> (src/app/services/mock-api.service.spec.ts:89:23)
Chrome Headless 140.0.0.0 (Mac OS 10.15.7): Executed 149 of 985[31m (75 FAILED)[39m (0 secs / 2.585 secs)
[1A[2K[31mChrome Headless 140.0.0.0 (Mac OS 10.15.7) MockApiService Error Simulation should simulate network error FAILED[39m
	TypeError: Cannot read properties of undefined (reading 'subscribe')
	    at MockApiService.initializeData (src/app/services/mock-api.service.ts:41:40)
	    at new MockApiService (src/app/services/mock-api.service.ts:33:10)
	    at Object.factory (ng:///MockApiService/ɵfac.js:4:10)
	    at callback (node_modules/@angular/core/fesm2022/core.mjs:3219:47)
	    at runInInjectorProfilerContext (node_modules/@angular/core/fesm2022/core.mjs:866:9)
	    at R3Injector.hydrate (node_modules/@angular/core/fesm2022/core.mjs:3218:21)
	    at R3Injector.get (node_modules/@angular/core/fesm2022/core.mjs:3082:33)
	    at TestBedImpl.inject (node_modules/@angular/core/fesm2022/testing.mjs:1914:52)
	    at TestBedImpl.inject (node_modules/@angular/core/fesm2022/testing.mjs:1768:37)
	    at UserContext.<anonymous> (src/app/services/mock-api.service.spec.ts:89:23)
Chrome Headless 140.0.0.0 (Mac OS 10.15.7): Executed 150 of 985[31m (76 FAILED)[39m (0 secs / 2.585 secs)
[1A[2K[31mChrome Headless 140.0.0.0 (Mac OS 10.15.7) MockApiService Error Simulation should simulate validation error FAILED[39m
	TypeError: Cannot read properties of undefined (reading 'subscribe')
	    at MockApiService.initializeData (src/app/services/mock-api.service.ts:41:40)
	    at new MockApiService (src/app/services/mock-api.service.ts:33:10)
	    at Object.factory (ng:///MockApiService/ɵfac.js:4:10)
	    at callback (node_modules/@angular/core/fesm2022/core.mjs:3219:47)
	    at runInInjectorProfilerContext (node_modules/@angular/core/fesm2022/core.mjs:866:9)
	    at R3Injector.hydrate (node_modules/@angular/core/fesm2022/core.mjs:3218:21)
	    at R3Injector.get (node_modules/@angular/core/fesm2022/core.mjs:3082:33)
	    at TestBedImpl.inject (node_modules/@angular/core/fesm2022/testing.mjs:1914:52)
	    at TestBedImpl.inject (node_modules/@angular/core/fesm2022/testing.mjs:1768:37)
	    at UserContext.<anonymous> (src/app/services/mock-api.service.spec.ts:89:23)
Chrome Headless 140.0.0.0 (Mac OS 10.15.7): Executed 151 of 985[31m (77 FAILED)[39m (0 secs / 2.586 secs)
[1A[2K[31mChrome Headless 140.0.0.0 (Mac OS 10.15.7) MockApiService Error Simulation should simulate unknown error by default FAILED[39m
	TypeError: Cannot read properties of undefined (reading 'subscribe')
	    at MockApiService.initializeData (src/app/services/mock-api.service.ts:41:40)
	    at new MockApiService (src/app/services/mock-api.service.ts:33:10)
	    at Object.factory (ng:///MockApiService/ɵfac.js:4:10)
	    at callback (node_modules/@angular/core/fesm2022/core.mjs:3219:47)
	    at runInInjectorProfilerContext (node_modules/@angular/core/fesm2022/core.mjs:866:9)
	    at R3Injector.hydrate (node_modules/@angular/core/fesm2022/core.mjs:3218:21)
	    at R3Injector.get (node_modules/@angular/core/fesm2022/core.mjs:3082:33)
	    at TestBedImpl.inject (node_modules/@angular/core/fesm2022/testing.mjs:1914:52)
	    at TestBedImpl.inject (node_modules/@angular/core/fesm2022/testing.mjs:1768:37)
	    at UserContext.<anonymous> (src/app/services/mock-api.service.spec.ts:89:23)
Chrome Headless 140.0.0.0 (Mac OS 10.15.7): Executed 152 of 985[31m (78 FAILED)[39m (0 secs / 2.586 secs)
[1A[2K[31mChrome Headless 140.0.0.0 (Mac OS 10.15.7) MockApiService Error Simulation should simulate timeout error FAILED[39m
	TypeError: Cannot read properties of undefined (reading 'subscribe')
	    at MockApiService.initializeData (src/app/services/mock-api.service.ts:41:40)
	    at new MockApiService (src/app/services/mock-api.service.ts:33:10)
	    at Object.factory (ng:///MockApiService/ɵfac.js:4:10)
	    at callback (node_modules/@angular/core/fesm2022/core.mjs:3219:47)
	    at runInInjectorProfilerContext (node_modules/@angular/core/fesm2022/core.mjs:866:9)
	    at R3Injector.hydrate (node_modules/@angular/core/fesm2022/core.mjs:3218:21)
	    at R3Injector.get (node_modules/@angular/core/fesm2022/core.mjs:3082:33)
	    at TestBedImpl.inject (node_modules/@angular/core/fesm2022/testing.mjs:1914:52)
	    at TestBedImpl.inject (node_modules/@angular/core/fesm2022/testing.mjs:1768:37)
	    at UserContext.<anonymous> (src/app/services/mock-api.service.spec.ts:89:23)
Chrome Headless 140.0.0.0 (Mac OS 10.15.7): Executed 153 of 985[31m (79 FAILED)[39m (0 secs / 2.587 secs)
[1A[2K[31mChrome Headless 140.0.0.0 (Mac OS 10.15.7) MockApiService Service Initialization should have correct default delay FAILED[39m
	TypeError: Cannot read properties of undefined (reading 'subscribe')
	    at MockApiService.initializeData (src/app/services/mock-api.service.ts:41:40)
	    at new MockApiService (src/app/services/mock-api.service.ts:33:10)
	    at Object.factory (ng:///MockApiService/ɵfac.js:4:10)
	    at callback (node_modules/@angular/core/fesm2022/core.mjs:3219:47)
	    at runInInjectorProfilerContext (node_modules/@angular/core/fesm2022/core.mjs:866:9)
	    at R3Injector.hydrate (node_modules/@angular/core/fesm2022/core.mjs:3218:21)
	    at R3Injector.get (node_modules/@angular/core/fesm2022/core.mjs:3082:33)
	    at TestBedImpl.inject (node_modules/@angular/core/fesm2022/testing.mjs:1914:52)
	    at TestBedImpl.inject (node_modules/@angular/core/fesm2022/testing.mjs:1768:37)
	    at UserContext.<anonymous> (src/app/services/mock-api.service.spec.ts:89:23)
Chrome Headless 140.0.0.0 (Mac OS 10.15.7): Executed 154 of 985[31m (80 FAILED)[39m (0 secs / 2.588 secs)
[1A[2K[31mChrome Headless 140.0.0.0 (Mac OS 10.15.7) MockApiService Service Initialization should be created FAILED[39m
	TypeError: Cannot read properties of undefined (reading 'subscribe')
	    at MockApiService.initializeData (src/app/services/mock-api.service.ts:41:40)
	    at new MockApiService (src/app/services/mock-api.service.ts:33:10)
	    at Object.factory (ng:///MockApiService/ɵfac.js:4:10)
	    at callback (node_modules/@angular/core/fesm2022/core.mjs:3219:47)
	    at runInInjectorProfilerContext (node_modules/@angular/core/fesm2022/core.mjs:866:9)
	    at R3Injector.hydrate (node_modules/@angular/core/fesm2022/core.mjs:3218:21)
	    at R3Injector.get (node_modules/@angular/core/fesm2022/core.mjs:3082:33)
	    at TestBedImpl.inject (node_modules/@angular/core/fesm2022/testing.mjs:1914:52)
	    at TestBedImpl.inject (node_modules/@angular/core/fesm2022/testing.mjs:1768:37)
	    at UserContext.<anonymous> (src/app/services/mock-api.service.spec.ts:89:23)
Chrome Headless 140.0.0.0 (Mac OS 10.15.7): Executed 155 of 985[31m (81 FAILED)[39m (0 secs / 2.589 secs)
[1A[2K[31mChrome Headless 140.0.0.0 (Mac OS 10.15.7) MockApiService Service Initialization should have correct network simulation configuration FAILED[39m
	TypeError: Cannot read properties of undefined (reading 'subscribe')
	    at MockApiService.initializeData (src/app/services/mock-api.service.ts:41:40)
	    at new MockApiService (src/app/services/mock-api.service.ts:33:10)
	    at Object.factory (ng:///MockApiService/ɵfac.js:4:10)
	    at callback (node_modules/@angular/core/fesm2022/core.mjs:3219:47)
	    at runInInjectorProfilerContext (node_modules/@angular/core/fesm2022/core.mjs:866:9)
	    at R3Injector.hydrate (node_modules/@angular/core/fesm2022/core.mjs:3218:21)
	    at R3Injector.get (node_modules/@angular/core/fesm2022/core.mjs:3082:33)
	    at TestBedImpl.inject (node_modules/@angular/core/fesm2022/testing.mjs:1914:52)
	    at TestBedImpl.inject (node_modules/@angular/core/fesm2022/testing.mjs:1768:37)
	    at UserContext.<anonymous> (src/app/services/mock-api.service.spec.ts:89:23)
Chrome Headless 140.0.0.0 (Mac OS 10.15.7): Executed 156 of 985[31m (82 FAILED)[39m (0 secs / 2.59 secs)
[1A[2K[31mChrome Headless 140.0.0.0 (Mac OS 10.15.7) MockApiService Service Initialization should initialize data on construction FAILED[39m
	TypeError: Cannot read properties of undefined (reading 'subscribe')
	    at MockApiService.initializeData (src/app/services/mock-api.service.ts:41:40)
	    at new MockApiService (src/app/services/mock-api.service.ts:33:10)
	    at Object.factory (ng:///MockApiService/ɵfac.js:4:10)
	    at callback (node_modules/@angular/core/fesm2022/core.mjs:3219:47)
	    at runInInjectorProfilerContext (node_modules/@angular/core/fesm2022/core.mjs:866:9)
	    at R3Injector.hydrate (node_modules/@angular/core/fesm2022/core.mjs:3218:21)
	    at R3Injector.get (node_modules/@angular/core/fesm2022/core.mjs:3082:33)
	    at TestBedImpl.inject (node_modules/@angular/core/fesm2022/testing.mjs:1914:52)
	    at TestBedImpl.inject (node_modules/@angular/core/fesm2022/testing.mjs:1768:37)
	    at UserContext.<anonymous> (src/app/services/mock-api.service.spec.ts:89:23)
Chrome Headless 140.0.0.0 (Mac OS 10.15.7): Executed 157 of 985[31m (83 FAILED)[39m (0 secs / 2.59 secs)
[1A[2K[31mChrome Headless 140.0.0.0 (Mac OS 10.15.7) MockApiService Data Service Integration should handle client data service errors FAILED[39m
	TypeError: Cannot read properties of undefined (reading 'subscribe')
	    at MockApiService.initializeData (src/app/services/mock-api.service.ts:41:40)
	    at new MockApiService (src/app/services/mock-api.service.ts:33:10)
	    at Object.factory (ng:///MockApiService/ɵfac.js:4:10)
	    at callback (node_modules/@angular/core/fesm2022/core.mjs:3219:47)
	    at runInInjectorProfilerContext (node_modules/@angular/core/fesm2022/core.mjs:866:9)
	    at R3Injector.hydrate (node_modules/@angular/core/fesm2022/core.mjs:3218:21)
	    at R3Injector.get (node_modules/@angular/core/fesm2022/core.mjs:3082:33)
	    at TestBedImpl.inject (node_modules/@angular/core/fesm2022/testing.mjs:1914:52)
	    at TestBedImpl.inject (node_modules/@angular/core/fesm2022/testing.mjs:1768:37)
	    at UserContext.<anonymous> (src/app/services/mock-api.service.spec.ts:89:23)
Chrome Headless 140.0.0.0 (Mac OS 10.15.7): Executed 158 of 985[31m (84 FAILED)[39m (0 secs / 2.591 secs)
[1A[2K[31mChrome Headless 140.0.0.0 (Mac OS 10.15.7) MockApiService Data Service Integration should handle ecosystem data service errors FAILED[39m
	TypeError: Cannot read properties of undefined (reading 'subscribe')
	    at MockApiService.initializeData (src/app/services/mock-api.service.ts:41:40)
	    at new MockApiService (src/app/services/mock-api.service.ts:33:10)
	    at Object.factory (ng:///MockApiService/ɵfac.js:4:10)
	    at callback (node_modules/@angular/core/fesm2022/core.mjs:3219:47)
	    at runInInjectorProfilerContext (node_modules/@angular/core/fesm2022/core.mjs:866:9)
	    at R3Injector.hydrate (node_modules/@angular/core/fesm2022/core.mjs:3218:21)
	    at R3Injector.get (node_modules/@angular/core/fesm2022/core.mjs:3082:33)
	    at TestBedImpl.inject (node_modules/@angular/core/fesm2022/testing.mjs:1914:52)
	    at TestBedImpl.inject (node_modules/@angular/core/fesm2022/testing.mjs:1768:37)
	    at UserContext.<anonymous> (src/app/services/mock-api.service.spec.ts:89:23)
Chrome Headless 140.0.0.0 (Mac OS 10.15.7): Executed 159 of 985[31m (85 FAILED)[39m (0 secs / 2.591 secs)
[1A[2K[31mChrome Headless 140.0.0.0 (Mac OS 10.15.7) MockApiService Data Service Integration should handle collective group data service errors FAILED[39m
	TypeError: Cannot read properties of undefined (reading 'subscribe')
	    at MockApiService.initializeData (src/app/services/mock-api.service.ts:41:40)
	    at new MockApiService (src/app/services/mock-api.service.ts:33:10)
	    at Object.factory (ng:///MockApiService/ɵfac.js:4:10)
	    at callback (node_modules/@angular/core/fesm2022/core.mjs:3219:47)
	    at runInInjectorProfilerContext (node_modules/@angular/core/fesm2022/core.mjs:866:9)
	    at R3Injector.hydrate (node_modules/@angular/core/fesm2022/core.mjs:3218:21)
	    at R3Injector.get (node_modules/@angular/core/fesm2022/core.mjs:3082:33)
	    at TestBedImpl.inject (node_modules/@angular/core/fesm2022/testing.mjs:1914:52)
	    at TestBedImpl.inject (node_modules/@angular/core/fesm2022/testing.mjs:1768:37)
	    at UserContext.<anonymous> (src/app/services/mock-api.service.spec.ts:89:23)
Chrome Headless 140.0.0.0 (Mac OS 10.15.7): Executed 160 of 985[31m (86 FAILED)[39m (0 secs / 2.592 secs)
[1A[2K[31mChrome Headless 140.0.0.0 (Mac OS 10.15.7) MockApiService Business Logic Validation should maintain scenario data consistency FAILED[39m
	TypeError: Cannot read properties of undefined (reading 'subscribe')
	    at MockApiService.initializeData (src/app/services/mock-api.service.ts:41:40)
	    at new MockApiService (src/app/services/mock-api.service.ts:33:10)
	    at Object.factory (ng:///MockApiService/ɵfac.js:4:10)
	    at callback (node_modules/@angular/core/fesm2022/core.mjs:3219:47)
	    at runInInjectorProfilerContext (node_modules/@angular/core/fesm2022/core.mjs:866:9)
	    at R3Injector.hydrate (node_modules/@angular/core/fesm2022/core.mjs:3218:21)
	    at R3Injector.get (node_modules/@angular/core/fesm2022/core.mjs:3082:33)
	    at TestBedImpl.inject (node_modules/@angular/core/fesm2022/testing.mjs:1914:52)
	    at TestBedImpl.inject (node_modules/@angular/core/fesm2022/testing.mjs:1768:37)
	    at UserContext.<anonymous> (src/app/services/mock-api.service.spec.ts:89:23)
Chrome Headless 140.0.0.0 (Mac OS 10.15.7): Executed 161 of 985[31m (87 FAILED)[39m (0 secs / 2.609 secs)
[1A[2K[31mChrome Headless 140.0.0.0 (Mac OS 10.15.7) MockApiService Business Logic Validation should generate unique scenario IDs FAILED[39m
	TypeError: Cannot read properties of undefined (reading 'subscribe')
	    at MockApiService.initializeData (src/app/services/mock-api.service.ts:41:40)
	    at new MockApiService (src/app/services/mock-api.service.ts:33:10)
	    at Object.factory (ng:///MockApiService/ɵfac.js:4:10)
	    at callback (node_modules/@angular/core/fesm2022/core.mjs:3219:47)
	    at runInInjectorProfilerContext (node_modules/@angular/core/fesm2022/core.mjs:866:9)
	    at R3Injector.hydrate (node_modules/@angular/core/fesm2022/core.mjs:3218:21)
	    at R3Injector.get (node_modules/@angular/core/fesm2022/core.mjs:3082:33)
	    at TestBedImpl.inject (node_modules/@angular/core/fesm2022/testing.mjs:1914:52)
	    at TestBedImpl.inject (node_modules/@angular/core/fesm2022/testing.mjs:1768:37)
	    at UserContext.<anonymous> (src/app/services/mock-api.service.spec.ts:89:23)
Chrome Headless 140.0.0.0 (Mac OS 10.15.7): Executed 162 of 985[31m (88 FAILED)[39m (0 secs / 2.611 secs)
[1A[2K[31mChrome Headless 140.0.0.0 (Mac OS 10.15.7) MockApiService Search and Analytics should perform global search with results structure FAILED[39m
	TypeError: Cannot read properties of undefined (reading 'subscribe')
	    at MockApiService.initializeData (src/app/services/mock-api.service.ts:41:40)
	    at new MockApiService (src/app/services/mock-api.service.ts:33:10)
	    at Object.factory (ng:///MockApiService/ɵfac.js:4:10)
	    at callback (node_modules/@angular/core/fesm2022/core.mjs:3219:47)
	    at runInInjectorProfilerContext (node_modules/@angular/core/fesm2022/core.mjs:866:9)
	    at R3Injector.hydrate (node_modules/@angular/core/fesm2022/core.mjs:3218:21)
	    at R3Injector.get (node_modules/@angular/core/fesm2022/core.mjs:3082:33)
	    at TestBedImpl.inject (node_modules/@angular/core/fesm2022/testing.mjs:1914:52)
	    at TestBedImpl.inject (node_modules/@angular/core/fesm2022/testing.mjs:1768:37)
	    at UserContext.<anonymous> (src/app/services/mock-api.service.spec.ts:89:23)
Chrome Headless 140.0.0.0 (Mac OS 10.15.7): Executed 163 of 985[31m (89 FAILED)[39m (0 secs / 2.612 secs)
[1A[2K[31mChrome Headless 140.0.0.0 (Mac OS 10.15.7) MockApiService Search and Analytics should get dashboard stats with complete data FAILED[39m
	TypeError: Cannot read properties of undefined (reading 'subscribe')
	    at MockApiService.initializeData (src/app/services/mock-api.service.ts:41:40)
	    at new MockApiService (src/app/services/mock-api.service.ts:33:10)
	    at Object.factory (ng:///MockApiService/ɵfac.js:4:10)
	    at callback (node_modules/@angular/core/fesm2022/core.mjs:3219:47)
	    at runInInjectorProfilerContext (node_modules/@angular/core/fesm2022/core.mjs:866:9)
	    at R3Injector.hydrate (node_modules/@angular/core/fesm2022/core.mjs:3218:21)
	    at R3Injector.get (node_modules/@angular/core/fesm2022/core.mjs:3082:33)
	    at TestBedImpl.inject (node_modules/@angular/core/fesm2022/testing.mjs:1914:52)
	    at TestBedImpl.inject (node_modules/@angular/core/fesm2022/testing.mjs:1768:37)
	    at UserContext.<anonymous> (src/app/services/mock-api.service.spec.ts:89:23)
Chrome Headless 140.0.0.0 (Mac OS 10.15.7): Executed 164 of 985[31m (90 FAILED)[39m (0 secs / 2.614 secs)
[1A[2KChrome Headless 140.0.0.0 (Mac OS 10.15.7): Executed 165 of 985[31m (90 FAILED)[39m (0 secs / 2.615 secs)
[1A[2KChrome Headless 140.0.0.0 (Mac OS 10.15.7): Executed 166 of 985[31m (90 FAILED)[39m (0 secs / 2.616 secs)
[1A[2KChrome Headless 140.0.0.0 (Mac OS 10.15.7): Executed 167 of 985[31m (90 FAILED)[39m (0 secs / 2.617 secs)
[1A[2KChrome Headless 140.0.0.0 (Mac OS 10.15.7): Executed 168 of 985[31m (90 FAILED)[39m (0 secs / 3.22 secs)
[1A[2KChrome Headless 140.0.0.0 (Mac OS 10.15.7): Executed 169 of 985[31m (90 FAILED)[39m (0 secs / 3.823 secs)
[1A[2KChrome Headless 140.0.0.0 (Mac OS 10.15.7): Executed 170 of 985[31m (90 FAILED)[39m (0 secs / 4.426 secs)
[1A[2KChrome Headless 140.0.0.0 (Mac OS 10.15.7): Executed 171 of 985[31m (90 FAILED)[39m (0 secs / 4.428 secs)
[1A[2KChrome Headless 140.0.0.0 (Mac OS 10.15.7): Executed 172 of 985[31m (90 FAILED)[39m (0 secs / 4.429 secs)
[1A[2KChrome Headless 140.0.0.0 (Mac OS 10.15.7): Executed 173 of 985[31m (90 FAILED)[39m (0 secs / 4.43 secs)
[1A[2K[31mChrome Headless 140.0.0.0 (Mac OS 10.15.7) CotizadorEngineService Balance Calculations should calculate balance for interest-bearing loan FAILED[39m
	Expected 0 to be greater than 0.
	    at <Jasmine>
	    at UserContext.apply (src/app/services/cotizador-engine.service.spec.ts:233:23)
	    at _ZoneDelegate.invoke (node_modules/zone.js/fesm2015/zone.js:369:28)
	    at ProxyZoneSpec.onInvoke (node_modules/zone.js/fesm2015/zone-testing.js:2081:39)
	    at _ZoneDelegate.invoke (node_modules/zone.js/fesm2015/zone.js:368:34)
Chrome Headless 140.0.0.0 (Mac OS 10.15.7): Executed 174 of 985[31m (91 FAILED)[39m (0 secs / 4.432 secs)
[1A[2KChrome Headless 140.0.0.0 (Mac OS 10.15.7): Executed 175 of 985[31m (91 FAILED)[39m (0 secs / 4.432 secs)
[1A[2KChrome Headless 140.0.0.0 (Mac OS 10.15.7): Executed 176 of 985[31m (91 FAILED)[39m (0 secs / 4.432 secs)
[1A[2KChrome Headless 140.0.0.0 (Mac OS 10.15.7): Executed 177 of 985[31m (91 FAILED)[39m (0 secs / 4.433 secs)
[1A[2KChrome Headless 140.0.0.0 (Mac OS 10.15.7): Executed 178 of 985[31m (91 FAILED)[39m (0 secs / 4.434 secs)
[1A[2KChrome Headless 140.0.0.0 (Mac OS 10.15.7): Executed 179 of 985[31m (91 FAILED)[39m (0 secs / 4.434 secs)
[1A[2KChrome Headless 140.0.0.0 (Mac OS 10.15.7): Executed 180 of 985[31m (91 FAILED)[39m (0 secs / 4.434 secs)
[1A[2KChrome Headless 140.0.0.0 (Mac OS 10.15.7): Executed 181 of 985[31m (91 FAILED)[39m (0 secs / 4.435 secs)
[1A[2KChrome Headless 140.0.0.0 (Mac OS 10.15.7): Executed 182 of 985[31m (91 FAILED)[39m (0 secs / 4.436 secs)
[1A[2KChrome Headless 140.0.0.0 (Mac OS 10.15.7): Executed 183 of 985[31m (91 FAILED)[39m (0 secs / 4.436 secs)
[1A[2KChrome Headless 140.0.0.0 (Mac OS 10.15.7): Executed 184 of 985[31m (91 FAILED)[39m (0 secs / 4.437 secs)
[1A[2KChrome Headless 140.0.0.0 (Mac OS 10.15.7): Executed 185 of 985[31m (91 FAILED)[39m (0 secs / 4.437 secs)
[1A[2KChrome Headless 140.0.0.0 (Mac OS 10.15.7): Executed 186 of 985[31m (91 FAILED)[39m (0 secs / 4.438 secs)
[1A[2KChrome Headless 140.0.0.0 (Mac OS 10.15.7): Executed 187 of 985[31m (91 FAILED)[39m (0 secs / 5.142 secs)
[1A[2KChrome Headless 140.0.0.0 (Mac OS 10.15.7): Executed 188 of 985[31m (91 FAILED)[39m (0 secs / 5.847 secs)
[1A[2KChrome Headless 140.0.0.0 (Mac OS 10.15.7): Executed 189 of 985[31m (91 FAILED)[39m (0 secs / 6.552 secs)
[1A[2KChrome Headless 140.0.0.0 (Mac OS 10.15.7): Executed 190 of 985[31m (91 FAILED)[39m (0 secs / 7.259 secs)
[1A[2KChrome Headless 140.0.0.0 (Mac OS 10.15.7): Executed 191 of 985[31m (91 FAILED)[39m (0 secs / 7.261 secs)
[1A[2KChrome Headless 140.0.0.0 (Mac OS 10.15.7): Executed 192 of 985[31m (91 FAILED)[39m (0 secs / 7.264 secs)
[1A[2KChrome Headless 140.0.0.0 (Mac OS 10.15.7): Executed 193 of 985[31m (91 FAILED)[39m (0 secs / 7.265 secs)
[1A[2KChrome Headless 140.0.0.0 (Mac OS 10.15.7): Executed 194 of 985[31m (91 FAILED)[39m (0 secs / 7.265 secs)
[1A[2KChrome Headless 140.0.0.0 (Mac OS 10.15.7): Executed 195 of 985[31m (91 FAILED)[39m (0 secs / 7.266 secs)
[1A[2KChrome Headless 140.0.0.0 (Mac OS 10.15.7): Executed 196 of 985[31m (91 FAILED)[39m (0 secs / 7.267 secs)
[1A[2KChrome Headless 140.0.0.0 (Mac OS 10.15.7): Executed 197 of 985[31m (91 FAILED)[39m (0 secs / 7.267 secs)
[1A[2KChrome Headless 140.0.0.0 (Mac OS 10.15.7): Executed 198 of 985[31m (91 FAILED)[39m (0 secs / 7.267 secs)
[1A[2KChrome Headless 140.0.0.0 (Mac OS 10.15.7): Executed 199 of 985[31m (91 FAILED)[39m (0 secs / 7.267 secs)
[1A[2KChrome Headless 140.0.0.0 (Mac OS 10.15.7): Executed 200 of 985[31m (91 FAILED)[39m (0 secs / 7.267 secs)
10 09 2025 01:22:27.627:WARN [web-server]: 404: /_karma_webpack_/test.jpg
[1A[2KWARN: [36m'Failed to load axe-core, using mock implementation:', TypeError: Rules property must be an array
TypeError: Rules property must be an array
    at Module.configure (http://localhost:9876/_karma_webpack_/webpack:/node_modules/axe-core/axe.js:20098:17)
    at http://localhost:9876/_karma_webpack_/webpack:/src/test-helpers/accessibility-test-framework.ts:59:20
    at Generator.next (<anonymous>)
    at asyncGeneratorStep (http://localhost:9876/_karma_webpack_/webpack:/node_modules/@angular-devkit/build-angular/node_modules/@babel/runtime/helpers/esm/asyncToGenerator.js:3:1)
    at apply (http://localhost:9876/_karma_webpack_/webpack:/node_modules/@angular-devkit/build-angular/node_modules/@babel/runtime/helpers/esm/asyncToGenerator.js:17:1)
    at _ZoneDelegate.invoke (http://localhost:9876/_karma_webpack_/webpack:/node_modules/zone.js/fesm2015/zone.js:369:28)
    at ProxyZoneSpec.onInvoke (http://localhost:9876/_karma_webpack_/webpack:/node_modules/zone.js/fesm2015/zone-testing.js:2081:39)
    at _ZoneDelegate.invoke (http://localhost:9876/_karma_webpack_/webpack:/node_modules/zone.js/fesm2015/zone.js:368:34)
    at ZoneImpl.run (http://localhost:9876/_karma_webpack_/webpack:/node_modules/zone.js/fesm2015/zone.js:111:43)
    at http://localhost:9876/_karma_webpack_/webpack:/node_modules/zone.js/fesm2015/zone.js:2538:40[39m
Chrome Headless 140.0.0.0 (Mac OS 10.15.7): Executed 200 of 985[31m (91 FAILED)[39m (0 secs / 7.267 secs)
WARN: 'Failed to load axe-core, using mock implementation:', TypeError: Rules property must be an array
TypeError: Rules property must be an array
    at Module.configure (http://localhost:9876/_karma_webpack_/webpack:/node_modules/axe-core/axe.js:20098:17)
    at http://localhost:9876/_karma_webpack_/webpack:/src/test-helpers/accessibility-test-framework.ts:59:20
    at Generator.next (<anonymous>)
    at asyncGeneratorStep (http://localhost:9876/_karma_webpack_/webpack:/node_modules/@angular-devkit/build-angular/node_modules/@babel/runtime/helpers/esm/asyncToGenerator.js:3:1)
    at apply (http://localhost:9876/_karma_webpack_/webpack:/node_modules/@angular-devkit/build-angular/node_modules/@babel/runtime/helpers/esm/asyncToGenerator.js:17:1)
    at _ZoneDelegate.invoke (http://localhost:9876/_karma_webpack_/webpack:/node_modules/zone.js/fesm2015/zone.js:369:28)
    at ProxyZoneSpec.onInvoke (http://localhost:9876/_karma_webpack_/webpack:/node_modules/zone.js/fesm2015/zone-testing.js:2081:39)
    at _ZoneDelegate.invoke (http://localhost:9876/_karma_webpack_/webpack:/node_modules/zone.js/fesm2015/zone.js:368:34)
    at ZoneImpl.run (http://localhost:9876/_karma_webpack_/webpack:/node_modules/zone.js/fesm2015/zone.js:111:43)
    at http://localhost:9876/_karma_webpack_/webpack:/node_modules/zone.js/fesm2015/zone.js:2538:40
[1A[2KChrome Headless 140.0.0.0 (Mac OS 10.15.7): Executed 201 of 985[31m (91 FAILED)[39m (0 secs / 7.513 secs)
[1A[2KChrome Headless 140.0.0.0 (Mac OS 10.15.7): Executed 202 of 985[31m (91 FAILED)[39m (0 secs / 7.514 secs)
10 09 2025 01:22:27.863:WARN [web-server]: 404: /_karma_webpack_/test.jpg
[1A[2KChrome Headless 140.0.0.0 (Mac OS 10.15.7): Executed 203 of 985[31m (91 FAILED)[39m (0 secs / 7.515 secs)
[1A[2KChrome Headless 140.0.0.0 (Mac OS 10.15.7): Executed 204 of 985[31m (91 FAILED)[39m (0 secs / 7.516 secs)
[1A[2KChrome Headless 140.0.0.0 (Mac OS 10.15.7): Executed 205 of 985[31m (91 FAILED)[39m (0 secs / 7.516 secs)
[1A[2KChrome Headless 140.0.0.0 (Mac OS 10.15.7): Executed 206 of 985[31m (91 FAILED)[39m (0 secs / 7.516 secs)
[1A[2KChrome Headless 140.0.0.0 (Mac OS 10.15.7): Executed 207 of 985[31m (91 FAILED)[39m (0 secs / 7.517 secs)
10 09 2025 01:22:27.867:WARN [web-server]: 404: /_karma_webpack_/test.jpg
[1A[2KLOG: [36m'✅ No accessibility violations found in SampleTestComponent'[39m
Chrome Headless 140.0.0.0 (Mac OS 10.15.7): Executed 207 of 985[31m (91 FAILED)[39m (0 secs / 7.517 secs)
LOG: '✅ No accessibility violations found in SampleTestComponent'
[1A[2KChrome Headless 140.0.0.0 (Mac OS 10.15.7): Executed 208 of 985[31m (91 FAILED)[39m (0 secs / 7.518 secs)
[1A[2K[31mChrome Headless 140.0.0.0 (Mac OS 10.15.7) ToastService Toast Management should generate unique IDs for different toasts FAILED[39m
	Expected '1757488947867' not to be '1757488947867'.
	    at <Jasmine>
	    at UserContext.apply (src/app/services/toast.service.spec.ts:135:32)
	    at _ZoneDelegate.invoke (node_modules/zone.js/fesm2015/zone.js:369:28)
	    at ProxyZoneSpec.onInvoke (node_modules/zone.js/fesm2015/zone-testing.js:2081:39)
	    at _ZoneDelegate.invoke (node_modules/zone.js/fesm2015/zone.js:368:34)
Chrome Headless 140.0.0.0 (Mac OS 10.15.7): Executed 209 of 985[31m (92 FAILED)[39m (0 secs / 7.52 secs)
[1A[2KChrome Headless 140.0.0.0 (Mac OS 10.15.7): Executed 210 of 985[31m (92 FAILED)[39m (0 secs / 7.521 secs)
[1A[2K[31mChrome Headless 140.0.0.0 (Mac OS 10.15.7) ToastService Toast Management should remove only specified toast when multiple exist FAILED[39m
	Expected 0 to be 2.
	    at <Jasmine>
	    at UserContext.apply (src/app/services/toast.service.spec.ts:173:38)
	    at _ZoneDelegate.invoke (node_modules/zone.js/fesm2015/zone.js:369:28)
	    at ProxyZoneSpec.onInvoke (node_modules/zone.js/fesm2015/zone-testing.js:2081:39)
	    at _ZoneDelegate.invoke (node_modules/zone.js/fesm2015/zone.js:368:34)
	TypeError: Cannot read properties of undefined (reading 'message')
	    at UserContext.apply (src/app/services/toast.service.spec.ts:175:33)
	    at _ZoneDelegate.invoke (node_modules/zone.js/fesm2015/zone.js:369:28)
	    at ProxyZoneSpec.onInvoke (node_modules/zone.js/fesm2015/zone-testing.js:2081:39)
	    at _ZoneDelegate.invoke (node_modules/zone.js/fesm2015/zone.js:368:34)
	    at ZoneImpl.run (node_modules/zone.js/fesm2015/zone.js:111:43)
	    at runInTestZone (node_modules/zone.js/fesm2015/zone-testing.js:216:38)
	    at UserContext.<anonymous> (node_modules/zone.js/fesm2015/zone-testing.js:234:32)
	    at <Jasmine>
Chrome Headless 140.0.0.0 (Mac OS 10.15.7): Executed 211 of 985[31m (93 FAILED)[39m (0 secs / 7.522 secs)
[1A[2KChrome Headless 140.0.0.0 (Mac OS 10.15.7): Executed 212 of 985[31m (93 FAILED)[39m (0 secs / 7.523 secs)
[1A[2KChrome Headless 140.0.0.0 (Mac OS 10.15.7): Executed 213 of 985[31m (93 FAILED)[39m (0 secs / 7.523 secs)
[1A[2KChrome Headless 140.0.0.0 (Mac OS 10.15.7): Executed 214 of 985[31m (93 FAILED)[39m (0 secs / 7.524 secs)
[1A[2KChrome Headless 140.0.0.0 (Mac OS 10.15.7): Executed 215 of 985[31m (93 FAILED)[39m (0 secs / 7.525 secs)
[1A[2KChrome Headless 140.0.0.0 (Mac OS 10.15.7): Executed 216 of 985[31m (93 FAILED)[39m (0 secs / 7.525 secs)
[1A[2KChrome Headless 140.0.0.0 (Mac OS 10.15.7): Executed 217 of 985[31m (93 FAILED)[39m (0 secs / 7.525 secs)
[1A[2KChrome Headless 140.0.0.0 (Mac OS 10.15.7): Executed 218 of 985[31m (93 FAILED)[39m (0 secs / 7.527 secs)
[1A[2KChrome Headless 140.0.0.0 (Mac OS 10.15.7): Executed 219 of 985[31m (93 FAILED)[39m (0 secs / 7.528 secs)
[1A[2KChrome Headless 140.0.0.0 (Mac OS 10.15.7): Executed 220 of 985[31m (93 FAILED)[39m (0 secs / 7.529 secs)
[1A[2KChrome Headless 140.0.0.0 (Mac OS 10.15.7): Executed 221 of 985[31m (93 FAILED)[39m (0 secs / 7.641 secs)
[1A[2K[31mChrome Headless 140.0.0.0 (Mac OS 10.15.7) ToastService Auto-removal Functionality should auto-remove multiple toasts at different times FAILED[39m
	Expected 0 to be 1.
	    at <Jasmine>
	    at apply (src/app/services/toast.service.spec.ts:202:44)
	    at apply (node_modules/zone.js/fesm2015/zone.js:1809:37)
	    at _ZoneDelegate.invokeTask (node_modules/zone.js/fesm2015/zone.js:402:33)
	    at ProxyZoneSpec.onInvokeTask (node_modules/zone.js/fesm2015/zone-testing.js:2112:39)
	Uncaught TypeError: Cannot read properties of undefined (reading 'message') thrown
Chrome Headless 140.0.0.0 (Mac OS 10.15.7): Executed 222 of 985[31m (94 FAILED)[39m (0 secs / 7.818 secs)
[1A[2KChrome Headless 140.0.0.0 (Mac OS 10.15.7): Executed 223 of 985[31m (94 FAILED)[39m (0 secs / 8.031 secs)
[1A[2KChrome Headless 140.0.0.0 (Mac OS 10.15.7): Executed 224 of 985[31m (94 FAILED)[39m (0 secs / 8.032 secs)
[1A[2KChrome Headless 140.0.0.0 (Mac OS 10.15.7): Executed 225 of 985[31m (94 FAILED)[39m (0 secs / 8.033 secs)
[1A[2KChrome Headless 140.0.0.0 (Mac OS 10.15.7): Executed 226 of 985[31m (94 FAILED)[39m (0 secs / 8.034 secs)
[1A[2KChrome Headless 140.0.0.0 (Mac OS 10.15.7): Executed 227 of 985[31m (94 FAILED)[39m (0 secs / 8.035 secs)
[1A[2KChrome Headless 140.0.0.0 (Mac OS 10.15.7): Executed 228 of 985[31m (94 FAILED)[39m (0 secs / 8.036 secs)
[1A[2KChrome Headless 140.0.0.0 (Mac OS 10.15.7): Executed 229 of 985[31m (94 FAILED)[39m (0 secs / 8.036 secs)
[1A[2KChrome Headless 140.0.0.0 (Mac OS 10.15.7): Executed 230 of 985[31m (94 FAILED)[39m (0 secs / 8.036 secs)
[1A[2KChrome Headless 140.0.0.0 (Mac OS 10.15.7): Executed 231 of 985[31m (94 FAILED)[39m (0 secs / 8.037 secs)
[1A[2K[31mChrome Headless 140.0.0.0 (Mac OS 10.15.7) ToastService Edge Cases should handle rapid consecutive toasts FAILED[39m
	Expected 1 to be 10.
	    at <Jasmine>
	    at UserContext.apply (src/app/services/toast.service.spec.ts:359:30)
	    at _ZoneDelegate.invoke (node_modules/zone.js/fesm2015/zone.js:369:28)
	    at ProxyZoneSpec.onInvoke (node_modules/zone.js/fesm2015/zone-testing.js:2081:39)
	    at _ZoneDelegate.invoke (node_modules/zone.js/fesm2015/zone.js:368:34)
Chrome Headless 140.0.0.0 (Mac OS 10.15.7): Executed 232 of 985[31m (95 FAILED)[39m (0 secs / 8.037 secs)
[1A[2K[31mChrome Headless 140.0.0.0 (Mac OS 10.15.7) ToastService Toast State Management should maintain correct state after multiple operations FAILED[39m
	Expected 0 to be 2.
	    at <Jasmine>
	    at UserContext.apply (src/app/services/toast.service.spec.ts:379:38)
	    at _ZoneDelegate.invoke (node_modules/zone.js/fesm2015/zone.js:369:28)
	    at ProxyZoneSpec.onInvoke (node_modules/zone.js/fesm2015/zone-testing.js:2081:39)
	    at _ZoneDelegate.invoke (node_modules/zone.js/fesm2015/zone.js:368:34)
	TypeError: Cannot read properties of undefined (reading 'message')
	    at UserContext.apply (src/app/services/toast.service.spec.ts:380:33)
	    at _ZoneDelegate.invoke (node_modules/zone.js/fesm2015/zone.js:369:28)
	    at ProxyZoneSpec.onInvoke (node_modules/zone.js/fesm2015/zone-testing.js:2081:39)
	    at _ZoneDelegate.invoke (node_modules/zone.js/fesm2015/zone.js:368:34)
	    at ZoneImpl.run (node_modules/zone.js/fesm2015/zone.js:111:43)
	    at runInTestZone (node_modules/zone.js/fesm2015/zone-testing.js:216:38)
	    at UserContext.<anonymous> (node_modules/zone.js/fesm2015/zone-testing.js:234:32)
	    at <Jasmine>
Chrome Headless 140.0.0.0 (Mac OS 10.15.7): Executed 233 of 985[31m (96 FAILED)[39m (0 secs / 8.037 secs)
[1A[2KChrome Headless 140.0.0.0 (Mac OS 10.15.7): Executed 234 of 985[31m (96 FAILED)[39m (0 secs / 8.038 secs)
[1A[2KChrome Headless 140.0.0.0 (Mac OS 10.15.7): Executed 235 of 985[31m (96 FAILED)[39m (0 secs / 8.038 secs)
[1A[2KChrome Headless 140.0.0.0 (Mac OS 10.15.7): Executed 236 of 985[31m (96 FAILED)[39m (0 secs / 8.039 secs)
[1A[2KChrome Headless 140.0.0.0 (Mac OS 10.15.7): Executed 237 of 985[31m (96 FAILED)[39m (0 secs / 8.039 secs)
[1A[2KChrome Headless 140.0.0.0 (Mac OS 10.15.7): Executed 238 of 985[31m (96 FAILED)[39m (0 secs / 8.039 secs)
[1A[2KChrome Headless 140.0.0.0 (Mac OS 10.15.7): Executed 239 of 985[31m (96 FAILED)[39m (0 secs / 8.039 secs)
[1A[2KChrome Headless 140.0.0.0 (Mac OS 10.15.7): Executed 240 of 985[31m (96 FAILED)[39m (0 secs / 8.039 secs)
[1A[2KChrome Headless 140.0.0.0 (Mac OS 10.15.7): Executed 241 of 985[31m (96 FAILED)[39m (0 secs / 8.04 secs)
[1A[2KChrome Headless 140.0.0.0 (Mac OS 10.15.7): Executed 242 of 985[31m (96 FAILED)[39m (0 secs / 8.04 secs)
[1A[2K[31mChrome Headless 140.0.0.0 (Mac OS 10.15.7) StorageService Form Cache Management should cache form data with TTL FAILED[39m
	ReferenceError: global is not defined
	    at UserContext.<anonymous> (src/app/services/storage.service.spec.ts:41:6)
	    at Generator.next (<anonymous>)
	    at asyncGeneratorStep (node_modules/@angular-devkit/build-angular/node_modules/@babel/runtime/helpers/esm/asyncToGenerator.js:3:1)
	    at _next (node_modules/@angular-devkit/build-angular/node_modules/@babel/runtime/helpers/esm/asyncToGenerator.js:17:1)
	    at executor (node_modules/@angular-devkit/build-angular/node_modules/@babel/runtime/helpers/esm/asyncToGenerator.js:22:1)
	    at new ZoneAwarePromise (node_modules/zone.js/fesm2015/zone.js:2702:25)
	    at UserContext.apply (node_modules/@angular-devkit/build-angular/node_modules/@babel/runtime/helpers/esm/asyncToGenerator.js:14:1)
	    at _ZoneDelegate.invoke (node_modules/zone.js/fesm2015/zone.js:369:28)
	    at ProxyZoneSpec.onInvoke (node_modules/zone.js/fesm2015/zone-testing.js:2081:39)
	    at _ZoneDelegate.invoke (node_modules/zone.js/fesm2015/zone.js:368:34)
Chrome Headless 140.0.0.0 (Mac OS 10.15.7): Executed 243 of 985[31m (97 FAILED)[39m (0 secs / 8.041 secs)
[1A[2K[31mChrome Headless 140.0.0.0 (Mac OS 10.15.7) StorageService Form Cache Management should retrieve cached form data FAILED[39m
	ReferenceError: global is not defined
	    at UserContext.<anonymous> (src/app/services/storage.service.spec.ts:41:6)
	    at Generator.next (<anonymous>)
	    at asyncGeneratorStep (node_modules/@angular-devkit/build-angular/node_modules/@babel/runtime/helpers/esm/asyncToGenerator.js:3:1)
	    at _next (node_modules/@angular-devkit/build-angular/node_modules/@babel/runtime/helpers/esm/asyncToGenerator.js:17:1)
	    at executor (node_modules/@angular-devkit/build-angular/node_modules/@babel/runtime/helpers/esm/asyncToGenerator.js:22:1)
	    at new ZoneAwarePromise (node_modules/zone.js/fesm2015/zone.js:2702:25)
	    at UserContext.apply (node_modules/@angular-devkit/build-angular/node_modules/@babel/runtime/helpers/esm/asyncToGenerator.js:14:1)
	    at _ZoneDelegate.invoke (node_modules/zone.js/fesm2015/zone.js:369:28)
	    at ProxyZoneSpec.onInvoke (node_modules/zone.js/fesm2015/zone-testing.js:2081:39)
	    at _ZoneDelegate.invoke (node_modules/zone.js/fesm2015/zone.js:368:34)
Chrome Headless 140.0.0.0 (Mac OS 10.15.7): Executed 244 of 985[31m (98 FAILED)[39m (0 secs / 8.042 secs)
[1A[2K[31mChrome Headless 140.0.0.0 (Mac OS 10.15.7) StorageService Form Cache Management should return null for expired form cache FAILED[39m
	ReferenceError: global is not defined
	    at UserContext.<anonymous> (src/app/services/storage.service.spec.ts:41:6)
	    at Generator.next (<anonymous>)
	    at asyncGeneratorStep (node_modules/@angular-devkit/build-angular/node_modules/@babel/runtime/helpers/esm/asyncToGenerator.js:3:1)
	    at _next (node_modules/@angular-devkit/build-angular/node_modules/@babel/runtime/helpers/esm/asyncToGenerator.js:17:1)
	    at executor (node_modules/@angular-devkit/build-angular/node_modules/@babel/runtime/helpers/esm/asyncToGenerator.js:22:1)
	    at new ZoneAwarePromise (node_modules/zone.js/fesm2015/zone.js:2702:25)
	    at UserContext.apply (node_modules/@angular-devkit/build-angular/node_modules/@babel/runtime/helpers/esm/asyncToGenerator.js:14:1)
	    at _ZoneDelegate.invoke (node_modules/zone.js/fesm2015/zone.js:369:28)
	    at ProxyZoneSpec.onInvoke (node_modules/zone.js/fesm2015/zone-testing.js:2081:39)
	    at _ZoneDelegate.invoke (node_modules/zone.js/fesm2015/zone.js:368:34)
Chrome Headless 140.0.0.0 (Mac OS 10.15.7): Executed 245 of 985[31m (99 FAILED)[39m (0 secs / 8.042 secs)
[1A[2K[31mChrome Headless 140.0.0.0 (Mac OS 10.15.7) StorageService Form Cache Management should delete cached form data FAILED[39m
	ReferenceError: global is not defined
	    at UserContext.<anonymous> (src/app/services/storage.service.spec.ts:41:6)
	    at Generator.next (<anonymous>)
	    at asyncGeneratorStep (node_modules/@angular-devkit/build-angular/node_modules/@babel/runtime/helpers/esm/asyncToGenerator.js:3:1)
	    at _next (node_modules/@angular-devkit/build-angular/node_modules/@babel/runtime/helpers/esm/asyncToGenerator.js:17:1)
	    at executor (node_modules/@angular-devkit/build-angular/node_modules/@babel/runtime/helpers/esm/asyncToGenerator.js:22:1)
	    at new ZoneAwarePromise (node_modules/zone.js/fesm2015/zone.js:2702:25)
	    at UserContext.apply (node_modules/@angular-devkit/build-angular/node_modules/@babel/runtime/helpers/esm/asyncToGenerator.js:14:1)
	    at _ZoneDelegate.invoke (node_modules/zone.js/fesm2015/zone.js:369:28)
	    at ProxyZoneSpec.onInvoke (node_modules/zone.js/fesm2015/zone-testing.js:2081:39)
	    at _ZoneDelegate.invoke (node_modules/zone.js/fesm2015/zone.js:368:34)
Chrome Headless 140.0.0.0 (Mac OS 10.15.7): Executed 246 of 985[31m (100 FAILED)[39m (0 secs / 8.042 secs)
[1A[2K[31mChrome Headless 140.0.0.0 (Mac OS 10.15.7) StorageService Quote Data Management should save quote data FAILED[39m
	ReferenceError: global is not defined
	    at UserContext.<anonymous> (src/app/services/storage.service.spec.ts:41:6)
	    at Generator.next (<anonymous>)
	    at asyncGeneratorStep (node_modules/@angular-devkit/build-angular/node_modules/@babel/runtime/helpers/esm/asyncToGenerator.js:3:1)
	    at _next (node_modules/@angular-devkit/build-angular/node_modules/@babel/runtime/helpers/esm/asyncToGenerator.js:17:1)
	    at executor (node_modules/@angular-devkit/build-angular/node_modules/@babel/runtime/helpers/esm/asyncToGenerator.js:22:1)
	    at new ZoneAwarePromise (node_modules/zone.js/fesm2015/zone.js:2702:25)
	    at UserContext.apply (node_modules/@angular-devkit/build-angular/node_modules/@babel/runtime/helpers/esm/asyncToGenerator.js:14:1)
	    at _ZoneDelegate.invoke (node_modules/zone.js/fesm2015/zone.js:369:28)
	    at ProxyZoneSpec.onInvoke (node_modules/zone.js/fesm2015/zone-testing.js:2081:39)
	    at _ZoneDelegate.invoke (node_modules/zone.js/fesm2015/zone.js:368:34)
Chrome Headless 140.0.0.0 (Mac OS 10.15.7): Executed 247 of 985[31m (101 FAILED)[39m (0 secs / 8.043 secs)
[1A[2K[31mChrome Headless 140.0.0.0 (Mac OS 10.15.7) StorageService Quote Data Management should get quote by ID FAILED[39m
	ReferenceError: global is not defined
	    at UserContext.<anonymous> (src/app/services/storage.service.spec.ts:41:6)
	    at Generator.next (<anonymous>)
	    at asyncGeneratorStep (node_modules/@angular-devkit/build-angular/node_modules/@babel/runtime/helpers/esm/asyncToGenerator.js:3:1)
	    at _next (node_modules/@angular-devkit/build-angular/node_modules/@babel/runtime/helpers/esm/asyncToGenerator.js:17:1)
	    at executor (node_modules/@angular-devkit/build-angular/node_modules/@babel/runtime/helpers/esm/asyncToGenerator.js:22:1)
	    at new ZoneAwarePromise (node_modules/zone.js/fesm2015/zone.js:2702:25)
	    at UserContext.apply (node_modules/@angular-devkit/build-angular/node_modules/@babel/runtime/helpers/esm/asyncToGenerator.js:14:1)
	    at _ZoneDelegate.invoke (node_modules/zone.js/fesm2015/zone.js:369:28)
	    at ProxyZoneSpec.onInvoke (node_modules/zone.js/fesm2015/zone-testing.js:2081:39)
	    at _ZoneDelegate.invoke (node_modules/zone.js/fesm2015/zone.js:368:34)
Chrome Headless 140.0.0.0 (Mac OS 10.15.7): Executed 248 of 985[31m (102 FAILED)[39m (0 secs / 8.043 secs)
[1A[2K[31mChrome Headless 140.0.0.0 (Mac OS 10.15.7) StorageService Quote Data Management should get quotes by client ID FAILED[39m
	ReferenceError: global is not defined
	    at UserContext.<anonymous> (src/app/services/storage.service.spec.ts:41:6)
	    at Generator.next (<anonymous>)
	    at asyncGeneratorStep (node_modules/@angular-devkit/build-angular/node_modules/@babel/runtime/helpers/esm/asyncToGenerator.js:3:1)
	    at _next (node_modules/@angular-devkit/build-angular/node_modules/@babel/runtime/helpers/esm/asyncToGenerator.js:17:1)
	    at executor (node_modules/@angular-devkit/build-angular/node_modules/@babel/runtime/helpers/esm/asyncToGenerator.js:22:1)
	    at new ZoneAwarePromise (node_modules/zone.js/fesm2015/zone.js:2702:25)
	    at UserContext.apply (node_modules/@angular-devkit/build-angular/node_modules/@babel/runtime/helpers/esm/asyncToGenerator.js:14:1)
	    at _ZoneDelegate.invoke (node_modules/zone.js/fesm2015/zone.js:369:28)
	    at ProxyZoneSpec.onInvoke (node_modules/zone.js/fesm2015/zone-testing.js:2081:39)
	    at _ZoneDelegate.invoke (node_modules/zone.js/fesm2015/zone.js:368:34)
Chrome Headless 140.0.0.0 (Mac OS 10.15.7): Executed 249 of 985[31m (103 FAILED)[39m (0 secs / 8.043 secs)
[1A[2K[31mChrome Headless 140.0.0.0 (Mac OS 10.15.7) StorageService Network Status Management should update online status when going online FAILED[39m
	ReferenceError: global is not defined
	    at UserContext.<anonymous> (src/app/services/storage.service.spec.ts:41:6)
	    at Generator.next (<anonymous>)
	    at asyncGeneratorStep (node_modules/@angular-devkit/build-angular/node_modules/@babel/runtime/helpers/esm/asyncToGenerator.js:3:1)
	    at _next (node_modules/@angular-devkit/build-angular/node_modules/@babel/runtime/helpers/esm/asyncToGenerator.js:17:1)
	    at executor (node_modules/@angular-devkit/build-angular/node_modules/@babel/runtime/helpers/esm/asyncToGenerator.js:22:1)
	    at new ZoneAwarePromise (node_modules/zone.js/fesm2015/zone.js:2702:25)
	    at UserContext.apply (node_modules/@angular-devkit/build-angular/node_modules/@babel/runtime/helpers/esm/asyncToGenerator.js:14:1)
	    at _ZoneDelegate.invoke (node_modules/zone.js/fesm2015/zone.js:369:28)
	    at ProxyZoneSpec.onInvoke (node_modules/zone.js/fesm2015/zone-testing.js:2081:39)
	    at _ZoneDelegate.invoke (node_modules/zone.js/fesm2015/zone.js:368:34)
Chrome Headless 140.0.0.0 (Mac OS 10.15.7): Executed 250 of 985[31m (104 FAILED)[39m (0 secs / 8.043 secs)
[1A[2K[31mChrome Headless 140.0.0.0 (Mac OS 10.15.7) StorageService Network Status Management should update online status when going offline FAILED[39m
	ReferenceError: global is not defined
	    at UserContext.<anonymous> (src/app/services/storage.service.spec.ts:41:6)
	    at Generator.next (<anonymous>)
	    at asyncGeneratorStep (node_modules/@angular-devkit/build-angular/node_modules/@babel/runtime/helpers/esm/asyncToGenerator.js:3:1)
	    at _next (node_modules/@angular-devkit/build-angular/node_modules/@babel/runtime/helpers/esm/asyncToGenerator.js:17:1)
	    at executor (node_modules/@angular-devkit/build-angular/node_modules/@babel/runtime/helpers/esm/asyncToGenerator.js:22:1)
	    at new ZoneAwarePromise (node_modules/zone.js/fesm2015/zone.js:2702:25)
	    at UserContext.apply (node_modules/@angular-devkit/build-angular/node_modules/@babel/runtime/helpers/esm/asyncToGenerator.js:14:1)
	    at _ZoneDelegate.invoke (node_modules/zone.js/fesm2015/zone.js:369:28)
	    at ProxyZoneSpec.onInvoke (node_modules/zone.js/fesm2015/zone-testing.js:2081:39)
	    at _ZoneDelegate.invoke (node_modules/zone.js/fesm2015/zone.js:368:34)
Chrome Headless 140.0.0.0 (Mac OS 10.15.7): Executed 251 of 985[31m (105 FAILED)[39m (0 secs / 8.043 secs)
[1A[2K[31mChrome Headless 140.0.0.0 (Mac OS 10.15.7) StorageService Error Handling should throw error when database not initialized FAILED[39m
	ReferenceError: global is not defined
	    at UserContext.<anonymous> (src/app/services/storage.service.spec.ts:41:6)
	    at Generator.next (<anonymous>)
	    at asyncGeneratorStep (node_modules/@angular-devkit/build-angular/node_modules/@babel/runtime/helpers/esm/asyncToGenerator.js:3:1)
	    at _next (node_modules/@angular-devkit/build-angular/node_modules/@babel/runtime/helpers/esm/asyncToGenerator.js:17:1)
	    at executor (node_modules/@angular-devkit/build-angular/node_modules/@babel/runtime/helpers/esm/asyncToGenerator.js:22:1)
	    at new ZoneAwarePromise (node_modules/zone.js/fesm2015/zone.js:2702:25)
	    at UserContext.apply (node_modules/@angular-devkit/build-angular/node_modules/@babel/runtime/helpers/esm/asyncToGenerator.js:14:1)
	    at _ZoneDelegate.invoke (node_modules/zone.js/fesm2015/zone.js:369:28)
	    at ProxyZoneSpec.onInvoke (node_modules/zone.js/fesm2015/zone-testing.js:2081:39)
	    at _ZoneDelegate.invoke (node_modules/zone.js/fesm2015/zone.js:368:34)
Chrome Headless 140.0.0.0 (Mac OS 10.15.7): Executed 252 of 985[31m (106 FAILED)[39m (0 secs / 8.043 secs)
[1A[2K[31mChrome Headless 140.0.0.0 (Mac OS 10.15.7) StorageService Error Handling should handle transaction errors FAILED[39m
	ReferenceError: global is not defined
	    at UserContext.<anonymous> (src/app/services/storage.service.spec.ts:41:6)
	    at Generator.next (<anonymous>)
	    at asyncGeneratorStep (node_modules/@angular-devkit/build-angular/node_modules/@babel/runtime/helpers/esm/asyncToGenerator.js:3:1)
	    at _next (node_modules/@angular-devkit/build-angular/node_modules/@babel/runtime/helpers/esm/asyncToGenerator.js:17:1)
	    at executor (node_modules/@angular-devkit/build-angular/node_modules/@babel/runtime/helpers/esm/asyncToGenerator.js:22:1)
	    at new ZoneAwarePromise (node_modules/zone.js/fesm2015/zone.js:2702:25)
	    at UserContext.apply (node_modules/@angular-devkit/build-angular/node_modules/@babel/runtime/helpers/esm/asyncToGenerator.js:14:1)
	    at _ZoneDelegate.invoke (node_modules/zone.js/fesm2015/zone.js:369:28)
	    at ProxyZoneSpec.onInvoke (node_modules/zone.js/fesm2015/zone-testing.js:2081:39)
	    at _ZoneDelegate.invoke (node_modules/zone.js/fesm2015/zone.js:368:34)
Chrome Headless 140.0.0.0 (Mac OS 10.15.7): Executed 253 of 985[31m (107 FAILED)[39m (0 secs / 8.043 secs)
[1A[2K[31mChrome Headless 140.0.0.0 (Mac OS 10.15.7) StorageService Utility Methods should clear cache FAILED[39m
	ReferenceError: global is not defined
	    at UserContext.<anonymous> (src/app/services/storage.service.spec.ts:41:6)
	    at Generator.next (<anonymous>)
	    at asyncGeneratorStep (node_modules/@angular-devkit/build-angular/node_modules/@babel/runtime/helpers/esm/asyncToGenerator.js:3:1)
	    at _next (node_modules/@angular-devkit/build-angular/node_modules/@babel/runtime/helpers/esm/asyncToGenerator.js:17:1)
	    at executor (node_modules/@angular-devkit/build-angular/node_modules/@babel/runtime/helpers/esm/asyncToGenerator.js:22:1)
	    at new ZoneAwarePromise (node_modules/zone.js/fesm2015/zone.js:2702:25)
	    at UserContext.apply (node_modules/@angular-devkit/build-angular/node_modules/@babel/runtime/helpers/esm/asyncToGenerator.js:14:1)
	    at _ZoneDelegate.invoke (node_modules/zone.js/fesm2015/zone.js:369:28)
	    at ProxyZoneSpec.onInvoke (node_modules/zone.js/fesm2015/zone-testing.js:2081:39)
	    at _ZoneDelegate.invoke (node_modules/zone.js/fesm2015/zone.js:368:34)
Chrome Headless 140.0.0.0 (Mac OS 10.15.7): Executed 254 of 985[31m (108 FAILED)[39m (0 secs / 8.043 secs)
[1A[2K[31mChrome Headless 140.0.0.0 (Mac OS 10.15.7) StorageService Utility Methods should get storage statistics FAILED[39m
	ReferenceError: global is not defined
	    at UserContext.<anonymous> (src/app/services/storage.service.spec.ts:41:6)
	    at Generator.next (<anonymous>)
	    at asyncGeneratorStep (node_modules/@angular-devkit/build-angular/node_modules/@babel/runtime/helpers/esm/asyncToGenerator.js:3:1)
	    at _next (node_modules/@angular-devkit/build-angular/node_modules/@babel/runtime/helpers/esm/asyncToGenerator.js:17:1)
	    at executor (node_modules/@angular-devkit/build-angular/node_modules/@babel/runtime/helpers/esm/asyncToGenerator.js:22:1)
	    at new ZoneAwarePromise (node_modules/zone.js/fesm2015/zone.js:2702:25)
	    at UserContext.apply (node_modules/@angular-devkit/build-angular/node_modules/@babel/runtime/helpers/esm/asyncToGenerator.js:14:1)
	    at _ZoneDelegate.invoke (node_modules/zone.js/fesm2015/zone.js:369:28)
	    at ProxyZoneSpec.onInvoke (node_modules/zone.js/fesm2015/zone-testing.js:2081:39)
	    at _ZoneDelegate.invoke (node_modules/zone.js/fesm2015/zone.js:368:34)
Chrome Headless 140.0.0.0 (Mac OS 10.15.7): Executed 255 of 985[31m (109 FAILED)[39m (0 secs / 8.044 secs)
[1A[2K[31mChrome Headless 140.0.0.0 (Mac OS 10.15.7) StorageService Client Data Management should save client data successfully FAILED[39m
	ReferenceError: global is not defined
	    at UserContext.<anonymous> (src/app/services/storage.service.spec.ts:41:6)
	    at Generator.next (<anonymous>)
	    at asyncGeneratorStep (node_modules/@angular-devkit/build-angular/node_modules/@babel/runtime/helpers/esm/asyncToGenerator.js:3:1)
	    at _next (node_modules/@angular-devkit/build-angular/node_modules/@babel/runtime/helpers/esm/asyncToGenerator.js:17:1)
	    at executor (node_modules/@angular-devkit/build-angular/node_modules/@babel/runtime/helpers/esm/asyncToGenerator.js:22:1)
	    at new ZoneAwarePromise (node_modules/zone.js/fesm2015/zone.js:2702:25)
	    at UserContext.apply (node_modules/@angular-devkit/build-angular/node_modules/@babel/runtime/helpers/esm/asyncToGenerator.js:14:1)
	    at _ZoneDelegate.invoke (node_modules/zone.js/fesm2015/zone.js:369:28)
	    at ProxyZoneSpec.onInvoke (node_modules/zone.js/fesm2015/zone-testing.js:2081:39)
	    at _ZoneDelegate.invoke (node_modules/zone.js/fesm2015/zone.js:368:34)
Chrome Headless 140.0.0.0 (Mac OS 10.15.7): Executed 256 of 985[31m (110 FAILED)[39m (0 secs / 8.044 secs)
[1A[2K[31mChrome Headless 140.0.0.0 (Mac OS 10.15.7) StorageService Client Data Management should get client data by ID FAILED[39m
	ReferenceError: global is not defined
	    at UserContext.<anonymous> (src/app/services/storage.service.spec.ts:41:6)
	    at Generator.next (<anonymous>)
	    at asyncGeneratorStep (node_modules/@angular-devkit/build-angular/node_modules/@babel/runtime/helpers/esm/asyncToGenerator.js:3:1)
	    at _next (node_modules/@angular-devkit/build-angular/node_modules/@babel/runtime/helpers/esm/asyncToGenerator.js:17:1)
	    at executor (node_modules/@angular-devkit/build-angular/node_modules/@babel/runtime/helpers/esm/asyncToGenerator.js:22:1)
	    at new ZoneAwarePromise (node_modules/zone.js/fesm2015/zone.js:2702:25)
	    at UserContext.apply (node_modules/@angular-devkit/build-angular/node_modules/@babel/runtime/helpers/esm/asyncToGenerator.js:14:1)
	    at _ZoneDelegate.invoke (node_modules/zone.js/fesm2015/zone.js:369:28)
	    at ProxyZoneSpec.onInvoke (node_modules/zone.js/fesm2015/zone-testing.js:2081:39)
	    at _ZoneDelegate.invoke (node_modules/zone.js/fesm2015/zone.js:368:34)
Chrome Headless 140.0.0.0 (Mac OS 10.15.7): Executed 257 of 985[31m (111 FAILED)[39m (0 secs / 8.044 secs)
[1A[2K[31mChrome Headless 140.0.0.0 (Mac OS 10.15.7) StorageService Client Data Management should handle client data errors FAILED[39m
	ReferenceError: global is not defined
	    at UserContext.<anonymous> (src/app/services/storage.service.spec.ts:41:6)
	    at Generator.next (<anonymous>)
	    at asyncGeneratorStep (node_modules/@angular-devkit/build-angular/node_modules/@babel/runtime/helpers/esm/asyncToGenerator.js:3:1)
	    at _next (node_modules/@angular-devkit/build-angular/node_modules/@babel/runtime/helpers/esm/asyncToGenerator.js:17:1)
	    at executor (node_modules/@angular-devkit/build-angular/node_modules/@babel/runtime/helpers/esm/asyncToGenerator.js:22:1)
	    at new ZoneAwarePromise (node_modules/zone.js/fesm2015/zone.js:2702:25)
	    at UserContext.apply (node_modules/@angular-devkit/build-angular/node_modules/@babel/runtime/helpers/esm/asyncToGenerator.js:14:1)
	    at _ZoneDelegate.invoke (node_modules/zone.js/fesm2015/zone.js:369:28)
	    at ProxyZoneSpec.onInvoke (node_modules/zone.js/fesm2015/zone-testing.js:2081:39)
	    at _ZoneDelegate.invoke (node_modules/zone.js/fesm2015/zone.js:368:34)
Chrome Headless 140.0.0.0 (Mac OS 10.15.7): Executed 258 of 985[31m (112 FAILED)[39m (0 secs / 8.044 secs)
[1A[2K[31mChrome Headless 140.0.0.0 (Mac OS 10.15.7) StorageService Client Data Management should get clients by ecosystem FAILED[39m
	ReferenceError: global is not defined
	    at UserContext.<anonymous> (src/app/services/storage.service.spec.ts:41:6)
	    at Generator.next (<anonymous>)
	    at asyncGeneratorStep (node_modules/@angular-devkit/build-angular/node_modules/@babel/runtime/helpers/esm/asyncToGenerator.js:3:1)
	    at _next (node_modules/@angular-devkit/build-angular/node_modules/@babel/runtime/helpers/esm/asyncToGenerator.js:17:1)
	    at executor (node_modules/@angular-devkit/build-angular/node_modules/@babel/runtime/helpers/esm/asyncToGenerator.js:22:1)
	    at new ZoneAwarePromise (node_modules/zone.js/fesm2015/zone.js:2702:25)
	    at UserContext.apply (node_modules/@angular-devkit/build-angular/node_modules/@babel/runtime/helpers/esm/asyncToGenerator.js:14:1)
	    at _ZoneDelegate.invoke (node_modules/zone.js/fesm2015/zone.js:369:28)
	    at ProxyZoneSpec.onInvoke (node_modules/zone.js/fesm2015/zone-testing.js:2081:39)
	    at _ZoneDelegate.invoke (node_modules/zone.js/fesm2015/zone.js:368:34)
Chrome Headless 140.0.0.0 (Mac OS 10.15.7): Executed 259 of 985[31m (113 FAILED)[39m (0 secs / 8.045 secs)
[1A[2K[31mChrome Headless 140.0.0.0 (Mac OS 10.15.7) StorageService Client Data Management should return null for non-existent client FAILED[39m
	ReferenceError: global is not defined
	    at UserContext.<anonymous> (src/app/services/storage.service.spec.ts:41:6)
	    at Generator.next (<anonymous>)
	    at asyncGeneratorStep (node_modules/@angular-devkit/build-angular/node_modules/@babel/runtime/helpers/esm/asyncToGenerator.js:3:1)
	    at _next (node_modules/@angular-devkit/build-angular/node_modules/@babel/runtime/helpers/esm/asyncToGenerator.js:17:1)
	    at executor (node_modules/@angular-devkit/build-angular/node_modules/@babel/runtime/helpers/esm/asyncToGenerator.js:22:1)
	    at new ZoneAwarePromise (node_modules/zone.js/fesm2015/zone.js:2702:25)
	    at UserContext.apply (node_modules/@angular-devkit/build-angular/node_modules/@babel/runtime/helpers/esm/asyncToGenerator.js:14:1)
	    at _ZoneDelegate.invoke (node_modules/zone.js/fesm2015/zone.js:369:28)
	    at ProxyZoneSpec.onInvoke (node_modules/zone.js/fesm2015/zone-testing.js:2081:39)
	    at _ZoneDelegate.invoke (node_modules/zone.js/fesm2015/zone.js:368:34)
Chrome Headless 140.0.0.0 (Mac OS 10.15.7): Executed 260 of 985[31m (114 FAILED)[39m (0 secs / 8.045 secs)
[1A[2K[31mChrome Headless 140.0.0.0 (Mac OS 10.15.7) StorageService Service Initialization should be created FAILED[39m
	ReferenceError: global is not defined
	    at UserContext.<anonymous> (src/app/services/storage.service.spec.ts:41:6)
	    at Generator.next (<anonymous>)
	    at asyncGeneratorStep (node_modules/@angular-devkit/build-angular/node_modules/@babel/runtime/helpers/esm/asyncToGenerator.js:3:1)
	    at _next (node_modules/@angular-devkit/build-angular/node_modules/@babel/runtime/helpers/esm/asyncToGenerator.js:17:1)
	    at executor (node_modules/@angular-devkit/build-angular/node_modules/@babel/runtime/helpers/esm/asyncToGenerator.js:22:1)
	    at new ZoneAwarePromise (node_modules/zone.js/fesm2015/zone.js:2702:25)
	    at UserContext.apply (node_modules/@angular-devkit/build-angular/node_modules/@babel/runtime/helpers/esm/asyncToGenerator.js:14:1)
	    at _ZoneDelegate.invoke (node_modules/zone.js/fesm2015/zone.js:369:28)
	    at ProxyZoneSpec.onInvoke (node_modules/zone.js/fesm2015/zone-testing.js:2081:39)
	    at _ZoneDelegate.invoke (node_modules/zone.js/fesm2015/zone.js:368:34)
Chrome Headless 140.0.0.0 (Mac OS 10.15.7): Executed 261 of 985[31m (115 FAILED)[39m (0 secs / 8.045 secs)
[1A[2K[31mChrome Headless 140.0.0.0 (Mac OS 10.15.7) StorageService Service Initialization should initialize IndexedDB on construction FAILED[39m
	ReferenceError: global is not defined
	    at UserContext.<anonymous> (src/app/services/storage.service.spec.ts:41:6)
	    at Generator.next (<anonymous>)
	    at asyncGeneratorStep (node_modules/@angular-devkit/build-angular/node_modules/@babel/runtime/helpers/esm/asyncToGenerator.js:3:1)
	    at _next (node_modules/@angular-devkit/build-angular/node_modules/@babel/runtime/helpers/esm/asyncToGenerator.js:17:1)
	    at executor (node_modules/@angular-devkit/build-angular/node_modules/@babel/runtime/helpers/esm/asyncToGenerator.js:22:1)
	    at new ZoneAwarePromise (node_modules/zone.js/fesm2015/zone.js:2702:25)
	    at UserContext.apply (node_modules/@angular-devkit/build-angular/node_modules/@babel/runtime/helpers/esm/asyncToGenerator.js:14:1)
	    at _ZoneDelegate.invoke (node_modules/zone.js/fesm2015/zone.js:369:28)
	    at ProxyZoneSpec.onInvoke (node_modules/zone.js/fesm2015/zone-testing.js:2081:39)
	    at _ZoneDelegate.invoke (node_modules/zone.js/fesm2015/zone.js:368:34)
Chrome Headless 140.0.0.0 (Mac OS 10.15.7): Executed 262 of 985[31m (116 FAILED)[39m (0 secs / 8.045 secs)
[1A[2K[31mChrome Headless 140.0.0.0 (Mac OS 10.15.7) StorageService Service Initialization should setup online/offline event listeners FAILED[39m
	ReferenceError: global is not defined
	    at UserContext.<anonymous> (src/app/services/storage.service.spec.ts:41:6)
	    at Generator.next (<anonymous>)
	    at asyncGeneratorStep (node_modules/@angular-devkit/build-angular/node_modules/@babel/runtime/helpers/esm/asyncToGenerator.js:3:1)
	    at _next (node_modules/@angular-devkit/build-angular/node_modules/@babel/runtime/helpers/esm/asyncToGenerator.js:17:1)
	    at executor (node_modules/@angular-devkit/build-angular/node_modules/@babel/runtime/helpers/esm/asyncToGenerator.js:22:1)
	    at new ZoneAwarePromise (node_modules/zone.js/fesm2015/zone.js:2702:25)
	    at UserContext.apply (node_modules/@angular-devkit/build-angular/node_modules/@babel/runtime/helpers/esm/asyncToGenerator.js:14:1)
	    at _ZoneDelegate.invoke (node_modules/zone.js/fesm2015/zone.js:369:28)
	    at ProxyZoneSpec.onInvoke (node_modules/zone.js/fesm2015/zone-testing.js:2081:39)
	    at _ZoneDelegate.invoke (node_modules/zone.js/fesm2015/zone.js:368:34)
Chrome Headless 140.0.0.0 (Mac OS 10.15.7): Executed 263 of 985[31m (117 FAILED)[39m (0 secs / 8.045 secs)
[1A[2K[31mChrome Headless 140.0.0.0 (Mac OS 10.15.7) StorageService Service Initialization should provide online status observable FAILED[39m
	ReferenceError: global is not defined
	    at UserContext.<anonymous> (src/app/services/storage.service.spec.ts:41:6)
	    at Generator.next (<anonymous>)
	    at asyncGeneratorStep (node_modules/@angular-devkit/build-angular/node_modules/@babel/runtime/helpers/esm/asyncToGenerator.js:3:1)
	    at _next (node_modules/@angular-devkit/build-angular/node_modules/@babel/runtime/helpers/esm/asyncToGenerator.js:17:1)
	    at executor (node_modules/@angular-devkit/build-angular/node_modules/@babel/runtime/helpers/esm/asyncToGenerator.js:22:1)
	    at new ZoneAwarePromise (node_modules/zone.js/fesm2015/zone.js:2702:25)
	    at UserContext.apply (node_modules/@angular-devkit/build-angular/node_modules/@babel/runtime/helpers/esm/asyncToGenerator.js:14:1)
	    at _ZoneDelegate.invoke (node_modules/zone.js/fesm2015/zone.js:369:28)
	    at ProxyZoneSpec.onInvoke (node_modules/zone.js/fesm2015/zone-testing.js:2081:39)
	    at _ZoneDelegate.invoke (node_modules/zone.js/fesm2015/zone.js:368:34)
Chrome Headless 140.0.0.0 (Mac OS 10.15.7): Executed 264 of 985[31m (118 FAILED)[39m (0 secs / 8.045 secs)
[1A[2K[31mChrome Headless 140.0.0.0 (Mac OS 10.15.7) StorageService Database Schema Creation should create all required object stores on upgrade FAILED[39m
	ReferenceError: global is not defined
	    at UserContext.<anonymous> (src/app/services/storage.service.spec.ts:41:6)
	    at Generator.next (<anonymous>)
	    at asyncGeneratorStep (node_modules/@angular-devkit/build-angular/node_modules/@babel/runtime/helpers/esm/asyncToGenerator.js:3:1)
	    at _next (node_modules/@angular-devkit/build-angular/node_modules/@babel/runtime/helpers/esm/asyncToGenerator.js:17:1)
	    at executor (node_modules/@angular-devkit/build-angular/node_modules/@babel/runtime/helpers/esm/asyncToGenerator.js:22:1)
	    at new ZoneAwarePromise (node_modules/zone.js/fesm2015/zone.js:2702:25)
	    at UserContext.apply (node_modules/@angular-devkit/build-angular/node_modules/@babel/runtime/helpers/esm/asyncToGenerator.js:14:1)
	    at _ZoneDelegate.invoke (node_modules/zone.js/fesm2015/zone.js:369:28)
	    at ProxyZoneSpec.onInvoke (node_modules/zone.js/fesm2015/zone-testing.js:2081:39)
	    at _ZoneDelegate.invoke (node_modules/zone.js/fesm2015/zone.js:368:34)
Chrome Headless 140.0.0.0 (Mac OS 10.15.7): Executed 265 of 985[31m (119 FAILED)[39m (0 secs / 8.045 secs)
[1A[2K[31mChrome Headless 140.0.0.0 (Mac OS 10.15.7) StorageService Database Schema Creation should handle database initialization errors FAILED[39m
	ReferenceError: global is not defined
	    at UserContext.<anonymous> (src/app/services/storage.service.spec.ts:41:6)
	    at Generator.next (<anonymous>)
	    at asyncGeneratorStep (node_modules/@angular-devkit/build-angular/node_modules/@babel/runtime/helpers/esm/asyncToGenerator.js:3:1)
	    at _next (node_modules/@angular-devkit/build-angular/node_modules/@babel/runtime/helpers/esm/asyncToGenerator.js:17:1)
	    at executor (node_modules/@angular-devkit/build-angular/node_modules/@babel/runtime/helpers/esm/asyncToGenerator.js:22:1)
	    at new ZoneAwarePromise (node_modules/zone.js/fesm2015/zone.js:2702:25)
	    at UserContext.apply (node_modules/@angular-devkit/build-angular/node_modules/@babel/runtime/helpers/esm/asyncToGenerator.js:14:1)
	    at _ZoneDelegate.invoke (node_modules/zone.js/fesm2015/zone.js:369:28)
	    at ProxyZoneSpec.onInvoke (node_modules/zone.js/fesm2015/zone-testing.js:2081:39)
	    at _ZoneDelegate.invoke (node_modules/zone.js/fesm2015/zone.js:368:34)
Chrome Headless 140.0.0.0 (Mac OS 10.15.7): Executed 266 of 985[31m (120 FAILED)[39m (0 secs / 8.045 secs)
[1A[2K[31mChrome Headless 140.0.0.0 (Mac OS 10.15.7) StorageService Offline Actions Queue should remove completed action FAILED[39m
	ReferenceError: global is not defined
	    at UserContext.<anonymous> (src/app/services/storage.service.spec.ts:41:6)
	    at Generator.next (<anonymous>)
	    at asyncGeneratorStep (node_modules/@angular-devkit/build-angular/node_modules/@babel/runtime/helpers/esm/asyncToGenerator.js:3:1)
	    at _next (node_modules/@angular-devkit/build-angular/node_modules/@babel/runtime/helpers/esm/asyncToGenerator.js:17:1)
	    at executor (node_modules/@angular-devkit/build-angular/node_modules/@babel/runtime/helpers/esm/asyncToGenerator.js:22:1)
	    at new ZoneAwarePromise (node_modules/zone.js/fesm2015/zone.js:2702:25)
	    at UserContext.apply (node_modules/@angular-devkit/build-angular/node_modules/@babel/runtime/helpers/esm/asyncToGenerator.js:14:1)
	    at _ZoneDelegate.invoke (node_modules/zone.js/fesm2015/zone.js:369:28)
	    at ProxyZoneSpec.onInvoke (node_modules/zone.js/fesm2015/zone-testing.js:2081:39)
	    at _ZoneDelegate.invoke (node_modules/zone.js/fesm2015/zone.js:368:34)
Chrome Headless 140.0.0.0 (Mac OS 10.15.7): Executed 267 of 985[31m (121 FAILED)[39m (0 secs / 8.045 secs)
[1A[2K[31mChrome Headless 140.0.0.0 (Mac OS 10.15.7) StorageService Offline Actions Queue should queue offline action FAILED[39m
	ReferenceError: global is not defined
	    at UserContext.<anonymous> (src/app/services/storage.service.spec.ts:41:6)
	    at Generator.next (<anonymous>)
	    at asyncGeneratorStep (node_modules/@angular-devkit/build-angular/node_modules/@babel/runtime/helpers/esm/asyncToGenerator.js:3:1)
	    at _next (node_modules/@angular-devkit/build-angular/node_modules/@babel/runtime/helpers/esm/asyncToGenerator.js:17:1)
	    at executor (node_modules/@angular-devkit/build-angular/node_modules/@babel/runtime/helpers/esm/asyncToGenerator.js:22:1)
	    at new ZoneAwarePromise (node_modules/zone.js/fesm2015/zone.js:2702:25)
	    at UserContext.apply (node_modules/@angular-devkit/build-angular/node_modules/@babel/runtime/helpers/esm/asyncToGenerator.js:14:1)
	    at _ZoneDelegate.invoke (node_modules/zone.js/fesm2015/zone.js:369:28)
	    at ProxyZoneSpec.onInvoke (node_modules/zone.js/fesm2015/zone-testing.js:2081:39)
	    at _ZoneDelegate.invoke (node_modules/zone.js/fesm2015/zone.js:368:34)
Chrome Headless 140.0.0.0 (Mac OS 10.15.7): Executed 268 of 985[31m (122 FAILED)[39m (0 secs / 8.045 secs)
[1A[2K[31mChrome Headless 140.0.0.0 (Mac OS 10.15.7) StorageService Offline Actions Queue should get pending actions FAILED[39m
	ReferenceError: global is not defined
	    at UserContext.<anonymous> (src/app/services/storage.service.spec.ts:41:6)
	    at Generator.next (<anonymous>)
	    at asyncGeneratorStep (node_modules/@angular-devkit/build-angular/node_modules/@babel/runtime/helpers/esm/asyncToGenerator.js:3:1)
	    at _next (node_modules/@angular-devkit/build-angular/node_modules/@babel/runtime/helpers/esm/asyncToGenerator.js:17:1)
	    at executor (node_modules/@angular-devkit/build-angular/node_modules/@babel/runtime/helpers/esm/asyncToGenerator.js:22:1)
	    at new ZoneAwarePromise (node_modules/zone.js/fesm2015/zone.js:2702:25)
	    at UserContext.apply (node_modules/@angular-devkit/build-angular/node_modules/@babel/runtime/helpers/esm/asyncToGenerator.js:14:1)
	    at _ZoneDelegate.invoke (node_modules/zone.js/fesm2015/zone.js:369:28)
	    at ProxyZoneSpec.onInvoke (node_modules/zone.js/fesm2015/zone-testing.js:2081:39)
	    at _ZoneDelegate.invoke (node_modules/zone.js/fesm2015/zone.js:368:34)
Chrome Headless 140.0.0.0 (Mac OS 10.15.7): Executed 269 of 985[31m (123 FAILED)[39m (0 secs / 8.045 secs)
[1A[2KChrome Headless 140.0.0.0 (Mac OS 10.15.7): Executed 270 of 985[31m (123 FAILED)[39m (0 secs / 8.047 secs)
[1A[2KChrome Headless 140.0.0.0 (Mac OS 10.15.7): Executed 271 of 985[31m (123 FAILED)[39m (0 secs / 8.047 secs)
[1A[2KChrome Headless 140.0.0.0 (Mac OS 10.15.7): Executed 272 of 985[31m (123 FAILED)[39m (0 secs / 8.048 secs)
[1A[2KChrome Headless 140.0.0.0 (Mac OS 10.15.7): Executed 273 of 985[31m (123 FAILED)[39m (0 secs / 8.049 secs)
[1A[2K[31mChrome Headless 140.0.0.0 (Mac OS 10.15.7) NavigationService Service Initialization should initialize with default navigation state FAILED[39m
	Expected '/' to be null.
	    at <Jasmine>
	    at Object.next (src/app/services/navigation.service.spec.ts:47:37)
	    at ConsumerObserver.next (node_modules/rxjs/dist/esm/internal/Subscriber.js:91:33)
	    at SafeSubscriber._next (node_modules/rxjs/dist/esm/internal/Subscriber.js:60:26)
	    at SafeSubscriber.next (node_modules/rxjs/dist/esm/internal/Subscriber.js:31:18)
Chrome Headless 140.0.0.0 (Mac OS 10.15.7): Executed 274 of 985[31m (124 FAILED)[39m (0 secs / 8.05 secs)
[1A[2KChrome Headless 140.0.0.0 (Mac OS 10.15.7): Executed 275 of 985[31m (124 FAILED)[39m (0 secs / 8.05 secs)
[1A[2KChrome Headless 140.0.0.0 (Mac OS 10.15.7): Executed 276 of 985[31m (124 FAILED)[39m (0 secs / 8.05 secs)
[1A[2KChrome Headless 140.0.0.0 (Mac OS 10.15.7): Executed 277 of 985[31m (124 FAILED)[39m (0 secs / 8.05 secs)
[1A[2KChrome Headless 140.0.0.0 (Mac OS 10.15.7): Executed 278 of 985[31m (124 FAILED)[39m (0 secs / 8.05 secs)
[1A[2KChrome Headless 140.0.0.0 (Mac OS 10.15.7): Executed 279 of 985[31m (124 FAILED)[39m (0 secs / 8.05 secs)
[1A[2KChrome Headless 140.0.0.0 (Mac OS 10.15.7): Executed 280 of 985[31m (124 FAILED)[39m (0 secs / 8.051 secs)
[1A[2KChrome Headless 140.0.0.0 (Mac OS 10.15.7): Executed 281 of 985[31m (124 FAILED)[39m (0 secs / 8.051 secs)
[1A[2KChrome Headless 140.0.0.0 (Mac OS 10.15.7): Executed 282 of 985[31m (124 FAILED)[39m (0 secs / 8.052 secs)
[1A[2KChrome Headless 140.0.0.0 (Mac OS 10.15.7): Executed 283 of 985[31m (124 FAILED)[39m (0 secs / 8.052 secs)
[1A[2KChrome Headless 140.0.0.0 (Mac OS 10.15.7): Executed 284 of 985[31m (124 FAILED)[39m (0 secs / 8.053 secs)
[1A[2KChrome Headless 140.0.0.0 (Mac OS 10.15.7): Executed 285 of 985[31m (124 FAILED)[39m (0 secs / 8.053 secs)
[1A[2KChrome Headless 140.0.0.0 (Mac OS 10.15.7): Executed 286 of 985[31m (124 FAILED)[39m (0 secs / 8.054 secs)
[1A[2KChrome Headless 140.0.0.0 (Mac OS 10.15.7): Executed 287 of 985[31m (124 FAILED)[39m (0 secs / 8.055 secs)
[1A[2K[31mChrome Headless 140.0.0.0 (Mac OS 10.15.7) NavigationService Route Configuration should handle all configured main routes FAILED[39m
	Expected '/clientes' to be '/dashboard'.
	    at <Jasmine>
	    at Object.next (src/app/services/navigation.service.spec.ts:446:38)
	    at ConsumerObserver.next (node_modules/rxjs/dist/esm/internal/Subscriber.js:91:33)
	    at SafeSubscriber._next (node_modules/rxjs/dist/esm/internal/Subscriber.js:60:26)
	    at SafeSubscriber.next (node_modules/rxjs/dist/esm/internal/Subscriber.js:31:18)
	Expected '/expedientes' to be '/dashboard'.
	    at <Jasmine>
	    at Object.next (src/app/services/navigation.service.spec.ts:446:38)
	    at ConsumerObserver.next (node_modules/rxjs/dist/esm/internal/Subscriber.js:91:33)
	    at SafeSubscriber._next (node_modules/rxjs/dist/esm/internal/Subscriber.js:60:26)
	    at SafeSubscriber.next (node_modules/rxjs/dist/esm/internal/Subscriber.js:31:18)
	Expected '/expedientes' to be '/clientes'.
	    at <Jasmine>
	    at Object.next (src/app/services/navigation.service.spec.ts:446:38)
	    at ConsumerObserver.next (node_modules/rxjs/dist/esm/internal/Subscriber.js:91:33)
	    at SafeSubscriber._next (node_modules/rxjs/dist/esm/internal/Subscriber.js:60:26)
	    at SafeSubscriber.next (node_modules/rxjs/dist/esm/internal/Subscriber.js:31:18)
	Expected '/proteccion' to be '/dashboard'.
	    at <Jasmine>
	    at Object.next (src/app/services/navigation.service.spec.ts:446:38)
	    at ConsumerObserver.next (node_modules/rxjs/dist/esm/internal/Subscriber.js:91:33)
	    at SafeSubscriber._next (node_modules/rxjs/dist/esm/internal/Subscriber.js:60:26)
	    at SafeSubscriber.next (node_modules/rxjs/dist/esm/internal/Subscriber.js:31:18)
	Expected '/proteccion' to be '/clientes'.
	    at <Jasmine>
	    at Object.next (src/app/services/navigation.service.spec.ts:446:38)
	    at ConsumerObserver.next (node_modules/rxjs/dist/esm/internal/Subscriber.js:91:33)
	    at SafeSubscriber._next (node_modules/rxjs/dist/esm/internal/Subscriber.js:60:26)
	    at SafeSubscriber.next (node_modules/rxjs/dist/esm/internal/Subscriber.js:31:18)
	Expected '/proteccion' to be '/expedientes'.
	    at <Jasmine>
	    at Object.next (src/app/services/navigation.service.spec.ts:446:38)
	    at ConsumerObserver.next (node_modules/rxjs/dist/esm/internal/Subscriber.js:91:33)
	    at SafeSubscriber._next (node_modules/rxjs/dist/esm/internal/Subscriber.js:60:26)
	    at SafeSubscriber.next (node_modules/rxjs/dist/esm/internal/Subscriber.js:31:18)
	Expected '/reportes' to be '/dashboard'.
	    at <Jasmine>
	    at Object.next (src/app/services/navigation.service.spec.ts:446:38)
	    at ConsumerObserver.next (node_modules/rxjs/dist/esm/internal/Subscriber.js:91:33)
	    at SafeSubscriber._next (node_modules/rxjs/dist/esm/internal/Subscriber.js:60:26)
	    at SafeSubscriber.next (node_modules/rxjs/dist/esm/internal/Subscriber.js:31:18)
	Expected '/reportes' to be '/clientes'.
	    at <Jasmine>
	    at Object.next (src/app/services/navigation.service.spec.ts:446:38)
	    at ConsumerObserver.next (node_modules/rxjs/dist/esm/internal/Subscriber.js:91:33)
	    at SafeSubscriber._next (node_modules/rxjs/dist/esm/internal/Subscriber.js:60:26)
	    at SafeSubscriber.next (node_modules/rxjs/dist/esm/internal/Subscriber.js:31:18)
	Expected '/reportes' to be '/expedientes'.
	    at <Jasmine>
	    at Object.next (src/app/services/navigation.service.spec.ts:446:38)
	    at ConsumerObserver.next (node_modules/rxjs/dist/esm/internal/Subscriber.js:91:33)
	    at SafeSubscriber._next (node_modules/rxjs/dist/esm/internal/Subscriber.js:60:26)
	    at SafeSubscriber.next (node_modules/rxjs/dist/esm/internal/Subscriber.js:31:18)
	Expected '/reportes' to be '/proteccion'.
	    at <Jasmine>
	    at Object.next (src/app/services/navigation.service.spec.ts:446:38)
	    at ConsumerObserver.next (node_modules/rxjs/dist/esm/internal/Subscriber.js:91:33)
	    at SafeSubscriber._next (node_modules/rxjs/dist/esm/internal/Subscriber.js:60:26)
	    at SafeSubscriber.next (node_modules/rxjs/dist/esm/internal/Subscriber.js:31:18)
Chrome Headless 140.0.0.0 (Mac OS 10.15.7): Executed 288 of 985[31m (125 FAILED)[39m (0 secs / 8.056 secs)
[1A[2KChrome Headless 140.0.0.0 (Mac OS 10.15.7): Executed 289 of 985[31m (125 FAILED)[39m (0 secs / 8.056 secs)
[1A[2KChrome Headless 140.0.0.0 (Mac OS 10.15.7): Executed 290 of 985[31m (125 FAILED)[39m (0 secs / 8.056 secs)
[1A[2K[31mChrome Headless 140.0.0.0 (Mac OS 10.15.7) NavigationService Route Parameters should get query parameters FAILED[39m
	Expected object to have properties
	    filter: 'active'
	    page: '1'
	    at <Jasmine>
	    at Object.next (src/app/services/navigation.service.spec.ts:385:29)
	    at ConsumerObserver.next (node_modules/rxjs/dist/esm/internal/Subscriber.js:91:33)
	    at SafeSubscriber._next (node_modules/rxjs/dist/esm/internal/Subscriber.js:60:26)
	    at SafeSubscriber.next (node_modules/rxjs/dist/esm/internal/Subscriber.js:31:18)
Chrome Headless 140.0.0.0 (Mac OS 10.15.7): Executed 291 of 985[31m (126 FAILED)[39m (0 secs / 8.058 secs)
[1A[2K[31mChrome Headless 140.0.0.0 (Mac OS 10.15.7) NavigationService Route Parameters should get route parameters FAILED[39m
	Expected object to have properties
	    id: '123'
	    at <Jasmine>
	    at Object.next (src/app/services/navigation.service.spec.ts:375:24)
	    at ConsumerObserver.next (node_modules/rxjs/dist/esm/internal/Subscriber.js:91:33)
	    at SafeSubscriber._next (node_modules/rxjs/dist/esm/internal/Subscriber.js:60:26)
	    at SafeSubscriber.next (node_modules/rxjs/dist/esm/internal/Subscriber.js:31:18)
Chrome Headless 140.0.0.0 (Mac OS 10.15.7): Executed 292 of 985[31m (127 FAILED)[39m (0 secs / 8.059 secs)
[1A[2KChrome Headless 140.0.0.0 (Mac OS 10.15.7): Executed 293 of 985[31m (127 FAILED)[39m (0 secs / 8.06 secs)
[1A[2KChrome Headless 140.0.0.0 (Mac OS 10.15.7): Executed 294 of 985[31m (127 FAILED)[39m (0 secs / 8.06 secs)
[1A[2KChrome Headless 140.0.0.0 (Mac OS 10.15.7): Executed 295 of 985[31m (127 FAILED)[39m (0 secs / 8.061 secs)
[1A[2KChrome Headless 140.0.0.0 (Mac OS 10.15.7): Executed 296 of 985[31m (127 FAILED)[39m (0 secs / 8.061 secs)
[1A[2KChrome Headless 140.0.0.0 (Mac OS 10.15.7): Executed 297 of 985[31m (127 FAILED)[39m (0 secs / 8.061 secs)
[1A[2KChrome Headless 140.0.0.0 (Mac OS 10.15.7): Executed 298 of 985[31m (127 FAILED)[39m (0 secs / 8.062 secs)
[1A[2KChrome Headless 140.0.0.0 (Mac OS 10.15.7): Executed 299 of 985[31m (127 FAILED)[39m (0 secs / 8.062 secs)
[1A[2KChrome Headless 140.0.0.0 (Mac OS 10.15.7): Executed 300 of 985[31m (127 FAILED)[39m (0 secs / 8.062 secs)
[1A[2KChrome Headless 140.0.0.0 (Mac OS 10.15.7): Executed 301 of 985[31m (127 FAILED)[39m (0 secs / 8.063 secs)
[1A[2KChrome Headless 140.0.0.0 (Mac OS 10.15.7): Executed 302 of 985[31m (127 FAILED)[39m (0 secs / 8.063 secs)
[1A[2KChrome Headless 140.0.0.0 (Mac OS 10.15.7): Executed 303 of 985[31m (127 FAILED)[39m (0 secs / 8.063 secs)
[1A[2KChrome Headless 140.0.0.0 (Mac OS 10.15.7): Executed 304 of 985[31m (127 FAILED)[39m (0 secs / 8.063 secs)
[1A[2KChrome Headless 140.0.0.0 (Mac OS 10.15.7): Executed 305 of 985[31m (127 FAILED)[39m (0 secs / 8.063 secs)
[1A[2K[31mChrome Headless 140.0.0.0 (Mac OS 10.15.7) CreditScoringService Credit Scoring Process should return null for non-existent scoring ID FAILED[39m
	ReferenceError: process is not defined
	    at new CreditScoringService (src/app/services/credit-scoring.service.ts:62:13)
	    at Object.factory (ng:///CreditScoringService/ɵfac.js:4:10)
	    at callback (node_modules/@angular/core/fesm2022/core.mjs:3219:47)
	    at runInInjectorProfilerContext (node_modules/@angular/core/fesm2022/core.mjs:866:9)
	    at R3Injector.hydrate (node_modules/@angular/core/fesm2022/core.mjs:3218:21)
	    at R3Injector.get (node_modules/@angular/core/fesm2022/core.mjs:3082:33)
	    at TestBedImpl.inject (node_modules/@angular/core/fesm2022/testing.mjs:1914:52)
	    at TestBedImpl.inject (node_modules/@angular/core/fesm2022/testing.mjs:1768:37)
	    at UserContext.apply (src/app/services/credit-scoring.service.spec.ts:58:23)
	    at _ZoneDelegate.invoke (node_modules/zone.js/fesm2015/zone.js:369:28)
Chrome Headless 140.0.0.0 (Mac OS 10.15.7): Executed 306 of 985[31m (128 FAILED)[39m (0 secs / 8.065 secs)
[1A[2K[31mChrome Headless 140.0.0.0 (Mac OS 10.15.7) CreditScoringService Credit Scoring Process should initiate credit scoring request FAILED[39m
	ReferenceError: process is not defined
	    at new CreditScoringService (src/app/services/credit-scoring.service.ts:62:13)
	    at Object.factory (ng:///CreditScoringService/ɵfac.js:4:10)
	    at callback (node_modules/@angular/core/fesm2022/core.mjs:3219:47)
	    at runInInjectorProfilerContext (node_modules/@angular/core/fesm2022/core.mjs:866:9)
	    at R3Injector.hydrate (node_modules/@angular/core/fesm2022/core.mjs:3218:21)
	    at R3Injector.get (node_modules/@angular/core/fesm2022/core.mjs:3082:33)
	    at TestBedImpl.inject (node_modules/@angular/core/fesm2022/testing.mjs:1914:52)
	    at TestBedImpl.inject (node_modules/@angular/core/fesm2022/testing.mjs:1768:37)
	    at UserContext.apply (src/app/services/credit-scoring.service.spec.ts:58:23)
	    at _ZoneDelegate.invoke (node_modules/zone.js/fesm2015/zone.js:369:28)
Chrome Headless 140.0.0.0 (Mac OS 10.15.7): Executed 307 of 985[31m (129 FAILED)[39m (0 secs / 8.066 secs)
[1A[2K[31mChrome Headless 140.0.0.0 (Mac OS 10.15.7) CreditScoringService Credit Scoring Process should store scoring result after processing FAILED[39m
	ReferenceError: process is not defined
	    at new CreditScoringService (src/app/services/credit-scoring.service.ts:62:13)
	    at Object.factory (ng:///CreditScoringService/ɵfac.js:4:10)
	    at callback (node_modules/@angular/core/fesm2022/core.mjs:3219:47)
	    at runInInjectorProfilerContext (node_modules/@angular/core/fesm2022/core.mjs:866:9)
	    at R3Injector.hydrate (node_modules/@angular/core/fesm2022/core.mjs:3218:21)
	    at R3Injector.get (node_modules/@angular/core/fesm2022/core.mjs:3082:33)
	    at TestBedImpl.inject (node_modules/@angular/core/fesm2022/testing.mjs:1914:52)
	    at TestBedImpl.inject (node_modules/@angular/core/fesm2022/testing.mjs:1768:37)
	    at UserContext.apply (src/app/services/credit-scoring.service.spec.ts:58:23)
	    at _ZoneDelegate.invoke (node_modules/zone.js/fesm2015/zone.js:369:28)
Chrome Headless 140.0.0.0 (Mac OS 10.15.7): Executed 308 of 985[31m (130 FAILED)[39m (0 secs / 8.066 secs)
[1A[2K[31mChrome Headless 140.0.0.0 (Mac OS 10.15.7) CreditScoringService Credit Scoring Process should return null for non-existent status ID FAILED[39m
	ReferenceError: process is not defined
	    at new CreditScoringService (src/app/services/credit-scoring.service.ts:62:13)
	    at Object.factory (ng:///CreditScoringService/ɵfac.js:4:10)
	    at callback (node_modules/@angular/core/fesm2022/core.mjs:3219:47)
	    at runInInjectorProfilerContext (node_modules/@angular/core/fesm2022/core.mjs:866:9)
	    at R3Injector.hydrate (node_modules/@angular/core/fesm2022/core.mjs:3218:21)
	    at R3Injector.get (node_modules/@angular/core/fesm2022/core.mjs:3082:33)
	    at TestBedImpl.inject (node_modules/@angular/core/fesm2022/testing.mjs:1914:52)
	    at TestBedImpl.inject (node_modules/@angular/core/fesm2022/testing.mjs:1768:37)
	    at UserContext.apply (src/app/services/credit-scoring.service.spec.ts:58:23)
	    at _ZoneDelegate.invoke (node_modules/zone.js/fesm2015/zone.js:369:28)
Chrome Headless 140.0.0.0 (Mac OS 10.15.7): Executed 309 of 985[31m (131 FAILED)[39m (0 secs / 8.066 secs)
[1A[2K[31mChrome Headless 140.0.0.0 (Mac OS 10.15.7) CreditScoringService Credit Scoring Process should get scoring status correctly FAILED[39m
	ReferenceError: process is not defined
	    at new CreditScoringService (src/app/services/credit-scoring.service.ts:62:13)
	    at Object.factory (ng:///CreditScoringService/ɵfac.js:4:10)
	    at callback (node_modules/@angular/core/fesm2022/core.mjs:3219:47)
	    at runInInjectorProfilerContext (node_modules/@angular/core/fesm2022/core.mjs:866:9)
	    at R3Injector.hydrate (node_modules/@angular/core/fesm2022/core.mjs:3218:21)
	    at R3Injector.get (node_modules/@angular/core/fesm2022/core.mjs:3082:33)
	    at TestBedImpl.inject (node_modules/@angular/core/fesm2022/testing.mjs:1914:52)
	    at TestBedImpl.inject (node_modules/@angular/core/fesm2022/testing.mjs:1768:37)
	    at UserContext.apply (src/app/services/credit-scoring.service.spec.ts:58:23)
	    at _ZoneDelegate.invoke (node_modules/zone.js/fesm2015/zone.js:369:28)
Chrome Headless 140.0.0.0 (Mac OS 10.15.7): Executed 310 of 985[31m (132 FAILED)[39m (0 secs / 8.067 secs)
[1A[2K[31mChrome Headless 140.0.0.0 (Mac OS 10.15.7) CreditScoringService Service Initialization should be created FAILED[39m
	ReferenceError: process is not defined
	    at new CreditScoringService (src/app/services/credit-scoring.service.ts:62:13)
	    at Object.factory (ng:///CreditScoringService/ɵfac.js:4:10)
	    at callback (node_modules/@angular/core/fesm2022/core.mjs:3219:47)
	    at runInInjectorProfilerContext (node_modules/@angular/core/fesm2022/core.mjs:866:9)
	    at R3Injector.hydrate (node_modules/@angular/core/fesm2022/core.mjs:3218:21)
	    at R3Injector.get (node_modules/@angular/core/fesm2022/core.mjs:3082:33)
	    at TestBedImpl.inject (node_modules/@angular/core/fesm2022/testing.mjs:1914:52)
	    at TestBedImpl.inject (node_modules/@angular/core/fesm2022/testing.mjs:1768:37)
	    at UserContext.apply (src/app/services/credit-scoring.service.spec.ts:58:23)
	    at _ZoneDelegate.invoke (node_modules/zone.js/fesm2015/zone.js:369:28)
Chrome Headless 140.0.0.0 (Mac OS 10.15.7): Executed 311 of 985[31m (133 FAILED)[39m (0 secs / 8.067 secs)
[1A[2K[31mChrome Headless 140.0.0.0 (Mac OS 10.15.7) CreditScoringService Service Initialization should have SCORING_CONFIG defined FAILED[39m
	ReferenceError: process is not defined
	    at new CreditScoringService (src/app/services/credit-scoring.service.ts:62:13)
	    at Object.factory (ng:///CreditScoringService/ɵfac.js:4:10)
	    at callback (node_modules/@angular/core/fesm2022/core.mjs:3219:47)
	    at runInInjectorProfilerContext (node_modules/@angular/core/fesm2022/core.mjs:866:9)
	    at R3Injector.hydrate (node_modules/@angular/core/fesm2022/core.mjs:3218:21)
	    at R3Injector.get (node_modules/@angular/core/fesm2022/core.mjs:3082:33)
	    at TestBedImpl.inject (node_modules/@angular/core/fesm2022/testing.mjs:1914:52)
	    at TestBedImpl.inject (node_modules/@angular/core/fesm2022/testing.mjs:1768:37)
	    at UserContext.apply (src/app/services/credit-scoring.service.spec.ts:58:23)
	    at _ZoneDelegate.invoke (node_modules/zone.js/fesm2015/zone.js:369:28)
Chrome Headless 140.0.0.0 (Mac OS 10.15.7): Executed 312 of 985[31m (134 FAILED)[39m (0 secs / 8.068 secs)
[1A[2K[31mChrome Headless 140.0.0.0 (Mac OS 10.15.7) CreditScoringService Service Initialization should initialize internal storage maps FAILED[39m
	ReferenceError: process is not defined
	    at new CreditScoringService (src/app/services/credit-scoring.service.ts:62:13)
	    at Object.factory (ng:///CreditScoringService/ɵfac.js:4:10)
	    at callback (node_modules/@angular/core/fesm2022/core.mjs:3219:47)
	    at runInInjectorProfilerContext (node_modules/@angular/core/fesm2022/core.mjs:866:9)
	    at R3Injector.hydrate (node_modules/@angular/core/fesm2022/core.mjs:3218:21)
	    at R3Injector.get (node_modules/@angular/core/fesm2022/core.mjs:3082:33)
	    at TestBedImpl.inject (node_modules/@angular/core/fesm2022/testing.mjs:1914:52)
	    at TestBedImpl.inject (node_modules/@angular/core/fesm2022/testing.mjs:1768:37)
	    at UserContext.apply (src/app/services/credit-scoring.service.spec.ts:58:23)
	    at _ZoneDelegate.invoke (node_modules/zone.js/fesm2015/zone.js:369:28)
Chrome Headless 140.0.0.0 (Mac OS 10.15.7): Executed 313 of 985[31m (135 FAILED)[39m (0 secs / 8.069 secs)
[1A[2K[31mChrome Headless 140.0.0.0 (Mac OS 10.15.7) CreditScoringService Scoring Recommendations should get AhorroProgramado recommendations FAILED[39m
	ReferenceError: process is not defined
	    at new CreditScoringService (src/app/services/credit-scoring.service.ts:62:13)
	    at Object.factory (ng:///CreditScoringService/ɵfac.js:4:10)
	    at callback (node_modules/@angular/core/fesm2022/core.mjs:3219:47)
	    at runInInjectorProfilerContext (node_modules/@angular/core/fesm2022/core.mjs:866:9)
	    at R3Injector.hydrate (node_modules/@angular/core/fesm2022/core.mjs:3218:21)
	    at R3Injector.get (node_modules/@angular/core/fesm2022/core.mjs:3082:33)
	    at TestBedImpl.inject (node_modules/@angular/core/fesm2022/testing.mjs:1914:52)
	    at TestBedImpl.inject (node_modules/@angular/core/fesm2022/testing.mjs:1768:37)
	    at UserContext.apply (src/app/services/credit-scoring.service.spec.ts:58:23)
	    at _ZoneDelegate.invoke (node_modules/zone.js/fesm2015/zone.js:369:28)
Chrome Headless 140.0.0.0 (Mac OS 10.15.7): Executed 314 of 985[31m (136 FAILED)[39m (0 secs / 8.07 secs)
[1A[2K[31mChrome Headless 140.0.0.0 (Mac OS 10.15.7) CreditScoringService Scoring Recommendations should get VentaPlazo recommendations for EdoMex FAILED[39m
	ReferenceError: process is not defined
	    at new CreditScoringService (src/app/services/credit-scoring.service.ts:62:13)
	    at Object.factory (ng:///CreditScoringService/ɵfac.js:4:10)
	    at callback (node_modules/@angular/core/fesm2022/core.mjs:3219:47)
	    at runInInjectorProfilerContext (node_modules/@angular/core/fesm2022/core.mjs:866:9)
	    at R3Injector.hydrate (node_modules/@angular/core/fesm2022/core.mjs:3218:21)
	    at R3Injector.get (node_modules/@angular/core/fesm2022/core.mjs:3082:33)
	    at TestBedImpl.inject (node_modules/@angular/core/fesm2022/testing.mjs:1914:52)
	    at TestBedImpl.inject (node_modules/@angular/core/fesm2022/testing.mjs:1768:37)
	    at UserContext.apply (src/app/services/credit-scoring.service.spec.ts:58:23)
	    at _ZoneDelegate.invoke (node_modules/zone.js/fesm2015/zone.js:369:28)
Chrome Headless 140.0.0.0 (Mac OS 10.15.7): Executed 315 of 985[31m (137 FAILED)[39m (0 secs / 8.07 secs)
[1A[2K[31mChrome Headless 140.0.0.0 (Mac OS 10.15.7) CreditScoringService Scoring Recommendations should get VentaDirecta recommendations FAILED[39m
	ReferenceError: process is not defined
	    at new CreditScoringService (src/app/services/credit-scoring.service.ts:62:13)
	    at Object.factory (ng:///CreditScoringService/ɵfac.js:4:10)
	    at callback (node_modules/@angular/core/fesm2022/core.mjs:3219:47)
	    at runInInjectorProfilerContext (node_modules/@angular/core/fesm2022/core.mjs:866:9)
	    at R3Injector.hydrate (node_modules/@angular/core/fesm2022/core.mjs:3218:21)
	    at R3Injector.get (node_modules/@angular/core/fesm2022/core.mjs:3082:33)
	    at TestBedImpl.inject (node_modules/@angular/core/fesm2022/testing.mjs:1914:52)
	    at TestBedImpl.inject (node_modules/@angular/core/fesm2022/testing.mjs:1768:37)
	    at UserContext.apply (src/app/services/credit-scoring.service.spec.ts:58:23)
	    at _ZoneDelegate.invoke (node_modules/zone.js/fesm2015/zone.js:369:28)
Chrome Headless 140.0.0.0 (Mac OS 10.15.7): Executed 316 of 985[31m (138 FAILED)[39m (0 secs / 8.071 secs)
[1A[2K[31mChrome Headless 140.0.0.0 (Mac OS 10.15.7) CreditScoringService Scoring Recommendations should get CreditoColectivo recommendations FAILED[39m
	ReferenceError: process is not defined
	    at new CreditScoringService (src/app/services/credit-scoring.service.ts:62:13)
	    at Object.factory (ng:///CreditScoringService/ɵfac.js:4:10)
	    at callback (node_modules/@angular/core/fesm2022/core.mjs:3219:47)
	    at runInInjectorProfilerContext (node_modules/@angular/core/fesm2022/core.mjs:866:9)
	    at R3Injector.hydrate (node_modules/@angular/core/fesm2022/core.mjs:3218:21)
	    at R3Injector.get (node_modules/@angular/core/fesm2022/core.mjs:3082:33)
	    at TestBedImpl.inject (node_modules/@angular/core/fesm2022/testing.mjs:1914:52)
	    at TestBedImpl.inject (node_modules/@angular/core/fesm2022/testing.mjs:1768:37)
	    at UserContext.apply (src/app/services/credit-scoring.service.spec.ts:58:23)
	    at _ZoneDelegate.invoke (node_modules/zone.js/fesm2015/zone.js:369:28)
Chrome Headless 140.0.0.0 (Mac OS 10.15.7): Executed 317 of 985[31m (139 FAILED)[39m (0 secs / 8.071 secs)
[1A[2K[31mChrome Headless 140.0.0.0 (Mac OS 10.15.7) CreditScoringService Scoring Recommendations should get VentaPlazo recommendations for AGS FAILED[39m
	ReferenceError: process is not defined
	    at new CreditScoringService (src/app/services/credit-scoring.service.ts:62:13)
	    at Object.factory (ng:///CreditScoringService/ɵfac.js:4:10)
	    at callback (node_modules/@angular/core/fesm2022/core.mjs:3219:47)
	    at runInInjectorProfilerContext (node_modules/@angular/core/fesm2022/core.mjs:866:9)
	    at R3Injector.hydrate (node_modules/@angular/core/fesm2022/core.mjs:3218:21)
	    at R3Injector.get (node_modules/@angular/core/fesm2022/core.mjs:3082:33)
	    at TestBedImpl.inject (node_modules/@angular/core/fesm2022/testing.mjs:1914:52)
	    at TestBedImpl.inject (node_modules/@angular/core/fesm2022/testing.mjs:1768:37)
	    at UserContext.apply (src/app/services/credit-scoring.service.spec.ts:58:23)
	    at _ZoneDelegate.invoke (node_modules/zone.js/fesm2015/zone.js:369:28)
Chrome Headless 140.0.0.0 (Mac OS 10.15.7): Executed 318 of 985[31m (140 FAILED)[39m (0 secs / 8.072 secs)
[1A[2K[31mChrome Headless 140.0.0.0 (Mac OS 10.15.7) CreditScoringService Scoring Recommendations should return default recommendations for unknown flow FAILED[39m
	ReferenceError: process is not defined
	    at new CreditScoringService (src/app/services/credit-scoring.service.ts:62:13)
	    at Object.factory (ng:///CreditScoringService/ɵfac.js:4:10)
	    at callback (node_modules/@angular/core/fesm2022/core.mjs:3219:47)
	    at runInInjectorProfilerContext (node_modules/@angular/core/fesm2022/core.mjs:866:9)
	    at R3Injector.hydrate (node_modules/@angular/core/fesm2022/core.mjs:3218:21)
	    at R3Injector.get (node_modules/@angular/core/fesm2022/core.mjs:3082:33)
	    at TestBedImpl.inject (node_modules/@angular/core/fesm2022/testing.mjs:1914:52)
	    at TestBedImpl.inject (node_modules/@angular/core/fesm2022/testing.mjs:1768:37)
	    at UserContext.apply (src/app/services/credit-scoring.service.spec.ts:58:23)
	    at _ZoneDelegate.invoke (node_modules/zone.js/fesm2015/zone.js:369:28)
Chrome Headless 140.0.0.0 (Mac OS 10.15.7): Executed 319 of 985[31m (141 FAILED)[39m (0 secs / 8.072 secs)
[1A[2K[31mChrome Headless 140.0.0.0 (Mac OS 10.15.7) CreditScoringService Scoring Prerequisites Validation should identify missing KYC verification FAILED[39m
	ReferenceError: process is not defined
	    at new CreditScoringService (src/app/services/credit-scoring.service.ts:62:13)
	    at Object.factory (ng:///CreditScoringService/ɵfac.js:4:10)
	    at callback (node_modules/@angular/core/fesm2022/core.mjs:3219:47)
	    at runInInjectorProfilerContext (node_modules/@angular/core/fesm2022/core.mjs:866:9)
	    at R3Injector.hydrate (node_modules/@angular/core/fesm2022/core.mjs:3218:21)
	    at R3Injector.get (node_modules/@angular/core/fesm2022/core.mjs:3082:33)
	    at TestBedImpl.inject (node_modules/@angular/core/fesm2022/testing.mjs:1914:52)
	    at TestBedImpl.inject (node_modules/@angular/core/fesm2022/testing.mjs:1768:37)
	    at UserContext.apply (src/app/services/credit-scoring.service.spec.ts:58:23)
	    at _ZoneDelegate.invoke (node_modules/zone.js/fesm2015/zone.js:369:28)
Chrome Headless 140.0.0.0 (Mac OS 10.15.7): Executed 320 of 985[31m (142 FAILED)[39m (0 secs / 8.073 secs)
[1A[2K[31mChrome Headless 140.0.0.0 (Mac OS 10.15.7) CreditScoringService Scoring Prerequisites Validation should identify multiple missing requirements FAILED[39m
	ReferenceError: process is not defined
	    at new CreditScoringService (src/app/services/credit-scoring.service.ts:62:13)
	    at Object.factory (ng:///CreditScoringService/ɵfac.js:4:10)
	    at callback (node_modules/@angular/core/fesm2022/core.mjs:3219:47)
	    at runInInjectorProfilerContext (node_modules/@angular/core/fesm2022/core.mjs:866:9)
	    at R3Injector.hydrate (node_modules/@angular/core/fesm2022/core.mjs:3218:21)
	    at R3Injector.get (node_modules/@angular/core/fesm2022/core.mjs:3082:33)
	    at TestBedImpl.inject (node_modules/@angular/core/fesm2022/testing.mjs:1914:52)
	    at TestBedImpl.inject (node_modules/@angular/core/fesm2022/testing.mjs:1768:37)
	    at UserContext.apply (src/app/services/credit-scoring.service.spec.ts:58:23)
	    at _ZoneDelegate.invoke (node_modules/zone.js/fesm2015/zone.js:369:28)
Chrome Headless 140.0.0.0 (Mac OS 10.15.7): Executed 321 of 985[31m (143 FAILED)[39m (0 secs / 8.074 secs)
[1A[2K[31mChrome Headless 140.0.0.0 (Mac OS 10.15.7) CreditScoringService Scoring Prerequisites Validation should identify missing comprobante document FAILED[39m
	ReferenceError: process is not defined
	    at new CreditScoringService (src/app/services/credit-scoring.service.ts:62:13)
	    at Object.factory (ng:///CreditScoringService/ɵfac.js:4:10)
	    at callback (node_modules/@angular/core/fesm2022/core.mjs:3219:47)
	    at runInInjectorProfilerContext (node_modules/@angular/core/fesm2022/core.mjs:866:9)
	    at R3Injector.hydrate (node_modules/@angular/core/fesm2022/core.mjs:3218:21)
	    at R3Injector.get (node_modules/@angular/core/fesm2022/core.mjs:3082:33)
	    at TestBedImpl.inject (node_modules/@angular/core/fesm2022/testing.mjs:1914:52)
	    at TestBedImpl.inject (node_modules/@angular/core/fesm2022/testing.mjs:1768:37)
	    at UserContext.apply (src/app/services/credit-scoring.service.spec.ts:58:23)
	    at _ZoneDelegate.invoke (node_modules/zone.js/fesm2015/zone.js:369:28)
Chrome Headless 140.0.0.0 (Mac OS 10.15.7): Executed 322 of 985[31m (144 FAILED)[39m (0 secs / 8.075 secs)
[1A[2K[31mChrome Headless 140.0.0.0 (Mac OS 10.15.7) CreditScoringService Scoring Prerequisites Validation should validate client is ready for scoring FAILED[39m
	ReferenceError: process is not defined
	    at new CreditScoringService (src/app/services/credit-scoring.service.ts:62:13)
	    at Object.factory (ng:///CreditScoringService/ɵfac.js:4:10)
	    at callback (node_modules/@angular/core/fesm2022/core.mjs:3219:47)
	    at runInInjectorProfilerContext (node_modules/@angular/core/fesm2022/core.mjs:866:9)
	    at R3Injector.hydrate (node_modules/@angular/core/fesm2022/core.mjs:3218:21)
	    at R3Injector.get (node_modules/@angular/core/fesm2022/core.mjs:3082:33)
	    at TestBedImpl.inject (node_modules/@angular/core/fesm2022/testing.mjs:1914:52)
	    at TestBedImpl.inject (node_modules/@angular/core/fesm2022/testing.mjs:1768:37)
	    at UserContext.apply (src/app/services/credit-scoring.service.spec.ts:58:23)
	    at _ZoneDelegate.invoke (node_modules/zone.js/fesm2015/zone.js:369:28)
Chrome Headless 140.0.0.0 (Mac OS 10.15.7): Executed 323 of 985[31m (145 FAILED)[39m (0 secs / 8.076 secs)
[1A[2K[31mChrome Headless 140.0.0.0 (Mac OS 10.15.7) CreditScoringService Scoring Prerequisites Validation should identify missing INE document FAILED[39m
	ReferenceError: process is not defined
	    at new CreditScoringService (src/app/services/credit-scoring.service.ts:62:13)
	    at Object.factory (ng:///CreditScoringService/ɵfac.js:4:10)
	    at callback (node_modules/@angular/core/fesm2022/core.mjs:3219:47)
	    at runInInjectorProfilerContext (node_modules/@angular/core/fesm2022/core.mjs:866:9)
	    at R3Injector.hydrate (node_modules/@angular/core/fesm2022/core.mjs:3218:21)
	    at R3Injector.get (node_modules/@angular/core/fesm2022/core.mjs:3082:33)
	    at TestBedImpl.inject (node_modules/@angular/core/fesm2022/testing.mjs:1914:52)
	    at TestBedImpl.inject (node_modules/@angular/core/fesm2022/testing.mjs:1768:37)
	    at UserContext.apply (src/app/services/credit-scoring.service.spec.ts:58:23)
	    at _ZoneDelegate.invoke (node_modules/zone.js/fesm2015/zone.js:369:28)
Chrome Headless 140.0.0.0 (Mac OS 10.15.7): Executed 324 of 985[31m (146 FAILED)[39m (0 secs / 8.076 secs)
[1A[2K[31mChrome Headless 140.0.0.0 (Mac OS 10.15.7) CreditScoringService Scoring Validity Check should return false for non-existent scoring FAILED[39m
	ReferenceError: process is not defined
	    at new CreditScoringService (src/app/services/credit-scoring.service.ts:62:13)
	    at Object.factory (ng:///CreditScoringService/ɵfac.js:4:10)
	    at callback (node_modules/@angular/core/fesm2022/core.mjs:3219:47)
	    at runInInjectorProfilerContext (node_modules/@angular/core/fesm2022/core.mjs:866:9)
	    at R3Injector.hydrate (node_modules/@angular/core/fesm2022/core.mjs:3218:21)
	    at R3Injector.get (node_modules/@angular/core/fesm2022/core.mjs:3082:33)
	    at TestBedImpl.inject (node_modules/@angular/core/fesm2022/testing.mjs:1914:52)
	    at TestBedImpl.inject (node_modules/@angular/core/fesm2022/testing.mjs:1768:37)
	    at UserContext.apply (src/app/services/credit-scoring.service.spec.ts:58:23)
	    at _ZoneDelegate.invoke (node_modules/zone.js/fesm2015/zone.js:369:28)
Chrome Headless 140.0.0.0 (Mac OS 10.15.7): Executed 325 of 985[31m (147 FAILED)[39m (0 secs / 8.076 secs)
[1A[2K[31mChrome Headless 140.0.0.0 (Mac OS 10.15.7) CreditScoringService Scoring Validity Check should validate non-expired scoring FAILED[39m
	ReferenceError: process is not defined
	    at new CreditScoringService (src/app/services/credit-scoring.service.ts:62:13)
	    at Object.factory (ng:///CreditScoringService/ɵfac.js:4:10)
	    at callback (node_modules/@angular/core/fesm2022/core.mjs:3219:47)
	    at runInInjectorProfilerContext (node_modules/@angular/core/fesm2022/core.mjs:866:9)
	    at R3Injector.hydrate (node_modules/@angular/core/fesm2022/core.mjs:3218:21)
	    at R3Injector.get (node_modules/@angular/core/fesm2022/core.mjs:3082:33)
	    at TestBedImpl.inject (node_modules/@angular/core/fesm2022/testing.mjs:1914:52)
	    at TestBedImpl.inject (node_modules/@angular/core/fesm2022/testing.mjs:1768:37)
	    at UserContext.apply (src/app/services/credit-scoring.service.spec.ts:58:23)
	    at _ZoneDelegate.invoke (node_modules/zone.js/fesm2015/zone.js:369:28)
Chrome Headless 140.0.0.0 (Mac OS 10.15.7): Executed 326 of 985[31m (148 FAILED)[39m (0 secs / 8.076 secs)
[1A[2K[31mChrome Headless 140.0.0.0 (Mac OS 10.15.7) CreditScoringService Scoring Validity Check should invalidate expired scoring FAILED[39m
	ReferenceError: process is not defined
	    at new CreditScoringService (src/app/services/credit-scoring.service.ts:62:13)
	    at Object.factory (ng:///CreditScoringService/ɵfac.js:4:10)
	    at callback (node_modules/@angular/core/fesm2022/core.mjs:3219:47)
	    at runInInjectorProfilerContext (node_modules/@angular/core/fesm2022/core.mjs:866:9)
	    at R3Injector.hydrate (node_modules/@angular/core/fesm2022/core.mjs:3218:21)
	    at R3Injector.get (node_modules/@angular/core/fesm2022/core.mjs:3082:33)
	    at TestBedImpl.inject (node_modules/@angular/core/fesm2022/testing.mjs:1914:52)
	    at TestBedImpl.inject (node_modules/@angular/core/fesm2022/testing.mjs:1768:37)
	    at UserContext.apply (src/app/services/credit-scoring.service.spec.ts:58:23)
	    at _ZoneDelegate.invoke (node_modules/zone.js/fesm2015/zone.js:369:28)
Chrome Headless 140.0.0.0 (Mac OS 10.15.7): Executed 327 of 985[31m (149 FAILED)[39m (0 secs / 8.076 secs)
[1A[2K[31mChrome Headless 140.0.0.0 (Mac OS 10.15.7) CreditScoringService Scoring Simulation should include reasons for rejection FAILED[39m
	ReferenceError: process is not defined
	    at new CreditScoringService (src/app/services/credit-scoring.service.ts:62:13)
	    at Object.factory (ng:///CreditScoringService/ɵfac.js:4:10)
	    at callback (node_modules/@angular/core/fesm2022/core.mjs:3219:47)
	    at runInInjectorProfilerContext (node_modules/@angular/core/fesm2022/core.mjs:866:9)
	    at R3Injector.hydrate (node_modules/@angular/core/fesm2022/core.mjs:3218:21)
	    at R3Injector.get (node_modules/@angular/core/fesm2022/core.mjs:3082:33)
	    at TestBedImpl.inject (node_modules/@angular/core/fesm2022/testing.mjs:1914:52)
	    at TestBedImpl.inject (node_modules/@angular/core/fesm2022/testing.mjs:1768:37)
	    at UserContext.apply (src/app/services/credit-scoring.service.spec.ts:58:23)
	    at _ZoneDelegate.invoke (node_modules/zone.js/fesm2015/zone.js:369:28)
Chrome Headless 140.0.0.0 (Mac OS 10.15.7): Executed 328 of 985[31m (150 FAILED)[39m (0 secs / 8.077 secs)
[1A[2K[31mChrome Headless 140.0.0.0 (Mac OS 10.15.7) CreditScoringService Scoring Simulation should set expiration date correctly FAILED[39m
	ReferenceError: process is not defined
	    at new CreditScoringService (src/app/services/credit-scoring.service.ts:62:13)
	    at Object.factory (ng:///CreditScoringService/ɵfac.js:4:10)
	    at callback (node_modules/@angular/core/fesm2022/core.mjs:3219:47)
	    at runInInjectorProfilerContext (node_modules/@angular/core/fesm2022/core.mjs:866:9)
	    at R3Injector.hydrate (node_modules/@angular/core/fesm2022/core.mjs:3218:21)
	    at R3Injector.get (node_modules/@angular/core/fesm2022/core.mjs:3082:33)
	    at TestBedImpl.inject (node_modules/@angular/core/fesm2022/testing.mjs:1914:52)
	    at TestBedImpl.inject (node_modules/@angular/core/fesm2022/testing.mjs:1768:37)
	    at UserContext.apply (src/app/services/credit-scoring.service.spec.ts:58:23)
	    at _ZoneDelegate.invoke (node_modules/zone.js/fesm2015/zone.js:369:28)
Chrome Headless 140.0.0.0 (Mac OS 10.15.7): Executed 329 of 985[31m (151 FAILED)[39m (0 secs / 8.077 secs)
[1A[2K[31mChrome Headless 140.0.0.0 (Mac OS 10.15.7) CreditScoringService Scoring Simulation should set correct interest rates by market FAILED[39m
	ReferenceError: process is not defined
	    at new CreditScoringService (src/app/services/credit-scoring.service.ts:62:13)
	    at Object.factory (ng:///CreditScoringService/ɵfac.js:4:10)
	    at callback (node_modules/@angular/core/fesm2022/core.mjs:3219:47)
	    at runInInjectorProfilerContext (node_modules/@angular/core/fesm2022/core.mjs:866:9)
	    at R3Injector.hydrate (node_modules/@angular/core/fesm2022/core.mjs:3218:21)
	    at R3Injector.get (node_modules/@angular/core/fesm2022/core.mjs:3082:33)
	    at TestBedImpl.inject (node_modules/@angular/core/fesm2022/testing.mjs:1914:52)
	    at TestBedImpl.inject (node_modules/@angular/core/fesm2022/testing.mjs:1768:37)
	    at UserContext.apply (src/app/services/credit-scoring.service.spec.ts:58:23)
	    at _ZoneDelegate.invoke (node_modules/zone.js/fesm2015/zone.js:369:28)
Chrome Headless 140.0.0.0 (Mac OS 10.15.7): Executed 330 of 985[31m (152 FAILED)[39m (0 secs / 8.077 secs)
[1A[2K[31mChrome Headless 140.0.0.0 (Mac OS 10.15.7) CreditScoringService Scoring Simulation should apply business flow bonuses correctly FAILED[39m
	ReferenceError: process is not defined
	    at new CreditScoringService (src/app/services/credit-scoring.service.ts:62:13)
	    at Object.factory (ng:///CreditScoringService/ɵfac.js:4:10)
	    at callback (node_modules/@angular/core/fesm2022/core.mjs:3219:47)
	    at runInInjectorProfilerContext (node_modules/@angular/core/fesm2022/core.mjs:866:9)
	    at R3Injector.hydrate (node_modules/@angular/core/fesm2022/core.mjs:3218:21)
	    at R3Injector.get (node_modules/@angular/core/fesm2022/core.mjs:3082:33)
	    at TestBedImpl.inject (node_modules/@angular/core/fesm2022/testing.mjs:1914:52)
	    at TestBedImpl.inject (node_modules/@angular/core/fesm2022/testing.mjs:1768:37)
	    at UserContext.apply (src/app/services/credit-scoring.service.spec.ts:58:23)
	    at _ZoneDelegate.invoke (node_modules/zone.js/fesm2015/zone.js:369:28)
Chrome Headless 140.0.0.0 (Mac OS 10.15.7): Executed 331 of 985[31m (153 FAILED)[39m (0 secs / 8.078 secs)
[1A[2K[31mChrome Headless 140.0.0.0 (Mac OS 10.15.7) CreditScoringService Scoring Simulation should apply market bonus for Aguascalientes FAILED[39m
	ReferenceError: process is not defined
	    at new CreditScoringService (src/app/services/credit-scoring.service.ts:62:13)
	    at Object.factory (ng:///CreditScoringService/ɵfac.js:4:10)
	    at callback (node_modules/@angular/core/fesm2022/core.mjs:3219:47)
	    at runInInjectorProfilerContext (node_modules/@angular/core/fesm2022/core.mjs:866:9)
	    at R3Injector.hydrate (node_modules/@angular/core/fesm2022/core.mjs:3218:21)
	    at R3Injector.get (node_modules/@angular/core/fesm2022/core.mjs:3082:33)
	    at TestBedImpl.inject (node_modules/@angular/core/fesm2022/testing.mjs:1914:52)
	    at TestBedImpl.inject (node_modules/@angular/core/fesm2022/testing.mjs:1768:37)
	    at UserContext.apply (src/app/services/credit-scoring.service.spec.ts:58:23)
	    at _ZoneDelegate.invoke (node_modules/zone.js/fesm2015/zone.js:369:28)
Chrome Headless 140.0.0.0 (Mac OS 10.15.7): Executed 332 of 985[31m (154 FAILED)[39m (0 secs / 8.078 secs)
[1A[2K[31mChrome Headless 140.0.0.0 (Mac OS 10.15.7) CreditScoringService Scoring Simulation should simulate scoring with low score for risky client FAILED[39m
	ReferenceError: process is not defined
	    at new CreditScoringService (src/app/services/credit-scoring.service.ts:62:13)
	    at Object.factory (ng:///CreditScoringService/ɵfac.js:4:10)
	    at callback (node_modules/@angular/core/fesm2022/core.mjs:3219:47)
	    at runInInjectorProfilerContext (node_modules/@angular/core/fesm2022/core.mjs:866:9)
	    at R3Injector.hydrate (node_modules/@angular/core/fesm2022/core.mjs:3218:21)
	    at R3Injector.get (node_modules/@angular/core/fesm2022/core.mjs:3082:33)
	    at TestBedImpl.inject (node_modules/@angular/core/fesm2022/testing.mjs:1914:52)
	    at TestBedImpl.inject (node_modules/@angular/core/fesm2022/testing.mjs:1768:37)
	    at UserContext.apply (src/app/services/credit-scoring.service.spec.ts:58:23)
	    at _ZoneDelegate.invoke (node_modules/zone.js/fesm2015/zone.js:369:28)
Chrome Headless 140.0.0.0 (Mac OS 10.15.7): Executed 333 of 985[31m (155 FAILED)[39m (0 secs / 8.079 secs)
[1A[2K[31mChrome Headless 140.0.0.0 (Mac OS 10.15.7) CreditScoringService Scoring Simulation should include conditions for conditional approval FAILED[39m
	ReferenceError: process is not defined
	    at new CreditScoringService (src/app/services/credit-scoring.service.ts:62:13)
	    at Object.factory (ng:///CreditScoringService/ɵfac.js:4:10)
	    at callback (node_modules/@angular/core/fesm2022/core.mjs:3219:47)
	    at runInInjectorProfilerContext (node_modules/@angular/core/fesm2022/core.mjs:866:9)
	    at R3Injector.hydrate (node_modules/@angular/core/fesm2022/core.mjs:3218:21)
	    at R3Injector.get (node_modules/@angular/core/fesm2022/core.mjs:3082:33)
	    at TestBedImpl.inject (node_modules/@angular/core/fesm2022/testing.mjs:1914:52)
	    at TestBedImpl.inject (node_modules/@angular/core/fesm2022/testing.mjs:1768:37)
	    at UserContext.apply (src/app/services/credit-scoring.service.spec.ts:58:23)
	    at _ZoneDelegate.invoke (node_modules/zone.js/fesm2015/zone.js:369:28)
Chrome Headless 140.0.0.0 (Mac OS 10.15.7): Executed 334 of 985[31m (156 FAILED)[39m (0 secs / 8.079 secs)
[1A[2K[31mChrome Headless 140.0.0.0 (Mac OS 10.15.7) CreditScoringService Scoring Simulation should simulate scoring with high score for good client FAILED[39m
	ReferenceError: process is not defined
	    at new CreditScoringService (src/app/services/credit-scoring.service.ts:62:13)
	    at Object.factory (ng:///CreditScoringService/ɵfac.js:4:10)
	    at callback (node_modules/@angular/core/fesm2022/core.mjs:3219:47)
	    at runInInjectorProfilerContext (node_modules/@angular/core/fesm2022/core.mjs:866:9)
	    at R3Injector.hydrate (node_modules/@angular/core/fesm2022/core.mjs:3218:21)
	    at R3Injector.get (node_modules/@angular/core/fesm2022/core.mjs:3082:33)
	    at TestBedImpl.inject (node_modules/@angular/core/fesm2022/testing.mjs:1914:52)
	    at TestBedImpl.inject (node_modules/@angular/core/fesm2022/testing.mjs:1768:37)
	    at UserContext.apply (src/app/services/credit-scoring.service.spec.ts:58:23)
	    at _ZoneDelegate.invoke (node_modules/zone.js/fesm2015/zone.js:369:28)
Chrome Headless 140.0.0.0 (Mac OS 10.15.7): Executed 335 of 985[31m (157 FAILED)[39m (0 secs / 8.079 secs)
[1A[2K[31mChrome Headless 140.0.0.0 (Mac OS 10.15.7) CreditScoringService Score Grading System should assign correct grades for score ranges FAILED[39m
	ReferenceError: process is not defined
	    at new CreditScoringService (src/app/services/credit-scoring.service.ts:62:13)
	    at Object.factory (ng:///CreditScoringService/ɵfac.js:4:10)
	    at callback (node_modules/@angular/core/fesm2022/core.mjs:3219:47)
	    at runInInjectorProfilerContext (node_modules/@angular/core/fesm2022/core.mjs:866:9)
	    at R3Injector.hydrate (node_modules/@angular/core/fesm2022/core.mjs:3218:21)
	    at R3Injector.get (node_modules/@angular/core/fesm2022/core.mjs:3082:33)
	    at TestBedImpl.inject (node_modules/@angular/core/fesm2022/testing.mjs:1914:52)
	    at TestBedImpl.inject (node_modules/@angular/core/fesm2022/testing.mjs:1768:37)
	    at UserContext.apply (src/app/services/credit-scoring.service.spec.ts:58:23)
	    at _ZoneDelegate.invoke (node_modules/zone.js/fesm2015/zone.js:369:28)
Chrome Headless 140.0.0.0 (Mac OS 10.15.7): Executed 336 of 985[31m (158 FAILED)[39m (0 secs / 8.079 secs)
[1A[2K[31mChrome Headless 140.0.0.0 (Mac OS 10.15.7) CreditScoringService Client Scoring History should get client scoring history FAILED[39m
	ReferenceError: process is not defined
	    at new CreditScoringService (src/app/services/credit-scoring.service.ts:62:13)
	    at Object.factory (ng:///CreditScoringService/ɵfac.js:4:10)
	    at callback (node_modules/@angular/core/fesm2022/core.mjs:3219:47)
	    at runInInjectorProfilerContext (node_modules/@angular/core/fesm2022/core.mjs:866:9)
	    at R3Injector.hydrate (node_modules/@angular/core/fesm2022/core.mjs:3218:21)
	    at R3Injector.get (node_modules/@angular/core/fesm2022/core.mjs:3082:33)
	    at TestBedImpl.inject (node_modules/@angular/core/fesm2022/testing.mjs:1914:52)
	    at TestBedImpl.inject (node_modules/@angular/core/fesm2022/testing.mjs:1768:37)
	    at UserContext.apply (src/app/services/credit-scoring.service.spec.ts:58:23)
	    at _ZoneDelegate.invoke (node_modules/zone.js/fesm2015/zone.js:369:28)
Chrome Headless 140.0.0.0 (Mac OS 10.15.7): Executed 337 of 985[31m (159 FAILED)[39m (0 secs / 8.079 secs)
[1A[2K[31mChrome Headless 140.0.0.0 (Mac OS 10.15.7) CreditScoringService Client Scoring History should return empty array for client with no scorings FAILED[39m
	ReferenceError: process is not defined
	    at new CreditScoringService (src/app/services/credit-scoring.service.ts:62:13)
	    at Object.factory (ng:///CreditScoringService/ɵfac.js:4:10)
	    at callback (node_modules/@angular/core/fesm2022/core.mjs:3219:47)
	    at runInInjectorProfilerContext (node_modules/@angular/core/fesm2022/core.mjs:866:9)
	    at R3Injector.hydrate (node_modules/@angular/core/fesm2022/core.mjs:3218:21)
	    at R3Injector.get (node_modules/@angular/core/fesm2022/core.mjs:3082:33)
	    at TestBedImpl.inject (node_modules/@angular/core/fesm2022/testing.mjs:1914:52)
	    at TestBedImpl.inject (node_modules/@angular/core/fesm2022/testing.mjs:1768:37)
	    at UserContext.apply (src/app/services/credit-scoring.service.spec.ts:58:23)
	    at _ZoneDelegate.invoke (node_modules/zone.js/fesm2015/zone.js:369:28)
Chrome Headless 140.0.0.0 (Mac OS 10.15.7): Executed 338 of 985[31m (160 FAILED)[39m (0 secs / 8.079 secs)
[1A[2K[31mChrome Headless 140.0.0.0 (Mac OS 10.15.7) CreditScoringService Scoring Retry Functionality should retry scoring with updated information FAILED[39m
	ReferenceError: process is not defined
	    at new CreditScoringService (src/app/services/credit-scoring.service.ts:62:13)
	    at Object.factory (ng:///CreditScoringService/ɵfac.js:4:10)
	    at callback (node_modules/@angular/core/fesm2022/core.mjs:3219:47)
	    at runInInjectorProfilerContext (node_modules/@angular/core/fesm2022/core.mjs:866:9)
	    at R3Injector.hydrate (node_modules/@angular/core/fesm2022/core.mjs:3218:21)
	    at R3Injector.get (node_modules/@angular/core/fesm2022/core.mjs:3082:33)
	    at TestBedImpl.inject (node_modules/@angular/core/fesm2022/testing.mjs:1914:52)
	    at TestBedImpl.inject (node_modules/@angular/core/fesm2022/testing.mjs:1768:37)
	    at UserContext.apply (src/app/services/credit-scoring.service.spec.ts:58:23)
	    at _ZoneDelegate.invoke (node_modules/zone.js/fesm2015/zone.js:369:28)
Chrome Headless 140.0.0.0 (Mac OS 10.15.7): Executed 339 of 985[31m (161 FAILED)[39m (0 secs / 8.08 secs)
[1A[2K[31mChrome Headless 140.0.0.0 (Mac OS 10.15.7) CreditScoringService Scoring Retry Functionality should fail retry for non-existent original scoring FAILED[39m
	ReferenceError: process is not defined
	    at new CreditScoringService (src/app/services/credit-scoring.service.ts:62:13)
	    at Object.factory (ng:///CreditScoringService/ɵfac.js:4:10)
	    at callback (node_modules/@angular/core/fesm2022/core.mjs:3219:47)
	    at runInInjectorProfilerContext (node_modules/@angular/core/fesm2022/core.mjs:866:9)
	    at R3Injector.hydrate (node_modules/@angular/core/fesm2022/core.mjs:3218:21)
	    at R3Injector.get (node_modules/@angular/core/fesm2022/core.mjs:3082:33)
	    at TestBedImpl.inject (node_modules/@angular/core/fesm2022/testing.mjs:1914:52)
	    at TestBedImpl.inject (node_modules/@angular/core/fesm2022/testing.mjs:1768:37)
	    at UserContext.apply (src/app/services/credit-scoring.service.spec.ts:58:23)
	    at _ZoneDelegate.invoke (node_modules/zone.js/fesm2015/zone.js:369:28)
Chrome Headless 140.0.0.0 (Mac OS 10.15.7): Executed 340 of 985[31m (162 FAILED)[39m (0 secs / 8.08 secs)
[1A[2K[31mChrome Headless 140.0.0.0 (Mac OS 10.15.7) CreditScoringService Risk Level Assignment should assign correct risk levels FAILED[39m
	ReferenceError: process is not defined
	    at new CreditScoringService (src/app/services/credit-scoring.service.ts:62:13)
	    at Object.factory (ng:///CreditScoringService/ɵfac.js:4:10)
	    at callback (node_modules/@angular/core/fesm2022/core.mjs:3219:47)
	    at runInInjectorProfilerContext (node_modules/@angular/core/fesm2022/core.mjs:866:9)
	    at R3Injector.hydrate (node_modules/@angular/core/fesm2022/core.mjs:3218:21)
	    at R3Injector.get (node_modules/@angular/core/fesm2022/core.mjs:3082:33)
	    at TestBedImpl.inject (node_modules/@angular/core/fesm2022/testing.mjs:1914:52)
	    at TestBedImpl.inject (node_modules/@angular/core/fesm2022/testing.mjs:1768:37)
	    at UserContext.apply (src/app/services/credit-scoring.service.spec.ts:58:23)
	    at _ZoneDelegate.invoke (node_modules/zone.js/fesm2015/zone.js:369:28)
Chrome Headless 140.0.0.0 (Mac OS 10.15.7): Executed 341 of 985[31m (163 FAILED)[39m (0 secs / 8.081 secs)
[1A[2K[31mChrome Headless 140.0.0.0 (Mac OS 10.15.7) CreditScoringService Edge Cases and Error Handling should handle zero or negative income gracefully FAILED[39m
	ReferenceError: process is not defined
	    at new CreditScoringService (src/app/services/credit-scoring.service.ts:62:13)
	    at Object.factory (ng:///CreditScoringService/ɵfac.js:4:10)
	    at callback (node_modules/@angular/core/fesm2022/core.mjs:3219:47)
	    at runInInjectorProfilerContext (node_modules/@angular/core/fesm2022/core.mjs:866:9)
	    at R3Injector.hydrate (node_modules/@angular/core/fesm2022/core.mjs:3218:21)
	    at R3Injector.get (node_modules/@angular/core/fesm2022/core.mjs:3082:33)
	    at TestBedImpl.inject (node_modules/@angular/core/fesm2022/testing.mjs:1914:52)
	    at TestBedImpl.inject (node_modules/@angular/core/fesm2022/testing.mjs:1768:37)
	    at UserContext.apply (src/app/services/credit-scoring.service.spec.ts:58:23)
	    at _ZoneDelegate.invoke (node_modules/zone.js/fesm2015/zone.js:369:28)
Chrome Headless 140.0.0.0 (Mac OS 10.15.7): Executed 342 of 985[31m (164 FAILED)[39m (0 secs / 8.081 secs)
[1A[2K[31mChrome Headless 140.0.0.0 (Mac OS 10.15.7) CreditScoringService Edge Cases and Error Handling should handle minimum score bounds FAILED[39m
	ReferenceError: process is not defined
	    at new CreditScoringService (src/app/services/credit-scoring.service.ts:62:13)
	    at Object.factory (ng:///CreditScoringService/ɵfac.js:4:10)
	    at callback (node_modules/@angular/core/fesm2022/core.mjs:3219:47)
	    at runInInjectorProfilerContext (node_modules/@angular/core/fesm2022/core.mjs:866:9)
	    at R3Injector.hydrate (node_modules/@angular/core/fesm2022/core.mjs:3218:21)
	    at R3Injector.get (node_modules/@angular/core/fesm2022/core.mjs:3082:33)
	    at TestBedImpl.inject (node_modules/@angular/core/fesm2022/testing.mjs:1914:52)
	    at TestBedImpl.inject (node_modules/@angular/core/fesm2022/testing.mjs:1768:37)
	    at UserContext.apply (src/app/services/credit-scoring.service.spec.ts:58:23)
	    at _ZoneDelegate.invoke (node_modules/zone.js/fesm2015/zone.js:369:28)
Chrome Headless 140.0.0.0 (Mac OS 10.15.7): Executed 343 of 985[31m (165 FAILED)[39m (0 secs / 8.082 secs)
[1A[2K[31mChrome Headless 140.0.0.0 (Mac OS 10.15.7) CreditScoringService Edge Cases and Error Handling should handle maximum score bounds FAILED[39m
	ReferenceError: process is not defined
	    at new CreditScoringService (src/app/services/credit-scoring.service.ts:62:13)
	    at Object.factory (ng:///CreditScoringService/ɵfac.js:4:10)
	    at callback (node_modules/@angular/core/fesm2022/core.mjs:3219:47)
	    at runInInjectorProfilerContext (node_modules/@angular/core/fesm2022/core.mjs:866:9)
	    at R3Injector.hydrate (node_modules/@angular/core/fesm2022/core.mjs:3218:21)
	    at R3Injector.get (node_modules/@angular/core/fesm2022/core.mjs:3082:33)
	    at TestBedImpl.inject (node_modules/@angular/core/fesm2022/testing.mjs:1914:52)
	    at TestBedImpl.inject (node_modules/@angular/core/fesm2022/testing.mjs:1768:37)
	    at UserContext.apply (src/app/services/credit-scoring.service.spec.ts:58:23)
	    at _ZoneDelegate.invoke (node_modules/zone.js/fesm2015/zone.js:369:28)
Chrome Headless 140.0.0.0 (Mac OS 10.15.7): Executed 344 of 985[31m (166 FAILED)[39m (0 secs / 8.082 secs)
[1A[2K[31mChrome Headless 140.0.0.0 (Mac OS 10.15.7) PostSalesApiService getPostSalesRecord should retrieve post-sales record by VIN FAILED[39m
	Expected undefined to be 'José Hernández Pérez'.
	    at <Jasmine>
	    at Object.next (src/app/services/post-sales-api.service.spec.ts:150:45)
	    at ConsumerObserver.next (node_modules/rxjs/dist/esm/internal/Subscriber.js:91:33)
	    at SafeSubscriber._next (node_modules/rxjs/dist/esm/internal/Subscriber.js:60:26)
	    at SafeSubscriber.next (node_modules/rxjs/dist/esm/internal/Subscriber.js:31:18)
Chrome Headless 140.0.0.0 (Mac OS 10.15.7): Executed 345 of 985[31m (167 FAILED)[39m (0 secs / 8.084 secs)
[1A[2KChrome Headless 140.0.0.0 (Mac OS 10.15.7): Executed 346 of 985[31m (167 FAILED)[39m (0 secs / 8.085 secs)
[1A[2KChrome Headless 140.0.0.0 (Mac OS 10.15.7): Executed 347 of 985[31m (167 FAILED)[39m (0 secs / 8.085 secs)
[1A[2K[31mChrome Headless 140.0.0.0 (Mac OS 10.15.7) PostSalesApiService scheduleMaintenanceService should schedule maintenance service successfully FAILED[39m
	TypeError: service.scheduleMaintenanceService is not a function
	    at UserContext.apply (src/app/services/post-sales-api.service.spec.ts:188:24)
	    at _ZoneDelegate.invoke (node_modules/zone.js/fesm2015/zone.js:369:28)
	    at ProxyZoneSpec.onInvoke (node_modules/zone.js/fesm2015/zone-testing.js:2081:39)
	    at _ZoneDelegate.invoke (node_modules/zone.js/fesm2015/zone.js:368:34)
	    at ZoneImpl.run (node_modules/zone.js/fesm2015/zone.js:111:43)
	    at runInTestZone (node_modules/zone.js/fesm2015/zone-testing.js:216:38)
	    at UserContext.<anonymous> (node_modules/zone.js/fesm2015/zone-testing.js:234:32)
	    at <Jasmine>
Chrome Headless 140.0.0.0 (Mac OS 10.15.7): Executed 348 of 985[31m (168 FAILED)[39m (0 secs / 8.086 secs)
[1A[2K[31mChrome Headless 140.0.0.0 (Mac OS 10.15.7) PostSalesApiService recordClientContact should record client contact successfully FAILED[39m
	TypeError: service.recordClientContact is not a function
	    at UserContext.apply (src/app/services/post-sales-api.service.spec.ts:218:24)
	    at _ZoneDelegate.invoke (node_modules/zone.js/fesm2015/zone.js:369:28)
	    at ProxyZoneSpec.onInvoke (node_modules/zone.js/fesm2015/zone-testing.js:2081:39)
	    at _ZoneDelegate.invoke (node_modules/zone.js/fesm2015/zone.js:368:34)
	    at ZoneImpl.run (node_modules/zone.js/fesm2015/zone.js:111:43)
	    at runInTestZone (node_modules/zone.js/fesm2015/zone-testing.js:216:38)
	    at UserContext.<anonymous> (node_modules/zone.js/fesm2015/zone-testing.js:234:32)
	    at <Jasmine>
Chrome Headless 140.0.0.0 (Mac OS 10.15.7): Executed 349 of 985[31m (169 FAILED)[39m (0 secs / 8.087 secs)
[1A[2KChrome Headless 140.0.0.0 (Mac OS 10.15.7): Executed 350 of 985[31m (169 FAILED)[39m (0 secs / 8.088 secs)
[1A[2KChrome Headless 140.0.0.0 (Mac OS 10.15.7): Executed 351 of 985[31m (169 FAILED)[39m (0 secs / 8.088 secs)
[1A[2KChrome Headless 140.0.0.0 (Mac OS 10.15.7): Executed 352 of 985[31m (169 FAILED)[39m (0 secs / 8.094 secs)
[1A[2K[31mChrome Headless 140.0.0.0 (Mac OS 10.15.7) PushNotificationService Notification Handling should navigate to client page for document_pending notifications FAILED[39m
	Error: <spyOnProperty> : location is not declared configurable
	Usage: spyOnProperty(<object>, <propName>, [accessType])
	    at <Jasmine>
	    at UserContext.apply (src/app/services/push-notification.service.spec.ts:326:7)
	    at _ZoneDelegate.invoke (node_modules/zone.js/fesm2015/zone.js:369:28)
	    at ProxyZoneSpec.onInvoke (node_modules/zone.js/fesm2015/zone-testing.js:2081:39)
	    at _ZoneDelegate.invoke (node_modules/zone.js/fesm2015/zone.js:368:34)
	    at ZoneImpl.run (node_modules/zone.js/fesm2015/zone.js:111:43)
	    at runInTestZone (node_modules/zone.js/fesm2015/zone-testing.js:216:38)
	    at UserContext.<anonymous> (node_modules/zone.js/fesm2015/zone-testing.js:234:32)
Chrome Headless 140.0.0.0 (Mac OS 10.15.7): Executed 353 of 985[31m (170 FAILED)[39m (0 secs / 8.095 secs)
[1A[2KChrome Headless 140.0.0.0 (Mac OS 10.15.7): Executed 354 of 985[31m (170 FAILED)[39m (0 secs / 8.096 secs)
[1A[2KChrome Headless 140.0.0.0 (Mac OS 10.15.7): Executed 355 of 985[31m (170 FAILED)[39m (0 secs / 8.097 secs)
[1A[2K[31mChrome Headless 140.0.0.0 (Mac OS 10.15.7) PushNotificationService Notification Handling should handle incoming notification message FAILED[39m
	TypeError: Cannot redefine property: hidden
	    at Object.defineProperty (<anonymous>)
	    at UserContext.apply (src/app/services/push-notification.service.spec.ts:265:14)
	    at _ZoneDelegate.invoke (node_modules/zone.js/fesm2015/zone.js:369:28)
	    at ProxyZoneSpec.onInvoke (node_modules/zone.js/fesm2015/zone-testing.js:2081:39)
	    at _ZoneDelegate.invoke (node_modules/zone.js/fesm2015/zone.js:368:34)
	    at ZoneImpl.run (node_modules/zone.js/fesm2015/zone.js:111:43)
	    at runInTestZone (node_modules/zone.js/fesm2015/zone-testing.js:216:38)
	    at UserContext.<anonymous> (node_modules/zone.js/fesm2015/zone-testing.js:234:32)
	    at <Jasmine>
Chrome Headless 140.0.0.0 (Mac OS 10.15.7): Executed 356 of 985[31m (171 FAILED)[39m (0 secs / 8.098 secs)
[1A[2KERROR: [36m'Failed to unsubscribe from notifications:', Error: Unsubscribe failed
Error: Unsubscribe failed
    at UserContext.<anonymous> (http://localhost:9876/_karma_webpack_/webpack:/src/app/services/push-notification.service.spec.ts:203:61)
    at Generator.next (<anonymous>)
    at asyncGeneratorStep (http://localhost:9876/_karma_webpack_/webpack:/node_modules/@angular-devkit/build-angular/node_modules/@babel/runtime/helpers/esm/asyncToGenerator.js:3:1)
    at _next (http://localhost:9876/_karma_webpack_/webpack:/node_modules/@angular-devkit/build-angular/node_modules/@babel/runtime/helpers/esm/asyncToGenerator.js:17:1)
    at executor (http://localhost:9876/_karma_webpack_/webpack:/node_modules/@angular-devkit/build-angular/node_modules/@babel/runtime/helpers/esm/asyncToGenerator.js:22:1)
    at new ZoneAwarePromise (http://localhost:9876/_karma_webpack_/webpack:/node_modules/zone.js/fesm2015/zone.js:2702:25)
    at UserContext.apply (http://localhost:9876/_karma_webpack_/webpack:/node_modules/@angular-devkit/build-angular/node_modules/@babel/runtime/helpers/esm/asyncToGenerator.js:14:1)
    at _ZoneDelegate.invoke (http://localhost:9876/_karma_webpack_/webpack:/node_modules/zone.js/fesm2015/zone.js:369:28)
    at ProxyZoneSpec.onInvoke (http://localhost:9876/_karma_webpack_/webpack:/node_modules/zone.js/fesm2015/zone-testing.js:2081:39)
    at _ZoneDelegate.invoke (http://localhost:9876/_karma_webpack_/webpack:/node_modules/zone.js/fesm2015/zone.js:368:34)[39m
Chrome Headless 140.0.0.0 (Mac OS 10.15.7): Executed 356 of 985[31m (171 FAILED)[39m (0 secs / 8.098 secs)
ERROR: 'Failed to unsubscribe from notifications:', Error: Unsubscribe failed
Error: Unsubscribe failed
    at UserContext.<anonymous> (http://localhost:9876/_karma_webpack_/webpack:/src/app/services/push-notification.service.spec.ts:203:61)
    at Generator.next (<anonymous>)
    at asyncGeneratorStep (http://localhost:9876/_karma_webpack_/webpack:/node_modules/@angular-devkit/build-angular/node_modules/@babel/runtime/helpers/esm/asyncToGenerator.js:3:1)
    at _next (http://localhost:9876/_karma_webpack_/webpack:/node_modules/@angular-devkit/build-angular/node_modules/@babel/runtime/helpers/esm/asyncToGenerator.js:17:1)
    at executor (http://localhost:9876/_karma_webpack_/webpack:/node_modules/@angular-devkit/build-angular/node_modules/@babel/runtime/helpers/esm/asyncToGenerator.js:22:1)
    at new ZoneAwarePromise (http://localhost:9876/_karma_webpack_/webpack:/node_modules/zone.js/fesm2015/zone.js:2702:25)
    at UserContext.apply (http://localhost:9876/_karma_webpack_/webpack:/node_modules/@angular-devkit/build-angular/node_modules/@babel/runtime/helpers/esm/asyncToGenerator.js:14:1)
    at _ZoneDelegate.invoke (http://localhost:9876/_karma_webpack_/webpack:/node_modules/zone.js/fesm2015/zone.js:369:28)
    at ProxyZoneSpec.onInvoke (http://localhost:9876/_karma_webpack_/webpack:/node_modules/zone.js/fesm2015/zone-testing.js:2081:39)
    at _ZoneDelegate.invoke (http://localhost:9876/_karma_webpack_/webpack:/node_modules/zone.js/fesm2015/zone.js:368:34)
[1A[2KChrome Headless 140.0.0.0 (Mac OS 10.15.7): Executed 357 of 985[31m (171 FAILED)[39m (0 secs / 8.098 secs)
[1A[2KERROR: [36m'Failed to subscribe to notifications:', Error: Subscription failed
Error: Subscription failed
    at UserContext.<anonymous> (http://localhost:9876/_karma_webpack_/webpack:/src/app/services/push-notification.service.spec.ts:163:69)
    at Generator.next (<anonymous>)
    at asyncGeneratorStep (http://localhost:9876/_karma_webpack_/webpack:/node_modules/@angular-devkit/build-angular/node_modules/@babel/runtime/helpers/esm/asyncToGenerator.js:3:1)
    at _next (http://localhost:9876/_karma_webpack_/webpack:/node_modules/@angular-devkit/build-angular/node_modules/@babel/runtime/helpers/esm/asyncToGenerator.js:17:1)
    at executor (http://localhost:9876/_karma_webpack_/webpack:/node_modules/@angular-devkit/build-angular/node_modules/@babel/runtime/helpers/esm/asyncToGenerator.js:22:1)
    at new ZoneAwarePromise (http://localhost:9876/_karma_webpack_/webpack:/node_modules/zone.js/fesm2015/zone.js:2702:25)
    at UserContext.apply (http://localhost:9876/_karma_webpack_/webpack:/node_modules/@angular-devkit/build-angular/node_modules/@babel/runtime/helpers/esm/asyncToGenerator.js:14:1)
    at _ZoneDelegate.invoke (http://localhost:9876/_karma_webpack_/webpack:/node_modules/zone.js/fesm2015/zone.js:369:28)
    at ProxyZoneSpec.onInvoke (http://localhost:9876/_karma_webpack_/webpack:/node_modules/zone.js/fesm2015/zone-testing.js:2081:39)
    at _ZoneDelegate.invoke (http://localhost:9876/_karma_webpack_/webpack:/node_modules/zone.js/fesm2015/zone.js:368:34)[39m
Chrome Headless 140.0.0.0 (Mac OS 10.15.7): Executed 357 of 985[31m (171 FAILED)[39m (0 secs / 8.098 secs)
ERROR: 'Failed to subscribe to notifications:', Error: Subscription failed
Error: Subscription failed
    at UserContext.<anonymous> (http://localhost:9876/_karma_webpack_/webpack:/src/app/services/push-notification.service.spec.ts:163:69)
    at Generator.next (<anonymous>)
    at asyncGeneratorStep (http://localhost:9876/_karma_webpack_/webpack:/node_modules/@angular-devkit/build-angular/node_modules/@babel/runtime/helpers/esm/asyncToGenerator.js:3:1)
    at _next (http://localhost:9876/_karma_webpack_/webpack:/node_modules/@angular-devkit/build-angular/node_modules/@babel/runtime/helpers/esm/asyncToGenerator.js:17:1)
    at executor (http://localhost:9876/_karma_webpack_/webpack:/node_modules/@angular-devkit/build-angular/node_modules/@babel/runtime/helpers/esm/asyncToGenerator.js:22:1)
    at new ZoneAwarePromise (http://localhost:9876/_karma_webpack_/webpack:/node_modules/zone.js/fesm2015/zone.js:2702:25)
    at UserContext.apply (http://localhost:9876/_karma_webpack_/webpack:/node_modules/@angular-devkit/build-angular/node_modules/@babel/runtime/helpers/esm/asyncToGenerator.js:14:1)
    at _ZoneDelegate.invoke (http://localhost:9876/_karma_webpack_/webpack:/node_modules/zone.js/fesm2015/zone.js:369:28)
    at ProxyZoneSpec.onInvoke (http://localhost:9876/_karma_webpack_/webpack:/node_modules/zone.js/fesm2015/zone-testing.js:2081:39)
    at _ZoneDelegate.invoke (http://localhost:9876/_karma_webpack_/webpack:/node_modules/zone.js/fesm2015/zone.js:368:34)
[1A[2KChrome Headless 140.0.0.0 (Mac OS 10.15.7): Executed 358 of 985[31m (171 FAILED)[39m (0 secs / 8.098 secs)
[1A[2K[31mChrome Headless 140.0.0.0 (Mac OS 10.15.7) PushNotificationService Subscription Management should unsubscribe from push notifications FAILED[39m
	Error: Timeout - Async function did not complete within 5000ms (set by jasmine.DEFAULT_TIMEOUT_INTERVAL)
	    at <Jasmine>
	Error: Expected no open requests, found 1: DELETE http://localhost:3000/api/notifications/subscriptions/sub123
	    at HttpClientTestingBackend.verify (node_modules/@angular/common/fesm2022/http/testing.mjs:298:19)
	    at UserContext.apply (src/app/services/push-notification.service.spec.ts:45:14)
	    at _ZoneDelegate.invoke (node_modules/zone.js/fesm2015/zone.js:369:28)
	    at ProxyZoneSpec.onInvoke (node_modules/zone.js/fesm2015/zone-testing.js:2081:39)
	    at _ZoneDelegate.invoke (node_modules/zone.js/fesm2015/zone.js:368:34)
	    at ZoneImpl.run (node_modules/zone.js/fesm2015/zone.js:111:43)
	    at runInTestZone (node_modules/zone.js/fesm2015/zone-testing.js:216:38)
	    at UserContext.<anonymous> (node_modules/zone.js/fesm2015/zone-testing.js:234:32)
	    at <Jasmine>
Chrome Headless 140.0.0.0 (Mac OS 10.15.7): Executed 359 of 985[31m (172 FAILED)[39m (0 secs / 13.108 secs)
[1A[2KChrome Headless 140.0.0.0 (Mac OS 10.15.7): Executed 360 of 985[31m (172 FAILED)[39m (0 secs / 13.111 secs)
[1A[2K[31mChrome Headless 140.0.0.0 (Mac OS 10.15.7) PushNotificationService Subscription Management should subscribe to push notifications FAILED[39m
	Error: Timeout - Async function did not complete within 5000ms (set by jasmine.DEFAULT_TIMEOUT_INTERVAL)
	    at <Jasmine>
	Error: Expected no open requests, found 1: POST http://localhost:3000/api/notifications/subscriptions
	    at HttpClientTestingBackend.verify (node_modules/@angular/common/fesm2022/http/testing.mjs:298:19)
	    at UserContext.apply (src/app/services/push-notification.service.spec.ts:45:14)
	    at _ZoneDelegate.invoke (node_modules/zone.js/fesm2015/zone.js:369:28)
	    at ProxyZoneSpec.onInvoke (node_modules/zone.js/fesm2015/zone-testing.js:2081:39)
	    at _ZoneDelegate.invoke (node_modules/zone.js/fesm2015/zone.js:368:34)
	    at ZoneImpl.run (node_modules/zone.js/fesm2015/zone.js:111:43)
	    at runInTestZone (node_modules/zone.js/fesm2015/zone-testing.js:216:38)
	    at UserContext.<anonymous> (node_modules/zone.js/fesm2015/zone-testing.js:234:32)
	    at <Jasmine>
Chrome Headless 140.0.0.0 (Mac OS 10.15.7): Executed 361 of 985[31m (173 FAILED)[39m (0 secs / 18.12 secs)
[1A[2K[31mChrome Headless 140.0.0.0 (Mac OS 10.15.7) PushNotificationService Subscription Management should load existing subscription from localStorage FAILED[39m
	Expected null to equal Object({ subscription_id: 'sub123', endpoint: 'https://test.com', keys: Object({ p256dh: 'test', auth: 'test' }), user_id: 'user123', device_info: Object({ browser: 'Chrome', os: 'Windows', device_type: 'desktop' }), active: true }).
	    at <Jasmine>
	    at Object.next (src/app/services/push-notification.service.spec.ts:225:21)
	    at ConsumerObserver.next (node_modules/rxjs/dist/esm/internal/Subscriber.js:91:33)
	    at SafeSubscriber._next (node_modules/rxjs/dist/esm/internal/Subscriber.js:60:26)
	    at SafeSubscriber.next (node_modules/rxjs/dist/esm/internal/Subscriber.js:31:18)
Chrome Headless 140.0.0.0 (Mac OS 10.15.7): Executed 362 of 985[31m (174 FAILED)[39m (0 secs / 18.123 secs)
[1A[2K[31mChrome Headless 140.0.0.0 (Mac OS 10.15.7) PushNotificationService Subscription Management should handle corrupted localStorage subscription data FAILED[39m
	Expected 'invalid-json' to be null.
	    at <Jasmine>
	    at UserContext.apply (src/app/services/push-notification.service.spec.ts:235:57)
	    at _ZoneDelegate.invoke (node_modules/zone.js/fesm2015/zone.js:369:28)
	    at ProxyZoneSpec.onInvoke (node_modules/zone.js/fesm2015/zone-testing.js:2081:39)
	    at _ZoneDelegate.invoke (node_modules/zone.js/fesm2015/zone.js:368:34)
Chrome Headless 140.0.0.0 (Mac OS 10.15.7): Executed 363 of 985[31m (175 FAILED)[39m (0 secs / 18.126 secs)
[1A[2KChrome Headless 140.0.0.0 (Mac OS 10.15.7): Executed 364 of 985[31m (175 FAILED)[39m (0 secs / 18.129 secs)
[1A[2K[31mChrome Headless 140.0.0.0 (Mac OS 10.15.7) PushNotificationService Permission Management should throw error when push notifications not supported FAILED[39m
	Failed: Should have thrown error
	    at <Jasmine>
	    at UserContext.<anonymous> (src/app/services/push-notification.service.spec.ts:110:9)
	    at Generator.next (<anonymous>)
	    at asyncGeneratorStep (node_modules/@angular-devkit/build-angular/node_modules/@babel/runtime/helpers/esm/asyncToGenerator.js:3:1)
	    at apply (node_modules/@angular-devkit/build-angular/node_modules/@babel/runtime/helpers/esm/asyncToGenerator.js:17:1)
	    at _ZoneDelegate.invoke (node_modules/zone.js/fesm2015/zone.js:369:28)
Chrome Headless 140.0.0.0 (Mac OS 10.15.7): Executed 365 of 985[31m (176 FAILED)[39m (0 secs / 18.131 secs)
[1A[2KChrome Headless 140.0.0.0 (Mac OS 10.15.7): Executed 366 of 985[31m (176 FAILED)[39m (0 secs / 18.131 secs)
[1A[2KChrome Headless 140.0.0.0 (Mac OS 10.15.7): Executed 367 of 985[31m (176 FAILED)[39m (0 secs / 18.131 secs)
[1A[2KChrome Headless 140.0.0.0 (Mac OS 10.15.7): Executed 368 of 985[31m (176 FAILED)[39m (0 secs / 18.132 secs)
[1A[2KChrome Headless 140.0.0.0 (Mac OS 10.15.7): Executed 369 of 985[31m (176 FAILED)[39m (0 secs / 18.133 secs)
[1A[2KChrome Headless 140.0.0.0 (Mac OS 10.15.7): Executed 370 of 985[31m (176 FAILED)[39m (0 secs / 18.134 secs)
[1A[2KChrome Headless 140.0.0.0 (Mac OS 10.15.7): Executed 371 of 985[31m (176 FAILED)[39m (0 secs / 18.134 secs)
[1A[2KChrome Headless 140.0.0.0 (Mac OS 10.15.7): Executed 372 of 985[31m (176 FAILED)[39m (0 secs / 18.135 secs)
[1A[2KChrome Headless 140.0.0.0 (Mac OS 10.15.7): Executed 373 of 985[31m (176 FAILED)[39m (0 secs / 18.135 secs)
[1A[2KLOG: [36m'In-app notification:', Object{}[39m
Chrome Headless 140.0.0.0 (Mac OS 10.15.7): Executed 373 of 985[31m (176 FAILED)[39m (0 secs / 18.135 secs)
LOG: 'In-app notification:', Object{}
[1A[2K[31mChrome Headless 140.0.0.0 (Mac OS 10.15.7) PushNotificationService Initialization Flow should return false for unsupported environment FAILED[39m
	Expected true to be false.
	    at <Jasmine>
	    at UserContext.<anonymous> (src/app/services/push-notification.service.spec.ts:613:22)
	    at Generator.next (<anonymous>)
	    at asyncGeneratorStep (node_modules/@angular-devkit/build-angular/node_modules/@babel/runtime/helpers/esm/asyncToGenerator.js:3:1)
	    at _next (node_modules/@angular-devkit/build-angular/node_modules/@babel/runtime/helpers/esm/asyncToGenerator.js:17:1)
Chrome Headless 140.0.0.0 (Mac OS 10.15.7): Executed 374 of 985[31m (177 FAILED)[39m (0 secs / 18.136 secs)
[1A[2KChrome Headless 140.0.0.0 (Mac OS 10.15.7): Executed 375 of 985[31m (177 FAILED)[39m (0 secs / 18.136 secs)
[1A[2KChrome Headless 140.0.0.0 (Mac OS 10.15.7): Executed 376 of 985[31m (177 FAILED)[39m (0 secs / 18.137 secs)
[1A[2KChrome Headless 140.0.0.0 (Mac OS 10.15.7): Executed 377 of 985[31m (177 FAILED)[39m (0 secs / 18.137 secs)
[1A[2K[31mChrome Headless 140.0.0.0 (Mac OS 10.15.7) ERROR[39m
  An error was thrown in afterAll
  TypeError: Cannot read properties of undefined (reading 'data')
      at PushNotificationService.handleNotificationClick (http://localhost:9876/_karma_webpack_/webpack:/src/app/services/push-notification.service.ts:265:37)
      at Object.next (http://localhost:9876/_karma_webpack_/webpack:/src/app/services/push-notification.service.ts:235:12)
      at ConsumerObserver.next (http://localhost:9876/_karma_webpack_/webpack:/node_modules/rxjs/dist/esm/internal/Subscriber.js:91:33)
      at SafeSubscriber._next (http://localhost:9876/_karma_webpack_/webpack:/node_modules/rxjs/dist/esm/internal/Subscriber.js:60:26)
      at SafeSubscriber.next (http://localhost:9876/_karma_webpack_/webpack:/node_modules/rxjs/dist/esm/internal/Subscriber.js:31:18)
      at Observable._subscribe (http://localhost:9876/_karma_webpack_/webpack:/node_modules/rxjs/dist/esm/internal/observable/innerFrom.js:51:24)
      at Observable._trySubscribe (http://localhost:9876/_karma_webpack_/webpack:/node_modules/rxjs/dist/esm/internal/Observable.js:37:25)
      at cb (http://localhost:9876/_karma_webpack_/webpack:/node_modules/rxjs/dist/esm/internal/Observable.js:31:30)
      at errorContext (http://localhost:9876/_karma_webpack_/webpack:/node_modules/rxjs/dist/esm/internal/util/errorContext.js:19:9)
      at Observable.subscribe (http://localhost:9876/_karma_webpack_/webpack:/node_modules/rxjs/dist/esm/internal/Observable.js:22:21)
Chrome Headless 140.0.0.0 (Mac OS 10.15.7): Executed 377 of 985[31m (177 FAILED)[39m[31m ERROR[39m (0 secs / 18.137 secs)
Chrome Headless 140.0.0.0 (Mac OS 10.15.7) ERROR
  An error was thrown in afterAll
  TypeError: Cannot read properties of undefined (reading 'data')
      at PushNotificationService.handleNotificationClick (http://localhost:9876/_karma_webpack_/webpack:/src/app/services/push-notification.service.ts:265:37)
      at Object.next (http://localhost:9876/_karma_webpack_/webpack:/src/app/services/push-notification.service.ts:235:12)
      at ConsumerObserver.next (http://localhost:9876/_karma_webpack_/webpack:/node_modules/rxjs/dist/esm/internal/Subscriber.js:91:33)
      at SafeSubscriber._next (http://localhost:9876/_karma_webpack_/webpack:/node_modules/rxjs/dist/esm/internal/Subscriber.js:60:26)
      at SafeSubscriber.next (http://localhost:9876/_karma_webpack_/webpack:/node_modules/rxjs/dist/esm/internal/Subscriber.js:31:18)
      at Observable._subscribe (http://localhost:9876/_karma_webpack_/webpack:/node_modules/rxjs/dist/esm/internal/observable/innerFrom.js:51:24)
      at Observable._trySubscribe (http://localhost:9876/_karma_webpack_/webpack:/node_modules/rxjs/dist/esm/internal/Observable.js:37:25)
      at cb (http://localhost:9876/_karma_webpack_/webpack:/node_modules/rxjs/dist/esm/internal/Observable.js:31:30)
      at errorContext (http://localhost:9876/_karma_webpack_/webpack:/node_modules/rxjs/dist/esm/internal/util/errorContext.js:19:9)
      at Observable.subscribe (http://localhost:9876/_karma_webpack_/webpack:/node_modules/rxjs/dist/esm/internal/Observable.js:22:21)
[1A[2KChrome Headless 140.0.0.0 (Mac OS 10.15.7): Executed 377 of 985[31m (177 FAILED)[39m[31m ERROR[39m (18.255 secs / 18.137 secs)
✔ Browser application bundle generation complete.
[1A[2KChrome Headless 140.0.0.0 (Mac OS 10.15.7): Executed 378 of 985[31m (177 FAILED)[39m[31m ERROR[39m (18.255 secs / 18.138 secs)
[1A[2K[31mChrome Headless 140.0.0.0 (Mac OS 10.15.7) PushNotificationService Notification History should load stored notifications on initialization FAILED[39m
	Expected $.length = 0 to equal 1.
	Expected $[0] = undefined to equal Object({ id: '1', user_id: 'user123', title: 'Test', body: 'Body', type: 'general', sent_at: '2025-09-10T07:22:38.537Z', delivered: true, clicked: false }).
	    at <Jasmine>
	    at Object.next (src/app/services/push-notification.service.spec.ts:417:25)
	    at ConsumerObserver.next (node_modules/rxjs/dist/esm/internal/Subscriber.js:91:33)
	    at SafeSubscriber._next (node_modules/rxjs/dist/esm/internal/Subscriber.js:60:26)
	    at SafeSubscriber.next (node_modules/rxjs/dist/esm/internal/Subscriber.js:31:18)
Chrome Headless 140.0.0.0 (Mac OS 10.15.7): Executed 379 of 985[31m (178 FAILED)[39m[31m ERROR[39m (18.255 secs / 18.139 secs)
[1A[2KChrome Headless 140.0.0.0 (Mac OS 10.15.7): Executed 380 of 985[31m (178 FAILED)[39m[31m ERROR[39m (18.255 secs / 18.14 secs)
[1A[2K[31mChrome Headless 140.0.0.0 (Mac OS 10.15.7) PushNotificationService Notification History should handle corrupted notification history data FAILED[39m
	Expected 'invalid-json' to be null.
	    at <Jasmine>
	    at UserContext.apply (src/app/services/push-notification.service.spec.ts:427:60)
	    at _ZoneDelegate.invoke (node_modules/zone.js/fesm2015/zone.js:369:28)
	    at ProxyZoneSpec.onInvoke (node_modules/zone.js/fesm2015/zone-testing.js:2081:39)
	    at _ZoneDelegate.invoke (node_modules/zone.js/fesm2015/zone.js:368:34)
Chrome Headless 140.0.0.0 (Mac OS 10.15.7): Executed 381 of 985[31m (179 FAILED)[39m[31m ERROR[39m (18.255 secs / 18.141 secs)
[1A[2KChrome Headless 140.0.0.0 (Mac OS 10.15.7): Executed 382 of 985[31m (179 FAILED)[39m[31m ERROR[39m (18.255 secs / 18.141 secs)
[1A[2KChrome Headless 140.0.0.0 (Mac OS 10.15.7): Executed 383 of 985[31m (179 FAILED)[39m[31m ERROR[39m (18.255 secs / 18.142 secs)
[1A[2KChrome Headless 140.0.0.0 (Mac OS 10.15.7): Executed 384 of 985[31m (179 FAILED)[39m[31m ERROR[39m (18.255 secs / 18.143 secs)
[1A[2KChrome Headless 140.0.0.0 (Mac OS 10.15.7): Executed 385 of 985[31m (179 FAILED)[39m[31m ERROR[39m (18.255 secs / 18.144 secs)
[1A[2KChrome Headless 140.0.0.0 (Mac OS 10.15.7): Executed 386 of 985[31m (179 FAILED)[39m[31m ERROR[39m (18.255 secs / 18.144 secs)
[1A[2KChrome Headless 140.0.0.0 (Mac OS 10.15.7): Executed 387 of 985[31m (179 FAILED)[39m[31m ERROR[39m (18.255 secs / 18.145 secs)
[1A[2KChrome Headless 140.0.0.0 (Mac OS 10.15.7): Executed 388 of 985[31m (179 FAILED)[39m[31m ERROR[39m (18.255 secs / 18.145 secs)
[1A[2KLOG: [36m'Test notification sent successfully'[39m
Chrome Headless 140.0.0.0 (Mac OS 10.15.7): Executed 388 of 985[31m (179 FAILED)[39m[31m ERROR[39m (18.255 secs / 18.145 secs)
LOG: 'Test notification sent successfully'
[1A[2KChrome Headless 140.0.0.0 (Mac OS 10.15.7): Executed 389 of 985[31m (179 FAILED)[39m[31m ERROR[39m (18.255 secs / 18.146 secs)
[1A[2KERROR: [36m'Failed to send test notification:', HttpErrorResponse{headers: HttpHeaders{normalizedNames: Map{}, lazyUpdate: null, headers: Map{}}, status: 0, statusText: 'Unknown Error', url: 'http://localhost:3000/api/notifications/send-test', ok: false, name: 'HttpErrorResponse', message: 'Http failure response for http://localhost:3000/api/notifications/send-test: 0 ', error: ErrorEvent{isTrusted: false}}[39m
Chrome Headless 140.0.0.0 (Mac OS 10.15.7): Executed 389 of 985[31m (179 FAILED)[39m[31m ERROR[39m (18.255 secs / 18.146 secs)
ERROR: 'Failed to send test notification:', HttpErrorResponse{headers: HttpHeaders{normalizedNames: Map{}, lazyUpdate: null, headers: Map{}}, status: 0, statusText: 'Unknown Error', url: 'http://localhost:3000/api/notifications/send-test', ok: false, name: 'HttpErrorResponse', message: 'Http failure response for http://localhost:3000/api/notifications/send-test: 0 ', error: ErrorEvent{isTrusted: false}}
10 09 2025 01:22:40.541:WARN [launcher]: ChromeHeadless was not killed in 2000 ms, sending SIGKILL.
✔ Browser application bundle generation complete.
[1A[2K[31mChrome Headless 140.0.0.0 (Mac OS 10.15.7) ERROR[39m
  Disconnected , because no message in 30000 ms.
Chrome Headless 140.0.0.0 (Mac OS 10.15.7): Executed 389 of 985[31m (179 FAILED)[39m[31m DISCONNECTED[39m (48.275 secs / 18.146 secs)
Chrome Headless 140.0.0.0 (Mac OS 10.15.7) ERROR
  Disconnected , because no message in 30000 ms.
[1A[2KChrome Headless 140.0.0.0 (Mac OS 10.15.7): Executed 389 of 985[31m (179 FAILED)[39m[31m DISCONNECTED[39m (48.275 secs / 18.146 secs)
✔ Browser application bundle generation complete.
