
> conductores-pwa@0.0.0 test
> ng test --watch=false --browsers=ChromeHeadless --code-coverage=false

- Generating browser application bundles (phase: setup)...
✔ Browser application bundle generation complete.
10 09 2025 15:15:46.964:INFO [karma-server]: Karma v6.4.4 server started at http://localhost:9876/
10 09 2025 15:15:46.965:INFO [launcher]: Launching browsers ChromeHeadless with concurrency unlimited
10 09 2025 15:15:46.968:INFO [launcher]: Starting browser ChromeHeadless
10 09 2025 15:15:50.515:INFO [Chrome Headless 140.0.0.0 (Mac OS 10.15.7)]: Connected on socket S32GE8dsqsUH8fP8AAAB with id 38449361
Chrome Headless 140.0.0.0 (Mac OS 10.15.7): Executed 0 of 985[32m SUCCESS[39m (0 secs / 0 secs)
[1A[2KChrome Headless 140.0.0.0 (Mac OS 10.15.7): Executed 1 of 985[32m SUCCESS[39m (0 secs / 0.02 secs)
[1A[2KChrome Headless 140.0.0.0 (Mac OS 10.15.7): Executed 2 of 985[32m SUCCESS[39m (0 secs / 0.023 secs)
[1A[2KChrome Headless 140.0.0.0 (Mac OS 10.15.7): Executed 3 of 985[32m SUCCESS[39m (0 secs / 0.023 secs)
[1A[2KChrome Headless 140.0.0.0 (Mac OS 10.15.7): Executed 4 of 985[32m SUCCESS[39m (0 secs / 0.023 secs)
[1A[2KChrome Headless 140.0.0.0 (Mac OS 10.15.7): Executed 5 of 985[32m SUCCESS[39m (0 secs / 0.024 secs)
[1A[2KChrome Headless 140.0.0.0 (Mac OS 10.15.7): Executed 6 of 985[32m SUCCESS[39m (0 secs / 0.025 secs)
[1A[2KChrome Headless 140.0.0.0 (Mac OS 10.15.7): Executed 7 of 985[32m SUCCESS[39m (0 secs / 0.025 secs)
[1A[2KChrome Headless 140.0.0.0 (Mac OS 10.15.7): Executed 8 of 985[32m SUCCESS[39m (0 secs / 0.026 secs)
[1A[2KChrome Headless 140.0.0.0 (Mac OS 10.15.7): Executed 9 of 985[32m SUCCESS[39m (0 secs / 0.027 secs)
[1A[2KChrome Headless 140.0.0.0 (Mac OS 10.15.7): Executed 10 of 985[32m SUCCESS[39m (0 secs / 0.028 secs)
[1A[2KChrome Headless 140.0.0.0 (Mac OS 10.15.7): Executed 11 of 985[32m SUCCESS[39m (0 secs / 0.028 secs)
[1A[2KChrome Headless 140.0.0.0 (Mac OS 10.15.7): Executed 12 of 985[32m SUCCESS[39m (0 secs / 0.028 secs)
[1A[2KChrome Headless 140.0.0.0 (Mac OS 10.15.7): Executed 13 of 985[32m SUCCESS[39m (0 secs / 0.028 secs)
[1A[2KChrome Headless 140.0.0.0 (Mac OS 10.15.7): Executed 14 of 985[32m SUCCESS[39m (0 secs / 0.028 secs)
[1A[2KChrome Headless 140.0.0.0 (Mac OS 10.15.7): Executed 15 of 985[32m SUCCESS[39m (0 secs / 0.029 secs)
[1A[2KChrome Headless 140.0.0.0 (Mac OS 10.15.7): Executed 16 of 985[32m SUCCESS[39m (0 secs / 0.041 secs)
[1A[2KChrome Headless 140.0.0.0 (Mac OS 10.15.7): Executed 17 of 985[32m SUCCESS[39m (0 secs / 0.041 secs)
[1A[2KChrome Headless 140.0.0.0 (Mac OS 10.15.7): Executed 18 of 985[32m SUCCESS[39m (0 secs / 0.042 secs)
[1A[2KChrome Headless 140.0.0.0 (Mac OS 10.15.7): Executed 19 of 985[32m SUCCESS[39m (0 secs / 0.042 secs)
[1A[2KChrome Headless 140.0.0.0 (Mac OS 10.15.7): Executed 20 of 985[32m SUCCESS[39m (0 secs / 0.042 secs)
[1A[2KChrome Headless 140.0.0.0 (Mac OS 10.15.7): Executed 21 of 985[32m SUCCESS[39m (0 secs / 0.042 secs)
[1A[2KChrome Headless 140.0.0.0 (Mac OS 10.15.7): Executed 22 of 985[32m SUCCESS[39m (0 secs / 0.043 secs)
[1A[2KChrome Headless 140.0.0.0 (Mac OS 10.15.7): Executed 23 of 985[32m SUCCESS[39m (0 secs / 0.043 secs)
[1A[2KChrome Headless 140.0.0.0 (Mac OS 10.15.7): Executed 24 of 985[32m SUCCESS[39m (0 secs / 0.044 secs)
[1A[2KChrome Headless 140.0.0.0 (Mac OS 10.15.7): Executed 25 of 985[32m SUCCESS[39m (0 secs / 0.044 secs)
[1A[2KChrome Headless 140.0.0.0 (Mac OS 10.15.7): Executed 26 of 985[32m SUCCESS[39m (0 secs / 0.156 secs)
[1A[2KChrome Headless 140.0.0.0 (Mac OS 10.15.7): Executed 27 of 985[32m SUCCESS[39m (0 secs / 0.269 secs)
[1A[2KChrome Headless 140.0.0.0 (Mac OS 10.15.7): Executed 28 of 985[32m SUCCESS[39m (0 secs / 0.447 secs)
[1A[2KERROR: [36m'Login error:', Error: Invalid credentials
Error: Invalid credentials
    at call (http://localhost:9876/_karma_webpack_/webpack:/src/app/services/auth.service.ts:125:17)
    at onNext (http://localhost:9876/_karma_webpack_/webpack:/node_modules/rxjs/dist/esm/internal/operators/map.js:7:37)
    at OperatorSubscriber._next (http://localhost:9876/_karma_webpack_/webpack:/node_modules/rxjs/dist/esm/internal/operators/OperatorSubscriber.js:13:21)
    at OperatorSubscriber.next (http://localhost:9876/_karma_webpack_/webpack:/node_modules/rxjs/dist/esm/internal/Subscriber.js:31:18)
    at onNext (http://localhost:9876/_karma_webpack_/webpack:/node_modules/rxjs/dist/esm/internal/operators/mergeInternals.js:25:28)
    at OperatorSubscriber._next (http://localhost:9876/_karma_webpack_/webpack:/node_modules/rxjs/dist/esm/internal/operators/OperatorSubscriber.js:13:21)
    at OperatorSubscriber.next (http://localhost:9876/_karma_webpack_/webpack:/node_modules/rxjs/dist/esm/internal/Subscriber.js:31:18)
    at onNext (http://localhost:9876/_karma_webpack_/webpack:/node_modules/rxjs/dist/esm/internal/operators/map.js:7:24)
    at OperatorSubscriber._next (http://localhost:9876/_karma_webpack_/webpack:/node_modules/rxjs/dist/esm/internal/operators/OperatorSubscriber.js:13:21)
    at OperatorSubscriber.next (http://localhost:9876/_karma_webpack_/webpack:/node_modules/rxjs/dist/esm/internal/Subscriber.js:31:18)[39m
Chrome Headless 140.0.0.0 (Mac OS 10.15.7): Executed 28 of 985[32m SUCCESS[39m (0 secs / 0.447 secs)
ERROR: 'Login error:', Error: Invalid credentials
Error: Invalid credentials
    at call (http://localhost:9876/_karma_webpack_/webpack:/src/app/services/auth.service.ts:125:17)
    at onNext (http://localhost:9876/_karma_webpack_/webpack:/node_modules/rxjs/dist/esm/internal/operators/map.js:7:37)
    at OperatorSubscriber._next (http://localhost:9876/_karma_webpack_/webpack:/node_modules/rxjs/dist/esm/internal/operators/OperatorSubscriber.js:13:21)
    at OperatorSubscriber.next (http://localhost:9876/_karma_webpack_/webpack:/node_modules/rxjs/dist/esm/internal/Subscriber.js:31:18)
    at onNext (http://localhost:9876/_karma_webpack_/webpack:/node_modules/rxjs/dist/esm/internal/operators/mergeInternals.js:25:28)
    at OperatorSubscriber._next (http://localhost:9876/_karma_webpack_/webpack:/node_modules/rxjs/dist/esm/internal/operators/OperatorSubscriber.js:13:21)
    at OperatorSubscriber.next (http://localhost:9876/_karma_webpack_/webpack:/node_modules/rxjs/dist/esm/internal/Subscriber.js:31:18)
    at onNext (http://localhost:9876/_karma_webpack_/webpack:/node_modules/rxjs/dist/esm/internal/operators/map.js:7:24)
    at OperatorSubscriber._next (http://localhost:9876/_karma_webpack_/webpack:/node_modules/rxjs/dist/esm/internal/operators/OperatorSubscriber.js:13:21)
    at OperatorSubscriber.next (http://localhost:9876/_karma_webpack_/webpack:/node_modules/rxjs/dist/esm/internal/Subscriber.js:31:18)
[1A[2KChrome Headless 140.0.0.0 (Mac OS 10.15.7): Executed 29 of 985[32m SUCCESS[39m (0 secs / 1.97 secs)
[1A[2KChrome Headless 140.0.0.0 (Mac OS 10.15.7): Executed 30 of 985[32m SUCCESS[39m (0 secs / 3.476 secs)
[1A[2KChrome Headless 140.0.0.0 (Mac OS 10.15.7): Executed 31 of 985[32m SUCCESS[39m (0 secs / 4.982 secs)
[1A[2KChrome Headless 140.0.0.0 (Mac OS 10.15.7): Executed 32 of 985[32m SUCCESS[39m (0 secs / 6.486 secs)
[1A[2KERROR: [36m'Login error:', Error: Invalid credentials
Error: Invalid credentials
    at call (http://localhost:9876/_karma_webpack_/webpack:/src/app/services/auth.service.ts:125:17)
    at onNext (http://localhost:9876/_karma_webpack_/webpack:/node_modules/rxjs/dist/esm/internal/operators/map.js:7:37)
    at OperatorSubscriber._next (http://localhost:9876/_karma_webpack_/webpack:/node_modules/rxjs/dist/esm/internal/operators/OperatorSubscriber.js:13:21)
    at OperatorSubscriber.next (http://localhost:9876/_karma_webpack_/webpack:/node_modules/rxjs/dist/esm/internal/Subscriber.js:31:18)
    at onNext (http://localhost:9876/_karma_webpack_/webpack:/node_modules/rxjs/dist/esm/internal/operators/mergeInternals.js:25:28)
    at OperatorSubscriber._next (http://localhost:9876/_karma_webpack_/webpack:/node_modules/rxjs/dist/esm/internal/operators/OperatorSubscriber.js:13:21)
    at OperatorSubscriber.next (http://localhost:9876/_karma_webpack_/webpack:/node_modules/rxjs/dist/esm/internal/Subscriber.js:31:18)
    at onNext (http://localhost:9876/_karma_webpack_/webpack:/node_modules/rxjs/dist/esm/internal/operators/map.js:7:24)
    at OperatorSubscriber._next (http://localhost:9876/_karma_webpack_/webpack:/node_modules/rxjs/dist/esm/internal/operators/OperatorSubscriber.js:13:21)
    at OperatorSubscriber.next (http://localhost:9876/_karma_webpack_/webpack:/node_modules/rxjs/dist/esm/internal/Subscriber.js:31:18)[39m
Chrome Headless 140.0.0.0 (Mac OS 10.15.7): Executed 32 of 985[32m SUCCESS[39m (0 secs / 6.486 secs)
ERROR: 'Login error:', Error: Invalid credentials
Error: Invalid credentials
    at call (http://localhost:9876/_karma_webpack_/webpack:/src/app/services/auth.service.ts:125:17)
    at onNext (http://localhost:9876/_karma_webpack_/webpack:/node_modules/rxjs/dist/esm/internal/operators/map.js:7:37)
    at OperatorSubscriber._next (http://localhost:9876/_karma_webpack_/webpack:/node_modules/rxjs/dist/esm/internal/operators/OperatorSubscriber.js:13:21)
    at OperatorSubscriber.next (http://localhost:9876/_karma_webpack_/webpack:/node_modules/rxjs/dist/esm/internal/Subscriber.js:31:18)
    at onNext (http://localhost:9876/_karma_webpack_/webpack:/node_modules/rxjs/dist/esm/internal/operators/mergeInternals.js:25:28)
    at OperatorSubscriber._next (http://localhost:9876/_karma_webpack_/webpack:/node_modules/rxjs/dist/esm/internal/operators/OperatorSubscriber.js:13:21)
    at OperatorSubscriber.next (http://localhost:9876/_karma_webpack_/webpack:/node_modules/rxjs/dist/esm/internal/Subscriber.js:31:18)
    at onNext (http://localhost:9876/_karma_webpack_/webpack:/node_modules/rxjs/dist/esm/internal/operators/map.js:7:24)
    at OperatorSubscriber._next (http://localhost:9876/_karma_webpack_/webpack:/node_modules/rxjs/dist/esm/internal/operators/OperatorSubscriber.js:13:21)
    at OperatorSubscriber.next (http://localhost:9876/_karma_webpack_/webpack:/node_modules/rxjs/dist/esm/internal/Subscriber.js:31:18)
[1A[2KChrome Headless 140.0.0.0 (Mac OS 10.15.7): Executed 33 of 985[32m SUCCESS[39m (0 secs / 7.99 secs)
[1A[2KChrome Headless 140.0.0.0 (Mac OS 10.15.7): Executed 34 of 985[32m SUCCESS[39m (0 secs / 7.99 secs)
[1A[2KChrome Headless 140.0.0.0 (Mac OS 10.15.7): Executed 35 of 985[32m SUCCESS[39m (0 secs / 7.991 secs)
[1A[2KChrome Headless 140.0.0.0 (Mac OS 10.15.7): Executed 36 of 985[32m SUCCESS[39m (0 secs / 7.991 secs)
[1A[2KChrome Headless 140.0.0.0 (Mac OS 10.15.7): Executed 37 of 985[32m SUCCESS[39m (0 secs / 9.495 secs)
[1A[2KChrome Headless 140.0.0.0 (Mac OS 10.15.7): Executed 38 of 985[32m SUCCESS[39m (0 secs / 11.001 secs)
[1A[2KChrome Headless 140.0.0.0 (Mac OS 10.15.7): Executed 39 of 985[32m SUCCESS[39m (0 secs / 12.506 secs)
[1A[2KChrome Headless 140.0.0.0 (Mac OS 10.15.7): Executed 40 of 985[32m SUCCESS[39m (0 secs / 13.01 secs)
[1A[2KLOG: [36m'📧 Registration Email Sent:', Object{to: 'pending.user@conductores.com', subject: 'Verificar tu cuenta - Conductores PWA', verificationLink: 'http://localhost:9876/verify-email?token=verify_1757538966922'}[39m
Chrome Headless 140.0.0.0 (Mac OS 10.15.7): Executed 40 of 985[32m SUCCESS[39m (0 secs / 13.01 secs)
LOG: '📧 Registration Email Sent:', Object{to: 'pending.user@conductores.com', subject: 'Verificar tu cuenta - Conductores PWA', verificationLink: 'http://localhost:9876/verify-email?token=verify_1757538966922'}
[1A[2KChrome Headless 140.0.0.0 (Mac OS 10.15.7): Executed 41 of 985[32m SUCCESS[39m (0 secs / 15.521 secs)
[1A[2KChrome Headless 140.0.0.0 (Mac OS 10.15.7): Executed 42 of 985[32m SUCCESS[39m (0 secs / 16.025 secs)
[1A[2KLOG: [36m'📧 Registration Email Sent:', Object{to: 'test.user@conductores.com', subject: 'Verificar tu cuenta - Conductores PWA', verificationLink: 'http://localhost:9876/verify-email?token=verify_1757538969937'}[39m
Chrome Headless 140.0.0.0 (Mac OS 10.15.7): Executed 42 of 985[32m SUCCESS[39m (0 secs / 16.025 secs)
LOG: '📧 Registration Email Sent:', Object{to: 'test.user@conductores.com', subject: 'Verificar tu cuenta - Conductores PWA', verificationLink: 'http://localhost:9876/verify-email?token=verify_1757538969937'}
[1A[2KChrome Headless 140.0.0.0 (Mac OS 10.15.7): Executed 43 of 985[32m SUCCESS[39m (0 secs / 19.032 secs)
[1A[2KLOG: [36m'📧 Registration Email Sent:', Object{to: 'test.user@conductores.com', subject: 'Verificar tu cuenta - Conductores PWA', verificationLink: 'http://localhost:9876/verify-email?token=verify_1757538972944'}[39m
Chrome Headless 140.0.0.0 (Mac OS 10.15.7): Executed 43 of 985[32m SUCCESS[39m (0 secs / 19.032 secs)
LOG: '📧 Registration Email Sent:', Object{to: 'test.user@conductores.com', subject: 'Verificar tu cuenta - Conductores PWA', verificationLink: 'http://localhost:9876/verify-email?token=verify_1757538972944'}
[1A[2KERROR: [36m'Email verification error:', Error: Token de verificación inválido o expirado
Error: Token de verificación inválido o expirado
    at call (http://localhost:9876/_karma_webpack_/webpack:/src/app/services/auth.service.ts:430:17)
    at onNext (http://localhost:9876/_karma_webpack_/webpack:/node_modules/rxjs/dist/esm/internal/operators/map.js:7:37)
    at OperatorSubscriber._next (http://localhost:9876/_karma_webpack_/webpack:/node_modules/rxjs/dist/esm/internal/operators/OperatorSubscriber.js:13:21)
    at OperatorSubscriber.next (http://localhost:9876/_karma_webpack_/webpack:/node_modules/rxjs/dist/esm/internal/Subscriber.js:31:18)
    at onNext (http://localhost:9876/_karma_webpack_/webpack:/node_modules/rxjs/dist/esm/internal/operators/mergeInternals.js:25:28)
    at OperatorSubscriber._next (http://localhost:9876/_karma_webpack_/webpack:/node_modules/rxjs/dist/esm/internal/operators/OperatorSubscriber.js:13:21)
    at OperatorSubscriber.next (http://localhost:9876/_karma_webpack_/webpack:/node_modules/rxjs/dist/esm/internal/Subscriber.js:31:18)
    at onNext (http://localhost:9876/_karma_webpack_/webpack:/node_modules/rxjs/dist/esm/internal/operators/map.js:7:24)
    at OperatorSubscriber._next (http://localhost:9876/_karma_webpack_/webpack:/node_modules/rxjs/dist/esm/internal/operators/OperatorSubscriber.js:13:21)
    at OperatorSubscriber.next (http://localhost:9876/_karma_webpack_/webpack:/node_modules/rxjs/dist/esm/internal/Subscriber.js:31:18)[39m
Chrome Headless 140.0.0.0 (Mac OS 10.15.7): Executed 43 of 985[32m SUCCESS[39m (0 secs / 19.032 secs)
ERROR: 'Email verification error:', Error: Token de verificación inválido o expirado
Error: Token de verificación inválido o expirado
    at call (http://localhost:9876/_karma_webpack_/webpack:/src/app/services/auth.service.ts:430:17)
    at onNext (http://localhost:9876/_karma_webpack_/webpack:/node_modules/rxjs/dist/esm/internal/operators/map.js:7:37)
    at OperatorSubscriber._next (http://localhost:9876/_karma_webpack_/webpack:/node_modules/rxjs/dist/esm/internal/operators/OperatorSubscriber.js:13:21)
    at OperatorSubscriber.next (http://localhost:9876/_karma_webpack_/webpack:/node_modules/rxjs/dist/esm/internal/Subscriber.js:31:18)
    at onNext (http://localhost:9876/_karma_webpack_/webpack:/node_modules/rxjs/dist/esm/internal/operators/mergeInternals.js:25:28)
    at OperatorSubscriber._next (http://localhost:9876/_karma_webpack_/webpack:/node_modules/rxjs/dist/esm/internal/operators/OperatorSubscriber.js:13:21)
    at OperatorSubscriber.next (http://localhost:9876/_karma_webpack_/webpack:/node_modules/rxjs/dist/esm/internal/Subscriber.js:31:18)
    at onNext (http://localhost:9876/_karma_webpack_/webpack:/node_modules/rxjs/dist/esm/internal/operators/map.js:7:24)
    at OperatorSubscriber._next (http://localhost:9876/_karma_webpack_/webpack:/node_modules/rxjs/dist/esm/internal/operators/OperatorSubscriber.js:13:21)
    at OperatorSubscriber.next (http://localhost:9876/_karma_webpack_/webpack:/node_modules/rxjs/dist/esm/internal/Subscriber.js:31:18)
[1A[2KChrome Headless 140.0.0.0 (Mac OS 10.15.7): Executed 44 of 985[32m SUCCESS[39m (0 secs / 22.038 secs)
[1A[2KLOG: [36m'📧 Registration Email Sent:', Object{to: 'test.user@conductores.com', subject: 'Verificar tu cuenta - Conductores PWA', verificationLink: 'http://localhost:9876/verify-email?token=verify_1757538975953'}[39m
Chrome Headless 140.0.0.0 (Mac OS 10.15.7): Executed 44 of 985[32m SUCCESS[39m (0 secs / 22.038 secs)
LOG: '📧 Registration Email Sent:', Object{to: 'test.user@conductores.com', subject: 'Verificar tu cuenta - Conductores PWA', verificationLink: 'http://localhost:9876/verify-email?token=verify_1757538975953'}
[1A[2KChrome Headless 140.0.0.0 (Mac OS 10.15.7): Executed 45 of 985[32m SUCCESS[39m (0 secs / 25.044 secs)
[1A[2KChrome Headless 140.0.0.0 (Mac OS 10.15.7): Executed 46 of 985[32m SUCCESS[39m (0 secs / 25.046 secs)
[1A[2K[31mChrome Headless 140.0.0.0 (Mac OS 10.15.7) AuthService Token Management should detect valid token as not expired FAILED[39m
	Expected true to be false.
	    at <Jasmine>
	    at UserContext.apply (src/app/services/auth.service.spec.ts:135:25)
	    at _ZoneDelegate.invoke (node_modules/zone.js/fesm2015/zone.js:369:28)
	    at ProxyZoneSpec.onInvoke (node_modules/zone.js/fesm2015/zone-testing.js:2081:39)
	    at _ZoneDelegate.invoke (node_modules/zone.js/fesm2015/zone.js:368:34)
Chrome Headless 140.0.0.0 (Mac OS 10.15.7): Executed 47 of 985[31m (1 FAILED)[39m (0 secs / 25.05 secs)
[1A[2KChrome Headless 140.0.0.0 (Mac OS 10.15.7): Executed 48 of 985[31m (1 FAILED)[39m (0 secs / 25.051 secs)
[1A[2KChrome Headless 140.0.0.0 (Mac OS 10.15.7): Executed 49 of 985[31m (1 FAILED)[39m (0 secs / 25.052 secs)
[1A[2KChrome Headless 140.0.0.0 (Mac OS 10.15.7): Executed 50 of 985[31m (1 FAILED)[39m (0 secs / 25.053 secs)
[1A[2KLOG: [36m'📧 Registration Email Sent:', Object{to: 'juan.perez@conductores.com', subject: 'Verificar tu cuenta - Conductores PWA', verificationLink: 'http://localhost:9876/verify-email?token=verify_1757538978972'}[39m
Chrome Headless 140.0.0.0 (Mac OS 10.15.7): Executed 50 of 985[31m (1 FAILED)[39m (0 secs / 25.053 secs)
LOG: '📧 Registration Email Sent:', Object{to: 'juan.perez@conductores.com', subject: 'Verificar tu cuenta - Conductores PWA', verificationLink: 'http://localhost:9876/verify-email?token=verify_1757538978972'}
[1A[2KChrome Headless 140.0.0.0 (Mac OS 10.15.7): Executed 51 of 985[31m (1 FAILED)[39m (0 secs / 27.057 secs)
[1A[2KChrome Headless 140.0.0.0 (Mac OS 10.15.7): Executed 52 of 985[31m (1 FAILED)[39m (0 secs / 27.06 secs)
[1A[2KChrome Headless 140.0.0.0 (Mac OS 10.15.7): Executed 53 of 985[31m (1 FAILED)[39m (0 secs / 27.062 secs)
[1A[2KERROR: [36m'Registration error:', Error: Este correo ya está registrado
Error: Este correo ya está registrado
    at call (http://localhost:9876/_karma_webpack_/webpack:/src/app/services/auth.service.ts:364:17)
    at onNext (http://localhost:9876/_karma_webpack_/webpack:/node_modules/rxjs/dist/esm/internal/operators/map.js:7:37)
    at OperatorSubscriber._next (http://localhost:9876/_karma_webpack_/webpack:/node_modules/rxjs/dist/esm/internal/operators/OperatorSubscriber.js:13:21)
    at OperatorSubscriber.next (http://localhost:9876/_karma_webpack_/webpack:/node_modules/rxjs/dist/esm/internal/Subscriber.js:31:18)
    at onNext (http://localhost:9876/_karma_webpack_/webpack:/node_modules/rxjs/dist/esm/internal/operators/mergeInternals.js:25:28)
    at OperatorSubscriber._next (http://localhost:9876/_karma_webpack_/webpack:/node_modules/rxjs/dist/esm/internal/operators/OperatorSubscriber.js:13:21)
    at OperatorSubscriber.next (http://localhost:9876/_karma_webpack_/webpack:/node_modules/rxjs/dist/esm/internal/Subscriber.js:31:18)
    at onNext (http://localhost:9876/_karma_webpack_/webpack:/node_modules/rxjs/dist/esm/internal/operators/map.js:7:24)
    at OperatorSubscriber._next (http://localhost:9876/_karma_webpack_/webpack:/node_modules/rxjs/dist/esm/internal/operators/OperatorSubscriber.js:13:21)
    at OperatorSubscriber.next (http://localhost:9876/_karma_webpack_/webpack:/node_modules/rxjs/dist/esm/internal/Subscriber.js:31:18)[39m
Chrome Headless 140.0.0.0 (Mac OS 10.15.7): Executed 53 of 985[31m (1 FAILED)[39m (0 secs / 27.062 secs)
ERROR: 'Registration error:', Error: Este correo ya está registrado
Error: Este correo ya está registrado
    at call (http://localhost:9876/_karma_webpack_/webpack:/src/app/services/auth.service.ts:364:17)
    at onNext (http://localhost:9876/_karma_webpack_/webpack:/node_modules/rxjs/dist/esm/internal/operators/map.js:7:37)
    at OperatorSubscriber._next (http://localhost:9876/_karma_webpack_/webpack:/node_modules/rxjs/dist/esm/internal/operators/OperatorSubscriber.js:13:21)
    at OperatorSubscriber.next (http://localhost:9876/_karma_webpack_/webpack:/node_modules/rxjs/dist/esm/internal/Subscriber.js:31:18)
    at onNext (http://localhost:9876/_karma_webpack_/webpack:/node_modules/rxjs/dist/esm/internal/operators/mergeInternals.js:25:28)
    at OperatorSubscriber._next (http://localhost:9876/_karma_webpack_/webpack:/node_modules/rxjs/dist/esm/internal/operators/OperatorSubscriber.js:13:21)
    at OperatorSubscriber.next (http://localhost:9876/_karma_webpack_/webpack:/node_modules/rxjs/dist/esm/internal/Subscriber.js:31:18)
    at onNext (http://localhost:9876/_karma_webpack_/webpack:/node_modules/rxjs/dist/esm/internal/operators/map.js:7:24)
    at OperatorSubscriber._next (http://localhost:9876/_karma_webpack_/webpack:/node_modules/rxjs/dist/esm/internal/operators/OperatorSubscriber.js:13:21)
    at OperatorSubscriber.next (http://localhost:9876/_karma_webpack_/webpack:/node_modules/rxjs/dist/esm/internal/Subscriber.js:31:18)
[1A[2KChrome Headless 140.0.0.0 (Mac OS 10.15.7): Executed 54 of 985[31m (1 FAILED)[39m (0 secs / 29.068 secs)
[1A[2KChrome Headless 140.0.0.0 (Mac OS 10.15.7): Executed 55 of 985[31m (1 FAILED)[39m (0 secs / 29.071 secs)
[1A[2KLOG: [36m'📧 Registration Email Sent:', Object{to: 'juan.perez@conductores.com', subject: 'Verificar tu cuenta - Conductores PWA', verificationLink: 'http://localhost:9876/verify-email?token=verify_1757538982997'}[39m
Chrome Headless 140.0.0.0 (Mac OS 10.15.7): Executed 55 of 985[31m (1 FAILED)[39m (0 secs / 29.071 secs)
LOG: '📧 Registration Email Sent:', Object{to: 'juan.perez@conductores.com', subject: 'Verificar tu cuenta - Conductores PWA', verificationLink: 'http://localhost:9876/verify-email?token=verify_1757538982997'}
[1A[2KChrome Headless 140.0.0.0 (Mac OS 10.15.7): Executed 56 of 985[31m (1 FAILED)[39m (0 secs / 31.076 secs)
[1A[2K[31mChrome Headless 140.0.0.0 (Mac OS 10.15.7) CreditScoringService Service Initialization should have SCORING_CONFIG defined FAILED[39m
	ReferenceError: process is not defined
	    at new CreditScoringService (src/app/services/credit-scoring.service.ts:62:13)
	    at Object.factory (ng:///CreditScoringService/ɵfac.js:4:10)
	    at callback (node_modules/@angular/core/fesm2022/core.mjs:3219:47)
	    at runInInjectorProfilerContext (node_modules/@angular/core/fesm2022/core.mjs:866:9)
	    at R3Injector.hydrate (node_modules/@angular/core/fesm2022/core.mjs:3218:21)
	    at R3Injector.get (node_modules/@angular/core/fesm2022/core.mjs:3082:33)
	    at TestBedImpl.inject (node_modules/@angular/core/fesm2022/testing.mjs:1914:52)
	    at TestBedImpl.inject (node_modules/@angular/core/fesm2022/testing.mjs:1768:37)
	    at UserContext.apply (src/app/services/credit-scoring.service.spec.ts:58:23)
	    at _ZoneDelegate.invoke (node_modules/zone.js/fesm2015/zone.js:369:28)
Chrome Headless 140.0.0.0 (Mac OS 10.15.7): Executed 57 of 985[31m (2 FAILED)[39m (0 secs / 31.082 secs)
[1A[2K[31mChrome Headless 140.0.0.0 (Mac OS 10.15.7) CreditScoringService Service Initialization should initialize internal storage maps FAILED[39m
	ReferenceError: process is not defined
	    at new CreditScoringService (src/app/services/credit-scoring.service.ts:62:13)
	    at Object.factory (ng:///CreditScoringService/ɵfac.js:4:10)
	    at callback (node_modules/@angular/core/fesm2022/core.mjs:3219:47)
	    at runInInjectorProfilerContext (node_modules/@angular/core/fesm2022/core.mjs:866:9)
	    at R3Injector.hydrate (node_modules/@angular/core/fesm2022/core.mjs:3218:21)
	    at R3Injector.get (node_modules/@angular/core/fesm2022/core.mjs:3082:33)
	    at TestBedImpl.inject (node_modules/@angular/core/fesm2022/testing.mjs:1914:52)
	    at TestBedImpl.inject (node_modules/@angular/core/fesm2022/testing.mjs:1768:37)
	    at UserContext.apply (src/app/services/credit-scoring.service.spec.ts:58:23)
	    at _ZoneDelegate.invoke (node_modules/zone.js/fesm2015/zone.js:369:28)
Chrome Headless 140.0.0.0 (Mac OS 10.15.7): Executed 58 of 985[31m (3 FAILED)[39m (0 secs / 31.085 secs)
[1A[2K[31mChrome Headless 140.0.0.0 (Mac OS 10.15.7) CreditScoringService Service Initialization should be created FAILED[39m
	ReferenceError: process is not defined
	    at new CreditScoringService (src/app/services/credit-scoring.service.ts:62:13)
	    at Object.factory (ng:///CreditScoringService/ɵfac.js:4:10)
	    at callback (node_modules/@angular/core/fesm2022/core.mjs:3219:47)
	    at runInInjectorProfilerContext (node_modules/@angular/core/fesm2022/core.mjs:866:9)
	    at R3Injector.hydrate (node_modules/@angular/core/fesm2022/core.mjs:3218:21)
	    at R3Injector.get (node_modules/@angular/core/fesm2022/core.mjs:3082:33)
	    at TestBedImpl.inject (node_modules/@angular/core/fesm2022/testing.mjs:1914:52)
	    at TestBedImpl.inject (node_modules/@angular/core/fesm2022/testing.mjs:1768:37)
	    at UserContext.apply (src/app/services/credit-scoring.service.spec.ts:58:23)
	    at _ZoneDelegate.invoke (node_modules/zone.js/fesm2015/zone.js:369:28)
Chrome Headless 140.0.0.0 (Mac OS 10.15.7): Executed 59 of 985[31m (4 FAILED)[39m (0 secs / 31.087 secs)
[1A[2K[31mChrome Headless 140.0.0.0 (Mac OS 10.15.7) CreditScoringService Scoring Recommendations should get VentaDirecta recommendations FAILED[39m
	ReferenceError: process is not defined
	    at new CreditScoringService (src/app/services/credit-scoring.service.ts:62:13)
	    at Object.factory (ng:///CreditScoringService/ɵfac.js:4:10)
	    at callback (node_modules/@angular/core/fesm2022/core.mjs:3219:47)
	    at runInInjectorProfilerContext (node_modules/@angular/core/fesm2022/core.mjs:866:9)
	    at R3Injector.hydrate (node_modules/@angular/core/fesm2022/core.mjs:3218:21)
	    at R3Injector.get (node_modules/@angular/core/fesm2022/core.mjs:3082:33)
	    at TestBedImpl.inject (node_modules/@angular/core/fesm2022/testing.mjs:1914:52)
	    at TestBedImpl.inject (node_modules/@angular/core/fesm2022/testing.mjs:1768:37)
	    at UserContext.apply (src/app/services/credit-scoring.service.spec.ts:58:23)
	    at _ZoneDelegate.invoke (node_modules/zone.js/fesm2015/zone.js:369:28)
Chrome Headless 140.0.0.0 (Mac OS 10.15.7): Executed 60 of 985[31m (5 FAILED)[39m (0 secs / 31.088 secs)
[1A[2K[31mChrome Headless 140.0.0.0 (Mac OS 10.15.7) CreditScoringService Scoring Recommendations should get CreditoColectivo recommendations FAILED[39m
	ReferenceError: process is not defined
	    at new CreditScoringService (src/app/services/credit-scoring.service.ts:62:13)
	    at Object.factory (ng:///CreditScoringService/ɵfac.js:4:10)
	    at callback (node_modules/@angular/core/fesm2022/core.mjs:3219:47)
	    at runInInjectorProfilerContext (node_modules/@angular/core/fesm2022/core.mjs:866:9)
	    at R3Injector.hydrate (node_modules/@angular/core/fesm2022/core.mjs:3218:21)
	    at R3Injector.get (node_modules/@angular/core/fesm2022/core.mjs:3082:33)
	    at TestBedImpl.inject (node_modules/@angular/core/fesm2022/testing.mjs:1914:52)
	    at TestBedImpl.inject (node_modules/@angular/core/fesm2022/testing.mjs:1768:37)
	    at UserContext.apply (src/app/services/credit-scoring.service.spec.ts:58:23)
	    at _ZoneDelegate.invoke (node_modules/zone.js/fesm2015/zone.js:369:28)
Chrome Headless 140.0.0.0 (Mac OS 10.15.7): Executed 61 of 985[31m (6 FAILED)[39m (0 secs / 31.09 secs)
[1A[2K[31mChrome Headless 140.0.0.0 (Mac OS 10.15.7) CreditScoringService Scoring Recommendations should get AhorroProgramado recommendations FAILED[39m
	ReferenceError: process is not defined
	    at new CreditScoringService (src/app/services/credit-scoring.service.ts:62:13)
	    at Object.factory (ng:///CreditScoringService/ɵfac.js:4:10)
	    at callback (node_modules/@angular/core/fesm2022/core.mjs:3219:47)
	    at runInInjectorProfilerContext (node_modules/@angular/core/fesm2022/core.mjs:866:9)
	    at R3Injector.hydrate (node_modules/@angular/core/fesm2022/core.mjs:3218:21)
	    at R3Injector.get (node_modules/@angular/core/fesm2022/core.mjs:3082:33)
	    at TestBedImpl.inject (node_modules/@angular/core/fesm2022/testing.mjs:1914:52)
	    at TestBedImpl.inject (node_modules/@angular/core/fesm2022/testing.mjs:1768:37)
	    at UserContext.apply (src/app/services/credit-scoring.service.spec.ts:58:23)
	    at _ZoneDelegate.invoke (node_modules/zone.js/fesm2015/zone.js:369:28)
Chrome Headless 140.0.0.0 (Mac OS 10.15.7): Executed 62 of 985[31m (7 FAILED)[39m (0 secs / 31.091 secs)
[1A[2K[31mChrome Headless 140.0.0.0 (Mac OS 10.15.7) CreditScoringService Scoring Recommendations should get VentaPlazo recommendations for AGS FAILED[39m
	ReferenceError: process is not defined
	    at new CreditScoringService (src/app/services/credit-scoring.service.ts:62:13)
	    at Object.factory (ng:///CreditScoringService/ɵfac.js:4:10)
	    at callback (node_modules/@angular/core/fesm2022/core.mjs:3219:47)
	    at runInInjectorProfilerContext (node_modules/@angular/core/fesm2022/core.mjs:866:9)
	    at R3Injector.hydrate (node_modules/@angular/core/fesm2022/core.mjs:3218:21)
	    at R3Injector.get (node_modules/@angular/core/fesm2022/core.mjs:3082:33)
	    at TestBedImpl.inject (node_modules/@angular/core/fesm2022/testing.mjs:1914:52)
	    at TestBedImpl.inject (node_modules/@angular/core/fesm2022/testing.mjs:1768:37)
	    at UserContext.apply (src/app/services/credit-scoring.service.spec.ts:58:23)
	    at _ZoneDelegate.invoke (node_modules/zone.js/fesm2015/zone.js:369:28)
Chrome Headless 140.0.0.0 (Mac OS 10.15.7): Executed 63 of 985[31m (8 FAILED)[39m (0 secs / 31.092 secs)
[1A[2K[31mChrome Headless 140.0.0.0 (Mac OS 10.15.7) CreditScoringService Scoring Recommendations should return default recommendations for unknown flow FAILED[39m
	ReferenceError: process is not defined
	    at new CreditScoringService (src/app/services/credit-scoring.service.ts:62:13)
	    at Object.factory (ng:///CreditScoringService/ɵfac.js:4:10)
	    at callback (node_modules/@angular/core/fesm2022/core.mjs:3219:47)
	    at runInInjectorProfilerContext (node_modules/@angular/core/fesm2022/core.mjs:866:9)
	    at R3Injector.hydrate (node_modules/@angular/core/fesm2022/core.mjs:3218:21)
	    at R3Injector.get (node_modules/@angular/core/fesm2022/core.mjs:3082:33)
	    at TestBedImpl.inject (node_modules/@angular/core/fesm2022/testing.mjs:1914:52)
	    at TestBedImpl.inject (node_modules/@angular/core/fesm2022/testing.mjs:1768:37)
	    at UserContext.apply (src/app/services/credit-scoring.service.spec.ts:58:23)
	    at _ZoneDelegate.invoke (node_modules/zone.js/fesm2015/zone.js:369:28)
Chrome Headless 140.0.0.0 (Mac OS 10.15.7): Executed 64 of 985[31m (9 FAILED)[39m (0 secs / 31.094 secs)
[1A[2K[31mChrome Headless 140.0.0.0 (Mac OS 10.15.7) CreditScoringService Scoring Recommendations should get VentaPlazo recommendations for EdoMex FAILED[39m
	ReferenceError: process is not defined
	    at new CreditScoringService (src/app/services/credit-scoring.service.ts:62:13)
	    at Object.factory (ng:///CreditScoringService/ɵfac.js:4:10)
	    at callback (node_modules/@angular/core/fesm2022/core.mjs:3219:47)
	    at runInInjectorProfilerContext (node_modules/@angular/core/fesm2022/core.mjs:866:9)
	    at R3Injector.hydrate (node_modules/@angular/core/fesm2022/core.mjs:3218:21)
	    at R3Injector.get (node_modules/@angular/core/fesm2022/core.mjs:3082:33)
	    at TestBedImpl.inject (node_modules/@angular/core/fesm2022/testing.mjs:1914:52)
	    at TestBedImpl.inject (node_modules/@angular/core/fesm2022/testing.mjs:1768:37)
	    at UserContext.apply (src/app/services/credit-scoring.service.spec.ts:58:23)
	    at _ZoneDelegate.invoke (node_modules/zone.js/fesm2015/zone.js:369:28)
Chrome Headless 140.0.0.0 (Mac OS 10.15.7): Executed 65 of 985[31m (10 FAILED)[39m (0 secs / 31.095 secs)
[1A[2K[31mChrome Headless 140.0.0.0 (Mac OS 10.15.7) CreditScoringService Scoring Validity Check should invalidate expired scoring FAILED[39m
	ReferenceError: process is not defined
	    at new CreditScoringService (src/app/services/credit-scoring.service.ts:62:13)
	    at Object.factory (ng:///CreditScoringService/ɵfac.js:4:10)
	    at callback (node_modules/@angular/core/fesm2022/core.mjs:3219:47)
	    at runInInjectorProfilerContext (node_modules/@angular/core/fesm2022/core.mjs:866:9)
	    at R3Injector.hydrate (node_modules/@angular/core/fesm2022/core.mjs:3218:21)
	    at R3Injector.get (node_modules/@angular/core/fesm2022/core.mjs:3082:33)
	    at TestBedImpl.inject (node_modules/@angular/core/fesm2022/testing.mjs:1914:52)
	    at TestBedImpl.inject (node_modules/@angular/core/fesm2022/testing.mjs:1768:37)
	    at UserContext.apply (src/app/services/credit-scoring.service.spec.ts:58:23)
	    at _ZoneDelegate.invoke (node_modules/zone.js/fesm2015/zone.js:369:28)
Chrome Headless 140.0.0.0 (Mac OS 10.15.7): Executed 66 of 985[31m (11 FAILED)[39m (0 secs / 31.096 secs)
[1A[2K[31mChrome Headless 140.0.0.0 (Mac OS 10.15.7) CreditScoringService Scoring Validity Check should validate non-expired scoring FAILED[39m
	ReferenceError: process is not defined
	    at new CreditScoringService (src/app/services/credit-scoring.service.ts:62:13)
	    at Object.factory (ng:///CreditScoringService/ɵfac.js:4:10)
	    at callback (node_modules/@angular/core/fesm2022/core.mjs:3219:47)
	    at runInInjectorProfilerContext (node_modules/@angular/core/fesm2022/core.mjs:866:9)
	    at R3Injector.hydrate (node_modules/@angular/core/fesm2022/core.mjs:3218:21)
	    at R3Injector.get (node_modules/@angular/core/fesm2022/core.mjs:3082:33)
	    at TestBedImpl.inject (node_modules/@angular/core/fesm2022/testing.mjs:1914:52)
	    at TestBedImpl.inject (node_modules/@angular/core/fesm2022/testing.mjs:1768:37)
	    at UserContext.apply (src/app/services/credit-scoring.service.spec.ts:58:23)
	    at _ZoneDelegate.invoke (node_modules/zone.js/fesm2015/zone.js:369:28)
Chrome Headless 140.0.0.0 (Mac OS 10.15.7): Executed 67 of 985[31m (12 FAILED)[39m (0 secs / 31.097 secs)
[1A[2K[31mChrome Headless 140.0.0.0 (Mac OS 10.15.7) CreditScoringService Scoring Validity Check should return false for non-existent scoring FAILED[39m
	ReferenceError: process is not defined
	    at new CreditScoringService (src/app/services/credit-scoring.service.ts:62:13)
	    at Object.factory (ng:///CreditScoringService/ɵfac.js:4:10)
	    at callback (node_modules/@angular/core/fesm2022/core.mjs:3219:47)
	    at runInInjectorProfilerContext (node_modules/@angular/core/fesm2022/core.mjs:866:9)
	    at R3Injector.hydrate (node_modules/@angular/core/fesm2022/core.mjs:3218:21)
	    at R3Injector.get (node_modules/@angular/core/fesm2022/core.mjs:3082:33)
	    at TestBedImpl.inject (node_modules/@angular/core/fesm2022/testing.mjs:1914:52)
	    at TestBedImpl.inject (node_modules/@angular/core/fesm2022/testing.mjs:1768:37)
	    at UserContext.apply (src/app/services/credit-scoring.service.spec.ts:58:23)
	    at _ZoneDelegate.invoke (node_modules/zone.js/fesm2015/zone.js:369:28)
Chrome Headless 140.0.0.0 (Mac OS 10.15.7): Executed 68 of 985[31m (13 FAILED)[39m (0 secs / 31.098 secs)
[1A[2K[31mChrome Headless 140.0.0.0 (Mac OS 10.15.7) CreditScoringService Scoring Simulation should set expiration date correctly FAILED[39m
	ReferenceError: process is not defined
	    at new CreditScoringService (src/app/services/credit-scoring.service.ts:62:13)
	    at Object.factory (ng:///CreditScoringService/ɵfac.js:4:10)
	    at callback (node_modules/@angular/core/fesm2022/core.mjs:3219:47)
	    at runInInjectorProfilerContext (node_modules/@angular/core/fesm2022/core.mjs:866:9)
	    at R3Injector.hydrate (node_modules/@angular/core/fesm2022/core.mjs:3218:21)
	    at R3Injector.get (node_modules/@angular/core/fesm2022/core.mjs:3082:33)
	    at TestBedImpl.inject (node_modules/@angular/core/fesm2022/testing.mjs:1914:52)
	    at TestBedImpl.inject (node_modules/@angular/core/fesm2022/testing.mjs:1768:37)
	    at UserContext.apply (src/app/services/credit-scoring.service.spec.ts:58:23)
	    at _ZoneDelegate.invoke (node_modules/zone.js/fesm2015/zone.js:369:28)
Chrome Headless 140.0.0.0 (Mac OS 10.15.7): Executed 69 of 985[31m (14 FAILED)[39m (0 secs / 31.099 secs)
[1A[2K[31mChrome Headless 140.0.0.0 (Mac OS 10.15.7) CreditScoringService Scoring Simulation should simulate scoring with low score for risky client FAILED[39m
	ReferenceError: process is not defined
	    at new CreditScoringService (src/app/services/credit-scoring.service.ts:62:13)
	    at Object.factory (ng:///CreditScoringService/ɵfac.js:4:10)
	    at callback (node_modules/@angular/core/fesm2022/core.mjs:3219:47)
	    at runInInjectorProfilerContext (node_modules/@angular/core/fesm2022/core.mjs:866:9)
	    at R3Injector.hydrate (node_modules/@angular/core/fesm2022/core.mjs:3218:21)
	    at R3Injector.get (node_modules/@angular/core/fesm2022/core.mjs:3082:33)
	    at TestBedImpl.inject (node_modules/@angular/core/fesm2022/testing.mjs:1914:52)
	    at TestBedImpl.inject (node_modules/@angular/core/fesm2022/testing.mjs:1768:37)
	    at UserContext.apply (src/app/services/credit-scoring.service.spec.ts:58:23)
	    at _ZoneDelegate.invoke (node_modules/zone.js/fesm2015/zone.js:369:28)
Chrome Headless 140.0.0.0 (Mac OS 10.15.7): Executed 70 of 985[31m (15 FAILED)[39m (0 secs / 31.1 secs)
[1A[2K[31mChrome Headless 140.0.0.0 (Mac OS 10.15.7) CreditScoringService Scoring Simulation should apply market bonus for Aguascalientes FAILED[39m
	ReferenceError: process is not defined
	    at new CreditScoringService (src/app/services/credit-scoring.service.ts:62:13)
	    at Object.factory (ng:///CreditScoringService/ɵfac.js:4:10)
	    at callback (node_modules/@angular/core/fesm2022/core.mjs:3219:47)
	    at runInInjectorProfilerContext (node_modules/@angular/core/fesm2022/core.mjs:866:9)
	    at R3Injector.hydrate (node_modules/@angular/core/fesm2022/core.mjs:3218:21)
	    at R3Injector.get (node_modules/@angular/core/fesm2022/core.mjs:3082:33)
	    at TestBedImpl.inject (node_modules/@angular/core/fesm2022/testing.mjs:1914:52)
	    at TestBedImpl.inject (node_modules/@angular/core/fesm2022/testing.mjs:1768:37)
	    at UserContext.apply (src/app/services/credit-scoring.service.spec.ts:58:23)
	    at _ZoneDelegate.invoke (node_modules/zone.js/fesm2015/zone.js:369:28)
Chrome Headless 140.0.0.0 (Mac OS 10.15.7): Executed 71 of 985[31m (16 FAILED)[39m (0 secs / 31.101 secs)
[1A[2K[31mChrome Headless 140.0.0.0 (Mac OS 10.15.7) CreditScoringService Scoring Simulation should set correct interest rates by market FAILED[39m
	ReferenceError: process is not defined
	    at new CreditScoringService (src/app/services/credit-scoring.service.ts:62:13)
	    at Object.factory (ng:///CreditScoringService/ɵfac.js:4:10)
	    at callback (node_modules/@angular/core/fesm2022/core.mjs:3219:47)
	    at runInInjectorProfilerContext (node_modules/@angular/core/fesm2022/core.mjs:866:9)
	    at R3Injector.hydrate (node_modules/@angular/core/fesm2022/core.mjs:3218:21)
	    at R3Injector.get (node_modules/@angular/core/fesm2022/core.mjs:3082:33)
	    at TestBedImpl.inject (node_modules/@angular/core/fesm2022/testing.mjs:1914:52)
	    at TestBedImpl.inject (node_modules/@angular/core/fesm2022/testing.mjs:1768:37)
	    at UserContext.apply (src/app/services/credit-scoring.service.spec.ts:58:23)
	    at _ZoneDelegate.invoke (node_modules/zone.js/fesm2015/zone.js:369:28)
Chrome Headless 140.0.0.0 (Mac OS 10.15.7): Executed 72 of 985[31m (17 FAILED)[39m (0 secs / 31.102 secs)
[1A[2K[31mChrome Headless 140.0.0.0 (Mac OS 10.15.7) CreditScoringService Scoring Simulation should include reasons for rejection FAILED[39m
	ReferenceError: process is not defined
	    at new CreditScoringService (src/app/services/credit-scoring.service.ts:62:13)
	    at Object.factory (ng:///CreditScoringService/ɵfac.js:4:10)
	    at callback (node_modules/@angular/core/fesm2022/core.mjs:3219:47)
	    at runInInjectorProfilerContext (node_modules/@angular/core/fesm2022/core.mjs:866:9)
	    at R3Injector.hydrate (node_modules/@angular/core/fesm2022/core.mjs:3218:21)
	    at R3Injector.get (node_modules/@angular/core/fesm2022/core.mjs:3082:33)
	    at TestBedImpl.inject (node_modules/@angular/core/fesm2022/testing.mjs:1914:52)
	    at TestBedImpl.inject (node_modules/@angular/core/fesm2022/testing.mjs:1768:37)
	    at UserContext.apply (src/app/services/credit-scoring.service.spec.ts:58:23)
	    at _ZoneDelegate.invoke (node_modules/zone.js/fesm2015/zone.js:369:28)
Chrome Headless 140.0.0.0 (Mac OS 10.15.7): Executed 73 of 985[31m (18 FAILED)[39m (0 secs / 31.102 secs)
[1A[2K[31mChrome Headless 140.0.0.0 (Mac OS 10.15.7) CreditScoringService Scoring Simulation should apply business flow bonuses correctly FAILED[39m
	ReferenceError: process is not defined
	    at new CreditScoringService (src/app/services/credit-scoring.service.ts:62:13)
	    at Object.factory (ng:///CreditScoringService/ɵfac.js:4:10)
	    at callback (node_modules/@angular/core/fesm2022/core.mjs:3219:47)
	    at runInInjectorProfilerContext (node_modules/@angular/core/fesm2022/core.mjs:866:9)
	    at R3Injector.hydrate (node_modules/@angular/core/fesm2022/core.mjs:3218:21)
	    at R3Injector.get (node_modules/@angular/core/fesm2022/core.mjs:3082:33)
	    at TestBedImpl.inject (node_modules/@angular/core/fesm2022/testing.mjs:1914:52)
	    at TestBedImpl.inject (node_modules/@angular/core/fesm2022/testing.mjs:1768:37)
	    at UserContext.apply (src/app/services/credit-scoring.service.spec.ts:58:23)
	    at _ZoneDelegate.invoke (node_modules/zone.js/fesm2015/zone.js:369:28)
Chrome Headless 140.0.0.0 (Mac OS 10.15.7): Executed 74 of 985[31m (19 FAILED)[39m (0 secs / 31.103 secs)
[1A[2K[31mChrome Headless 140.0.0.0 (Mac OS 10.15.7) CreditScoringService Scoring Simulation should include conditions for conditional approval FAILED[39m
	ReferenceError: process is not defined
	    at new CreditScoringService (src/app/services/credit-scoring.service.ts:62:13)
	    at Object.factory (ng:///CreditScoringService/ɵfac.js:4:10)
	    at callback (node_modules/@angular/core/fesm2022/core.mjs:3219:47)
	    at runInInjectorProfilerContext (node_modules/@angular/core/fesm2022/core.mjs:866:9)
	    at R3Injector.hydrate (node_modules/@angular/core/fesm2022/core.mjs:3218:21)
	    at R3Injector.get (node_modules/@angular/core/fesm2022/core.mjs:3082:33)
	    at TestBedImpl.inject (node_modules/@angular/core/fesm2022/testing.mjs:1914:52)
	    at TestBedImpl.inject (node_modules/@angular/core/fesm2022/testing.mjs:1768:37)
	    at UserContext.apply (src/app/services/credit-scoring.service.spec.ts:58:23)
	    at _ZoneDelegate.invoke (node_modules/zone.js/fesm2015/zone.js:369:28)
Chrome Headless 140.0.0.0 (Mac OS 10.15.7): Executed 75 of 985[31m (20 FAILED)[39m (0 secs / 31.104 secs)
[1A[2K[31mChrome Headless 140.0.0.0 (Mac OS 10.15.7) CreditScoringService Scoring Simulation should simulate scoring with high score for good client FAILED[39m
	ReferenceError: process is not defined
	    at new CreditScoringService (src/app/services/credit-scoring.service.ts:62:13)
	    at Object.factory (ng:///CreditScoringService/ɵfac.js:4:10)
	    at callback (node_modules/@angular/core/fesm2022/core.mjs:3219:47)
	    at runInInjectorProfilerContext (node_modules/@angular/core/fesm2022/core.mjs:866:9)
	    at R3Injector.hydrate (node_modules/@angular/core/fesm2022/core.mjs:3218:21)
	    at R3Injector.get (node_modules/@angular/core/fesm2022/core.mjs:3082:33)
	    at TestBedImpl.inject (node_modules/@angular/core/fesm2022/testing.mjs:1914:52)
	    at TestBedImpl.inject (node_modules/@angular/core/fesm2022/testing.mjs:1768:37)
	    at UserContext.apply (src/app/services/credit-scoring.service.spec.ts:58:23)
	    at _ZoneDelegate.invoke (node_modules/zone.js/fesm2015/zone.js:369:28)
Chrome Headless 140.0.0.0 (Mac OS 10.15.7): Executed 76 of 985[31m (21 FAILED)[39m (0 secs / 31.105 secs)
[1A[2K[31mChrome Headless 140.0.0.0 (Mac OS 10.15.7) CreditScoringService Credit Scoring Process should get scoring status correctly FAILED[39m
	ReferenceError: process is not defined
	    at new CreditScoringService (src/app/services/credit-scoring.service.ts:62:13)
	    at Object.factory (ng:///CreditScoringService/ɵfac.js:4:10)
	    at callback (node_modules/@angular/core/fesm2022/core.mjs:3219:47)
	    at runInInjectorProfilerContext (node_modules/@angular/core/fesm2022/core.mjs:866:9)
	    at R3Injector.hydrate (node_modules/@angular/core/fesm2022/core.mjs:3218:21)
	    at R3Injector.get (node_modules/@angular/core/fesm2022/core.mjs:3082:33)
	    at TestBedImpl.inject (node_modules/@angular/core/fesm2022/testing.mjs:1914:52)
	    at TestBedImpl.inject (node_modules/@angular/core/fesm2022/testing.mjs:1768:37)
	    at UserContext.apply (src/app/services/credit-scoring.service.spec.ts:58:23)
	    at _ZoneDelegate.invoke (node_modules/zone.js/fesm2015/zone.js:369:28)
Chrome Headless 140.0.0.0 (Mac OS 10.15.7): Executed 77 of 985[31m (22 FAILED)[39m (0 secs / 31.106 secs)
[1A[2K[31mChrome Headless 140.0.0.0 (Mac OS 10.15.7) CreditScoringService Credit Scoring Process should return null for non-existent scoring ID FAILED[39m
	ReferenceError: process is not defined
	    at new CreditScoringService (src/app/services/credit-scoring.service.ts:62:13)
	    at Object.factory (ng:///CreditScoringService/ɵfac.js:4:10)
	    at callback (node_modules/@angular/core/fesm2022/core.mjs:3219:47)
	    at runInInjectorProfilerContext (node_modules/@angular/core/fesm2022/core.mjs:866:9)
	    at R3Injector.hydrate (node_modules/@angular/core/fesm2022/core.mjs:3218:21)
	    at R3Injector.get (node_modules/@angular/core/fesm2022/core.mjs:3082:33)
	    at TestBedImpl.inject (node_modules/@angular/core/fesm2022/testing.mjs:1914:52)
	    at TestBedImpl.inject (node_modules/@angular/core/fesm2022/testing.mjs:1768:37)
	    at UserContext.apply (src/app/services/credit-scoring.service.spec.ts:58:23)
	    at _ZoneDelegate.invoke (node_modules/zone.js/fesm2015/zone.js:369:28)
Chrome Headless 140.0.0.0 (Mac OS 10.15.7): Executed 78 of 985[31m (23 FAILED)[39m (0 secs / 31.107 secs)
[1A[2K[31mChrome Headless 140.0.0.0 (Mac OS 10.15.7) CreditScoringService Credit Scoring Process should return null for non-existent status ID FAILED[39m
	ReferenceError: process is not defined
	    at new CreditScoringService (src/app/services/credit-scoring.service.ts:62:13)
	    at Object.factory (ng:///CreditScoringService/ɵfac.js:4:10)
	    at callback (node_modules/@angular/core/fesm2022/core.mjs:3219:47)
	    at runInInjectorProfilerContext (node_modules/@angular/core/fesm2022/core.mjs:866:9)
	    at R3Injector.hydrate (node_modules/@angular/core/fesm2022/core.mjs:3218:21)
	    at R3Injector.get (node_modules/@angular/core/fesm2022/core.mjs:3082:33)
	    at TestBedImpl.inject (node_modules/@angular/core/fesm2022/testing.mjs:1914:52)
	    at TestBedImpl.inject (node_modules/@angular/core/fesm2022/testing.mjs:1768:37)
	    at UserContext.apply (src/app/services/credit-scoring.service.spec.ts:58:23)
	    at _ZoneDelegate.invoke (node_modules/zone.js/fesm2015/zone.js:369:28)
Chrome Headless 140.0.0.0 (Mac OS 10.15.7): Executed 79 of 985[31m (24 FAILED)[39m (0 secs / 31.107 secs)
[1A[2K[31mChrome Headless 140.0.0.0 (Mac OS 10.15.7) CreditScoringService Credit Scoring Process should initiate credit scoring request FAILED[39m
	ReferenceError: process is not defined
	    at new CreditScoringService (src/app/services/credit-scoring.service.ts:62:13)
	    at Object.factory (ng:///CreditScoringService/ɵfac.js:4:10)
	    at callback (node_modules/@angular/core/fesm2022/core.mjs:3219:47)
	    at runInInjectorProfilerContext (node_modules/@angular/core/fesm2022/core.mjs:866:9)
	    at R3Injector.hydrate (node_modules/@angular/core/fesm2022/core.mjs:3218:21)
	    at R3Injector.get (node_modules/@angular/core/fesm2022/core.mjs:3082:33)
	    at TestBedImpl.inject (node_modules/@angular/core/fesm2022/testing.mjs:1914:52)
	    at TestBedImpl.inject (node_modules/@angular/core/fesm2022/testing.mjs:1768:37)
	    at UserContext.apply (src/app/services/credit-scoring.service.spec.ts:58:23)
	    at _ZoneDelegate.invoke (node_modules/zone.js/fesm2015/zone.js:369:28)
Chrome Headless 140.0.0.0 (Mac OS 10.15.7): Executed 80 of 985[31m (25 FAILED)[39m (0 secs / 31.108 secs)
[1A[2K[31mChrome Headless 140.0.0.0 (Mac OS 10.15.7) CreditScoringService Credit Scoring Process should store scoring result after processing FAILED[39m
	ReferenceError: process is not defined
	    at new CreditScoringService (src/app/services/credit-scoring.service.ts:62:13)
	    at Object.factory (ng:///CreditScoringService/ɵfac.js:4:10)
	    at callback (node_modules/@angular/core/fesm2022/core.mjs:3219:47)
	    at runInInjectorProfilerContext (node_modules/@angular/core/fesm2022/core.mjs:866:9)
	    at R3Injector.hydrate (node_modules/@angular/core/fesm2022/core.mjs:3218:21)
	    at R3Injector.get (node_modules/@angular/core/fesm2022/core.mjs:3082:33)
	    at TestBedImpl.inject (node_modules/@angular/core/fesm2022/testing.mjs:1914:52)
	    at TestBedImpl.inject (node_modules/@angular/core/fesm2022/testing.mjs:1768:37)
	    at UserContext.apply (src/app/services/credit-scoring.service.spec.ts:58:23)
	    at _ZoneDelegate.invoke (node_modules/zone.js/fesm2015/zone.js:369:28)
Chrome Headless 140.0.0.0 (Mac OS 10.15.7): Executed 81 of 985[31m (26 FAILED)[39m (0 secs / 31.109 secs)
[1A[2K[31mChrome Headless 140.0.0.0 (Mac OS 10.15.7) CreditScoringService Risk Level Assignment should assign correct risk levels FAILED[39m
	ReferenceError: process is not defined
	    at new CreditScoringService (src/app/services/credit-scoring.service.ts:62:13)
	    at Object.factory (ng:///CreditScoringService/ɵfac.js:4:10)
	    at callback (node_modules/@angular/core/fesm2022/core.mjs:3219:47)
	    at runInInjectorProfilerContext (node_modules/@angular/core/fesm2022/core.mjs:866:9)
	    at R3Injector.hydrate (node_modules/@angular/core/fesm2022/core.mjs:3218:21)
	    at R3Injector.get (node_modules/@angular/core/fesm2022/core.mjs:3082:33)
	    at TestBedImpl.inject (node_modules/@angular/core/fesm2022/testing.mjs:1914:52)
	    at TestBedImpl.inject (node_modules/@angular/core/fesm2022/testing.mjs:1768:37)
	    at UserContext.apply (src/app/services/credit-scoring.service.spec.ts:58:23)
	    at _ZoneDelegate.invoke (node_modules/zone.js/fesm2015/zone.js:369:28)
Chrome Headless 140.0.0.0 (Mac OS 10.15.7): Executed 82 of 985[31m (27 FAILED)[39m (0 secs / 31.109 secs)
[1A[2K[31mChrome Headless 140.0.0.0 (Mac OS 10.15.7) CreditScoringService Score Grading System should assign correct grades for score ranges FAILED[39m
	ReferenceError: process is not defined
	    at new CreditScoringService (src/app/services/credit-scoring.service.ts:62:13)
	    at Object.factory (ng:///CreditScoringService/ɵfac.js:4:10)
	    at callback (node_modules/@angular/core/fesm2022/core.mjs:3219:47)
	    at runInInjectorProfilerContext (node_modules/@angular/core/fesm2022/core.mjs:866:9)
	    at R3Injector.hydrate (node_modules/@angular/core/fesm2022/core.mjs:3218:21)
	    at R3Injector.get (node_modules/@angular/core/fesm2022/core.mjs:3082:33)
	    at TestBedImpl.inject (node_modules/@angular/core/fesm2022/testing.mjs:1914:52)
	    at TestBedImpl.inject (node_modules/@angular/core/fesm2022/testing.mjs:1768:37)
	    at UserContext.apply (src/app/services/credit-scoring.service.spec.ts:58:23)
	    at _ZoneDelegate.invoke (node_modules/zone.js/fesm2015/zone.js:369:28)
Chrome Headless 140.0.0.0 (Mac OS 10.15.7): Executed 83 of 985[31m (28 FAILED)[39m (0 secs / 31.109 secs)
[1A[2K[31mChrome Headless 140.0.0.0 (Mac OS 10.15.7) CreditScoringService Scoring Prerequisites Validation should validate client is ready for scoring FAILED[39m
	ReferenceError: process is not defined
	    at new CreditScoringService (src/app/services/credit-scoring.service.ts:62:13)
	    at Object.factory (ng:///CreditScoringService/ɵfac.js:4:10)
	    at callback (node_modules/@angular/core/fesm2022/core.mjs:3219:47)
	    at runInInjectorProfilerContext (node_modules/@angular/core/fesm2022/core.mjs:866:9)
	    at R3Injector.hydrate (node_modules/@angular/core/fesm2022/core.mjs:3218:21)
	    at R3Injector.get (node_modules/@angular/core/fesm2022/core.mjs:3082:33)
	    at TestBedImpl.inject (node_modules/@angular/core/fesm2022/testing.mjs:1914:52)
	    at TestBedImpl.inject (node_modules/@angular/core/fesm2022/testing.mjs:1768:37)
	    at UserContext.apply (src/app/services/credit-scoring.service.spec.ts:58:23)
	    at _ZoneDelegate.invoke (node_modules/zone.js/fesm2015/zone.js:369:28)
Chrome Headless 140.0.0.0 (Mac OS 10.15.7): Executed 84 of 985[31m (29 FAILED)[39m (0 secs / 31.11 secs)
[1A[2K[31mChrome Headless 140.0.0.0 (Mac OS 10.15.7) CreditScoringService Scoring Prerequisites Validation should identify multiple missing requirements FAILED[39m
	ReferenceError: process is not defined
	    at new CreditScoringService (src/app/services/credit-scoring.service.ts:62:13)
	    at Object.factory (ng:///CreditScoringService/ɵfac.js:4:10)
	    at callback (node_modules/@angular/core/fesm2022/core.mjs:3219:47)
	    at runInInjectorProfilerContext (node_modules/@angular/core/fesm2022/core.mjs:866:9)
	    at R3Injector.hydrate (node_modules/@angular/core/fesm2022/core.mjs:3218:21)
	    at R3Injector.get (node_modules/@angular/core/fesm2022/core.mjs:3082:33)
	    at TestBedImpl.inject (node_modules/@angular/core/fesm2022/testing.mjs:1914:52)
	    at TestBedImpl.inject (node_modules/@angular/core/fesm2022/testing.mjs:1768:37)
	    at UserContext.apply (src/app/services/credit-scoring.service.spec.ts:58:23)
	    at _ZoneDelegate.invoke (node_modules/zone.js/fesm2015/zone.js:369:28)
Chrome Headless 140.0.0.0 (Mac OS 10.15.7): Executed 85 of 985[31m (30 FAILED)[39m (0 secs / 31.111 secs)
[1A[2K[31mChrome Headless 140.0.0.0 (Mac OS 10.15.7) CreditScoringService Scoring Prerequisites Validation should identify missing INE document FAILED[39m
	ReferenceError: process is not defined
	    at new CreditScoringService (src/app/services/credit-scoring.service.ts:62:13)
	    at Object.factory (ng:///CreditScoringService/ɵfac.js:4:10)
	    at callback (node_modules/@angular/core/fesm2022/core.mjs:3219:47)
	    at runInInjectorProfilerContext (node_modules/@angular/core/fesm2022/core.mjs:866:9)
	    at R3Injector.hydrate (node_modules/@angular/core/fesm2022/core.mjs:3218:21)
	    at R3Injector.get (node_modules/@angular/core/fesm2022/core.mjs:3082:33)
	    at TestBedImpl.inject (node_modules/@angular/core/fesm2022/testing.mjs:1914:52)
	    at TestBedImpl.inject (node_modules/@angular/core/fesm2022/testing.mjs:1768:37)
	    at UserContext.apply (src/app/services/credit-scoring.service.spec.ts:58:23)
	    at _ZoneDelegate.invoke (node_modules/zone.js/fesm2015/zone.js:369:28)
Chrome Headless 140.0.0.0 (Mac OS 10.15.7): Executed 86 of 985[31m (31 FAILED)[39m (0 secs / 31.112 secs)
[1A[2K[31mChrome Headless 140.0.0.0 (Mac OS 10.15.7) CreditScoringService Scoring Prerequisites Validation should identify missing KYC verification FAILED[39m
	ReferenceError: process is not defined
	    at new CreditScoringService (src/app/services/credit-scoring.service.ts:62:13)
	    at Object.factory (ng:///CreditScoringService/ɵfac.js:4:10)
	    at callback (node_modules/@angular/core/fesm2022/core.mjs:3219:47)
	    at runInInjectorProfilerContext (node_modules/@angular/core/fesm2022/core.mjs:866:9)
	    at R3Injector.hydrate (node_modules/@angular/core/fesm2022/core.mjs:3218:21)
	    at R3Injector.get (node_modules/@angular/core/fesm2022/core.mjs:3082:33)
	    at TestBedImpl.inject (node_modules/@angular/core/fesm2022/testing.mjs:1914:52)
	    at TestBedImpl.inject (node_modules/@angular/core/fesm2022/testing.mjs:1768:37)
	    at UserContext.apply (src/app/services/credit-scoring.service.spec.ts:58:23)
	    at _ZoneDelegate.invoke (node_modules/zone.js/fesm2015/zone.js:369:28)
Chrome Headless 140.0.0.0 (Mac OS 10.15.7): Executed 87 of 985[31m (32 FAILED)[39m (0 secs / 31.113 secs)
[1A[2K[31mChrome Headless 140.0.0.0 (Mac OS 10.15.7) CreditScoringService Scoring Prerequisites Validation should identify missing comprobante document FAILED[39m
	ReferenceError: process is not defined
	    at new CreditScoringService (src/app/services/credit-scoring.service.ts:62:13)
	    at Object.factory (ng:///CreditScoringService/ɵfac.js:4:10)
	    at callback (node_modules/@angular/core/fesm2022/core.mjs:3219:47)
	    at runInInjectorProfilerContext (node_modules/@angular/core/fesm2022/core.mjs:866:9)
	    at R3Injector.hydrate (node_modules/@angular/core/fesm2022/core.mjs:3218:21)
	    at R3Injector.get (node_modules/@angular/core/fesm2022/core.mjs:3082:33)
	    at TestBedImpl.inject (node_modules/@angular/core/fesm2022/testing.mjs:1914:52)
	    at TestBedImpl.inject (node_modules/@angular/core/fesm2022/testing.mjs:1768:37)
	    at UserContext.apply (src/app/services/credit-scoring.service.spec.ts:58:23)
	    at _ZoneDelegate.invoke (node_modules/zone.js/fesm2015/zone.js:369:28)
Chrome Headless 140.0.0.0 (Mac OS 10.15.7): Executed 88 of 985[31m (33 FAILED)[39m (0 secs / 31.114 secs)
[1A[2K[31mChrome Headless 140.0.0.0 (Mac OS 10.15.7) CreditScoringService Scoring Retry Functionality should fail retry for non-existent original scoring FAILED[39m
	ReferenceError: process is not defined
	    at new CreditScoringService (src/app/services/credit-scoring.service.ts:62:13)
	    at Object.factory (ng:///CreditScoringService/ɵfac.js:4:10)
	    at callback (node_modules/@angular/core/fesm2022/core.mjs:3219:47)
	    at runInInjectorProfilerContext (node_modules/@angular/core/fesm2022/core.mjs:866:9)
	    at R3Injector.hydrate (node_modules/@angular/core/fesm2022/core.mjs:3218:21)
	    at R3Injector.get (node_modules/@angular/core/fesm2022/core.mjs:3082:33)
	    at TestBedImpl.inject (node_modules/@angular/core/fesm2022/testing.mjs:1914:52)
	    at TestBedImpl.inject (node_modules/@angular/core/fesm2022/testing.mjs:1768:37)
	    at UserContext.apply (src/app/services/credit-scoring.service.spec.ts:58:23)
	    at _ZoneDelegate.invoke (node_modules/zone.js/fesm2015/zone.js:369:28)
Chrome Headless 140.0.0.0 (Mac OS 10.15.7): Executed 89 of 985[31m (34 FAILED)[39m (0 secs / 31.115 secs)
[1A[2K[31mChrome Headless 140.0.0.0 (Mac OS 10.15.7) CreditScoringService Scoring Retry Functionality should retry scoring with updated information FAILED[39m
	ReferenceError: process is not defined
	    at new CreditScoringService (src/app/services/credit-scoring.service.ts:62:13)
	    at Object.factory (ng:///CreditScoringService/ɵfac.js:4:10)
	    at callback (node_modules/@angular/core/fesm2022/core.mjs:3219:47)
	    at runInInjectorProfilerContext (node_modules/@angular/core/fesm2022/core.mjs:866:9)
	    at R3Injector.hydrate (node_modules/@angular/core/fesm2022/core.mjs:3218:21)
	    at R3Injector.get (node_modules/@angular/core/fesm2022/core.mjs:3082:33)
	    at TestBedImpl.inject (node_modules/@angular/core/fesm2022/testing.mjs:1914:52)
	    at TestBedImpl.inject (node_modules/@angular/core/fesm2022/testing.mjs:1768:37)
	    at UserContext.apply (src/app/services/credit-scoring.service.spec.ts:58:23)
	    at _ZoneDelegate.invoke (node_modules/zone.js/fesm2015/zone.js:369:28)
Chrome Headless 140.0.0.0 (Mac OS 10.15.7): Executed 90 of 985[31m (35 FAILED)[39m (0 secs / 31.116 secs)
[1A[2K[31mChrome Headless 140.0.0.0 (Mac OS 10.15.7) CreditScoringService Edge Cases and Error Handling should handle zero or negative income gracefully FAILED[39m
	ReferenceError: process is not defined
	    at new CreditScoringService (src/app/services/credit-scoring.service.ts:62:13)
	    at Object.factory (ng:///CreditScoringService/ɵfac.js:4:10)
	    at callback (node_modules/@angular/core/fesm2022/core.mjs:3219:47)
	    at runInInjectorProfilerContext (node_modules/@angular/core/fesm2022/core.mjs:866:9)
	    at R3Injector.hydrate (node_modules/@angular/core/fesm2022/core.mjs:3218:21)
	    at R3Injector.get (node_modules/@angular/core/fesm2022/core.mjs:3082:33)
	    at TestBedImpl.inject (node_modules/@angular/core/fesm2022/testing.mjs:1914:52)
	    at TestBedImpl.inject (node_modules/@angular/core/fesm2022/testing.mjs:1768:37)
	    at UserContext.apply (src/app/services/credit-scoring.service.spec.ts:58:23)
	    at _ZoneDelegate.invoke (node_modules/zone.js/fesm2015/zone.js:369:28)
Chrome Headless 140.0.0.0 (Mac OS 10.15.7): Executed 91 of 985[31m (36 FAILED)[39m (0 secs / 31.117 secs)
[1A[2K[31mChrome Headless 140.0.0.0 (Mac OS 10.15.7) CreditScoringService Edge Cases and Error Handling should handle maximum score bounds FAILED[39m
	ReferenceError: process is not defined
	    at new CreditScoringService (src/app/services/credit-scoring.service.ts:62:13)
	    at Object.factory (ng:///CreditScoringService/ɵfac.js:4:10)
	    at callback (node_modules/@angular/core/fesm2022/core.mjs:3219:47)
	    at runInInjectorProfilerContext (node_modules/@angular/core/fesm2022/core.mjs:866:9)
	    at R3Injector.hydrate (node_modules/@angular/core/fesm2022/core.mjs:3218:21)
	    at R3Injector.get (node_modules/@angular/core/fesm2022/core.mjs:3082:33)
	    at TestBedImpl.inject (node_modules/@angular/core/fesm2022/testing.mjs:1914:52)
	    at TestBedImpl.inject (node_modules/@angular/core/fesm2022/testing.mjs:1768:37)
	    at UserContext.apply (src/app/services/credit-scoring.service.spec.ts:58:23)
	    at _ZoneDelegate.invoke (node_modules/zone.js/fesm2015/zone.js:369:28)
Chrome Headless 140.0.0.0 (Mac OS 10.15.7): Executed 92 of 985[31m (37 FAILED)[39m (0 secs / 31.117 secs)
[1A[2K[31mChrome Headless 140.0.0.0 (Mac OS 10.15.7) CreditScoringService Edge Cases and Error Handling should handle minimum score bounds FAILED[39m
	ReferenceError: process is not defined
	    at new CreditScoringService (src/app/services/credit-scoring.service.ts:62:13)
	    at Object.factory (ng:///CreditScoringService/ɵfac.js:4:10)
	    at callback (node_modules/@angular/core/fesm2022/core.mjs:3219:47)
	    at runInInjectorProfilerContext (node_modules/@angular/core/fesm2022/core.mjs:866:9)
	    at R3Injector.hydrate (node_modules/@angular/core/fesm2022/core.mjs:3218:21)
	    at R3Injector.get (node_modules/@angular/core/fesm2022/core.mjs:3082:33)
	    at TestBedImpl.inject (node_modules/@angular/core/fesm2022/testing.mjs:1914:52)
	    at TestBedImpl.inject (node_modules/@angular/core/fesm2022/testing.mjs:1768:37)
	    at UserContext.apply (src/app/services/credit-scoring.service.spec.ts:58:23)
	    at _ZoneDelegate.invoke (node_modules/zone.js/fesm2015/zone.js:369:28)
Chrome Headless 140.0.0.0 (Mac OS 10.15.7): Executed 93 of 985[31m (38 FAILED)[39m (0 secs / 31.118 secs)
[1A[2K[31mChrome Headless 140.0.0.0 (Mac OS 10.15.7) CreditScoringService Client Scoring History should return empty array for client with no scorings FAILED[39m
	ReferenceError: process is not defined
	    at new CreditScoringService (src/app/services/credit-scoring.service.ts:62:13)
	    at Object.factory (ng:///CreditScoringService/ɵfac.js:4:10)
	    at callback (node_modules/@angular/core/fesm2022/core.mjs:3219:47)
	    at runInInjectorProfilerContext (node_modules/@angular/core/fesm2022/core.mjs:866:9)
	    at R3Injector.hydrate (node_modules/@angular/core/fesm2022/core.mjs:3218:21)
	    at R3Injector.get (node_modules/@angular/core/fesm2022/core.mjs:3082:33)
	    at TestBedImpl.inject (node_modules/@angular/core/fesm2022/testing.mjs:1914:52)
	    at TestBedImpl.inject (node_modules/@angular/core/fesm2022/testing.mjs:1768:37)
	    at UserContext.apply (src/app/services/credit-scoring.service.spec.ts:58:23)
	    at _ZoneDelegate.invoke (node_modules/zone.js/fesm2015/zone.js:369:28)
Chrome Headless 140.0.0.0 (Mac OS 10.15.7): Executed 94 of 985[31m (39 FAILED)[39m (0 secs / 31.119 secs)
[1A[2K[31mChrome Headless 140.0.0.0 (Mac OS 10.15.7) CreditScoringService Client Scoring History should get client scoring history FAILED[39m
	ReferenceError: process is not defined
	    at new CreditScoringService (src/app/services/credit-scoring.service.ts:62:13)
	    at Object.factory (ng:///CreditScoringService/ɵfac.js:4:10)
	    at callback (node_modules/@angular/core/fesm2022/core.mjs:3219:47)
	    at runInInjectorProfilerContext (node_modules/@angular/core/fesm2022/core.mjs:866:9)
	    at R3Injector.hydrate (node_modules/@angular/core/fesm2022/core.mjs:3218:21)
	    at R3Injector.get (node_modules/@angular/core/fesm2022/core.mjs:3082:33)
	    at TestBedImpl.inject (node_modules/@angular/core/fesm2022/testing.mjs:1914:52)
	    at TestBedImpl.inject (node_modules/@angular/core/fesm2022/testing.mjs:1768:37)
	    at UserContext.apply (src/app/services/credit-scoring.service.spec.ts:58:23)
	    at _ZoneDelegate.invoke (node_modules/zone.js/fesm2015/zone.js:369:28)
Chrome Headless 140.0.0.0 (Mac OS 10.15.7): Executed 95 of 985[31m (40 FAILED)[39m (0 secs / 31.119 secs)
[1A[2KChrome Headless 140.0.0.0 (Mac OS 10.15.7): Executed 96 of 985[31m (40 FAILED)[39m (0 secs / 31.119 secs)
[1A[2KChrome Headless 140.0.0.0 (Mac OS 10.15.7): Executed 97 of 985[31m (40 FAILED)[39m (0 secs / 31.12 secs)
[1A[2KChrome Headless 140.0.0.0 (Mac OS 10.15.7): Executed 98 of 985[31m (40 FAILED)[39m (0 secs / 31.12 secs)
[1A[2KChrome Headless 140.0.0.0 (Mac OS 10.15.7): Executed 99 of 985[31m (40 FAILED)[39m (0 secs / 31.121 secs)
[1A[2KChrome Headless 140.0.0.0 (Mac OS 10.15.7): Executed 100 of 985[31m (40 FAILED)[39m (0 secs / 31.121 secs)
[1A[2KChrome Headless 140.0.0.0 (Mac OS 10.15.7): Executed 101 of 985[31m (40 FAILED)[39m (0 secs / 31.122 secs)
[1A[2KChrome Headless 140.0.0.0 (Mac OS 10.15.7): Executed 102 of 985[31m (40 FAILED)[39m (0 secs / 31.122 secs)
[1A[2KChrome Headless 140.0.0.0 (Mac OS 10.15.7): Executed 103 of 985[31m (40 FAILED)[39m (0 secs / 31.125 secs)
[1A[2KChrome Headless 140.0.0.0 (Mac OS 10.15.7): Executed 104 of 985[31m (40 FAILED)[39m (0 secs / 31.125 secs)
[1A[2KChrome Headless 140.0.0.0 (Mac OS 10.15.7): Executed 105 of 985[31m (40 FAILED)[39m (0 secs / 31.125 secs)
[1A[2KChrome Headless 140.0.0.0 (Mac OS 10.15.7): Executed 106 of 985[31m (40 FAILED)[39m (0 secs / 31.144 secs)
[1A[2KChrome Headless 140.0.0.0 (Mac OS 10.15.7): Executed 107 of 985[31m (40 FAILED)[39m (0 secs / 31.144 secs)
[1A[2KChrome Headless 140.0.0.0 (Mac OS 10.15.7): Executed 108 of 985[31m (40 FAILED)[39m (0 secs / 31.145 secs)
[1A[2KChrome Headless 140.0.0.0 (Mac OS 10.15.7): Executed 109 of 985[31m (40 FAILED)[39m (0 secs / 31.145 secs)
[1A[2KChrome Headless 140.0.0.0 (Mac OS 10.15.7): Executed 110 of 985[31m (40 FAILED)[39m (0 secs / 31.146 secs)
[1A[2KChrome Headless 140.0.0.0 (Mac OS 10.15.7): Executed 111 of 985[31m (40 FAILED)[39m (0 secs / 31.146 secs)
[1A[2KChrome Headless 140.0.0.0 (Mac OS 10.15.7): Executed 112 of 985[31m (40 FAILED)[39m (0 secs / 31.147 secs)
[1A[2KChrome Headless 140.0.0.0 (Mac OS 10.15.7): Executed 113 of 985[31m (40 FAILED)[39m (0 secs / 31.147 secs)
[1A[2KChrome Headless 140.0.0.0 (Mac OS 10.15.7): Executed 114 of 985[31m (40 FAILED)[39m (0 secs / 31.147 secs)
[1A[2KChrome Headless 140.0.0.0 (Mac OS 10.15.7): Executed 115 of 985[31m (40 FAILED)[39m (0 secs / 31.148 secs)
[1A[2KChrome Headless 140.0.0.0 (Mac OS 10.15.7): Executed 116 of 985[31m (40 FAILED)[39m (0 secs / 31.148 secs)
[1A[2KChrome Headless 140.0.0.0 (Mac OS 10.15.7): Executed 117 of 985[31m (40 FAILED)[39m (0 secs / 31.148 secs)
[1A[2KChrome Headless 140.0.0.0 (Mac OS 10.15.7): Executed 118 of 985[31m (40 FAILED)[39m (0 secs / 31.148 secs)
[1A[2KChrome Headless 140.0.0.0 (Mac OS 10.15.7): Executed 119 of 985[31m (40 FAILED)[39m (0 secs / 31.148 secs)
[1A[2KChrome Headless 140.0.0.0 (Mac OS 10.15.7): Executed 120 of 985[31m (40 FAILED)[39m (0 secs / 31.149 secs)
[1A[2KChrome Headless 140.0.0.0 (Mac OS 10.15.7): Executed 121 of 985[31m (40 FAILED)[39m (0 secs / 31.149 secs)
[1A[2KChrome Headless 140.0.0.0 (Mac OS 10.15.7): Executed 122 of 985[31m (40 FAILED)[39m (0 secs / 31.15 secs)
[1A[2KChrome Headless 140.0.0.0 (Mac OS 10.15.7): Executed 123 of 985[31m (40 FAILED)[39m (0 secs / 31.15 secs)
[1A[2KChrome Headless 140.0.0.0 (Mac OS 10.15.7): Executed 124 of 985[31m (40 FAILED)[39m (0 secs / 31.15 secs)
[1A[2KChrome Headless 140.0.0.0 (Mac OS 10.15.7): Executed 125 of 985[31m (40 FAILED)[39m (0 secs / 31.151 secs)
[1A[2KChrome Headless 140.0.0.0 (Mac OS 10.15.7): Executed 126 of 985[31m (40 FAILED)[39m (0 secs / 31.151 secs)
[1A[2KChrome Headless 140.0.0.0 (Mac OS 10.15.7): Executed 127 of 985[31m (40 FAILED)[39m (0 secs / 31.151 secs)
[1A[2KChrome Headless 140.0.0.0 (Mac OS 10.15.7): Executed 128 of 985[31m (40 FAILED)[39m (0 secs / 31.151 secs)
[1A[2KChrome Headless 140.0.0.0 (Mac OS 10.15.7): Executed 129 of 985[31m (40 FAILED)[39m (0 secs / 31.151 secs)
[1A[2KChrome Headless 140.0.0.0 (Mac OS 10.15.7): Executed 130 of 985[31m (40 FAILED)[39m (0 secs / 31.151 secs)
[1A[2KChrome Headless 140.0.0.0 (Mac OS 10.15.7): Executed 131 of 985[31m (40 FAILED)[39m (0 secs / 31.151 secs)
[1A[2KChrome Headless 140.0.0.0 (Mac OS 10.15.7): Executed 132 of 985[31m (40 FAILED)[39m (0 secs / 31.151 secs)
[1A[2KChrome Headless 140.0.0.0 (Mac OS 10.15.7): Executed 133 of 985[31m (40 FAILED)[39m (0 secs / 31.151 secs)
[1A[2KChrome Headless 140.0.0.0 (Mac OS 10.15.7): Executed 134 of 985[31m (40 FAILED)[39m (0 secs / 31.151 secs)
[1A[2KChrome Headless 140.0.0.0 (Mac OS 10.15.7): Executed 135 of 985[31m (40 FAILED)[39m (0 secs / 31.152 secs)
[1A[2KChrome Headless 140.0.0.0 (Mac OS 10.15.7): Executed 136 of 985[31m (40 FAILED)[39m (0 secs / 31.152 secs)
[1A[2KERROR: [36m'Error during OCR processing:', Error: OCR failed
Error: OCR failed
    at UserContext.<anonymous> (http://localhost:9876/_karma_webpack_/webpack:/src/app/services/ocr.service.spec.ts:141:68)
    at Generator.next (<anonymous>)
    at asyncGeneratorStep (http://localhost:9876/_karma_webpack_/webpack:/node_modules/@angular-devkit/build-angular/node_modules/@babel/runtime/helpers/esm/asyncToGenerator.js:3:1)
    at _next (http://localhost:9876/_karma_webpack_/webpack:/node_modules/@angular-devkit/build-angular/node_modules/@babel/runtime/helpers/esm/asyncToGenerator.js:17:1)
    at executor (http://localhost:9876/_karma_webpack_/webpack:/node_modules/@angular-devkit/build-angular/node_modules/@babel/runtime/helpers/esm/asyncToGenerator.js:22:1)
    at new ZoneAwarePromise (http://localhost:9876/_karma_webpack_/webpack:/node_modules/zone.js/fesm2015/zone.js:2702:25)
    at UserContext.apply (http://localhost:9876/_karma_webpack_/webpack:/node_modules/@angular-devkit/build-angular/node_modules/@babel/runtime/helpers/esm/asyncToGenerator.js:14:1)
    at _ZoneDelegate.invoke (http://localhost:9876/_karma_webpack_/webpack:/node_modules/zone.js/fesm2015/zone.js:369:28)
    at ProxyZoneSpec.onInvoke (http://localhost:9876/_karma_webpack_/webpack:/node_modules/zone.js/fesm2015/zone-testing.js:2081:39)
    at _ZoneDelegate.invoke (http://localhost:9876/_karma_webpack_/webpack:/node_modules/zone.js/fesm2015/zone.js:368:34)[39m
Chrome Headless 140.0.0.0 (Mac OS 10.15.7): Executed 136 of 985[31m (40 FAILED)[39m (0 secs / 31.152 secs)
ERROR: 'Error during OCR processing:', Error: OCR failed
Error: OCR failed
    at UserContext.<anonymous> (http://localhost:9876/_karma_webpack_/webpack:/src/app/services/ocr.service.spec.ts:141:68)
    at Generator.next (<anonymous>)
    at asyncGeneratorStep (http://localhost:9876/_karma_webpack_/webpack:/node_modules/@angular-devkit/build-angular/node_modules/@babel/runtime/helpers/esm/asyncToGenerator.js:3:1)
    at _next (http://localhost:9876/_karma_webpack_/webpack:/node_modules/@angular-devkit/build-angular/node_modules/@babel/runtime/helpers/esm/asyncToGenerator.js:17:1)
    at executor (http://localhost:9876/_karma_webpack_/webpack:/node_modules/@angular-devkit/build-angular/node_modules/@babel/runtime/helpers/esm/asyncToGenerator.js:22:1)
    at new ZoneAwarePromise (http://localhost:9876/_karma_webpack_/webpack:/node_modules/zone.js/fesm2015/zone.js:2702:25)
    at UserContext.apply (http://localhost:9876/_karma_webpack_/webpack:/node_modules/@angular-devkit/build-angular/node_modules/@babel/runtime/helpers/esm/asyncToGenerator.js:14:1)
    at _ZoneDelegate.invoke (http://localhost:9876/_karma_webpack_/webpack:/node_modules/zone.js/fesm2015/zone.js:369:28)
    at ProxyZoneSpec.onInvoke (http://localhost:9876/_karma_webpack_/webpack:/node_modules/zone.js/fesm2015/zone-testing.js:2081:39)
    at _ZoneDelegate.invoke (http://localhost:9876/_karma_webpack_/webpack:/node_modules/zone.js/fesm2015/zone.js:368:34)
[1A[2KChrome Headless 140.0.0.0 (Mac OS 10.15.7): Executed 137 of 985[31m (40 FAILED)[39m (0 secs / 31.153 secs)
[1A[2KERROR: [36m'Error during OCR processing:', Error: OCR failed
Error: OCR failed
    at UserContext.<anonymous> (http://localhost:9876/_karma_webpack_/webpack:/src/app/services/ocr.service.spec.ts:141:68)
    at Generator.next (<anonymous>)
    at asyncGeneratorStep (http://localhost:9876/_karma_webpack_/webpack:/node_modules/@angular-devkit/build-angular/node_modules/@babel/runtime/helpers/esm/asyncToGenerator.js:3:1)
    at _next (http://localhost:9876/_karma_webpack_/webpack:/node_modules/@angular-devkit/build-angular/node_modules/@babel/runtime/helpers/esm/asyncToGenerator.js:17:1)
    at executor (http://localhost:9876/_karma_webpack_/webpack:/node_modules/@angular-devkit/build-angular/node_modules/@babel/runtime/helpers/esm/asyncToGenerator.js:22:1)
    at new ZoneAwarePromise (http://localhost:9876/_karma_webpack_/webpack:/node_modules/zone.js/fesm2015/zone.js:2702:25)
    at UserContext.apply (http://localhost:9876/_karma_webpack_/webpack:/node_modules/@angular-devkit/build-angular/node_modules/@babel/runtime/helpers/esm/asyncToGenerator.js:14:1)
    at _ZoneDelegate.invoke (http://localhost:9876/_karma_webpack_/webpack:/node_modules/zone.js/fesm2015/zone.js:369:28)
    at ProxyZoneSpec.onInvoke (http://localhost:9876/_karma_webpack_/webpack:/node_modules/zone.js/fesm2015/zone-testing.js:2081:39)
    at _ZoneDelegate.invoke (http://localhost:9876/_karma_webpack_/webpack:/node_modules/zone.js/fesm2015/zone.js:368:34)[39m
Chrome Headless 140.0.0.0 (Mac OS 10.15.7): Executed 137 of 985[31m (40 FAILED)[39m (0 secs / 31.153 secs)
ERROR: 'Error during OCR processing:', Error: OCR failed
Error: OCR failed
    at UserContext.<anonymous> (http://localhost:9876/_karma_webpack_/webpack:/src/app/services/ocr.service.spec.ts:141:68)
    at Generator.next (<anonymous>)
    at asyncGeneratorStep (http://localhost:9876/_karma_webpack_/webpack:/node_modules/@angular-devkit/build-angular/node_modules/@babel/runtime/helpers/esm/asyncToGenerator.js:3:1)
    at _next (http://localhost:9876/_karma_webpack_/webpack:/node_modules/@angular-devkit/build-angular/node_modules/@babel/runtime/helpers/esm/asyncToGenerator.js:17:1)
    at executor (http://localhost:9876/_karma_webpack_/webpack:/node_modules/@angular-devkit/build-angular/node_modules/@babel/runtime/helpers/esm/asyncToGenerator.js:22:1)
    at new ZoneAwarePromise (http://localhost:9876/_karma_webpack_/webpack:/node_modules/zone.js/fesm2015/zone.js:2702:25)
    at UserContext.apply (http://localhost:9876/_karma_webpack_/webpack:/node_modules/@angular-devkit/build-angular/node_modules/@babel/runtime/helpers/esm/asyncToGenerator.js:14:1)
    at _ZoneDelegate.invoke (http://localhost:9876/_karma_webpack_/webpack:/node_modules/zone.js/fesm2015/zone.js:369:28)
    at ProxyZoneSpec.onInvoke (http://localhost:9876/_karma_webpack_/webpack:/node_modules/zone.js/fesm2015/zone-testing.js:2081:39)
    at _ZoneDelegate.invoke (http://localhost:9876/_karma_webpack_/webpack:/node_modules/zone.js/fesm2015/zone.js:368:34)
[1A[2K[31mChrome Headless 140.0.0.0 (Mac OS 10.15.7) OCRService Text Extraction from Image File should extract structured data when document type is provided FAILED[39m
	Error: OCR failed
	    at UserContext.<anonymous> (src/app/services/ocr.service.spec.ts:141:68)
	    at Generator.next (<anonymous>)
	    at asyncGeneratorStep (node_modules/@angular-devkit/build-angular/node_modules/@babel/runtime/helpers/esm/asyncToGenerator.js:3:1)
	    at _next (node_modules/@angular-devkit/build-angular/node_modules/@babel/runtime/helpers/esm/asyncToGenerator.js:17:1)
	    at executor (node_modules/@angular-devkit/build-angular/node_modules/@babel/runtime/helpers/esm/asyncToGenerator.js:22:1)
	    at new ZoneAwarePromise (node_modules/zone.js/fesm2015/zone.js:2702:25)
	    at UserContext.apply (node_modules/@angular-devkit/build-angular/node_modules/@babel/runtime/helpers/esm/asyncToGenerator.js:14:1)
	    at _ZoneDelegate.invoke (node_modules/zone.js/fesm2015/zone.js:369:28)
	    at ProxyZoneSpec.onInvoke (node_modules/zone.js/fesm2015/zone-testing.js:2081:39)
	    at _ZoneDelegate.invoke (node_modules/zone.js/fesm2015/zone.js:368:34)
Chrome Headless 140.0.0.0 (Mac OS 10.15.7): Executed 138 of 985[31m (41 FAILED)[39m (0 secs / 31.154 secs)
[1A[2KERROR: [36m'Error during OCR processing:', Error: OCR failed
Error: OCR failed
    at UserContext.<anonymous> (http://localhost:9876/_karma_webpack_/webpack:/src/app/services/ocr.service.spec.ts:141:68)
    at Generator.next (<anonymous>)
    at asyncGeneratorStep (http://localhost:9876/_karma_webpack_/webpack:/node_modules/@angular-devkit/build-angular/node_modules/@babel/runtime/helpers/esm/asyncToGenerator.js:3:1)
    at _next (http://localhost:9876/_karma_webpack_/webpack:/node_modules/@angular-devkit/build-angular/node_modules/@babel/runtime/helpers/esm/asyncToGenerator.js:17:1)
    at executor (http://localhost:9876/_karma_webpack_/webpack:/node_modules/@angular-devkit/build-angular/node_modules/@babel/runtime/helpers/esm/asyncToGenerator.js:22:1)
    at new ZoneAwarePromise (http://localhost:9876/_karma_webpack_/webpack:/node_modules/zone.js/fesm2015/zone.js:2702:25)
    at UserContext.apply (http://localhost:9876/_karma_webpack_/webpack:/node_modules/@angular-devkit/build-angular/node_modules/@babel/runtime/helpers/esm/asyncToGenerator.js:14:1)
    at _ZoneDelegate.invoke (http://localhost:9876/_karma_webpack_/webpack:/node_modules/zone.js/fesm2015/zone.js:369:28)
    at ProxyZoneSpec.onInvoke (http://localhost:9876/_karma_webpack_/webpack:/node_modules/zone.js/fesm2015/zone-testing.js:2081:39)
    at _ZoneDelegate.invoke (http://localhost:9876/_karma_webpack_/webpack:/node_modules/zone.js/fesm2015/zone.js:368:34)[39m
Chrome Headless 140.0.0.0 (Mac OS 10.15.7): Executed 138 of 985[31m (41 FAILED)[39m (0 secs / 31.154 secs)
ERROR: 'Error during OCR processing:', Error: OCR failed
Error: OCR failed
    at UserContext.<anonymous> (http://localhost:9876/_karma_webpack_/webpack:/src/app/services/ocr.service.spec.ts:141:68)
    at Generator.next (<anonymous>)
    at asyncGeneratorStep (http://localhost:9876/_karma_webpack_/webpack:/node_modules/@angular-devkit/build-angular/node_modules/@babel/runtime/helpers/esm/asyncToGenerator.js:3:1)
    at _next (http://localhost:9876/_karma_webpack_/webpack:/node_modules/@angular-devkit/build-angular/node_modules/@babel/runtime/helpers/esm/asyncToGenerator.js:17:1)
    at executor (http://localhost:9876/_karma_webpack_/webpack:/node_modules/@angular-devkit/build-angular/node_modules/@babel/runtime/helpers/esm/asyncToGenerator.js:22:1)
    at new ZoneAwarePromise (http://localhost:9876/_karma_webpack_/webpack:/node_modules/zone.js/fesm2015/zone.js:2702:25)
    at UserContext.apply (http://localhost:9876/_karma_webpack_/webpack:/node_modules/@angular-devkit/build-angular/node_modules/@babel/runtime/helpers/esm/asyncToGenerator.js:14:1)
    at _ZoneDelegate.invoke (http://localhost:9876/_karma_webpack_/webpack:/node_modules/zone.js/fesm2015/zone.js:369:28)
    at ProxyZoneSpec.onInvoke (http://localhost:9876/_karma_webpack_/webpack:/node_modules/zone.js/fesm2015/zone-testing.js:2081:39)
    at _ZoneDelegate.invoke (http://localhost:9876/_karma_webpack_/webpack:/node_modules/zone.js/fesm2015/zone.js:368:34)
[1A[2K[31mChrome Headless 140.0.0.0 (Mac OS 10.15.7) OCRService Text Extraction from Image File should extract text from image file FAILED[39m
	Error: OCR failed
	    at UserContext.<anonymous> (src/app/services/ocr.service.spec.ts:141:68)
	    at Generator.next (<anonymous>)
	    at asyncGeneratorStep (node_modules/@angular-devkit/build-angular/node_modules/@babel/runtime/helpers/esm/asyncToGenerator.js:3:1)
	    at _next (node_modules/@angular-devkit/build-angular/node_modules/@babel/runtime/helpers/esm/asyncToGenerator.js:17:1)
	    at executor (node_modules/@angular-devkit/build-angular/node_modules/@babel/runtime/helpers/esm/asyncToGenerator.js:22:1)
	    at new ZoneAwarePromise (node_modules/zone.js/fesm2015/zone.js:2702:25)
	    at UserContext.apply (node_modules/@angular-devkit/build-angular/node_modules/@babel/runtime/helpers/esm/asyncToGenerator.js:14:1)
	    at _ZoneDelegate.invoke (node_modules/zone.js/fesm2015/zone.js:369:28)
	    at ProxyZoneSpec.onInvoke (node_modules/zone.js/fesm2015/zone-testing.js:2081:39)
	    at _ZoneDelegate.invoke (node_modules/zone.js/fesm2015/zone.js:368:34)
Chrome Headless 140.0.0.0 (Mac OS 10.15.7): Executed 139 of 985[31m (42 FAILED)[39m (0 secs / 31.155 secs)
[1A[2KERROR: [36m'Error during OCR processing:', Error: OCR failed
Error: OCR failed
    at UserContext.<anonymous> (http://localhost:9876/_karma_webpack_/webpack:/src/app/services/ocr.service.spec.ts:141:68)
    at Generator.next (<anonymous>)
    at asyncGeneratorStep (http://localhost:9876/_karma_webpack_/webpack:/node_modules/@angular-devkit/build-angular/node_modules/@babel/runtime/helpers/esm/asyncToGenerator.js:3:1)
    at _next (http://localhost:9876/_karma_webpack_/webpack:/node_modules/@angular-devkit/build-angular/node_modules/@babel/runtime/helpers/esm/asyncToGenerator.js:17:1)
    at executor (http://localhost:9876/_karma_webpack_/webpack:/node_modules/@angular-devkit/build-angular/node_modules/@babel/runtime/helpers/esm/asyncToGenerator.js:22:1)
    at new ZoneAwarePromise (http://localhost:9876/_karma_webpack_/webpack:/node_modules/zone.js/fesm2015/zone.js:2702:25)
    at UserContext.apply (http://localhost:9876/_karma_webpack_/webpack:/node_modules/@angular-devkit/build-angular/node_modules/@babel/runtime/helpers/esm/asyncToGenerator.js:14:1)
    at _ZoneDelegate.invoke (http://localhost:9876/_karma_webpack_/webpack:/node_modules/zone.js/fesm2015/zone.js:369:28)
    at ProxyZoneSpec.onInvoke (http://localhost:9876/_karma_webpack_/webpack:/node_modules/zone.js/fesm2015/zone-testing.js:2081:39)
    at _ZoneDelegate.invoke (http://localhost:9876/_karma_webpack_/webpack:/node_modules/zone.js/fesm2015/zone.js:368:34)[39m
Chrome Headless 140.0.0.0 (Mac OS 10.15.7): Executed 139 of 985[31m (42 FAILED)[39m (0 secs / 31.155 secs)
ERROR: 'Error during OCR processing:', Error: OCR failed
Error: OCR failed
    at UserContext.<anonymous> (http://localhost:9876/_karma_webpack_/webpack:/src/app/services/ocr.service.spec.ts:141:68)
    at Generator.next (<anonymous>)
    at asyncGeneratorStep (http://localhost:9876/_karma_webpack_/webpack:/node_modules/@angular-devkit/build-angular/node_modules/@babel/runtime/helpers/esm/asyncToGenerator.js:3:1)
    at _next (http://localhost:9876/_karma_webpack_/webpack:/node_modules/@angular-devkit/build-angular/node_modules/@babel/runtime/helpers/esm/asyncToGenerator.js:17:1)
    at executor (http://localhost:9876/_karma_webpack_/webpack:/node_modules/@angular-devkit/build-angular/node_modules/@babel/runtime/helpers/esm/asyncToGenerator.js:22:1)
    at new ZoneAwarePromise (http://localhost:9876/_karma_webpack_/webpack:/node_modules/zone.js/fesm2015/zone.js:2702:25)
    at UserContext.apply (http://localhost:9876/_karma_webpack_/webpack:/node_modules/@angular-devkit/build-angular/node_modules/@babel/runtime/helpers/esm/asyncToGenerator.js:14:1)
    at _ZoneDelegate.invoke (http://localhost:9876/_karma_webpack_/webpack:/node_modules/zone.js/fesm2015/zone.js:369:28)
    at ProxyZoneSpec.onInvoke (http://localhost:9876/_karma_webpack_/webpack:/node_modules/zone.js/fesm2015/zone-testing.js:2081:39)
    at _ZoneDelegate.invoke (http://localhost:9876/_karma_webpack_/webpack:/node_modules/zone.js/fesm2015/zone.js:368:34)
[1A[2K[31mChrome Headless 140.0.0.0 (Mac OS 10.15.7) OCRService Text Extraction from Image File should update progress during extraction FAILED[39m
	Error: OCR failed
	    at UserContext.<anonymous> (src/app/services/ocr.service.spec.ts:141:68)
	    at Generator.next (<anonymous>)
	    at asyncGeneratorStep (node_modules/@angular-devkit/build-angular/node_modules/@babel/runtime/helpers/esm/asyncToGenerator.js:3:1)
	    at _next (node_modules/@angular-devkit/build-angular/node_modules/@babel/runtime/helpers/esm/asyncToGenerator.js:17:1)
	    at executor (node_modules/@angular-devkit/build-angular/node_modules/@babel/runtime/helpers/esm/asyncToGenerator.js:22:1)
	    at new ZoneAwarePromise (node_modules/zone.js/fesm2015/zone.js:2702:25)
	    at UserContext.apply (node_modules/@angular-devkit/build-angular/node_modules/@babel/runtime/helpers/esm/asyncToGenerator.js:14:1)
	    at _ZoneDelegate.invoke (node_modules/zone.js/fesm2015/zone.js:369:28)
	    at ProxyZoneSpec.onInvoke (node_modules/zone.js/fesm2015/zone-testing.js:2081:39)
	    at _ZoneDelegate.invoke (node_modules/zone.js/fesm2015/zone.js:368:34)
Chrome Headless 140.0.0.0 (Mac OS 10.15.7): Executed 140 of 985[31m (43 FAILED)[39m (0 secs / 31.155 secs)
[1A[2KERROR: [36m'Error during OCR processing:', Error: OCR failed
Error: OCR failed
    at UserContext.<anonymous> (http://localhost:9876/_karma_webpack_/webpack:/src/app/services/ocr.service.spec.ts:141:68)
    at Generator.next (<anonymous>)
    at asyncGeneratorStep (http://localhost:9876/_karma_webpack_/webpack:/node_modules/@angular-devkit/build-angular/node_modules/@babel/runtime/helpers/esm/asyncToGenerator.js:3:1)
    at _next (http://localhost:9876/_karma_webpack_/webpack:/node_modules/@angular-devkit/build-angular/node_modules/@babel/runtime/helpers/esm/asyncToGenerator.js:17:1)
    at executor (http://localhost:9876/_karma_webpack_/webpack:/node_modules/@angular-devkit/build-angular/node_modules/@babel/runtime/helpers/esm/asyncToGenerator.js:22:1)
    at new ZoneAwarePromise (http://localhost:9876/_karma_webpack_/webpack:/node_modules/zone.js/fesm2015/zone.js:2702:25)
    at UserContext.apply (http://localhost:9876/_karma_webpack_/webpack:/node_modules/@angular-devkit/build-angular/node_modules/@babel/runtime/helpers/esm/asyncToGenerator.js:14:1)
    at _ZoneDelegate.invoke (http://localhost:9876/_karma_webpack_/webpack:/node_modules/zone.js/fesm2015/zone.js:369:28)
    at ProxyZoneSpec.onInvoke (http://localhost:9876/_karma_webpack_/webpack:/node_modules/zone.js/fesm2015/zone-testing.js:2081:39)
    at _ZoneDelegate.invoke (http://localhost:9876/_karma_webpack_/webpack:/node_modules/zone.js/fesm2015/zone.js:368:34)[39m
Chrome Headless 140.0.0.0 (Mac OS 10.15.7): Executed 140 of 985[31m (43 FAILED)[39m (0 secs / 31.155 secs)
ERROR: 'Error during OCR processing:', Error: OCR failed
Error: OCR failed
    at UserContext.<anonymous> (http://localhost:9876/_karma_webpack_/webpack:/src/app/services/ocr.service.spec.ts:141:68)
    at Generator.next (<anonymous>)
    at asyncGeneratorStep (http://localhost:9876/_karma_webpack_/webpack:/node_modules/@angular-devkit/build-angular/node_modules/@babel/runtime/helpers/esm/asyncToGenerator.js:3:1)
    at _next (http://localhost:9876/_karma_webpack_/webpack:/node_modules/@angular-devkit/build-angular/node_modules/@babel/runtime/helpers/esm/asyncToGenerator.js:17:1)
    at executor (http://localhost:9876/_karma_webpack_/webpack:/node_modules/@angular-devkit/build-angular/node_modules/@babel/runtime/helpers/esm/asyncToGenerator.js:22:1)
    at new ZoneAwarePromise (http://localhost:9876/_karma_webpack_/webpack:/node_modules/zone.js/fesm2015/zone.js:2702:25)
    at UserContext.apply (http://localhost:9876/_karma_webpack_/webpack:/node_modules/@angular-devkit/build-angular/node_modules/@babel/runtime/helpers/esm/asyncToGenerator.js:14:1)
    at _ZoneDelegate.invoke (http://localhost:9876/_karma_webpack_/webpack:/node_modules/zone.js/fesm2015/zone.js:369:28)
    at ProxyZoneSpec.onInvoke (http://localhost:9876/_karma_webpack_/webpack:/node_modules/zone.js/fesm2015/zone-testing.js:2081:39)
    at _ZoneDelegate.invoke (http://localhost:9876/_karma_webpack_/webpack:/node_modules/zone.js/fesm2015/zone.js:368:34)
[1A[2K[31mChrome Headless 140.0.0.0 (Mac OS 10.15.7) OCRService Text Extraction from Base64 should extract structured data from base64 with document type FAILED[39m
	Error: OCR failed
	    at UserContext.<anonymous> (src/app/services/ocr.service.spec.ts:141:68)
	    at Generator.next (<anonymous>)
	    at asyncGeneratorStep (node_modules/@angular-devkit/build-angular/node_modules/@babel/runtime/helpers/esm/asyncToGenerator.js:3:1)
	    at _next (node_modules/@angular-devkit/build-angular/node_modules/@babel/runtime/helpers/esm/asyncToGenerator.js:17:1)
	    at executor (node_modules/@angular-devkit/build-angular/node_modules/@babel/runtime/helpers/esm/asyncToGenerator.js:22:1)
	    at new ZoneAwarePromise (node_modules/zone.js/fesm2015/zone.js:2702:25)
	    at UserContext.apply (node_modules/@angular-devkit/build-angular/node_modules/@babel/runtime/helpers/esm/asyncToGenerator.js:14:1)
	    at _ZoneDelegate.invoke (node_modules/zone.js/fesm2015/zone.js:369:28)
	    at ProxyZoneSpec.onInvoke (node_modules/zone.js/fesm2015/zone-testing.js:2081:39)
	    at _ZoneDelegate.invoke (node_modules/zone.js/fesm2015/zone.js:368:34)
Chrome Headless 140.0.0.0 (Mac OS 10.15.7): Executed 141 of 985[31m (44 FAILED)[39m (0 secs / 31.156 secs)
[1A[2KERROR: [36m'Error during OCR processing:', Error: Invalid image
Error: Invalid image
    at UserContext.<anonymous> (http://localhost:9876/_karma_webpack_/webpack:/src/app/services/ocr.service.spec.ts:185:68)
    at Generator.next (<anonymous>)
    at asyncGeneratorStep (http://localhost:9876/_karma_webpack_/webpack:/node_modules/@angular-devkit/build-angular/node_modules/@babel/runtime/helpers/esm/asyncToGenerator.js:3:1)
    at _next (http://localhost:9876/_karma_webpack_/webpack:/node_modules/@angular-devkit/build-angular/node_modules/@babel/runtime/helpers/esm/asyncToGenerator.js:17:1)
    at executor (http://localhost:9876/_karma_webpack_/webpack:/node_modules/@angular-devkit/build-angular/node_modules/@babel/runtime/helpers/esm/asyncToGenerator.js:22:1)
    at new ZoneAwarePromise (http://localhost:9876/_karma_webpack_/webpack:/node_modules/zone.js/fesm2015/zone.js:2702:25)
    at UserContext.apply (http://localhost:9876/_karma_webpack_/webpack:/node_modules/@angular-devkit/build-angular/node_modules/@babel/runtime/helpers/esm/asyncToGenerator.js:14:1)
    at _ZoneDelegate.invoke (http://localhost:9876/_karma_webpack_/webpack:/node_modules/zone.js/fesm2015/zone.js:369:28)
    at ProxyZoneSpec.onInvoke (http://localhost:9876/_karma_webpack_/webpack:/node_modules/zone.js/fesm2015/zone-testing.js:2081:39)
    at _ZoneDelegate.invoke (http://localhost:9876/_karma_webpack_/webpack:/node_modules/zone.js/fesm2015/zone.js:368:34)[39m
Chrome Headless 140.0.0.0 (Mac OS 10.15.7): Executed 141 of 985[31m (44 FAILED)[39m (0 secs / 31.156 secs)
ERROR: 'Error during OCR processing:', Error: Invalid image
Error: Invalid image
    at UserContext.<anonymous> (http://localhost:9876/_karma_webpack_/webpack:/src/app/services/ocr.service.spec.ts:185:68)
    at Generator.next (<anonymous>)
    at asyncGeneratorStep (http://localhost:9876/_karma_webpack_/webpack:/node_modules/@angular-devkit/build-angular/node_modules/@babel/runtime/helpers/esm/asyncToGenerator.js:3:1)
    at _next (http://localhost:9876/_karma_webpack_/webpack:/node_modules/@angular-devkit/build-angular/node_modules/@babel/runtime/helpers/esm/asyncToGenerator.js:17:1)
    at executor (http://localhost:9876/_karma_webpack_/webpack:/node_modules/@angular-devkit/build-angular/node_modules/@babel/runtime/helpers/esm/asyncToGenerator.js:22:1)
    at new ZoneAwarePromise (http://localhost:9876/_karma_webpack_/webpack:/node_modules/zone.js/fesm2015/zone.js:2702:25)
    at UserContext.apply (http://localhost:9876/_karma_webpack_/webpack:/node_modules/@angular-devkit/build-angular/node_modules/@babel/runtime/helpers/esm/asyncToGenerator.js:14:1)
    at _ZoneDelegate.invoke (http://localhost:9876/_karma_webpack_/webpack:/node_modules/zone.js/fesm2015/zone.js:369:28)
    at ProxyZoneSpec.onInvoke (http://localhost:9876/_karma_webpack_/webpack:/node_modules/zone.js/fesm2015/zone-testing.js:2081:39)
    at _ZoneDelegate.invoke (http://localhost:9876/_karma_webpack_/webpack:/node_modules/zone.js/fesm2015/zone.js:368:34)
[1A[2KChrome Headless 140.0.0.0 (Mac OS 10.15.7): Executed 142 of 985[31m (44 FAILED)[39m (0 secs / 31.156 secs)
[1A[2KERROR: [36m'Error during OCR processing:', Error: Invalid image
Error: Invalid image
    at UserContext.<anonymous> (http://localhost:9876/_karma_webpack_/webpack:/src/app/services/ocr.service.spec.ts:185:68)
    at Generator.next (<anonymous>)
    at asyncGeneratorStep (http://localhost:9876/_karma_webpack_/webpack:/node_modules/@angular-devkit/build-angular/node_modules/@babel/runtime/helpers/esm/asyncToGenerator.js:3:1)
    at _next (http://localhost:9876/_karma_webpack_/webpack:/node_modules/@angular-devkit/build-angular/node_modules/@babel/runtime/helpers/esm/asyncToGenerator.js:17:1)
    at executor (http://localhost:9876/_karma_webpack_/webpack:/node_modules/@angular-devkit/build-angular/node_modules/@babel/runtime/helpers/esm/asyncToGenerator.js:22:1)
    at new ZoneAwarePromise (http://localhost:9876/_karma_webpack_/webpack:/node_modules/zone.js/fesm2015/zone.js:2702:25)
    at UserContext.apply (http://localhost:9876/_karma_webpack_/webpack:/node_modules/@angular-devkit/build-angular/node_modules/@babel/runtime/helpers/esm/asyncToGenerator.js:14:1)
    at _ZoneDelegate.invoke (http://localhost:9876/_karma_webpack_/webpack:/node_modules/zone.js/fesm2015/zone.js:369:28)
    at ProxyZoneSpec.onInvoke (http://localhost:9876/_karma_webpack_/webpack:/node_modules/zone.js/fesm2015/zone-testing.js:2081:39)
    at _ZoneDelegate.invoke (http://localhost:9876/_karma_webpack_/webpack:/node_modules/zone.js/fesm2015/zone.js:368:34)[39m
Chrome Headless 140.0.0.0 (Mac OS 10.15.7): Executed 142 of 985[31m (44 FAILED)[39m (0 secs / 31.156 secs)
ERROR: 'Error during OCR processing:', Error: Invalid image
Error: Invalid image
    at UserContext.<anonymous> (http://localhost:9876/_karma_webpack_/webpack:/src/app/services/ocr.service.spec.ts:185:68)
    at Generator.next (<anonymous>)
    at asyncGeneratorStep (http://localhost:9876/_karma_webpack_/webpack:/node_modules/@angular-devkit/build-angular/node_modules/@babel/runtime/helpers/esm/asyncToGenerator.js:3:1)
    at _next (http://localhost:9876/_karma_webpack_/webpack:/node_modules/@angular-devkit/build-angular/node_modules/@babel/runtime/helpers/esm/asyncToGenerator.js:17:1)
    at executor (http://localhost:9876/_karma_webpack_/webpack:/node_modules/@angular-devkit/build-angular/node_modules/@babel/runtime/helpers/esm/asyncToGenerator.js:22:1)
    at new ZoneAwarePromise (http://localhost:9876/_karma_webpack_/webpack:/node_modules/zone.js/fesm2015/zone.js:2702:25)
    at UserContext.apply (http://localhost:9876/_karma_webpack_/webpack:/node_modules/@angular-devkit/build-angular/node_modules/@babel/runtime/helpers/esm/asyncToGenerator.js:14:1)
    at _ZoneDelegate.invoke (http://localhost:9876/_karma_webpack_/webpack:/node_modules/zone.js/fesm2015/zone.js:369:28)
    at ProxyZoneSpec.onInvoke (http://localhost:9876/_karma_webpack_/webpack:/node_modules/zone.js/fesm2015/zone-testing.js:2081:39)
    at _ZoneDelegate.invoke (http://localhost:9876/_karma_webpack_/webpack:/node_modules/zone.js/fesm2015/zone.js:368:34)
[1A[2K[31mChrome Headless 140.0.0.0 (Mac OS 10.15.7) OCRService Text Extraction from Base64 should extract text from base64 image FAILED[39m
	Error: Invalid image
	    at UserContext.<anonymous> (src/app/services/ocr.service.spec.ts:185:68)
	    at Generator.next (<anonymous>)
	    at asyncGeneratorStep (node_modules/@angular-devkit/build-angular/node_modules/@babel/runtime/helpers/esm/asyncToGenerator.js:3:1)
	    at _next (node_modules/@angular-devkit/build-angular/node_modules/@babel/runtime/helpers/esm/asyncToGenerator.js:17:1)
	    at executor (node_modules/@angular-devkit/build-angular/node_modules/@babel/runtime/helpers/esm/asyncToGenerator.js:22:1)
	    at new ZoneAwarePromise (node_modules/zone.js/fesm2015/zone.js:2702:25)
	    at UserContext.apply (node_modules/@angular-devkit/build-angular/node_modules/@babel/runtime/helpers/esm/asyncToGenerator.js:14:1)
	    at _ZoneDelegate.invoke (node_modules/zone.js/fesm2015/zone.js:369:28)
	    at ProxyZoneSpec.onInvoke (node_modules/zone.js/fesm2015/zone-testing.js:2081:39)
	    at _ZoneDelegate.invoke (node_modules/zone.js/fesm2015/zone.js:368:34)
Chrome Headless 140.0.0.0 (Mac OS 10.15.7): Executed 143 of 985[31m (45 FAILED)[39m (0 secs / 31.157 secs)
[1A[2KChrome Headless 140.0.0.0 (Mac OS 10.15.7): Executed 144 of 985[31m (45 FAILED)[39m (0 secs / 31.157 secs)
[1A[2KChrome Headless 140.0.0.0 (Mac OS 10.15.7): Executed 145 of 985[31m (45 FAILED)[39m (0 secs / 31.158 secs)
[1A[2KChrome Headless 140.0.0.0 (Mac OS 10.15.7): Executed 146 of 985[31m (45 FAILED)[39m (0 secs / 31.158 secs)
[1A[2KERROR: [36m'Error initializing OCR worker:', Error: Network error
Error: Network error
    at UserContext.<anonymous> (http://localhost:9876/_karma_webpack_/webpack:/src/app/services/ocr.service.spec.ts:95:55)
    at Generator.next (<anonymous>)
    at asyncGeneratorStep (http://localhost:9876/_karma_webpack_/webpack:/node_modules/@angular-devkit/build-angular/node_modules/@babel/runtime/helpers/esm/asyncToGenerator.js:3:1)
    at _next (http://localhost:9876/_karma_webpack_/webpack:/node_modules/@angular-devkit/build-angular/node_modules/@babel/runtime/helpers/esm/asyncToGenerator.js:17:1)
    at executor (http://localhost:9876/_karma_webpack_/webpack:/node_modules/@angular-devkit/build-angular/node_modules/@babel/runtime/helpers/esm/asyncToGenerator.js:22:1)
    at new ZoneAwarePromise (http://localhost:9876/_karma_webpack_/webpack:/node_modules/zone.js/fesm2015/zone.js:2702:25)
    at UserContext.apply (http://localhost:9876/_karma_webpack_/webpack:/node_modules/@angular-devkit/build-angular/node_modules/@babel/runtime/helpers/esm/asyncToGenerator.js:14:1)
    at _ZoneDelegate.invoke (http://localhost:9876/_karma_webpack_/webpack:/node_modules/zone.js/fesm2015/zone.js:369:28)
    at ProxyZoneSpec.onInvoke (http://localhost:9876/_karma_webpack_/webpack:/node_modules/zone.js/fesm2015/zone-testing.js:2081:39)
    at _ZoneDelegate.invoke (http://localhost:9876/_karma_webpack_/webpack:/node_modules/zone.js/fesm2015/zone.js:368:34)[39m
Chrome Headless 140.0.0.0 (Mac OS 10.15.7): Executed 146 of 985[31m (45 FAILED)[39m (0 secs / 31.158 secs)
ERROR: 'Error initializing OCR worker:', Error: Network error
Error: Network error
    at UserContext.<anonymous> (http://localhost:9876/_karma_webpack_/webpack:/src/app/services/ocr.service.spec.ts:95:55)
    at Generator.next (<anonymous>)
    at asyncGeneratorStep (http://localhost:9876/_karma_webpack_/webpack:/node_modules/@angular-devkit/build-angular/node_modules/@babel/runtime/helpers/esm/asyncToGenerator.js:3:1)
    at _next (http://localhost:9876/_karma_webpack_/webpack:/node_modules/@angular-devkit/build-angular/node_modules/@babel/runtime/helpers/esm/asyncToGenerator.js:17:1)
    at executor (http://localhost:9876/_karma_webpack_/webpack:/node_modules/@angular-devkit/build-angular/node_modules/@babel/runtime/helpers/esm/asyncToGenerator.js:22:1)
    at new ZoneAwarePromise (http://localhost:9876/_karma_webpack_/webpack:/node_modules/zone.js/fesm2015/zone.js:2702:25)
    at UserContext.apply (http://localhost:9876/_karma_webpack_/webpack:/node_modules/@angular-devkit/build-angular/node_modules/@babel/runtime/helpers/esm/asyncToGenerator.js:14:1)
    at _ZoneDelegate.invoke (http://localhost:9876/_karma_webpack_/webpack:/node_modules/zone.js/fesm2015/zone.js:369:28)
    at ProxyZoneSpec.onInvoke (http://localhost:9876/_karma_webpack_/webpack:/node_modules/zone.js/fesm2015/zone-testing.js:2081:39)
    at _ZoneDelegate.invoke (http://localhost:9876/_karma_webpack_/webpack:/node_modules/zone.js/fesm2015/zone.js:368:34)
[1A[2KChrome Headless 140.0.0.0 (Mac OS 10.15.7): Executed 147 of 985[31m (45 FAILED)[39m (0 secs / 31.159 secs)
[1A[2KERROR: [36m'Error initializing OCR worker:', Error: Network error
Error: Network error
    at UserContext.<anonymous> (http://localhost:9876/_karma_webpack_/webpack:/src/app/services/ocr.service.spec.ts:95:55)
    at Generator.next (<anonymous>)
    at asyncGeneratorStep (http://localhost:9876/_karma_webpack_/webpack:/node_modules/@angular-devkit/build-angular/node_modules/@babel/runtime/helpers/esm/asyncToGenerator.js:3:1)
    at _next (http://localhost:9876/_karma_webpack_/webpack:/node_modules/@angular-devkit/build-angular/node_modules/@babel/runtime/helpers/esm/asyncToGenerator.js:17:1)
    at executor (http://localhost:9876/_karma_webpack_/webpack:/node_modules/@angular-devkit/build-angular/node_modules/@babel/runtime/helpers/esm/asyncToGenerator.js:22:1)
    at new ZoneAwarePromise (http://localhost:9876/_karma_webpack_/webpack:/node_modules/zone.js/fesm2015/zone.js:2702:25)
    at UserContext.apply (http://localhost:9876/_karma_webpack_/webpack:/node_modules/@angular-devkit/build-angular/node_modules/@babel/runtime/helpers/esm/asyncToGenerator.js:14:1)
    at _ZoneDelegate.invoke (http://localhost:9876/_karma_webpack_/webpack:/node_modules/zone.js/fesm2015/zone.js:369:28)
    at ProxyZoneSpec.onInvoke (http://localhost:9876/_karma_webpack_/webpack:/node_modules/zone.js/fesm2015/zone-testing.js:2081:39)
    at _ZoneDelegate.invoke (http://localhost:9876/_karma_webpack_/webpack:/node_modules/zone.js/fesm2015/zone.js:368:34)[39m
Chrome Headless 140.0.0.0 (Mac OS 10.15.7): Executed 147 of 985[31m (45 FAILED)[39m (0 secs / 31.159 secs)
ERROR: 'Error initializing OCR worker:', Error: Network error
Error: Network error
    at UserContext.<anonymous> (http://localhost:9876/_karma_webpack_/webpack:/src/app/services/ocr.service.spec.ts:95:55)
    at Generator.next (<anonymous>)
    at asyncGeneratorStep (http://localhost:9876/_karma_webpack_/webpack:/node_modules/@angular-devkit/build-angular/node_modules/@babel/runtime/helpers/esm/asyncToGenerator.js:3:1)
    at _next (http://localhost:9876/_karma_webpack_/webpack:/node_modules/@angular-devkit/build-angular/node_modules/@babel/runtime/helpers/esm/asyncToGenerator.js:17:1)
    at executor (http://localhost:9876/_karma_webpack_/webpack:/node_modules/@angular-devkit/build-angular/node_modules/@babel/runtime/helpers/esm/asyncToGenerator.js:22:1)
    at new ZoneAwarePromise (http://localhost:9876/_karma_webpack_/webpack:/node_modules/zone.js/fesm2015/zone.js:2702:25)
    at UserContext.apply (http://localhost:9876/_karma_webpack_/webpack:/node_modules/@angular-devkit/build-angular/node_modules/@babel/runtime/helpers/esm/asyncToGenerator.js:14:1)
    at _ZoneDelegate.invoke (http://localhost:9876/_karma_webpack_/webpack:/node_modules/zone.js/fesm2015/zone.js:369:28)
    at ProxyZoneSpec.onInvoke (http://localhost:9876/_karma_webpack_/webpack:/node_modules/zone.js/fesm2015/zone-testing.js:2081:39)
    at _ZoneDelegate.invoke (http://localhost:9876/_karma_webpack_/webpack:/node_modules/zone.js/fesm2015/zone.js:368:34)
[1A[2K[31mChrome Headless 140.0.0.0 (Mac OS 10.15.7) OCRService Worker Initialization should initialize Tesseract worker with Spanish and English FAILED[39m
	Error: Network error
	    at UserContext.<anonymous> (src/app/services/ocr.service.spec.ts:95:55)
	    at Generator.next (<anonymous>)
	    at asyncGeneratorStep (node_modules/@angular-devkit/build-angular/node_modules/@babel/runtime/helpers/esm/asyncToGenerator.js:3:1)
	    at _next (node_modules/@angular-devkit/build-angular/node_modules/@babel/runtime/helpers/esm/asyncToGenerator.js:17:1)
	    at executor (node_modules/@angular-devkit/build-angular/node_modules/@babel/runtime/helpers/esm/asyncToGenerator.js:22:1)
	    at new ZoneAwarePromise (node_modules/zone.js/fesm2015/zone.js:2702:25)
	    at UserContext.apply (node_modules/@angular-devkit/build-angular/node_modules/@babel/runtime/helpers/esm/asyncToGenerator.js:14:1)
	    at _ZoneDelegate.invoke (node_modules/zone.js/fesm2015/zone.js:369:28)
	    at ProxyZoneSpec.onInvoke (node_modules/zone.js/fesm2015/zone-testing.js:2081:39)
	    at _ZoneDelegate.invoke (node_modules/zone.js/fesm2015/zone.js:368:34)
Chrome Headless 140.0.0.0 (Mac OS 10.15.7): Executed 148 of 985[31m (46 FAILED)[39m (0 secs / 31.159 secs)
[1A[2KERROR: [36m'Error initializing OCR worker:', Error: Network error
Error: Network error
    at UserContext.<anonymous> (http://localhost:9876/_karma_webpack_/webpack:/src/app/services/ocr.service.spec.ts:95:55)
    at Generator.next (<anonymous>)
    at asyncGeneratorStep (http://localhost:9876/_karma_webpack_/webpack:/node_modules/@angular-devkit/build-angular/node_modules/@babel/runtime/helpers/esm/asyncToGenerator.js:3:1)
    at _next (http://localhost:9876/_karma_webpack_/webpack:/node_modules/@angular-devkit/build-angular/node_modules/@babel/runtime/helpers/esm/asyncToGenerator.js:17:1)
    at executor (http://localhost:9876/_karma_webpack_/webpack:/node_modules/@angular-devkit/build-angular/node_modules/@babel/runtime/helpers/esm/asyncToGenerator.js:22:1)
    at new ZoneAwarePromise (http://localhost:9876/_karma_webpack_/webpack:/node_modules/zone.js/fesm2015/zone.js:2702:25)
    at UserContext.apply (http://localhost:9876/_karma_webpack_/webpack:/node_modules/@angular-devkit/build-angular/node_modules/@babel/runtime/helpers/esm/asyncToGenerator.js:14:1)
    at _ZoneDelegate.invoke (http://localhost:9876/_karma_webpack_/webpack:/node_modules/zone.js/fesm2015/zone.js:369:28)
    at ProxyZoneSpec.onInvoke (http://localhost:9876/_karma_webpack_/webpack:/node_modules/zone.js/fesm2015/zone-testing.js:2081:39)
    at _ZoneDelegate.invoke (http://localhost:9876/_karma_webpack_/webpack:/node_modules/zone.js/fesm2015/zone.js:368:34)[39m
Chrome Headless 140.0.0.0 (Mac OS 10.15.7): Executed 148 of 985[31m (46 FAILED)[39m (0 secs / 31.159 secs)
ERROR: 'Error initializing OCR worker:', Error: Network error
Error: Network error
    at UserContext.<anonymous> (http://localhost:9876/_karma_webpack_/webpack:/src/app/services/ocr.service.spec.ts:95:55)
    at Generator.next (<anonymous>)
    at asyncGeneratorStep (http://localhost:9876/_karma_webpack_/webpack:/node_modules/@angular-devkit/build-angular/node_modules/@babel/runtime/helpers/esm/asyncToGenerator.js:3:1)
    at _next (http://localhost:9876/_karma_webpack_/webpack:/node_modules/@angular-devkit/build-angular/node_modules/@babel/runtime/helpers/esm/asyncToGenerator.js:17:1)
    at executor (http://localhost:9876/_karma_webpack_/webpack:/node_modules/@angular-devkit/build-angular/node_modules/@babel/runtime/helpers/esm/asyncToGenerator.js:22:1)
    at new ZoneAwarePromise (http://localhost:9876/_karma_webpack_/webpack:/node_modules/zone.js/fesm2015/zone.js:2702:25)
    at UserContext.apply (http://localhost:9876/_karma_webpack_/webpack:/node_modules/@angular-devkit/build-angular/node_modules/@babel/runtime/helpers/esm/asyncToGenerator.js:14:1)
    at _ZoneDelegate.invoke (http://localhost:9876/_karma_webpack_/webpack:/node_modules/zone.js/fesm2015/zone.js:369:28)
    at ProxyZoneSpec.onInvoke (http://localhost:9876/_karma_webpack_/webpack:/node_modules/zone.js/fesm2015/zone-testing.js:2081:39)
    at _ZoneDelegate.invoke (http://localhost:9876/_karma_webpack_/webpack:/node_modules/zone.js/fesm2015/zone.js:368:34)
[1A[2K[31mChrome Headless 140.0.0.0 (Mac OS 10.15.7) OCRService Worker Initialization should not reinitialize if already initialized FAILED[39m
	Error: Network error
	    at UserContext.<anonymous> (src/app/services/ocr.service.spec.ts:95:55)
	    at Generator.next (<anonymous>)
	    at asyncGeneratorStep (node_modules/@angular-devkit/build-angular/node_modules/@babel/runtime/helpers/esm/asyncToGenerator.js:3:1)
	    at _next (node_modules/@angular-devkit/build-angular/node_modules/@babel/runtime/helpers/esm/asyncToGenerator.js:17:1)
	    at executor (node_modules/@angular-devkit/build-angular/node_modules/@babel/runtime/helpers/esm/asyncToGenerator.js:22:1)
	    at new ZoneAwarePromise (node_modules/zone.js/fesm2015/zone.js:2702:25)
	    at UserContext.apply (node_modules/@angular-devkit/build-angular/node_modules/@babel/runtime/helpers/esm/asyncToGenerator.js:14:1)
	    at _ZoneDelegate.invoke (node_modules/zone.js/fesm2015/zone.js:369:28)
	    at ProxyZoneSpec.onInvoke (node_modules/zone.js/fesm2015/zone-testing.js:2081:39)
	    at _ZoneDelegate.invoke (node_modules/zone.js/fesm2015/zone.js:368:34)
Chrome Headless 140.0.0.0 (Mac OS 10.15.7): Executed 149 of 985[31m (47 FAILED)[39m (0 secs / 31.159 secs)
[1A[2KERROR: [36m'Error initializing OCR worker:', Error: Network error
Error: Network error
    at UserContext.<anonymous> (http://localhost:9876/_karma_webpack_/webpack:/src/app/services/ocr.service.spec.ts:95:55)
    at Generator.next (<anonymous>)
    at asyncGeneratorStep (http://localhost:9876/_karma_webpack_/webpack:/node_modules/@angular-devkit/build-angular/node_modules/@babel/runtime/helpers/esm/asyncToGenerator.js:3:1)
    at _next (http://localhost:9876/_karma_webpack_/webpack:/node_modules/@angular-devkit/build-angular/node_modules/@babel/runtime/helpers/esm/asyncToGenerator.js:17:1)
    at executor (http://localhost:9876/_karma_webpack_/webpack:/node_modules/@angular-devkit/build-angular/node_modules/@babel/runtime/helpers/esm/asyncToGenerator.js:22:1)
    at new ZoneAwarePromise (http://localhost:9876/_karma_webpack_/webpack:/node_modules/zone.js/fesm2015/zone.js:2702:25)
    at UserContext.apply (http://localhost:9876/_karma_webpack_/webpack:/node_modules/@angular-devkit/build-angular/node_modules/@babel/runtime/helpers/esm/asyncToGenerator.js:14:1)
    at _ZoneDelegate.invoke (http://localhost:9876/_karma_webpack_/webpack:/node_modules/zone.js/fesm2015/zone.js:369:28)
    at ProxyZoneSpec.onInvoke (http://localhost:9876/_karma_webpack_/webpack:/node_modules/zone.js/fesm2015/zone-testing.js:2081:39)
    at _ZoneDelegate.invoke (http://localhost:9876/_karma_webpack_/webpack:/node_modules/zone.js/fesm2015/zone.js:368:34)[39m
Chrome Headless 140.0.0.0 (Mac OS 10.15.7): Executed 149 of 985[31m (47 FAILED)[39m (0 secs / 31.159 secs)
ERROR: 'Error initializing OCR worker:', Error: Network error
Error: Network error
    at UserContext.<anonymous> (http://localhost:9876/_karma_webpack_/webpack:/src/app/services/ocr.service.spec.ts:95:55)
    at Generator.next (<anonymous>)
    at asyncGeneratorStep (http://localhost:9876/_karma_webpack_/webpack:/node_modules/@angular-devkit/build-angular/node_modules/@babel/runtime/helpers/esm/asyncToGenerator.js:3:1)
    at _next (http://localhost:9876/_karma_webpack_/webpack:/node_modules/@angular-devkit/build-angular/node_modules/@babel/runtime/helpers/esm/asyncToGenerator.js:17:1)
    at executor (http://localhost:9876/_karma_webpack_/webpack:/node_modules/@angular-devkit/build-angular/node_modules/@babel/runtime/helpers/esm/asyncToGenerator.js:22:1)
    at new ZoneAwarePromise (http://localhost:9876/_karma_webpack_/webpack:/node_modules/zone.js/fesm2015/zone.js:2702:25)
    at UserContext.apply (http://localhost:9876/_karma_webpack_/webpack:/node_modules/@angular-devkit/build-angular/node_modules/@babel/runtime/helpers/esm/asyncToGenerator.js:14:1)
    at _ZoneDelegate.invoke (http://localhost:9876/_karma_webpack_/webpack:/node_modules/zone.js/fesm2015/zone.js:369:28)
    at ProxyZoneSpec.onInvoke (http://localhost:9876/_karma_webpack_/webpack:/node_modules/zone.js/fesm2015/zone-testing.js:2081:39)
    at _ZoneDelegate.invoke (http://localhost:9876/_karma_webpack_/webpack:/node_modules/zone.js/fesm2015/zone.js:368:34)
[1A[2K[31mChrome Headless 140.0.0.0 (Mac OS 10.15.7) OCRService INE Data Extraction should extract CURP from INE text FAILED[39m
	Error: Network error
	    at UserContext.<anonymous> (src/app/services/ocr.service.spec.ts:95:55)
	    at Generator.next (<anonymous>)
	    at asyncGeneratorStep (node_modules/@angular-devkit/build-angular/node_modules/@babel/runtime/helpers/esm/asyncToGenerator.js:3:1)
	    at _next (node_modules/@angular-devkit/build-angular/node_modules/@babel/runtime/helpers/esm/asyncToGenerator.js:17:1)
	    at executor (node_modules/@angular-devkit/build-angular/node_modules/@babel/runtime/helpers/esm/asyncToGenerator.js:22:1)
	    at new ZoneAwarePromise (node_modules/zone.js/fesm2015/zone.js:2702:25)
	    at UserContext.apply (node_modules/@angular-devkit/build-angular/node_modules/@babel/runtime/helpers/esm/asyncToGenerator.js:14:1)
	    at _ZoneDelegate.invoke (node_modules/zone.js/fesm2015/zone.js:369:28)
	    at ProxyZoneSpec.onInvoke (node_modules/zone.js/fesm2015/zone-testing.js:2081:39)
	    at _ZoneDelegate.invoke (node_modules/zone.js/fesm2015/zone.js:368:34)
Chrome Headless 140.0.0.0 (Mac OS 10.15.7): Executed 150 of 985[31m (48 FAILED)[39m (0 secs / 31.159 secs)
[1A[2KERROR: [36m'Error initializing OCR worker:', Error: Network error
Error: Network error
    at UserContext.<anonymous> (http://localhost:9876/_karma_webpack_/webpack:/src/app/services/ocr.service.spec.ts:95:55)
    at Generator.next (<anonymous>)
    at asyncGeneratorStep (http://localhost:9876/_karma_webpack_/webpack:/node_modules/@angular-devkit/build-angular/node_modules/@babel/runtime/helpers/esm/asyncToGenerator.js:3:1)
    at _next (http://localhost:9876/_karma_webpack_/webpack:/node_modules/@angular-devkit/build-angular/node_modules/@babel/runtime/helpers/esm/asyncToGenerator.js:17:1)
    at executor (http://localhost:9876/_karma_webpack_/webpack:/node_modules/@angular-devkit/build-angular/node_modules/@babel/runtime/helpers/esm/asyncToGenerator.js:22:1)
    at new ZoneAwarePromise (http://localhost:9876/_karma_webpack_/webpack:/node_modules/zone.js/fesm2015/zone.js:2702:25)
    at UserContext.apply (http://localhost:9876/_karma_webpack_/webpack:/node_modules/@angular-devkit/build-angular/node_modules/@babel/runtime/helpers/esm/asyncToGenerator.js:14:1)
    at _ZoneDelegate.invoke (http://localhost:9876/_karma_webpack_/webpack:/node_modules/zone.js/fesm2015/zone.js:369:28)
    at ProxyZoneSpec.onInvoke (http://localhost:9876/_karma_webpack_/webpack:/node_modules/zone.js/fesm2015/zone-testing.js:2081:39)
    at _ZoneDelegate.invoke (http://localhost:9876/_karma_webpack_/webpack:/node_modules/zone.js/fesm2015/zone.js:368:34)[39m
Chrome Headless 140.0.0.0 (Mac OS 10.15.7): Executed 150 of 985[31m (48 FAILED)[39m (0 secs / 31.159 secs)
ERROR: 'Error initializing OCR worker:', Error: Network error
Error: Network error
    at UserContext.<anonymous> (http://localhost:9876/_karma_webpack_/webpack:/src/app/services/ocr.service.spec.ts:95:55)
    at Generator.next (<anonymous>)
    at asyncGeneratorStep (http://localhost:9876/_karma_webpack_/webpack:/node_modules/@angular-devkit/build-angular/node_modules/@babel/runtime/helpers/esm/asyncToGenerator.js:3:1)
    at _next (http://localhost:9876/_karma_webpack_/webpack:/node_modules/@angular-devkit/build-angular/node_modules/@babel/runtime/helpers/esm/asyncToGenerator.js:17:1)
    at executor (http://localhost:9876/_karma_webpack_/webpack:/node_modules/@angular-devkit/build-angular/node_modules/@babel/runtime/helpers/esm/asyncToGenerator.js:22:1)
    at new ZoneAwarePromise (http://localhost:9876/_karma_webpack_/webpack:/node_modules/zone.js/fesm2015/zone.js:2702:25)
    at UserContext.apply (http://localhost:9876/_karma_webpack_/webpack:/node_modules/@angular-devkit/build-angular/node_modules/@babel/runtime/helpers/esm/asyncToGenerator.js:14:1)
    at _ZoneDelegate.invoke (http://localhost:9876/_karma_webpack_/webpack:/node_modules/zone.js/fesm2015/zone.js:369:28)
    at ProxyZoneSpec.onInvoke (http://localhost:9876/_karma_webpack_/webpack:/node_modules/zone.js/fesm2015/zone-testing.js:2081:39)
    at _ZoneDelegate.invoke (http://localhost:9876/_karma_webpack_/webpack:/node_modules/zone.js/fesm2015/zone.js:368:34)
[1A[2K[31mChrome Headless 140.0.0.0 (Mac OS 10.15.7) OCRService INE Data Extraction should extract birth date from INE text FAILED[39m
	Error: Network error
	    at UserContext.<anonymous> (src/app/services/ocr.service.spec.ts:95:55)
	    at Generator.next (<anonymous>)
	    at asyncGeneratorStep (node_modules/@angular-devkit/build-angular/node_modules/@babel/runtime/helpers/esm/asyncToGenerator.js:3:1)
	    at _next (node_modules/@angular-devkit/build-angular/node_modules/@babel/runtime/helpers/esm/asyncToGenerator.js:17:1)
	    at executor (node_modules/@angular-devkit/build-angular/node_modules/@babel/runtime/helpers/esm/asyncToGenerator.js:22:1)
	    at new ZoneAwarePromise (node_modules/zone.js/fesm2015/zone.js:2702:25)
	    at UserContext.apply (node_modules/@angular-devkit/build-angular/node_modules/@babel/runtime/helpers/esm/asyncToGenerator.js:14:1)
	    at _ZoneDelegate.invoke (node_modules/zone.js/fesm2015/zone.js:369:28)
	    at ProxyZoneSpec.onInvoke (node_modules/zone.js/fesm2015/zone-testing.js:2081:39)
	    at _ZoneDelegate.invoke (node_modules/zone.js/fesm2015/zone.js:368:34)
Chrome Headless 140.0.0.0 (Mac OS 10.15.7): Executed 151 of 985[31m (49 FAILED)[39m (0 secs / 31.16 secs)
[1A[2KERROR: [36m'Error initializing OCR worker:', Error: Network error
Error: Network error
    at UserContext.<anonymous> (http://localhost:9876/_karma_webpack_/webpack:/src/app/services/ocr.service.spec.ts:95:55)
    at Generator.next (<anonymous>)
    at asyncGeneratorStep (http://localhost:9876/_karma_webpack_/webpack:/node_modules/@angular-devkit/build-angular/node_modules/@babel/runtime/helpers/esm/asyncToGenerator.js:3:1)
    at _next (http://localhost:9876/_karma_webpack_/webpack:/node_modules/@angular-devkit/build-angular/node_modules/@babel/runtime/helpers/esm/asyncToGenerator.js:17:1)
    at executor (http://localhost:9876/_karma_webpack_/webpack:/node_modules/@angular-devkit/build-angular/node_modules/@babel/runtime/helpers/esm/asyncToGenerator.js:22:1)
    at new ZoneAwarePromise (http://localhost:9876/_karma_webpack_/webpack:/node_modules/zone.js/fesm2015/zone.js:2702:25)
    at UserContext.apply (http://localhost:9876/_karma_webpack_/webpack:/node_modules/@angular-devkit/build-angular/node_modules/@babel/runtime/helpers/esm/asyncToGenerator.js:14:1)
    at _ZoneDelegate.invoke (http://localhost:9876/_karma_webpack_/webpack:/node_modules/zone.js/fesm2015/zone.js:369:28)
    at ProxyZoneSpec.onInvoke (http://localhost:9876/_karma_webpack_/webpack:/node_modules/zone.js/fesm2015/zone-testing.js:2081:39)
    at _ZoneDelegate.invoke (http://localhost:9876/_karma_webpack_/webpack:/node_modules/zone.js/fesm2015/zone.js:368:34)[39m
Chrome Headless 140.0.0.0 (Mac OS 10.15.7): Executed 151 of 985[31m (49 FAILED)[39m (0 secs / 31.16 secs)
ERROR: 'Error initializing OCR worker:', Error: Network error
Error: Network error
    at UserContext.<anonymous> (http://localhost:9876/_karma_webpack_/webpack:/src/app/services/ocr.service.spec.ts:95:55)
    at Generator.next (<anonymous>)
    at asyncGeneratorStep (http://localhost:9876/_karma_webpack_/webpack:/node_modules/@angular-devkit/build-angular/node_modules/@babel/runtime/helpers/esm/asyncToGenerator.js:3:1)
    at _next (http://localhost:9876/_karma_webpack_/webpack:/node_modules/@angular-devkit/build-angular/node_modules/@babel/runtime/helpers/esm/asyncToGenerator.js:17:1)
    at executor (http://localhost:9876/_karma_webpack_/webpack:/node_modules/@angular-devkit/build-angular/node_modules/@babel/runtime/helpers/esm/asyncToGenerator.js:22:1)
    at new ZoneAwarePromise (http://localhost:9876/_karma_webpack_/webpack:/node_modules/zone.js/fesm2015/zone.js:2702:25)
    at UserContext.apply (http://localhost:9876/_karma_webpack_/webpack:/node_modules/@angular-devkit/build-angular/node_modules/@babel/runtime/helpers/esm/asyncToGenerator.js:14:1)
    at _ZoneDelegate.invoke (http://localhost:9876/_karma_webpack_/webpack:/node_modules/zone.js/fesm2015/zone.js:369:28)
    at ProxyZoneSpec.onInvoke (http://localhost:9876/_karma_webpack_/webpack:/node_modules/zone.js/fesm2015/zone-testing.js:2081:39)
    at _ZoneDelegate.invoke (http://localhost:9876/_karma_webpack_/webpack:/node_modules/zone.js/fesm2015/zone.js:368:34)
[1A[2K[31mChrome Headless 140.0.0.0 (Mac OS 10.15.7) OCRService INE Data Extraction should extract name from INE text FAILED[39m
	Error: Network error
	    at UserContext.<anonymous> (src/app/services/ocr.service.spec.ts:95:55)
	    at Generator.next (<anonymous>)
	    at asyncGeneratorStep (node_modules/@angular-devkit/build-angular/node_modules/@babel/runtime/helpers/esm/asyncToGenerator.js:3:1)
	    at _next (node_modules/@angular-devkit/build-angular/node_modules/@babel/runtime/helpers/esm/asyncToGenerator.js:17:1)
	    at executor (node_modules/@angular-devkit/build-angular/node_modules/@babel/runtime/helpers/esm/asyncToGenerator.js:22:1)
	    at new ZoneAwarePromise (node_modules/zone.js/fesm2015/zone.js:2702:25)
	    at UserContext.apply (node_modules/@angular-devkit/build-angular/node_modules/@babel/runtime/helpers/esm/asyncToGenerator.js:14:1)
	    at _ZoneDelegate.invoke (node_modules/zone.js/fesm2015/zone.js:369:28)
	    at ProxyZoneSpec.onInvoke (node_modules/zone.js/fesm2015/zone-testing.js:2081:39)
	    at _ZoneDelegate.invoke (node_modules/zone.js/fesm2015/zone.js:368:34)
Chrome Headless 140.0.0.0 (Mac OS 10.15.7): Executed 152 of 985[31m (50 FAILED)[39m (0 secs / 31.16 secs)
[1A[2KERROR: [36m'Error initializing OCR worker:', Error: Network error
Error: Network error
    at UserContext.<anonymous> (http://localhost:9876/_karma_webpack_/webpack:/src/app/services/ocr.service.spec.ts:95:55)
    at Generator.next (<anonymous>)
    at asyncGeneratorStep (http://localhost:9876/_karma_webpack_/webpack:/node_modules/@angular-devkit/build-angular/node_modules/@babel/runtime/helpers/esm/asyncToGenerator.js:3:1)
    at _next (http://localhost:9876/_karma_webpack_/webpack:/node_modules/@angular-devkit/build-angular/node_modules/@babel/runtime/helpers/esm/asyncToGenerator.js:17:1)
    at executor (http://localhost:9876/_karma_webpack_/webpack:/node_modules/@angular-devkit/build-angular/node_modules/@babel/runtime/helpers/esm/asyncToGenerator.js:22:1)
    at new ZoneAwarePromise (http://localhost:9876/_karma_webpack_/webpack:/node_modules/zone.js/fesm2015/zone.js:2702:25)
    at UserContext.apply (http://localhost:9876/_karma_webpack_/webpack:/node_modules/@angular-devkit/build-angular/node_modules/@babel/runtime/helpers/esm/asyncToGenerator.js:14:1)
    at _ZoneDelegate.invoke (http://localhost:9876/_karma_webpack_/webpack:/node_modules/zone.js/fesm2015/zone.js:369:28)
    at ProxyZoneSpec.onInvoke (http://localhost:9876/_karma_webpack_/webpack:/node_modules/zone.js/fesm2015/zone-testing.js:2081:39)
    at _ZoneDelegate.invoke (http://localhost:9876/_karma_webpack_/webpack:/node_modules/zone.js/fesm2015/zone.js:368:34)[39m
Chrome Headless 140.0.0.0 (Mac OS 10.15.7): Executed 152 of 985[31m (50 FAILED)[39m (0 secs / 31.16 secs)
ERROR: 'Error initializing OCR worker:', Error: Network error
Error: Network error
    at UserContext.<anonymous> (http://localhost:9876/_karma_webpack_/webpack:/src/app/services/ocr.service.spec.ts:95:55)
    at Generator.next (<anonymous>)
    at asyncGeneratorStep (http://localhost:9876/_karma_webpack_/webpack:/node_modules/@angular-devkit/build-angular/node_modules/@babel/runtime/helpers/esm/asyncToGenerator.js:3:1)
    at _next (http://localhost:9876/_karma_webpack_/webpack:/node_modules/@angular-devkit/build-angular/node_modules/@babel/runtime/helpers/esm/asyncToGenerator.js:17:1)
    at executor (http://localhost:9876/_karma_webpack_/webpack:/node_modules/@angular-devkit/build-angular/node_modules/@babel/runtime/helpers/esm/asyncToGenerator.js:22:1)
    at new ZoneAwarePromise (http://localhost:9876/_karma_webpack_/webpack:/node_modules/zone.js/fesm2015/zone.js:2702:25)
    at UserContext.apply (http://localhost:9876/_karma_webpack_/webpack:/node_modules/@angular-devkit/build-angular/node_modules/@babel/runtime/helpers/esm/asyncToGenerator.js:14:1)
    at _ZoneDelegate.invoke (http://localhost:9876/_karma_webpack_/webpack:/node_modules/zone.js/fesm2015/zone.js:369:28)
    at ProxyZoneSpec.onInvoke (http://localhost:9876/_karma_webpack_/webpack:/node_modules/zone.js/fesm2015/zone-testing.js:2081:39)
    at _ZoneDelegate.invoke (http://localhost:9876/_karma_webpack_/webpack:/node_modules/zone.js/fesm2015/zone.js:368:34)
[1A[2K[31mChrome Headless 140.0.0.0 (Mac OS 10.15.7) OCRService Tarjeta de Circulación Data Extraction should extract model and year FAILED[39m
	Error: Network error
	    at UserContext.<anonymous> (src/app/services/ocr.service.spec.ts:95:55)
	    at Generator.next (<anonymous>)
	    at asyncGeneratorStep (node_modules/@angular-devkit/build-angular/node_modules/@babel/runtime/helpers/esm/asyncToGenerator.js:3:1)
	    at _next (node_modules/@angular-devkit/build-angular/node_modules/@babel/runtime/helpers/esm/asyncToGenerator.js:17:1)
	    at executor (node_modules/@angular-devkit/build-angular/node_modules/@babel/runtime/helpers/esm/asyncToGenerator.js:22:1)
	    at new ZoneAwarePromise (node_modules/zone.js/fesm2015/zone.js:2702:25)
	    at UserContext.apply (node_modules/@angular-devkit/build-angular/node_modules/@babel/runtime/helpers/esm/asyncToGenerator.js:14:1)
	    at _ZoneDelegate.invoke (node_modules/zone.js/fesm2015/zone.js:369:28)
	    at ProxyZoneSpec.onInvoke (node_modules/zone.js/fesm2015/zone-testing.js:2081:39)
	    at _ZoneDelegate.invoke (node_modules/zone.js/fesm2015/zone.js:368:34)
Chrome Headless 140.0.0.0 (Mac OS 10.15.7): Executed 153 of 985[31m (51 FAILED)[39m (0 secs / 31.16 secs)
[1A[2KERROR: [36m'Error initializing OCR worker:', Error: Network error
Error: Network error
    at UserContext.<anonymous> (http://localhost:9876/_karma_webpack_/webpack:/src/app/services/ocr.service.spec.ts:95:55)
    at Generator.next (<anonymous>)
    at asyncGeneratorStep (http://localhost:9876/_karma_webpack_/webpack:/node_modules/@angular-devkit/build-angular/node_modules/@babel/runtime/helpers/esm/asyncToGenerator.js:3:1)
    at _next (http://localhost:9876/_karma_webpack_/webpack:/node_modules/@angular-devkit/build-angular/node_modules/@babel/runtime/helpers/esm/asyncToGenerator.js:17:1)
    at executor (http://localhost:9876/_karma_webpack_/webpack:/node_modules/@angular-devkit/build-angular/node_modules/@babel/runtime/helpers/esm/asyncToGenerator.js:22:1)
    at new ZoneAwarePromise (http://localhost:9876/_karma_webpack_/webpack:/node_modules/zone.js/fesm2015/zone.js:2702:25)
    at UserContext.apply (http://localhost:9876/_karma_webpack_/webpack:/node_modules/@angular-devkit/build-angular/node_modules/@babel/runtime/helpers/esm/asyncToGenerator.js:14:1)
    at _ZoneDelegate.invoke (http://localhost:9876/_karma_webpack_/webpack:/node_modules/zone.js/fesm2015/zone.js:369:28)
    at ProxyZoneSpec.onInvoke (http://localhost:9876/_karma_webpack_/webpack:/node_modules/zone.js/fesm2015/zone-testing.js:2081:39)
    at _ZoneDelegate.invoke (http://localhost:9876/_karma_webpack_/webpack:/node_modules/zone.js/fesm2015/zone.js:368:34)[39m
Chrome Headless 140.0.0.0 (Mac OS 10.15.7): Executed 153 of 985[31m (51 FAILED)[39m (0 secs / 31.16 secs)
ERROR: 'Error initializing OCR worker:', Error: Network error
Error: Network error
    at UserContext.<anonymous> (http://localhost:9876/_karma_webpack_/webpack:/src/app/services/ocr.service.spec.ts:95:55)
    at Generator.next (<anonymous>)
    at asyncGeneratorStep (http://localhost:9876/_karma_webpack_/webpack:/node_modules/@angular-devkit/build-angular/node_modules/@babel/runtime/helpers/esm/asyncToGenerator.js:3:1)
    at _next (http://localhost:9876/_karma_webpack_/webpack:/node_modules/@angular-devkit/build-angular/node_modules/@babel/runtime/helpers/esm/asyncToGenerator.js:17:1)
    at executor (http://localhost:9876/_karma_webpack_/webpack:/node_modules/@angular-devkit/build-angular/node_modules/@babel/runtime/helpers/esm/asyncToGenerator.js:22:1)
    at new ZoneAwarePromise (http://localhost:9876/_karma_webpack_/webpack:/node_modules/zone.js/fesm2015/zone.js:2702:25)
    at UserContext.apply (http://localhost:9876/_karma_webpack_/webpack:/node_modules/@angular-devkit/build-angular/node_modules/@babel/runtime/helpers/esm/asyncToGenerator.js:14:1)
    at _ZoneDelegate.invoke (http://localhost:9876/_karma_webpack_/webpack:/node_modules/zone.js/fesm2015/zone.js:369:28)
    at ProxyZoneSpec.onInvoke (http://localhost:9876/_karma_webpack_/webpack:/node_modules/zone.js/fesm2015/zone-testing.js:2081:39)
    at _ZoneDelegate.invoke (http://localhost:9876/_karma_webpack_/webpack:/node_modules/zone.js/fesm2015/zone.js:368:34)
[1A[2K[31mChrome Headless 140.0.0.0 (Mac OS 10.15.7) OCRService Tarjeta de Circulación Data Extraction should extract vehicle brand FAILED[39m
	Error: Network error
	    at UserContext.<anonymous> (src/app/services/ocr.service.spec.ts:95:55)
	    at Generator.next (<anonymous>)
	    at asyncGeneratorStep (node_modules/@angular-devkit/build-angular/node_modules/@babel/runtime/helpers/esm/asyncToGenerator.js:3:1)
	    at _next (node_modules/@angular-devkit/build-angular/node_modules/@babel/runtime/helpers/esm/asyncToGenerator.js:17:1)
	    at executor (node_modules/@angular-devkit/build-angular/node_modules/@babel/runtime/helpers/esm/asyncToGenerator.js:22:1)
	    at new ZoneAwarePromise (node_modules/zone.js/fesm2015/zone.js:2702:25)
	    at UserContext.apply (node_modules/@angular-devkit/build-angular/node_modules/@babel/runtime/helpers/esm/asyncToGenerator.js:14:1)
	    at _ZoneDelegate.invoke (node_modules/zone.js/fesm2015/zone.js:369:28)
	    at ProxyZoneSpec.onInvoke (node_modules/zone.js/fesm2015/zone-testing.js:2081:39)
	    at _ZoneDelegate.invoke (node_modules/zone.js/fesm2015/zone.js:368:34)
Chrome Headless 140.0.0.0 (Mac OS 10.15.7): Executed 154 of 985[31m (52 FAILED)[39m (0 secs / 31.161 secs)
[1A[2KERROR: [36m'Error initializing OCR worker:', Error: Network error
Error: Network error
    at UserContext.<anonymous> (http://localhost:9876/_karma_webpack_/webpack:/src/app/services/ocr.service.spec.ts:95:55)
    at Generator.next (<anonymous>)
    at asyncGeneratorStep (http://localhost:9876/_karma_webpack_/webpack:/node_modules/@angular-devkit/build-angular/node_modules/@babel/runtime/helpers/esm/asyncToGenerator.js:3:1)
    at _next (http://localhost:9876/_karma_webpack_/webpack:/node_modules/@angular-devkit/build-angular/node_modules/@babel/runtime/helpers/esm/asyncToGenerator.js:17:1)
    at executor (http://localhost:9876/_karma_webpack_/webpack:/node_modules/@angular-devkit/build-angular/node_modules/@babel/runtime/helpers/esm/asyncToGenerator.js:22:1)
    at new ZoneAwarePromise (http://localhost:9876/_karma_webpack_/webpack:/node_modules/zone.js/fesm2015/zone.js:2702:25)
    at UserContext.apply (http://localhost:9876/_karma_webpack_/webpack:/node_modules/@angular-devkit/build-angular/node_modules/@babel/runtime/helpers/esm/asyncToGenerator.js:14:1)
    at _ZoneDelegate.invoke (http://localhost:9876/_karma_webpack_/webpack:/node_modules/zone.js/fesm2015/zone.js:369:28)
    at ProxyZoneSpec.onInvoke (http://localhost:9876/_karma_webpack_/webpack:/node_modules/zone.js/fesm2015/zone-testing.js:2081:39)
    at _ZoneDelegate.invoke (http://localhost:9876/_karma_webpack_/webpack:/node_modules/zone.js/fesm2015/zone.js:368:34)[39m
Chrome Headless 140.0.0.0 (Mac OS 10.15.7): Executed 154 of 985[31m (52 FAILED)[39m (0 secs / 31.161 secs)
ERROR: 'Error initializing OCR worker:', Error: Network error
Error: Network error
    at UserContext.<anonymous> (http://localhost:9876/_karma_webpack_/webpack:/src/app/services/ocr.service.spec.ts:95:55)
    at Generator.next (<anonymous>)
    at asyncGeneratorStep (http://localhost:9876/_karma_webpack_/webpack:/node_modules/@angular-devkit/build-angular/node_modules/@babel/runtime/helpers/esm/asyncToGenerator.js:3:1)
    at _next (http://localhost:9876/_karma_webpack_/webpack:/node_modules/@angular-devkit/build-angular/node_modules/@babel/runtime/helpers/esm/asyncToGenerator.js:17:1)
    at executor (http://localhost:9876/_karma_webpack_/webpack:/node_modules/@angular-devkit/build-angular/node_modules/@babel/runtime/helpers/esm/asyncToGenerator.js:22:1)
    at new ZoneAwarePromise (http://localhost:9876/_karma_webpack_/webpack:/node_modules/zone.js/fesm2015/zone.js:2702:25)
    at UserContext.apply (http://localhost:9876/_karma_webpack_/webpack:/node_modules/@angular-devkit/build-angular/node_modules/@babel/runtime/helpers/esm/asyncToGenerator.js:14:1)
    at _ZoneDelegate.invoke (http://localhost:9876/_karma_webpack_/webpack:/node_modules/zone.js/fesm2015/zone.js:369:28)
    at ProxyZoneSpec.onInvoke (http://localhost:9876/_karma_webpack_/webpack:/node_modules/zone.js/fesm2015/zone-testing.js:2081:39)
    at _ZoneDelegate.invoke (http://localhost:9876/_karma_webpack_/webpack:/node_modules/zone.js/fesm2015/zone.js:368:34)
[1A[2K[31mChrome Headless 140.0.0.0 (Mac OS 10.15.7) OCRService Tarjeta de Circulación Data Extraction should extract license plates FAILED[39m
	Error: Network error
	    at UserContext.<anonymous> (src/app/services/ocr.service.spec.ts:95:55)
	    at Generator.next (<anonymous>)
	    at asyncGeneratorStep (node_modules/@angular-devkit/build-angular/node_modules/@babel/runtime/helpers/esm/asyncToGenerator.js:3:1)
	    at _next (node_modules/@angular-devkit/build-angular/node_modules/@babel/runtime/helpers/esm/asyncToGenerator.js:17:1)
	    at executor (node_modules/@angular-devkit/build-angular/node_modules/@babel/runtime/helpers/esm/asyncToGenerator.js:22:1)
	    at new ZoneAwarePromise (node_modules/zone.js/fesm2015/zone.js:2702:25)
	    at UserContext.apply (node_modules/@angular-devkit/build-angular/node_modules/@babel/runtime/helpers/esm/asyncToGenerator.js:14:1)
	    at _ZoneDelegate.invoke (node_modules/zone.js/fesm2015/zone.js:369:28)
	    at ProxyZoneSpec.onInvoke (node_modules/zone.js/fesm2015/zone-testing.js:2081:39)
	    at _ZoneDelegate.invoke (node_modules/zone.js/fesm2015/zone.js:368:34)
Chrome Headless 140.0.0.0 (Mac OS 10.15.7): Executed 155 of 985[31m (53 FAILED)[39m (0 secs / 31.161 secs)
[1A[2KERROR: [36m'Error initializing OCR worker:', Error: Network error
Error: Network error
    at UserContext.<anonymous> (http://localhost:9876/_karma_webpack_/webpack:/src/app/services/ocr.service.spec.ts:95:55)
    at Generator.next (<anonymous>)
    at asyncGeneratorStep (http://localhost:9876/_karma_webpack_/webpack:/node_modules/@angular-devkit/build-angular/node_modules/@babel/runtime/helpers/esm/asyncToGenerator.js:3:1)
    at _next (http://localhost:9876/_karma_webpack_/webpack:/node_modules/@angular-devkit/build-angular/node_modules/@babel/runtime/helpers/esm/asyncToGenerator.js:17:1)
    at executor (http://localhost:9876/_karma_webpack_/webpack:/node_modules/@angular-devkit/build-angular/node_modules/@babel/runtime/helpers/esm/asyncToGenerator.js:22:1)
    at new ZoneAwarePromise (http://localhost:9876/_karma_webpack_/webpack:/node_modules/zone.js/fesm2015/zone.js:2702:25)
    at UserContext.apply (http://localhost:9876/_karma_webpack_/webpack:/node_modules/@angular-devkit/build-angular/node_modules/@babel/runtime/helpers/esm/asyncToGenerator.js:14:1)
    at _ZoneDelegate.invoke (http://localhost:9876/_karma_webpack_/webpack:/node_modules/zone.js/fesm2015/zone.js:369:28)
    at ProxyZoneSpec.onInvoke (http://localhost:9876/_karma_webpack_/webpack:/node_modules/zone.js/fesm2015/zone-testing.js:2081:39)
    at _ZoneDelegate.invoke (http://localhost:9876/_karma_webpack_/webpack:/node_modules/zone.js/fesm2015/zone.js:368:34)[39m
Chrome Headless 140.0.0.0 (Mac OS 10.15.7): Executed 155 of 985[31m (53 FAILED)[39m (0 secs / 31.161 secs)
ERROR: 'Error initializing OCR worker:', Error: Network error
Error: Network error
    at UserContext.<anonymous> (http://localhost:9876/_karma_webpack_/webpack:/src/app/services/ocr.service.spec.ts:95:55)
    at Generator.next (<anonymous>)
    at asyncGeneratorStep (http://localhost:9876/_karma_webpack_/webpack:/node_modules/@angular-devkit/build-angular/node_modules/@babel/runtime/helpers/esm/asyncToGenerator.js:3:1)
    at _next (http://localhost:9876/_karma_webpack_/webpack:/node_modules/@angular-devkit/build-angular/node_modules/@babel/runtime/helpers/esm/asyncToGenerator.js:17:1)
    at executor (http://localhost:9876/_karma_webpack_/webpack:/node_modules/@angular-devkit/build-angular/node_modules/@babel/runtime/helpers/esm/asyncToGenerator.js:22:1)
    at new ZoneAwarePromise (http://localhost:9876/_karma_webpack_/webpack:/node_modules/zone.js/fesm2015/zone.js:2702:25)
    at UserContext.apply (http://localhost:9876/_karma_webpack_/webpack:/node_modules/@angular-devkit/build-angular/node_modules/@babel/runtime/helpers/esm/asyncToGenerator.js:14:1)
    at _ZoneDelegate.invoke (http://localhost:9876/_karma_webpack_/webpack:/node_modules/zone.js/fesm2015/zone.js:369:28)
    at ProxyZoneSpec.onInvoke (http://localhost:9876/_karma_webpack_/webpack:/node_modules/zone.js/fesm2015/zone-testing.js:2081:39)
    at _ZoneDelegate.invoke (http://localhost:9876/_karma_webpack_/webpack:/node_modules/zone.js/fesm2015/zone.js:368:34)
[1A[2K[31mChrome Headless 140.0.0.0 (Mac OS 10.15.7) OCRService Worker Management should reinitialize worker after termination FAILED[39m
	Error: Network error
	    at UserContext.<anonymous> (src/app/services/ocr.service.spec.ts:95:55)
	    at Generator.next (<anonymous>)
	    at asyncGeneratorStep (node_modules/@angular-devkit/build-angular/node_modules/@babel/runtime/helpers/esm/asyncToGenerator.js:3:1)
	    at _next (node_modules/@angular-devkit/build-angular/node_modules/@babel/runtime/helpers/esm/asyncToGenerator.js:17:1)
	    at executor (node_modules/@angular-devkit/build-angular/node_modules/@babel/runtime/helpers/esm/asyncToGenerator.js:22:1)
	    at new ZoneAwarePromise (node_modules/zone.js/fesm2015/zone.js:2702:25)
	    at UserContext.apply (node_modules/@angular-devkit/build-angular/node_modules/@babel/runtime/helpers/esm/asyncToGenerator.js:14:1)
	    at _ZoneDelegate.invoke (node_modules/zone.js/fesm2015/zone.js:369:28)
	    at ProxyZoneSpec.onInvoke (node_modules/zone.js/fesm2015/zone-testing.js:2081:39)
	    at _ZoneDelegate.invoke (node_modules/zone.js/fesm2015/zone.js:368:34)
Chrome Headless 140.0.0.0 (Mac OS 10.15.7): Executed 156 of 985[31m (54 FAILED)[39m (0 secs / 31.162 secs)
[1A[2KChrome Headless 140.0.0.0 (Mac OS 10.15.7): Executed 157 of 985[31m (54 FAILED)[39m (0 secs / 31.162 secs)
[1A[2KERROR: [36m'Error initializing OCR worker:', Error: Network error
Error: Network error
    at UserContext.<anonymous> (http://localhost:9876/_karma_webpack_/webpack:/src/app/services/ocr.service.spec.ts:95:55)
    at Generator.next (<anonymous>)
    at asyncGeneratorStep (http://localhost:9876/_karma_webpack_/webpack:/node_modules/@angular-devkit/build-angular/node_modules/@babel/runtime/helpers/esm/asyncToGenerator.js:3:1)
    at _next (http://localhost:9876/_karma_webpack_/webpack:/node_modules/@angular-devkit/build-angular/node_modules/@babel/runtime/helpers/esm/asyncToGenerator.js:17:1)
    at executor (http://localhost:9876/_karma_webpack_/webpack:/node_modules/@angular-devkit/build-angular/node_modules/@babel/runtime/helpers/esm/asyncToGenerator.js:22:1)
    at new ZoneAwarePromise (http://localhost:9876/_karma_webpack_/webpack:/node_modules/zone.js/fesm2015/zone.js:2702:25)
    at UserContext.apply (http://localhost:9876/_karma_webpack_/webpack:/node_modules/@angular-devkit/build-angular/node_modules/@babel/runtime/helpers/esm/asyncToGenerator.js:14:1)
    at _ZoneDelegate.invoke (http://localhost:9876/_karma_webpack_/webpack:/node_modules/zone.js/fesm2015/zone.js:369:28)
    at ProxyZoneSpec.onInvoke (http://localhost:9876/_karma_webpack_/webpack:/node_modules/zone.js/fesm2015/zone-testing.js:2081:39)
    at _ZoneDelegate.invoke (http://localhost:9876/_karma_webpack_/webpack:/node_modules/zone.js/fesm2015/zone.js:368:34)[39m
Chrome Headless 140.0.0.0 (Mac OS 10.15.7): Executed 157 of 985[31m (54 FAILED)[39m (0 secs / 31.162 secs)
ERROR: 'Error initializing OCR worker:', Error: Network error
Error: Network error
    at UserContext.<anonymous> (http://localhost:9876/_karma_webpack_/webpack:/src/app/services/ocr.service.spec.ts:95:55)
    at Generator.next (<anonymous>)
    at asyncGeneratorStep (http://localhost:9876/_karma_webpack_/webpack:/node_modules/@angular-devkit/build-angular/node_modules/@babel/runtime/helpers/esm/asyncToGenerator.js:3:1)
    at _next (http://localhost:9876/_karma_webpack_/webpack:/node_modules/@angular-devkit/build-angular/node_modules/@babel/runtime/helpers/esm/asyncToGenerator.js:17:1)
    at executor (http://localhost:9876/_karma_webpack_/webpack:/node_modules/@angular-devkit/build-angular/node_modules/@babel/runtime/helpers/esm/asyncToGenerator.js:22:1)
    at new ZoneAwarePromise (http://localhost:9876/_karma_webpack_/webpack:/node_modules/zone.js/fesm2015/zone.js:2702:25)
    at UserContext.apply (http://localhost:9876/_karma_webpack_/webpack:/node_modules/@angular-devkit/build-angular/node_modules/@babel/runtime/helpers/esm/asyncToGenerator.js:14:1)
    at _ZoneDelegate.invoke (http://localhost:9876/_karma_webpack_/webpack:/node_modules/zone.js/fesm2015/zone.js:369:28)
    at ProxyZoneSpec.onInvoke (http://localhost:9876/_karma_webpack_/webpack:/node_modules/zone.js/fesm2015/zone-testing.js:2081:39)
    at _ZoneDelegate.invoke (http://localhost:9876/_karma_webpack_/webpack:/node_modules/zone.js/fesm2015/zone.js:368:34)
[1A[2K[31mChrome Headless 140.0.0.0 (Mac OS 10.15.7) OCRService Worker Management should terminate worker properly FAILED[39m
	Error: Network error
	    at UserContext.<anonymous> (src/app/services/ocr.service.spec.ts:95:55)
	    at Generator.next (<anonymous>)
	    at asyncGeneratorStep (node_modules/@angular-devkit/build-angular/node_modules/@babel/runtime/helpers/esm/asyncToGenerator.js:3:1)
	    at _next (node_modules/@angular-devkit/build-angular/node_modules/@babel/runtime/helpers/esm/asyncToGenerator.js:17:1)
	    at executor (node_modules/@angular-devkit/build-angular/node_modules/@babel/runtime/helpers/esm/asyncToGenerator.js:22:1)
	    at new ZoneAwarePromise (node_modules/zone.js/fesm2015/zone.js:2702:25)
	    at UserContext.apply (node_modules/@angular-devkit/build-angular/node_modules/@babel/runtime/helpers/esm/asyncToGenerator.js:14:1)
	    at _ZoneDelegate.invoke (node_modules/zone.js/fesm2015/zone.js:369:28)
	    at ProxyZoneSpec.onInvoke (node_modules/zone.js/fesm2015/zone-testing.js:2081:39)
	    at _ZoneDelegate.invoke (node_modules/zone.js/fesm2015/zone.js:368:34)
Chrome Headless 140.0.0.0 (Mac OS 10.15.7): Executed 158 of 985[31m (55 FAILED)[39m (0 secs / 31.162 secs)
[1A[2KWARN: [36m'Spec 'OCRService Progress Messaging should handle unknown status messages' has no expectations.'[39m
Chrome Headless 140.0.0.0 (Mac OS 10.15.7): Executed 158 of 985[31m (55 FAILED)[39m (0 secs / 31.162 secs)
WARN: 'Spec 'OCRService Progress Messaging should handle unknown status messages' has no expectations.'
[1A[2KChrome Headless 140.0.0.0 (Mac OS 10.15.7): Executed 159 of 985[31m (55 FAILED)[39m (0 secs / 31.163 secs)
[1A[2KERROR: [36m'Error initializing OCR worker:', Error: Network error
Error: Network error
    at UserContext.<anonymous> (http://localhost:9876/_karma_webpack_/webpack:/src/app/services/ocr.service.spec.ts:95:55)
    at Generator.next (<anonymous>)
    at asyncGeneratorStep (http://localhost:9876/_karma_webpack_/webpack:/node_modules/@angular-devkit/build-angular/node_modules/@babel/runtime/helpers/esm/asyncToGenerator.js:3:1)
    at _next (http://localhost:9876/_karma_webpack_/webpack:/node_modules/@angular-devkit/build-angular/node_modules/@babel/runtime/helpers/esm/asyncToGenerator.js:17:1)
    at executor (http://localhost:9876/_karma_webpack_/webpack:/node_modules/@angular-devkit/build-angular/node_modules/@babel/runtime/helpers/esm/asyncToGenerator.js:22:1)
    at new ZoneAwarePromise (http://localhost:9876/_karma_webpack_/webpack:/node_modules/zone.js/fesm2015/zone.js:2702:25)
    at UserContext.apply (http://localhost:9876/_karma_webpack_/webpack:/node_modules/@angular-devkit/build-angular/node_modules/@babel/runtime/helpers/esm/asyncToGenerator.js:14:1)
    at _ZoneDelegate.invoke (http://localhost:9876/_karma_webpack_/webpack:/node_modules/zone.js/fesm2015/zone.js:369:28)
    at ProxyZoneSpec.onInvoke (http://localhost:9876/_karma_webpack_/webpack:/node_modules/zone.js/fesm2015/zone-testing.js:2081:39)
    at _ZoneDelegate.invoke (http://localhost:9876/_karma_webpack_/webpack:/node_modules/zone.js/fesm2015/zone.js:368:34)[39m
Chrome Headless 140.0.0.0 (Mac OS 10.15.7): Executed 159 of 985[31m (55 FAILED)[39m (0 secs / 31.163 secs)
ERROR: 'Error initializing OCR worker:', Error: Network error
Error: Network error
    at UserContext.<anonymous> (http://localhost:9876/_karma_webpack_/webpack:/src/app/services/ocr.service.spec.ts:95:55)
    at Generator.next (<anonymous>)
    at asyncGeneratorStep (http://localhost:9876/_karma_webpack_/webpack:/node_modules/@angular-devkit/build-angular/node_modules/@babel/runtime/helpers/esm/asyncToGenerator.js:3:1)
    at _next (http://localhost:9876/_karma_webpack_/webpack:/node_modules/@angular-devkit/build-angular/node_modules/@babel/runtime/helpers/esm/asyncToGenerator.js:17:1)
    at executor (http://localhost:9876/_karma_webpack_/webpack:/node_modules/@angular-devkit/build-angular/node_modules/@babel/runtime/helpers/esm/asyncToGenerator.js:22:1)
    at new ZoneAwarePromise (http://localhost:9876/_karma_webpack_/webpack:/node_modules/zone.js/fesm2015/zone.js:2702:25)
    at UserContext.apply (http://localhost:9876/_karma_webpack_/webpack:/node_modules/@angular-devkit/build-angular/node_modules/@babel/runtime/helpers/esm/asyncToGenerator.js:14:1)
    at _ZoneDelegate.invoke (http://localhost:9876/_karma_webpack_/webpack:/node_modules/zone.js/fesm2015/zone.js:369:28)
    at ProxyZoneSpec.onInvoke (http://localhost:9876/_karma_webpack_/webpack:/node_modules/zone.js/fesm2015/zone-testing.js:2081:39)
    at _ZoneDelegate.invoke (http://localhost:9876/_karma_webpack_/webpack:/node_modules/zone.js/fesm2015/zone.js:368:34)
[1A[2K[31mChrome Headless 140.0.0.0 (Mac OS 10.15.7) OCRService Progress Messaging should translate status messages to Spanish FAILED[39m
	Error: Network error
	    at UserContext.<anonymous> (src/app/services/ocr.service.spec.ts:95:55)
	    at Generator.next (<anonymous>)
	    at asyncGeneratorStep (node_modules/@angular-devkit/build-angular/node_modules/@babel/runtime/helpers/esm/asyncToGenerator.js:3:1)
	    at _next (node_modules/@angular-devkit/build-angular/node_modules/@babel/runtime/helpers/esm/asyncToGenerator.js:17:1)
	    at executor (node_modules/@angular-devkit/build-angular/node_modules/@babel/runtime/helpers/esm/asyncToGenerator.js:22:1)
	    at new ZoneAwarePromise (node_modules/zone.js/fesm2015/zone.js:2702:25)
	    at UserContext.apply (node_modules/@angular-devkit/build-angular/node_modules/@babel/runtime/helpers/esm/asyncToGenerator.js:14:1)
	    at _ZoneDelegate.invoke (node_modules/zone.js/fesm2015/zone.js:369:28)
	    at ProxyZoneSpec.onInvoke (node_modules/zone.js/fesm2015/zone-testing.js:2081:39)
	    at _ZoneDelegate.invoke (node_modules/zone.js/fesm2015/zone.js:368:34)
Chrome Headless 140.0.0.0 (Mac OS 10.15.7): Executed 160 of 985[31m (56 FAILED)[39m (0 secs / 31.163 secs)
[1A[2KERROR: [36m'Error initializing OCR worker:', Error: Network error
Error: Network error
    at UserContext.<anonymous> (http://localhost:9876/_karma_webpack_/webpack:/src/app/services/ocr.service.spec.ts:95:55)
    at Generator.next (<anonymous>)
    at asyncGeneratorStep (http://localhost:9876/_karma_webpack_/webpack:/node_modules/@angular-devkit/build-angular/node_modules/@babel/runtime/helpers/esm/asyncToGenerator.js:3:1)
    at _next (http://localhost:9876/_karma_webpack_/webpack:/node_modules/@angular-devkit/build-angular/node_modules/@babel/runtime/helpers/esm/asyncToGenerator.js:17:1)
    at executor (http://localhost:9876/_karma_webpack_/webpack:/node_modules/@angular-devkit/build-angular/node_modules/@babel/runtime/helpers/esm/asyncToGenerator.js:22:1)
    at new ZoneAwarePromise (http://localhost:9876/_karma_webpack_/webpack:/node_modules/zone.js/fesm2015/zone.js:2702:25)
    at UserContext.apply (http://localhost:9876/_karma_webpack_/webpack:/node_modules/@angular-devkit/build-angular/node_modules/@babel/runtime/helpers/esm/asyncToGenerator.js:14:1)
    at _ZoneDelegate.invoke (http://localhost:9876/_karma_webpack_/webpack:/node_modules/zone.js/fesm2015/zone.js:369:28)
    at ProxyZoneSpec.onInvoke (http://localhost:9876/_karma_webpack_/webpack:/node_modules/zone.js/fesm2015/zone-testing.js:2081:39)
    at _ZoneDelegate.invoke (http://localhost:9876/_karma_webpack_/webpack:/node_modules/zone.js/fesm2015/zone.js:368:34)[39m
Chrome Headless 140.0.0.0 (Mac OS 10.15.7): Executed 160 of 985[31m (56 FAILED)[39m (0 secs / 31.163 secs)
ERROR: 'Error initializing OCR worker:', Error: Network error
Error: Network error
    at UserContext.<anonymous> (http://localhost:9876/_karma_webpack_/webpack:/src/app/services/ocr.service.spec.ts:95:55)
    at Generator.next (<anonymous>)
    at asyncGeneratorStep (http://localhost:9876/_karma_webpack_/webpack:/node_modules/@angular-devkit/build-angular/node_modules/@babel/runtime/helpers/esm/asyncToGenerator.js:3:1)
    at _next (http://localhost:9876/_karma_webpack_/webpack:/node_modules/@angular-devkit/build-angular/node_modules/@babel/runtime/helpers/esm/asyncToGenerator.js:17:1)
    at executor (http://localhost:9876/_karma_webpack_/webpack:/node_modules/@angular-devkit/build-angular/node_modules/@babel/runtime/helpers/esm/asyncToGenerator.js:22:1)
    at new ZoneAwarePromise (http://localhost:9876/_karma_webpack_/webpack:/node_modules/zone.js/fesm2015/zone.js:2702:25)
    at UserContext.apply (http://localhost:9876/_karma_webpack_/webpack:/node_modules/@angular-devkit/build-angular/node_modules/@babel/runtime/helpers/esm/asyncToGenerator.js:14:1)
    at _ZoneDelegate.invoke (http://localhost:9876/_karma_webpack_/webpack:/node_modules/zone.js/fesm2015/zone.js:369:28)
    at ProxyZoneSpec.onInvoke (http://localhost:9876/_karma_webpack_/webpack:/node_modules/zone.js/fesm2015/zone-testing.js:2081:39)
    at _ZoneDelegate.invoke (http://localhost:9876/_karma_webpack_/webpack:/node_modules/zone.js/fesm2015/zone.js:368:34)
[1A[2K[31mChrome Headless 140.0.0.0 (Mac OS 10.15.7) OCRService Edge Cases and Error Handling should handle very low confidence results FAILED[39m
	Error: Network error
	    at UserContext.<anonymous> (src/app/services/ocr.service.spec.ts:95:55)
	    at Generator.next (<anonymous>)
	    at asyncGeneratorStep (node_modules/@angular-devkit/build-angular/node_modules/@babel/runtime/helpers/esm/asyncToGenerator.js:3:1)
	    at _next (node_modules/@angular-devkit/build-angular/node_modules/@babel/runtime/helpers/esm/asyncToGenerator.js:17:1)
	    at executor (node_modules/@angular-devkit/build-angular/node_modules/@babel/runtime/helpers/esm/asyncToGenerator.js:22:1)
	    at new ZoneAwarePromise (node_modules/zone.js/fesm2015/zone.js:2702:25)
	    at UserContext.apply (node_modules/@angular-devkit/build-angular/node_modules/@babel/runtime/helpers/esm/asyncToGenerator.js:14:1)
	    at _ZoneDelegate.invoke (node_modules/zone.js/fesm2015/zone.js:369:28)
	    at ProxyZoneSpec.onInvoke (node_modules/zone.js/fesm2015/zone-testing.js:2081:39)
	    at _ZoneDelegate.invoke (node_modules/zone.js/fesm2015/zone.js:368:34)
Chrome Headless 140.0.0.0 (Mac OS 10.15.7): Executed 161 of 985[31m (57 FAILED)[39m (0 secs / 31.164 secs)
[1A[2KERROR: [36m'Error initializing OCR worker:', Error: Network error
Error: Network error
    at UserContext.<anonymous> (http://localhost:9876/_karma_webpack_/webpack:/src/app/services/ocr.service.spec.ts:95:55)
    at Generator.next (<anonymous>)
    at asyncGeneratorStep (http://localhost:9876/_karma_webpack_/webpack:/node_modules/@angular-devkit/build-angular/node_modules/@babel/runtime/helpers/esm/asyncToGenerator.js:3:1)
    at _next (http://localhost:9876/_karma_webpack_/webpack:/node_modules/@angular-devkit/build-angular/node_modules/@babel/runtime/helpers/esm/asyncToGenerator.js:17:1)
    at executor (http://localhost:9876/_karma_webpack_/webpack:/node_modules/@angular-devkit/build-angular/node_modules/@babel/runtime/helpers/esm/asyncToGenerator.js:22:1)
    at new ZoneAwarePromise (http://localhost:9876/_karma_webpack_/webpack:/node_modules/zone.js/fesm2015/zone.js:2702:25)
    at UserContext.apply (http://localhost:9876/_karma_webpack_/webpack:/node_modules/@angular-devkit/build-angular/node_modules/@babel/runtime/helpers/esm/asyncToGenerator.js:14:1)
    at _ZoneDelegate.invoke (http://localhost:9876/_karma_webpack_/webpack:/node_modules/zone.js/fesm2015/zone.js:369:28)
    at ProxyZoneSpec.onInvoke (http://localhost:9876/_karma_webpack_/webpack:/node_modules/zone.js/fesm2015/zone-testing.js:2081:39)
    at _ZoneDelegate.invoke (http://localhost:9876/_karma_webpack_/webpack:/node_modules/zone.js/fesm2015/zone.js:368:34)[39m
Chrome Headless 140.0.0.0 (Mac OS 10.15.7): Executed 161 of 985[31m (57 FAILED)[39m (0 secs / 31.164 secs)
ERROR: 'Error initializing OCR worker:', Error: Network error
Error: Network error
    at UserContext.<anonymous> (http://localhost:9876/_karma_webpack_/webpack:/src/app/services/ocr.service.spec.ts:95:55)
    at Generator.next (<anonymous>)
    at asyncGeneratorStep (http://localhost:9876/_karma_webpack_/webpack:/node_modules/@angular-devkit/build-angular/node_modules/@babel/runtime/helpers/esm/asyncToGenerator.js:3:1)
    at _next (http://localhost:9876/_karma_webpack_/webpack:/node_modules/@angular-devkit/build-angular/node_modules/@babel/runtime/helpers/esm/asyncToGenerator.js:17:1)
    at executor (http://localhost:9876/_karma_webpack_/webpack:/node_modules/@angular-devkit/build-angular/node_modules/@babel/runtime/helpers/esm/asyncToGenerator.js:22:1)
    at new ZoneAwarePromise (http://localhost:9876/_karma_webpack_/webpack:/node_modules/zone.js/fesm2015/zone.js:2702:25)
    at UserContext.apply (http://localhost:9876/_karma_webpack_/webpack:/node_modules/@angular-devkit/build-angular/node_modules/@babel/runtime/helpers/esm/asyncToGenerator.js:14:1)
    at _ZoneDelegate.invoke (http://localhost:9876/_karma_webpack_/webpack:/node_modules/zone.js/fesm2015/zone.js:369:28)
    at ProxyZoneSpec.onInvoke (http://localhost:9876/_karma_webpack_/webpack:/node_modules/zone.js/fesm2015/zone-testing.js:2081:39)
    at _ZoneDelegate.invoke (http://localhost:9876/_karma_webpack_/webpack:/node_modules/zone.js/fesm2015/zone.js:368:34)
[1A[2K[31mChrome Headless 140.0.0.0 (Mac OS 10.15.7) OCRService Edge Cases and Error Handling should handle extraction without document type FAILED[39m
	Error: Network error
	    at UserContext.<anonymous> (src/app/services/ocr.service.spec.ts:95:55)
	    at Generator.next (<anonymous>)
	    at asyncGeneratorStep (node_modules/@angular-devkit/build-angular/node_modules/@babel/runtime/helpers/esm/asyncToGenerator.js:3:1)
	    at _next (node_modules/@angular-devkit/build-angular/node_modules/@babel/runtime/helpers/esm/asyncToGenerator.js:17:1)
	    at executor (node_modules/@angular-devkit/build-angular/node_modules/@babel/runtime/helpers/esm/asyncToGenerator.js:22:1)
	    at new ZoneAwarePromise (node_modules/zone.js/fesm2015/zone.js:2702:25)
	    at UserContext.apply (node_modules/@angular-devkit/build-angular/node_modules/@babel/runtime/helpers/esm/asyncToGenerator.js:14:1)
	    at _ZoneDelegate.invoke (node_modules/zone.js/fesm2015/zone.js:369:28)
	    at ProxyZoneSpec.onInvoke (node_modules/zone.js/fesm2015/zone-testing.js:2081:39)
	    at _ZoneDelegate.invoke (node_modules/zone.js/fesm2015/zone.js:368:34)
Chrome Headless 140.0.0.0 (Mac OS 10.15.7): Executed 162 of 985[31m (58 FAILED)[39m (0 secs / 31.165 secs)
[1A[2KERROR: [36m'Error initializing OCR worker:', Error: Network error
Error: Network error
    at UserContext.<anonymous> (http://localhost:9876/_karma_webpack_/webpack:/src/app/services/ocr.service.spec.ts:95:55)
    at Generator.next (<anonymous>)
    at asyncGeneratorStep (http://localhost:9876/_karma_webpack_/webpack:/node_modules/@angular-devkit/build-angular/node_modules/@babel/runtime/helpers/esm/asyncToGenerator.js:3:1)
    at _next (http://localhost:9876/_karma_webpack_/webpack:/node_modules/@angular-devkit/build-angular/node_modules/@babel/runtime/helpers/esm/asyncToGenerator.js:17:1)
    at executor (http://localhost:9876/_karma_webpack_/webpack:/node_modules/@angular-devkit/build-angular/node_modules/@babel/runtime/helpers/esm/asyncToGenerator.js:22:1)
    at new ZoneAwarePromise (http://localhost:9876/_karma_webpack_/webpack:/node_modules/zone.js/fesm2015/zone.js:2702:25)
    at UserContext.apply (http://localhost:9876/_karma_webpack_/webpack:/node_modules/@angular-devkit/build-angular/node_modules/@babel/runtime/helpers/esm/asyncToGenerator.js:14:1)
    at _ZoneDelegate.invoke (http://localhost:9876/_karma_webpack_/webpack:/node_modules/zone.js/fesm2015/zone.js:369:28)
    at ProxyZoneSpec.onInvoke (http://localhost:9876/_karma_webpack_/webpack:/node_modules/zone.js/fesm2015/zone-testing.js:2081:39)
    at _ZoneDelegate.invoke (http://localhost:9876/_karma_webpack_/webpack:/node_modules/zone.js/fesm2015/zone.js:368:34)[39m
Chrome Headless 140.0.0.0 (Mac OS 10.15.7): Executed 162 of 985[31m (58 FAILED)[39m (0 secs / 31.165 secs)
ERROR: 'Error initializing OCR worker:', Error: Network error
Error: Network error
    at UserContext.<anonymous> (http://localhost:9876/_karma_webpack_/webpack:/src/app/services/ocr.service.spec.ts:95:55)
    at Generator.next (<anonymous>)
    at asyncGeneratorStep (http://localhost:9876/_karma_webpack_/webpack:/node_modules/@angular-devkit/build-angular/node_modules/@babel/runtime/helpers/esm/asyncToGenerator.js:3:1)
    at _next (http://localhost:9876/_karma_webpack_/webpack:/node_modules/@angular-devkit/build-angular/node_modules/@babel/runtime/helpers/esm/asyncToGenerator.js:17:1)
    at executor (http://localhost:9876/_karma_webpack_/webpack:/node_modules/@angular-devkit/build-angular/node_modules/@babel/runtime/helpers/esm/asyncToGenerator.js:22:1)
    at new ZoneAwarePromise (http://localhost:9876/_karma_webpack_/webpack:/node_modules/zone.js/fesm2015/zone.js:2702:25)
    at UserContext.apply (http://localhost:9876/_karma_webpack_/webpack:/node_modules/@angular-devkit/build-angular/node_modules/@babel/runtime/helpers/esm/asyncToGenerator.js:14:1)
    at _ZoneDelegate.invoke (http://localhost:9876/_karma_webpack_/webpack:/node_modules/zone.js/fesm2015/zone.js:369:28)
    at ProxyZoneSpec.onInvoke (http://localhost:9876/_karma_webpack_/webpack:/node_modules/zone.js/fesm2015/zone-testing.js:2081:39)
    at _ZoneDelegate.invoke (http://localhost:9876/_karma_webpack_/webpack:/node_modules/zone.js/fesm2015/zone.js:368:34)
[1A[2K[31mChrome Headless 140.0.0.0 (Mac OS 10.15.7) OCRService Edge Cases and Error Handling should handle documents with mixed case text FAILED[39m
	Error: Network error
	    at UserContext.<anonymous> (src/app/services/ocr.service.spec.ts:95:55)
	    at Generator.next (<anonymous>)
	    at asyncGeneratorStep (node_modules/@angular-devkit/build-angular/node_modules/@babel/runtime/helpers/esm/asyncToGenerator.js:3:1)
	    at _next (node_modules/@angular-devkit/build-angular/node_modules/@babel/runtime/helpers/esm/asyncToGenerator.js:17:1)
	    at executor (node_modules/@angular-devkit/build-angular/node_modules/@babel/runtime/helpers/esm/asyncToGenerator.js:22:1)
	    at new ZoneAwarePromise (node_modules/zone.js/fesm2015/zone.js:2702:25)
	    at UserContext.apply (node_modules/@angular-devkit/build-angular/node_modules/@babel/runtime/helpers/esm/asyncToGenerator.js:14:1)
	    at _ZoneDelegate.invoke (node_modules/zone.js/fesm2015/zone.js:369:28)
	    at ProxyZoneSpec.onInvoke (node_modules/zone.js/fesm2015/zone-testing.js:2081:39)
	    at _ZoneDelegate.invoke (node_modules/zone.js/fesm2015/zone.js:368:34)
Chrome Headless 140.0.0.0 (Mac OS 10.15.7): Executed 163 of 985[31m (59 FAILED)[39m (0 secs / 31.165 secs)
[1A[2KERROR: [36m'Error initializing OCR worker:', Error: Network error
Error: Network error
    at UserContext.<anonymous> (http://localhost:9876/_karma_webpack_/webpack:/src/app/services/ocr.service.spec.ts:95:55)
    at Generator.next (<anonymous>)
    at asyncGeneratorStep (http://localhost:9876/_karma_webpack_/webpack:/node_modules/@angular-devkit/build-angular/node_modules/@babel/runtime/helpers/esm/asyncToGenerator.js:3:1)
    at _next (http://localhost:9876/_karma_webpack_/webpack:/node_modules/@angular-devkit/build-angular/node_modules/@babel/runtime/helpers/esm/asyncToGenerator.js:17:1)
    at executor (http://localhost:9876/_karma_webpack_/webpack:/node_modules/@angular-devkit/build-angular/node_modules/@babel/runtime/helpers/esm/asyncToGenerator.js:22:1)
    at new ZoneAwarePromise (http://localhost:9876/_karma_webpack_/webpack:/node_modules/zone.js/fesm2015/zone.js:2702:25)
    at UserContext.apply (http://localhost:9876/_karma_webpack_/webpack:/node_modules/@angular-devkit/build-angular/node_modules/@babel/runtime/helpers/esm/asyncToGenerator.js:14:1)
    at _ZoneDelegate.invoke (http://localhost:9876/_karma_webpack_/webpack:/node_modules/zone.js/fesm2015/zone.js:369:28)
    at ProxyZoneSpec.onInvoke (http://localhost:9876/_karma_webpack_/webpack:/node_modules/zone.js/fesm2015/zone-testing.js:2081:39)
    at _ZoneDelegate.invoke (http://localhost:9876/_karma_webpack_/webpack:/node_modules/zone.js/fesm2015/zone.js:368:34)[39m
Chrome Headless 140.0.0.0 (Mac OS 10.15.7): Executed 163 of 985[31m (59 FAILED)[39m (0 secs / 31.165 secs)
ERROR: 'Error initializing OCR worker:', Error: Network error
Error: Network error
    at UserContext.<anonymous> (http://localhost:9876/_karma_webpack_/webpack:/src/app/services/ocr.service.spec.ts:95:55)
    at Generator.next (<anonymous>)
    at asyncGeneratorStep (http://localhost:9876/_karma_webpack_/webpack:/node_modules/@angular-devkit/build-angular/node_modules/@babel/runtime/helpers/esm/asyncToGenerator.js:3:1)
    at _next (http://localhost:9876/_karma_webpack_/webpack:/node_modules/@angular-devkit/build-angular/node_modules/@babel/runtime/helpers/esm/asyncToGenerator.js:17:1)
    at executor (http://localhost:9876/_karma_webpack_/webpack:/node_modules/@angular-devkit/build-angular/node_modules/@babel/runtime/helpers/esm/asyncToGenerator.js:22:1)
    at new ZoneAwarePromise (http://localhost:9876/_karma_webpack_/webpack:/node_modules/zone.js/fesm2015/zone.js:2702:25)
    at UserContext.apply (http://localhost:9876/_karma_webpack_/webpack:/node_modules/@angular-devkit/build-angular/node_modules/@babel/runtime/helpers/esm/asyncToGenerator.js:14:1)
    at _ZoneDelegate.invoke (http://localhost:9876/_karma_webpack_/webpack:/node_modules/zone.js/fesm2015/zone.js:369:28)
    at ProxyZoneSpec.onInvoke (http://localhost:9876/_karma_webpack_/webpack:/node_modules/zone.js/fesm2015/zone-testing.js:2081:39)
    at _ZoneDelegate.invoke (http://localhost:9876/_karma_webpack_/webpack:/node_modules/zone.js/fesm2015/zone.js:368:34)
[1A[2K[31mChrome Headless 140.0.0.0 (Mac OS 10.15.7) OCRService Edge Cases and Error Handling should handle malformed CURP patterns FAILED[39m
	Error: Network error
	    at UserContext.<anonymous> (src/app/services/ocr.service.spec.ts:95:55)
	    at Generator.next (<anonymous>)
	    at asyncGeneratorStep (node_modules/@angular-devkit/build-angular/node_modules/@babel/runtime/helpers/esm/asyncToGenerator.js:3:1)
	    at _next (node_modules/@angular-devkit/build-angular/node_modules/@babel/runtime/helpers/esm/asyncToGenerator.js:17:1)
	    at executor (node_modules/@angular-devkit/build-angular/node_modules/@babel/runtime/helpers/esm/asyncToGenerator.js:22:1)
	    at new ZoneAwarePromise (node_modules/zone.js/fesm2015/zone.js:2702:25)
	    at UserContext.apply (node_modules/@angular-devkit/build-angular/node_modules/@babel/runtime/helpers/esm/asyncToGenerator.js:14:1)
	    at _ZoneDelegate.invoke (node_modules/zone.js/fesm2015/zone.js:369:28)
	    at ProxyZoneSpec.onInvoke (node_modules/zone.js/fesm2015/zone-testing.js:2081:39)
	    at _ZoneDelegate.invoke (node_modules/zone.js/fesm2015/zone.js:368:34)
Chrome Headless 140.0.0.0 (Mac OS 10.15.7): Executed 164 of 985[31m (60 FAILED)[39m (0 secs / 31.166 secs)
[1A[2KERROR: [36m'Error initializing OCR worker:', Error: Network error
Error: Network error
    at UserContext.<anonymous> (http://localhost:9876/_karma_webpack_/webpack:/src/app/services/ocr.service.spec.ts:95:55)
    at Generator.next (<anonymous>)
    at asyncGeneratorStep (http://localhost:9876/_karma_webpack_/webpack:/node_modules/@angular-devkit/build-angular/node_modules/@babel/runtime/helpers/esm/asyncToGenerator.js:3:1)
    at _next (http://localhost:9876/_karma_webpack_/webpack:/node_modules/@angular-devkit/build-angular/node_modules/@babel/runtime/helpers/esm/asyncToGenerator.js:17:1)
    at executor (http://localhost:9876/_karma_webpack_/webpack:/node_modules/@angular-devkit/build-angular/node_modules/@babel/runtime/helpers/esm/asyncToGenerator.js:22:1)
    at new ZoneAwarePromise (http://localhost:9876/_karma_webpack_/webpack:/node_modules/zone.js/fesm2015/zone.js:2702:25)
    at UserContext.apply (http://localhost:9876/_karma_webpack_/webpack:/node_modules/@angular-devkit/build-angular/node_modules/@babel/runtime/helpers/esm/asyncToGenerator.js:14:1)
    at _ZoneDelegate.invoke (http://localhost:9876/_karma_webpack_/webpack:/node_modules/zone.js/fesm2015/zone.js:369:28)
    at ProxyZoneSpec.onInvoke (http://localhost:9876/_karma_webpack_/webpack:/node_modules/zone.js/fesm2015/zone-testing.js:2081:39)
    at _ZoneDelegate.invoke (http://localhost:9876/_karma_webpack_/webpack:/node_modules/zone.js/fesm2015/zone.js:368:34)[39m
Chrome Headless 140.0.0.0 (Mac OS 10.15.7): Executed 164 of 985[31m (60 FAILED)[39m (0 secs / 31.166 secs)
ERROR: 'Error initializing OCR worker:', Error: Network error
Error: Network error
    at UserContext.<anonymous> (http://localhost:9876/_karma_webpack_/webpack:/src/app/services/ocr.service.spec.ts:95:55)
    at Generator.next (<anonymous>)
    at asyncGeneratorStep (http://localhost:9876/_karma_webpack_/webpack:/node_modules/@angular-devkit/build-angular/node_modules/@babel/runtime/helpers/esm/asyncToGenerator.js:3:1)
    at _next (http://localhost:9876/_karma_webpack_/webpack:/node_modules/@angular-devkit/build-angular/node_modules/@babel/runtime/helpers/esm/asyncToGenerator.js:17:1)
    at executor (http://localhost:9876/_karma_webpack_/webpack:/node_modules/@angular-devkit/build-angular/node_modules/@babel/runtime/helpers/esm/asyncToGenerator.js:22:1)
    at new ZoneAwarePromise (http://localhost:9876/_karma_webpack_/webpack:/node_modules/zone.js/fesm2015/zone.js:2702:25)
    at UserContext.apply (http://localhost:9876/_karma_webpack_/webpack:/node_modules/@angular-devkit/build-angular/node_modules/@babel/runtime/helpers/esm/asyncToGenerator.js:14:1)
    at _ZoneDelegate.invoke (http://localhost:9876/_karma_webpack_/webpack:/node_modules/zone.js/fesm2015/zone.js:369:28)
    at ProxyZoneSpec.onInvoke (http://localhost:9876/_karma_webpack_/webpack:/node_modules/zone.js/fesm2015/zone-testing.js:2081:39)
    at _ZoneDelegate.invoke (http://localhost:9876/_karma_webpack_/webpack:/node_modules/zone.js/fesm2015/zone.js:368:34)
[1A[2K[31mChrome Headless 140.0.0.0 (Mac OS 10.15.7) OCRService Edge Cases and Error Handling should handle empty text extraction FAILED[39m
	Error: Network error
	    at UserContext.<anonymous> (src/app/services/ocr.service.spec.ts:95:55)
	    at Generator.next (<anonymous>)
	    at asyncGeneratorStep (node_modules/@angular-devkit/build-angular/node_modules/@babel/runtime/helpers/esm/asyncToGenerator.js:3:1)
	    at _next (node_modules/@angular-devkit/build-angular/node_modules/@babel/runtime/helpers/esm/asyncToGenerator.js:17:1)
	    at executor (node_modules/@angular-devkit/build-angular/node_modules/@babel/runtime/helpers/esm/asyncToGenerator.js:22:1)
	    at new ZoneAwarePromise (node_modules/zone.js/fesm2015/zone.js:2702:25)
	    at UserContext.apply (node_modules/@angular-devkit/build-angular/node_modules/@babel/runtime/helpers/esm/asyncToGenerator.js:14:1)
	    at _ZoneDelegate.invoke (node_modules/zone.js/fesm2015/zone.js:369:28)
	    at ProxyZoneSpec.onInvoke (node_modules/zone.js/fesm2015/zone-testing.js:2081:39)
	    at _ZoneDelegate.invoke (node_modules/zone.js/fesm2015/zone.js:368:34)
Chrome Headless 140.0.0.0 (Mac OS 10.15.7): Executed 165 of 985[31m (61 FAILED)[39m (0 secs / 31.166 secs)
[1A[2KERROR: [36m'Error initializing OCR worker:', Error: Network error
Error: Network error
    at UserContext.<anonymous> (http://localhost:9876/_karma_webpack_/webpack:/src/app/services/ocr.service.spec.ts:95:55)
    at Generator.next (<anonymous>)
    at asyncGeneratorStep (http://localhost:9876/_karma_webpack_/webpack:/node_modules/@angular-devkit/build-angular/node_modules/@babel/runtime/helpers/esm/asyncToGenerator.js:3:1)
    at _next (http://localhost:9876/_karma_webpack_/webpack:/node_modules/@angular-devkit/build-angular/node_modules/@babel/runtime/helpers/esm/asyncToGenerator.js:17:1)
    at executor (http://localhost:9876/_karma_webpack_/webpack:/node_modules/@angular-devkit/build-angular/node_modules/@babel/runtime/helpers/esm/asyncToGenerator.js:22:1)
    at new ZoneAwarePromise (http://localhost:9876/_karma_webpack_/webpack:/node_modules/zone.js/fesm2015/zone.js:2702:25)
    at UserContext.apply (http://localhost:9876/_karma_webpack_/webpack:/node_modules/@angular-devkit/build-angular/node_modules/@babel/runtime/helpers/esm/asyncToGenerator.js:14:1)
    at _ZoneDelegate.invoke (http://localhost:9876/_karma_webpack_/webpack:/node_modules/zone.js/fesm2015/zone.js:369:28)
    at ProxyZoneSpec.onInvoke (http://localhost:9876/_karma_webpack_/webpack:/node_modules/zone.js/fesm2015/zone-testing.js:2081:39)
    at _ZoneDelegate.invoke (http://localhost:9876/_karma_webpack_/webpack:/node_modules/zone.js/fesm2015/zone.js:368:34)[39m
Chrome Headless 140.0.0.0 (Mac OS 10.15.7): Executed 165 of 985[31m (61 FAILED)[39m (0 secs / 31.166 secs)
ERROR: 'Error initializing OCR worker:', Error: Network error
Error: Network error
    at UserContext.<anonymous> (http://localhost:9876/_karma_webpack_/webpack:/src/app/services/ocr.service.spec.ts:95:55)
    at Generator.next (<anonymous>)
    at asyncGeneratorStep (http://localhost:9876/_karma_webpack_/webpack:/node_modules/@angular-devkit/build-angular/node_modules/@babel/runtime/helpers/esm/asyncToGenerator.js:3:1)
    at _next (http://localhost:9876/_karma_webpack_/webpack:/node_modules/@angular-devkit/build-angular/node_modules/@babel/runtime/helpers/esm/asyncToGenerator.js:17:1)
    at executor (http://localhost:9876/_karma_webpack_/webpack:/node_modules/@angular-devkit/build-angular/node_modules/@babel/runtime/helpers/esm/asyncToGenerator.js:22:1)
    at new ZoneAwarePromise (http://localhost:9876/_karma_webpack_/webpack:/node_modules/zone.js/fesm2015/zone.js:2702:25)
    at UserContext.apply (http://localhost:9876/_karma_webpack_/webpack:/node_modules/@angular-devkit/build-angular/node_modules/@babel/runtime/helpers/esm/asyncToGenerator.js:14:1)
    at _ZoneDelegate.invoke (http://localhost:9876/_karma_webpack_/webpack:/node_modules/zone.js/fesm2015/zone.js:369:28)
    at ProxyZoneSpec.onInvoke (http://localhost:9876/_karma_webpack_/webpack:/node_modules/zone.js/fesm2015/zone-testing.js:2081:39)
    at _ZoneDelegate.invoke (http://localhost:9876/_karma_webpack_/webpack:/node_modules/zone.js/fesm2015/zone.js:368:34)
[1A[2K[31mChrome Headless 140.0.0.0 (Mac OS 10.15.7) OCRService Comprobante de Domicilio Data Extraction should extract date from comprobante FAILED[39m
	Error: Network error
	    at UserContext.<anonymous> (src/app/services/ocr.service.spec.ts:95:55)
	    at Generator.next (<anonymous>)
	    at asyncGeneratorStep (node_modules/@angular-devkit/build-angular/node_modules/@babel/runtime/helpers/esm/asyncToGenerator.js:3:1)
	    at _next (node_modules/@angular-devkit/build-angular/node_modules/@babel/runtime/helpers/esm/asyncToGenerator.js:17:1)
	    at executor (node_modules/@angular-devkit/build-angular/node_modules/@babel/runtime/helpers/esm/asyncToGenerator.js:22:1)
	    at new ZoneAwarePromise (node_modules/zone.js/fesm2015/zone.js:2702:25)
	    at UserContext.apply (node_modules/@angular-devkit/build-angular/node_modules/@babel/runtime/helpers/esm/asyncToGenerator.js:14:1)
	    at _ZoneDelegate.invoke (node_modules/zone.js/fesm2015/zone.js:369:28)
	    at ProxyZoneSpec.onInvoke (node_modules/zone.js/fesm2015/zone-testing.js:2081:39)
	    at _ZoneDelegate.invoke (node_modules/zone.js/fesm2015/zone.js:368:34)
Chrome Headless 140.0.0.0 (Mac OS 10.15.7): Executed 166 of 985[31m (62 FAILED)[39m (0 secs / 31.167 secs)
[1A[2KERROR: [36m'Error initializing OCR worker:', Error: Network error
Error: Network error
    at UserContext.<anonymous> (http://localhost:9876/_karma_webpack_/webpack:/src/app/services/ocr.service.spec.ts:95:55)
    at Generator.next (<anonymous>)
    at asyncGeneratorStep (http://localhost:9876/_karma_webpack_/webpack:/node_modules/@angular-devkit/build-angular/node_modules/@babel/runtime/helpers/esm/asyncToGenerator.js:3:1)
    at _next (http://localhost:9876/_karma_webpack_/webpack:/node_modules/@angular-devkit/build-angular/node_modules/@babel/runtime/helpers/esm/asyncToGenerator.js:17:1)
    at executor (http://localhost:9876/_karma_webpack_/webpack:/node_modules/@angular-devkit/build-angular/node_modules/@babel/runtime/helpers/esm/asyncToGenerator.js:22:1)
    at new ZoneAwarePromise (http://localhost:9876/_karma_webpack_/webpack:/node_modules/zone.js/fesm2015/zone.js:2702:25)
    at UserContext.apply (http://localhost:9876/_karma_webpack_/webpack:/node_modules/@angular-devkit/build-angular/node_modules/@babel/runtime/helpers/esm/asyncToGenerator.js:14:1)
    at _ZoneDelegate.invoke (http://localhost:9876/_karma_webpack_/webpack:/node_modules/zone.js/fesm2015/zone.js:369:28)
    at ProxyZoneSpec.onInvoke (http://localhost:9876/_karma_webpack_/webpack:/node_modules/zone.js/fesm2015/zone-testing.js:2081:39)
    at _ZoneDelegate.invoke (http://localhost:9876/_karma_webpack_/webpack:/node_modules/zone.js/fesm2015/zone.js:368:34)[39m
Chrome Headless 140.0.0.0 (Mac OS 10.15.7): Executed 166 of 985[31m (62 FAILED)[39m (0 secs / 31.167 secs)
ERROR: 'Error initializing OCR worker:', Error: Network error
Error: Network error
    at UserContext.<anonymous> (http://localhost:9876/_karma_webpack_/webpack:/src/app/services/ocr.service.spec.ts:95:55)
    at Generator.next (<anonymous>)
    at asyncGeneratorStep (http://localhost:9876/_karma_webpack_/webpack:/node_modules/@angular-devkit/build-angular/node_modules/@babel/runtime/helpers/esm/asyncToGenerator.js:3:1)
    at _next (http://localhost:9876/_karma_webpack_/webpack:/node_modules/@angular-devkit/build-angular/node_modules/@babel/runtime/helpers/esm/asyncToGenerator.js:17:1)
    at executor (http://localhost:9876/_karma_webpack_/webpack:/node_modules/@angular-devkit/build-angular/node_modules/@babel/runtime/helpers/esm/asyncToGenerator.js:22:1)
    at new ZoneAwarePromise (http://localhost:9876/_karma_webpack_/webpack:/node_modules/zone.js/fesm2015/zone.js:2702:25)
    at UserContext.apply (http://localhost:9876/_karma_webpack_/webpack:/node_modules/@angular-devkit/build-angular/node_modules/@babel/runtime/helpers/esm/asyncToGenerator.js:14:1)
    at _ZoneDelegate.invoke (http://localhost:9876/_karma_webpack_/webpack:/node_modules/zone.js/fesm2015/zone.js:369:28)
    at ProxyZoneSpec.onInvoke (http://localhost:9876/_karma_webpack_/webpack:/node_modules/zone.js/fesm2015/zone-testing.js:2081:39)
    at _ZoneDelegate.invoke (http://localhost:9876/_karma_webpack_/webpack:/node_modules/zone.js/fesm2015/zone.js:368:34)
[1A[2K[31mChrome Headless 140.0.0.0 (Mac OS 10.15.7) OCRService Comprobante de Domicilio Data Extraction should identify utility provider FAILED[39m
	Error: Network error
	    at UserContext.<anonymous> (src/app/services/ocr.service.spec.ts:95:55)
	    at Generator.next (<anonymous>)
	    at asyncGeneratorStep (node_modules/@angular-devkit/build-angular/node_modules/@babel/runtime/helpers/esm/asyncToGenerator.js:3:1)
	    at _next (node_modules/@angular-devkit/build-angular/node_modules/@babel/runtime/helpers/esm/asyncToGenerator.js:17:1)
	    at executor (node_modules/@angular-devkit/build-angular/node_modules/@babel/runtime/helpers/esm/asyncToGenerator.js:22:1)
	    at new ZoneAwarePromise (node_modules/zone.js/fesm2015/zone.js:2702:25)
	    at UserContext.apply (node_modules/@angular-devkit/build-angular/node_modules/@babel/runtime/helpers/esm/asyncToGenerator.js:14:1)
	    at _ZoneDelegate.invoke (node_modules/zone.js/fesm2015/zone.js:369:28)
	    at ProxyZoneSpec.onInvoke (node_modules/zone.js/fesm2015/zone-testing.js:2081:39)
	    at _ZoneDelegate.invoke (node_modules/zone.js/fesm2015/zone.js:368:34)
Chrome Headless 140.0.0.0 (Mac OS 10.15.7): Executed 167 of 985[31m (63 FAILED)[39m (0 secs / 31.168 secs)
[1A[2KERROR: [36m'Error initializing OCR worker:', Error: Network error
Error: Network error
    at UserContext.<anonymous> (http://localhost:9876/_karma_webpack_/webpack:/src/app/services/ocr.service.spec.ts:95:55)
    at Generator.next (<anonymous>)
    at asyncGeneratorStep (http://localhost:9876/_karma_webpack_/webpack:/node_modules/@angular-devkit/build-angular/node_modules/@babel/runtime/helpers/esm/asyncToGenerator.js:3:1)
    at _next (http://localhost:9876/_karma_webpack_/webpack:/node_modules/@angular-devkit/build-angular/node_modules/@babel/runtime/helpers/esm/asyncToGenerator.js:17:1)
    at executor (http://localhost:9876/_karma_webpack_/webpack:/node_modules/@angular-devkit/build-angular/node_modules/@babel/runtime/helpers/esm/asyncToGenerator.js:22:1)
    at new ZoneAwarePromise (http://localhost:9876/_karma_webpack_/webpack:/node_modules/zone.js/fesm2015/zone.js:2702:25)
    at UserContext.apply (http://localhost:9876/_karma_webpack_/webpack:/node_modules/@angular-devkit/build-angular/node_modules/@babel/runtime/helpers/esm/asyncToGenerator.js:14:1)
    at _ZoneDelegate.invoke (http://localhost:9876/_karma_webpack_/webpack:/node_modules/zone.js/fesm2015/zone.js:369:28)
    at ProxyZoneSpec.onInvoke (http://localhost:9876/_karma_webpack_/webpack:/node_modules/zone.js/fesm2015/zone-testing.js:2081:39)
    at _ZoneDelegate.invoke (http://localhost:9876/_karma_webpack_/webpack:/node_modules/zone.js/fesm2015/zone.js:368:34)[39m
Chrome Headless 140.0.0.0 (Mac OS 10.15.7): Executed 167 of 985[31m (63 FAILED)[39m (0 secs / 31.168 secs)
ERROR: 'Error initializing OCR worker:', Error: Network error
Error: Network error
    at UserContext.<anonymous> (http://localhost:9876/_karma_webpack_/webpack:/src/app/services/ocr.service.spec.ts:95:55)
    at Generator.next (<anonymous>)
    at asyncGeneratorStep (http://localhost:9876/_karma_webpack_/webpack:/node_modules/@angular-devkit/build-angular/node_modules/@babel/runtime/helpers/esm/asyncToGenerator.js:3:1)
    at _next (http://localhost:9876/_karma_webpack_/webpack:/node_modules/@angular-devkit/build-angular/node_modules/@babel/runtime/helpers/esm/asyncToGenerator.js:17:1)
    at executor (http://localhost:9876/_karma_webpack_/webpack:/node_modules/@angular-devkit/build-angular/node_modules/@babel/runtime/helpers/esm/asyncToGenerator.js:22:1)
    at new ZoneAwarePromise (http://localhost:9876/_karma_webpack_/webpack:/node_modules/zone.js/fesm2015/zone.js:2702:25)
    at UserContext.apply (http://localhost:9876/_karma_webpack_/webpack:/node_modules/@angular-devkit/build-angular/node_modules/@babel/runtime/helpers/esm/asyncToGenerator.js:14:1)
    at _ZoneDelegate.invoke (http://localhost:9876/_karma_webpack_/webpack:/node_modules/zone.js/fesm2015/zone.js:369:28)
    at ProxyZoneSpec.onInvoke (http://localhost:9876/_karma_webpack_/webpack:/node_modules/zone.js/fesm2015/zone-testing.js:2081:39)
    at _ZoneDelegate.invoke (http://localhost:9876/_karma_webpack_/webpack:/node_modules/zone.js/fesm2015/zone.js:368:34)
[1A[2K[31mChrome Headless 140.0.0.0 (Mac OS 10.15.7) OCRService Comprobante de Domicilio Data Extraction should extract address information FAILED[39m
	Error: Network error
	    at UserContext.<anonymous> (src/app/services/ocr.service.spec.ts:95:55)
	    at Generator.next (<anonymous>)
	    at asyncGeneratorStep (node_modules/@angular-devkit/build-angular/node_modules/@babel/runtime/helpers/esm/asyncToGenerator.js:3:1)
	    at _next (node_modules/@angular-devkit/build-angular/node_modules/@babel/runtime/helpers/esm/asyncToGenerator.js:17:1)
	    at executor (node_modules/@angular-devkit/build-angular/node_modules/@babel/runtime/helpers/esm/asyncToGenerator.js:22:1)
	    at new ZoneAwarePromise (node_modules/zone.js/fesm2015/zone.js:2702:25)
	    at UserContext.apply (node_modules/@angular-devkit/build-angular/node_modules/@babel/runtime/helpers/esm/asyncToGenerator.js:14:1)
	    at _ZoneDelegate.invoke (node_modules/zone.js/fesm2015/zone.js:369:28)
	    at ProxyZoneSpec.onInvoke (node_modules/zone.js/fesm2015/zone-testing.js:2081:39)
	    at _ZoneDelegate.invoke (node_modules/zone.js/fesm2015/zone.js:368:34)
Chrome Headless 140.0.0.0 (Mac OS 10.15.7): Executed 168 of 985[31m (64 FAILED)[39m (0 secs / 31.168 secs)
[1A[2KERROR: [36m'Error initializing OCR worker:', Error: Network error
Error: Network error
    at UserContext.<anonymous> (http://localhost:9876/_karma_webpack_/webpack:/src/app/services/ocr.service.spec.ts:95:55)
    at Generator.next (<anonymous>)
    at asyncGeneratorStep (http://localhost:9876/_karma_webpack_/webpack:/node_modules/@angular-devkit/build-angular/node_modules/@babel/runtime/helpers/esm/asyncToGenerator.js:3:1)
    at _next (http://localhost:9876/_karma_webpack_/webpack:/node_modules/@angular-devkit/build-angular/node_modules/@babel/runtime/helpers/esm/asyncToGenerator.js:17:1)
    at executor (http://localhost:9876/_karma_webpack_/webpack:/node_modules/@angular-devkit/build-angular/node_modules/@babel/runtime/helpers/esm/asyncToGenerator.js:22:1)
    at new ZoneAwarePromise (http://localhost:9876/_karma_webpack_/webpack:/node_modules/zone.js/fesm2015/zone.js:2702:25)
    at UserContext.apply (http://localhost:9876/_karma_webpack_/webpack:/node_modules/@angular-devkit/build-angular/node_modules/@babel/runtime/helpers/esm/asyncToGenerator.js:14:1)
    at _ZoneDelegate.invoke (http://localhost:9876/_karma_webpack_/webpack:/node_modules/zone.js/fesm2015/zone.js:369:28)
    at ProxyZoneSpec.onInvoke (http://localhost:9876/_karma_webpack_/webpack:/node_modules/zone.js/fesm2015/zone-testing.js:2081:39)
    at _ZoneDelegate.invoke (http://localhost:9876/_karma_webpack_/webpack:/node_modules/zone.js/fesm2015/zone.js:368:34)[39m
Chrome Headless 140.0.0.0 (Mac OS 10.15.7): Executed 168 of 985[31m (64 FAILED)[39m (0 secs / 31.168 secs)
ERROR: 'Error initializing OCR worker:', Error: Network error
Error: Network error
    at UserContext.<anonymous> (http://localhost:9876/_karma_webpack_/webpack:/src/app/services/ocr.service.spec.ts:95:55)
    at Generator.next (<anonymous>)
    at asyncGeneratorStep (http://localhost:9876/_karma_webpack_/webpack:/node_modules/@angular-devkit/build-angular/node_modules/@babel/runtime/helpers/esm/asyncToGenerator.js:3:1)
    at _next (http://localhost:9876/_karma_webpack_/webpack:/node_modules/@angular-devkit/build-angular/node_modules/@babel/runtime/helpers/esm/asyncToGenerator.js:17:1)
    at executor (http://localhost:9876/_karma_webpack_/webpack:/node_modules/@angular-devkit/build-angular/node_modules/@babel/runtime/helpers/esm/asyncToGenerator.js:22:1)
    at new ZoneAwarePromise (http://localhost:9876/_karma_webpack_/webpack:/node_modules/zone.js/fesm2015/zone.js:2702:25)
    at UserContext.apply (http://localhost:9876/_karma_webpack_/webpack:/node_modules/@angular-devkit/build-angular/node_modules/@babel/runtime/helpers/esm/asyncToGenerator.js:14:1)
    at _ZoneDelegate.invoke (http://localhost:9876/_karma_webpack_/webpack:/node_modules/zone.js/fesm2015/zone.js:369:28)
    at ProxyZoneSpec.onInvoke (http://localhost:9876/_karma_webpack_/webpack:/node_modules/zone.js/fesm2015/zone-testing.js:2081:39)
    at _ZoneDelegate.invoke (http://localhost:9876/_karma_webpack_/webpack:/node_modules/zone.js/fesm2015/zone.js:368:34)
[1A[2K[31mChrome Headless 140.0.0.0 (Mac OS 10.15.7) OCRService RFC Data Extraction should extract taxpayer name FAILED[39m
	Error: Network error
	    at UserContext.<anonymous> (src/app/services/ocr.service.spec.ts:95:55)
	    at Generator.next (<anonymous>)
	    at asyncGeneratorStep (node_modules/@angular-devkit/build-angular/node_modules/@babel/runtime/helpers/esm/asyncToGenerator.js:3:1)
	    at _next (node_modules/@angular-devkit/build-angular/node_modules/@babel/runtime/helpers/esm/asyncToGenerator.js:17:1)
	    at executor (node_modules/@angular-devkit/build-angular/node_modules/@babel/runtime/helpers/esm/asyncToGenerator.js:22:1)
	    at new ZoneAwarePromise (node_modules/zone.js/fesm2015/zone.js:2702:25)
	    at UserContext.apply (node_modules/@angular-devkit/build-angular/node_modules/@babel/runtime/helpers/esm/asyncToGenerator.js:14:1)
	    at _ZoneDelegate.invoke (node_modules/zone.js/fesm2015/zone.js:369:28)
	    at ProxyZoneSpec.onInvoke (node_modules/zone.js/fesm2015/zone-testing.js:2081:39)
	    at _ZoneDelegate.invoke (node_modules/zone.js/fesm2015/zone.js:368:34)
Chrome Headless 140.0.0.0 (Mac OS 10.15.7): Executed 169 of 985[31m (65 FAILED)[39m (0 secs / 31.169 secs)
[1A[2KERROR: [36m'Error initializing OCR worker:', Error: Network error
Error: Network error
    at UserContext.<anonymous> (http://localhost:9876/_karma_webpack_/webpack:/src/app/services/ocr.service.spec.ts:95:55)
    at Generator.next (<anonymous>)
    at asyncGeneratorStep (http://localhost:9876/_karma_webpack_/webpack:/node_modules/@angular-devkit/build-angular/node_modules/@babel/runtime/helpers/esm/asyncToGenerator.js:3:1)
    at _next (http://localhost:9876/_karma_webpack_/webpack:/node_modules/@angular-devkit/build-angular/node_modules/@babel/runtime/helpers/esm/asyncToGenerator.js:17:1)
    at executor (http://localhost:9876/_karma_webpack_/webpack:/node_modules/@angular-devkit/build-angular/node_modules/@babel/runtime/helpers/esm/asyncToGenerator.js:22:1)
    at new ZoneAwarePromise (http://localhost:9876/_karma_webpack_/webpack:/node_modules/zone.js/fesm2015/zone.js:2702:25)
    at UserContext.apply (http://localhost:9876/_karma_webpack_/webpack:/node_modules/@angular-devkit/build-angular/node_modules/@babel/runtime/helpers/esm/asyncToGenerator.js:14:1)
    at _ZoneDelegate.invoke (http://localhost:9876/_karma_webpack_/webpack:/node_modules/zone.js/fesm2015/zone.js:369:28)
    at ProxyZoneSpec.onInvoke (http://localhost:9876/_karma_webpack_/webpack:/node_modules/zone.js/fesm2015/zone-testing.js:2081:39)
    at _ZoneDelegate.invoke (http://localhost:9876/_karma_webpack_/webpack:/node_modules/zone.js/fesm2015/zone.js:368:34)[39m
Chrome Headless 140.0.0.0 (Mac OS 10.15.7): Executed 169 of 985[31m (65 FAILED)[39m (0 secs / 31.169 secs)
ERROR: 'Error initializing OCR worker:', Error: Network error
Error: Network error
    at UserContext.<anonymous> (http://localhost:9876/_karma_webpack_/webpack:/src/app/services/ocr.service.spec.ts:95:55)
    at Generator.next (<anonymous>)
    at asyncGeneratorStep (http://localhost:9876/_karma_webpack_/webpack:/node_modules/@angular-devkit/build-angular/node_modules/@babel/runtime/helpers/esm/asyncToGenerator.js:3:1)
    at _next (http://localhost:9876/_karma_webpack_/webpack:/node_modules/@angular-devkit/build-angular/node_modules/@babel/runtime/helpers/esm/asyncToGenerator.js:17:1)
    at executor (http://localhost:9876/_karma_webpack_/webpack:/node_modules/@angular-devkit/build-angular/node_modules/@babel/runtime/helpers/esm/asyncToGenerator.js:22:1)
    at new ZoneAwarePromise (http://localhost:9876/_karma_webpack_/webpack:/node_modules/zone.js/fesm2015/zone.js:2702:25)
    at UserContext.apply (http://localhost:9876/_karma_webpack_/webpack:/node_modules/@angular-devkit/build-angular/node_modules/@babel/runtime/helpers/esm/asyncToGenerator.js:14:1)
    at _ZoneDelegate.invoke (http://localhost:9876/_karma_webpack_/webpack:/node_modules/zone.js/fesm2015/zone.js:369:28)
    at ProxyZoneSpec.onInvoke (http://localhost:9876/_karma_webpack_/webpack:/node_modules/zone.js/fesm2015/zone-testing.js:2081:39)
    at _ZoneDelegate.invoke (http://localhost:9876/_karma_webpack_/webpack:/node_modules/zone.js/fesm2015/zone.js:368:34)
[1A[2K[31mChrome Headless 140.0.0.0 (Mac OS 10.15.7) OCRService RFC Data Extraction should extract RFC code FAILED[39m
	Error: Network error
	    at UserContext.<anonymous> (src/app/services/ocr.service.spec.ts:95:55)
	    at Generator.next (<anonymous>)
	    at asyncGeneratorStep (node_modules/@angular-devkit/build-angular/node_modules/@babel/runtime/helpers/esm/asyncToGenerator.js:3:1)
	    at _next (node_modules/@angular-devkit/build-angular/node_modules/@babel/runtime/helpers/esm/asyncToGenerator.js:17:1)
	    at executor (node_modules/@angular-devkit/build-angular/node_modules/@babel/runtime/helpers/esm/asyncToGenerator.js:22:1)
	    at new ZoneAwarePromise (node_modules/zone.js/fesm2015/zone.js:2702:25)
	    at UserContext.apply (node_modules/@angular-devkit/build-angular/node_modules/@babel/runtime/helpers/esm/asyncToGenerator.js:14:1)
	    at _ZoneDelegate.invoke (node_modules/zone.js/fesm2015/zone.js:369:28)
	    at ProxyZoneSpec.onInvoke (node_modules/zone.js/fesm2015/zone-testing.js:2081:39)
	    at _ZoneDelegate.invoke (node_modules/zone.js/fesm2015/zone.js:368:34)
Chrome Headless 140.0.0.0 (Mac OS 10.15.7): Executed 170 of 985[31m (66 FAILED)[39m (0 secs / 31.169 secs)
[1A[2KChrome Headless 140.0.0.0 (Mac OS 10.15.7): Executed 171 of 985[31m (66 FAILED)[39m (0 secs / 31.17 secs)
[1A[2KChrome Headless 140.0.0.0 (Mac OS 10.15.7): Executed 172 of 985[31m (66 FAILED)[39m (0 secs / 31.17 secs)
[1A[2KChrome Headless 140.0.0.0 (Mac OS 10.15.7): Executed 173 of 985[31m (66 FAILED)[39m (0 secs / 31.17 secs)
[1A[2K[31mChrome Headless 140.0.0.0 (Mac OS 10.15.7) OCRService Document Type Validation should handle unknown document types FAILED[39m
	Expected NaN to be 0.
	    at <Jasmine>
	    at UserContext.apply (src/app/services/ocr.service.spec.ts:348:37)
	    at _ZoneDelegate.invoke (node_modules/zone.js/fesm2015/zone.js:369:28)
	    at ProxyZoneSpec.onInvoke (node_modules/zone.js/fesm2015/zone-testing.js:2081:39)
	    at _ZoneDelegate.invoke (node_modules/zone.js/fesm2015/zone.js:368:34)
Chrome Headless 140.0.0.0 (Mac OS 10.15.7): Executed 174 of 985[31m (67 FAILED)[39m (0 secs / 31.172 secs)
[1A[2KChrome Headless 140.0.0.0 (Mac OS 10.15.7): Executed 175 of 985[31m (67 FAILED)[39m (0 secs / 31.172 secs)
[1A[2KChrome Headless 140.0.0.0 (Mac OS 10.15.7): Executed 176 of 985[31m (67 FAILED)[39m (0 secs / 31.173 secs)
[1A[2KChrome Headless 140.0.0.0 (Mac OS 10.15.7): Executed 177 of 985[31m (67 FAILED)[39m (0 secs / 31.174 secs)
[1A[2KChrome Headless 140.0.0.0 (Mac OS 10.15.7): Executed 178 of 985[31m (67 FAILED)[39m (0 secs / 31.174 secs)
[1A[2KChrome Headless 140.0.0.0 (Mac OS 10.15.7): Executed 179 of 985[31m (67 FAILED)[39m (0 secs / 31.175 secs)
[1A[2KChrome Headless 140.0.0.0 (Mac OS 10.15.7): Executed 180 of 985[31m (67 FAILED)[39m (0 secs / 31.175 secs)
[1A[2KChrome Headless 140.0.0.0 (Mac OS 10.15.7): Executed 181 of 985[31m (67 FAILED)[39m (0 secs / 31.176 secs)
[1A[2KChrome Headless 140.0.0.0 (Mac OS 10.15.7): Executed 182 of 985[31m (67 FAILED)[39m (0 secs / 31.176 secs)
[1A[2KChrome Headless 140.0.0.0 (Mac OS 10.15.7): Executed 183 of 985[31m (67 FAILED)[39m (0 secs / 31.176 secs)
[1A[2KChrome Headless 140.0.0.0 (Mac OS 10.15.7): Executed 184 of 985[31m (67 FAILED)[39m (0 secs / 31.177 secs)
[1A[2KChrome Headless 140.0.0.0 (Mac OS 10.15.7): Executed 185 of 985[31m (67 FAILED)[39m (0 secs / 31.177 secs)
[1A[2KChrome Headless 140.0.0.0 (Mac OS 10.15.7): Executed 186 of 985[31m (67 FAILED)[39m (0 secs / 31.178 secs)
[1A[2KChrome Headless 140.0.0.0 (Mac OS 10.15.7): Executed 187 of 985[31m (67 FAILED)[39m (0 secs / 31.178 secs)
[1A[2KChrome Headless 140.0.0.0 (Mac OS 10.15.7): Executed 188 of 985[31m (67 FAILED)[39m (0 secs / 31.178 secs)
[1A[2KChrome Headless 140.0.0.0 (Mac OS 10.15.7): Executed 189 of 985[31m (67 FAILED)[39m (0 secs / 31.179 secs)
[1A[2KChrome Headless 140.0.0.0 (Mac OS 10.15.7): Executed 190 of 985[31m (67 FAILED)[39m (0 secs / 31.381 secs)
[1A[2KChrome Headless 140.0.0.0 (Mac OS 10.15.7): Executed 191 of 985[31m (67 FAILED)[39m (0 secs / 31.382 secs)
[1A[2KChrome Headless 140.0.0.0 (Mac OS 10.15.7): Executed 192 of 985[31m (67 FAILED)[39m (0 secs / 31.584 secs)
[1A[2KChrome Headless 140.0.0.0 (Mac OS 10.15.7): Executed 193 of 985[31m (67 FAILED)[39m (0 secs / 31.585 secs)
[1A[2KChrome Headless 140.0.0.0 (Mac OS 10.15.7): Executed 194 of 985[31m (67 FAILED)[39m (0 secs / 31.586 secs)
[1A[2KChrome Headless 140.0.0.0 (Mac OS 10.15.7): Executed 195 of 985[31m (67 FAILED)[39m (0 secs / 31.586 secs)
[1A[2KChrome Headless 140.0.0.0 (Mac OS 10.15.7): Executed 196 of 985[31m (67 FAILED)[39m (0 secs / 31.587 secs)
[1A[2KChrome Headless 140.0.0.0 (Mac OS 10.15.7): Executed 197 of 985[31m (67 FAILED)[39m (0 secs / 31.789 secs)
[1A[2KChrome Headless 140.0.0.0 (Mac OS 10.15.7): Executed 198 of 985[31m (67 FAILED)[39m (0 secs / 31.993 secs)
[1A[2KChrome Headless 140.0.0.0 (Mac OS 10.15.7): Executed 199 of 985[31m (67 FAILED)[39m (0 secs / 31.994 secs)
[1A[2KChrome Headless 140.0.0.0 (Mac OS 10.15.7): Executed 200 of 985[31m (67 FAILED)[39m (0 secs / 31.995 secs)
[1A[2KChrome Headless 140.0.0.0 (Mac OS 10.15.7): Executed 201 of 985[31m (67 FAILED)[39m (0 secs / 31.996 secs)
[1A[2KChrome Headless 140.0.0.0 (Mac OS 10.15.7): Executed 202 of 985[31m (67 FAILED)[39m (0 secs / 31.996 secs)
[1A[2KChrome Headless 140.0.0.0 (Mac OS 10.15.7): Executed 203 of 985[31m (67 FAILED)[39m (0 secs / 31.996 secs)
[1A[2KChrome Headless 140.0.0.0 (Mac OS 10.15.7): Executed 204 of 985[31m (67 FAILED)[39m (0 secs / 31.997 secs)
[1A[2KChrome Headless 140.0.0.0 (Mac OS 10.15.7): Executed 205 of 985[31m (67 FAILED)[39m (0 secs / 32.211 secs)
[1A[2KChrome Headless 140.0.0.0 (Mac OS 10.15.7): Executed 206 of 985[31m (67 FAILED)[39m (0 secs / 32.213 secs)
[1A[2KChrome Headless 140.0.0.0 (Mac OS 10.15.7): Executed 207 of 985[31m (67 FAILED)[39m (0 secs / 32.214 secs)
[1A[2KChrome Headless 140.0.0.0 (Mac OS 10.15.7): Executed 208 of 985[31m (67 FAILED)[39m (0 secs / 32.216 secs)
[1A[2KChrome Headless 140.0.0.0 (Mac OS 10.15.7): Executed 209 of 985[31m (67 FAILED)[39m (0 secs / 32.217 secs)
[1A[2KChrome Headless 140.0.0.0 (Mac OS 10.15.7): Executed 210 of 985[31m (67 FAILED)[39m (0 secs / 32.218 secs)
[1A[2KChrome Headless 140.0.0.0 (Mac OS 10.15.7): Executed 211 of 985[31m (67 FAILED)[39m (0 secs / 32.218 secs)
[1A[2KChrome Headless 140.0.0.0 (Mac OS 10.15.7): Executed 212 of 985[31m (67 FAILED)[39m (0 secs / 32.218 secs)
[1A[2KChrome Headless 140.0.0.0 (Mac OS 10.15.7): Executed 213 of 985[31m (67 FAILED)[39m (0 secs / 32.219 secs)
[1A[2KChrome Headless 140.0.0.0 (Mac OS 10.15.7): Executed 214 of 985[31m (67 FAILED)[39m (0 secs / 32.22 secs)
[1A[2KChrome Headless 140.0.0.0 (Mac OS 10.15.7): Executed 215 of 985[31m (67 FAILED)[39m (0 secs / 32.221 secs)
[1A[2KChrome Headless 140.0.0.0 (Mac OS 10.15.7): Executed 216 of 985[31m (67 FAILED)[39m (0 secs / 32.221 secs)
[1A[2KChrome Headless 140.0.0.0 (Mac OS 10.15.7): Executed 217 of 985[31m (67 FAILED)[39m (0 secs / 32.222 secs)
[1A[2KChrome Headless 140.0.0.0 (Mac OS 10.15.7): Executed 218 of 985[31m (67 FAILED)[39m (0 secs / 32.223 secs)
[1A[2KChrome Headless 140.0.0.0 (Mac OS 10.15.7): Executed 219 of 985[31m (67 FAILED)[39m (0 secs / 32.224 secs)
[1A[2KChrome Headless 140.0.0.0 (Mac OS 10.15.7): Executed 220 of 985[31m (67 FAILED)[39m (0 secs / 32.224 secs)
[1A[2KChrome Headless 140.0.0.0 (Mac OS 10.15.7): Executed 221 of 985[31m (67 FAILED)[39m (0 secs / 32.225 secs)
[1A[2KChrome Headless 140.0.0.0 (Mac OS 10.15.7): Executed 222 of 985[31m (67 FAILED)[39m (0 secs / 32.228 secs)
[1A[2KChrome Headless 140.0.0.0 (Mac OS 10.15.7): Executed 223 of 985[31m (67 FAILED)[39m (0 secs / 32.23 secs)
[1A[2KChrome Headless 140.0.0.0 (Mac OS 10.15.7): Executed 224 of 985[31m (67 FAILED)[39m (0 secs / 32.231 secs)
[1A[2KChrome Headless 140.0.0.0 (Mac OS 10.15.7): Executed 225 of 985[31m (67 FAILED)[39m (0 secs / 32.232 secs)
[1A[2KChrome Headless 140.0.0.0 (Mac OS 10.15.7): Executed 226 of 985[31m (67 FAILED)[39m (0 secs / 32.233 secs)
[1A[2KChrome Headless 140.0.0.0 (Mac OS 10.15.7): Executed 227 of 985[31m (67 FAILED)[39m (0 secs / 32.233 secs)
[1A[2KChrome Headless 140.0.0.0 (Mac OS 10.15.7): Executed 228 of 985[31m (67 FAILED)[39m (0 secs / 32.234 secs)
[1A[2KChrome Headless 140.0.0.0 (Mac OS 10.15.7): Executed 229 of 985[31m (67 FAILED)[39m (0 secs / 32.236 secs)
[1A[2KChrome Headless 140.0.0.0 (Mac OS 10.15.7): Executed 230 of 985[31m (67 FAILED)[39m (0 secs / 32.237 secs)
[1A[2KChrome Headless 140.0.0.0 (Mac OS 10.15.7): Executed 231 of 985[31m (67 FAILED)[39m (0 secs / 32.238 secs)
[1A[2KChrome Headless 140.0.0.0 (Mac OS 10.15.7): Executed 232 of 985[31m (67 FAILED)[39m (0 secs / 32.238 secs)
[1A[2KChrome Headless 140.0.0.0 (Mac OS 10.15.7): Executed 233 of 985[31m (67 FAILED)[39m (0 secs / 32.441 secs)
[1A[2KChrome Headless 140.0.0.0 (Mac OS 10.15.7): Executed 234 of 985[31m (67 FAILED)[39m (0 secs / 32.442 secs)
[1A[2KChrome Headless 140.0.0.0 (Mac OS 10.15.7): Executed 235 of 985[31m (67 FAILED)[39m (0 secs / 32.443 secs)
[1A[2KChrome Headless 140.0.0.0 (Mac OS 10.15.7): Executed 236 of 985[31m (67 FAILED)[39m (0 secs / 32.444 secs)
[1A[2KChrome Headless 140.0.0.0 (Mac OS 10.15.7): Executed 237 of 985[31m (67 FAILED)[39m (0 secs / 32.445 secs)
[1A[2KChrome Headless 140.0.0.0 (Mac OS 10.15.7): Executed 238 of 985[31m (67 FAILED)[39m (0 secs / 32.516 secs)
[1A[2KChrome Headless 140.0.0.0 (Mac OS 10.15.7): Executed 239 of 985[31m (67 FAILED)[39m (0 secs / 32.519 secs)
[1A[2KChrome Headless 140.0.0.0 (Mac OS 10.15.7): Executed 240 of 985[31m (67 FAILED)[39m (0 secs / 32.522 secs)
[1A[2KChrome Headless 140.0.0.0 (Mac OS 10.15.7): Executed 241 of 985[31m (67 FAILED)[39m (0 secs / 32.525 secs)
[1A[2KChrome Headless 140.0.0.0 (Mac OS 10.15.7): Executed 242 of 985[31m (67 FAILED)[39m (0 secs / 32.527 secs)
[1A[2KChrome Headless 140.0.0.0 (Mac OS 10.15.7): Executed 243 of 985[31m (67 FAILED)[39m (0 secs / 32.53 secs)
[1A[2K[31mChrome Headless 140.0.0.0 (Mac OS 10.15.7) ClienteFormComponent should update existing client with valid form data FAILED[39m
	Expected spy ToastService.success to have been called with:
	  [ 'Cliente actualizado exitosamente' ]
	but actual calls were:
	  [ 'Cliente actualizado correctamente' ].
	
	Call 0:
	  Expected $[0] = 'Cliente actualizado correctamente' to equal 'Cliente actualizado exitosamente'.
	Error: Expected spy ToastService.success to have been called with:
	  [ 'Cliente actualizado exitosamente' ]
	but actual calls were:
	  [ 'Cliente actualizado correctamente' ].
	Call 0:
	  Expected $[0] = 'Cliente actualizado correctamente' to equal 'Cliente actualizado exitosamente'.
	    at <Jasmine>
	    at UserContext.apply (src/app/components/pages/clientes/cliente-form.component.spec.ts:180:38)
	    at _ZoneDelegate.invoke (node_modules/zone.js/fesm2015/zone.js:369:28)
	    at ProxyZoneSpec.onInvoke (node_modules/zone.js/fesm2015/zone-testing.js:2081:39)
	    at _ZoneDelegate.invoke (node_modules/zone.js/fesm2015/zone.js:368:34)
	Expected spy Router.navigate to have been called with:
	  [ [ '/clientes', '1' ] ]
	but actual calls were:
	  [ [ '/clientes' ] ].
	
	Call 0:
	  Expected $[0].length = 1 to equal 2.
	  Expected $[0][1] = undefined to equal '1'.
	Error: Expected spy Router.navigate to have been called with:
	  [ [ '/clientes', '1' ] ]
	but actual calls were:
	  [ [ '/clientes' ] ].
	Call 0:
	  Expected $[0].length = 1 to equal 2.
	  Expected $[0][1] = undefined to equal '1'.
	    at <Jasmine>
	    at UserContext.apply (src/app/components/pages/clientes/cliente-form.component.spec.ts:181:33)
	    at _ZoneDelegate.invoke (node_modules/zone.js/fesm2015/zone.js:369:28)
	    at ProxyZoneSpec.onInvoke (node_modules/zone.js/fesm2015/zone-testing.js:2081:39)
	    at _ZoneDelegate.invoke (node_modules/zone.js/fesm2015/zone.js:368:34)
Chrome Headless 140.0.0.0 (Mac OS 10.15.7): Executed 244 of 985[31m (68 FAILED)[39m (0 secs / 32.533 secs)
[1A[2KChrome Headless 140.0.0.0 (Mac OS 10.15.7): Executed 245 of 985[31m (68 FAILED)[39m (0 secs / 32.535 secs)
[1A[2K[31mChrome Headless 140.0.0.0 (Mac OS 10.15.7) ClienteFormComponent should create new client with valid form data FAILED[39m
	Expected spy ToastService.success to have been called with:
	  [ 'Cliente creado exitosamente' ]
	but actual calls were:
	  [ 'Cliente creado correctamente' ].
	
	Call 0:
	  Expected $[0] = 'Cliente creado correctamente' to equal 'Cliente creado exitosamente'.
	Error: Expected spy ToastService.success to have been called with:
	  [ 'Cliente creado exitosamente' ]
	but actual calls were:
	  [ 'Cliente creado correctamente' ].
	Call 0:
	  Expected $[0] = 'Cliente creado correctamente' to equal 'Cliente creado exitosamente'.
	    at <Jasmine>
	    at UserContext.apply (src/app/components/pages/clientes/cliente-form.component.spec.ts:144:38)
	    at _ZoneDelegate.invoke (node_modules/zone.js/fesm2015/zone.js:369:28)
	    at ProxyZoneSpec.onInvoke (node_modules/zone.js/fesm2015/zone-testing.js:2081:39)
	    at _ZoneDelegate.invoke (node_modules/zone.js/fesm2015/zone.js:368:34)
Chrome Headless 140.0.0.0 (Mac OS 10.15.7): Executed 246 of 985[31m (69 FAILED)[39m (0 secs / 32.537 secs)
[1A[2KChrome Headless 140.0.0.0 (Mac OS 10.15.7): Executed 247 of 985[31m (69 FAILED)[39m (0 secs / 32.541 secs)
[1A[2KChrome Headless 140.0.0.0 (Mac OS 10.15.7): Executed 248 of 985[31m (69 FAILED)[39m (0 secs / 32.543 secs)
[1A[2KChrome Headless 140.0.0.0 (Mac OS 10.15.7): Executed 249 of 985[31m (69 FAILED)[39m (0 secs / 32.545 secs)
[1A[2KChrome Headless 140.0.0.0 (Mac OS 10.15.7): Executed 250 of 985[31m (69 FAILED)[39m (0 secs / 32.546 secs)
[1A[2KChrome Headless 140.0.0.0 (Mac OS 10.15.7): Executed 251 of 985[31m (69 FAILED)[39m (0 secs / 32.547 secs)
[1A[2K[31mChrome Headless 140.0.0.0 (Mac OS 10.15.7) ClienteFormComponent should initialize form with default values for new client FAILED[39m
	Expected '' to be 'aguascalientes'.
	    at <Jasmine>
	    at UserContext.apply (src/app/components/pages/clientes/cliente-form.component.spec.ts:81:56)
	    at _ZoneDelegate.invoke (node_modules/zone.js/fesm2015/zone.js:369:28)
	    at ProxyZoneSpec.onInvoke (node_modules/zone.js/fesm2015/zone-testing.js:2081:39)
	    at _ZoneDelegate.invoke (node_modules/zone.js/fesm2015/zone.js:368:34)
	Expected '' to be 'Venta a Plazo'.
	    at <Jasmine>
	    at UserContext.apply (src/app/components/pages/clientes/cliente-form.component.spec.ts:82:54)
	    at _ZoneDelegate.invoke (node_modules/zone.js/fesm2015/zone.js:369:28)
	    at ProxyZoneSpec.onInvoke (node_modules/zone.js/fesm2015/zone-testing.js:2081:39)
	    at _ZoneDelegate.invoke (node_modules/zone.js/fesm2015/zone.js:368:34)
Chrome Headless 140.0.0.0 (Mac OS 10.15.7): Executed 252 of 985[31m (70 FAILED)[39m (0 secs / 32.55 secs)
[1A[2KChrome Headless 140.0.0.0 (Mac OS 10.15.7): Executed 253 of 985[31m (70 FAILED)[39m (0 secs / 32.552 secs)
[1A[2KChrome Headless 140.0.0.0 (Mac OS 10.15.7): Executed 254 of 985[31m (70 FAILED)[39m (0 secs / 32.577 secs)
[1A[2KChrome Headless 140.0.0.0 (Mac OS 10.15.7): Executed 255 of 985[31m (70 FAILED)[39m (0 secs / 32.579 secs)
[1A[2KChrome Headless 140.0.0.0 (Mac OS 10.15.7): Executed 256 of 985[31m (70 FAILED)[39m (0 secs / 32.583 secs)
[1A[2KChrome Headless 140.0.0.0 (Mac OS 10.15.7): Executed 257 of 985[31m (70 FAILED)[39m (0 secs / 32.886 secs)
[1A[2KChrome Headless 140.0.0.0 (Mac OS 10.15.7): Executed 258 of 985[31m (70 FAILED)[39m (0 secs / 33.089 secs)
[1A[2KChrome Headless 140.0.0.0 (Mac OS 10.15.7): Executed 259 of 985[31m (70 FAILED)[39m (0 secs / 33.293 secs)
[1A[2KChrome Headless 140.0.0.0 (Mac OS 10.15.7): Executed 260 of 985[31m (70 FAILED)[39m (0 secs / 33.596 secs)
[1A[2KChrome Headless 140.0.0.0 (Mac OS 10.15.7): Executed 261 of 985[31m (70 FAILED)[39m (0 secs / 33.799 secs)
[1A[2KChrome Headless 140.0.0.0 (Mac OS 10.15.7): Executed 262 of 985[31m (70 FAILED)[39m (0 secs / 34.004 secs)
[1A[2KChrome Headless 140.0.0.0 (Mac OS 10.15.7): Executed 263 of 985[31m (70 FAILED)[39m (0 secs / 34.207 secs)
[1A[2KChrome Headless 140.0.0.0 (Mac OS 10.15.7): Executed 264 of 985[31m (70 FAILED)[39m (0 secs / 34.411 secs)
[1A[2KChrome Headless 140.0.0.0 (Mac OS 10.15.7): Executed 265 of 985[31m (70 FAILED)[39m (0 secs / 34.615 secs)
[1A[2K[31mChrome Headless 140.0.0.0 (Mac OS 10.15.7) BusinessRulesService Ecosystem Validation Edge Cases should properly identify required vs optional documents FAILED[39m
	Expected [ 'Acta Constitutiva del Ecosistema', 'RFC del Ecosistema', 'Padrón de Socios Actualizado', 'Acta de Asamblea de Aprobación' ] to contain 'Estado de Cuenta Bancario del Ecosistema'.
	    at <Jasmine>
	    at UserContext.apply (src/app/services/business-rules.service.spec.ts:612:28)
	    at _ZoneDelegate.invoke (node_modules/zone.js/fesm2015/zone.js:369:28)
	    at ProxyZoneSpec.onInvoke (node_modules/zone.js/fesm2015/zone-testing.js:2081:39)
	    at _ZoneDelegate.invoke (node_modules/zone.js/fesm2015/zone.js:368:34)
Chrome Headless 140.0.0.0 (Mac OS 10.15.7): Executed 266 of 985[31m (71 FAILED)[39m (0 secs / 34.617 secs)
[1A[2KChrome Headless 140.0.0.0 (Mac OS 10.15.7): Executed 267 of 985[31m (71 FAILED)[39m (0 secs / 35.419 secs)
[1A[2KChrome Headless 140.0.0.0 (Mac OS 10.15.7): Executed 268 of 985[31m (71 FAILED)[39m (0 secs / 35.42 secs)
[1A[2KChrome Headless 140.0.0.0 (Mac OS 10.15.7): Executed 269 of 985[31m (71 FAILED)[39m (0 secs / 35.421 secs)
[1A[2KChrome Headless 140.0.0.0 (Mac OS 10.15.7): Executed 270 of 985[31m (71 FAILED)[39m (0 secs / 35.422 secs)
[1A[2KChrome Headless 140.0.0.0 (Mac OS 10.15.7): Executed 271 of 985[31m (71 FAILED)[39m (0 secs / 35.422 secs)
[1A[2KChrome Headless 140.0.0.0 (Mac OS 10.15.7): Executed 272 of 985[31m (71 FAILED)[39m (0 secs / 35.423 secs)
[1A[2KChrome Headless 140.0.0.0 (Mac OS 10.15.7): Executed 273 of 985[31m (71 FAILED)[39m (0 secs / 35.424 secs)
[1A[2KChrome Headless 140.0.0.0 (Mac OS 10.15.7): Executed 274 of 985[31m (71 FAILED)[39m (0 secs / 35.425 secs)
[1A[2KChrome Headless 140.0.0.0 (Mac OS 10.15.7): Executed 275 of 985[31m (71 FAILED)[39m (0 secs / 35.425 secs)
[1A[2KChrome Headless 140.0.0.0 (Mac OS 10.15.7): Executed 276 of 985[31m (71 FAILED)[39m (0 secs / 35.425 secs)
[1A[2KChrome Headless 140.0.0.0 (Mac OS 10.15.7): Executed 277 of 985[31m (71 FAILED)[39m (0 secs / 35.426 secs)
[1A[2KChrome Headless 140.0.0.0 (Mac OS 10.15.7): Executed 278 of 985[31m (71 FAILED)[39m (0 secs / 35.427 secs)
[1A[2KChrome Headless 140.0.0.0 (Mac OS 10.15.7): Executed 279 of 985[31m (71 FAILED)[39m (0 secs / 35.427 secs)
[1A[2KChrome Headless 140.0.0.0 (Mac OS 10.15.7): Executed 280 of 985[31m (71 FAILED)[39m (0 secs / 35.427 secs)
[1A[2KChrome Headless 140.0.0.0 (Mac OS 10.15.7): Executed 281 of 985[31m (71 FAILED)[39m (0 secs / 35.931 secs)
[1A[2KChrome Headless 140.0.0.0 (Mac OS 10.15.7): Executed 282 of 985[31m (71 FAILED)[39m (0 secs / 36.434 secs)
[1A[2KChrome Headless 140.0.0.0 (Mac OS 10.15.7): Executed 283 of 985[31m (71 FAILED)[39m (0 secs / 36.938 secs)
[1A[2KChrome Headless 140.0.0.0 (Mac OS 10.15.7): Executed 284 of 985[31m (71 FAILED)[39m (0 secs / 37.442 secs)
[1A[2KChrome Headless 140.0.0.0 (Mac OS 10.15.7): Executed 285 of 985[31m (71 FAILED)[39m (0 secs / 37.946 secs)
[1A[2KChrome Headless 140.0.0.0 (Mac OS 10.15.7): Executed 286 of 985[31m (71 FAILED)[39m (0 secs / 38.45 secs)
[1A[2KChrome Headless 140.0.0.0 (Mac OS 10.15.7): Executed 287 of 985[31m (71 FAILED)[39m (0 secs / 38.953 secs)
[1A[2KChrome Headless 140.0.0.0 (Mac OS 10.15.7): Executed 288 of 985[31m (71 FAILED)[39m (0 secs / 39.457 secs)
[1A[2KChrome Headless 140.0.0.0 (Mac OS 10.15.7): Executed 289 of 985[31m (71 FAILED)[39m (0 secs / 39.458 secs)
[1A[2KChrome Headless 140.0.0.0 (Mac OS 10.15.7): Executed 290 of 985[31m (71 FAILED)[39m (0 secs / 39.459 secs)
[1A[2KChrome Headless 140.0.0.0 (Mac OS 10.15.7): Executed 291 of 985[31m (71 FAILED)[39m (0 secs / 39.46 secs)
[1A[2KChrome Headless 140.0.0.0 (Mac OS 10.15.7): Executed 292 of 985[31m (71 FAILED)[39m (0 secs / 39.461 secs)
[1A[2KChrome Headless 140.0.0.0 (Mac OS 10.15.7): Executed 293 of 985[31m (71 FAILED)[39m (0 secs / 39.462 secs)
[1A[2KChrome Headless 140.0.0.0 (Mac OS 10.15.7): Executed 294 of 985[31m (71 FAILED)[39m (0 secs / 39.464 secs)
[1A[2KChrome Headless 140.0.0.0 (Mac OS 10.15.7): Executed 295 of 985[31m (71 FAILED)[39m (0 secs / 39.465 secs)
[1A[2KChrome Headless 140.0.0.0 (Mac OS 10.15.7): Executed 296 of 985[31m (71 FAILED)[39m (0 secs / 39.466 secs)
[1A[2KChrome Headless 140.0.0.0 (Mac OS 10.15.7): Executed 297 of 985[31m (71 FAILED)[39m (0 secs / 39.466 secs)
[1A[2KChrome Headless 140.0.0.0 (Mac OS 10.15.7): Executed 298 of 985[31m (71 FAILED)[39m (0 secs / 39.466 secs)
[1A[2KChrome Headless 140.0.0.0 (Mac OS 10.15.7): Executed 299 of 985[31m (71 FAILED)[39m (0 secs / 39.467 secs)
[1A[2KChrome Headless 140.0.0.0 (Mac OS 10.15.7): Executed 300 of 985[31m (71 FAILED)[39m (0 secs / 39.468 secs)
[1A[2KChrome Headless 140.0.0.0 (Mac OS 10.15.7): Executed 301 of 985[31m (71 FAILED)[39m (0 secs / 39.468 secs)
[1A[2KChrome Headless 140.0.0.0 (Mac OS 10.15.7): Executed 302 of 985[31m (71 FAILED)[39m (0 secs / 39.772 secs)
[1A[2KChrome Headless 140.0.0.0 (Mac OS 10.15.7): Executed 303 of 985[31m (71 FAILED)[39m (0 secs / 39.774 secs)
[1A[2K[31mChrome Headless 140.0.0.0 (Mac OS 10.15.7) BusinessRulesService Ecosystem Validation should validate ecosystem for EdoMex client FAILED[39m
	Expected false to be true.
	    at <Jasmine>
	    at Object.next (src/app/services/business-rules.service.spec.ts:320:36)
	    at ConsumerObserver.next (node_modules/rxjs/dist/esm/internal/Subscriber.js:91:33)
	    at SafeSubscriber._next (node_modules/rxjs/dist/esm/internal/Subscriber.js:60:26)
	    at SafeSubscriber.next (node_modules/rxjs/dist/esm/internal/Subscriber.js:31:18)
Chrome Headless 140.0.0.0 (Mac OS 10.15.7): Executed 304 of 985[31m (72 FAILED)[39m (0 secs / 40.578 secs)
[1A[2KChrome Headless 140.0.0.0 (Mac OS 10.15.7): Executed 305 of 985[31m (72 FAILED)[39m (0 secs / 41.381 secs)
[1A[2KChrome Headless 140.0.0.0 (Mac OS 10.15.7): Executed 306 of 985[31m (72 FAILED)[39m (0 secs / 41.385 secs)
[1A[2KChrome Headless 140.0.0.0 (Mac OS 10.15.7): Executed 307 of 985[31m (72 FAILED)[39m (0 secs / 41.386 secs)
[1A[2KChrome Headless 140.0.0.0 (Mac OS 10.15.7): Executed 308 of 985[31m (72 FAILED)[39m (0 secs / 41.388 secs)
[1A[2KChrome Headless 140.0.0.0 (Mac OS 10.15.7): Executed 309 of 985[31m (72 FAILED)[39m (0 secs / 41.389 secs)
[1A[2KChrome Headless 140.0.0.0 (Mac OS 10.15.7): Executed 310 of 985[31m (72 FAILED)[39m (0 secs / 41.39 secs)
[1A[2KChrome Headless 140.0.0.0 (Mac OS 10.15.7): Executed 311 of 985[31m (72 FAILED)[39m (0 secs / 41.495 secs)
[1A[2KChrome Headless 140.0.0.0 (Mac OS 10.15.7): Executed 312 of 985[31m (72 FAILED)[39m (0 secs / 41.497 secs)
[1A[2KChrome Headless 140.0.0.0 (Mac OS 10.15.7): Executed 313 of 985[31m (72 FAILED)[39m (0 secs / 41.499 secs)
[1A[2KChrome Headless 140.0.0.0 (Mac OS 10.15.7): Executed 314 of 985[31m (72 FAILED)[39m (0 secs / 42.303 secs)
[1A[2KChrome Headless 140.0.0.0 (Mac OS 10.15.7): Executed 315 of 985[31m (72 FAILED)[39m (0 secs / 43.107 secs)
[1A[2KChrome Headless 140.0.0.0 (Mac OS 10.15.7): Executed 316 of 985[31m (72 FAILED)[39m (0 secs / 43.109 secs)
[1A[2KChrome Headless 140.0.0.0 (Mac OS 10.15.7): Executed 317 of 985[31m (72 FAILED)[39m (0 secs / 43.11 secs)
[1A[2KChrome Headless 140.0.0.0 (Mac OS 10.15.7): Executed 318 of 985[31m (72 FAILED)[39m (0 secs / 43.111 secs)
[1A[2KChrome Headless 140.0.0.0 (Mac OS 10.15.7): Executed 319 of 985[31m (72 FAILED)[39m (0 secs / 43.112 secs)
[1A[2KChrome Headless 140.0.0.0 (Mac OS 10.15.7): Executed 320 of 985[31m (72 FAILED)[39m (0 secs / 43.114 secs)
[1A[2KChrome Headless 140.0.0.0 (Mac OS 10.15.7): Executed 321 of 985[31m (72 FAILED)[39m (0 secs / 43.115 secs)
[1A[2KChrome Headless 140.0.0.0 (Mac OS 10.15.7): Executed 322 of 985[31m (72 FAILED)[39m (0 secs / 43.116 secs)
[1A[2KChrome Headless 140.0.0.0 (Mac OS 10.15.7): Executed 323 of 985[31m (72 FAILED)[39m (0 secs / 43.117 secs)
[1A[2KChrome Headless 140.0.0.0 (Mac OS 10.15.7): Executed 324 of 985[31m (72 FAILED)[39m (0 secs / 43.118 secs)
[1A[2KChrome Headless 140.0.0.0 (Mac OS 10.15.7): Executed 325 of 985[31m (72 FAILED)[39m (0 secs / 43.119 secs)
[1A[2KChrome Headless 140.0.0.0 (Mac OS 10.15.7): Executed 326 of 985[31m (72 FAILED)[39m (0 secs / 43.12 secs)
[1A[2KChrome Headless 140.0.0.0 (Mac OS 10.15.7): Executed 327 of 985[31m (72 FAILED)[39m (0 secs / 43.121 secs)
[1A[2KChrome Headless 140.0.0.0 (Mac OS 10.15.7): Executed 328 of 985[31m (72 FAILED)[39m (0 secs / 43.123 secs)
[1A[2KChrome Headless 140.0.0.0 (Mac OS 10.15.7): Executed 329 of 985[31m (72 FAILED)[39m (0 secs / 43.124 secs)
[1A[2KChrome Headless 140.0.0.0 (Mac OS 10.15.7): Executed 330 of 985[31m (72 FAILED)[39m (0 secs / 43.226 secs)
[1A[2KChrome Headless 140.0.0.0 (Mac OS 10.15.7): Executed 331 of 985[31m (72 FAILED)[39m (0 secs / 43.33 secs)
[1A[2KChrome Headless 140.0.0.0 (Mac OS 10.15.7): Executed 332 of 985[31m (72 FAILED)[39m (0 secs / 43.486 secs)
[1A[2KChrome Headless 140.0.0.0 (Mac OS 10.15.7): Executed 333 of 985[31m (72 FAILED)[39m (0 secs / 43.59 secs)
[1A[2KChrome Headless 140.0.0.0 (Mac OS 10.15.7): Executed 334 of 985[31m (72 FAILED)[39m (skipped 1) (0 secs / 43.591 secs)
[1A[2KChrome Headless 140.0.0.0 (Mac OS 10.15.7): Executed 335 of 985[31m (72 FAILED)[39m (skipped 1) (0 secs / 44.095 secs)
[1A[2KChrome Headless 140.0.0.0 (Mac OS 10.15.7): Executed 336 of 985[31m (72 FAILED)[39m (skipped 1) (0 secs / 44.6 secs)
[1A[2KChrome Headless 140.0.0.0 (Mac OS 10.15.7): Executed 337 of 985[31m (72 FAILED)[39m (skipped 1) (0 secs / 45.404 secs)
[1A[2KChrome Headless 140.0.0.0 (Mac OS 10.15.7): Executed 338 of 985[31m (72 FAILED)[39m (skipped 1) (0 secs / 45.406 secs)
[1A[2KChrome Headless 140.0.0.0 (Mac OS 10.15.7): Executed 339 of 985[31m (72 FAILED)[39m (skipped 1) (0 secs / 45.407 secs)
[1A[2KChrome Headless 140.0.0.0 (Mac OS 10.15.7): Executed 340 of 985[31m (72 FAILED)[39m (skipped 1) (0 secs / 46.21 secs)
[1A[2K[31mChrome Headless 140.0.0.0 (Mac OS 10.15.7) LoginComponent Integration Tests should handle form submission with valid data FAILED[39m
	TestingLibraryElementError: Unable to find an accessible element with the role "button" and name `/iniciar sesión/i`
	
	Here are the accessible roles:
	
	  link:
	
	  Name "":
	  <a
	    class="jasmine-title"
	    href="http://jasmine.github.io/"
	    target="_blank"
	  />
	
	  --------------------------------------------------
	  list:
	
	  Name "":
	  <ul
	    class="jasmine-symbol-summary"
	  />
	
	  --------------------------------------------------
	  listitem:
	
	  Name "LoadingService Service Initialization should return false for initial isLoading state":
	  <li
	    class="jasmine-passed"
	    id="spec_spec478"
	    title="LoadingService Service Initialization should return false for initial isLoading state"
	  />
	
	  Name "LoadingService Service Initialization should initialize with loading false":
	  <li
	    class="jasmine-passed"
	    id="spec_spec477"
	    title="LoadingService Service Initialization should initialize with loading false"
	  />
	
	  Name "LoadingService Service Initialization should be created":
	  <li
	    class="jasmine-passed"
	    id="spec_spec476"
	    title="LoadingService Service Initialization should be created"
	  />
	
	  Name "LoadingService Basic Loading Control should show loading":
	  <li
	    class="jasmine-passed"
	    id="spec_spec479"
	    title="LoadingService Basic Loading Control should show loading"
	  />
	
	  Name "LoadingService Basic Loading Control should not hide loading when already hidden":
	  <li
	    class="jasmine-passed"
	    id="spec_spec482"
	    title="LoadingService Basic Loading Control should not hide loading when already hidden"
	  />
	
	  Name "LoadingService Basic Loading Control should not show loading multiple times without identifiers":
	  <li
	    class="jasmine-passed"
	    id="spec_spec481"
	    title="LoadingService Basic Loading Control should not show loading multiple times without identifiers"
	  />
	
	  Name "LoadingService Basic Loading Control should hide loading":
	  <li
	    class="jasmine-passed"
	    id="spec_spec480"
	    title="LoadingService Basic Loading Control should hide loading"
	  />
	
	  Name "LoadingService Identifier-based Loading Control should handle hiding identifier multiple times":
	  <li
	    class="jasmine-passed"
	    id="spec_spec488"
	    title="LoadingService Identifier-based Loading Control should handle hiding identifier multiple times"
	  />
	
	  Name "LoadingService Identifier-based Loading Control should handle hiding non-existent identifier":
	  <li
	    class="jasmine-passed"
	    id="spec_spec487"
	    title="LoadingService Identifier-based Loading Control should handle hiding non-existent identifier"
	  />
	
	  Name "LoadingService Identifier-based Loading Control should show loading with identifier":
	  <li
	    class="jasmine-passed"
	    id="spec_spec483"
	    title="LoadingService Identifier-based Loading Control should show loading with identifier"
	  />
	
	  Name "LoadingService Identifier-based Loading Control should not add duplicate identifiers":
	  <li
	    class="jasmine-passed"
	    id="spec_spec486"
	    title="LoadingService Identifier-based Loading Control should not add duplicate identifiers"
	  />
	
	  Name "LoadingService Identifier-based Loading Control should manage multiple identifiers":
	  <li
	    class="jasmine-passed"
	    id="spec_spec485"
	    title="LoadingService Identifier-based Loading Control should manage multiple identifiers"
	  />
	
	  Name "LoadingService Identifier-based Loading Control should hide loading with identifier":
	  <li
	    class="jasmine-passed"
	    id="spec_spec484"
	    title="LoadingService Identifier-based Loading Control should hide loading with identifier"
	  />
	
	  Name "LoadingService Observable Behavior should support multiple subscribers":
	  <li
	    class="jasmine-passed"
	    id="spec_spec503"
	    title="LoadingService Observable Behavior should support multiple subscribers"
	  />
	
	  Name "LoadingService Observable Behavior should emit loading state changes":
	  <li
	    class="jasmine-passed"
	    id="spec_spec501"
	    title="LoadingService Observable Behavior should emit loading state changes"
	  />
	
	  Name "LoadingService Observable Behavior should not emit duplicate states":
	  <li
	    class="jasmine-passed"
	    id="spec_spec502"
	    title="LoadingService Observable Behavior should not emit duplicate states"
	  />
	
	  Name "LoadingService SetLoading Alias Method should work without identifier":
	  <li
	    class="jasmine-passed"
	    id="spec_spec496"
	    title="LoadingService SetLoading Alias Method should work without identifier"
	  />
	
	  Name "LoadingService SetLoading Alias Method should hide loading when setLoading(false)":
	  <li
	    class="jasmine-passed"
	    id="spec_spec495"
	    title="LoadingService SetLoading Alias Method should hide loading when setLoading(false)"
	  />
	
	  Name "LoadingService SetLoading Alias Method should show loading when setLoading(true)":
	  <li
	    class="jasmine-passed"
	    id="spec_spec494"
	    title="LoadingService SetLoading Alias Method should show loading when setLoading(true)"
	  />
	
	  Name "LoadingService Edge Cases and Error Handling should handle mixed identifier and non-identifier operations":
	  <li
	    class="jasmine-passed"
	    id="spec_spec498"
	    title="LoadingService Edge Cases and Error Handling should handle mixed identifier and non-identifier operations"
	  />
	
	  Name "LoadingService Edge Cases and Error Handling should handle rapid show/hide calls":
	  <li
	    class="jasmine-passed"
	    id="spec_spec497"
	    title="LoadingService Edge Cases and Error Handling should handle rapid show/hide calls"
	  />
	
	  Name "LoadingService Edge Cases and Error Handling should maintain state consistency after force hide":
	  <li
	    class="jasmine-passed"
	    id="spec_spec500"
	    title="LoadingService Edge Cases and Error Handling should maintain state consistency after force hide"
	  />
	
	  Name "LoadingService Edge Cases and Error Handling should handle empty string identifier":
	  <li
	    class="jasmine-passed"
	    id="spec_spec499"
	    title="LoadingService Edge Cases and Error Handling should handle empty string identifier"
	  />
	
	  Name "LoadingService Force Hide Functionality should force hide loading even with active identifiers":
	  <li
	    class="jasmine-passed"
	    id="spec_spec489"
	    title="LoadingService Force Hide Functionality should force hide loading even with active identifiers"
	  />
	
	  Name "LoadingService Force Hide Functionality should clear all identifiers on force hide":
	  <li
	    class="jasmine-passed"
	    id="spec_spec490"
	    title="LoadingService Force Hide Functionality should clear all identifiers on force hide"
	  />
	
	  Name "LoadingService Duration-based Loading should show loading for duration with identifier":
	  <li
	    class="jasmine-passed"
	    id="spec_spec492"
	    title="LoadingService Duration-based Loading should show loading for duration with identifier"
	  />
	
	  Name "LoadingService Duration-based Loading should show loading for specific duration":
	  <li
	    class="jasmine-passed"
	    id="spec_spec491"
	    title="LoadingService Duration-based Loading should show loading for specific duration"
	  />
	
	  Name "LoadingService Duration-based Loading should handle multiple timed operations":
	  <li
	    class="jasmine-passed"
	    id="spec_spec493"
	    title="LoadingService Duration-based Loading should handle multiple timed operations"
	  />
	
	  Name "AuthService Login Functionality should fail login with invalid credentials":
	  <li
	    class="jasmine-passed"
	    id="spec_spec53"
	    title="AuthService Login Functionality should fail login with invalid credentials"
	  />
	
	  Name "AuthService Login Functionality should login with valid demo credentials":
	  <li
	    class="jasmine-passed"
	    id="spec_spec52"
	    title="AuthService Login Functionality should login with valid demo credentials"
	  />
	
	  Name "AuthService Login Functionality should store token in localStorage after successful login":
	  <li
	    class="jasmine-passed"
	    id="spec_spec56"
	    title="AuthService Login Functionality should store token in localStorage after successful login"
	  />
	
	  Name "AuthService Login Functionality should set user as authenticated after successful login":
	  <li
	    class="jasmine-passed"
	    id="spec_spec55"
	    title="AuthService Login Functionality should set user as authenticated after successful login"
	  />
	
	  Name "AuthService Login Functionality should fail login with non-corporate email":
	  <li
	    class="jasmine-passed"
	    id="spec_spec54"
	    title="AuthService Login Functionality should fail login with non-corporate email"
	  />
	
	  Name "AuthService Basic Service Setup should initialize as not authenticated":
	  <li
	    class="jasmine-passed"
	    id="spec_spec51"
	    title="AuthService Basic Service Setup should initialize as not authenticated"
	  />
	
	  Name "AuthService Basic Service Setup should be created":
	  <li
	    class="jasmine-passed"
	    id="spec_spec49"
	    title="AuthService Basic Service Setup should be created"
	  />
	
	  Name "AuthService Basic Service Setup should initialize with no authenticated user":
	  <li
	    class="jasmine-passed"
	    id="spec_spec50"
	    title="AuthService Basic Service Setup should initialize with no authenticated user"
	  />
	
	  Name "AuthService Logout Functionality should clear user data on logout":
	  <li
	    class="jasmine-passed"
	    id="spec_spec75"
	    title="AuthService Logout Functionality should clear user data on logout"
	  />
	
	  Name "AuthService Logout Functionality should clear authentication state on logout":
	  <li
	    class="jasmine-passed"
	    id="spec_spec74"
	    title="AuthService Logout Functionality should clear authentication state on logout"
	  />
	
	  Name "AuthService Logout Functionality should remove token from localStorage on logout":
	  <li
	    class="jasmine-passed"
	    id="spec_spec76"
	    title="AuthService Logout Functionality should remove token from localStorage on logout"
	  />
	
	  Name "AuthService Email Availability Check should return available for new email":
	  <li
	    class="jasmine-passed"
	    id="spec_spec71"
	    title="AuthService Email Availability Check should return available for new email"
	  />
	
	  Name "AuthService Email Availability Check should return not available for pending registration email":
	  <li
	    class="jasmine-passed"
	    id="spec_spec73"
	    title="AuthService Email Availability Check should return not available for pending registration email"
	  />
	
	  Name "AuthService Email Availability Check should return not available for existing email":
	  <li
	    class="jasmine-passed"
	    id="spec_spec72"
	    title="AuthService Email Availability Check should return not available for existing email"
	  />
	
	  Name "AuthService Email Verification should successfully verify email with valid token":
	  <li
	    class="jasmine-passed"
	    id="spec_spec68"
	    title="AuthService Email Verification should successfully verify email with valid token"
	  />
	
	  Name "AuthService Email Verification should fail verification with invalid token":
	  <li
	    class="jasmine-passed"
	    id="spec_spec69"
	    title="AuthService Email Verification should fail verification with invalid token"
	  />
	
	  Name "AuthService Email Verification should update registration status after verification":
	  <li
	    class="jasmine-passed"
	    id="spec_spec70"
	    title="AuthService Email Verification should update registration status after verification"
	  />
	
	  Name "AuthService Token Management should detect old token as expired":
	  <li
	    class="jasmine-passed"
	    id="spec_spec59"
	    title="AuthService Token Management should detect old token as expired"
	  />
	
	  Name "AuthService Token Management should detect valid token as not expired":
	  <li
	    class="jasmine-failed"
	    id="spec_spec58"
	    title="AuthService Token Management should detect valid token as not expired"
	  />
	
	  Name "AuthService Token Management should detect invalid token format as expired":
	  <li
	    class="jasmine-passed"
	    id="spec_spec60"
	    title="AuthService Token Management should detect invalid token format as expired"
	  />
	
	  Name "AuthService Token Management should retrieve stored token":
	  <li
	    class="jasmine-passed"
	    id="spec_spec57"
	    title="AuthService Token Management should retrieve stored token"
	  />
	
	  Name "AuthService Registration Functionality should fail registration without privacy acceptance":
	  <li
	    class="jasmine-passed"
	    id="spec_spec63"
	    title="AuthService Registration Functionality should fail registration without privacy acceptance"
	  />
	
	  Name "AuthService Registration Functionality should successfully register with valid data":
	  <li
	    class="jasmine-passed"
	    id="spec_spec61"
	    title="AuthService Registration Functionality should successfully register with valid data"
	  />
	
	  Name "AuthService Registration Functionality should fail registration without terms acceptance":
	  <li
	    class="jasmine-passed"
	    id="spec_spec62"
	    title="AuthService Registration Functionality should fail registration without terms acceptance"
	  />
	
	  Name "AuthService Registration Functionality should fail registration with non-corporate email":
	  <li
	    class="jasmine-passed"
	    id="spec_spec65"
	    title="AuthService Registration Functionality should fail registration with non-corporate email"
	  />
	
	  Name "AuthService Registration Functionality should fail registration with existing email":
	  <li
	    class="jasmine-passed"
	    id="spec_spec66"
	    title="AuthService Registration Functionality should fail registration with existing email"
	  />
	
	  Name "AuthService Registration Functionality should fail registration with mismatched passwords":
	  <li
	    class="jasmine-passed"
	    id="spec_spec64"
	    title="AuthService Registration Functionality should fail registration with mismatched passwords"
	  />
	
	  Name "AuthService Registration Functionality should store pending registration in localStorage":
	  <li
	    class="jasmine-passed"
	    id="spec_spec67"
	    title="AuthService Registration Functionality should store pending registration in localStorage"
	  />
	
	  Name "CreditScoringService Service Initialization should have SCORING_CONFIG defined":
	  <li
	    class="jasmine-failed"
	    id="spec_spec296"
	    title="CreditScoringService Service Initialization should have SCORING_CONFIG defined"
	  />
	
	  Name "CreditScoringService Service Initialization should initialize internal storage maps":
	  <li
	    class="jasmine-failed"
	    id="spec_spec297"
	    title="CreditScoringService Service Initialization should initialize internal storage maps"
	  />
	
	  Name "CreditScoringService Service Initialization should be created":
	  <li
	    class="jasmine-failed"
	    id="spec_spec295"
	    title="CreditScoringService Service Initialization should be created"
	  />
	
	  Name "CreditScoringService Scoring Recommendations should get VentaDirecta recommendations":
	  <li
	    class="jasmine-failed"
	    id="spec_spec308"
	    title="CreditScoringService Scoring Recommendations should get VentaDirecta recommendations"
	  />
	
	  Name "CreditScoringService Scoring Recommendations should get CreditoColectivo recommendations":
	  <li
	    class="jasmine-failed"
	    id="spec_spec311"
	    title="CreditScoringService Scoring Recommendations should get CreditoColectivo recommendations"
	  />
	
	  Name "CreditScoringService Scoring Recommendations should get AhorroProgramado recommendations":
	  <li
	    class="jasmine-failed"
	    id="spec_spec312"
	    title="CreditScoringService Scoring Recommendations should get AhorroProgramado recommendations"
	  />
	
	  Name "CreditScoringService Scoring Recommendations should get VentaPlazo recommendations for AGS":
	  <li
	    class="jasmine-failed"
	    id="spec_spec309"
	    title="CreditScoringService Scoring Recommendations should get VentaPlazo recommendations for AGS"
	  />
	
	  Name "CreditScoringService Scoring Recommendations should return default recommendations for unknown flow":
	  <li
	    class="jasmine-failed"
	    id="spec_spec313"
	    title="CreditScoringService Scoring Recommendations should return default recommendations for unknown flow"
	  />
	
	  Name "CreditScoringService Scoring Recommendations should get VentaPlazo recommendations for EdoMex":
	  <li
	    class="jasmine-failed"
	    id="spec_spec310"
	    title="CreditScoringService Scoring Recommendations should get VentaPlazo recommendations for EdoMex"
	  />
	
	  Name "CreditScoringService Scoring Validity Check should invalidate expired scoring":
	  <li
	    class="jasmine-failed"
	    id="spec_spec327"
	    title="CreditScoringService Scoring Validity Check should invalidate expired scoring"
	  />
	
	  Name "CreditScoringService Scoring Validity Check should validate non-expired scoring":
	  <li
	    class="jasmine-failed"
	    id="spec_spec326"
	    title="CreditScoringService Scoring Validity Check should validate non-expired scoring"
	  />
	
	  Name "CreditScoringService Scoring Validity Check should return false for non-existent scoring":
	  <li
	    class="jasmine-failed"
	    id="spec_spec328"
	    title="CreditScoringService Scoring Validity Check should return false for non-existent scoring"
	  />
	
	  Name "CreditScoringService Scoring Simulation should set expiration date correctly":
	  <li
	    class="jasmine-failed"
	    id="spec_spec321"
	    title="CreditScoringService Scoring Simulation should set expiration date correctly"
	  />
	
	  Name "CreditScoringService Scoring Simulation should simulate scoring with low score for risky client":
	  <li
	    class="jasmine-failed"
	    id="spec_spec315"
	    title="CreditScoringService Scoring Simulation should simulate scoring with low score for risky client"
	  />
	
	  Name "CreditScoringService Scoring Simulation should apply market bonus for Aguascalientes":
	  <li
	    class="jasmine-failed"
	    id="spec_spec316"
	    title="CreditScoringService Scoring Simulation should apply market bonus for Aguascalientes"
	  />
	
	  Name "CreditScoringService Scoring Simulation should set correct interest rates by market":
	  <li
	    class="jasmine-failed"
	    id="spec_spec318"
	    title="CreditScoringService Scoring Simulation should set correct interest rates by market"
	  />
	
	  Name "CreditScoringService Scoring Simulation should include reasons for rejection":
	  <li
	    class="jasmine-failed"
	    id="spec_spec320"
	    title="CreditScoringService Scoring Simulation should include reasons for rejection"
	  />
	
	  Name "CreditScoringService Scoring Simulation should apply business flow bonuses correctly":
	  <li
	    class="jasmine-failed"
	    id="spec_spec317"
	    title="CreditScoringService Scoring Simulation should apply business flow bonuses correctly"
	  />
	
	  Name "CreditScoringService Scoring Simulation should include conditions for conditional approval":
	  <li
	    class="jasmine-failed"
	    id="spec_spec319"
	    title="CreditScoringService Scoring Simulation should include conditions for conditional approval"
	  />
	
	  Name "CreditScoringService Scoring Simulation should simulate scoring with high score for good client":
	  <li
	    class="jasmine-failed"
	    id="spec_spec314"
	    title="CreditScoringService Scoring Simulation should simulate scoring with high score for good client"
	  />
	
	  Name "CreditScoringService Credit Scoring Process should get scoring status correctly":
	  <li
	    class="jasmine-failed"
	    id="spec_spec301"
	    title="CreditScoringService Credit Scoring Process should get scoring status correctly"
	  />
	
	  Name "CreditScoringService Credit Scoring Process should return null for non-existent scoring ID":
	  <li
	    class="jasmine-failed"
	    id="spec_spec300"
	    title="CreditScoringService Credit Scoring Process should return null for non-existent scoring ID"
	  />
	
	  Name "CreditScoringService Credit Scoring Process should return null for non-existent status ID":
	  <li
	    class="jasmine-failed"
	    id="spec_spec302"
	    title="CreditScoringService Credit Scoring Process should return null for non-existent status ID"
	  />
	
	  Name "CreditScoringService Credit Scoring Process should initiate credit scoring request":
	  <li
	    class="jasmine-failed"
	    id="spec_spec298"
	    title="CreditScoringService Credit Scoring Process should initiate credit scoring request"
	  />
	
	  Name "CreditScoringService Credit Scoring Process should store scoring result after processing":
	  <li
	    class="jasmine-failed"
	    id="spec_spec299"
	    title="CreditScoringService Credit Scoring Process should store scoring result after processing"
	  />
	
	  Name "CreditScoringService Risk Level Assignment should assign correct risk levels":
	  <li
	    class="jasmine-failed"
	    id="spec_spec330"
	    title="CreditScoringService Risk Level Assignment should assign correct risk levels"
	  />
	
	  Name "CreditScoringService Score Grading System should assign correct grades for score ranges":
	  <li
	    class="jasmine-failed"
	    id="spec_spec329"
	    title="CreditScoringService Score Grading System should assign correct grades for score ranges"
	  />
	
	  Name "CreditScoringService Scoring Prerequisites Validation should validate client is ready for scoring":
	  <li
	    class="jasmine-failed"
	    id="spec_spec303"
	    title="CreditScoringService Scoring Prerequisites Validation should validate client is ready for scoring"
	  />
	
	  Name "CreditScoringService Scoring Prerequisites Validation should identify multiple missing requirements":
	  <li
	    class="jasmine-failed"
	    id="spec_spec307"
	    title="CreditScoringService Scoring Prerequisites Validation should identify multiple missing requirements"
	  />
	
	  Name "CreditScoringService Scoring Prerequisites Validation should identify missing INE document":
	  <li
	    class="jasmine-failed"
	    id="spec_spec304"
	    title="CreditScoringService Scoring Prerequisites Validation should identify missing INE document"
	  />
	
	  Name "CreditScoringService Scoring Prerequisites Validation should identify missing KYC verification":
	  <li
	    class="jasmine-failed"
	    id="spec_spec306"
	    title="CreditScoringService Scoring Prerequisites Validation should identify missing KYC verification"
	  />
	
	  Name "CreditScoringService Scoring Prerequisites Validation should identify missing comprobante document":
	  <li
	    class="jasmine-failed"
	    id="spec_spec305"
	    title="CreditScoringService Scoring Prerequisites Validation should identify missing comprobante document"
	  />
	
	  Name "CreditScoringService Scoring Retry Functionality should fail retry for non-existent original scoring":
	  <li
	    class="jasmine-failed"
	    id="spec_spec323"
	    title="CreditScoringService Scoring Retry Functionality should fail retry for non-existent original scoring"
	  />
	
	  Name "CreditScoringService Scoring Retry Functionality should retry scoring with updated information":
	  <li
	    class="jasmine-failed"
	    id="spec_spec322"
	    title="CreditScoringService Scoring Retry Functionality should retry scoring with updated information"
	  />
	
	  Name "CreditScoringService Edge Cases and Error Handling should handle zero or negative income gracefully":
	  <li
	    class="jasmine-failed"
	    id="spec_spec333"
	    title="CreditScoringService Edge Cases and Error Handling should handle zero or negative income gracefully"
	  />
	
	  Name "CreditScoringService Edge Cases and Error Handling should handle maximum score bounds":
	  <li
	    class="jasmine-failed"
	    id="spec_spec332"
	    title="CreditScoringService Edge Cases and Error Handling should handle maximum score bounds"
	  />
	
	  Name "CreditScoringService Edge Cases and Error Handling should handle minimum score bounds":
	  <li
	    class="jasmine-failed"
	    id="spec_spec331"
	    title="CreditScoringService Edge Cases and Error Handling should handle minimum score bounds"
	  />
	
	  Name "CreditScoringService Client Scoring History should return empty array for client with no scorings":
	  <li
	    class="jasmine-failed"
	    id="spec_spec325"
	    title="CreditScoringService Client Scoring History should return empty array for client with no scorings"
	  />
	
	  Name "CreditScoringService Client Scoring History should get client scoring history":
	  <li
	    class="jasmine-failed"
	    id="spec_spec324"
	    title="CreditScoringService Client Scoring History should get client scoring history"
	  />
	
	  Name "Integration Smoke should pass basic integration smoke test":
	  <li
	    class="jasmine-passed"
	    id="spec_spec11"
	    title="Integration Smoke should pass basic integration smoke test"
	  />
	
	  Name "FinancialCalculatorService Scenario Policy Validation should handle step-down without reduction percentage":
	  <li
	    class="jasmine-passed"
	    id="spec_spec422"
	    title="FinancialCalculatorService Scenario Policy Validation should handle step-down without reduction percentage"
	  />
	
	  Name "FinancialCalculatorService Scenario Policy Validation should validate unknown scenario type":
	  <li
	    class="jasmine-passed"
	    id="spec_spec421"
	    title="FinancialCalculatorService Scenario Policy Validation should validate unknown scenario type"
	  />
	
	  Name "FinancialCalculatorService Scenario Policy Validation should validate defer scenario within limits":
	  <li
	    class="jasmine-passed"
	    id="spec_spec417"
	    title="FinancialCalculatorService Scenario Policy Validation should validate defer scenario within limits"
	  />
	
	  Name "FinancialCalculatorService Scenario Policy Validation should validate step-down scenario within limits":
	  <li
	    class="jasmine-passed"
	    id="spec_spec419"
	    title="FinancialCalculatorService Scenario Policy Validation should validate step-down scenario within limits"
	  />
	
	  Name "FinancialCalculatorService Scenario Policy Validation should reject step-down scenario exceeding reduction limit":
	  <li
	    class="jasmine-passed"
	    id="spec_spec420"
	    title="FinancialCalculatorService Scenario Policy Validation should reject step-down scenario exceeding reduction limit"
	  />
	
	  Name "FinancialCalculatorService Scenario Policy Validation should reject defer scenario exceeding limits":
	  <li
	    class="jasmine-passed"
	    id="spec_spec418"
	    title="FinancialCalculatorService Scenario Policy Validation should reject defer scenario exceeding limits"
	  />
	
	  Name "FinancialCalculatorService Interest Capitalization should capitalize interest for deferral period":
	  <li
	    class="jasmine-passed"
	    id="spec_spec414"
	    title="FinancialCalculatorService Interest Capitalization should capitalize interest for deferral period"
	  />
	
	  Name "FinancialCalculatorService Interest Capitalization should handle zero deferral months":
	  <li
	    class="jasmine-passed"
	    id="spec_spec415"
	    title="FinancialCalculatorService Interest Capitalization should handle zero deferral months"
	  />
	
	  Name "FinancialCalculatorService Interest Capitalization should handle zero interest rate":
	  <li
	    class="jasmine-passed"
	    id="spec_spec416"
	    title="FinancialCalculatorService Interest Capitalization should handle zero interest rate"
	  />
	
	  Name "FinancialCalculatorService Currency Formatting should format positive amounts in Mexican Pesos":
	  <li
	    class="jasmine-passed"
	    id="spec_spec431"
	    title="FinancialCalculatorService Currency Formatting should format positive amounts in Mexican Pesos"
	  />
	
	  Name "FinancialCalculatorService Currency Formatting should format negative amounts":
	  <li
	    class="jasmine-passed"
	    id="spec_spec432"
	    title="FinancialCalculatorService Currency Formatting should format negative amounts"
	  />
	
	  Name "FinancialCalculatorService Currency Formatting should format zero amount":
	  <li
	    class="jasmine-passed"
	    id="spec_spec433"
	    title="FinancialCalculatorService Currency Formatting should format zero amount"
	  />
	
	  Name "FinancialCalculatorService Currency Formatting should format large amounts with proper separators":
	  <li
	    class="jasmine-passed"
	    id="spec_spec434"
	    title="FinancialCalculatorService Currency Formatting should format large amounts with proper separators"
	  />
	
	  Name "FinancialCalculatorService Currency Formatting should format small amounts":
	  <li
	    class="jasmine-passed"
	    id="spec_spec435"
	    title="FinancialCalculatorService Currency Formatting should format small amounts"
	  />
	
	  Name "FinancialCalculatorService TIR Calculation (Newton-Raphson) should bound rate to reasonable values":
	  <li
	    class="jasmine-passed"
	    id="spec_spec410"
	    title="FinancialCalculatorService TIR Calculation (Newton-Raphson) should bound rate to reasonable values"
	  />
	
	  Name "FinancialCalculatorService TIR Calculation (Newton-Raphson) should handle zero cash flows":
	  <li
	    class="jasmine-passed"
	    id="spec_spec407"
	    title="FinancialCalculatorService TIR Calculation (Newton-Raphson) should handle zero cash flows"
	  />
	
	  Name "FinancialCalculatorService TIR Calculation (Newton-Raphson) should calculate TIR for simple cash flows":
	  <li
	    class="jasmine-passed"
	    id="spec_spec405"
	    title="FinancialCalculatorService TIR Calculation (Newton-Raphson) should calculate TIR for simple cash flows"
	  />
	
	  Name "FinancialCalculatorService TIR Calculation (Newton-Raphson) should calculate TIR for loan scenario":
	  <li
	    class="jasmine-passed"
	    id="spec_spec406"
	    title="FinancialCalculatorService TIR Calculation (Newton-Raphson) should calculate TIR for loan scenario"
	  />
	
	  Name "FinancialCalculatorService TIR Calculation (Newton-Raphson) should handle single negative cash flow":
	  <li
	    class="jasmine-passed"
	    id="spec_spec408"
	    title="FinancialCalculatorService TIR Calculation (Newton-Raphson) should handle single negative cash flow"
	  />
	
	  Name "FinancialCalculatorService TIR Calculation (Newton-Raphson) should respect maximum iterations":
	  <li
	    class="jasmine-passed"
	    id="spec_spec409"
	    title="FinancialCalculatorService TIR Calculation (Newton-Raphson) should respect maximum iterations"
	  />
	
	  Name "FinancialCalculatorService Cash Flow Generation should generate cash flows with principal and payments":
	  <li
	    class="jasmine-passed"
	    id="spec_spec411"
	    title="FinancialCalculatorService Cash Flow Generation should generate cash flows with principal and payments"
	  />
	
	  Name "FinancialCalculatorService Cash Flow Generation should handle empty payments array":
	  <li
	    class="jasmine-passed"
	    id="spec_spec413"
	    title="FinancialCalculatorService Cash Flow Generation should handle empty payments array"
	  />
	
	  Name "FinancialCalculatorService Cash Flow Generation should handle fewer payments than term":
	  <li
	    class="jasmine-passed"
	    id="spec_spec412"
	    title="FinancialCalculatorService Cash Flow Generation should handle fewer payments than term"
	  />
	
	  Name "FinancialCalculatorService Service Initialization should be created":
	  <li
	    class="jasmine-passed"
	    id="spec_spec400"
	    title="FinancialCalculatorService Service Initialization should be created"
	  />
	
	  Name "FinancialCalculatorService Market-Specific TIR Rates should return correct TIR for Estado de México":
	  <li
	    class="jasmine-passed"
	    id="spec_spec402"
	    title="FinancialCalculatorService Market-Specific TIR Rates should return correct TIR for Estado de México"
	  />
	
	  Name "FinancialCalculatorService Market-Specific TIR Rates should return default TIR for unknown market":
	  <li
	    class="jasmine-passed"
	    id="spec_spec403"
	    title="FinancialCalculatorService Market-Specific TIR Rates should return default TIR for unknown market"
	  />
	
	  Name "FinancialCalculatorService Market-Specific TIR Rates should return correct TIR for Aguascalientes":
	  <li
	    class="jasmine-passed"
	    id="spec_spec401"
	    title="FinancialCalculatorService Market-Specific TIR Rates should return correct TIR for Aguascalientes"
	  />
	
	  Name "FinancialCalculatorService Market-Specific TIR Rates should return default TIR when market is undefined":
	  <li
	    class="jasmine-passed"
	    id="spec_spec404"
	    title="FinancialCalculatorService Market-Specific TIR Rates should return default TIR when market is undefined"
	  />
	
	  Name "FinancialCalculatorService Annuity Calculations should handle negative interest rate":
	  <li
	    class="jasmine-passed"
	    id="spec_spec426"
	    title="FinancialCalculatorService Annuity Calculations should handle negative interest rate"
	  />
	
	  Name "FinancialCalculatorService Annuity Calculations should handle zero term":
	  <li
	    class="jasmine-passed"
	    id="spec_spec425"
	    title="FinancialCalculatorService Annuity Calculations should handle zero term"
	  />
	
	  Name "FinancialCalculatorService Annuity Calculations should handle zero interest rate":
	  <li
	    class="jasmine-passed"
	    id="spec_spec424"
	    title="FinancialCalculatorService Annuity Calculations should handle zero interest rate"
	  />
	
	  Name "FinancialCalculatorService Annuity Calculations should calculate monthly payment for standard loan":
	  <li
	    class="jasmine-passed"
	    id="spec_spec423"
	    title="FinancialCalculatorService Annuity Calculations should calculate monthly payment for standard loan"
	  />
	
	  Name "FinancialCalculatorService Balance Calculations should handle negative interest rate in balance calculation":
	  <li
	    class="jasmine-passed"
	    id="spec_spec430"
	    title="FinancialCalculatorService Balance Calculations should handle negative interest rate in balance calculation"
	  />
	
	  Name "FinancialCalculatorService Balance Calculations should handle zero months paid":
	  <li
	    class="jasmine-passed"
	    id="spec_spec429"
	    title="FinancialCalculatorService Balance Calculations should handle zero months paid"
	  />
	
	  Name "FinancialCalculatorService Balance Calculations should handle zero interest rate balance":
	  <li
	    class="jasmine-passed"
	    id="spec_spec428"
	    title="FinancialCalculatorService Balance Calculations should handle zero interest rate balance"
	  />
	
	  Name "FinancialCalculatorService Balance Calculations should calculate remaining balance after payments":
	  <li
	    class="jasmine-passed"
	    id="spec_spec427"
	    title="FinancialCalculatorService Balance Calculations should calculate remaining balance after payments"
	  />
	
	  Name "FinancialCalculatorService Edge Cases and Error Handling should handle very long terms":
	  <li
	    class="jasmine-passed"
	    id="spec_spec438"
	    title="FinancialCalculatorService Edge Cases and Error Handling should handle very long terms"
	  />
	
	  Name "FinancialCalculatorService Edge Cases and Error Handling should handle TIR calculation convergence issues":
	  <li
	    class="jasmine-passed"
	    id="spec_spec439"
	    title="FinancialCalculatorService Edge Cases and Error Handling should handle TIR calculation convergence issues"
	  />
	
	  Name "FinancialCalculatorService Edge Cases and Error Handling should handle very large principal amounts":
	  <li
	    class="jasmine-passed"
	    id="spec_spec436"
	    title="FinancialCalculatorService Edge Cases and Error Handling should handle very large principal amounts"
	  />
	
	  Name "FinancialCalculatorService Edge Cases and Error Handling should handle very small interest rates":
	  <li
	    class="jasmine-passed"
	    id="spec_spec437"
	    title="FinancialCalculatorService Edge Cases and Error Handling should handle very small interest rates"
	  />
	
	  Name "OCRService Text Extraction from Image File should handle extraction errors":
	  <li
	    class="jasmine-passed"
	    id="spec_spec629"
	    title="OCRService Text Extraction from Image File should handle extraction errors"
	  />
	
	  Name "OCRService Text Extraction from Image File should extract structured data when document type is provided":
	  <li
	    class="jasmine-failed"
	    id="spec_spec628"
	    title="OCRService Text Extraction from Image File should extract structured data when document type is provided"
	  />
	
	  Name "OCRService Text Extraction from Image File should extract text from image file":
	  <li
	    class="jasmine-failed"
	    id="spec_spec627"
	    title="OCRService Text Extraction from Image File should extract text from image file"
	  />
	
	  Name "OCRService Text Extraction from Image File should update progress during extraction":
	  <li
	    class="jasmine-failed"
	    id="spec_spec630"
	    title="OCRService Text Extraction from Image File should update progress during extraction"
	  />
	
	  Name "OCRService Text Extraction from Base64 should extract structured data from base64 with document type":
	  <li
	    class="jasmine-failed"
	    id="spec_spec632"
	    title="OCRService Text Extraction from Base64 should extract structured data from base64 with document type"
	  />
	
	  Name "OCRService Text Extraction from Base64 should handle base64 extraction errors":
	  <li
	    class="jasmine-passed"
	    id="spec_spec633"
	    title="OCRService Text Extraction from Base64 should handle base64 extraction errors"
	  />
	
	  Name "OCRService Text Extraction from Base64 should extract text from base64 image":
	  <li
	    class="jasmine-failed"
	    id="spec_spec631"
	    title="OCRService Text Extraction from Base64 should extract text from base64 image"
	  />
	
	  Name "OCRService Service Initialization should provide progress observable":
	  <li
	    class="jasmine-passed"
	    id="spec_spec622"
	    title="OCRService Service Initialization should provide progress observable"
	  />
	
	  Name "OCRService Service Initialization should be created":
	  <li
	    class="jasmine-passed"
	    id="spec_spec621"
	    title="OCRService Service Initialization should be created"
	  />
	
	  Name "OCRService Worker Initialization should update progress during initialization":
	  <li
	    class="jasmine-passed"
	    id="spec_spec626"
	    title="OCRService Worker Initialization should update progress during initialization"
	  />
	
	  Name "OCRService Worker Initialization should handle initialization errors":
	  <li
	    class="jasmine-passed"
	    id="spec_spec625"
	    title="OCRService Worker Initialization should handle initialization errors"
	  />
	
	  Name "OCRService Worker Initialization should initialize Tesseract worker with Spanish and English":
	  <li
	    class="jasmine-failed"
	    id="spec_spec623"
	    title="OCRService Worker Initialization should initialize Tesseract worker with Spanish and English"
	  />
	
	  Name "OCRService Worker Initialization should not reinitialize if already initialized":
	  <li
	    class="jasmine-failed"
	    id="spec_spec624"
	    title="OCRService Worker Initialization should not reinitialize if already initialized"
	  />
	
	  Name "OCRService INE Data Extraction should extract CURP from INE text":
	  <li
	    class="jasmine-failed"
	    id="spec_spec634"
	    title="OCRService INE Data Extraction should extract CURP from INE text"
	  />
	
	  Name "OCRService INE Data Extraction should extract birth date from INE text":
	  <li
	    class="jasmine-failed"
	    id="spec_spec636"
	    title="OCRService INE Data Extraction should extract birth date from INE text"
	  />
	
	  Name "OCRService INE Data Extraction should extract name from INE text":
	  <li
	    class="jasmine-failed"
	    id="spec_spec635"
	    title="OCRService INE Data Extraction should extract name from INE text"
	  />
	
	  Name "OCRService Tarjeta de Circulación Data Extraction should extract model and year":
	  <li
	    class="jasmine-failed"
	    id="spec_spec639"
	    title="OCRService Tarjeta de Circulación Data Extraction should extract model and year"
	  />
	
	  Name "OCRService Tarjeta de Circulación Data Extraction should extract vehicle brand":
	  <li
	    class="jasmine-failed"
	    id="spec_spec638"
	    title="OCRService Tarjeta de Circulación Data Extraction should extract vehicle brand"
	  />
	
	  Name "OCRService Tarjeta de Circulación Data Extraction should extract license plates":
	  <li
	    class="jasmine-failed"
	    id="spec_spec637"
	    title="OCRService Tarjeta de Circulación Data Extraction should extract license plates"
	  />
	
	  Name "OCRService Worker Management should reinitialize worker after termination":
	  <li
	    class="jasmine-failed"
	    id="spec_spec652"
	    title="OCRService Worker Management should reinitialize worker after termination"
	  />
	
	  Name "OCRService Worker Management should handle termination when worker is null":
	  <li
	    class="jasmine-passed"
	    id="spec_spec651"
	    title="OCRService Worker Management should handle termination when worker is null"
	  />
	
	  Name "OCRService Worker Management should terminate worker properly":
	  <li
	    class="jasmine-failed"
	    id="spec_spec650"
	    title="OCRService Worker Management should terminate worker properly"
	  />
	
	  Name "OCRService Progress Messaging should handle unknown status messages":
	  <li
	    class="jasmine-empty"
	    id="spec_spec654"
	    title="OCRService Progress Messaging should handle unknown status messages"
	  />
	
	  Name "OCRService Progress Messaging should translate status messages to Spanish":
	  <li
	    class="jasmine-failed"
	    id="spec_spec653"
	    title="OCRService Progress Messaging should translate status messages to Spanish"
	  />
	
	  Name "OCRService Edge Cases and Error Handling should handle very low confidence results":
	  <li
	    class="jasmine-failed"
	    id="spec_spec659"
	    title="OCRService Edge Cases and Error Handling should handle very low confidence results"
	  />
	
	  Name "OCRService Edge Cases and Error Handling should handle extraction without document type":
	  <li
	    class="jasmine-failed"
	    id="spec_spec658"
	    title="OCRService Edge Cases and Error Handling should handle extraction without document type"
	  />
	
	  Name "OCRService Edge Cases and Error Handling should handle documents with mixed case text":
	  <li
	    class="jasmine-failed"
	    id="spec_spec657"
	    title="OCRService Edge Cases and Error Handling should handle documents with mixed case text"
	  />
	
	  Name "OCRService Edge Cases and Error Handling should handle malformed CURP patterns":
	  <li
	    class="jasmine-failed"
	    id="spec_spec656"
	    title="OCRService Edge Cases and Error Handling should handle malformed CURP patterns"
	  />
	
	  Name "OCRService Edge Cases and Error Handling should handle empty text extraction":
	  <li
	    class="jasmine-failed"
	    id="spec_spec655"
	    title="OCRService Edge Cases and Error Handling should handle empty text extraction"
	  />
	
	  Name "OCRService Comprobante de Domicilio Data Extraction should extract date from comprobante":
	  <li
	    class="jasmine-failed"
	    id="spec_spec642"
	    title="OCRService Comprobante de Domicilio Data Extraction should extract date from comprobante"
	  />
	
	  Name "OCRService Comprobante de Domicilio Data Extraction should identify utility provider":
	  <li
	    class="jasmine-failed"
	    id="spec_spec641"
	    title="OCRService Comprobante de Domicilio Data Extraction should identify utility provider"
	  />
	
	  Name "OCRService Comprobante de Domicilio Data Extraction should extract address information":
	  <li
	    class="jasmine-failed"
	    id="spec_spec640"
	    title="OCRService Comprobante de Domicilio Data Extraction should extract address information"
	  />
	
	  Name "OCRService RFC Data Extraction should extract taxpayer name":
	  <li
	    class="jasmine-failed"
	    id="spec_spec644"
	    title="OCRService RFC Data Extraction should extract taxpayer name"
	  />
	
	  Name "OCRService RFC Data Extraction should extract RFC code":
	  <li
	    class="jasmine-failed"
	    id="spec_spec643"
	    title="OCRService RFC Data Extraction should extract RFC code"
	  />
	
	  Name "OCRService Document Type Validation should validate RFC documents":
	  <li
	    class="jasmine-passed"
	    id="spec_spec649"
	    title="OCRService Document Type Validation should validate RFC documents"
	  />
	
	  Name "OCRService Document Type Validation should validate comprobante de domicilio":
	  <li
	    class="jasmine-passed"
	    id="spec_spec648"
	    title="OCRService Document Type Validation should validate comprobante de domicilio"
	  />
	
	  Name "OCRService Document Type Validation should validate INE document correctly":
	  <li
	    class="jasmine-passed"
	    id="spec_spec645"
	    title="OCRService Document Type Validation should validate INE document correctly"
	  />
	
	  Name "OCRService Document Type Validation should handle unknown document types":
	  <li
	    class="jasmine-failed"
	    id="spec_spec647"
	    title="OCRService Document Type Validation should handle unknown document types"
	  />
	
	  Name "OCRService Document Type Validation should detect mismatched document types":
	  <li
	    class="jasmine-passed"
	    id="spec_spec646"
	    title="OCRService Document Type Validation should detect mismatched document types"
	  />
	
	  Name "ConfigurationService Scoring Configuration should get scoring configuration":
	  <li
	    class="jasmine-passed"
	    id="spec_spec208"
	    title="ConfigurationService Scoring Configuration should get scoring configuration"
	  />
	
	  Name "ConfigurationService Scoring Configuration should have business flow scoring requirements":
	  <li
	    class="jasmine-passed"
	    id="spec_spec209"
	    title="ConfigurationService Scoring Configuration should have business flow scoring requirements"
	  />
	
	  Name "ConfigurationService Scoring Configuration should have scoring factors configuration":
	  <li
	    class="jasmine-passed"
	    id="spec_spec211"
	    title="ConfigurationService Scoring Configuration should have scoring factors configuration"
	  />
	
	  Name "ConfigurationService Scoring Configuration should have correct scoring thresholds":
	  <li
	    class="jasmine-passed"
	    id="spec_spec210"
	    title="ConfigurationService Scoring Configuration should have correct scoring thresholds"
	  />
	
	  Name "ConfigurationService AVI Configuration should have market specific questions":
	  <li
	    class="jasmine-passed"
	    id="spec_spec218"
	    title="ConfigurationService AVI Configuration should have market specific questions"
	  />
	
	  Name "ConfigurationService AVI Configuration should have random questions configuration":
	  <li
	    class="jasmine-passed"
	    id="spec_spec219"
	    title="ConfigurationService AVI Configuration should have random questions configuration"
	  />
	
	  Name "ConfigurationService AVI Configuration should get AVI configuration":
	  <li
	    class="jasmine-passed"
	    id="spec_spec215"
	    title="ConfigurationService AVI Configuration should get AVI configuration"
	  />
	
	  Name "ConfigurationService AVI Configuration should have core AVI questions":
	  <li
	    class="jasmine-passed"
	    id="spec_spec216"
	    title="ConfigurationService AVI Configuration should have core AVI questions"
	  />
	
	  Name "ConfigurationService AVI Configuration should have validation configuration":
	  <li
	    class="jasmine-passed"
	    id="spec_spec220"
	    title="ConfigurationService AVI Configuration should have validation configuration"
	  />
	
	  Name "ConfigurationService AVI Configuration should have business flow specific questions":
	  <li
	    class="jasmine-passed"
	    id="spec_spec217"
	    title="ConfigurationService AVI Configuration should have business flow specific questions"
	  />
	
	  Name "ConfigurationService Market Configuration should have correct Estado de México market configuration":
	  <li
	    class="jasmine-passed"
	    id="spec_spec206"
	    title="ConfigurationService Market Configuration should have correct Estado de México market configuration"
	  />
	
	  Name "ConfigurationService Market Configuration should include EdoMex municipalities":
	  <li
	    class="jasmine-passed"
	    id="spec_spec207"
	    title="ConfigurationService Market Configuration should include EdoMex municipalities"
	  />
	
	  Name "ConfigurationService Market Configuration should get market configuration":
	  <li
	    class="jasmine-passed"
	    id="spec_spec204"
	    title="ConfigurationService Market Configuration should get market configuration"
	  />
	
	  Name "ConfigurationService Market Configuration should have correct Aguascalientes market configuration":
	  <li
	    class="jasmine-passed"
	    id="spec_spec205"
	    title="ConfigurationService Market Configuration should have correct Aguascalientes market configuration"
	  />
	
	  Name "ConfigurationService Configuration Loading and Updates should preserve existing configuration when updating":
	  <li
	    class="jasmine-passed"
	    id="spec_spec203"
	    title="ConfigurationService Configuration Loading and Updates should preserve existing configuration when updating"
	  />
	
	  Name "ConfigurationService Configuration Loading and Updates should refresh configuration from API":
	  <li
	    class="jasmine-passed"
	    id="spec_spec201"
	    title="ConfigurationService Configuration Loading and Updates should refresh configuration from API"
	  />
	
	  Name "ConfigurationService Configuration Loading and Updates should update configuration successfully":
	  <li
	    class="jasmine-passed"
	    id="spec_spec202"
	    title="ConfigurationService Configuration Loading and Updates should update configuration successfully"
	  />
	
	  Name "ConfigurationService Configuration Loading and Updates should get current configuration":
	  <li
	    class="jasmine-passed"
	    id="spec_spec200"
	    title="ConfigurationService Configuration Loading and Updates should get current configuration"
	  />
	
	  Name "ConfigurationService Service Initialization should be created":
	  <li
	    class="jasmine-passed"
	    id="spec_spec197"
	    title="ConfigurationService Service Initialization should be created"
	  />
	
	  Name "ConfigurationService Service Initialization should load default configuration on initialization":
	  <li
	    class="jasmine-passed"
	    id="spec_spec199"
	    title="ConfigurationService Service Initialization should load default configuration on initialization"
	  />
	
	  Name "ConfigurationService Service Initialization should provide configuration observable":
	  <li
	    class="jasmine-passed"
	    id="spec_spec198"
	    title="ConfigurationService Service Initialization should provide configuration observable"
	  />
	
	  Name "ConfigurationService Error Handling and Edge Cases should handle partial configuration updates":
	  <li
	    class="jasmine-passed"
	    id="spec_spec252"
	    title="ConfigurationService Error Handling and Edge Cases should handle partial configuration updates"
	  />
	
	  Name "ConfigurationService Error Handling and Edge Cases should handle empty configuration updates":
	  <li
	    class="jasmine-passed"
	    id="spec_spec253"
	    title="ConfigurationService Error Handling and Edge Cases should handle empty configuration updates"
	  />
	
	  Name "ConfigurationService Error Handling and Edge Cases should provide configuration even when API fails":
	  <li
	    class="jasmine-passed"
	    id="spec_spec254"
	    title="ConfigurationService Error Handling and Edge Cases should provide configuration even when API fails"
	  />
	
	  Name "ConfigurationService Error Handling and Edge Cases should handle nested configuration access":
	  <li
	    class="jasmine-passed"
	    id="spec_spec255"
	    title="ConfigurationService Error Handling and Edge Cases should handle nested configuration access"
	  />
	
	  Name "ConfigurationService UX Optimization Configuration should have recommendations configuration":
	  <li
	    class="jasmine-passed"
	    id="spec_spec249"
	    title="ConfigurationService UX Optimization Configuration should have recommendations configuration"
	  />
	
	  Name "ConfigurationService UX Optimization Configuration should have A/B testing configuration":
	  <li
	    class="jasmine-passed"
	    id="spec_spec248"
	    title="ConfigurationService UX Optimization Configuration should have A/B testing configuration"
	  />
	
	  Name "ConfigurationService UX Optimization Configuration should get UX optimization configuration":
	  <li
	    class="jasmine-passed"
	    id="spec_spec247"
	    title="ConfigurationService UX Optimization Configuration should get UX optimization configuration"
	  />
	
	  Name "ConfigurationService Configuration Versioning should track configuration version":
	  <li
	    class="jasmine-passed"
	    id="spec_spec250"
	    title="ConfigurationService Configuration Versioning should track configuration version"
	  />
	
	  Name "ConfigurationService Configuration Versioning should update lastUpdated when configuration changes":
	  <li
	    class="jasmine-passed"
	    id="spec_spec251"
	    title="ConfigurationService Configuration Versioning should update lastUpdated when configuration changes"
	  />
	
	  Name "ConfigurationService Analytics Configuration should have performance metrics configuration":
	  <li
	    class="jasmine-passed"
	    id="spec_spec246"
	    title="ConfigurationService Analytics Configuration should have performance metrics configuration"
	  />
	
	  Name "ConfigurationService Analytics Configuration should have funnel analysis configuration":
	  <li
	    class="jasmine-passed"
	    id="spec_spec245"
	    title="ConfigurationService Analytics Configuration should have funnel analysis configuration"
	  />
	
	  Name "ConfigurationService Analytics Configuration should have heatmap configuration":
	  <li
	    class="jasmine-passed"
	    id="spec_spec244"
	    title="ConfigurationService Analytics Configuration should have heatmap configuration"
	  />
	
	  Name "ConfigurationService Analytics Configuration should get analytics configuration":
	  <li
	    class="jasmine-passed"
	    id="spec_spec243"
	    title="ConfigurationService Analytics Configuration should get analytics configuration"
	  />
	
	  Name "ConfigurationService Smart UX Configuration should have session recovery configuration":
	  <li
	    class="jasmine-passed"
	    id="spec_spec242"
	    title="ConfigurationService Smart UX Configuration should have session recovery configuration"
	  />
	
	  Name "ConfigurationService Smart UX Configuration should have auto-complete configuration":
	  <li
	    class="jasmine-passed"
	    id="spec_spec241"
	    title="ConfigurationService Smart UX Configuration should have auto-complete configuration"
	  />
	
	  Name "ConfigurationService Smart UX Configuration should get smart UX configuration":
	  <li
	    class="jasmine-passed"
	    id="spec_spec240"
	    title="ConfigurationService Smart UX Configuration should get smart UX configuration"
	  />
	
	  Name "ConfigurationService UI Configuration should have navigation configuration":
	  <li
	    class="jasmine-passed"
	    id="spec_spec238"
	    title="ConfigurationService UI Configuration should have navigation configuration"
	  />
	
	  Name "ConfigurationService UI Configuration should have theme configuration":
	  <li
	    class="jasmine-passed"
	    id="spec_spec237"
	    title="ConfigurationService UI Configuration should have theme configuration"
	  />
	
	  Name "ConfigurationService UI Configuration should get simple UI configuration":
	  <li
	    class="jasmine-passed"
	    id="spec_spec236"
	    title="ConfigurationService UI Configuration should get simple UI configuration"
	  />
	
	  Name "ConfigurationService UI Configuration should have language configuration":
	  <li
	    class="jasmine-passed"
	    id="spec_spec239"
	    title="ConfigurationService UI Configuration should have language configuration"
	  />
	
	  Name "ConfigurationService Workflow Configuration should have automation configurations":
	  <li
	    class="jasmine-passed"
	    id="spec_spec232"
	    title="ConfigurationService Workflow Configuration should have automation configurations"
	  />
	
	  Name "ConfigurationService Workflow Configuration should get workflow configuration":
	  <li
	    class="jasmine-passed"
	    id="spec_spec231"
	    title="ConfigurationService Workflow Configuration should get workflow configuration"
	  />
	
	  Name "ConfigurationService Workflow Configuration should have escalation rules":
	  <li
	    class="jasmine-passed"
	    id="spec_spec234"
	    title="ConfigurationService Workflow Configuration should have escalation rules"
	  />
	
	  Name "ConfigurationService Workflow Configuration should have approval chains":
	  <li
	    class="jasmine-passed"
	    id="spec_spec233"
	    title="ConfigurationService Workflow Configuration should have approval chains"
	  />
	
	  Name "ConfigurationService Workflow Configuration should have SLA targets":
	  <li
	    class="jasmine-passed"
	    id="spec_spec235"
	    title="ConfigurationService Workflow Configuration should have SLA targets"
	  />
	
	  Name "ConfigurationService should cache namespace result (shareReplay) for subsequent subscribers":
	  <li
	    class="jasmine-passed"
	    id="spec_spec195"
	    title="ConfigurationService should cache namespace result (shareReplay) for subsequent subscribers"
	  />
	
	  Name "ConfigurationService should load namespace from assets when remote disabled":
	  <li
	    class="jasmine-passed"
	    id="spec_spec194"
	    title="ConfigurationService should load namespace from assets when remote disabled"
	  />
	
	  Name "ConfigurationService Notification Configuration should have email templates":
	  <li
	    class="jasmine-passed"
	    id="spec_spec227"
	    title="ConfigurationService Notification Configuration should have email templates"
	  />
	
	  Name "ConfigurationService Notification Configuration should have channel configurations":
	  <li
	    class="jasmine-passed"
	    id="spec_spec226"
	    title="ConfigurationService Notification Configuration should have channel configurations"
	  />
	
	  Name "ConfigurationService Notification Configuration should have SMS templates with length limits":
	  <li
	    class="jasmine-passed"
	    id="spec_spec228"
	    title="ConfigurationService Notification Configuration should have SMS templates with length limits"
	  />
	
	  Name "ConfigurationService Notification Configuration should have notification triggers":
	  <li
	    class="jasmine-passed"
	    id="spec_spec229"
	    title="ConfigurationService Notification Configuration should have notification triggers"
	  />
	
	  Name "ConfigurationService Notification Configuration should get notification configuration":
	  <li
	    class="jasmine-passed"
	    id="spec_spec225"
	    title="ConfigurationService Notification Configuration should get notification configuration"
	  />
	
	  Name "ConfigurationService Notification Configuration should have scheduled notifications":
	  <li
	    class="jasmine-passed"
	    id="spec_spec230"
	    title="ConfigurationService Notification Configuration should have scheduled notifications"
	  />
	
	  Name "ConfigurationService Business Flow Configuration should have correct VentaDirecta configuration":
	  <li
	    class="jasmine-passed"
	    id="spec_spec213"
	    title="ConfigurationService Business Flow Configuration should have correct VentaDirecta configuration"
	  />
	
	  Name "ConfigurationService Business Flow Configuration should have correct CreditoColectivo configuration":
	  <li
	    class="jasmine-passed"
	    id="spec_spec214"
	    title="ConfigurationService Business Flow Configuration should have correct CreditoColectivo configuration"
	  />
	
	  Name "ConfigurationService Business Flow Configuration should get business flow configuration":
	  <li
	    class="jasmine-passed"
	    id="spec_spec212"
	    title="ConfigurationService Business Flow Configuration should get business flow configuration"
	  />
	
	  Name "ConfigurationService updateConfiguration should merge and emit new configuration":
	  <li
	    class="jasmine-passed"
	    id="spec_spec196"
	    title="ConfigurationService updateConfiguration should merge and emit new configuration"
	  />
	
	  Name "ConfigurationService Questionnaire Configuration should get questionnaire configuration":
	  <li
	    class="jasmine-passed"
	    id="spec_spec221"
	    title="ConfigurationService Questionnaire Configuration should get questionnaire configuration"
	  />
	
	  Name "ConfigurationService Questionnaire Configuration should have completion requirements":
	  <li
	    class="jasmine-passed"
	    id="spec_spec223"
	    title="ConfigurationService Questionnaire Configuration should have completion requirements"
	  />
	
	  Name "ConfigurationService Questionnaire Configuration should have standard questionnaire sections":
	  <li
	    class="jasmine-passed"
	    id="spec_spec222"
	    title="ConfigurationService Questionnaire Configuration should have standard questionnaire sections"
	  />
	
	  Name "ConfigurationService Questionnaire Configuration should have dynamic questionnaire configuration":
	  <li
	    class="jasmine-passed"
	    id="spec_spec224"
	    title="ConfigurationService Questionnaire Configuration should have dynamic questionnaire configuration"
	  />
	
	  Name "ClienteFormComponent should handle different markets correctly":
	  <li
	    class="jasmine-passed"
	    id="spec_spec931"
	    title="ClienteFormComponent should handle different markets correctly"
	  />
	
	  Name "ClienteFormComponent should validate email format":
	  <li
	    class="jasmine-passed"
	    id="spec_spec920"
	    title="ClienteFormComponent should validate email format"
	  />
	
	  Name "ClienteFormComponent should handle different business flows correctly":
	  <li
	    class="jasmine-passed"
	    id="spec_spec930"
	    title="ClienteFormComponent should handle different business flows correctly"
	  />
	
	  Name "ClienteFormComponent should validate phone format":
	  <li
	    class="jasmine-passed"
	    id="spec_spec921"
	    title="ClienteFormComponent should validate phone format"
	  />
	
	  Name "ClienteFormComponent should clean form when switching between markets":
	  <li
	    class="jasmine-passed"
	    id="spec_spec932"
	    title="ClienteFormComponent should clean form when switching between markets"
	  />
	
	  Name "ClienteFormComponent should load existing client data in edit mode":
	  <li
	    class="jasmine-passed"
	    id="spec_spec924"
	    title="ClienteFormComponent should load existing client data in edit mode"
	  />
	
	  Name "ClienteFormComponent should update existing client with valid form data":
	  <li
	    class="jasmine-failed"
	    id="spec_spec925"
	    title="ClienteFormComponent should update existing client with valid form data"
	  />
	
	  Name "ClienteFormComponent should validate RFC format if provided":
	  <li
	    class="jasmine-passed"
	    id="spec_spec922"
	    title="ClienteFormComponent should validate RFC format if provided"
	  />
	
	  Name "ClienteFormComponent should create new client with valid form data":
	  <li
	    class="jasmine-failed"
	    id="spec_spec923"
	    title="ClienteFormComponent should create new client with valid form data"
	  />
	
	  Name "ClienteFormComponent should handle API error during client creation":
	  <li
	    class="jasmine-passed"
	    id="spec_spec926"
	    title="ClienteFormComponent should handle API error during client creation"
	  />
	
	  Name "ClienteFormComponent should navigate back when goBack is called":
	  <li
	    class="jasmine-passed"
	    id="spec_spec928"
	    title="ClienteFormComponent should navigate back when goBack is called"
	  />
	
	  Name "ClienteFormComponent should prevent form submission when invalid":
	  <li
	    class="jasmine-passed"
	    id="spec_spec927"
	    title="ClienteFormComponent should prevent form submission when invalid"
	  />
	
	  Name "ClienteFormComponent should set loading state during form submission":
	  <li
	    class="jasmine-passed"
	    id="spec_spec929"
	    title="ClienteFormComponent should set loading state during form submission"
	  />
	
	  Name "ClienteFormComponent should create":
	  <li
	    class="jasmine-passed"
	    id="spec_spec917"
	    title="ClienteFormComponent should create"
	  />
	
	  Name "ClienteFormComponent should initialize form with default values for new client":
	  <li
	    class="jasmine-failed"
	    id="spec_spec918"
	    title="ClienteFormComponent should initialize form with default values for new client"
	  />
	
	  Name "ClienteFormComponent should validate required fields":
	  <li
	    class="jasmine-passed"
	    id="spec_spec919"
	    title="ClienteFormComponent should validate required fields"
	  />
	
	  Name "AppComponent should create the app":
	  <li
	    class="jasmine-passed"
	    id="spec_spec0"
	    title="AppComponent should create the app"
	  />
	
	  Name "AppComponent should have the 'conductores-pwa' title":
	  <li
	    class="jasmine-passed"
	    id="spec_spec1"
	    title="AppComponent should have the 'conductores-pwa' title"
	  />
	
	  Name "AppComponent should render title":
	  <li
	    class="jasmine-passed"
	    id="spec_spec2"
	    title="AppComponent should render title"
	  />
	
	  Name "BusinessRulesService Business Flow Change Validation should allow flow change when no documents are approved":
	  <li
	    class="jasmine-passed"
	    id="spec_spec146"
	    title="BusinessRulesService Business Flow Change Validation should allow flow change when no documents are approved"
	  />
	
	  Name "BusinessRulesService Business Flow Change Validation should not allow flow change when documents are approved":
	  <li
	    class="jasmine-passed"
	    id="spec_spec147"
	    title="BusinessRulesService Business Flow Change Validation should not allow flow change when documents are approved"
	  />
	
	  Name "BusinessRulesService Business Flow Change Validation should not allow collective credit in Aguascalientes":
	  <li
	    class="jasmine-passed"
	    id="spec_spec148"
	    title="BusinessRulesService Business Flow Change Validation should not allow collective credit in Aguascalientes"
	  />
	
	  Name "BusinessRulesService Business Flow Change Validation should require ecosystem for EdoMex collective credit":
	  <li
	    class="jasmine-passed"
	    id="spec_spec149"
	    title="BusinessRulesService Business Flow Change Validation should require ecosystem for EdoMex collective credit"
	  />
	
	  Name "BusinessRulesService Market Requirements should include required documents for each market":
	  <li
	    class="jasmine-passed"
	    id="spec_spec145"
	    title="BusinessRulesService Market Requirements should include required documents for each market"
	  />
	
	  Name "BusinessRulesService Market Requirements should get Aguascalientes requirements":
	  <li
	    class="jasmine-passed"
	    id="spec_spec143"
	    title="BusinessRulesService Market Requirements should get Aguascalientes requirements"
	  />
	
	  Name "BusinessRulesService Market Requirements should get Estado de México requirements":
	  <li
	    class="jasmine-passed"
	    id="spec_spec144"
	    title="BusinessRulesService Market Requirements should get Estado de México requirements"
	  />
	
	  Name "BusinessRulesService Market Requirements Special Rules should include EdoMex specific rules about ecosystem":
	  <li
	    class="jasmine-passed"
	    id="spec_spec162"
	    title="BusinessRulesService Market Requirements Special Rules should include EdoMex specific rules about ecosystem"
	  />
	
	  Name "BusinessRulesService Market Requirements Special Rules should include AGS specific rules about credit types":
	  <li
	    class="jasmine-passed"
	    id="spec_spec161"
	    title="BusinessRulesService Market Requirements Special Rules should include AGS specific rules about credit types"
	  />
	
	  Name "BusinessRulesService Ecosystem Validation Edge Cases should properly identify required vs optional documents":
	  <li
	    class="jasmine-failed"
	    id="spec_spec164"
	    title="BusinessRulesService Ecosystem Validation Edge Cases should properly identify required vs optional documents"
	  />
	
	  Name "BusinessRulesService Ecosystem Validation Edge Cases should handle ecosystem validation with partial documents":
	  <li
	    class="jasmine-passed"
	    id="spec_spec163"
	    title="BusinessRulesService Ecosystem Validation Edge Cases should handle ecosystem validation with partial documents"
	  />
	
	  Name "BusinessRulesService Age Calculation should calculate age correctly":
	  <li
	    class="jasmine-passed"
	    id="spec_spec153"
	    title="BusinessRulesService Age Calculation should calculate age correctly"
	  />
	
	  Name "BusinessRulesService Age Calculation should handle birthday not yet reached this year":
	  <li
	    class="jasmine-passed"
	    id="spec_spec154"
	    title="BusinessRulesService Age Calculation should handle birthday not yet reached this year"
	  />
	
	  Name "BusinessRulesService Credit History Validation should warn about low credit score":
	  <li
	    class="jasmine-passed"
	    id="spec_spec151"
	    title="BusinessRulesService Credit History Validation should warn about low credit score"
	  />
	
	  Name "BusinessRulesService Credit History Validation should validate credit history with simulated score":
	  <li
	    class="jasmine-passed"
	    id="spec_spec150"
	    title="BusinessRulesService Credit History Validation should validate credit history with simulated score"
	  />
	
	  Name "BusinessRulesService Credit History Validation should recommend special conditions for very low score":
	  <li
	    class="jasmine-passed"
	    id="spec_spec152"
	    title="BusinessRulesService Credit History Validation should recommend special conditions for very low score"
	  />
	
	  Name "BusinessRulesService Service Initialization should have EdoMex specific rules":
	  <li
	    class="jasmine-passed"
	    id="spec_spec119"
	    title="BusinessRulesService Service Initialization should have EdoMex specific rules"
	  />
	
	  Name "BusinessRulesService Service Initialization should have universal rules":
	  <li
	    class="jasmine-passed"
	    id="spec_spec120"
	    title="BusinessRulesService Service Initialization should have universal rules"
	  />
	
	  Name "BusinessRulesService Service Initialization should have AGS specific rules":
	  <li
	    class="jasmine-passed"
	    id="spec_spec118"
	    title="BusinessRulesService Service Initialization should have AGS specific rules"
	  />
	
	  Name "BusinessRulesService Service Initialization should initialize validation rules":
	  <li
	    class="jasmine-passed"
	    id="spec_spec117"
	    title="BusinessRulesService Service Initialization should initialize validation rules"
	  />
	
	  Name "BusinessRulesService Service Initialization should be created":
	  <li
	    class="jasmine-passed"
	    id="spec_spec116"
	    title="BusinessRulesService Service Initialization should be created"
	  />
	
	  Name "BusinessRulesService Collective Group Validation Details should validate down payment minimum for collective credit":
	  <li
	    class="jasmine-passed"
	    id="spec_spec160"
	    title="BusinessRulesService Collective Group Validation Details should validate down payment minimum for collective credit"
	  />
	
	  Name "BusinessRulesService Collective Group Validation Details should validate down payment range for collective credit":
	  <li
	    class="jasmine-passed"
	    id="spec_spec159"
	    title="BusinessRulesService Collective Group Validation Details should validate down payment range for collective credit"
	  />
	
	  Name "BusinessRulesService Collective Group Validation Details should validate minimum group size":
	  <li
	    class="jasmine-passed"
	    id="spec_spec158"
	    title="BusinessRulesService Collective Group Validation Details should validate minimum group size"
	  />
	
	  Name "BusinessRulesService Client Validation should filter rules by market correctly":
	  <li
	    class="jasmine-passed"
	    id="spec_spec127"
	    title="BusinessRulesService Client Validation should filter rules by market correctly"
	  />
	
	  Name "BusinessRulesService Client Validation should fail validation for client without income":
	  <li
	    class="jasmine-passed"
	    id="spec_spec126"
	    title="BusinessRulesService Client Validation should fail validation for client without income"
	  />
	
	  Name "BusinessRulesService Client Validation should validate EdoMex client successfully":
	  <li
	    class="jasmine-passed"
	    id="spec_spec122"
	    title="BusinessRulesService Client Validation should validate EdoMex client successfully"
	  />
	
	  Name "BusinessRulesService Client Validation should validate AGS client successfully":
	  <li
	    class="jasmine-passed"
	    id="spec_spec121"
	    title="BusinessRulesService Client Validation should validate AGS client successfully"
	  />
	
	  Name "BusinessRulesService Client Validation should fail validation for client over age limit":
	  <li
	    class="jasmine-passed"
	    id="spec_spec125"
	    title="BusinessRulesService Client Validation should fail validation for client over age limit"
	  />
	
	  Name "BusinessRulesService Client Validation should fail validation for underage client":
	  <li
	    class="jasmine-passed"
	    id="spec_spec124"
	    title="BusinessRulesService Client Validation should fail validation for underage client"
	  />
	
	  Name "BusinessRulesService Client Validation should filter rules by business flow correctly":
	  <li
	    class="jasmine-passed"
	    id="spec_spec128"
	    title="BusinessRulesService Client Validation should filter rules by business flow correctly"
	  />
	
	  Name "BusinessRulesService Client Validation should fail validation for client with missing documents":
	  <li
	    class="jasmine-passed"
	    id="spec_spec123"
	    title="BusinessRulesService Client Validation should fail validation for client with missing documents"
	  />
	
	  Name "BusinessRulesService Helper Methods should consolidate validation results correctly":
	  <li
	    class="jasmine-passed"
	    id="spec_spec155"
	    title="BusinessRulesService Helper Methods should consolidate validation results correctly"
	  />
	
	  Name "BusinessRulesService Helper Methods should get ecosystem required documents":
	  <li
	    class="jasmine-passed"
	    id="spec_spec156"
	    title="BusinessRulesService Helper Methods should get ecosystem required documents"
	  />
	
	  Name "BusinessRulesService Helper Methods should generate ecosystem validation notes":
	  <li
	    class="jasmine-passed"
	    id="spec_spec157"
	    title="BusinessRulesService Helper Methods should generate ecosystem validation notes"
	  />
	
	  Name "BusinessRulesService AGS Specific Validations should validate AGS term requirements (12 or 24 months)":
	  <li
	    class="jasmine-passed"
	    id="spec_spec130"
	    title="BusinessRulesService AGS Specific Validations should validate AGS term requirements (12 or 24 months)"
	  />
	
	  Name "BusinessRulesService AGS Specific Validations should validate AGS required documents":
	  <li
	    class="jasmine-passed"
	    id="spec_spec132"
	    title="BusinessRulesService AGS Specific Validations should validate AGS required documents"
	  />
	
	  Name "BusinessRulesService AGS Specific Validations should validate AGS minimum income ($15,000)":
	  <li
	    class="jasmine-passed"
	    id="spec_spec131"
	    title="BusinessRulesService AGS Specific Validations should validate AGS minimum income ($15,000)"
	  />
	
	  Name "BusinessRulesService AGS Specific Validations should validate AGS down payment requirement (60%)":
	  <li
	    class="jasmine-passed"
	    id="spec_spec129"
	    title="BusinessRulesService AGS Specific Validations should validate AGS down payment requirement (60%)"
	  />
	
	  Name "BusinessRulesService EdoMex Specific Validations should validate EdoMex payment capacity ($20,000 minimum)":
	  <li
	    class="jasmine-passed"
	    id="spec_spec137"
	    title="BusinessRulesService EdoMex Specific Validations should validate EdoMex payment capacity ($20,000 minimum)"
	  />
	
	  Name "BusinessRulesService EdoMex Specific Validations should require group assignment for collective credit":
	  <li
	    class="jasmine-passed"
	    id="spec_spec136"
	    title="BusinessRulesService EdoMex Specific Validations should require group assignment for collective credit"
	  />
	
	  Name "BusinessRulesService EdoMex Specific Validations should validate collective group requirements":
	  <li
	    class="jasmine-passed"
	    id="spec_spec135"
	    title="BusinessRulesService EdoMex Specific Validations should validate collective group requirements"
	  />
	
	  Name "BusinessRulesService EdoMex Specific Validations should warn about high payment-to-income ratio":
	  <li
	    class="jasmine-passed"
	    id="spec_spec138"
	    title="BusinessRulesService EdoMex Specific Validations should warn about high payment-to-income ratio"
	  />
	
	  Name "BusinessRulesService EdoMex Specific Validations should validate EdoMex ecosystem documents":
	  <li
	    class="jasmine-passed"
	    id="spec_spec134"
	    title="BusinessRulesService EdoMex Specific Validations should validate EdoMex ecosystem documents"
	  />
	
	  Name "BusinessRulesService EdoMex Specific Validations should require ecosystem assignment for EdoMex":
	  <li
	    class="jasmine-passed"
	    id="spec_spec133"
	    title="BusinessRulesService EdoMex Specific Validations should require ecosystem assignment for EdoMex"
	  />
	
	  Name "BusinessRulesService Ecosystem Validation should fail ecosystem validation for client without ecosystem":
	  <li
	    class="jasmine-passed"
	    id="spec_spec140"
	    title="BusinessRulesService Ecosystem Validation should fail ecosystem validation for client without ecosystem"
	  />
	
	  Name "BusinessRulesService Ecosystem Validation should throw error for AGS client ecosystem validation":
	  <li
	    class="jasmine-passed"
	    id="spec_spec141"
	    title="BusinessRulesService Ecosystem Validation should throw error for AGS client ecosystem validation"
	  />
	
	  Name "BusinessRulesService Ecosystem Validation should validate ecosystem for EdoMex client":
	  <li
	    class="jasmine-failed"
	    id="spec_spec139"
	    title="BusinessRulesService Ecosystem Validation should validate ecosystem for EdoMex client"
	  />
	
	  Name "BusinessRulesService Ecosystem Validation should identify missing ecosystem documents":
	  <li
	    class="jasmine-passed"
	    id="spec_spec142"
	    title="BusinessRulesService Ecosystem Validation should identify missing ecosystem documents"
	  />
	
	  Name "MetaMapService KYC Button Creation should create MetaMap button successfully":
	  <li
	    class="jasmine-passed"
	    id="spec_spec507"
	    title="MetaMapService KYC Button Creation should create MetaMap button successfully"
	  />
	
	  Name "MetaMapService KYC Button Creation should handle container not found error":
	  <li
	    class="jasmine-passed"
	    id="spec_spec508"
	    title="MetaMapService KYC Button Creation should handle container not found error"
	  />
	
	  Name "MetaMapService KYC Button Creation should emit KYC success event":
	  <li
	    class="jasmine-passed"
	    id="spec_spec509"
	    title="MetaMapService KYC Button Creation should emit KYC success event"
	  />
	
	  Name "MetaMapService KYC Button Creation should cleanup event listeners on unsubscribe":
	  <li
	    class="jasmine-passed"
	    id="spec_spec512"
	    title="MetaMapService KYC Button Creation should cleanup event listeners on unsubscribe"
	  />
	
	  Name "MetaMapService KYC Button Creation should emit KYC exit event":
	  <li
	    class="jasmine-passed"
	    id="spec_spec510"
	    title="MetaMapService KYC Button Creation should emit KYC exit event"
	  />
	
	  Name "MetaMapService KYC Button Creation should call optional callback functions":
	  <li
	    class="jasmine-passed"
	    id="spec_spec511"
	    title="MetaMapService KYC Button Creation should call optional callback functions"
	  />
	
	  Name "MetaMapService KYC Completion should handle database update errors":
	  <li
	    class="jasmine-passed"
	    id="spec_spec516"
	    title="MetaMapService KYC Completion should handle database update errors"
	  />
	
	  Name "MetaMapService KYC Completion should handle client not found error":
	  <li
	    class="jasmine-passed"
	    id="spec_spec514"
	    title="MetaMapService KYC Completion should handle client not found error"
	  />
	
	  Name "MetaMapService KYC Completion should cap health score at 100":
	  <li
	    class="jasmine-passed"
	    id="spec_spec515"
	    title="MetaMapService KYC Completion should cap health score at 100"
	  />
	
	  Name "MetaMapService KYC Completion should complete KYC successfully":
	  <li
	    class="jasmine-passed"
	    id="spec_spec513"
	    title="MetaMapService KYC Completion should complete KYC successfully"
	  />
	
	  Name "MetaMapService Service Initialization should be created":
	  <li
	    class="jasmine-passed"
	    id="spec_spec504"
	    title="MetaMapService Service Initialization should be created"
	  />
	
	  Name "MetaMapService Service Initialization should initialize MetaMap SDK on creation":
	  <li
	    class="jasmine-passed"
	    id="spec_spec505"
	    title="MetaMapService Service Initialization should initialize MetaMap SDK on creation"
	  />
	
	  Name "MetaMapService Service Initialization should not reload SDK if already present":
	  <li
	    class="jasmine-passed"
	    id="spec_spec506"
	    title="MetaMapService Service Initialization should not reload SDK if already present"
	  />
	
	  Name "MetaMapService KYC Prerequisites Validation should detect missing comprobante de domicilio":
	  <li
	    class="jasmine-passed"
	    id="spec_spec519"
	    title="MetaMapService KYC Prerequisites Validation should detect missing comprobante de domicilio"
	  />
	
	  Name "MetaMapService KYC Prerequisites Validation should validate prerequisites for ready client":
	  <li
	    class="jasmine-passed"
	    id="spec_spec517"
	    title="MetaMapService KYC Prerequisites Validation should validate prerequisites for ready client"
	  />
	
	  Name "MetaMapService KYC Prerequisites Validation should detect multiple missing documents":
	  <li
	    class="jasmine-passed"
	    id="spec_spec521"
	    title="MetaMapService KYC Prerequisites Validation should detect multiple missing documents"
	  />
	
	  Name "MetaMapService KYC Prerequisites Validation should detect already completed KYC":
	  <li
	    class="jasmine-passed"
	    id="spec_spec520"
	    title="MetaMapService KYC Prerequisites Validation should detect already completed KYC"
	  />
	
	  Name "MetaMapService KYC Prerequisites Validation should detect missing INE document":
	  <li
	    class="jasmine-passed"
	    id="spec_spec518"
	    title="MetaMapService KYC Prerequisites Validation should detect missing INE document"
	  />
	
	  Name "MetaMapService KYC Status Reporting should report in_progress status":
	  <li
	    class="jasmine-passed"
	    id="spec_spec525"
	    title="MetaMapService KYC Status Reporting should report in_progress status"
	  />
	
	  Name "MetaMapService KYC Status Reporting should report failed status with retry option":
	  <li
	    class="jasmine-passed"
	    id="spec_spec524"
	    title="MetaMapService KYC Status Reporting should report failed status with retry option"
	  />
	
	  Name "MetaMapService KYC Status Reporting should report not_started for client without KYC document":
	  <li
	    class="jasmine-passed"
	    id="spec_spec527"
	    title="MetaMapService KYC Status Reporting should report not_started for client without KYC document"
	  />
	
	  Name "MetaMapService KYC Status Reporting should report prerequisites_missing status":
	  <li
	    class="jasmine-passed"
	    id="spec_spec526"
	    title="MetaMapService KYC Status Reporting should report prerequisites_missing status"
	  />
	
	  Name "MetaMapService KYC Status Reporting should report completed status":
	  <li
	    class="jasmine-passed"
	    id="spec_spec523"
	    title="MetaMapService KYC Status Reporting should report completed status"
	  />
	
	  Name "MetaMapService KYC Status Reporting should report ready status":
	  <li
	    class="jasmine-passed"
	    id="spec_spec522"
	    title="MetaMapService KYC Status Reporting should report ready status"
	  />
	
	  Name "MetaMapService SDK Availability Check should detect SDK availability when Mati object exists":
	  <li
	    class="jasmine-passed"
	    id="spec_spec531"
	    title="MetaMapService SDK Availability Check should detect SDK availability when Mati object exists"
	  />
	
	  Name "MetaMapService SDK Availability Check should report SDK as unavailable when neither exists":
	  <li
	    class="jasmine-passed"
	    id="spec_spec533"
	    title="MetaMapService SDK Availability Check should report SDK as unavailable when neither exists"
	  />
	
	  Name "MetaMapService SDK Availability Check should wait for page load when document not ready":
	  <li
	    class="jasmine-passed"
	    id="spec_spec535"
	    title="MetaMapService SDK Availability Check should wait for page load when document not ready"
	  />
	
	  Name "MetaMapService SDK Availability Check should detect SDK availability when metamap-button exists":
	  <li
	    class="jasmine-passed"
	    id="spec_spec532"
	    title="MetaMapService SDK Availability Check should detect SDK availability when metamap-button exists"
	  />
	
	  Name "MetaMapService SDK Availability Check should handle server-side rendering (no window object)":
	  <li
	    class="jasmine-pending"
	    id="spec_spec534"
	    title="MetaMapService SDK Availability Check should handle server-side rendering (no window object)"
	  />
	
	  Name "MetaMapService KYC Failure Simulation should handle client not found in failure simulation":
	  <li
	    class="jasmine-passed"
	    id="spec_spec530"
	    title="MetaMapService KYC Failure Simulation should handle client not found in failure simulation"
	  />
	
	  Name "MetaMapService KYC Failure Simulation should use default failure reason":
	  <li
	    class="jasmine-passed"
	    id="spec_spec529"
	    title="MetaMapService KYC Failure Simulation should use default failure reason"
	  />
	
	  Name "MetaMapService KYC Failure Simulation should simulate KYC failure":
	  <li
	    class="jasmine-passed"
	    id="spec_spec528"
	    title="MetaMapService KYC Failure Simulation should simulate KYC failure"
	  />
	
	  Name "MetaMapService Edge Cases and Error Handling should handle client without KYC document in completion":
	  <li
	    class="jasmine-passed"
	    id="spec_spec537"
	    title="MetaMapService Edge Cases and Error Handling should handle client without KYC document in completion"
	  />
	
	  Name "MetaMapService Edge Cases and Error Handling should handle exit event without reason":
	  <li
	    class="jasmine-passed"
	    id="spec_spec536"
	    title="MetaMapService Edge Cases and Error Handling should handle exit event without reason"
	  />
	
	  Name "MetaMapService Edge Cases and Error Handling should handle button creation with existing button in container":
	  <li
	    class="jasmine-passed"
	    id="spec_spec539"
	    title="MetaMapService Edge Cases and Error Handling should handle button creation with existing button in container"
	  />
	
	  Name "MetaMapService Edge Cases and Error Handling should handle empty verification data":
	  <li
	    class="jasmine-passed"
	    id="spec_spec538"
	    title="MetaMapService Edge Cases and Error Handling should handle empty verification data"
	  />
	
	  --------------------------------------------------heading:
	
	  Name "Centro de Comando":
	  <h1
	    _ngcontent-a-c3214690901=""
	    class="text-gradient-primary"
	  />
	
	  --------------------------------------------------
	  paragraph:
	
	  Name "":
	  <p
	    _ngcontent-a-c3214690901=""
	    class="brand-subtitle"
	  />
	
	  Name "":
	  <p
	    _ngcontent-a-c3214690901=""
	    class="register-text"
	  />
	
	  --------------------------------------------------
	  textbox:
	
	  Name "📧 Correo Electrónico":
	  <input
	    _ngcontent-a-c3214690901=""
	    class="premium-input ng-untouched ng-pristine ng-invalid"
	    formcontrolname="email"
	    id="email"
	    ng-reflect-name="email"
	    placeholder="ricardo.montoya@cmu.com"
	    type="email"
	  />
	
	  --------------------------------------------------
	  button:
	
	  Name "🙈":
	  <button
	    _ngcontent-a-c3214690901=""
	    class="password-toggle-premium"
	    type="button"
	  />
	
	  Name "¿Olvidaste tu contraseña?":
	  <button
	    _ngcontent-a-c3214690901=""
	    class="forgot-password"
	    type="button"
	  />
	
	  Name "➡️ Acceder al Cockpit":
	  <button
	    _ngcontent-a-c3214690901=""
	    class="btn-primary command-center-btn"
	    disabled=""
	    type="submit"
	  />
	
	  --------------------------------------------------
	  checkbox:
	
	  Name "Recordarme":
	  <input
	    _ngcontent-a-c3214690901=""
	    class="ng-untouched ng-pristine ng-valid"
	    formcontrolname="rememberMe"
	    ng-reflect-name="rememberMe"
	    type="checkbox"
	  />
	
	  --------------------------------------------------
	  link:
	
	  Name "Activar Cuenta":
	  <a
	    _ngcontent-a-c3214690901=""
	    class="premium-link"
	    href="/register"
	  />
	
	  --------------------------------------------------
	
	Ignored nodes: comments, script, style
	<body>
	  
	    
	  
	    
	  
	    
	  
	    
	  
	    
	  
	    
	  
	    
	  
	
	  
	
	  
	
	  
	
	  
	
	  <link
	    crossorigin="anonymous"
	    href="node_modules/jasmine-core/lib/jasmine-core/jasmine.css"
	    rel="stylesheet"
	    type="text/css"
	  />
	  
	
	  
	
	  
	
	  <div
	    class="jasmine_html-reporter"
	  >
	    <div
	      class="jasmine-banner"
	    >
	      <a
	        class="jasmine-title"
	        href="http://jasmine.github.io/"
	        target="_blank"
	      />
	      <span
	        class="jasmine-version"
	      >
	        4.6.1
	      </span>
	    </div>
	    <ul
	      class="jasmine-symbol-summary"
	    >
	      <li
	        class="jasmine-passed"
	        id="spec_spec478"
	        title="LoadingService Service Initialization should return false for initial isLoading state"
	      />
	      <li
	        class="jasmine-passed"
	        id="spec_spec477"
	        title="LoadingService Service Initialization should initialize with loading false"
	      />
	      <li
	        class="jasmine-passed"
	        id="spec_spec476"
	        title="LoadingService Service Initialization should be created"
	      />
	      <li
	        class="jasmine-passed"
	        id="spec_spec479"
	        title="LoadingService Basic Loading Control should show loading"
	      />
	      <li
	        class="jasmine-passed"
	        id="spec_spec482"
	        title="LoadingService Basic Loading Control should not hide loading when already hidden"
	      />
	      <li
	        class="jasmine-passed"
	        id="spec_spec481"
	        title="LoadingService Basic Loading Control should not show loading multiple times without identifiers"
	      />
	      <li
	        class="jasmine-passed"
	        id="spec_spec480"
	        title="LoadingService Basic Loading Control should hide loading"
	      />
	      <li
	        class="jasmine-passed"
	        id="spec_spec488"
	        title="LoadingService Identifier-based Loading Control should handle hiding identifier multiple times"
	      />
	      <li
	        class="jasmine-passed"
	        id="spec_spec487"
	        title="LoadingService Identifier-based Loading Control should handle hiding non-existent identifier"
	      />
	      <li
	        class="jasmine-passed"
	        id="spec_spec483"
	        title="LoadingService Identifier-based Loading Control should show loading with identifier"
	      />
	      <li
	        class="jasmine-passed"
	        id="spec_spec486"
	        title="LoadingService Identifier-based Loading Control should not add duplicate identifiers"
	      />
	      <li
	        class="jasmine-passed"
	        id="spec_spec485"
	        title="LoadingService Identifier-based Loading Control should manage multiple identifiers"
	      />
	      <li
	        class="jasmine-passed"
	        id="spec_spec484"
	        title="LoadingService Identifier-based Loading Control should hide loading with identifier"
	      />
	      <li
	        class="jasmine-passed"
	        id="spec_spec503"
	        title="LoadingService Observable Behavior should support multiple subscribers"
	      />
	      <li
	        class="jasmine-passed"
	        id="spec_spec501"
	        title="LoadingService Observable Behavior should emit loading state changes"
	      />
	      <li
	        class="jasmine-passed"
	        id="spec_spec502"
	        title="LoadingService Observable Behavior should not emit duplicate states"
	      />
	      <li
	        class="jasmine-passed"
	        id="spec_spec496"
	        title="LoadingService SetLoading Alias Method should work without identifier"
	      />
	      <li
	        class="jasmine-passed"
	        id="spec_spec495"
	        title="LoadingService SetLoading Alias Method should hide loading when setLoading(false)"
	      />
	      <li
	        class="jasmine-passed"
	        id="spec_spec494"
	        title="LoadingService SetLoading Alias Method should show loading when setLoading(true)"
	      />
	      <li
	        class="jasmine-passed"
	        id="spec_spec498"
	        title="LoadingService Edge Cases and Error Handling should handle mixed identifier and non-identifier operations"
	      />
	      <li
	        class="jasmine-passed"
	        id="spec_spec497"
	        title="LoadingService Edge Cases and Error Handling should handle rapid show/hide calls"
	      />
	      <li
	        class="jasmine-passed"
	        id="spec_spec500"
	        title="LoadingService Edge Cases and Error Handling should maintain state consistency after force hide"
	      />
	      <li
	        class="jasmine-passed"
	        id="spec_spec499"
	        title="LoadingService Edge Cases and Error Handling should handle empty string identifier"
	      />
	      <li
	        class="jasmine-passed"
	        id="spec_spec489"
	        title="LoadingService Force Hide Functionality should force hide loading even with active identifiers"
	      />
	      <li
	        class="jasmine-passed"
	        id="spec_spec490"
	        title="LoadingService Force Hide Functionality should clear all identifiers on force hide"
	      />
	      <li
	        class="jasmine-passed"
	        id="spec_spec492"
	        title="LoadingService Duration-based Loading should show loading for duration with identifier"
	      />
	      <li
	        class="jasmine-passed"
	        id="spec_spec491"
	        title="LoadingService Duration-based Loading should show loading for specific duration"
	      />
	      <li
	        class="jasmine-passed"
	        id="spec_spec493"
	        title="LoadingService Duration-based Loading should handle multiple timed operations"
	      />
	      <li
	        class="jasmine-passed"
	        id="spec_spec53"
	        title="AuthService Login Functionality should fail login with invalid credentials"
	      />
	      <li
	        class="jasmine-passed"
	        id="spec_spec52"
	        title="AuthService Login Functionality should login with valid demo credentials"
	      />
	      <li
	        class="jasmine-passed"
	        id="spec_spec56"
	        title="AuthService Login Functionality should store token in localStorage after successful login"
	      />
	      <li
	        class="jasmine-passed"
	        id="spec_spec55"
	        title="AuthService Login Functionality should set user as authenticated after successful login"
	      />
	      <li
	        class="jasmine-passed"
	        id="spec_spec54"
	        title="AuthService Login Functionality should fail login with non-corporate email"
	      />
	      <li
	        class="jasmine-passed"
	        id="spec_spec51"
	        title="AuthService Basic Service Setup should initialize as not authenticated"
	      />
	      <li
	        class="jasmine-passed"
	        id="spec_spec49"
	        title="AuthService Basic Service Setup should be created"
	      />
	      <li
	        class="jasmine-passed"
	        id="spec_spec50"
	        title="AuthService Basic Service Setup should initialize with no authenticated user"
	      />
	      <li
	        class="jasmine-passed"
	        id="spec_spec75"
	        title="AuthService Logout Functionality should clear user data on logout"
	      />
	      <li
	        class="jasmine-passed"
	   ...
	TestingLibraryElementError: Unable to find an accessible element with the role "button" and name `/iniciar sesión/i`
	Here are the accessible roles:
	  link:
	  Name "":
	  <a
	    class="jasmine-title"
	    href="http://jasmine.github.io/"
	    target="_blank"
	  />
	  --------------------------------------------------
	  list:
	  Name "":
	  <ul
	    class="jasmine-symbol-summary"
	  />
	  --------------------------------------------------
	  listitem:
	  Name "LoadingService Service Initialization should return false for initial isLoading state":
	  <li
	    class="jasmine-passed"
	    id="spec_spec478"
	    title="LoadingService Service Initialization should return false for initial isLoading state"
	  />
	  Name "LoadingService Service Initialization should initialize with loading false":
	  <li
	    class="jasmine-passed"
	    id="spec_spec477"
	    title="LoadingService Service Initialization should initialize with loading false"
	  />
	  Name "LoadingService Service Initialization should be created":
	  <li
	    class="jasmine-passed"
	    id="spec_spec476"
	    title="LoadingService Service Initialization should be created"
	  />
	  Name "LoadingService Basic Loading Control should show loading":
	  <li
	    class="jasmine-passed"
	    id="spec_spec479"
	    title="LoadingService Basic Loading Control should show loading"
	  />
	  Name "LoadingService Basic Loading Control should not hide loading when already hidden":
	  <li
	    class="jasmine-passed"
	    id="spec_spec482"
	    title="LoadingService Basic Loading Control should not hide loading when already hidden"
	  />
	  Name "LoadingService Basic Loading Control should not show loading multiple times without identifiers":
	  <li
	    class="jasmine-passed"
	    id="spec_spec481"
	    title="LoadingService Basic Loading Control should not show loading multiple times without identifiers"
	  />
	  Name "LoadingService Basic Loading Control should hide loading":
	  <li
	    class="jasmine-passed"
	    id="spec_spec480"
	    title="LoadingService Basic Loading Control should hide loading"
	  />
	  Name "LoadingService Identifier-based Loading Control should handle hiding identifier multiple times":
	  <li
	    class="jasmine-passed"
	    id="spec_spec488"
	    title="LoadingService Identifier-based Loading Control should handle hiding identifier multiple times"
	  />
	  Name "LoadingService Identifier-based Loading Control should handle hiding non-existent identifier":
	  <li
	    class="jasmine-passed"
	    id="spec_spec487"
	    title="LoadingService Identifier-based Loading Control should handle hiding non-existent identifier"
	  />
	  Name "LoadingService Identifier-based Loading Control should show loading with identifier":
	  <li
	    class="jasmine-passed"
	    id="spec_spec483"
	    title="LoadingService Identifier-based Loading Control should show loading with identifier"
	  />
	  Name "LoadingService Identifier-based Loading Control should not add duplicate identifiers":
	  <li
	    class="jasmine-passed"
	    id="spec_spec486"
	    title="LoadingService Identifier-based Loading Control should not add duplicate identifiers"
	  />
	  Name "LoadingService Identifier-based Loading Control should manage multiple identifiers":
	  <li
	    class="jasmine-passed"
	    id="spec_spec485"
	    title="LoadingService Identifier-based Loading Control should manage multiple identifiers"
	  />
	  Name "LoadingService Identifier-based Loading Control should hide loading with identifier":
	  <li
	    class="jasmine-passed"
	    id="spec_spec484"
	    title="LoadingService Identifier-based Loading Control should hide loading with identifier"
	  />
	  Name "LoadingService Observable Behavior should support multiple subscribers":
	  <li
	    class="jasmine-passed"
	    id="spec_spec503"
	    title="LoadingService Observable Behavior should support multiple subscribers"
	  />
	  Name "LoadingService Observable Behavior should emit loading state changes":
	  <li
	    class="jasmine-passed"
	    id="spec_spec501"
	    title="LoadingService Observable Behavior should emit loading state changes"
	  />
	  Name "LoadingService Observable Behavior should not emit duplicate states":
	  <li
	    class="jasmine-passed"
	    id="spec_spec502"
	    title="LoadingService Observable Behavior should not emit duplicate states"
	  />
	  Name "LoadingService SetLoading Alias Method should work without identifier":
	  <li
	    class="jasmine-passed"
	    id="spec_spec496"
	    title="LoadingService SetLoading Alias Method should work without identifier"
	  />
	  Name "LoadingService SetLoading Alias Method should hide loading when setLoading(false)":
	  <li
	    class="jasmine-passed"
	    id="spec_spec495"
	    title="LoadingService SetLoading Alias Method should hide loading when setLoading(false)"
	  />
	  Name "LoadingService SetLoading Alias Method should show loading when setLoading(true)":
	  <li
	    class="jasmine-passed"
	    id="spec_spec494"
	    title="LoadingService SetLoading Alias Method should show loading when setLoading(true)"
	  />
	  Name "LoadingService Edge Cases and Error Handling should handle mixed identifier and non-identifier operations":
	  <li
	    class="jasmine-passed"
	    id="spec_spec498"
	    title="LoadingService Edge Cases and Error Handling should handle mixed identifier and non-identifier operations"
	  />
	  Name "LoadingService Edge Cases and Error Handling should handle rapid show/hide calls":
	  <li
	    class="jasmine-passed"
	    id="spec_spec497"
	    title="LoadingService Edge Cases and Error Handling should handle rapid show/hide calls"
	  />
	  Name "LoadingService Edge Cases and Error Handling should maintain state consistency after force hide":
	  <li
	    class="jasmine-passed"
	    id="spec_spec500"
	    title="LoadingService Edge Cases and Error Handling should maintain state consistency after force hide"
	  />
	  Name "LoadingService Edge Cases and Error Handling should handle empty string identifier":
	  <li
	    class="jasmine-passed"
	    id="spec_spec499"
	    title="LoadingService Edge Cases and Error Handling should handle empty string identifier"
	  />
	  Name "LoadingService Force Hide Functionality should force hide loading even with active identifiers":
	  <li
	    class="jasmine-passed"
	    id="spec_spec489"
	    title="LoadingService Force Hide Functionality should force hide loading even with active identifiers"
	  />
	  Name "LoadingService Force Hide Functionality should clear all identifiers on force hide":
	  <li
	    class="jasmine-passed"
	    id="spec_spec490"
	    title="LoadingService Force Hide Functionality should clear all identifiers on force hide"
	  />
	  Name "LoadingService Duration-based Loading should show loading for duration with identifier":
	  <li
	    class="jasmine-passed"
	    id="spec_spec492"
	    title="LoadingService Duration-based Loading should show loading for duration with identifier"
	  />
	  Name "LoadingService Duration-based Loading should show loading for specific duration":
	  <li
	    class="jasmine-passed"
	    id="spec_spec491"
	    title="LoadingService Duration-based Loading should show loading for specific duration"
	  />
	  Name "LoadingService Duration-based Loading should handle multiple timed operations":
	  <li
	    class="jasmine-passed"
	    id="spec_spec493"
	    title="LoadingService Duration-based Loading should handle multiple timed operations"
	  />
	  Name "AuthService Login Functionality should fail login with invalid credentials":
	  <li
	    class="jasmine-passed"
	    id="spec_spec53"
	    title="AuthService Login Functionality should fail login with invalid credentials"
	  />
	  Name "AuthService Login Functionality should login with valid demo credentials":
	  <li
	    class="jasmine-passed"
	    id="spec_spec52"
	    title="AuthService Login Functionality should login with valid demo credentials"
	  />
	  Name "AuthService Login Functionality should store token in localStorage after successful login":
	  <li
	    class="jasmine-passed"
	    id="spec_spec56"
	    title="AuthService Login Functionality should store token in localStorage after successful login"
	  />
	  Name "AuthService Login Functionality should set user as authenticated after successful login":
	  <li
	    class="jasmine-passed"
	    id="spec_spec55"
	    title="AuthService Login Functionality should set user as authenticated after successful login"
	  />
	  Name "AuthService Login Functionality should fail login with non-corporate email":
	  <li
	    class="jasmine-passed"
	    id="spec_spec54"
	    title="AuthService Login Functionality should fail login with non-corporate email"
	  />
	  Name "AuthService Basic Service Setup should initialize as not authenticated":
	  <li
	    class="jasmine-passed"
	    id="spec_spec51"
	    title="AuthService Basic Service Setup should initialize as not authenticated"
	  />
	  Name "AuthService Basic Service Setup should be created":
	  <li
	    class="jasmine-passed"
	    id="spec_spec49"
	    title="AuthService Basic Service Setup should be created"
	  />
	  Name "AuthService Basic Service Setup should initialize with no authenticated user":
	  <li
	    class="jasmine-passed"
	    id="spec_spec50"
	    title="AuthService Basic Service Setup should initialize with no authenticated user"
	  />
	  Name "AuthService Logout Functionality should clear user data on logout":
	  <li
	    class="jasmine-passed"
	    id="spec_spec75"
	    title="AuthService Logout Functionality should clear user data on logout"
	  />
	  Name "AuthService Logout Functionality should clear authentication state on logout":
	  <li
	    class="jasmine-passed"
	    id="spec_spec74"
	    title="AuthService Logout Functionality should clear authentication state on logout"
	  />
	  Name "AuthService Logout Functionality should remove token from localStorage on logout":
	  <li
	    class="jasmine-passed"
	    id="spec_spec76"
	    title="AuthService Logout Functionality should remove token from localStorage on logout"
	  />
	  Name "AuthService Email Availability Check should return available for new email":
	  <li
	    class="jasmine-passed"
	    id="spec_spec71"
	    title="AuthService Email Availability Check should return available for new email"
	  />
	  Name "AuthService Email Availability Check should return not available for pending registration email":
	  <li
	    class="jasmine-passed"
	    id="spec_spec73"
	    title="AuthService Email Availability Check should return not available for pending registration email"
	  />
	  Name "AuthService Email Availability Check should return not available for existing email":
	  <li
	    class="jasmine-passed"
	    id="spec_spec72"
	    title="AuthService Email Availability Check should return not available for existing email"
	  />
	  Name "AuthService Email Verification should successfully verify email with valid token":
	  <li
	    class="jasmine-passed"
	    id="spec_spec68"
	    title="AuthService Email Verification should successfully verify email with valid token"
	  />
	  Name "AuthService Email Verification should fail verification with invalid token":
	  <li
	    class="jasmine-passed"
	    id="spec_spec69"
	    title="AuthService Email Verification should fail verification with invalid token"
	  />
	  Name "AuthService Email Verification should update registration status after verification":
	  <li
	    class="jasmine-passed"
	    id="spec_spec70"
	    title="AuthService Email Verification should update registration status after verification"
	  />
	  Name "AuthService Token Management should detect old token as expired":
	  <li
	    class="jasmine-passed"
	    id="spec_spec59"
	    title="AuthService Token Management should detect old token as expired"
	  />
	  Name "AuthService Token Management should detect valid token as not expired":
	  <li
	    class="jasmine-failed"
	    id="spec_spec58"
	    title="AuthService Token Management should detect valid token as not expired"
	  />
	  Name "AuthService Token Management should detect invalid token format as expired":
	  <li
	    class="jasmine-passed"
	    id="spec_spec60"
	    title="AuthService Token Management should detect invalid token format as expired"
	  />
	  Name "AuthService Token Management should retrieve stored token":
	  <li
	    class="jasmine-passed"
	    id="spec_spec57"
	    title="AuthService Token Management should retrieve stored token"
	  />
	  Name "AuthService Registration Functionality should fail registration without privacy acceptance":
	  <li
	    class="jasmine-passed"
	    id="spec_spec63"
	    title="AuthService Registration Functionality should fail registration without privacy acceptance"
	  />
	  Name "AuthService Registration Functionality should successfully register with valid data":
	  <li
	    class="jasmine-passed"
	    id="spec_spec61"
	    title="AuthService Registration Functionality should successfully register with valid data"
	  />
	  Name "AuthService Registration Functionality should fail registration without terms acceptance":
	  <li
	    class="jasmine-passed"
	    id="spec_spec62"
	    title="AuthService Registration Functionality should fail registration without terms acceptance"
	  />
	  Name "AuthService Registration Functionality should fail registration with non-corporate email":
	  <li
	    class="jasmine-passed"
	    id="spec_spec65"
	    title="AuthService Registration Functionality should fail registration with non-corporate email"
	  />
	  Name "AuthService Registration Functionality should fail registration with existing email":
	  <li
	    class="jasmine-passed"
	    id="spec_spec66"
	    title="AuthService Registration Functionality should fail registration with existing email"
	  />
	  Name "AuthService Registration Functionality should fail registration with mismatched passwords":
	  <li
	    class="jasmine-passed"
	    id="spec_spec64"
	    title="AuthService Registration Functionality should fail registration with mismatched passwords"
	  />
	  Name "AuthService Registration Functionality should store pending registration in localStorage":
	  <li
	    class="jasmine-passed"
	    id="spec_spec67"
	    title="AuthService Registration Functionality should store pending registration in localStorage"
	  />
	  Name "CreditScoringService Service Initialization should have SCORING_CONFIG defined":
	  <li
	    class="jasmine-failed"
	    id="spec_spec296"
	    title="CreditScoringService Service Initialization should have SCORING_CONFIG defined"
	  />
	  Name "CreditScoringService Service Initialization should initialize internal storage maps":
	  <li
	    class="jasmine-failed"
	    id="spec_spec297"
	    title="CreditScoringService Service Initialization should initialize internal storage maps"
	  />
	  Name "CreditScoringService Service Initialization should be created":
	  <li
	    class="jasmine-failed"
	    id="spec_spec295"
	    title="CreditScoringService Service Initialization should be created"
	  />
	  Name "CreditScoringService Scoring Recommendations should get VentaDirecta recommendations":
	  <li
	    class="jasmine-failed"
	    id="spec_spec308"
	    title="CreditScoringService Scoring Recommendations should get VentaDirecta recommendations"
	  />
	  Name "CreditScoringService Scoring Recommendations should get CreditoColectivo recommendations":
	  <li
	    class="jasmine-failed"
	    id="spec_spec311"
	    title="CreditScoringService Scoring Recommendations should get CreditoColectivo recommendations"
	  />
	  Name "CreditScoringService Scoring Recommendations should get AhorroProgramado recommendations":
	  <li
	    class="jasmine-failed"
	    id="spec_spec312"
	    title="CreditScoringService Scoring Recommendations should get AhorroProgramado recommendations"
	  />
	  Name "CreditScoringService Scoring Recommendations should get VentaPlazo recommendations for AGS":
	  <li
	    class="jasmine-failed"
	    id="spec_spec309"
	    title="CreditScoringService Scoring Recommendations should get VentaPlazo recommendations for AGS"
	  />
	  Name "CreditScoringService Scoring Recommendations should return default recommendations for unknown flow":
	  <li
	    class="jasmine-failed"
	    id="spec_spec313"
	    title="CreditScoringService Scoring Recommendations should return default recommendations for unknown flow"
	  />
	  Name "CreditScoringService Scoring Recommendations should get VentaPlazo recommendations for EdoMex":
	  <li
	    class="jasmine-failed"
	    id="spec_spec310"
	    title="CreditScoringService Scoring Recommendations should get VentaPlazo recommendations for EdoMex"
	  />
	  Name "CreditScoringService Scoring Validity Check should invalidate expired scoring":
	  <li
	    class="jasmine-failed"
	    id="spec_spec327"
	    title="CreditScoringService Scoring Validity Check should invalidate expired scoring"
	  />
	  Name "CreditScoringService Scoring Validity Check should validate non-expired scoring":
	  <li
	    class="jasmine-failed"
	    id="spec_spec326"
	    title="CreditScoringService Scoring Validity Check should validate non-expired scoring"
	  />
	  Name "CreditScoringService Scoring Validity Check should return false for non-existent scoring":
	  <li
	    class="jasmine-failed"
	    id="spec_spec328"
	    title="CreditScoringService Scoring Validity Check should return false for non-existent scoring"
	  />
	  Name "CreditScoringService Scoring Simulation should set expiration date correctly":
	  <li
	    class="jasmine-failed"
	    id="spec_spec321"
	    title="CreditScoringService Scoring Simulation should set expiration date correctly"
	  />
	  Name "CreditScoringService Scoring Simulation should simulate scoring with low score for risky client":
	  <li
	    class="jasmine-failed"
	    id="spec_spec315"
	    title="CreditScoringService Scoring Simulation should simulate scoring with low score for risky client"
	  />
	  Name "CreditScoringService Scoring Simulation should apply market bonus for Aguascalientes":
	  <li
	    class="jasmine-failed"
	    id="spec_spec316"
	    title="CreditScoringService Scoring Simulation should apply market bonus for Aguascalientes"
	  />
	  Name "CreditScoringService Scoring Simulation should set correct interest rates by market":
	  <li
	    class="jasmine-failed"
	    id="spec_spec318"
	    title="CreditScoringService Scoring Simulation should set correct interest rates by market"
	  />
	  Name "CreditScoringService Scoring Simulation should include reasons for rejection":
	  <li
	    class="jasmine-failed"
	    id="spec_spec320"
	    title="CreditScoringService Scoring Simulation should include reasons for rejection"
	  />
	  Name "CreditScoringService Scoring Simulation should apply business flow bonuses correctly":
	  <li
	    class="jasmine-failed"
	    id="spec_spec317"
	    title="CreditScoringService Scoring Simulation should apply business flow bonuses correctly"
	  />
	  Name "CreditScoringService Scoring Simulation should include conditions for conditional approval":
	  <li
	    class="jasmine-failed"
	    id="spec_spec319"
	    title="CreditScoringService Scoring Simulation should include conditions for conditional approval"
	  />
	  Name "CreditScoringService Scoring Simulation should simulate scoring with high score for good client":
	  <li
	    class="jasmine-failed"
	    id="spec_spec314"
	    title="CreditScoringService Scoring Simulation should simulate scoring with high score for good client"
	  />
	  Name "CreditScoringService Credit Scoring Process should get scoring status correctly":
	  <li
	    class="jasmine-failed"
	    id="spec_spec301"
	    title="CreditScoringService Credit Scoring Process should get scoring status correctly"
	  />
	  Name "CreditScoringService Credit Scoring Process should return null for non-existent scoring ID":
	  <li
	    class="jasmine-failed"
	    id="spec_spec300"
	    title="CreditScoringService Credit Scoring Process should return null for non-existent scoring ID"
	  />
	  Name "CreditScoringService Credit Scoring Process should return null for non-existent status ID":
	  <li
	    class="jasmine-failed"
	    id="spec_spec302"
	    title="CreditScoringService Credit Scoring Process should return null for non-existent status ID"
	  />
	  Name "CreditScoringService Credit Scoring Process should initiate credit scoring request":
	  <li
	    class="jasmine-failed"
	    id="spec_spec298"
	    title="CreditScoringService Credit Scoring Process should initiate credit scoring request"
	  />
	  Name "CreditScoringService Credit Scoring Process should store scoring result after processing":
	  <li
	    class="jasmine-failed"
	    id="spec_spec299"
	    title="CreditScoringService Credit Scoring Process should store scoring result after processing"
	  />
	  Name "CreditScoringService Risk Level Assignment should assign correct risk levels":
	  <li
	    class="jasmine-failed"
	    id="spec_spec330"
	    title="CreditScoringService Risk Level Assignment should assign correct risk levels"
	  />
	  Name "CreditScoringService Score Grading System should assign correct grades for score ranges":
	  <li
	    class="jasmine-failed"
	    id="spec_spec329"
	    title="CreditScoringService Score Grading System should assign correct grades for score ranges"
	  />
	  Name "CreditScoringService Scoring Prerequisites Validation should validate client is ready for scoring":
	  <li
	    class="jasmine-failed"
	    id="spec_spec303"
	    title="CreditScoringService Scoring Prerequisites Validation should validate client is ready for scoring"
	  />
	  Name "CreditScoringService Scoring Prerequisites Validation should identify multiple missing requirements":
	  <li
	    class="jasmine-failed"
	    id="spec_spec307"
	    title="CreditScoringService Scoring Prerequisites Validation should identify multiple missing requirements"
	  />
	  Name "CreditScoringService Scoring Prerequisites Validation should identify missing INE document":
	  <li
	    class="jasmine-failed"
	    id="spec_spec304"
	    title="CreditScoringService Scoring Prerequisites Validation should identify missing INE document"
	  />
	  Name "CreditScoringService Scoring Prerequisites Validation should identify missing KYC verification":
	  <li
	    class="jasmine-failed"
	    id="spec_spec306"
	    title="CreditScoringService Scoring Prerequisites Validation should identify missing KYC verification"
	  />
	  Name "CreditScoringService Scoring Prerequisites Validation should identify missing comprobante document":
	  <li
	    class="jasmine-failed"
	    id="spec_spec305"
	    title="CreditScoringService Scoring Prerequisites Validation should identify missing comprobante document"
	  />
	  Name "CreditScoringService Scoring Retry Functionality should fail retry for non-existent original scoring":
	  <li
	    class="jasmine-failed"
	    id="spec_spec323"
	    title="CreditScoringService Scoring Retry Functionality should fail retry for non-existent original scoring"
	  />
	  Name "CreditScoringService Scoring Retry Functionality should retry scoring with updated information":
	  <li
	    class="jasmine-failed"
	    id="spec_spec322"
	    title="CreditScoringService Scoring Retry Functionality should retry scoring with updated information"
	  />
	  Name "CreditScoringService Edge Cases and Error Handling should handle zero or negative income gracefully":
	  <li
	    class="jasmine-failed"
	    id="spec_spec333"
	    title="CreditScoringService Edge Cases and Error Handling should handle zero or negative income gracefully"
	  />
	  Name "CreditScoringService Edge Cases and Error Handling should handle maximum score bounds":
	  <li
	    class="jasmine-failed"
	    id="spec_spec332"
	    title="CreditScoringService Edge Cases and Error Handling should handle maximum score bounds"
	  />
	  Name "CreditScoringService Edge Cases and Error Handling should handle minimum score bounds":
	  <li
	    class="jasmine-failed"
	    id="spec_spec331"
	    title="CreditScoringService Edge Cases and Error Handling should handle minimum score bounds"
	  />
	  Name "CreditScoringService Client Scoring History should return empty array for client with no scorings":
	  <li
	    class="jasmine-failed"
	    id="spec_spec325"
	    title="CreditScoringService Client Scoring History should return empty array for client with no scorings"
	  />
	  Name "CreditScoringService Client Scoring History should get client scoring history":
	  <li
	    class="jasmine-failed"
	    id="spec_spec324"
	    title="CreditScoringService Client Scoring History should get client scoring history"
	  />
	  Name "Integration Smoke should pass basic integration smoke test":
	  <li
	    class="jasmine-passed"
	    id="spec_spec11"
	    title="Integration Smoke should pass basic integration smoke test"
	  />
	  Name "FinancialCalculatorService Scenario Policy Validation should handle step-down without reduction percentage":
	  <li
	    class="jasmine-passed"
	    id="spec_spec422"
	    title="FinancialCalculatorService Scenario Policy Validation should handle step-down without reduction percentage"
	  />
	  Name "FinancialCalculatorService Scenario Policy Validation should validate unknown scenario type":
	  <li
	    class="jasmine-passed"
	    id="spec_spec421"
	    title="FinancialCalculatorService Scenario Policy Validation should validate unknown scenario type"
	  />
	  Name "FinancialCalculatorService Scenario Policy Validation should validate defer scenario within limits":
	  <li
	    class="jasmine-passed"
	    id="spec_spec417"
	    title="FinancialCalculatorService Scenario Policy Validation should validate defer scenario within limits"
	  />
	  Name "FinancialCalculatorService Scenario Policy Validation should validate step-down scenario within limits":
	  <li
	    class="jasmine-passed"
	    id="spec_spec419"
	    title="FinancialCalculatorService Scenario Policy Validation should validate step-down scenario within limits"
	  />
	  Name "FinancialCalculatorService Scenario Policy Validation should reject step-down scenario exceeding reduction limit":
	  <li
	    class="jasmine-passed"
	    id="spec_spec420"
	    title="FinancialCalculatorService Scenario Policy Validation should reject step-down scenario exceeding reduction limit"
	  />
	  Name "FinancialCalculatorService Scenario Policy Validation should reject defer scenario exceeding limits":
	  <li
	    class="jasmine-passed"
	    id="spec_spec418"
	    title="FinancialCalculatorService Scenario Policy Validation should reject defer scenario exceeding limits"
	  />
	  Name "FinancialCalculatorService Interest Capitalization should capitalize interest for deferral period":
	  <li
	    class="jasmine-passed"
	    id="spec_spec414"
	    title="FinancialCalculatorService Interest Capitalization should capitalize interest for deferral period"
	  />
	  Name "FinancialCalculatorService Interest Capitalization should handle zero deferral months":
	  <li
	    class="jasmine-passed"
	    id="spec_spec415"
	    title="FinancialCalculatorService Interest Capitalization should handle zero deferral months"
	  />
	  Name "FinancialCalculatorService Interest Capitalization should handle zero interest rate":
	  <li
	    class="jasmine-passed"
	    id="spec_spec416"
	    title="FinancialCalculatorService Interest Capitalization should handle zero interest rate"
	  />
	  Name "FinancialCalculatorService Currency Formatting should format positive amounts in Mexican Pesos":
	  <li
	    class="jasmine-passed"
	    id="spec_spec431"
	    title="FinancialCalculatorService Currency Formatting should format positive amounts in Mexican Pesos"
	  />
	  Name "FinancialCalculatorService Currency Formatting should format negative amounts":
	  <li
	    class="jasmine-passed"
	    id="spec_spec432"
	    title="FinancialCalculatorService Currency Formatting should format negative amounts"
	  />
	  Name "FinancialCalculatorService Currency Formatting should format zero amount":
	  <li
	    class="jasmine-passed"
	    id="spec_spec433"
	    title="FinancialCalculatorService Currency Formatting should format zero amount"
	  />
	  Name "FinancialCalculatorService Currency Formatting should format large amounts with proper separators":
	  <li
	    class="jasmine-passed"
	    id="spec_spec434"
	    title="FinancialCalculatorService Currency Formatting should format large amounts with proper separators"
	  />
	  Name "FinancialCalculatorService Currency Formatting should format small amounts":
	  <li
	    class="jasmine-passed"
	    id="spec_spec435"
	    title="FinancialCalculatorService Currency Formatting should format small amounts"
	  />
	  Name "FinancialCalculatorService TIR Calculation (Newton-Raphson) should bound rate to reasonable values":
	  <li
	    class="jasmine-passed"
	    id="spec_spec410"
	    title="FinancialCalculatorService TIR Calculation (Newton-Raphson) should bound rate to reasonable values"
	  />
	  Name "FinancialCalculatorService TIR Calculation (Newton-Raphson) should handle zero cash flows":
	  <li
	    class="jasmine-passed"
	    id="spec_spec407"
	    title="FinancialCalculatorService TIR Calculation (Newton-Raphson) should handle zero cash flows"
	  />
	  Name "FinancialCalculatorService TIR Calculation (Newton-Raphson) should calculate TIR for simple cash flows":
	  <li
	    class="jasmine-passed"
	    id="spec_spec405"
	    title="FinancialCalculatorService TIR Calculation (Newton-Raphson) should calculate TIR for simple cash flows"
	  />
	  Name "FinancialCalculatorService TIR Calculation (Newton-Raphson) should calculate TIR for loan scenario":
	  <li
	    class="jasmine-passed"
	    id="spec_spec406"
	    title="FinancialCalculatorService TIR Calculation (Newton-Raphson) should calculate TIR for loan scenario"
	  />
	  Name "FinancialCalculatorService TIR Calculation (Newton-Raphson) should handle single negative cash flow":
	  <li
	    class="jasmine-passed"
	    id="spec_spec408"
	    title="FinancialCalculatorService TIR Calculation (Newton-Raphson) should handle single negative cash flow"
	  />
	  Name "FinancialCalculatorService TIR Calculation (Newton-Raphson) should respect maximum iterations":
	  <li
	    class="jasmine-passed"
	    id="spec_spec409"
	    title="FinancialCalculatorService TIR Calculation (Newton-Raphson) should respect maximum iterations"
	  />
	  Name "FinancialCalculatorService Cash Flow Generation should generate cash flows with principal and payments":
	  <li
	    class="jasmine-passed"
	    id="spec_spec411"
	    title="FinancialCalculatorService Cash Flow Generation should generate cash flows with principal and payments"
	  />
	  Name "FinancialCalculatorService Cash Flow Generation should handle empty payments array":
	  <li
	    class="jasmine-passed"
	    id="spec_spec413"
	    title="FinancialCalculatorService Cash Flow Generation should handle empty payments array"
	  />
	  Name "FinancialCalculatorService Cash Flow Generation should handle fewer payments than term":
	  <li
	    class="jasmine-passed"
	    id="spec_spec412"
	    title="FinancialCalculatorService Cash Flow Generation should handle fewer payments than term"
	  />
	  Name "FinancialCalculatorService Service Initialization should be created":
	  <li
	    class="jasmine-passed"
	    id="spec_spec400"
	    title="FinancialCalculatorService Service Initialization should be created"
	  />
	  Name "FinancialCalculatorService Market-Specific TIR Rates should return correct TIR for Estado de México":
	  <li
	    class="jasmine-passed"
	    id="spec_spec402"
	    title="FinancialCalculatorService Market-Specific TIR Rates should return correct TIR for Estado de México"
	  />
	  Name "FinancialCalculatorService Market-Specific TIR Rates should return default TIR for unknown market":
	  <li
	    class="jasmine-passed"
	    id="spec_spec403"
	    title="FinancialCalculatorService Market-Specific TIR Rates should return default TIR for unknown market"
	  />
	  Name "FinancialCalculatorService Market-Specific TIR Rates should return correct TIR for Aguascalientes":
	  <li
	    class="jasmine-passed"
	    id="spec_spec401"
	    title="FinancialCalculatorService Market-Specific TIR Rates should return correct TIR for Aguascalientes"
	  />
	  Name "FinancialCalculatorService Market-Specific TIR Rates should return default TIR when market is undefined":
	  <li
	    class="jasmine-passed"
	    id="spec_spec404"
	    title="FinancialCalculatorService Market-Specific TIR Rates should return default TIR when market is undefined"
	  />
	  Name "FinancialCalculatorService Annuity Calculations should handle negative interest rate":
	  <li
	    class="jasmine-passed"
	    id="spec_spec426"
	    title="FinancialCalculatorService Annuity Calculations should handle negative interest rate"
	  />
	  Name "FinancialCalculatorService Annuity Calculations should handle zero term":
	  <li
	    class="jasmine-passed"
	    id="spec_spec425"
	    title="FinancialCalculatorService Annuity Calculations should handle zero term"
	  />
	  Name "FinancialCalculatorService Annuity Calculations should handle zero interest rate":
	  <li
	    class="jasmine-passed"
	    id="spec_spec424"
	    title="FinancialCalculatorService Annuity Calculations should handle zero interest rate"
	  />
	  Name "FinancialCalculatorService Annuity Calculations should calculate monthly payment for standard loan":
	  <li
	    class="jasmine-passed"
	    id="spec_spec423"
	    title="FinancialCalculatorService Annuity Calculations should calculate monthly payment for standard loan"
	  />
	  Name "FinancialCalculatorService Balance Calculations should handle negative interest rate in balance calculation":
	  <li
	    class="jasmine-passed"
	    id="spec_spec430"
	    title="FinancialCalculatorService Balance Calculations should handle negative interest rate in balance calculation"
	  />
	  Name "FinancialCalculatorService Balance Calculations should handle zero months paid":
	  <li
	    class="jasmine-passed"
	    id="spec_spec429"
	    title="FinancialCalculatorService Balance Calculations should handle zero months paid"
	  />
	  Name "FinancialCalculatorService Balance Calculations should handle zero interest rate balance":
	  <li
	    class="jasmine-passed"
	    id="spec_spec428"
	    title="FinancialCalculatorService Balance Calculations should handle zero interest rate balance"
	  />
	  Name "FinancialCalculatorService Balance Calculations should calculate remaining balance after payments":
	  <li
	    class="jasmine-passed"
	    id="spec_spec427"
	    title="FinancialCalculatorService Balance Calculations should calculate remaining balance after payments"
	  />
	  Name "FinancialCalculatorService Edge Cases and Error Handling should handle very long terms":
	  <li
	    class="jasmine-passed"
	    id="spec_spec438"
	    title="FinancialCalculatorService Edge Cases and Error Handling should handle very long terms"
	  />
	  Name "FinancialCalculatorService Edge Cases and Error Handling should handle TIR calculation convergence issues":
	  <li
	    class="jasmine-passed"
	    id="spec_spec439"
	    title="FinancialCalculatorService Edge Cases and Error Handling should handle TIR calculation convergence issues"
	  />
	  Name "FinancialCalculatorService Edge Cases and Error Handling should handle very large principal amounts":
	  <li
	    class="jasmine-passed"
	    id="spec_spec436"
	    title="FinancialCalculatorService Edge Cases and Error Handling should handle very large principal amounts"
	  />
	  Name "FinancialCalculatorService Edge Cases and Error Handling should handle very small interest rates":
	  <li
	    class="jasmine-passed"
	    id="spec_spec437"
	    title="FinancialCalculatorService Edge Cases and Error Handling should handle very small interest rates"
	  />
	  Name "OCRService Text Extraction from Image File should handle extraction errors":
	  <li
	    class="jasmine-passed"
	    id="spec_spec629"
	    title="OCRService Text Extraction from Image File should handle extraction errors"
	  />
	  Name "OCRService Text Extraction from Image File should extract structured data when document type is provided":
	  <li
	    class="jasmine-failed"
	    id="spec_spec628"
	    title="OCRService Text Extraction from Image File should extract structured data when document type is provided"
	  />
	  Name "OCRService Text Extraction from Image File should extract text from image file":
	  <li
	    class="jasmine-failed"
	    id="spec_spec627"
	    title="OCRService Text Extraction from Image File should extract text from image file"
	  />
	  Name "OCRService Text Extraction from Image File should update progress during extraction":
	  <li
	    class="jasmine-failed"
	    id="spec_spec630"
	    title="OCRService Text Extraction from Image File should update progress during extraction"
	  />
	  Name "OCRService Text Extraction from Base64 should extract structured data from base64 with document type":
	  <li
	    class="jasmine-failed"
	    id="spec_spec632"
	    title="OCRService Text Extraction from Base64 should extract structured data from base64 with document type"
	  />
	  Name "OCRService Text Extraction from Base64 should handle base64 extraction errors":
	  <li
	    class="jasmine-passed"
	    id="spec_spec633"
	    title="OCRService Text Extraction from Base64 should handle base64 extraction errors"
	  />
	  Name "OCRService Text Extraction from Base64 should extract text from base64 image":
	  <li
	    class="jasmine-failed"
	    id="spec_spec631"
	    title="OCRService Text Extraction from Base64 should extract text from base64 image"
	  />
	  Name "OCRService Service Initialization should provide progress observable":
	  <li
	    class="jasmine-passed"
	    id="spec_spec622"
	    title="OCRService Service Initialization should provide progress observable"
	  />
	  Name "OCRService Service Initialization should be created":
	  <li
	    class="jasmine-passed"
	    id="spec_spec621"
	    title="OCRService Service Initialization should be created"
	  />
	  Name "OCRService Worker Initialization should update progress during initialization":
	  <li
	    class="jasmine-passed"
	    id="spec_spec626"
	    title="OCRService Worker Initialization should update progress during initialization"
	  />
	  Name "OCRService Worker Initialization should handle initialization errors":
	  <li
	    class="jasmine-passed"
	    id="spec_spec625"
	    title="OCRService Worker Initialization should handle initialization errors"
	  />
	  Name "OCRService Worker Initialization should initialize Tesseract worker with Spanish and English":
	  <li
	    class="jasmine-failed"
	    id="spec_spec623"
	    title="OCRService Worker Initialization should initialize Tesseract worker with Spanish and English"
	  />
	  Name "OCRService Worker Initialization should not reinitialize if already initialized":
	  <li
	    class="jasmine-failed"
	    id="spec_spec624"
	    title="OCRService Worker Initialization should not reinitialize if already initialized"
	  />
	  Name "OCRService INE Data Extraction should extract CURP from INE text":
	  <li
	    class="jasmine-failed"
	    id="spec_spec634"
	    title="OCRService INE Data Extraction should extract CURP from INE text"
	  />
	  Name "OCRService INE Data Extraction should extract birth date from INE text":
	  <li
	    class="jasmine-failed"
	    id="spec_spec636"
	    title="OCRService INE Data Extraction should extract birth date from INE text"
	  />
	  Name "OCRService INE Data Extraction should extract name from INE text":
	  <li
	    class="jasmine-failed"
	    id="spec_spec635"
	    title="OCRService INE Data Extraction should extract name from INE text"
	  />
	  Name "OCRService Tarjeta de Circulación Data Extraction should extract model and year":
	  <li
	    class="jasmine-failed"
	    id="spec_spec639"
	    title="OCRService Tarjeta de Circulación Data Extraction should extract model and year"
	  />
	  Name "OCRService Tarjeta de Circulación Data Extraction should extract vehicle brand":
	  <li
	    class="jasmine-failed"
	    id="spec_spec638"
	    title="OCRService Tarjeta de Circulación Data Extraction should extract vehicle brand"
	  />
	  Name "OCRService Tarjeta de Circulación Data Extraction should extract license plates":
	  <li
	    class="jasmine-failed"
	    id="spec_spec637"
	    title="OCRService Tarjeta de Circulación Data Extraction should extract license plates"
	  />
	  Name "OCRService Worker Management should reinitialize worker after termination":
	  <li
	    class="jasmine-failed"
	    id="spec_spec652"
	    title="OCRService Worker Management should reinitialize worker after termination"
	  />
	  Name "OCRService Worker Management should handle termination when worker is null":
	  <li
	    class="jasmine-passed"
	    id="spec_spec651"
	    title="OCRService Worker Management should handle termination when worker is null"
	  />
	  Name "OCRService Worker Management should terminate worker properly":
	  <li
	    class="jasmine-failed"
	    id="spec_spec650"
	    title="OCRService Worker Management should terminate worker properly"
	  />
	  Name "OCRService Progress Messaging should handle unknown status messages":
	  <li
	    class="jasmine-empty"
	    id="spec_spec654"
	    title="OCRService Progress Messaging should handle unknown status messages"
	  />
	  Name "OCRService Progress Messaging should translate status messages to Spanish":
	  <li
	    class="jasmine-failed"
	    id="spec_spec653"
	    title="OCRService Progress Messaging should translate status messages to Spanish"
	  />
	  Name "OCRService Edge Cases and Error Handling should handle very low confidence results":
	  <li
	    class="jasmine-failed"
	    id="spec_spec659"
	    title="OCRService Edge Cases and Error Handling should handle very low confidence results"
	  />
	  Name "OCRService Edge Cases and Error Handling should handle extraction without document type":
	  <li
	    class="jasmine-failed"
	    id="spec_spec658"
	    title="OCRService Edge Cases and Error Handling should handle extraction without document type"
	  />
	  Name "OCRService Edge Cases and Error Handling should handle documents with mixed case text":
	  <li
	    class="jasmine-failed"
	    id="spec_spec657"
	    title="OCRService Edge Cases and Error Handling should handle documents with mixed case text"
	  />
	  Name "OCRService Edge Cases and Error Handling should handle malformed CURP patterns":
	  <li
	    class="jasmine-failed"
	    id="spec_spec656"
	    title="OCRService Edge Cases and Error Handling should handle malformed CURP patterns"
	  />
	  Name "OCRService Edge Cases and Error Handling should handle empty text extraction":
	  <li
	    class="jasmine-failed"
	    id="spec_spec655"
	    title="OCRService Edge Cases and Error Handling should handle empty text extraction"
	  />
	  Name "OCRService Comprobante de Domicilio Data Extraction should extract date from comprobante":
	  <li
	    class="jasmine-failed"
	    id="spec_spec642"
	    title="OCRService Comprobante de Domicilio Data Extraction should extract date from comprobante"
	  />
	  Name "OCRService Comprobante de Domicilio Data Extraction should identify utility provider":
	  <li
	    class="jasmine-failed"
	    id="spec_spec641"
	    title="OCRService Comprobante de Domicilio Data Extraction should identify utility provider"
	  />
	  Name "OCRService Comprobante de Domicilio Data Extraction should extract address information":
	  <li
	    class="jasmine-failed"
	    id="spec_spec640"
	    title="OCRService Comprobante de Domicilio Data Extraction should extract address information"
	  />
	  Name "OCRService RFC Data Extraction should extract taxpayer name":
	  <li
	    class="jasmine-failed"
	    id="spec_spec644"
	    title="OCRService RFC Data Extraction should extract taxpayer name"
	  />
	  Name "OCRService RFC Data Extraction should extract RFC code":
	  <li
	    class="jasmine-failed"
	    id="spec_spec643"
	    title="OCRService RFC Data Extraction should extract RFC code"
	  />
	  Name "OCRService Document Type Validation should validate RFC documents":
	  <li
	    class="jasmine-passed"
	    id="spec_spec649"
	    title="OCRService Document Type Validation should validate RFC documents"
	  />
	  Name "OCRService Document Type Validation should validate comprobante de domicilio":
	  <li
	    class="jasmine-passed"
	    id="spec_spec648"
	    title="OCRService Document Type Validation should validate comprobante de domicilio"
	  />
	  Name "OCRService Document Type Validation should validate INE document correctly":
	  <li
	    class="jasmine-passed"
	    id="spec_spec645"
	    title="OCRService Document Type Validation should validate INE document correctly"
	  />
	  Name "OCRService Document Type Validation should handle unknown document types":
	  <li
	    class="jasmine-failed"
	    id="spec_spec647"
	    title="OCRService Document Type Validation should handle unknown document types"
	  />
	  Name "OCRService Document Type Validation should detect mismatched document types":
	  <li
	    class="jasmine-passed"
	    id="spec_spec646"
	    title="OCRService Document Type Validation should detect mismatched document types"
	  />
	  Name "ConfigurationService Scoring Configuration should get scoring configuration":
	  <li
	    class="jasmine-passed"
	    id="spec_spec208"
	    title="ConfigurationService Scoring Configuration should get scoring configuration"
	  />
	  Name "ConfigurationService Scoring Configuration should have business flow scoring requirements":
	  <li
	    class="jasmine-passed"
	    id="spec_spec209"
	    title="ConfigurationService Scoring Configuration should have business flow scoring requirements"
	  />
	  Name "ConfigurationService Scoring Configuration should have scoring factors configuration":
	  <li
	    class="jasmine-passed"
	    id="spec_spec211"
	    title="ConfigurationService Scoring Configuration should have scoring factors configuration"
	  />
	  Name "ConfigurationService Scoring Configuration should have correct scoring thresholds":
	  <li
	    class="jasmine-passed"
	    id="spec_spec210"
	    title="ConfigurationService Scoring Configuration should have correct scoring thresholds"
	  />
	  Name "ConfigurationService AVI Configuration should have market specific questions":
	  <li
	    class="jasmine-passed"
	    id="spec_spec218"
	    title="ConfigurationService AVI Configuration should have market specific questions"
	  />
	  Name "ConfigurationService AVI Configuration should have random questions configuration":
	  <li
	    class="jasmine-passed"
	    id="spec_spec219"
	    title="ConfigurationService AVI Configuration should have random questions configuration"
	  />
	  Name "ConfigurationService AVI Configuration should get AVI configuration":
	  <li
	    class="jasmine-passed"
	    id="spec_spec215"
	    title="ConfigurationService AVI Configuration should get AVI configuration"
	  />
	  Name "ConfigurationService AVI Configuration should have core AVI questions":
	  <li
	    class="jasmine-passed"
	    id="spec_spec216"
	    title="ConfigurationService AVI Configuration should have core AVI questions"
	  />
	  Name "ConfigurationService AVI Configuration should have validation configuration":
	  <li
	    class="jasmine-passed"
	    id="spec_spec220"
	    title="ConfigurationService AVI Configuration should have validation configuration"
	  />
	  Name "ConfigurationService AVI Configuration should have business flow specific questions":
	  <li
	    class="jasmine-passed"
	    id="spec_spec217"
	    title="ConfigurationService AVI Configuration should have business flow specific questions"
	  />
	  Name "ConfigurationService Market Configuration should have correct Estado de México market configuration":
	  <li
	    class="jasmine-passed"
	    id="spec_spec206"
	    title="ConfigurationService Market Configuration should have correct Estado de México market configuration"
	  />
	  Name "ConfigurationService Market Configuration should include EdoMex municipalities":
	  <li
	    class="jasmine-passed"
	    id="spec_spec207"
	    title="ConfigurationService Market Configuration should include EdoMex municipalities"
	  />
	  Name "ConfigurationService Market Configuration should get market configuration":
	  <li
	    class="jasmine-passed"
	    id="spec_spec204"
	    title="ConfigurationService Market Configuration should get market configuration"
	  />
	  Name "ConfigurationService Market Configuration should have correct Aguascalientes market configuration":
	  <li
	    class="jasmine-passed"
	    id="spec_spec205"
	    title="ConfigurationService Market Configuration should have correct Aguascalientes market configuration"
	  />
	  Name "ConfigurationService Configuration Loading and Updates should preserve existing configuration when updating":
	  <li
	    class="jasmine-passed"
	    id="spec_spec203"
	    title="ConfigurationService Configuration Loading and Updates should preserve existing configuration when updating"
	  />
	  Name "ConfigurationService Configuration Loading and Updates should refresh configuration from API":
	  <li
	    class="jasmine-passed"
	    id="spec_spec201"
	    title="ConfigurationService Configuration Loading and Updates should refresh configuration from API"
	  />
	  Name "ConfigurationService Configuration Loading and Updates should update configuration successfully":
	  <li
	    class="jasmine-passed"
	    id="spec_spec202"
	    title="ConfigurationService Configuration Loading and Updates should update configuration successfully"
	  />
	  Name "ConfigurationService Configuration Loading and Updates should get current configuration":
	  <li
	    class="jasmine-passed"
	    id="spec_spec200"
	    title="ConfigurationService Configuration Loading and Updates should get current configuration"
	  />
	  Name "ConfigurationService Service Initialization should be created":
	  <li
	    class="jasmine-passed"
	    id="spec_spec197"
	    title="ConfigurationService Service Initialization should be created"
	  />
	  Name "ConfigurationService Service Initialization should load default configuration on initialization":
	  <li
	    class="jasmine-passed"
	    id="spec_spec199"
	    title="ConfigurationService Service Initialization should load default configuration on initialization"
	  />
	  Name "ConfigurationService Service Initialization should provide configuration observable":
	  <li
	    class="jasmine-passed"
	    id="spec_spec198"
	    title="ConfigurationService Service Initialization should provide configuration observable"
	  />
	  Name "ConfigurationService Error Handling and Edge Cases should handle partial configuration updates":
	  <li
	    class="jasmine-passed"
	    id="spec_spec252"
	    title="ConfigurationService Error Handling and Edge Cases should handle partial configuration updates"
	  />
	  Name "ConfigurationService Error Handling and Edge Cases should handle empty configuration updates":
	  <li
	    class="jasmine-passed"
	    id="spec_spec253"
	    title="ConfigurationService Error Handling and Edge Cases should handle empty configuration updates"
	  />
	  Name "ConfigurationService Error Handling and Edge Cases should provide configuration even when API fails":
	  <li
	    class="jasmine-passed"
	    id="spec_spec254"
	    title="ConfigurationService Error Handling and Edge Cases should provide configuration even when API fails"
	  />
	  Name "ConfigurationService Error Handling and Edge Cases should handle nested configuration access":
	  <li
	    class="jasmine-passed"
	    id="spec_spec255"
	    title="ConfigurationService Error Handling and Edge Cases should handle nested configuration access"
	  />
	  Name "ConfigurationService UX Optimization Configuration should have recommendations configuration":
	  <li
	    class="jasmine-passed"
	    id="spec_spec249"
	    title="ConfigurationService UX Optimization Configuration should have recommendations configuration"
	  />
	  Name "ConfigurationService UX Optimization Configuration should have A/B testing configuration":
	  <li
	    class="jasmine-passed"
	    id="spec_spec248"
	    title="ConfigurationService UX Optimization Configuration should have A/B testing configuration"
	  />
	  Name "ConfigurationService UX Optimization Configuration should get UX optimization configuration":
	  <li
	    class="jasmine-passed"
	    id="spec_spec247"
	    title="ConfigurationService UX Optimization Configuration should get UX optimization configuration"
	  />
	  Name "ConfigurationService Configuration Versioning should track configuration version":
	  <li
	    class="jasmine-passed"
	    id="spec_spec250"
	    title="ConfigurationService Configuration Versioning should track configuration version"
	  />
	  Name "ConfigurationService Configuration Versioning should update lastUpdated when configuration changes":
	  <li
	    class="jasmine-passed"
	    id="spec_spec251"
	    title="ConfigurationService Configuration Versioning should update lastUpdated when configuration changes"
	  />
	  Name "ConfigurationService Analytics Configuration should have performance metrics configuration":
	  <li
	    class="jasmine-passed"
	    id="spec_spec246"
	    title="ConfigurationService Analytics Configuration should have performance metrics configuration"
	  />
	  Name "ConfigurationService Analytics Configuration should have funnel analysis configuration":
	  <li
	    class="jasmine-passed"
	    id="spec_spec245"
	    title="ConfigurationService Analytics Configuration should have funnel analysis configuration"
	  />
	  Name "ConfigurationService Analytics Configuration should have heatmap configuration":
	  <li
	    class="jasmine-passed"
	    id="spec_spec244"
	    title="ConfigurationService Analytics Configuration should have heatmap configuration"
	  />
	  Name "ConfigurationService Analytics Configuration should get analytics configuration":
	  <li
	    class="jasmine-passed"
	    id="spec_spec243"
	    title="ConfigurationService Analytics Configuration should get analytics configuration"
	  />
	  Name "ConfigurationService Smart UX Configuration should have session recovery configuration":
	  <li
	    class="jasmine-passed"
	    id="spec_spec242"
	    title="ConfigurationService Smart UX Configuration should have session recovery configuration"
	  />
	  Name "ConfigurationService Smart UX Configuration should have auto-complete configuration":
	  <li
	    class="jasmine-passed"
	    id="spec_spec241"
	    title="ConfigurationService Smart UX Configuration should have auto-complete configuration"
	  />
	  Name "ConfigurationService Smart UX Configuration should get smart UX configuration":
	  <li
	    class="jasmine-passed"
	    id="spec_spec240"
	    title="ConfigurationService Smart UX Configuration should get smart UX configuration"
	  />
	  Name "ConfigurationService UI Configuration should have navigation configuration":
	  <li
	    class="jasmine-passed"
	    id="spec_spec238"
	    title="ConfigurationService UI Configuration should have navigation configuration"
	  />
	  Name "ConfigurationService UI Configuration should have theme configuration":
	  <li
	    class="jasmine-passed"
	    id="spec_spec237"
	    title="ConfigurationService UI Configuration should have theme configuration"
	  />
	  Name "ConfigurationService UI Configuration should get simple UI configuration":
	  <li
	    class="jasmine-passed"
	    id="spec_spec236"
	    title="ConfigurationService UI Configuration should get simple UI configuration"
	  />
	  Name "ConfigurationService UI Configuration should have language configuration":
	  <li
	    class="jasmine-passed"
	    id="spec_spec239"
	    title="ConfigurationService UI Configuration should have language configuration"
	  />
	  Name "ConfigurationService Workflow Configuration should have automation configurations":
	  <li
	    class="jasmine-passed"
	    id="spec_spec232"
	    title="ConfigurationService Workflow Configuration should have automation configurations"
	  />
	  Name "ConfigurationService Workflow Configuration should get workflow configuration":
	  <li
	    class="jasmine-passed"
	    id="spec_spec231"
	    title="ConfigurationService Workflow Configuration should get workflow configuration"
	  />
	  Name "ConfigurationService Workflow Configuration should have escalation rules":
	  <li
	    class="jasmine-passed"
	    id="spec_spec234"
	    title="ConfigurationService Workflow Configuration should have escalation rules"
	  />
	  Name "ConfigurationService Workflow Configuration should have approval chains":
	  <li
	    class="jasmine-passed"
	    id="spec_spec233"
	    title="ConfigurationService Workflow Configuration should have approval chains"
	  />
	  Name "ConfigurationService Workflow Configuration should have SLA targets":
	  <li
	    class="jasmine-passed"
	    id="spec_spec235"
	    title="ConfigurationService Workflow Configuration should have SLA targets"
	  />
	  Name "ConfigurationService should cache namespace result (shareReplay) for subsequent subscribers":
	  <li
	    class="jasmine-passed"
	    id="spec_spec195"
	    title="ConfigurationService should cache namespace result (shareReplay) for subsequent subscribers"
	  />
	  Name "ConfigurationService should load namespace from assets when remote disabled":
	  <li
	    class="jasmine-passed"
	    id="spec_spec194"
	    title="ConfigurationService should load namespace from assets when remote disabled"
	  />
	  Name "ConfigurationService Notification Configuration should have email templates":
	  <li
	    class="jasmine-passed"
	    id="spec_spec227"
	    title="ConfigurationService Notification Configuration should have email templates"
	  />
	  Name "ConfigurationService Notification Configuration should have channel configurations":
	  <li
	    class="jasmine-passed"
	    id="spec_spec226"
	    title="ConfigurationService Notification Configuration should have channel configurations"
	  />
	  Name "ConfigurationService Notification Configuration should have SMS templates with length limits":
	  <li
	    class="jasmine-passed"
	    id="spec_spec228"
	    title="ConfigurationService Notification Configuration should have SMS templates with length limits"
	  />
	  Name "ConfigurationService Notification Configuration should have notification triggers":
	  <li
	    class="jasmine-passed"
	    id="spec_spec229"
	    title="ConfigurationService Notification Configuration should have notification triggers"
	  />
	  Name "ConfigurationService Notification Configuration should get notification configuration":
	  <li
	    class="jasmine-passed"
	    id="spec_spec225"
	    title="ConfigurationService Notification Configuration should get notification configuration"
	  />
	  Name "ConfigurationService Notification Configuration should have scheduled notifications":
	  <li
	    class="jasmine-passed"
	    id="spec_spec230"
	    title="ConfigurationService Notification Configuration should have scheduled notifications"
	  />
	  Name "ConfigurationService Business Flow Configuration should have correct VentaDirecta configuration":
	  <li
	    class="jasmine-passed"
	    id="spec_spec213"
	    title="ConfigurationService Business Flow Configuration should have correct VentaDirecta configuration"
	  />
	  Name "ConfigurationService Business Flow Configuration should have correct CreditoColectivo configuration":
	  <li
	    class="jasmine-passed"
	    id="spec_spec214"
	    title="ConfigurationService Business Flow Configuration should have correct CreditoColectivo configuration"
	  />
	  Name "ConfigurationService Business Flow Configuration should get business flow configuration":
	  <li
	    class="jasmine-passed"
	    id="spec_spec212"
	    title="ConfigurationService Business Flow Configuration should get business flow configuration"
	  />
	  Name "ConfigurationService updateConfiguration should merge and emit new configuration":
	  <li
	    class="jasmine-passed"
	    id="spec_spec196"
	    title="ConfigurationService updateConfiguration should merge and emit new configuration"
	  />
	  Name "ConfigurationService Questionnaire Configuration should get questionnaire configuration":
	  <li
	    class="jasmine-passed"
	    id="spec_spec221"
	    title="ConfigurationService Questionnaire Configuration should get questionnaire configuration"
	  />
	  Name "ConfigurationService Questionnaire Configuration should have completion requirements":
	  <li
	    class="jasmine-passed"
	    id="spec_spec223"
	    title="ConfigurationService Questionnaire Configuration should have completion requirements"
	  />
	  Name "ConfigurationService Questionnaire Configuration should have standard questionnaire sections":
	  <li
	    class="jasmine-passed"
	    id="spec_spec222"
	    title="ConfigurationService Questionnaire Configuration should have standard questionnaire sections"
	  />
	  Name "ConfigurationService Questionnaire Configuration should have dynamic questionnaire configuration":
	  <li
	    class="jasmine-passed"
	    id="spec_spec224"
	    title="ConfigurationService Questionnaire Configuration should have dynamic questionnaire configuration"
	  />
	  Name "ClienteFormComponent should handle different markets correctly":
	  <li
	    class="jasmine-passed"
	    id="spec_spec931"
	    title="ClienteFormComponent should handle different markets correctly"
	  />
	  Name "ClienteFormComponent should validate email format":
	  <li
	    class="jasmine-passed"
	    id="spec_spec920"
	    title="ClienteFormComponent should validate email format"
	  />
	  Name "ClienteFormComponent should handle different business flows correctly":
	  <li
	    class="jasmine-passed"
	    id="spec_spec930"
	    title="ClienteFormComponent should handle different business flows correctly"
	  />
	  Name "ClienteFormComponent should validate phone format":
	  <li
	    class="jasmine-passed"
	    id="spec_spec921"
	    title="ClienteFormComponent should validate phone format"
	  />
	  Name "ClienteFormComponent should clean form when switching between markets":
	  <li
	    class="jasmine-passed"
	    id="spec_spec932"
	    title="ClienteFormComponent should clean form when switching between markets"
	  />
	  Name "ClienteFormComponent should load existing client data in edit mode":
	  <li
	    class="jasmine-passed"
	    id="spec_spec924"
	    title="ClienteFormComponent should load existing client data in edit mode"
	  />
	  Name "ClienteFormComponent should update existing client with valid form data":
	  <li
	    class="jasmine-failed"
	    id="spec_spec925"
	    title="ClienteFormComponent should update existing client with valid form data"
	  />
	  Name "ClienteFormComponent should validate RFC format if provided":
	  <li
	    class="jasmine-passed"
	    id="spec_spec922"
	    title="ClienteFormComponent should validate RFC format if provided"
	  />
	  Name "ClienteFormComponent should create new client with valid form data":
	  <li
	    class="jasmine-failed"
	    id="spec_spec923"
	    title="ClienteFormComponent should create new client with valid form data"
	  />
	  Name "ClienteFormComponent should handle API error during client creation":
	  <li
	    class="jasmine-passed"
	    id="spec_spec926"
	    title="ClienteFormComponent should handle API error during client creation"
	  />
	  Name "ClienteFormComponent should navigate back when goBack is called":
	  <li
	    class="jasmine-passed"
	    id="spec_spec928"
	    title="ClienteFormComponent should navigate back when goBack is called"
	  />
	  Name "ClienteFormComponent should prevent form submission when invalid":
	  <li
	    class="jasmine-passed"
	    id="spec_spec927"
	    title="ClienteFormComponent should prevent form submission when invalid"
	  />
	  Name "ClienteFormComponent should set loading state during form submission":
	  <li
	    class="jasmine-passed"
	    id="spec_spec929"
	    title="ClienteFormComponent should set loading state during form submission"
	  />
	  Name "ClienteFormComponent should create":
	  <li
	    class="jasmine-passed"
	    id="spec_spec917"
	    title="ClienteFormComponent should create"
	  />
	  Name "ClienteFormComponent should initialize form with default values for new client":
	  <li
	    class="jasmine-failed"
	    id="spec_spec918"
	    title="ClienteFormComponent should initialize form with default values for new client"
	  />
	  Name "ClienteFormComponent should validate required fields":
	  <li
	    class="jasmine-passed"
	    id="spec_spec919"
	    title="ClienteFormComponent should validate required fields"
	  />
	  Name "AppComponent should create the app":
	  <li
	    class="jasmine-passed"
	    id="spec_spec0"
	    title="AppComponent should create the app"
	  />
	  Name "AppComponent should have the 'conductores-pwa' title":
	  <li
	    class="jasmine-passed"
	    id="spec_spec1"
	    title="AppComponent should have the 'conductores-pwa' title"
	  />
	  Name "AppComponent should render title":
	  <li
	    class="jasmine-passed"
	    id="spec_spec2"
	    title="AppComponent should render title"
	  />
	  Name "BusinessRulesService Business Flow Change Validation should allow flow change when no documents are approved":
	  <li
	    class="jasmine-passed"
	    id="spec_spec146"
	    title="BusinessRulesService Business Flow Change Validation should allow flow change when no documents are approved"
	  />
	  Name "BusinessRulesService Business Flow Change Validation should not allow flow change when documents are approved":
	  <li
	    class="jasmine-passed"
	    id="spec_spec147"
	    title="BusinessRulesService Business Flow Change Validation should not allow flow change when documents are approved"
	  />
	  Name "BusinessRulesService Business Flow Change Validation should not allow collective credit in Aguascalientes":
	  <li
	    class="jasmine-passed"
	    id="spec_spec148"
	    title="BusinessRulesService Business Flow Change Validation should not allow collective credit in Aguascalientes"
	  />
	  Name "BusinessRulesService Business Flow Change Validation should require ecosystem for EdoMex collective credit":
	  <li
	    class="jasmine-passed"
	    id="spec_spec149"
	    title="BusinessRulesService Business Flow Change Validation should require ecosystem for EdoMex collective credit"
	  />
	  Name "BusinessRulesService Market Requirements should include required documents for each market":
	  <li
	    class="jasmine-passed"
	    id="spec_spec145"
	    title="BusinessRulesService Market Requirements should include required documents for each market"
	  />
	  Name "BusinessRulesService Market Requirements should get Aguascalientes requirements":
	  <li
	    class="jasmine-passed"
	    id="spec_spec143"
	    title="BusinessRulesService Market Requirements should get Aguascalientes requirements"
	  />
	  Name "BusinessRulesService Market Requirements should get Estado de México requirements":
	  <li
	    class="jasmine-passed"
	    id="spec_spec144"
	    title="BusinessRulesService Market Requirements should get Estado de México requirements"
	  />
	  Name "BusinessRulesService Market Requirements Special Rules should include EdoMex specific rules about ecosystem":
	  <li
	    class="jasmine-passed"
	    id="spec_spec162"
	    title="BusinessRulesService Market Requirements Special Rules should include EdoMex specific rules about ecosystem"
	  />
	  Name "BusinessRulesService Market Requirements Special Rules should include AGS specific rules about credit types":
	  <li
	    class="jasmine-passed"
	    id="spec_spec161"
	    title="BusinessRulesService Market Requirements Special Rules should include AGS specific rules about credit types"
	  />
	  Name "BusinessRulesService Ecosystem Validation Edge Cases should properly identify required vs optional documents":
	  <li
	    class="jasmine-failed"
	    id="spec_spec164"
	    title="BusinessRulesService Ecosystem Validation Edge Cases should properly identify required vs optional documents"
	  />
	  Name "BusinessRulesService Ecosystem Validation Edge Cases should handle ecosystem validation with partial documents":
	  <li
	    class="jasmine-passed"
	    id="spec_spec163"
	    title="BusinessRulesService Ecosystem Validation Edge Cases should handle ecosystem validation with partial documents"
	  />
	  Name "BusinessRulesService Age Calculation should calculate age correctly":
	  <li
	    class="jasmine-passed"
	    id="spec_spec153"
	    title="BusinessRulesService Age Calculation should calculate age correctly"
	  />
	  Name "BusinessRulesService Age Calculation should handle birthday not yet reached this year":
	  <li
	    class="jasmine-passed"
	    id="spec_spec154"
	    title="BusinessRulesService Age Calculation should handle birthday not yet reached this year"
	  />
	  Name "BusinessRulesService Credit History Validation should warn about low credit score":
	  <li
	    class="jasmine-passed"
	    id="spec_spec151"
	    title="BusinessRulesService Credit History Validation should warn about low credit score"
	  />
	  Name "BusinessRulesService Credit History Validation should validate credit history with simulated score":
	  <li
	    class="jasmine-passed"
	    id="spec_spec150"
	    title="BusinessRulesService Credit History Validation should validate credit history with simulated score"
	  />
	  Name "BusinessRulesService Credit History Validation should recommend special conditions for very low score":
	  <li
	    class="jasmine-passed"
	    id="spec_spec152"
	    title="BusinessRulesService Credit History Validation should recommend special conditions for very low score"
	  />
	  Name "BusinessRulesService Service Initialization should have EdoMex specific rules":
	  <li
	    class="jasmine-passed"
	    id="spec_spec119"
	    title="BusinessRulesService Service Initialization should have EdoMex specific rules"
	  />
	  Name "BusinessRulesService Service Initialization should have universal rules":
	  <li
	    class="jasmine-passed"
	    id="spec_spec120"
	    title="BusinessRulesService Service Initialization should have universal rules"
	  />
	  Name "BusinessRulesService Service Initialization should have AGS specific rules":
	  <li
	    class="jasmine-passed"
	    id="spec_spec118"
	    title="BusinessRulesService Service Initialization should have AGS specific rules"
	  />
	  Name "BusinessRulesService Service Initialization should initialize validation rules":
	  <li
	    class="jasmine-passed"
	    id="spec_spec117"
	    title="BusinessRulesService Service Initialization should initialize validation rules"
	  />
	  Name "BusinessRulesService Service Initialization should be created":
	  <li
	    class="jasmine-passed"
	    id="spec_spec116"
	    title="BusinessRulesService Service Initialization should be created"
	  />
	  Name "BusinessRulesService Collective Group Validation Details should validate down payment minimum for collective credit":
	  <li
	    class="jasmine-passed"
	    id="spec_spec160"
	    title="BusinessRulesService Collective Group Validation Details should validate down payment minimum for collective credit"
	  />
	  Name "BusinessRulesService Collective Group Validation Details should validate down payment range for collective credit":
	  <li
	    class="jasmine-passed"
	    id="spec_spec159"
	    title="BusinessRulesService Collective Group Validation Details should validate down payment range for collective credit"
	  />
	  Name "BusinessRulesService Collective Group Validation Details should validate minimum group size":
	  <li
	    class="jasmine-passed"
	    id="spec_spec158"
	    title="BusinessRulesService Collective Group Validation Details should validate minimum group size"
	  />
	  Name "BusinessRulesService Client Validation should filter rules by market correctly":
	  <li
	    class="jasmine-passed"
	    id="spec_spec127"
	    title="BusinessRulesService Client Validation should filter rules by market correctly"
	  />
	  Name "BusinessRulesService Client Validation should fail validation for client without income":
	  <li
	    class="jasmine-passed"
	    id="spec_spec126"
	    title="BusinessRulesService Client Validation should fail validation for client without income"
	  />
	  Name "BusinessRulesService Client Validation should validate EdoMex client successfully":
	  <li
	    class="jasmine-passed"
	    id="spec_spec122"
	    title="BusinessRulesService Client Validation should validate EdoMex client successfully"
	  />
	  Name "BusinessRulesService Client Validation should validate AGS client successfully":
	  <li
	    class="jasmine-passed"
	    id="spec_spec121"
	    title="BusinessRulesService Client Validation should validate AGS client successfully"
	  />
	  Name "BusinessRulesService Client Validation should fail validation for client over age limit":
	  <li
	    class="jasmine-passed"
	    id="spec_spec125"
	    title="BusinessRulesService Client Validation should fail validation for client over age limit"
	  />
	  Name "BusinessRulesService Client Validation should fail validation for underage client":
	  <li
	    class="jasmine-passed"
	    id="spec_spec124"
	    title="BusinessRulesService Client Validation should fail validation for underage client"
	  />
	  Name "BusinessRulesService Client Validation should filter rules by business flow correctly":
	  <li
	    class="jasmine-passed"
	    id="spec_spec128"
	    title="BusinessRulesService Client Validation should filter rules by business flow correctly"
	  />
	  Name "BusinessRulesService Client Validation should fail validation for client with missing documents":
	  <li
	    class="jasmine-passed"
	    id="spec_spec123"
	    title="BusinessRulesService Client Validation should fail validation for client with missing documents"
	  />
	  Name "BusinessRulesService Helper Methods should consolidate validation results correctly":
	  <li
	    class="jasmine-passed"
	    id="spec_spec155"
	    title="BusinessRulesService Helper Methods should consolidate validation results correctly"
	  />
	  Name "BusinessRulesService Helper Methods should get ecosystem required documents":
	  <li
	    class="jasmine-passed"
	    id="spec_spec156"
	    title="BusinessRulesService Helper Methods should get ecosystem required documents"
	  />
	  Name "BusinessRulesService Helper Methods should generate ecosystem validation notes":
	  <li
	    class="jasmine-passed"
	    id="spec_spec157"
	    title="BusinessRulesService Helper Methods should generate ecosystem validation notes"
	  />
	  Name "BusinessRulesService AGS Specific Validations should validate AGS term requirements (12 or 24 months)":
	  <li
	    class="jasmine-passed"
	    id="spec_spec130"
	    title="BusinessRulesService AGS Specific Validations should validate AGS term requirements (12 or 24 months)"
	  />
	  Name "BusinessRulesService AGS Specific Validations should validate AGS required documents":
	  <li
	    class="jasmine-passed"
	    id="spec_spec132"
	    title="BusinessRulesService AGS Specific Validations should validate AGS required documents"
	  />
	  Name "BusinessRulesService AGS Specific Validations should validate AGS minimum income ($15,000)":
	  <li
	    class="jasmine-passed"
	    id="spec_spec131"
	    title="BusinessRulesService AGS Specific Validations should validate AGS minimum income ($15,000)"
	  />
	  Name "BusinessRulesService AGS Specific Validations should validate AGS down payment requirement (60%)":
	  <li
	    class="jasmine-passed"
	    id="spec_spec129"
	    title="BusinessRulesService AGS Specific Validations should validate AGS down payment requirement (60%)"
	  />
	  Name "BusinessRulesService EdoMex Specific Validations should validate EdoMex payment capacity ($20,000 minimum)":
	  <li
	    class="jasmine-passed"
	    id="spec_spec137"
	    title="BusinessRulesService EdoMex Specific Validations should validate EdoMex payment capacity ($20,000 minimum)"
	  />
	  Name "BusinessRulesService EdoMex Specific Validations should require group assignment for collective credit":
	  <li
	    class="jasmine-passed"
	    id="spec_spec136"
	    title="BusinessRulesService EdoMex Specific Validations should require group assignment for collective credit"
	  />
	  Name "BusinessRulesService EdoMex Specific Validations should validate collective group requirements":
	  <li
	    class="jasmine-passed"
	    id="spec_spec135"
	    title="BusinessRulesService EdoMex Specific Validations should validate collective group requirements"
	  />
	  Name "BusinessRulesService EdoMex Specific Validations should warn about high payment-to-income ratio":
	  <li
	    class="jasmine-passed"
	    id="spec_spec138"
	    title="BusinessRulesService EdoMex Specific Validations should warn about high payment-to-income ratio"
	  />
	  Name "BusinessRulesService EdoMex Specific Validations should validate EdoMex ecosystem documents":
	  <li
	    class="jasmine-passed"
	    id="spec_spec134"
	    title="BusinessRulesService EdoMex Specific Validations should validate EdoMex ecosystem documents"
	  />
	  Name "BusinessRulesService EdoMex Specific Validations should require ecosystem assignment for EdoMex":
	  <li
	    class="jasmine-passed"
	    id="spec_spec133"
	    title="BusinessRulesService EdoMex Specific Validations should require ecosystem assignment for EdoMex"
	  />
	  Name "BusinessRulesService Ecosystem Validation should fail ecosystem validation for client without ecosystem":
	  <li
	    class="jasmine-passed"
	    id="spec_spec140"
	    title="BusinessRulesService Ecosystem Validation should fail ecosystem validation for client without ecosystem"
	  />
	  Name "BusinessRulesService Ecosystem Validation should throw error for AGS client ecosystem validation":
	  <li
	    class="jasmine-passed"
	    id="spec_spec141"
	    title="BusinessRulesService Ecosystem Validation should throw error for AGS client ecosystem validation"
	  />
	  Name "BusinessRulesService Ecosystem Validation should validate ecosystem for EdoMex client":
	  <li
	    class="jasmine-failed"
	    id="spec_spec139"
	    title="BusinessRulesService Ecosystem Validation should validate ecosystem for EdoMex client"
	  />
	  Name "BusinessRulesService Ecosystem Validation should identify missing ecosystem documents":
	  <li
	    class="jasmine-passed"
	    id="spec_spec142"
	    title="BusinessRulesService Ecosystem Validation should identify missing ecosystem documents"
	  />
	  Name "MetaMapService KYC Button Creation should create MetaMap button successfully":
	  <li
	    class="jasmine-passed"
	    id="spec_spec507"
	    title="MetaMapService KYC Button Creation should create MetaMap button successfully"
	  />
	  Name "MetaMapService KYC Button Creation should handle container not found error":
	  <li
	    class="jasmine-passed"
	    id="spec_spec508"
	    title="MetaMapService KYC Button Creation should handle container not found error"
	  />
	  Name "MetaMapService KYC Button Creation should emit KYC success event":
	  <li
	    class="jasmine-passed"
	    id="spec_spec509"
	    title="MetaMapService KYC Button Creation should emit KYC success event"
	  />
	  Name "MetaMapService KYC Button Creation should cleanup event listeners on unsubscribe":
	  <li
	    class="jasmine-passed"
	    id="spec_spec512"
	    title="MetaMapService KYC Button Creation should cleanup event listeners on unsubscribe"
	  />
	  Name "MetaMapService KYC Button Creation should emit KYC exit event":
	  <li
	    class="jasmine-passed"
	    id="spec_spec510"
	    title="MetaMapService KYC Button Creation should emit KYC exit event"
	  />
	  Name "MetaMapService KYC Button Creation should call optional callback functions":
	  <li
	    class="jasmine-passed"
	    id="spec_spec511"
	    title="MetaMapService KYC Button Creation should call optional callback functions"
	  />
	  Name "MetaMapService KYC Completion should handle database update errors":
	  <li
	    class="jasmine-passed"
	    id="spec_spec516"
	    title="MetaMapService KYC Completion should handle database update errors"
	  />
	  Name "MetaMapService KYC Completion should handle client not found error":
	  <li
	    class="jasmine-passed"
	    id="spec_spec514"
	    title="MetaMapService KYC Completion should handle client not found error"
	  />
	  Name "MetaMapService KYC Completion should cap health score at 100":
	  <li
	    class="jasmine-passed"
	    id="spec_spec515"
	    title="MetaMapService KYC Completion should cap health score at 100"
	  />
	  Name "MetaMapService KYC Completion should complete KYC successfully":
	  <li
	    class="jasmine-passed"
	    id="spec_spec513"
	    title="MetaMapService KYC Completion should complete KYC successfully"
	  />
	  Name "MetaMapService Service Initialization should be created":
	  <li
	    class="jasmine-passed"
	    id="spec_spec504"
	    title="MetaMapService Service Initialization should be created"
	  />
	  Name "MetaMapService Service Initialization should initialize MetaMap SDK on creation":
	  <li
	    class="jasmine-passed"
	    id="spec_spec505"
	    title="MetaMapService Service Initialization should initialize MetaMap SDK on creation"
	  />
	  Name "MetaMapService Service Initialization should not reload SDK if already present":
	  <li
	    class="jasmine-passed"
	    id="spec_spec506"
	    title="MetaMapService Service Initialization should not reload SDK if already present"
	  />
	  Name "MetaMapService KYC Prerequisites Validation should detect missing comprobante de domicilio":
	  <li
	    class="jasmine-passed"
	    id="spec_spec519"
	    title="MetaMapService KYC Prerequisites Validation should detect missing comprobante de domicilio"
	  />
	  Name "MetaMapService KYC Prerequisites Validation should validate prerequisites for ready client":
	  <li
	    class="jasmine-passed"
	    id="spec_spec517"
	    title="MetaMapService KYC Prerequisites Validation should validate prerequisites for ready client"
	  />
	  Name "MetaMapService KYC Prerequisites Validation should detect multiple missing documents":
	  <li
	    class="jasmine-passed"
	    id="spec_spec521"
	    title="MetaMapService KYC Prerequisites Validation should detect multiple missing documents"
	  />
	  Name "MetaMapService KYC Prerequisites Validation should detect already completed KYC":
	  <li
	    class="jasmine-passed"
	    id="spec_spec520"
	    title="MetaMapService KYC Prerequisites Validation should detect already completed KYC"
	  />
	  Name "MetaMapService KYC Prerequisites Validation should detect missing INE document":
	  <li
	    class="jasmine-passed"
	    id="spec_spec518"
	    title="MetaMapService KYC Prerequisites Validation should detect missing INE document"
	  />
	  Name "MetaMapService KYC Status Reporting should report in_progress status":
	  <li
	    class="jasmine-passed"
	    id="spec_spec525"
	    title="MetaMapService KYC Status Reporting should report in_progress status"
	  />
	  Name "MetaMapService KYC Status Reporting should report failed status with retry option":
	  <li
	    class="jasmine-passed"
	    id="spec_spec524"
	    title="MetaMapService KYC Status Reporting should report failed status with retry option"
	  />
	  Name "MetaMapService KYC Status Reporting should report not_started for client without KYC document":
	  <li
	    class="jasmine-passed"
	    id="spec_spec527"
	    title="MetaMapService KYC Status Reporting should report not_started for client without KYC document"
	  />
	  Name "MetaMapService KYC Status Reporting should report prerequisites_missing status":
	  <li
	    class="jasmine-passed"
	    id="spec_spec526"
	    title="MetaMapService KYC Status Reporting should report prerequisites_missing status"
	  />
	  Name "MetaMapService KYC Status Reporting should report completed status":
	  <li
	    class="jasmine-passed"
	    id="spec_spec523"
	    title="MetaMapService KYC Status Reporting should report completed status"
	  />
	  Name "MetaMapService KYC Status Reporting should report ready status":
	  <li
	    class="jasmine-passed"
	    id="spec_spec522"
	    title="MetaMapService KYC Status Reporting should report ready status"
	  />
	  Name "MetaMapService SDK Availability Check should detect SDK availability when Mati object exists":
	  <li
	    class="jasmine-passed"
	    id="spec_spec531"
	    title="MetaMapService SDK Availability Check should detect SDK availability when Mati object exists"
	  />
	  Name "MetaMapService SDK Availability Check should report SDK as unavailable when neither exists":
	  <li
	    class="jasmine-passed"
	    id="spec_spec533"
	    title="MetaMapService SDK Availability Check should report SDK as unavailable when neither exists"
	  />
	  Name "MetaMapService SDK Availability Check should wait for page load when document not ready":
	  <li
	    class="jasmine-passed"
	    id="spec_spec535"
	    title="MetaMapService SDK Availability Check should wait for page load when document not ready"
	  />
	  Name "MetaMapService SDK Availability Check should detect SDK availability when metamap-button exists":
	  <li
	    class="jasmine-passed"
	    id="spec_spec532"
	    title="MetaMapService SDK Availability Check should detect SDK availability when metamap-button exists"
	  />
	  Name "MetaMapService SDK Availability Check should handle server-side rendering (no window object)":
	  <li
	    class="jasmine-pending"
	    id="spec_spec534"
	    title="MetaMapService SDK Availability Check should handle server-side rendering (no window object)"
	  />
	  Name "MetaMapService KYC Failure Simulation should handle client not found in failure simulation":
	  <li
	    class="jasmine-passed"
	    id="spec_spec530"
	    title="MetaMapService KYC Failure Simulation should handle client not found in failure simulation"
	  />
	  Name "MetaMapService KYC Failure Simulation should use default failure reason":
	  <li
	    class="jasmine-passed"
	    id="spec_spec529"
	    title="MetaMapService KYC Failure Simulation should use default failure reason"
	  />
	  Name "MetaMapService KYC Failure Simulation should simulate KYC failure":
	  <li
	    class="jasmine-passed"
	    id="spec_spec528"
	    title="MetaMapService KYC Failure Simulation should simulate KYC failure"
	  />
	  Name "MetaMapService Edge Cases and Error Handling should handle client without KYC document in completion":
	  <li
	    class="jasmine-passed"
	    id="spec_spec537"
	    title="MetaMapService Edge Cases and Error Handling should handle client without KYC document in completion"
	  />
	  Name "MetaMapService Edge Cases and Error Handling should handle exit event without reason":
	  <li
	    class="jasmine-passed"
	    id="spec_spec536"
	    title="MetaMapService Edge Cases and Error Handling should handle exit event without reason"
	  />
	  Name "MetaMapService Edge Cases and Error Handling should handle button creation with existing button in container":
	  <li
	    class="jasmine-passed"
	    id="spec_spec539"
	    title="MetaMapService Edge Cases and Error Handling should handle button creation with existing button in container"
	  />
	  Name "MetaMapService Edge Cases and Error Handling should handle empty verification data":
	  <li
	    class="jasmine-passed"
	    id="spec_spec538"
	    title="MetaMapService Edge Cases and Error Handling should handle empty verification data"
	  />
	  --------------------------------------------------heading:
	  Name "Centro de Comando":
	  <h1
	    _ngcontent-a-c3214690901=""
	    class="text-gradient-primary"
	  />
	  --------------------------------------------------
	  paragraph:
	  Name "":
	  <p
	    _ngcontent-a-c3214690901=""
	    class="brand-subtitle"
	  />
	  Name "":
	  <p
	    _ngcontent-a-c3214690901=""
	    class="register-text"
	  />
	  --------------------------------------------------
	  textbox:
	  Name "📧 Correo Electrónico":
	  <input
	    _ngcontent-a-c3214690901=""
	    class="premium-input ng-untouched ng-pristine ng-invalid"
	    formcontrolname="email"
	    id="email"
	    ng-reflect-name="email"
	    placeholder="ricardo.montoya@cmu.com"
	    type="email"
	  />
	  --------------------------------------------------
	  button:
	  Name "🙈":
	  <button
	    _ngcontent-a-c3214690901=""
	    class="password-toggle-premium"
	    type="button"
	  />
	  Name "¿Olvidaste tu contraseña?":
	  <button
	    _ngcontent-a-c3214690901=""
	    class="forgot-password"
	    type="button"
	  />
	  Name "➡️ Acceder al Cockpit":
	  <button
	    _ngcontent-a-c3214690901=""
	    class="btn-primary command-center-btn"
	    disabled=""
	    type="submit"
	  />
	  --------------------------------------------------
	  checkbox:
	  Name "Recordarme":
	  <input
	    _ngcontent-a-c3214690901=""
	    class="ng-untouched ng-pristine ng-valid"
	    formcontrolname="rememberMe"
	    ng-reflect-name="rememberMe"
	    type="checkbox"
	  />
	  --------------------------------------------------
	  link:
	  Name "Activar Cuenta":
	  <a
	    _ngcontent-a-c3214690901=""
	    class="premium-link"
	    href="/register"
	  />
	  --------------------------------------------------
	Ignored nodes: comments, script, style
	<body>
	  
	    
	  
	    
	  
	    
	  
	    
	  
	    
	  
	    
	  
	    
	  
	  
	  
	  
	  
	  <link
	    crossorigin="anonymous"
	    rel="stylesheet"
	    type="text/css"
	  />
	  
	  
	  
	  <div
	    class="jasmine_html-reporter"
	  >
	    <div
	      class="jasmine-banner"
	    >
	      <a
	        class="jasmine-title"
	        href="http://jasmine.github.io/"
	        target="_blank"
	      />
	      <span
	        class="jasmine-version"
	      >
	        4.6.1
	      </span>
	    </div>
	    <ul
	      class="jasmine-symbol-summary"
	    >
	      <li
	        class="jasmine-passed"
	        id="spec_spec478"
	        title="LoadingService Service Initialization should return false for initial isLoading state"
	      />
	      <li
	        class="jasmine-passed"
	        id="spec_spec477"
	        title="LoadingService Service Initialization should initialize with loading false"
	      />
	      <li
	        class="jasmine-passed"
	        id="spec_spec476"
	        title="LoadingService Service Initialization should be created"
	      />
	      <li
	        class="jasmine-passed"
	        id="spec_spec479"
	        title="LoadingService Basic Loading Control should show loading"
	      />
	      <li
	        class="jasmine-passed"
	        id="spec_spec482"
	        title="LoadingService Basic Loading Control should not hide loading when already hidden"
	      />
	      <li
	        class="jasmine-passed"
	        id="spec_spec481"
	        title="LoadingService Basic Loading Control should not show loading multiple times without identifiers"
	      />
	      <li
	        class="jasmine-passed"
	        id="spec_spec480"
	        title="LoadingService Basic Loading Control should hide loading"
	      />
	      <li
	        class="jasmine-passed"
	        id="spec_spec488"
	        title="LoadingService Identifier-based Loading Control should handle hiding identifier multiple times"
	      />
	      <li
	        class="jasmine-passed"
	        id="spec_spec487"
	        title="LoadingService Identifier-based Loading Control should handle hiding non-existent identifier"
	      />
	      <li
	        class="jasmine-passed"
	        id="spec_spec483"
	        title="LoadingService Identifier-based Loading Control should show loading with identifier"
	      />
	      <li
	        class="jasmine-passed"
	        id="spec_spec486"
	        title="LoadingService Identifier-based Loading Control should not add duplicate identifiers"
	      />
	      <li
	        class="jasmine-passed"
	        id="spec_spec485"
	        title="LoadingService Identifier-based Loading Control should manage multiple identifiers"
	      />
	      <li
	        class="jasmine-passed"
	        id="spec_spec484"
	        title="LoadingService Identifier-based Loading Control should hide loading with identifier"
	      />
	      <li
	        class="jasmine-passed"
	        id="spec_spec503"
	        title="LoadingService Observable Behavior should support multiple subscribers"
	      />
	      <li
	        class="jasmine-passed"
	        id="spec_spec501"
	        title="LoadingService Observable Behavior should emit loading state changes"
	      />
	      <li
	        class="jasmine-passed"
	        id="spec_spec502"
	        title="LoadingService Observable Behavior should not emit duplicate states"
	      />
	      <li
	        class="jasmine-passed"
	        id="spec_spec496"
	        title="LoadingService SetLoading Alias Method should work without identifier"
	      />
	      <li
	        class="jasmine-passed"
	        id="spec_spec495"
	        title="LoadingService SetLoading Alias Method should hide loading when setLoading(false)"
	      />
	      <li
	        class="jasmine-passed"
	        id="spec_spec494"
	        title="LoadingService SetLoading Alias Method should show loading when setLoading(true)"
	      />
	      <li
	        class="jasmine-passed"
	        id="spec_spec498"
	        title="LoadingService Edge Cases and Error Handling should handle mixed identifier and non-identifier operations"
	      />
	      <li
	        class="jasmine-passed"
	        id="spec_spec497"
	        title="LoadingService Edge Cases and Error Handling should handle rapid show/hide calls"
	      />
	      <li
	        class="jasmine-passed"
	        id="spec_spec500"
	        title="LoadingService Edge Cases and Error Handling should maintain state consistency after force hide"
	      />
	      <li
	        class="jasmine-passed"
	        id="spec_spec499"
	        title="LoadingService Edge Cases and Error Handling should handle empty string identifier"
	      />
	      <li
	        class="jasmine-passed"
	        id="spec_spec489"
	        title="LoadingService Force Hide Functionality should force hide loading even with active identifiers"
	      />
	      <li
	        class="jasmine-passed"
	        id="spec_spec490"
	        title="LoadingService Force Hide Functionality should clear all identifiers on force hide"
	      />
	      <li
	        class="jasmine-passed"
	        id="spec_spec492"
	        title="LoadingService Duration-based Loading should show loading for duration with identifier"
	      />
	      <li
	        class="jasmine-passed"
	        id="spec_spec491"
	        title="LoadingService Duration-based Loading should show loading for specific duration"
	      />
	      <li
	        class="jasmine-passed"
	        id="spec_spec493"
	        title="LoadingService Duration-based Loading should handle multiple timed operations"
	      />
	      <li
	        class="jasmine-passed"
	        id="spec_spec53"
	        title="AuthService Login Functionality should fail login with invalid credentials"
	      />
	      <li
	        class="jasmine-passed"
	        id="spec_spec52"
	        title="AuthService Login Functionality should login with valid demo credentials"
	      />
	      <li
	        class="jasmine-passed"
	        id="spec_spec56"
	        title="AuthService Login Functionality should store token in localStorage after successful login"
	      />
	      <li
	        class="jasmine-passed"
	        id="spec_spec55"
	        title="AuthService Login Functionality should set user as authenticated after successful login"
	      />
	      <li
	        class="jasmine-passed"
	        id="spec_spec54"
	        title="AuthService Login Functionality should fail login with non-corporate email"
	      />
	      <li
	        class="jasmine-passed"
	        id="spec_spec51"
	        title="AuthService Basic Service Setup should initialize as not authenticated"
	      />
	      <li
	        class="jasmine-passed"
	        id="spec_spec49"
	        title="AuthService Basic Service Setup should be created"
	      />
	      <li
	        class="jasmine-passed"
	        id="spec_spec50"
	        title="AuthService Basic Service Setup should initialize with no authenticated user"
	      />
	      <li
	        class="jasmine-passed"
	        id="spec_spec75"
	        title="AuthService Logout Functionality should clear user data on logout"
	      />
	      <li
	        class="jasmine-passed"
	   ...
	    at Object.getElementError (node_modules/@testing-library/dom/dist/@testing-library/dom.esm.js:339:19)
	    at allQuery (node_modules/@testing-library/dom/dist/@testing-library/dom.esm.js:1206:25)
	    at query (node_modules/@testing-library/dom/dist/@testing-library/dom.esm.js:1185:17)
	    at getByRole (node_modules/@testing-library/dom/dist/@testing-library/dom.esm.js:1228:19)
	    at UserContext.<anonymous> (src/app/components/auth/login/login.component.spec.ts:241:33)
	    at Generator.next (<anonymous>)
	    at asyncGeneratorStep (node_modules/@angular-devkit/build-angular/node_modules/@babel/runtime/helpers/esm/asyncToGenerator.js:3:1)
	    at apply (node_modules/@angular-devkit/build-angular/node_modules/@babel/runtime/helpers/esm/asyncToGenerator.js:17:1)
	    at _ZoneDelegate.invoke (node_modules/zone.js/fesm2015/zone.js:369:28)
	    at ProxyZoneSpec.onInvoke (node_modules/zone.js/fesm2015/zone-testing.js:2081:39)
Chrome Headless 140.0.0.0 (Mac OS 10.15.7): Executed 341 of 985[31m (73 FAILED)[39m (skipped 1) (0 secs / 46.28 secs)
[1A[2K[31mChrome Headless 140.0.0.0 (Mac OS 10.15.7) LoginComponent Integration Tests should show validation errors when form is submitted empty FAILED[39m
	TestingLibraryElementError: Found multiple elements with the role "button"
	
	Here are the matching elements:
	
	Ignored nodes: comments, script, style
	<button
	  _ngcontent-a-c3214690901=""
	  class="password-toggle-premium"
	  type="button"
	>
	   🙈 
	</button>
	
	Ignored nodes: comments, script, style
	<button
	  _ngcontent-a-c3214690901=""
	  class="forgot-password"
	  type="button"
	>
	   ¿Olvidaste tu contraseña? 
	</button>
	
	Ignored nodes: comments, script, style
	<button
	  _ngcontent-a-c3214690901=""
	  class="btn-primary command-center-btn"
	  disabled=""
	  type="submit"
	>
	  <span
	    _ngcontent-a-c3214690901=""
	    class="btn-content"
	  >
	    <span
	      _ngcontent-a-c3214690901=""
	      class="btn-icon"
	    >
	      ➡️
	    </span>
	    <span
	      _ngcontent-a-c3214690901=""
	      class="btn-text"
	    >
	      Acceder al Cockpit
	    </span>
	  </span>
	</button>
	
	(If this is intentional, then use the `*AllBy*` variant of the query (like `queryAllByText`, `getAllByText`, or `findAllByText`)).
	
	Ignored nodes: comments, script, style
	<body>
	  
	    
	  
	    
	  
	    
	  
	    
	  
	    
	  
	    
	  
	    
	  
	
	  
	
	  
	
	  
	
	  
	
	  <link
	    crossorigin="anonymous"
	    href="node_modules/jasmine-core/lib/jasmine-core/jasmine.css"
	    rel="stylesheet"
	    type="text/css"
	  />
	  
	
	  
	
	  
	
	  <div
	    class="jasmine_html-reporter"
	  >
	    <div
	      class="jasmine-banner"
	    >
	      <a
	        class="jasmine-title"
	        href="http://jasmine.github.io/"
	        target="_blank"
	      />
	      <span
	        class="jasmine-version"
	      >
	        4.6.1
	      </span>
	    </div>
	    <ul
	      class="jasmine-symbol-summary"
	    >
	      <li
	        class="jasmine-passed"
	        id="spec_spec478"
	        title="LoadingService Service Initialization should return false for initial isLoading state"
	      />
	      <li
	        class="jasmine-passed"
	        id="spec_spec477"
	        title="LoadingService Service Initialization should initialize with loading false"
	      />
	      <li
	        class="jasmine-passed"
	        id="spec_spec476"
	        title="LoadingService Service Initialization should be created"
	      />
	      <li
	        class="jasmine-passed"
	        id="spec_spec479"
	        title="LoadingService Basic Loading Control should show loading"
	      />
	      <li
	        class="jasmine-passed"
	        id="spec_spec482"
	        title="LoadingService Basic Loading Control should not hide loading when already hidden"
	      />
	      <li
	        class="jasmine-passed"
	        id="spec_spec481"
	        title="LoadingService Basic Loading Control should not show loading multiple times without identifiers"
	      />
	      <li
	        class="jasmine-passed"
	        id="spec_spec480"
	        title="LoadingService Basic Loading Control should hide loading"
	      />
	      <li
	        class="jasmine-passed"
	        id="spec_spec488"
	        title="LoadingService Identifier-based Loading Control should handle hiding identifier multiple times"
	      />
	      <li
	        class="jasmine-passed"
	        id="spec_spec487"
	        title="LoadingService Identifier-based Loading Control should handle hiding non-existent identifier"
	      />
	      <li
	        class="jasmine-passed"
	        id="spec_spec483"
	        title="LoadingService Identifier-based Loading Control should show loading with identifier"
	      />
	      <li
	        class="jasmine-passed"
	        id="spec_spec486"
	        title="LoadingService Identifier-based Loading Control should not add duplicate identifiers"
	      />
	      <li
	        class="jasmine-passed"
	        id="spec_spec485"
	        title="LoadingService Identifier-based Loading Control should manage multiple identifiers"
	      />
	      <li
	        class="jasmine-passed"
	        id="spec_spec484"
	        title="LoadingService Identifier-based Loading Control should hide loading with identifier"
	      />
	      <li
	        class="jasmine-passed"
	        id="spec_spec503"
	        title="LoadingService Observable Behavior should support multiple subscribers"
	      />
	      <li
	        class="jasmine-passed"
	        id="spec_spec501"
	        title="LoadingService Observable Behavior should emit loading state changes"
	      />
	      <li
	        class="jasmine-passed"
	        id="spec_spec502"
	        title="LoadingService Observable Behavior should not emit duplicate states"
	      />
	      <li
	        class="jasmine-passed"
	        id="spec_spec496"
	        title="LoadingService SetLoading Alias Method should work without identifier"
	      />
	      <li
	        class="jasmine-passed"
	        id="spec_spec495"
	        title="LoadingService SetLoading Alias Method should hide loading when setLoading(false)"
	      />
	      <li
	        class="jasmine-passed"
	        id="spec_spec494"
	        title="LoadingService SetLoading Alias Method should show loading when setLoading(true)"
	      />
	      <li
	        class="jasmine-passed"
	        id="spec_spec498"
	        title="LoadingService Edge Cases and Error Handling should handle mixed identifier and non-identifier operations"
	      />
	      <li
	        class="jasmine-passed"
	        id="spec_spec497"
	        title="LoadingService Edge Cases and Error Handling should handle rapid show/hide calls"
	      />
	      <li
	        class="jasmine-passed"
	        id="spec_spec500"
	        title="LoadingService Edge Cases and Error Handling should maintain state consistency after force hide"
	      />
	      <li
	        class="jasmine-passed"
	        id="spec_spec499"
	        title="LoadingService Edge Cases and Error Handling should handle empty string identifier"
	      />
	      <li
	        class="jasmine-passed"
	        id="spec_spec489"
	        title="LoadingService Force Hide Functionality should force hide loading even with active identifiers"
	      />
	      <li
	        class="jasmine-passed"
	        id="spec_spec490"
	        title="LoadingService Force Hide Functionality should clear all identifiers on force hide"
	      />
	      <li
	        class="jasmine-passed"
	        id="spec_spec492"
	        title="LoadingService Duration-based Loading should show loading for duration with identifier"
	      />
	      <li
	        class="jasmine-passed"
	        id="spec_spec491"
	        title="LoadingService Duration-based Loading should show loading for specific duration"
	      />
	      <li
	        class="jasmine-passed"
	        id="spec_spec493"
	        title="LoadingService Duration-based Loading should handle multiple timed operations"
	      />
	      <li
	        class="jasmine-passed"
	        id="spec_spec53"
	        title="AuthService Login Functionality should fail login with invalid credentials"
	      />
	      <li
	        class="jasmine-passed"
	        id="spec_spec52"
	        title="AuthService Login Functionality should login with valid demo credentials"
	      />
	      <li
	        class="jasmine-passed"
	        id="spec_spec56"
	        title="AuthService Login Functionality should store token in localStorage after successful login"
	      />
	      <li
	        class="jasmine-passed"
	        id="spec_spec55"
	        title="AuthService Login Functionality should set user as authenticated after successful login"
	      />
	      <li
	        class="jasmine-passed"
	        id="spec_spec54"
	        title="AuthService Login Functionality should fail login with non-corporate email"
	      />
	      <li
	        class="jasmine-passed"
	        id="spec_spec51"
	        title="AuthService Basic Service Setup should initialize as not authenticated"
	      />
	      <li
	        class="jasmine-passed"
	        id="spec_spec49"
	        title="AuthService Basic Service Setup should be created"
	      />
	      <li
	        class="jasmine-passed"
	        id="spec_spec50"
	        title="AuthService Basic Service Setup should initialize with no authenticated user"
	      />
	      <li
	        class="jasmine-passed"
	        id="spec_spec75"
	        title="AuthService Logout Functionality should clear user data on logout"
	      />
	      <li
	        class="jasmine-passed"
	   ...
	TestingLibraryElementError: Found multiple elements with the role "button"
	Here are the matching elements:
	Ignored nodes: comments, script, style
	<button
	  _ngcontent-a-c3214690901=""
	  class="password-toggle-premium"
	  type="button"
	>
	   🙈 
	</button>
	Ignored nodes: comments, script, style
	<button
	  _ngcontent-a-c3214690901=""
	  class="forgot-password"
	  type="button"
	>
	   ¿Olvidaste tu contraseña? 
	</button>
	Ignored nodes: comments, script, style
	<button
	  _ngcontent-a-c3214690901=""
	  class="btn-primary command-center-btn"
	  disabled=""
	  type="submit"
	>
	  <span
	    _ngcontent-a-c3214690901=""
	    class="btn-content"
	  >
	    <span
	      _ngcontent-a-c3214690901=""
	      class="btn-icon"
	    >
	      ➡️
	    </span>
	    <span
	      _ngcontent-a-c3214690901=""
	      class="btn-text"
	    >
	      Acceder al Cockpit
	    </span>
	  </span>
	</button>
	(If this is intentional, then use the `*AllBy*` variant of the query (like `queryAllByText`, `getAllByText`, or `findAllByText`)).
	Ignored nodes: comments, script, style
	<body>
	  
	    
	  
	    
	  
	    
	  
	    
	  
	    
	  
	    
	  
	    
	  
	  
	  
	  
	  
	  <link
	    crossorigin="anonymous"
	    rel="stylesheet"
	    type="text/css"
	  />
	  
	  
	  
	  <div
	    class="jasmine_html-reporter"
	  >
	    <div
	      class="jasmine-banner"
	    >
	      <a
	        class="jasmine-title"
	        href="http://jasmine.github.io/"
	        target="_blank"
	      />
	      <span
	        class="jasmine-version"
	      >
	        4.6.1
	      </span>
	    </div>
	    <ul
	      class="jasmine-symbol-summary"
	    >
	      <li
	        class="jasmine-passed"
	        id="spec_spec478"
	        title="LoadingService Service Initialization should return false for initial isLoading state"
	      />
	      <li
	        class="jasmine-passed"
	        id="spec_spec477"
	        title="LoadingService Service Initialization should initialize with loading false"
	      />
	      <li
	        class="jasmine-passed"
	        id="spec_spec476"
	        title="LoadingService Service Initialization should be created"
	      />
	      <li
	        class="jasmine-passed"
	        id="spec_spec479"
	        title="LoadingService Basic Loading Control should show loading"
	      />
	      <li
	        class="jasmine-passed"
	        id="spec_spec482"
	        title="LoadingService Basic Loading Control should not hide loading when already hidden"
	      />
	      <li
	        class="jasmine-passed"
	        id="spec_spec481"
	        title="LoadingService Basic Loading Control should not show loading multiple times without identifiers"
	      />
	      <li
	        class="jasmine-passed"
	        id="spec_spec480"
	        title="LoadingService Basic Loading Control should hide loading"
	      />
	      <li
	        class="jasmine-passed"
	        id="spec_spec488"
	        title="LoadingService Identifier-based Loading Control should handle hiding identifier multiple times"
	      />
	      <li
	        class="jasmine-passed"
	        id="spec_spec487"
	        title="LoadingService Identifier-based Loading Control should handle hiding non-existent identifier"
	      />
	      <li
	        class="jasmine-passed"
	        id="spec_spec483"
	        title="LoadingService Identifier-based Loading Control should show loading with identifier"
	      />
	      <li
	        class="jasmine-passed"
	        id="spec_spec486"
	        title="LoadingService Identifier-based Loading Control should not add duplicate identifiers"
	      />
	      <li
	        class="jasmine-passed"
	        id="spec_spec485"
	        title="LoadingService Identifier-based Loading Control should manage multiple identifiers"
	      />
	      <li
	        class="jasmine-passed"
	        id="spec_spec484"
	        title="LoadingService Identifier-based Loading Control should hide loading with identifier"
	      />
	      <li
	        class="jasmine-passed"
	        id="spec_spec503"
	        title="LoadingService Observable Behavior should support multiple subscribers"
	      />
	      <li
	        class="jasmine-passed"
	        id="spec_spec501"
	        title="LoadingService Observable Behavior should emit loading state changes"
	      />
	      <li
	        class="jasmine-passed"
	        id="spec_spec502"
	        title="LoadingService Observable Behavior should not emit duplicate states"
	      />
	      <li
	        class="jasmine-passed"
	        id="spec_spec496"
	        title="LoadingService SetLoading Alias Method should work without identifier"
	      />
	      <li
	        class="jasmine-passed"
	        id="spec_spec495"
	        title="LoadingService SetLoading Alias Method should hide loading when setLoading(false)"
	      />
	      <li
	        class="jasmine-passed"
	        id="spec_spec494"
	        title="LoadingService SetLoading Alias Method should show loading when setLoading(true)"
	      />
	      <li
	        class="jasmine-passed"
	        id="spec_spec498"
	        title="LoadingService Edge Cases and Error Handling should handle mixed identifier and non-identifier operations"
	      />
	      <li
	        class="jasmine-passed"
	        id="spec_spec497"
	        title="LoadingService Edge Cases and Error Handling should handle rapid show/hide calls"
	      />
	      <li
	        class="jasmine-passed"
	        id="spec_spec500"
	        title="LoadingService Edge Cases and Error Handling should maintain state consistency after force hide"
	      />
	      <li
	        class="jasmine-passed"
	        id="spec_spec499"
	        title="LoadingService Edge Cases and Error Handling should handle empty string identifier"
	      />
	      <li
	        class="jasmine-passed"
	        id="spec_spec489"
	        title="LoadingService Force Hide Functionality should force hide loading even with active identifiers"
	      />
	      <li
	        class="jasmine-passed"
	        id="spec_spec490"
	        title="LoadingService Force Hide Functionality should clear all identifiers on force hide"
	      />
	      <li
	        class="jasmine-passed"
	        id="spec_spec492"
	        title="LoadingService Duration-based Loading should show loading for duration with identifier"
	      />
	      <li
	        class="jasmine-passed"
	        id="spec_spec491"
	        title="LoadingService Duration-based Loading should show loading for specific duration"
	      />
	      <li
	        class="jasmine-passed"
	        id="spec_spec493"
	        title="LoadingService Duration-based Loading should handle multiple timed operations"
	      />
	      <li
	        class="jasmine-passed"
	        id="spec_spec53"
	        title="AuthService Login Functionality should fail login with invalid credentials"
	      />
	      <li
	        class="jasmine-passed"
	        id="spec_spec52"
	        title="AuthService Login Functionality should login with valid demo credentials"
	      />
	      <li
	        class="jasmine-passed"
	        id="spec_spec56"
	        title="AuthService Login Functionality should store token in localStorage after successful login"
	      />
	      <li
	        class="jasmine-passed"
	        id="spec_spec55"
	        title="AuthService Login Functionality should set user as authenticated after successful login"
	      />
	      <li
	        class="jasmine-passed"
	        id="spec_spec54"
	        title="AuthService Login Functionality should fail login with non-corporate email"
	      />
	      <li
	        class="jasmine-passed"
	        id="spec_spec51"
	        title="AuthService Basic Service Setup should initialize as not authenticated"
	      />
	      <li
	        class="jasmine-passed"
	        id="spec_spec49"
	        title="AuthService Basic Service Setup should be created"
	      />
	      <li
	        class="jasmine-passed"
	        id="spec_spec50"
	        title="AuthService Basic Service Setup should initialize with no authenticated user"
	      />
	      <li
	        class="jasmine-passed"
	        id="spec_spec75"
	        title="AuthService Logout Functionality should clear user data on logout"
	      />
	      <li
	        class="jasmine-passed"
	   ...
	    at Object.getElementError (node_modules/@testing-library/dom/dist/@testing-library/dom.esm.js:339:19)
	    at getElementError (node_modules/@testing-library/dom/dist/@testing-library/dom.esm.js:1149:22)
	    at getMultipleElementsFoundError (node_modules/@testing-library/dom/dist/@testing-library/dom.esm.js:1152:10)
	    at query (node_modules/@testing-library/dom/dist/@testing-library/dom.esm.js:1188:13)
	    at getByRole (node_modules/@testing-library/dom/dist/@testing-library/dom.esm.js:1228:19)
	    at UserContext.<anonymous> (src/app/components/auth/login/login.component.spec.ts:181:33)
	    at Generator.next (<anonymous>)
	    at asyncGeneratorStep (node_modules/@angular-devkit/build-angular/node_modules/@babel/runtime/helpers/esm/asyncToGenerator.js:3:1)
	    at apply (node_modules/@angular-devkit/build-angular/node_modules/@babel/runtime/helpers/esm/asyncToGenerator.js:17:1)
	    at _ZoneDelegate.invoke (node_modules/zone.js/fesm2015/zone.js:369:28)
Chrome Headless 140.0.0.0 (Mac OS 10.15.7): Executed 342 of 985[31m (74 FAILED)[39m (skipped 1) (0 secs / 46.287 secs)
[1A[2KChrome Headless 140.0.0.0 (Mac OS 10.15.7): Executed 343 of 985[31m (74 FAILED)[39m (skipped 1) (0 secs / 46.291 secs)
[1A[2K[31mChrome Headless 140.0.0.0 (Mac OS 10.15.7) LoginComponent Integration Tests should enable submit button when form is valid FAILED[39m
	TestingLibraryElementError: Unable to find an accessible element with the role "button" and name `/iniciar sesión/i`
	
	Here are the accessible roles:
	
	  link:
	
	  Name "":
	  <a
	    class="jasmine-title"
	    href="http://jasmine.github.io/"
	    target="_blank"
	  />
	
	  --------------------------------------------------
	  list:
	
	  Name "":
	  <ul
	    class="jasmine-symbol-summary"
	  />
	
	  --------------------------------------------------
	  listitem:
	
	  Name "LoadingService Service Initialization should return false for initial isLoading state":
	  <li
	    class="jasmine-passed"
	    id="spec_spec478"
	    title="LoadingService Service Initialization should return false for initial isLoading state"
	  />
	
	  Name "LoadingService Service Initialization should initialize with loading false":
	  <li
	    class="jasmine-passed"
	    id="spec_spec477"
	    title="LoadingService Service Initialization should initialize with loading false"
	  />
	
	  Name "LoadingService Service Initialization should be created":
	  <li
	    class="jasmine-passed"
	    id="spec_spec476"
	    title="LoadingService Service Initialization should be created"
	  />
	
	  Name "LoadingService Basic Loading Control should show loading":
	  <li
	    class="jasmine-passed"
	    id="spec_spec479"
	    title="LoadingService Basic Loading Control should show loading"
	  />
	
	  Name "LoadingService Basic Loading Control should not hide loading when already hidden":
	  <li
	    class="jasmine-passed"
	    id="spec_spec482"
	    title="LoadingService Basic Loading Control should not hide loading when already hidden"
	  />
	
	  Name "LoadingService Basic Loading Control should not show loading multiple times without identifiers":
	  <li
	    class="jasmine-passed"
	    id="spec_spec481"
	    title="LoadingService Basic Loading Control should not show loading multiple times without identifiers"
	  />
	
	  Name "LoadingService Basic Loading Control should hide loading":
	  <li
	    class="jasmine-passed"
	    id="spec_spec480"
	    title="LoadingService Basic Loading Control should hide loading"
	  />
	
	  Name "LoadingService Identifier-based Loading Control should handle hiding identifier multiple times":
	  <li
	    class="jasmine-passed"
	    id="spec_spec488"
	    title="LoadingService Identifier-based Loading Control should handle hiding identifier multiple times"
	  />
	
	  Name "LoadingService Identifier-based Loading Control should handle hiding non-existent identifier":
	  <li
	    class="jasmine-passed"
	    id="spec_spec487"
	    title="LoadingService Identifier-based Loading Control should handle hiding non-existent identifier"
	  />
	
	  Name "LoadingService Identifier-based Loading Control should show loading with identifier":
	  <li
	    class="jasmine-passed"
	    id="spec_spec483"
	    title="LoadingService Identifier-based Loading Control should show loading with identifier"
	  />
	
	  Name "LoadingService Identifier-based Loading Control should not add duplicate identifiers":
	  <li
	    class="jasmine-passed"
	    id="spec_spec486"
	    title="LoadingService Identifier-based Loading Control should not add duplicate identifiers"
	  />
	
	  Name "LoadingService Identifier-based Loading Control should manage multiple identifiers":
	  <li
	    class="jasmine-passed"
	    id="spec_spec485"
	    title="LoadingService Identifier-based Loading Control should manage multiple identifiers"
	  />
	
	  Name "LoadingService Identifier-based Loading Control should hide loading with identifier":
	  <li
	    class="jasmine-passed"
	    id="spec_spec484"
	    title="LoadingService Identifier-based Loading Control should hide loading with identifier"
	  />
	
	  Name "LoadingService Observable Behavior should support multiple subscribers":
	  <li
	    class="jasmine-passed"
	    id="spec_spec503"
	    title="LoadingService Observable Behavior should support multiple subscribers"
	  />
	
	  Name "LoadingService Observable Behavior should emit loading state changes":
	  <li
	    class="jasmine-passed"
	    id="spec_spec501"
	    title="LoadingService Observable Behavior should emit loading state changes"
	  />
	
	  Name "LoadingService Observable Behavior should not emit duplicate states":
	  <li
	    class="jasmine-passed"
	    id="spec_spec502"
	    title="LoadingService Observable Behavior should not emit duplicate states"
	  />
	
	  Name "LoadingService SetLoading Alias Method should work without identifier":
	  <li
	    class="jasmine-passed"
	    id="spec_spec496"
	    title="LoadingService SetLoading Alias Method should work without identifier"
	  />
	
	  Name "LoadingService SetLoading Alias Method should hide loading when setLoading(false)":
	  <li
	    class="jasmine-passed"
	    id="spec_spec495"
	    title="LoadingService SetLoading Alias Method should hide loading when setLoading(false)"
	  />
	
	  Name "LoadingService SetLoading Alias Method should show loading when setLoading(true)":
	  <li
	    class="jasmine-passed"
	    id="spec_spec494"
	    title="LoadingService SetLoading Alias Method should show loading when setLoading(true)"
	  />
	
	  Name "LoadingService Edge Cases and Error Handling should handle mixed identifier and non-identifier operations":
	  <li
	    class="jasmine-passed"
	    id="spec_spec498"
	    title="LoadingService Edge Cases and Error Handling should handle mixed identifier and non-identifier operations"
	  />
	
	  Name "LoadingService Edge Cases and Error Handling should handle rapid show/hide calls":
	  <li
	    class="jasmine-passed"
	    id="spec_spec497"
	    title="LoadingService Edge Cases and Error Handling should handle rapid show/hide calls"
	  />
	
	  Name "LoadingService Edge Cases and Error Handling should maintain state consistency after force hide":
	  <li
	    class="jasmine-passed"
	    id="spec_spec500"
	    title="LoadingService Edge Cases and Error Handling should maintain state consistency after force hide"
	  />
	
	  Name "LoadingService Edge Cases and Error Handling should handle empty string identifier":
	  <li
	    class="jasmine-passed"
	    id="spec_spec499"
	    title="LoadingService Edge Cases and Error Handling should handle empty string identifier"
	  />
	
	  Name "LoadingService Force Hide Functionality should force hide loading even with active identifiers":
	  <li
	    class="jasmine-passed"
	    id="spec_spec489"
	    title="LoadingService Force Hide Functionality should force hide loading even with active identifiers"
	  />
	
	  Name "LoadingService Force Hide Functionality should clear all identifiers on force hide":
	  <li
	    class="jasmine-passed"
	    id="spec_spec490"
	    title="LoadingService Force Hide Functionality should clear all identifiers on force hide"
	  />
	
	  Name "LoadingService Duration-based Loading should show loading for duration with identifier":
	  <li
	    class="jasmine-passed"
	    id="spec_spec492"
	    title="LoadingService Duration-based Loading should show loading for duration with identifier"
	  />
	
	  Name "LoadingService Duration-based Loading should show loading for specific duration":
	  <li
	    class="jasmine-passed"
	    id="spec_spec491"
	    title="LoadingService Duration-based Loading should show loading for specific duration"
	  />
	
	  Name "LoadingService Duration-based Loading should handle multiple timed operations":
	  <li
	    class="jasmine-passed"
	    id="spec_spec493"
	    title="LoadingService Duration-based Loading should handle multiple timed operations"
	  />
	
	  Name "AuthService Login Functionality should fail login with invalid credentials":
	  <li
	    class="jasmine-passed"
	    id="spec_spec53"
	    title="AuthService Login Functionality should fail login with invalid credentials"
	  />
	
	  Name "AuthService Login Functionality should login with valid demo credentials":
	  <li
	    class="jasmine-passed"
	    id="spec_spec52"
	    title="AuthService Login Functionality should login with valid demo credentials"
	  />
	
	  Name "AuthService Login Functionality should store token in localStorage after successful login":
	  <li
	    class="jasmine-passed"
	    id="spec_spec56"
	    title="AuthService Login Functionality should store token in localStorage after successful login"
	  />
	
	  Name "AuthService Login Functionality should set user as authenticated after successful login":
	  <li
	    class="jasmine-passed"
	    id="spec_spec55"
	    title="AuthService Login Functionality should set user as authenticated after successful login"
	  />
	
	  Name "AuthService Login Functionality should fail login with non-corporate email":
	  <li
	    class="jasmine-passed"
	    id="spec_spec54"
	    title="AuthService Login Functionality should fail login with non-corporate email"
	  />
	
	  Name "AuthService Basic Service Setup should initialize as not authenticated":
	  <li
	    class="jasmine-passed"
	    id="spec_spec51"
	    title="AuthService Basic Service Setup should initialize as not authenticated"
	  />
	
	  Name "AuthService Basic Service Setup should be created":
	  <li
	    class="jasmine-passed"
	    id="spec_spec49"
	    title="AuthService Basic Service Setup should be created"
	  />
	
	  Name "AuthService Basic Service Setup should initialize with no authenticated user":
	  <li
	    class="jasmine-passed"
	    id="spec_spec50"
	    title="AuthService Basic Service Setup should initialize with no authenticated user"
	  />
	
	  Name "AuthService Logout Functionality should clear user data on logout":
	  <li
	    class="jasmine-passed"
	    id="spec_spec75"
	    title="AuthService Logout Functionality should clear user data on logout"
	  />
	
	  Name "AuthService Logout Functionality should clear authentication state on logout":
	  <li
	    class="jasmine-passed"
	    id="spec_spec74"
	    title="AuthService Logout Functionality should clear authentication state on logout"
	  />
	
	  Name "AuthService Logout Functionality should remove token from localStorage on logout":
	  <li
	    class="jasmine-passed"
	    id="spec_spec76"
	    title="AuthService Logout Functionality should remove token from localStorage on logout"
	  />
	
	  Name "AuthService Email Availability Check should return available for new email":
	  <li
	    class="jasmine-passed"
	    id="spec_spec71"
	    title="AuthService Email Availability Check should return available for new email"
	  />
	
	  Name "AuthService Email Availability Check should return not available for pending registration email":
	  <li
	    class="jasmine-passed"
	    id="spec_spec73"
	    title="AuthService Email Availability Check should return not available for pending registration email"
	  />
	
	  Name "AuthService Email Availability Check should return not available for existing email":
	  <li
	    class="jasmine-passed"
	    id="spec_spec72"
	    title="AuthService Email Availability Check should return not available for existing email"
	  />
	
	  Name "AuthService Email Verification should successfully verify email with valid token":
	  <li
	    class="jasmine-passed"
	    id="spec_spec68"
	    title="AuthService Email Verification should successfully verify email with valid token"
	  />
	
	  Name "AuthService Email Verification should fail verification with invalid token":
	  <li
	    class="jasmine-passed"
	    id="spec_spec69"
	    title="AuthService Email Verification should fail verification with invalid token"
	  />
	
	  Name "AuthService Email Verification should update registration status after verification":
	  <li
	    class="jasmine-passed"
	    id="spec_spec70"
	    title="AuthService Email Verification should update registration status after verification"
	  />
	
	  Name "AuthService Token Management should detect old token as expired":
	  <li
	    class="jasmine-passed"
	    id="spec_spec59"
	    title="AuthService Token Management should detect old token as expired"
	  />
	
	  Name "AuthService Token Management should detect valid token as not expired":
	  <li
	    class="jasmine-failed"
	    id="spec_spec58"
	    title="AuthService Token Management should detect valid token as not expired"
	  />
	
	  Name "AuthService Token Management should detect invalid token format as expired":
	  <li
	    class="jasmine-passed"
	    id="spec_spec60"
	    title="AuthService Token Management should detect invalid token format as expired"
	  />
	
	  Name "AuthService Token Management should retrieve stored token":
	  <li
	    class="jasmine-passed"
	    id="spec_spec57"
	    title="AuthService Token Management should retrieve stored token"
	  />
	
	  Name "AuthService Registration Functionality should fail registration without privacy acceptance":
	  <li
	    class="jasmine-passed"
	    id="spec_spec63"
	    title="AuthService Registration Functionality should fail registration without privacy acceptance"
	  />
	
	  Name "AuthService Registration Functionality should successfully register with valid data":
	  <li
	    class="jasmine-passed"
	    id="spec_spec61"
	    title="AuthService Registration Functionality should successfully register with valid data"
	  />
	
	  Name "AuthService Registration Functionality should fail registration without terms acceptance":
	  <li
	    class="jasmine-passed"
	    id="spec_spec62"
	    title="AuthService Registration Functionality should fail registration without terms acceptance"
	  />
	
	  Name "AuthService Registration Functionality should fail registration with non-corporate email":
	  <li
	    class="jasmine-passed"
	    id="spec_spec65"
	    title="AuthService Registration Functionality should fail registration with non-corporate email"
	  />
	
	  Name "AuthService Registration Functionality should fail registration with existing email":
	  <li
	    class="jasmine-passed"
	    id="spec_spec66"
	    title="AuthService Registration Functionality should fail registration with existing email"
	  />
	
	  Name "AuthService Registration Functionality should fail registration with mismatched passwords":
	  <li
	    class="jasmine-passed"
	    id="spec_spec64"
	    title="AuthService Registration Functionality should fail registration with mismatched passwords"
	  />
	
	  Name "AuthService Registration Functionality should store pending registration in localStorage":
	  <li
	    class="jasmine-passed"
	    id="spec_spec67"
	    title="AuthService Registration Functionality should store pending registration in localStorage"
	  />
	
	  Name "CreditScoringService Service Initialization should have SCORING_CONFIG defined":
	  <li
	    class="jasmine-failed"
	    id="spec_spec296"
	    title="CreditScoringService Service Initialization should have SCORING_CONFIG defined"
	  />
	
	  Name "CreditScoringService Service Initialization should initialize internal storage maps":
	  <li
	    class="jasmine-failed"
	    id="spec_spec297"
	    title="CreditScoringService Service Initialization should initialize internal storage maps"
	  />
	
	  Name "CreditScoringService Service Initialization should be created":
	  <li
	    class="jasmine-failed"
	    id="spec_spec295"
	    title="CreditScoringService Service Initialization should be created"
	  />
	
	  Name "CreditScoringService Scoring Recommendations should get VentaDirecta recommendations":
	  <li
	    class="jasmine-failed"
	    id="spec_spec308"
	    title="CreditScoringService Scoring Recommendations should get VentaDirecta recommendations"
	  />
	
	  Name "CreditScoringService Scoring Recommendations should get CreditoColectivo recommendations":
	  <li
	    class="jasmine-failed"
	    id="spec_spec311"
	    title="CreditScoringService Scoring Recommendations should get CreditoColectivo recommendations"
	  />
	
	  Name "CreditScoringService Scoring Recommendations should get AhorroProgramado recommendations":
	  <li
	    class="jasmine-failed"
	    id="spec_spec312"
	    title="CreditScoringService Scoring Recommendations should get AhorroProgramado recommendations"
	  />
	
	  Name "CreditScoringService Scoring Recommendations should get VentaPlazo recommendations for AGS":
	  <li
	    class="jasmine-failed"
	    id="spec_spec309"
	    title="CreditScoringService Scoring Recommendations should get VentaPlazo recommendations for AGS"
	  />
	
	  Name "CreditScoringService Scoring Recommendations should return default recommendations for unknown flow":
	  <li
	    class="jasmine-failed"
	    id="spec_spec313"
	    title="CreditScoringService Scoring Recommendations should return default recommendations for unknown flow"
	  />
	
	  Name "CreditScoringService Scoring Recommendations should get VentaPlazo recommendations for EdoMex":
	  <li
	    class="jasmine-failed"
	    id="spec_spec310"
	    title="CreditScoringService Scoring Recommendations should get VentaPlazo recommendations for EdoMex"
	  />
	
	  Name "CreditScoringService Scoring Validity Check should invalidate expired scoring":
	  <li
	    class="jasmine-failed"
	    id="spec_spec327"
	    title="CreditScoringService Scoring Validity Check should invalidate expired scoring"
	  />
	
	  Name "CreditScoringService Scoring Validity Check should validate non-expired scoring":
	  <li
	    class="jasmine-failed"
	    id="spec_spec326"
	    title="CreditScoringService Scoring Validity Check should validate non-expired scoring"
	  />
	
	  Name "CreditScoringService Scoring Validity Check should return false for non-existent scoring":
	  <li
	    class="jasmine-failed"
	    id="spec_spec328"
	    title="CreditScoringService Scoring Validity Check should return false for non-existent scoring"
	  />
	
	  Name "CreditScoringService Scoring Simulation should set expiration date correctly":
	  <li
	    class="jasmine-failed"
	    id="spec_spec321"
	    title="CreditScoringService Scoring Simulation should set expiration date correctly"
	  />
	
	  Name "CreditScoringService Scoring Simulation should simulate scoring with low score for risky client":
	  <li
	    class="jasmine-failed"
	    id="spec_spec315"
	    title="CreditScoringService Scoring Simulation should simulate scoring with low score for risky client"
	  />
	
	  Name "CreditScoringService Scoring Simulation should apply market bonus for Aguascalientes":
	  <li
	    class="jasmine-failed"
	    id="spec_spec316"
	    title="CreditScoringService Scoring Simulation should apply market bonus for Aguascalientes"
	  />
	
	  Name "CreditScoringService Scoring Simulation should set correct interest rates by market":
	  <li
	    class="jasmine-failed"
	    id="spec_spec318"
	    title="CreditScoringService Scoring Simulation should set correct interest rates by market"
	  />
	
	  Name "CreditScoringService Scoring Simulation should include reasons for rejection":
	  <li
	    class="jasmine-failed"
	    id="spec_spec320"
	    title="CreditScoringService Scoring Simulation should include reasons for rejection"
	  />
	
	  Name "CreditScoringService Scoring Simulation should apply business flow bonuses correctly":
	  <li
	    class="jasmine-failed"
	    id="spec_spec317"
	    title="CreditScoringService Scoring Simulation should apply business flow bonuses correctly"
	  />
	
	  Name "CreditScoringService Scoring Simulation should include conditions for conditional approval":
	  <li
	    class="jasmine-failed"
	    id="spec_spec319"
	    title="CreditScoringService Scoring Simulation should include conditions for conditional approval"
	  />
	
	  Name "CreditScoringService Scoring Simulation should simulate scoring with high score for good client":
	  <li
	    class="jasmine-failed"
	    id="spec_spec314"
	    title="CreditScoringService Scoring Simulation should simulate scoring with high score for good client"
	  />
	
	  Name "CreditScoringService Credit Scoring Process should get scoring status correctly":
	  <li
	    class="jasmine-failed"
	    id="spec_spec301"
	    title="CreditScoringService Credit Scoring Process should get scoring status correctly"
	  />
	
	  Name "CreditScoringService Credit Scoring Process should return null for non-existent scoring ID":
	  <li
	    class="jasmine-failed"
	    id="spec_spec300"
	    title="CreditScoringService Credit Scoring Process should return null for non-existent scoring ID"
	  />
	
	  Name "CreditScoringService Credit Scoring Process should return null for non-existent status ID":
	  <li
	    class="jasmine-failed"
	    id="spec_spec302"
	    title="CreditScoringService Credit Scoring Process should return null for non-existent status ID"
	  />
	
	  Name "CreditScoringService Credit Scoring Process should initiate credit scoring request":
	  <li
	    class="jasmine-failed"
	    id="spec_spec298"
	    title="CreditScoringService Credit Scoring Process should initiate credit scoring request"
	  />
	
	  Name "CreditScoringService Credit Scoring Process should store scoring result after processing":
	  <li
	    class="jasmine-failed"
	    id="spec_spec299"
	    title="CreditScoringService Credit Scoring Process should store scoring result after processing"
	  />
	
	  Name "CreditScoringService Risk Level Assignment should assign correct risk levels":
	  <li
	    class="jasmine-failed"
	    id="spec_spec330"
	    title="CreditScoringService Risk Level Assignment should assign correct risk levels"
	  />
	
	  Name "CreditScoringService Score Grading System should assign correct grades for score ranges":
	  <li
	    class="jasmine-failed"
	    id="spec_spec329"
	    title="CreditScoringService Score Grading System should assign correct grades for score ranges"
	  />
	
	  Name "CreditScoringService Scoring Prerequisites Validation should validate client is ready for scoring":
	  <li
	    class="jasmine-failed"
	    id="spec_spec303"
	    title="CreditScoringService Scoring Prerequisites Validation should validate client is ready for scoring"
	  />
	
	  Name "CreditScoringService Scoring Prerequisites Validation should identify multiple missing requirements":
	  <li
	    class="jasmine-failed"
	    id="spec_spec307"
	    title="CreditScoringService Scoring Prerequisites Validation should identify multiple missing requirements"
	  />
	
	  Name "CreditScoringService Scoring Prerequisites Validation should identify missing INE document":
	  <li
	    class="jasmine-failed"
	    id="spec_spec304"
	    title="CreditScoringService Scoring Prerequisites Validation should identify missing INE document"
	  />
	
	  Name "CreditScoringService Scoring Prerequisites Validation should identify missing KYC verification":
	  <li
	    class="jasmine-failed"
	    id="spec_spec306"
	    title="CreditScoringService Scoring Prerequisites Validation should identify missing KYC verification"
	  />
	
	  Name "CreditScoringService Scoring Prerequisites Validation should identify missing comprobante document":
	  <li
	    class="jasmine-failed"
	    id="spec_spec305"
	    title="CreditScoringService Scoring Prerequisites Validation should identify missing comprobante document"
	  />
	
	  Name "CreditScoringService Scoring Retry Functionality should fail retry for non-existent original scoring":
	  <li
	    class="jasmine-failed"
	    id="spec_spec323"
	    title="CreditScoringService Scoring Retry Functionality should fail retry for non-existent original scoring"
	  />
	
	  Name "CreditScoringService Scoring Retry Functionality should retry scoring with updated information":
	  <li
	    class="jasmine-failed"
	    id="spec_spec322"
	    title="CreditScoringService Scoring Retry Functionality should retry scoring with updated information"
	  />
	
	  Name "CreditScoringService Edge Cases and Error Handling should handle zero or negative income gracefully":
	  <li
	    class="jasmine-failed"
	    id="spec_spec333"
	    title="CreditScoringService Edge Cases and Error Handling should handle zero or negative income gracefully"
	  />
	
	  Name "CreditScoringService Edge Cases and Error Handling should handle maximum score bounds":
	  <li
	    class="jasmine-failed"
	    id="spec_spec332"
	    title="CreditScoringService Edge Cases and Error Handling should handle maximum score bounds"
	  />
	
	  Name "CreditScoringService Edge Cases and Error Handling should handle minimum score bounds":
	  <li
	    class="jasmine-failed"
	    id="spec_spec331"
	    title="CreditScoringService Edge Cases and Error Handling should handle minimum score bounds"
	  />
	
	  Name "CreditScoringService Client Scoring History should return empty array for client with no scorings":
	  <li
	    class="jasmine-failed"
	    id="spec_spec325"
	    title="CreditScoringService Client Scoring History should return empty array for client with no scorings"
	  />
	
	  Name "CreditScoringService Client Scoring History should get client scoring history":
	  <li
	    class="jasmine-failed"
	    id="spec_spec324"
	    title="CreditScoringService Client Scoring History should get client scoring history"
	  />
	
	  Name "Integration Smoke should pass basic integration smoke test":
	  <li
	    class="jasmine-passed"
	    id="spec_spec11"
	    title="Integration Smoke should pass basic integration smoke test"
	  />
	
	  Name "FinancialCalculatorService Scenario Policy Validation should handle step-down without reduction percentage":
	  <li
	    class="jasmine-passed"
	    id="spec_spec422"
	    title="FinancialCalculatorService Scenario Policy Validation should handle step-down without reduction percentage"
	  />
	
	  Name "FinancialCalculatorService Scenario Policy Validation should validate unknown scenario type":
	  <li
	    class="jasmine-passed"
	    id="spec_spec421"
	    title="FinancialCalculatorService Scenario Policy Validation should validate unknown scenario type"
	  />
	
	  Name "FinancialCalculatorService Scenario Policy Validation should validate defer scenario within limits":
	  <li
	    class="jasmine-passed"
	    id="spec_spec417"
	    title="FinancialCalculatorService Scenario Policy Validation should validate defer scenario within limits"
	  />
	
	  Name "FinancialCalculatorService Scenario Policy Validation should validate step-down scenario within limits":
	  <li
	    class="jasmine-passed"
	    id="spec_spec419"
	    title="FinancialCalculatorService Scenario Policy Validation should validate step-down scenario within limits"
	  />
	
	  Name "FinancialCalculatorService Scenario Policy Validation should reject step-down scenario exceeding reduction limit":
	  <li
	    class="jasmine-passed"
	    id="spec_spec420"
	    title="FinancialCalculatorService Scenario Policy Validation should reject step-down scenario exceeding reduction limit"
	  />
	
	  Name "FinancialCalculatorService Scenario Policy Validation should reject defer scenario exceeding limits":
	  <li
	    class="jasmine-passed"
	    id="spec_spec418"
	    title="FinancialCalculatorService Scenario Policy Validation should reject defer scenario exceeding limits"
	  />
	
	  Name "FinancialCalculatorService Interest Capitalization should capitalize interest for deferral period":
	  <li
	    class="jasmine-passed"
	    id="spec_spec414"
	    title="FinancialCalculatorService Interest Capitalization should capitalize interest for deferral period"
	  />
	
	  Name "FinancialCalculatorService Interest Capitalization should handle zero deferral months":
	  <li
	    class="jasmine-passed"
	    id="spec_spec415"
	    title="FinancialCalculatorService Interest Capitalization should handle zero deferral months"
	  />
	
	  Name "FinancialCalculatorService Interest Capitalization should handle zero interest rate":
	  <li
	    class="jasmine-passed"
	    id="spec_spec416"
	    title="FinancialCalculatorService Interest Capitalization should handle zero interest rate"
	  />
	
	  Name "FinancialCalculatorService Currency Formatting should format positive amounts in Mexican Pesos":
	  <li
	    class="jasmine-passed"
	    id="spec_spec431"
	    title="FinancialCalculatorService Currency Formatting should format positive amounts in Mexican Pesos"
	  />
	
	  Name "FinancialCalculatorService Currency Formatting should format negative amounts":
	  <li
	    class="jasmine-passed"
	    id="spec_spec432"
	    title="FinancialCalculatorService Currency Formatting should format negative amounts"
	  />
	
	  Name "FinancialCalculatorService Currency Formatting should format zero amount":
	  <li
	    class="jasmine-passed"
	    id="spec_spec433"
	    title="FinancialCalculatorService Currency Formatting should format zero amount"
	  />
	
	  Name "FinancialCalculatorService Currency Formatting should format large amounts with proper separators":
	  <li
	    class="jasmine-passed"
	    id="spec_spec434"
	    title="FinancialCalculatorService Currency Formatting should format large amounts with proper separators"
	  />
	
	  Name "FinancialCalculatorService Currency Formatting should format small amounts":
	  <li
	    class="jasmine-passed"
	    id="spec_spec435"
	    title="FinancialCalculatorService Currency Formatting should format small amounts"
	  />
	
	  Name "FinancialCalculatorService TIR Calculation (Newton-Raphson) should bound rate to reasonable values":
	  <li
	    class="jasmine-passed"
	    id="spec_spec410"
	    title="FinancialCalculatorService TIR Calculation (Newton-Raphson) should bound rate to reasonable values"
	  />
	
	  Name "FinancialCalculatorService TIR Calculation (Newton-Raphson) should handle zero cash flows":
	  <li
	    class="jasmine-passed"
	    id="spec_spec407"
	    title="FinancialCalculatorService TIR Calculation (Newton-Raphson) should handle zero cash flows"
	  />
	
	  Name "FinancialCalculatorService TIR Calculation (Newton-Raphson) should calculate TIR for simple cash flows":
	  <li
	    class="jasmine-passed"
	    id="spec_spec405"
	    title="FinancialCalculatorService TIR Calculation (Newton-Raphson) should calculate TIR for simple cash flows"
	  />
	
	  Name "FinancialCalculatorService TIR Calculation (Newton-Raphson) should calculate TIR for loan scenario":
	  <li
	    class="jasmine-passed"
	    id="spec_spec406"
	    title="FinancialCalculatorService TIR Calculation (Newton-Raphson) should calculate TIR for loan scenario"
	  />
	
	  Name "FinancialCalculatorService TIR Calculation (Newton-Raphson) should handle single negative cash flow":
	  <li
	    class="jasmine-passed"
	    id="spec_spec408"
	    title="FinancialCalculatorService TIR Calculation (Newton-Raphson) should handle single negative cash flow"
	  />
	
	  Name "FinancialCalculatorService TIR Calculation (Newton-Raphson) should respect maximum iterations":
	  <li
	    class="jasmine-passed"
	    id="spec_spec409"
	    title="FinancialCalculatorService TIR Calculation (Newton-Raphson) should respect maximum iterations"
	  />
	
	  Name "FinancialCalculatorService Cash Flow Generation should generate cash flows with principal and payments":
	  <li
	    class="jasmine-passed"
	    id="spec_spec411"
	    title="FinancialCalculatorService Cash Flow Generation should generate cash flows with principal and payments"
	  />
	
	  Name "FinancialCalculatorService Cash Flow Generation should handle empty payments array":
	  <li
	    class="jasmine-passed"
	    id="spec_spec413"
	    title="FinancialCalculatorService Cash Flow Generation should handle empty payments array"
	  />
	
	  Name "FinancialCalculatorService Cash Flow Generation should handle fewer payments than term":
	  <li
	    class="jasmine-passed"
	    id="spec_spec412"
	    title="FinancialCalculatorService Cash Flow Generation should handle fewer payments than term"
	  />
	
	  Name "FinancialCalculatorService Service Initialization should be created":
	  <li
	    class="jasmine-passed"
	    id="spec_spec400"
	    title="FinancialCalculatorService Service Initialization should be created"
	  />
	
	  Name "FinancialCalculatorService Market-Specific TIR Rates should return correct TIR for Estado de México":
	  <li
	    class="jasmine-passed"
	    id="spec_spec402"
	    title="FinancialCalculatorService Market-Specific TIR Rates should return correct TIR for Estado de México"
	  />
	
	  Name "FinancialCalculatorService Market-Specific TIR Rates should return default TIR for unknown market":
	  <li
	    class="jasmine-passed"
	    id="spec_spec403"
	    title="FinancialCalculatorService Market-Specific TIR Rates should return default TIR for unknown market"
	  />
	
	  Name "FinancialCalculatorService Market-Specific TIR Rates should return correct TIR for Aguascalientes":
	  <li
	    class="jasmine-passed"
	    id="spec_spec401"
	    title="FinancialCalculatorService Market-Specific TIR Rates should return correct TIR for Aguascalientes"
	  />
	
	  Name "FinancialCalculatorService Market-Specific TIR Rates should return default TIR when market is undefined":
	  <li
	    class="jasmine-passed"
	    id="spec_spec404"
	    title="FinancialCalculatorService Market-Specific TIR Rates should return default TIR when market is undefined"
	  />
	
	  Name "FinancialCalculatorService Annuity Calculations should handle negative interest rate":
	  <li
	    class="jasmine-passed"
	    id="spec_spec426"
	    title="FinancialCalculatorService Annuity Calculations should handle negative interest rate"
	  />
	
	  Name "FinancialCalculatorService Annuity Calculations should handle zero term":
	  <li
	    class="jasmine-passed"
	    id="spec_spec425"
	    title="FinancialCalculatorService Annuity Calculations should handle zero term"
	  />
	
	  Name "FinancialCalculatorService Annuity Calculations should handle zero interest rate":
	  <li
	    class="jasmine-passed"
	    id="spec_spec424"
	    title="FinancialCalculatorService Annuity Calculations should handle zero interest rate"
	  />
	
	  Name "FinancialCalculatorService Annuity Calculations should calculate monthly payment for standard loan":
	  <li
	    class="jasmine-passed"
	    id="spec_spec423"
	    title="FinancialCalculatorService Annuity Calculations should calculate monthly payment for standard loan"
	  />
	
	  Name "FinancialCalculatorService Balance Calculations should handle negative interest rate in balance calculation":
	  <li
	    class="jasmine-passed"
	    id="spec_spec430"
	    title="FinancialCalculatorService Balance Calculations should handle negative interest rate in balance calculation"
	  />
	
	  Name "FinancialCalculatorService Balance Calculations should handle zero months paid":
	  <li
	    class="jasmine-passed"
	    id="spec_spec429"
	    title="FinancialCalculatorService Balance Calculations should handle zero months paid"
	  />
	
	  Name "FinancialCalculatorService Balance Calculations should handle zero interest rate balance":
	  <li
	    class="jasmine-passed"
	    id="spec_spec428"
	    title="FinancialCalculatorService Balance Calculations should handle zero interest rate balance"
	  />
	
	  Name "FinancialCalculatorService Balance Calculations should calculate remaining balance after payments":
	  <li
	    class="jasmine-passed"
	    id="spec_spec427"
	    title="FinancialCalculatorService Balance Calculations should calculate remaining balance after payments"
	  />
	
	  Name "FinancialCalculatorService Edge Cases and Error Handling should handle very long terms":
	  <li
	    class="jasmine-passed"
	    id="spec_spec438"
	    title="FinancialCalculatorService Edge Cases and Error Handling should handle very long terms"
	  />
	
	  Name "FinancialCalculatorService Edge Cases and Error Handling should handle TIR calculation convergence issues":
	  <li
	    class="jasmine-passed"
	    id="spec_spec439"
	    title="FinancialCalculatorService Edge Cases and Error Handling should handle TIR calculation convergence issues"
	  />
	
	  Name "FinancialCalculatorService Edge Cases and Error Handling should handle very large principal amounts":
	  <li
	    class="jasmine-passed"
	    id="spec_spec436"
	    title="FinancialCalculatorService Edge Cases and Error Handling should handle very large principal amounts"
	  />
	
	  Name "FinancialCalculatorService Edge Cases and Error Handling should handle very small interest rates":
	  <li
	    class="jasmine-passed"
	    id="spec_spec437"
	    title="FinancialCalculatorService Edge Cases and Error Handling should handle very small interest rates"
	  />
	
	  Name "OCRService Text Extraction from Image File should handle extraction errors":
	  <li
	    class="jasmine-passed"
	    id="spec_spec629"
	    title="OCRService Text Extraction from Image File should handle extraction errors"
	  />
	
	  Name "OCRService Text Extraction from Image File should extract structured data when document type is provided":
	  <li
	    class="jasmine-failed"
	    id="spec_spec628"
	    title="OCRService Text Extraction from Image File should extract structured data when document type is provided"
	  />
	
	  Name "OCRService Text Extraction from Image File should extract text from image file":
	  <li
	    class="jasmine-failed"
	    id="spec_spec627"
	    title="OCRService Text Extraction from Image File should extract text from image file"
	  />
	
	  Name "OCRService Text Extraction from Image File should update progress during extraction":
	  <li
	    class="jasmine-failed"
	    id="spec_spec630"
	    title="OCRService Text Extraction from Image File should update progress during extraction"
	  />
	
	  Name "OCRService Text Extraction from Base64 should extract structured data from base64 with document type":
	  <li
	    class="jasmine-failed"
	    id="spec_spec632"
	    title="OCRService Text Extraction from Base64 should extract structured data from base64 with document type"
	  />
	
	  Name "OCRService Text Extraction from Base64 should handle base64 extraction errors":
	  <li
	    class="jasmine-passed"
	    id="spec_spec633"
	    title="OCRService Text Extraction from Base64 should handle base64 extraction errors"
	  />
	
	  Name "OCRService Text Extraction from Base64 should extract text from base64 image":
	  <li
	    class="jasmine-failed"
	    id="spec_spec631"
	    title="OCRService Text Extraction from Base64 should extract text from base64 image"
	  />
	
	  Name "OCRService Service Initialization should provide progress observable":
	  <li
	    class="jasmine-passed"
	    id="spec_spec622"
	    title="OCRService Service Initialization should provide progress observable"
	  />
	
	  Name "OCRService Service Initialization should be created":
	  <li
	    class="jasmine-passed"
	    id="spec_spec621"
	    title="OCRService Service Initialization should be created"
	  />
	
	  Name "OCRService Worker Initialization should update progress during initialization":
	  <li
	    class="jasmine-passed"
	    id="spec_spec626"
	    title="OCRService Worker Initialization should update progress during initialization"
	  />
	
	  Name "OCRService Worker Initialization should handle initialization errors":
	  <li
	    class="jasmine-passed"
	    id="spec_spec625"
	    title="OCRService Worker Initialization should handle initialization errors"
	  />
	
	  Name "OCRService Worker Initialization should initialize Tesseract worker with Spanish and English":
	  <li
	    class="jasmine-failed"
	    id="spec_spec623"
	    title="OCRService Worker Initialization should initialize Tesseract worker with Spanish and English"
	  />
	
	  Name "OCRService Worker Initialization should not reinitialize if already initialized":
	  <li
	    class="jasmine-failed"
	    id="spec_spec624"
	    title="OCRService Worker Initialization should not reinitialize if already initialized"
	  />
	
	  Name "OCRService INE Data Extraction should extract CURP from INE text":
	  <li
	    class="jasmine-failed"
	    id="spec_spec634"
	    title="OCRService INE Data Extraction should extract CURP from INE text"
	  />
	
	  Name "OCRService INE Data Extraction should extract birth date from INE text":
	  <li
	    class="jasmine-failed"
	    id="spec_spec636"
	    title="OCRService INE Data Extraction should extract birth date from INE text"
	  />
	
	  Name "OCRService INE Data Extraction should extract name from INE text":
	  <li
	    class="jasmine-failed"
	    id="spec_spec635"
	    title="OCRService INE Data Extraction should extract name from INE text"
	  />
	
	  Name "OCRService Tarjeta de Circulación Data Extraction should extract model and year":
	  <li
	    class="jasmine-failed"
	    id="spec_spec639"
	    title="OCRService Tarjeta de Circulación Data Extraction should extract model and year"
	  />
	
	  Name "OCRService Tarjeta de Circulación Data Extraction should extract vehicle brand":
	  <li
	    class="jasmine-failed"
	    id="spec_spec638"
	    title="OCRService Tarjeta de Circulación Data Extraction should extract vehicle brand"
	  />
	
	  Name "OCRService Tarjeta de Circulación Data Extraction should extract license plates":
	  <li
	    class="jasmine-failed"
	    id="spec_spec637"
	    title="OCRService Tarjeta de Circulación Data Extraction should extract license plates"
	  />
	
	  Name "OCRService Worker Management should reinitialize worker after termination":
	  <li
	    class="jasmine-failed"
	    id="spec_spec652"
	    title="OCRService Worker Management should reinitialize worker after termination"
	  />
	
	  Name "OCRService Worker Management should handle termination when worker is null":
	  <li
	    class="jasmine-passed"
	    id="spec_spec651"
	    title="OCRService Worker Management should handle termination when worker is null"
	  />
	
	  Name "OCRService Worker Management should terminate worker properly":
	  <li
	    class="jasmine-failed"
	    id="spec_spec650"
	    title="OCRService Worker Management should terminate worker properly"
	  />
	
	  Name "OCRService Progress Messaging should handle unknown status messages":
	  <li
	    class="jasmine-empty"
	    id="spec_spec654"
	    title="OCRService Progress Messaging should handle unknown status messages"
	  />
	
	  Name "OCRService Progress Messaging should translate status messages to Spanish":
	  <li
	    class="jasmine-failed"
	    id="spec_spec653"
	    title="OCRService Progress Messaging should translate status messages to Spanish"
	  />
	
	  Name "OCRService Edge Cases and Error Handling should handle very low confidence results":
	  <li
	    class="jasmine-failed"
	    id="spec_spec659"
	    title="OCRService Edge Cases and Error Handling should handle very low confidence results"
	  />
	
	  Name "OCRService Edge Cases and Error Handling should handle extraction without document type":
	  <li
	    class="jasmine-failed"
	    id="spec_spec658"
	    title="OCRService Edge Cases and Error Handling should handle extraction without document type"
	  />
	
	  Name "OCRService Edge Cases and Error Handling should handle documents with mixed case text":
	  <li
	    class="jasmine-failed"
	    id="spec_spec657"
	    title="OCRService Edge Cases and Error Handling should handle documents with mixed case text"
	  />
	
	  Name "OCRService Edge Cases and Error Handling should handle malformed CURP patterns":
	  <li
	    class="jasmine-failed"
	    id="spec_spec656"
	    title="OCRService Edge Cases and Error Handling should handle malformed CURP patterns"
	  />
	
	  Name "OCRService Edge Cases and Error Handling should handle empty text extraction":
	  <li
	    class="jasmine-failed"
	    id="spec_spec655"
	    title="OCRService Edge Cases and Error Handling should handle empty text extraction"
	  />
	
	  Name "OCRService Comprobante de Domicilio Data Extraction should extract date from comprobante":
	  <li
	    class="jasmine-failed"
	    id="spec_spec642"
	    title="OCRService Comprobante de Domicilio Data Extraction should extract date from comprobante"
	  />
	
	  Name "OCRService Comprobante de Domicilio Data Extraction should identify utility provider":
	  <li
	    class="jasmine-failed"
	    id="spec_spec641"
	    title="OCRService Comprobante de Domicilio Data Extraction should identify utility provider"
	  />
	
	  Name "OCRService Comprobante de Domicilio Data Extraction should extract address information":
	  <li
	    class="jasmine-failed"
	    id="spec_spec640"
	    title="OCRService Comprobante de Domicilio Data Extraction should extract address information"
	  />
	
	  Name "OCRService RFC Data Extraction should extract taxpayer name":
	  <li
	    class="jasmine-failed"
	    id="spec_spec644"
	    title="OCRService RFC Data Extraction should extract taxpayer name"
	  />
	
	  Name "OCRService RFC Data Extraction should extract RFC code":
	  <li
	    class="jasmine-failed"
	    id="spec_spec643"
	    title="OCRService RFC Data Extraction should extract RFC code"
	  />
	
	  Name "OCRService Document Type Validation should validate RFC documents":
	  <li
	    class="jasmine-passed"
	    id="spec_spec649"
	    title="OCRService Document Type Validation should validate RFC documents"
	  />
	
	  Name "OCRService Document Type Validation should validate comprobante de domicilio":
	  <li
	    class="jasmine-passed"
	    id="spec_spec648"
	    title="OCRService Document Type Validation should validate comprobante de domicilio"
	  />
	
	  Name "OCRService Document Type Validation should validate INE document correctly":
	  <li
	    class="jasmine-passed"
	    id="spec_spec645"
	    title="OCRService Document Type Validation should validate INE document correctly"
	  />
	
	  Name "OCRService Document Type Validation should handle unknown document types":
	  <li
	    class="jasmine-failed"
	    id="spec_spec647"
	    title="OCRService Document Type Validation should handle unknown document types"
	  />
	
	  Name "OCRService Document Type Validation should detect mismatched document types":
	  <li
	    class="jasmine-passed"
	    id="spec_spec646"
	    title="OCRService Document Type Validation should detect mismatched document types"
	  />
	
	  Name "ConfigurationService Scoring Configuration should get scoring configuration":
	  <li
	    class="jasmine-passed"
	    id="spec_spec208"
	    title="ConfigurationService Scoring Configuration should get scoring configuration"
	  />
	
	  Name "ConfigurationService Scoring Configuration should have business flow scoring requirements":
	  <li
	    class="jasmine-passed"
	    id="spec_spec209"
	    title="ConfigurationService Scoring Configuration should have business flow scoring requirements"
	  />
	
	  Name "ConfigurationService Scoring Configuration should have scoring factors configuration":
	  <li
	    class="jasmine-passed"
	    id="spec_spec211"
	    title="ConfigurationService Scoring Configuration should have scoring factors configuration"
	  />
	
	  Name "ConfigurationService Scoring Configuration should have correct scoring thresholds":
	  <li
	    class="jasmine-passed"
	    id="spec_spec210"
	    title="ConfigurationService Scoring Configuration should have correct scoring thresholds"
	  />
	
	  Name "ConfigurationService AVI Configuration should have market specific questions":
	  <li
	    class="jasmine-passed"
	    id="spec_spec218"
	    title="ConfigurationService AVI Configuration should have market specific questions"
	  />
	
	  Name "ConfigurationService AVI Configuration should have random questions configuration":
	  <li
	    class="jasmine-passed"
	    id="spec_spec219"
	    title="ConfigurationService AVI Configuration should have random questions configuration"
	  />
	
	  Name "ConfigurationService AVI Configuration should get AVI configuration":
	  <li
	    class="jasmine-passed"
	    id="spec_spec215"
	    title="ConfigurationService AVI Configuration should get AVI configuration"
	  />
	
	  Name "ConfigurationService AVI Configuration should have core AVI questions":
	  <li
	    class="jasmine-passed"
	    id="spec_spec216"
	    title="ConfigurationService AVI Configuration should have core AVI questions"
	  />
	
	  Name "ConfigurationService AVI Configuration should have validation configuration":
	  <li
	    class="jasmine-passed"
	    id="spec_spec220"
	    title="ConfigurationService AVI Configuration should have validation configuration"
	  />
	
	  Name "ConfigurationService AVI Configuration should have business flow specific questions":
	  <li
	    class="jasmine-passed"
	    id="spec_spec217"
	    title="ConfigurationService AVI Configuration should have business flow specific questions"
	  />
	
	  Name "ConfigurationService Market Configuration should have correct Estado de México market configuration":
	  <li
	    class="jasmine-passed"
	    id="spec_spec206"
	    title="ConfigurationService Market Configuration should have correct Estado de México market configuration"
	  />
	
	  Name "ConfigurationService Market Configuration should include EdoMex municipalities":
	  <li
	    class="jasmine-passed"
	    id="spec_spec207"
	    title="ConfigurationService Market Configuration should include EdoMex municipalities"
	  />
	
	  Name "ConfigurationService Market Configuration should get market configuration":
	  <li
	    class="jasmine-passed"
	    id="spec_spec204"
	    title="ConfigurationService Market Configuration should get market configuration"
	  />
	
	  Name "ConfigurationService Market Configuration should have correct Aguascalientes market configuration":
	  <li
	    class="jasmine-passed"
	    id="spec_spec205"
	    title="ConfigurationService Market Configuration should have correct Aguascalientes market configuration"
	  />
	
	  Name "ConfigurationService Configuration Loading and Updates should preserve existing configuration when updating":
	  <li
	    class="jasmine-passed"
	    id="spec_spec203"
	    title="ConfigurationService Configuration Loading and Updates should preserve existing configuration when updating"
	  />
	
	  Name "ConfigurationService Configuration Loading and Updates should refresh configuration from API":
	  <li
	    class="jasmine-passed"
	    id="spec_spec201"
	    title="ConfigurationService Configuration Loading and Updates should refresh configuration from API"
	  />
	
	  Name "ConfigurationService Configuration Loading and Updates should update configuration successfully":
	  <li
	    class="jasmine-passed"
	    id="spec_spec202"
	    title="ConfigurationService Configuration Loading and Updates should update configuration successfully"
	  />
	
	  Name "ConfigurationService Configuration Loading and Updates should get current configuration":
	  <li
	    class="jasmine-passed"
	    id="spec_spec200"
	    title="ConfigurationService Configuration Loading and Updates should get current configuration"
	  />
	
	  Name "ConfigurationService Service Initialization should be created":
	  <li
	    class="jasmine-passed"
	    id="spec_spec197"
	    title="ConfigurationService Service Initialization should be created"
	  />
	
	  Name "ConfigurationService Service Initialization should load default configuration on initialization":
	  <li
	    class="jasmine-passed"
	    id="spec_spec199"
	    title="ConfigurationService Service Initialization should load default configuration on initialization"
	  />
	
	  Name "ConfigurationService Service Initialization should provide configuration observable":
	  <li
	    class="jasmine-passed"
	    id="spec_spec198"
	    title="ConfigurationService Service Initialization should provide configuration observable"
	  />
	
	  Name "ConfigurationService Error Handling and Edge Cases should handle partial configuration updates":
	  <li
	    class="jasmine-passed"
	    id="spec_spec252"
	    title="ConfigurationService Error Handling and Edge Cases should handle partial configuration updates"
	  />
	
	  Name "ConfigurationService Error Handling and Edge Cases should handle empty configuration updates":
	  <li
	    class="jasmine-passed"
	    id="spec_spec253"
	    title="ConfigurationService Error Handling and Edge Cases should handle empty configuration updates"
	  />
	
	  Name "ConfigurationService Error Handling and Edge Cases should provide configuration even when API fails":
	  <li
	    class="jasmine-passed"
	    id="spec_spec254"
	    title="ConfigurationService Error Handling and Edge Cases should provide configuration even when API fails"
	  />
	
	  Name "ConfigurationService Error Handling and Edge Cases should handle nested configuration access":
	  <li
	    class="jasmine-passed"
	    id="spec_spec255"
	    title="ConfigurationService Error Handling and Edge Cases should handle nested configuration access"
	  />
	
	  Name "ConfigurationService UX Optimization Configuration should have recommendations configuration":
	  <li
	    class="jasmine-passed"
	    id="spec_spec249"
	    title="ConfigurationService UX Optimization Configuration should have recommendations configuration"
	  />
	
	  Name "ConfigurationService UX Optimization Configuration should have A/B testing configuration":
	  <li
	    class="jasmine-passed"
	    id="spec_spec248"
	    title="ConfigurationService UX Optimization Configuration should have A/B testing configuration"
	  />
	
	  Name "ConfigurationService UX Optimization Configuration should get UX optimization configuration":
	  <li
	    class="jasmine-passed"
	    id="spec_spec247"
	    title="ConfigurationService UX Optimization Configuration should get UX optimization configuration"
	  />
	
	  Name "ConfigurationService Configuration Versioning should track configuration version":
	  <li
	    class="jasmine-passed"
	    id="spec_spec250"
	    title="ConfigurationService Configuration Versioning should track configuration version"
	  />
	
	  Name "ConfigurationService Configuration Versioning should update lastUpdated when configuration changes":
	  <li
	    class="jasmine-passed"
	    id="spec_spec251"
	    title="ConfigurationService Configuration Versioning should update lastUpdated when configuration changes"
	  />
	
	  Name "ConfigurationService Analytics Configuration should have performance metrics configuration":
	  <li
	    class="jasmine-passed"
	    id="spec_spec246"
	    title="ConfigurationService Analytics Configuration should have performance metrics configuration"
	  />
	
	  Name "ConfigurationService Analytics Configuration should have funnel analysis configuration":
	  <li
	    class="jasmine-passed"
	    id="spec_spec245"
	    title="ConfigurationService Analytics Configuration should have funnel analysis configuration"
	  />
	
	  Name "ConfigurationService Analytics Configuration should have heatmap configuration":
	  <li
	    class="jasmine-passed"
	    id="spec_spec244"
	    title="ConfigurationService Analytics Configuration should have heatmap configuration"
	  />
	
	  Name "ConfigurationService Analytics Configuration should get analytics configuration":
	  <li
	    class="jasmine-passed"
	    id="spec_spec243"
	    title="ConfigurationService Analytics Configuration should get analytics configuration"
	  />
	
	  Name "ConfigurationService Smart UX Configuration should have session recovery configuration":
	  <li
	    class="jasmine-passed"
	    id="spec_spec242"
	    title="ConfigurationService Smart UX Configuration should have session recovery configuration"
	  />
	
	  Name "ConfigurationService Smart UX Configuration should have auto-complete configuration":
	  <li
	    class="jasmine-passed"
	    id="spec_spec241"
	    title="ConfigurationService Smart UX Configuration should have auto-complete configuration"
	  />
	
	  Name "ConfigurationService Smart UX Configuration should get smart UX configuration":
	  <li
	    class="jasmine-passed"
	    id="spec_spec240"
	    title="ConfigurationService Smart UX Configuration should get smart UX configuration"
	  />
	
	  Name "ConfigurationService UI Configuration should have navigation configuration":
	  <li
	    class="jasmine-passed"
	    id="spec_spec238"
	    title="ConfigurationService UI Configuration should have navigation configuration"
	  />
	
	  Name "ConfigurationService UI Configuration should have theme configuration":
	  <li
	    class="jasmine-passed"
	    id="spec_spec237"
	    title="ConfigurationService UI Configuration should have theme configuration"
	  />
	
	  Name "ConfigurationService UI Configuration should get simple UI configuration":
	  <li
	    class="jasmine-passed"
	    id="spec_spec236"
	    title="ConfigurationService UI Configuration should get simple UI configuration"
	  />
	
	  Name "ConfigurationService UI Configuration should have language configuration":
	  <li
	    class="jasmine-passed"
	    id="spec_spec239"
	    title="ConfigurationService UI Configuration should have language configuration"
	  />
	
	  Name "ConfigurationService Workflow Configuration should have automation configurations":
	  <li
	    class="jasmine-passed"
	    id="spec_spec232"
	    title="ConfigurationService Workflow Configuration should have automation configurations"
	  />
	
	  Name "ConfigurationService Workflow Configuration should get workflow configuration":
	  <li
	    class="jasmine-passed"
	    id="spec_spec231"
	    title="ConfigurationService Workflow Configuration should get workflow configuration"
	  />
	
	  Name "ConfigurationService Workflow Configuration should have escalation rules":
	  <li
	    class="jasmine-passed"
	    id="spec_spec234"
	    title="ConfigurationService Workflow Configuration should have escalation rules"
	  />
	
	  Name "ConfigurationService Workflow Configuration should have approval chains":
	  <li
	    class="jasmine-passed"
	    id="spec_spec233"
	    title="ConfigurationService Workflow Configuration should have approval chains"
	  />
	
	  Name "ConfigurationService Workflow Configuration should have SLA targets":
	  <li
	    class="jasmine-passed"
	    id="spec_spec235"
	    title="ConfigurationService Workflow Configuration should have SLA targets"
	  />
	
	  Name "ConfigurationService should cache namespace result (shareReplay) for subsequent subscribers":
	  <li
	    class="jasmine-passed"
	    id="spec_spec195"
	    title="ConfigurationService should cache namespace result (shareReplay) for subsequent subscribers"
	  />
	
	  Name "ConfigurationService should load namespace from assets when remote disabled":
	  <li
	    class="jasmine-passed"
	    id="spec_spec194"
	    title="ConfigurationService should load namespace from assets when remote disabled"
	  />
	
	  Name "ConfigurationService Notification Configuration should have email templates":
	  <li
	    class="jasmine-passed"
	    id="spec_spec227"
	    title="ConfigurationService Notification Configuration should have email templates"
	  />
	
	  Name "ConfigurationService Notification Configuration should have channel configurations":
	  <li
	    class="jasmine-passed"
	    id="spec_spec226"
	    title="ConfigurationService Notification Configuration should have channel configurations"
	  />
	
	  Name "ConfigurationService Notification Configuration should have SMS templates with length limits":
	  <li
	    class="jasmine-passed"
	    id="spec_spec228"
	    title="ConfigurationService Notification Configuration should have SMS templates with length limits"
	  />
	
	  Name "ConfigurationService Notification Configuration should have notification triggers":
	  <li
	    class="jasmine-passed"
	    id="spec_spec229"
	    title="ConfigurationService Notification Configuration should have notification triggers"
	  />
	
	  Name "ConfigurationService Notification Configuration should get notification configuration":
	  <li
	    class="jasmine-passed"
	    id="spec_spec225"
	    title="ConfigurationService Notification Configuration should get notification configuration"
	  />
	
	  Name "ConfigurationService Notification Configuration should have scheduled notifications":
	  <li
	    class="jasmine-passed"
	    id="spec_spec230"
	    title="ConfigurationService Notification Configuration should have scheduled notifications"
	  />
	
	  Name "ConfigurationService Business Flow Configuration should have correct VentaDirecta configuration":
	  <li
	    class="jasmine-passed"
	    id="spec_spec213"
	    title="ConfigurationService Business Flow Configuration should have correct VentaDirecta configuration"
	  />
	
	  Name "ConfigurationService Business Flow Configuration should have correct CreditoColectivo configuration":
	  <li
	    class="jasmine-passed"
	    id="spec_spec214"
	    title="ConfigurationService Business Flow Configuration should have correct CreditoColectivo configuration"
	  />
	
	  Name "ConfigurationService Business Flow Configuration should get business flow configuration":
	  <li
	    class="jasmine-passed"
	    id="spec_spec212"
	    title="ConfigurationService Business Flow Configuration should get business flow configuration"
	  />
	
	  Name "ConfigurationService updateConfiguration should merge and emit new configuration":
	  <li
	    class="jasmine-passed"
	    id="spec_spec196"
	    title="ConfigurationService updateConfiguration should merge and emit new configuration"
	  />
	
	  Name "ConfigurationService Questionnaire Configuration should get questionnaire configuration":
	  <li
	    class="jasmine-passed"
	    id="spec_spec221"
	    title="ConfigurationService Questionnaire Configuration should get questionnaire configuration"
	  />
	
	  Name "ConfigurationService Questionnaire Configuration should have completion requirements":
	  <li
	    class="jasmine-passed"
	    id="spec_spec223"
	    title="ConfigurationService Questionnaire Configuration should have completion requirements"
	  />
	
	  Name "ConfigurationService Questionnaire Configuration should have standard questionnaire sections":
	  <li
	    class="jasmine-passed"
	    id="spec_spec222"
	    title="ConfigurationService Questionnaire Configuration should have standard questionnaire sections"
	  />
	
	  Name "ConfigurationService Questionnaire Configuration should have dynamic questionnaire configuration":
	  <li
	    class="jasmine-passed"
	    id="spec_spec224"
	    title="ConfigurationService Questionnaire Configuration should have dynamic questionnaire configuration"
	  />
	
	  Name "ClienteFormComponent should handle different markets correctly":
	  <li
	    class="jasmine-passed"
	    id="spec_spec931"
	    title="ClienteFormComponent should handle different markets correctly"
	  />
	
	  Name "ClienteFormComponent should validate email format":
	  <li
	    class="jasmine-passed"
	    id="spec_spec920"
	    title="ClienteFormComponent should validate email format"
	  />
	
	  Name "ClienteFormComponent should handle different business flows correctly":
	  <li
	    class="jasmine-passed"
	    id="spec_spec930"
	    title="ClienteFormComponent should handle different business flows correctly"
	  />
	
	  Name "ClienteFormComponent should validate phone format":
	  <li
	    class="jasmine-passed"
	    id="spec_spec921"
	    title="ClienteFormComponent should validate phone format"
	  />
	
	  Name "ClienteFormComponent should clean form when switching between markets":
	  <li
	    class="jasmine-passed"
	    id="spec_spec932"
	    title="ClienteFormComponent should clean form when switching between markets"
	  />
	
	  Name "ClienteFormComponent should load existing client data in edit mode":
	  <li
	    class="jasmine-passed"
	    id="spec_spec924"
	    title="ClienteFormComponent should load existing client data in edit mode"
	  />
	
	  Name "ClienteFormComponent should update existing client with valid form data":
	  <li
	    class="jasmine-failed"
	    id="spec_spec925"
	    title="ClienteFormComponent should update existing client with valid form data"
	  />
	
	  Name "ClienteFormComponent should validate RFC format if provided":
	  <li
	    class="jasmine-passed"
	    id="spec_spec922"
	    title="ClienteFormComponent should validate RFC format if provided"
	  />
	
	  Name "ClienteFormComponent should create new client with valid form data":
	  <li
	    class="jasmine-failed"
	    id="spec_spec923"
	    title="ClienteFormComponent should create new client with valid form data"
	  />
	
	  Name "ClienteFormComponent should handle API error during client creation":
	  <li
	    class="jasmine-passed"
	    id="spec_spec926"
	    title="ClienteFormComponent should handle API error during client creation"
	  />
	
	  Name "ClienteFormComponent should navigate back when goBack is called":
	  <li
	    class="jasmine-passed"
	    id="spec_spec928"
	    title="ClienteFormComponent should navigate back when goBack is called"
	  />
	
	  Name "ClienteFormComponent should prevent form submission when invalid":
	  <li
	    class="jasmine-passed"
	    id="spec_spec927"
	    title="ClienteFormComponent should prevent form submission when invalid"
	  />
	
	  Name "ClienteFormComponent should set loading state during form submission":
	  <li
	    class="jasmine-passed"
	    id="spec_spec929"
	    title="ClienteFormComponent should set loading state during form submission"
	  />
	
	  Name "ClienteFormComponent should create":
	  <li
	    class="jasmine-passed"
	    id="spec_spec917"
	    title="ClienteFormComponent should create"
	  />
	
	  Name "ClienteFormComponent should initialize form with default values for new client":
	  <li
	    class="jasmine-failed"
	    id="spec_spec918"
	    title="ClienteFormComponent should initialize form with default values for new client"
	  />
	
	  Name "ClienteFormComponent should validate required fields":
	  <li
	    class="jasmine-passed"
	    id="spec_spec919"
	    title="ClienteFormComponent should validate required fields"
	  />
	
	  Name "AppComponent should create the app":
	  <li
	    class="jasmine-passed"
	    id="spec_spec0"
	    title="AppComponent should create the app"
	  />
	
	  Name "AppComponent should have the 'conductores-pwa' title":
	  <li
	    class="jasmine-passed"
	    id="spec_spec1"
	    title="AppComponent should have the 'conductores-pwa' title"
	  />
	
	  Name "AppComponent should render title":
	  <li
	    class="jasmine-passed"
	    id="spec_spec2"
	    title="AppComponent should render title"
	  />
	
	  Name "BusinessRulesService Business Flow Change Validation should allow flow change when no documents are approved":
	  <li
	    class="jasmine-passed"
	    id="spec_spec146"
	    title="BusinessRulesService Business Flow Change Validation should allow flow change when no documents are approved"
	  />
	
	  Name "BusinessRulesService Business Flow Change Validation should not allow flow change when documents are approved":
	  <li
	    class="jasmine-passed"
	    id="spec_spec147"
	    title="BusinessRulesService Business Flow Change Validation should not allow flow change when documents are approved"
	  />
	
	  Name "BusinessRulesService Business Flow Change Validation should not allow collective credit in Aguascalientes":
	  <li
	    class="jasmine-passed"
	    id="spec_spec148"
	    title="BusinessRulesService Business Flow Change Validation should not allow collective credit in Aguascalientes"
	  />
	
	  Name "BusinessRulesService Business Flow Change Validation should require ecosystem for EdoMex collective credit":
	  <li
	    class="jasmine-passed"
	    id="spec_spec149"
	    title="BusinessRulesService Business Flow Change Validation should require ecosystem for EdoMex collective credit"
	  />
	
	  Name "BusinessRulesService Market Requirements should include required documents for each market":
	  <li
	    class="jasmine-passed"
	    id="spec_spec145"
	    title="BusinessRulesService Market Requirements should include required documents for each market"
	  />
	
	  Name "BusinessRulesService Market Requirements should get Aguascalientes requirements":
	  <li
	    class="jasmine-passed"
	    id="spec_spec143"
	    title="BusinessRulesService Market Requirements should get Aguascalientes requirements"
	  />
	
	  Name "BusinessRulesService Market Requirements should get Estado de México requirements":
	  <li
	    class="jasmine-passed"
	    id="spec_spec144"
	    title="BusinessRulesService Market Requirements should get Estado de México requirements"
	  />
	
	  Name "BusinessRulesService Market Requirements Special Rules should include EdoMex specific rules about ecosystem":
	  <li
	    class="jasmine-passed"
	    id="spec_spec162"
	    title="BusinessRulesService Market Requirements Special Rules should include EdoMex specific rules about ecosystem"
	  />
	
	  Name "BusinessRulesService Market Requirements Special Rules should include AGS specific rules about credit types":
	  <li
	    class="jasmine-passed"
	    id="spec_spec161"
	    title="BusinessRulesService Market Requirements Special Rules should include AGS specific rules about credit types"
	  />
	
	  Name "BusinessRulesService Ecosystem Validation Edge Cases should properly identify required vs optional documents":
	  <li
	    class="jasmine-failed"
	    id="spec_spec164"
	    title="BusinessRulesService Ecosystem Validation Edge Cases should properly identify required vs optional documents"
	  />
	
	  Name "BusinessRulesService Ecosystem Validation Edge Cases should handle ecosystem validation with partial documents":
	  <li
	    class="jasmine-passed"
	    id="spec_spec163"
	    title="BusinessRulesService Ecosystem Validation Edge Cases should handle ecosystem validation with partial documents"
	  />
	
	  Name "BusinessRulesService Age Calculation should calculate age correctly":
	  <li
	    class="jasmine-passed"
	    id="spec_spec153"
	    title="BusinessRulesService Age Calculation should calculate age correctly"
	  />
	
	  Name "BusinessRulesService Age Calculation should handle birthday not yet reached this year":
	  <li
	    class="jasmine-passed"
	    id="spec_spec154"
	    title="BusinessRulesService Age Calculation should handle birthday not yet reached this year"
	  />
	
	  Name "BusinessRulesService Credit History Validation should warn about low credit score":
	  <li
	    class="jasmine-passed"
	    id="spec_spec151"
	    title="BusinessRulesService Credit History Validation should warn about low credit score"
	  />
	
	  Name "BusinessRulesService Credit History Validation should validate credit history with simulated score":
	  <li
	    class="jasmine-passed"
	    id="spec_spec150"
	    title="BusinessRulesService Credit History Validation should validate credit history with simulated score"
	  />
	
	  Name "BusinessRulesService Credit History Validation should recommend special conditions for very low score":
	  <li
	    class="jasmine-passed"
	    id="spec_spec152"
	    title="BusinessRulesService Credit History Validation should recommend special conditions for very low score"
	  />
	
	  Name "BusinessRulesService Service Initialization should have EdoMex specific rules":
	  <li
	    class="jasmine-passed"
	    id="spec_spec119"
	    title="BusinessRulesService Service Initialization should have EdoMex specific rules"
	  />
	
	  Name "BusinessRulesService Service Initialization should have universal rules":
	  <li
	    class="jasmine-passed"
	    id="spec_spec120"
	    title="BusinessRulesService Service Initialization should have universal rules"
	  />
	
	  Name "BusinessRulesService Service Initialization should have AGS specific rules":
	  <li
	    class="jasmine-passed"
	    id="spec_spec118"
	    title="BusinessRulesService Service Initialization should have AGS specific rules"
	  />
	
	  Name "BusinessRulesService Service Initialization should initialize validation rules":
	  <li
	    class="jasmine-passed"
	    id="spec_spec117"
	    title="BusinessRulesService Service Initialization should initialize validation rules"
	  />
	
	  Name "BusinessRulesService Service Initialization should be created":
	  <li
	    class="jasmine-passed"
	    id="spec_spec116"
	    title="BusinessRulesService Service Initialization should be created"
	  />
	
	  Name "BusinessRulesService Collective Group Validation Details should validate down payment minimum for collective credit":
	  <li
	    class="jasmine-passed"
	    id="spec_spec160"
	    title="BusinessRulesService Collective Group Validation Details should validate down payment minimum for collective credit"
	  />
	
	  Name "BusinessRulesService Collective Group Validation Details should validate down payment range for collective credit":
	  <li
	    class="jasmine-passed"
	    id="spec_spec159"
	    title="BusinessRulesService Collective Group Validation Details should validate down payment range for collective credit"
	  />
	
	  Name "BusinessRulesService Collective Group Validation Details should validate minimum group size":
	  <li
	    class="jasmine-passed"
	    id="spec_spec158"
	    title="BusinessRulesService Collective Group Validation Details should validate minimum group size"
	  />
	
	  Name "BusinessRulesService Client Validation should filter rules by market correctly":
	  <li
	    class="jasmine-passed"
	    id="spec_spec127"
	    title="BusinessRulesService Client Validation should filter rules by market correctly"
	  />
	
	  Name "BusinessRulesService Client Validation should fail validation for client without income":
	  <li
	    class="jasmine-passed"
	    id="spec_spec126"
	    title="BusinessRulesService Client Validation should fail validation for client without income"
	  />
	
	  Name "BusinessRulesService Client Validation should validate EdoMex client successfully":
	  <li
	    class="jasmine-passed"
	    id="spec_spec122"
	    title="BusinessRulesService Client Validation should validate EdoMex client successfully"
	  />
	
	  Name "BusinessRulesService Client Validation should validate AGS client successfully":
	  <li
	    class="jasmine-passed"
	    id="spec_spec121"
	    title="BusinessRulesService Client Validation should validate AGS client successfully"
	  />
	
	  Name "BusinessRulesService Client Validation should fail validation for client over age limit":
	  <li
	    class="jasmine-passed"
	    id="spec_spec125"
	    title="BusinessRulesService Client Validation should fail validation for client over age limit"
	  />
	
	  Name "BusinessRulesService Client Validation should fail validation for underage client":
	  <li
	    class="jasmine-passed"
	    id="spec_spec124"
	    title="BusinessRulesService Client Validation should fail validation for underage client"
	  />
	
	  Name "BusinessRulesService Client Validation should filter rules by business flow correctly":
	  <li
	    class="jasmine-passed"
	    id="spec_spec128"
	    title="BusinessRulesService Client Validation should filter rules by business flow correctly"
	  />
	
	  Name "BusinessRulesService Client Validation should fail validation for client with missing documents":
	  <li
	    class="jasmine-passed"
	    id="spec_spec123"
	    title="BusinessRulesService Client Validation should fail validation for client with missing documents"
	  />
	
	  Name "BusinessRulesService Helper Methods should consolidate validation results correctly":
	  <li
	    class="jasmine-passed"
	    id="spec_spec155"
	    title="BusinessRulesService Helper Methods should consolidate validation results correctly"
	  />
	
	  Name "BusinessRulesService Helper Methods should get ecosystem required documents":
	  <li
	    class="jasmine-passed"
	    id="spec_spec156"
	    title="BusinessRulesService Helper Methods should get ecosystem required documents"
	  />
	
	  Name "BusinessRulesService Helper Methods should generate ecosystem validation notes":
	  <li
	    class="jasmine-passed"
	    id="spec_spec157"
	    title="BusinessRulesService Helper Methods should generate ecosystem validation notes"
	  />
	
	  Name "BusinessRulesService AGS Specific Validations should validate AGS term requirements (12 or 24 months)":
	  <li
	    class="jasmine-passed"
	    id="spec_spec130"
	    title="BusinessRulesService AGS Specific Validations should validate AGS term requirements (12 or 24 months)"
	  />
	
	  Name "BusinessRulesService AGS Specific Validations should validate AGS required documents":
	  <li
	    class="jasmine-passed"
	    id="spec_spec132"
	    title="BusinessRulesService AGS Specific Validations should validate AGS required documents"
	  />
	
	  Name "BusinessRulesService AGS Specific Validations should validate AGS minimum income ($15,000)":
	  <li
	    class="jasmine-passed"
	    id="spec_spec131"
	    title="BusinessRulesService AGS Specific Validations should validate AGS minimum income ($15,000)"
	  />
	
	  Name "BusinessRulesService AGS Specific Validations should validate AGS down payment requirement (60%)":
	  <li
	    class="jasmine-passed"
	    id="spec_spec129"
	    title="BusinessRulesService AGS Specific Validations should validate AGS down payment requirement (60%)"
	  />
	
	  Name "BusinessRulesService EdoMex Specific Validations should validate EdoMex payment capacity ($20,000 minimum)":
	  <li
	    class="jasmine-passed"
	    id="spec_spec137"
	    title="BusinessRulesService EdoMex Specific Validations should validate EdoMex payment capacity ($20,000 minimum)"
	  />
	
	  Name "BusinessRulesService EdoMex Specific Validations should require group assignment for collective credit":
	  <li
	    class="jasmine-passed"
	    id="spec_spec136"
	    title="BusinessRulesService EdoMex Specific Validations should require group assignment for collective credit"
	  />
	
	  Name "BusinessRulesService EdoMex Specific Validations should validate collective group requirements":
	  <li
	    class="jasmine-passed"
	    id="spec_spec135"
	    title="BusinessRulesService EdoMex Specific Validations should validate collective group requirements"
	  />
	
	  Name "BusinessRulesService EdoMex Specific Validations should warn about high payment-to-income ratio":
	  <li
	    class="jasmine-passed"
	    id="spec_spec138"
	    title="BusinessRulesService EdoMex Specific Validations should warn about high payment-to-income ratio"
	  />
	
	  Name "BusinessRulesService EdoMex Specific Validations should validate EdoMex ecosystem documents":
	  <li
	    class="jasmine-passed"
	    id="spec_spec134"
	    title="BusinessRulesService EdoMex Specific Validations should validate EdoMex ecosystem documents"
	  />
	
	  Name "BusinessRulesService EdoMex Specific Validations should require ecosystem assignment for EdoMex":
	  <li
	    class="jasmine-passed"
	    id="spec_spec133"
	    title="BusinessRulesService EdoMex Specific Validations should require ecosystem assignment for EdoMex"
	  />
	
	  Name "BusinessRulesService Ecosystem Validation should fail ecosystem validation for client without ecosystem":
	  <li
	    class="jasmine-passed"
	    id="spec_spec140"
	    title="BusinessRulesService Ecosystem Validation should fail ecosystem validation for client without ecosystem"
	  />
	
	  Name "BusinessRulesService Ecosystem Validation should throw error for AGS client ecosystem validation":
	  <li
	    class="jasmine-passed"
	    id="spec_spec141"
	    title="BusinessRulesService Ecosystem Validation should throw error for AGS client ecosystem validation"
	  />
	
	  Name "BusinessRulesService Ecosystem Validation should validate ecosystem for EdoMex client":
	  <li
	    class="jasmine-failed"
	    id="spec_spec139"
	    title="BusinessRulesService Ecosystem Validation should validate ecosystem for EdoMex client"
	  />
	
	  Name "BusinessRulesService Ecosystem Validation should identify missing ecosystem documents":
	  <li
	    class="jasmine-passed"
	    id="spec_spec142"
	    title="BusinessRulesService Ecosystem Validation should identify missing ecosystem documents"
	  />
	
	  Name "MetaMapService KYC Button Creation should create MetaMap button successfully":
	  <li
	    class="jasmine-passed"
	    id="spec_spec507"
	    title="MetaMapService KYC Button Creation should create MetaMap button successfully"
	  />
	
	  Name "MetaMapService KYC Button Creation should handle container not found error":
	  <li
	    class="jasmine-passed"
	    id="spec_spec508"
	    title="MetaMapService KYC Button Creation should handle container not found error"
	  />
	
	  Name "MetaMapService KYC Button Creation should emit KYC success event":
	  <li
	    class="jasmine-passed"
	    id="spec_spec509"
	    title="MetaMapService KYC Button Creation should emit KYC success event"
	  />
	
	  Name "MetaMapService KYC Button Creation should cleanup event listeners on unsubscribe":
	  <li
	    class="jasmine-passed"
	    id="spec_spec512"
	    title="MetaMapService KYC Button Creation should cleanup event listeners on unsubscribe"
	  />
	
	  Name "MetaMapService KYC Button Creation should emit KYC exit event":
	  <li
	    class="jasmine-passed"
	    id="spec_spec510"
	    title="MetaMapService KYC Button Creation should emit KYC exit event"
	  />
	
	  Name "MetaMapService KYC Button Creation should call optional callback functions":
	  <li
	    class="jasmine-passed"
	    id="spec_spec511"
	    title="MetaMapService KYC Button Creation should call optional callback functions"
	  />
	
	  Name "MetaMapService KYC Completion should handle database update errors":
	  <li
	    class="jasmine-passed"
	    id="spec_spec516"
	    title="MetaMapService KYC Completion should handle database update errors"
	  />
	
	  Name "MetaMapService KYC Completion should handle client not found error":
	  <li
	    class="jasmine-passed"
	    id="spec_spec514"
	    title="MetaMapService KYC Completion should handle client not found error"
	  />
	
	  Name "MetaMapService KYC Completion should cap health score at 100":
	  <li
	    class="jasmine-passed"
	    id="spec_spec515"
	    title="MetaMapService KYC Completion should cap health score at 100"
	  />
	
	  Name "MetaMapService KYC Completion should complete KYC successfully":
	  <li
	    class="jasmine-passed"
	    id="spec_spec513"
	    title="MetaMapService KYC Completion should complete KYC successfully"
	  />
	
	  Name "MetaMapService Service Initialization should be created":
	  <li
	    class="jasmine-passed"
	    id="spec_spec504"
	    title="MetaMapService Service Initialization should be created"
	  />
	
	  Name "MetaMapService Service Initialization should initialize MetaMap SDK on creation":
	  <li
	    class="jasmine-passed"
	    id="spec_spec505"
	    title="MetaMapService Service Initialization should initialize MetaMap SDK on creation"
	  />
	
	  Name "MetaMapService Service Initialization should not reload SDK if already present":
	  <li
	    class="jasmine-passed"
	    id="spec_spec506"
	    title="MetaMapService Service Initialization should not reload SDK if already present"
	  />
	
	  Name "MetaMapService KYC Prerequisites Validation should detect missing comprobante de domicilio":
	  <li
	    class="jasmine-passed"
	    id="spec_spec519"
	    title="MetaMapService KYC Prerequisites Validation should detect missing comprobante de domicilio"
	  />
	
	  Name "MetaMapService KYC Prerequisites Validation should validate prerequisites for ready client":
	  <li
	    class="jasmine-passed"
	    id="spec_spec517"
	    title="MetaMapService KYC Prerequisites Validation should validate prerequisites for ready client"
	  />
	
	  Name "MetaMapService KYC Prerequisites Validation should detect multiple missing documents":
	  <li
	    class="jasmine-passed"
	    id="spec_spec521"
	    title="MetaMapService KYC Prerequisites Validation should detect multiple missing documents"
	  />
	
	  Name "MetaMapService KYC Prerequisites Validation should detect already completed KYC":
	  <li
	    class="jasmine-passed"
	    id="spec_spec520"
	    title="MetaMapService KYC Prerequisites Validation should detect already completed KYC"
	  />
	
	  Name "MetaMapService KYC Prerequisites Validation should detect missing INE document":
	  <li
	    class="jasmine-passed"
	    id="spec_spec518"
	    title="MetaMapService KYC Prerequisites Validation should detect missing INE document"
	  />
	
	  Name "MetaMapService KYC Status Reporting should report in_progress status":
	  <li
	    class="jasmine-passed"
	    id="spec_spec525"
	    title="MetaMapService KYC Status Reporting should report in_progress status"
	  />
	
	  Name "MetaMapService KYC Status Reporting should report failed status with retry option":
	  <li
	    class="jasmine-passed"
	    id="spec_spec524"
	    title="MetaMapService KYC Status Reporting should report failed status with retry option"
	  />
	
	  Name "MetaMapService KYC Status Reporting should report not_started for client without KYC document":
	  <li
	    class="jasmine-passed"
	    id="spec_spec527"
	    title="MetaMapService KYC Status Reporting should report not_started for client without KYC document"
	  />
	
	  Name "MetaMapService KYC Status Reporting should report prerequisites_missing status":
	  <li
	    class="jasmine-passed"
	    id="spec_spec526"
	    title="MetaMapService KYC Status Reporting should report prerequisites_missing status"
	  />
	
	  Name "MetaMapService KYC Status Reporting should report completed status":
	  <li
	    class="jasmine-passed"
	    id="spec_spec523"
	    title="MetaMapService KYC Status Reporting should report completed status"
	  />
	
	  Name "MetaMapService KYC Status Reporting should report ready status":
	  <li
	    class="jasmine-passed"
	    id="spec_spec522"
	    title="MetaMapService KYC Status Reporting should report ready status"
	  />
	
	  Name "MetaMapService SDK Availability Check should detect SDK availability when Mati object exists":
	  <li
	    class="jasmine-passed"
	    id="spec_spec531"
	    title="MetaMapService SDK Availability Check should detect SDK availability when Mati object exists"
	  />
	
	  Name "MetaMapService SDK Availability Check should report SDK as unavailable when neither exists":
	  <li
	    class="jasmine-passed"
	    id="spec_spec533"
	    title="MetaMapService SDK Availability Check should report SDK as unavailable when neither exists"
	  />
	
	  Name "MetaMapService SDK Availability Check should wait for page load when document not ready":
	  <li
	    class="jasmine-passed"
	    id="spec_spec535"
	    title="MetaMapService SDK Availability Check should wait for page load when document not ready"
	  />
	
	  Name "MetaMapService SDK Availability Check should detect SDK availability when metamap-button exists":
	  <li
	    class="jasmine-passed"
	    id="spec_spec532"
	    title="MetaMapService SDK Availability Check should detect SDK availability when metamap-button exists"
	  />
	
	  Name "MetaMapService SDK Availability Check should handle server-side rendering (no window object)":
	  <li
	    class="jasmine-pending"
	    id="spec_spec534"
	    title="MetaMapService SDK Availability Check should handle server-side rendering (no window object)"
	  />
	
	  Name "MetaMapService KYC Failure Simulation should handle client not found in failure simulation":
	  <li
	    class="jasmine-passed"
	    id="spec_spec530"
	    title="MetaMapService KYC Failure Simulation should handle client not found in failure simulation"
	  />
	
	  Name "MetaMapService KYC Failure Simulation should use default failure reason":
	  <li
	    class="jasmine-passed"
	    id="spec_spec529"
	    title="MetaMapService KYC Failure Simulation should use default failure reason"
	  />
	
	  Name "MetaMapService KYC Failure Simulation should simulate KYC failure":
	  <li
	    class="jasmine-passed"
	    id="spec_spec528"
	    title="MetaMapService KYC Failure Simulation should simulate KYC failure"
	  />
	
	  Name "MetaMapService Edge Cases and Error Handling should handle client without KYC document in completion":
	  <li
	    class="jasmine-passed"
	    id="spec_spec537"
	    title="MetaMapService Edge Cases and Error Handling should handle client without KYC document in completion"
	  />
	
	  Name "MetaMapService Edge Cases and Error Handling should handle exit event without reason":
	  <li
	    class="jasmine-passed"
	    id="spec_spec536"
	    title="MetaMapService Edge Cases and Error Handling should handle exit event without reason"
	  />
	
	  Name "MetaMapService Edge Cases and Error Handling should handle button creation with existing button in container":
	  <li
	    class="jasmine-passed"
	    id="spec_spec539"
	    title="MetaMapService Edge Cases and Error Handling should handle button creation with existing button in container"
	  />
	
	  Name "MetaMapService Edge Cases and Error Handling should handle empty verification data":
	  <li
	    class="jasmine-passed"
	    id="spec_spec538"
	    title="MetaMapService Edge Cases and Error Handling should handle empty verification data"
	  />
	
	  Name "LoginComponent Integration Tests should handle form submission with valid data":
	  <li
	    class="jasmine-failed"
	    id="spec_spec913"
	    title="LoginComponent Integration Tests should handle form submission with valid data"
	  />
	
	  Name "LoginComponent Integration Tests should show validation errors when form is submitted empty":
	  <li
	    class="jasmine-failed"
	    id="spec_spec910"
	    title="LoginComponent Integration Tests should show validation errors when form is submitted empty"
	  />
	
	  Name "LoginComponent Integration Tests should have proper accessibility attributes":
	  <li
	    class="jasmine-passed"
	    id="spec_spec915"
	    title="LoginComponent Integration Tests should have proper accessibility attributes"
	  />
	
	  --------------------------------------------------heading:
	
	  Name "Centro de Comando":
	  <h1
	    _ngcontent-a-c3214690901=""
	    class="text-gradient-primary"
	  />
	
	  --------------------------------------------------
	  paragraph:
	
	  Name "":
	  <p
	    _ngcontent-a-c3214690901=""
	    class="brand-subtitle"
	  />
	
	  Name "":
	  <p
	    _ngcontent-a-c3214690901=""
	    class="register-text"
	  />
	
	  --------------------------------------------------
	  textbox:
	
	  Name "📧 Correo Electrónico":
	  <input
	    _ngcontent-a-c3214690901=""
	    class="premium-input ng-untouched ng-pristine ng-invalid"
	    formcontrolname="email"
	    id="email"
	    ng-reflect-name="email"
	    placeholder="ricardo.montoya@cmu.com"
	    type="email"
	  />
	
	  --------------------------------------------------
	  button:
	
	  Name "🙈":
	  <button
	    _ngcontent-a-c3214690901=""
	    class="password-toggle-premium"
	    type="button"
	  />
	
	  Name "¿Olvidaste tu contraseña?":
	  <button
	    _ngcontent-a-c3214690901=""
	    class="forgot-password"
	    type="button"
	  />
	
	  Name "➡️ Acceder al Cockpit":
	  <button
	    _ngcontent-a-c3214690901=""
	    class="btn-primary command-center-btn"
	    disabled=""
	    type="submit"
	  />
	
	  --------------------------------------------------
	  checkbox:
	
	  Name "Recordarme":
	  <input
	    _ngcontent-a-c3214690901=""
	    class="ng-untouched ng-pristine ng-valid"
	    formcontrolname="rememberMe"
	    ng-reflect-name="rememberMe"
	    type="checkbox"
	  />
	
	  --------------------------------------------------
	  link:
	
	  Name "Activar Cuenta":
	  <a
	    _ngcontent-a-c3214690901=""
	    class="premium-link"
	    href="/register"
	  />
	
	  --------------------------------------------------
	
	Ignored nodes: comments, script, style
	<body>
	  
	    
	  
	    
	  
	    
	  
	    
	  
	    
	  
	    
	  
	    
	  
	
	  
	
	  
	
	  
	
	  
	
	  <link
	    crossorigin="anonymous"
	    href="node_modules/jasmine-core/lib/jasmine-core/jasmine.css"
	    rel="stylesheet"
	    type="text/css"
	  />
	  
	
	  
	
	  
	
	  <div
	    class="jasmine_html-reporter"
	  >
	    <div
	      class="jasmine-banner"
	    >
	      <a
	        class="jasmine-title"
	        href="http://jasmine.github.io/"
	        target="_blank"
	      />
	      <span
	        class="jasmine-version"
	      >
	        4.6.1
	      </span>
	    </div>
	    <ul
	      class="jasmine-symbol-summary"
	    >
	      <li
	        class="jasmine-passed"
	        id="spec_spec478"
	        title="LoadingService Service Initialization should return false for initial isLoading state"
	      />
	      <li
	        class="jasmine-passed"
	        id="spec_spec477"
	        title="LoadingService Service Initialization should initialize with loading false"
	      />
	      <li
	        class="jasmine-passed"
	        id="spec_spec476"
	        title="LoadingService Service Initialization should be created"
	      />
	      <li
	        class="jasmine-passed"
	        id="spec_spec479"
	        title="LoadingService Basic Loading Control should show loading"
	      />
	      <li
	        class="jasmine-passed"
	        id="spec_spec482"
	        title="LoadingService Basic Loading Control should not hide loading when already hidden"
	      />
	      <li
	        class="jasmine-passed"
	        id="spec_spec481"
	        title="LoadingService Basic Loading Control should not show loading multiple times without identifiers"
	      />
	      <li
	        class="jasmine-passed"
	        id="spec_spec480"
	        title="LoadingService Basic Loading Control should hide loading"
	      />
	      <li
	        class="jasmine-passed"
	        id="spec_spec488"
	        title="LoadingService Identifier-based Loading Control should handle hiding identifier multiple times"
	      />
	      <li
	        class="jasmine-passed"
	        id="spec_spec487"
	        title="LoadingService Identifier-based Loading Control should handle hiding non-existent identifier"
	      />
	      <li
	        class="jasmine-passed"
	        id="spec_spec483"
	        title="LoadingService Identifier-based Loading Control should show loading with identifier"
	      />
	      <li
	        class="jasmine-passed"
	        id="spec_spec486"
	        title="LoadingService Identifier-based Loading Control should not add duplicate identifiers"
	      />
	      <li
	        class="jasmine-passed"
	        id="spec_spec485"
	        title="LoadingService Identifier-based Loading Control should manage multiple identifiers"
	      />
	      <li
	        class="jasmine-passed"
	        id="spec_spec484"
	        title="LoadingService Identifier-based Loading Control should hide loading with identifier"
	      />
	      <li
	        class="jasmine-passed"
	        id="spec_spec503"
	        title="LoadingService Observable Behavior should support multiple subscribers"
	      />
	      <li
	        class="jasmine-passed"
	        id="spec_spec501"
	        title="LoadingService Observable Behavior should emit loading state changes"
	      />
	      <li
	        class="jasmine-passed"
	        id="spec_spec502"
	        title="LoadingService Observable Behavior should not emit duplicate states"
	      />
	      <li
	        class="jasmine-passed"
	        id="spec_spec496"
	        title="LoadingService SetLoading Alias Method should work without identifier"
	      />
	      <li
	        class="jasmine-passed"
	        id="spec_spec495"
	        title="LoadingService SetLoading Alias Method should hide loading when setLoading(false)"
	      />
	      <li
	        class="jasmine-passed"
	        id="spec_spec494"
	        title="LoadingService SetLoading Alias Method should show loading when setLoading(true)"
	      />
	      <li
	        class="jasmine-passed"
	        id="spec_spec498"
	        title="LoadingService Edge Cases and Error Handling should handle mixed identifier and non-identifier operations"
	      />
	      <li
	        class="jasmine-passed"
	        id="spec_spec497"
	        title="LoadingService Edge Cases and Error Handling should handle rapid show/hide calls"
	      />
	      <li
	        class="jasmine-passed"
	        id="spec_spec500"
	        title="LoadingService Edge Cases and Error Handling should maintain state consistency after force hide"
	      />
	      <li
	        class="jasmine-passed"
	        id="spec_spec499"
	        title="LoadingService Edge Cases and Error Handling should handle empty string identifier"
	      />
	      <li
	        class="jasmine-passed"
	        id="spec_spec489"
	        title="LoadingService Force Hide Functionality should force hide loading even with active identifiers"
	      />
	      <li
	        class="jasmine-passed"
	        id="spec_spec490"
	        title="LoadingService Force Hide Functionality should clear all identifiers on force hide"
	      />
	      <li
	        class="jasmine-passed"
	        id="spec_spec492"
	        title="LoadingService Duration-based Loading should show loading for duration with identifier"
	      />
	      <li
	        class="jasmine-passed"
	        id="spec_spec491"
	        title="LoadingService Duration-based Loading should show loading for specific duration"
	      />
	      <li
	        class="jasmine-passed"
	        id="spec_spec493"
	        title="LoadingService Duration-based Loading should handle multiple timed operations"
	      />
	      <li
	        class="jasmine-passed"
	        id="spec_spec53"
	        title="AuthService Login Functionality should fail login with invalid credentials"
	      />
	      <li
	        class="jasmine-passed"
	        id="spec_spec52"
	        title="AuthService Login Functionality should login with valid demo credentials"
	      />
	      <li
	        class="jasmine-passed"
	        id="spec_spec56"
	        title="AuthService Login Functionality should store token in localStorage after successful login"
	      />
	      <li
	        class="jasmine-passed"
	        id="spec_spec55"
	        title="AuthService Login Functionality should set user as authenticated after successful login"
	      />
	      <li
	        class="jasmine-passed"
	        id="spec_spec54"
	        title="AuthService Login Functionality should fail login with non-corporate email"
	      />
	      <li
	        class="jasmine-passed"
	        id="spec_spec51"
	        title="AuthService Basic Service Setup should initialize as not authenticated"
	      />
	      <li
	        class="jasmine-passed"
	        id="spec_spec49"
	        title="AuthService Basic Service Setup should be created"
	      />
	      <li
	        class="jasmine-passed"
	        id="spec_spec50"
	        title="AuthService Basic Service Setup should initialize with no authenticated user"
	      />
	      <li
	        class="jasmine-passed"
	        id="spec_spec75"
	        title="AuthService Logout Functionality should clear user data on logout"
	      />
	      <li
	        class="jasmine-passed"
	   ...
	TestingLibraryElementError: Unable to find an accessible element with the role "button" and name `/iniciar sesión/i`
	Here are the accessible roles:
	  link:
	  Name "":
	  <a
	    class="jasmine-title"
	    href="http://jasmine.github.io/"
	    target="_blank"
	  />
	  --------------------------------------------------
	  list:
	  Name "":
	  <ul
	    class="jasmine-symbol-summary"
	  />
	  --------------------------------------------------
	  listitem:
	  Name "LoadingService Service Initialization should return false for initial isLoading state":
	  <li
	    class="jasmine-passed"
	    id="spec_spec478"
	    title="LoadingService Service Initialization should return false for initial isLoading state"
	  />
	  Name "LoadingService Service Initialization should initialize with loading false":
	  <li
	    class="jasmine-passed"
	    id="spec_spec477"
	    title="LoadingService Service Initialization should initialize with loading false"
	  />
	  Name "LoadingService Service Initialization should be created":
	  <li
	    class="jasmine-passed"
	    id="spec_spec476"
	    title="LoadingService Service Initialization should be created"
	  />
	  Name "LoadingService Basic Loading Control should show loading":
	  <li
	    class="jasmine-passed"
	    id="spec_spec479"
	    title="LoadingService Basic Loading Control should show loading"
	  />
	  Name "LoadingService Basic Loading Control should not hide loading when already hidden":
	  <li
	    class="jasmine-passed"
	    id="spec_spec482"
	    title="LoadingService Basic Loading Control should not hide loading when already hidden"
	  />
	  Name "LoadingService Basic Loading Control should not show loading multiple times without identifiers":
	  <li
	    class="jasmine-passed"
	    id="spec_spec481"
	    title="LoadingService Basic Loading Control should not show loading multiple times without identifiers"
	  />
	  Name "LoadingService Basic Loading Control should hide loading":
	  <li
	    class="jasmine-passed"
	    id="spec_spec480"
	    title="LoadingService Basic Loading Control should hide loading"
	  />
	  Name "LoadingService Identifier-based Loading Control should handle hiding identifier multiple times":
	  <li
	    class="jasmine-passed"
	    id="spec_spec488"
	    title="LoadingService Identifier-based Loading Control should handle hiding identifier multiple times"
	  />
	  Name "LoadingService Identifier-based Loading Control should handle hiding non-existent identifier":
	  <li
	    class="jasmine-passed"
	    id="spec_spec487"
	    title="LoadingService Identifier-based Loading Control should handle hiding non-existent identifier"
	  />
	  Name "LoadingService Identifier-based Loading Control should show loading with identifier":
	  <li
	    class="jasmine-passed"
	    id="spec_spec483"
	    title="LoadingService Identifier-based Loading Control should show loading with identifier"
	  />
	  Name "LoadingService Identifier-based Loading Control should not add duplicate identifiers":
	  <li
	    class="jasmine-passed"
	    id="spec_spec486"
	    title="LoadingService Identifier-based Loading Control should not add duplicate identifiers"
	  />
	  Name "LoadingService Identifier-based Loading Control should manage multiple identifiers":
	  <li
	    class="jasmine-passed"
	    id="spec_spec485"
	    title="LoadingService Identifier-based Loading Control should manage multiple identifiers"
	  />
	  Name "LoadingService Identifier-based Loading Control should hide loading with identifier":
	  <li
	    class="jasmine-passed"
	    id="spec_spec484"
	    title="LoadingService Identifier-based Loading Control should hide loading with identifier"
	  />
	  Name "LoadingService Observable Behavior should support multiple subscribers":
	  <li
	    class="jasmine-passed"
	    id="spec_spec503"
	    title="LoadingService Observable Behavior should support multiple subscribers"
	  />
	  Name "LoadingService Observable Behavior should emit loading state changes":
	  <li
	    class="jasmine-passed"
	    id="spec_spec501"
	    title="LoadingService Observable Behavior should emit loading state changes"
	  />
	  Name "LoadingService Observable Behavior should not emit duplicate states":
	  <li
	    class="jasmine-passed"
	    id="spec_spec502"
	    title="LoadingService Observable Behavior should not emit duplicate states"
	  />
	  Name "LoadingService SetLoading Alias Method should work without identifier":
	  <li
	    class="jasmine-passed"
	    id="spec_spec496"
	    title="LoadingService SetLoading Alias Method should work without identifier"
	  />
	  Name "LoadingService SetLoading Alias Method should hide loading when setLoading(false)":
	  <li
	    class="jasmine-passed"
	    id="spec_spec495"
	    title="LoadingService SetLoading Alias Method should hide loading when setLoading(false)"
	  />
	  Name "LoadingService SetLoading Alias Method should show loading when setLoading(true)":
	  <li
	    class="jasmine-passed"
	    id="spec_spec494"
	    title="LoadingService SetLoading Alias Method should show loading when setLoading(true)"
	  />
	  Name "LoadingService Edge Cases and Error Handling should handle mixed identifier and non-identifier operations":
	  <li
	    class="jasmine-passed"
	    id="spec_spec498"
	    title="LoadingService Edge Cases and Error Handling should handle mixed identifier and non-identifier operations"
	  />
	  Name "LoadingService Edge Cases and Error Handling should handle rapid show/hide calls":
	  <li
	    class="jasmine-passed"
	    id="spec_spec497"
	    title="LoadingService Edge Cases and Error Handling should handle rapid show/hide calls"
	  />
	  Name "LoadingService Edge Cases and Error Handling should maintain state consistency after force hide":
	  <li
	    class="jasmine-passed"
	    id="spec_spec500"
	    title="LoadingService Edge Cases and Error Handling should maintain state consistency after force hide"
	  />
	  Name "LoadingService Edge Cases and Error Handling should handle empty string identifier":
	  <li
	    class="jasmine-passed"
	    id="spec_spec499"
	    title="LoadingService Edge Cases and Error Handling should handle empty string identifier"
	  />
	  Name "LoadingService Force Hide Functionality should force hide loading even with active identifiers":
	  <li
	    class="jasmine-passed"
	    id="spec_spec489"
	    title="LoadingService Force Hide Functionality should force hide loading even with active identifiers"
	  />
	  Name "LoadingService Force Hide Functionality should clear all identifiers on force hide":
	  <li
	    class="jasmine-passed"
	    id="spec_spec490"
	    title="LoadingService Force Hide Functionality should clear all identifiers on force hide"
	  />
	  Name "LoadingService Duration-based Loading should show loading for duration with identifier":
	  <li
	    class="jasmine-passed"
	    id="spec_spec492"
	    title="LoadingService Duration-based Loading should show loading for duration with identifier"
	  />
	  Name "LoadingService Duration-based Loading should show loading for specific duration":
	  <li
	    class="jasmine-passed"
	    id="spec_spec491"
	    title="LoadingService Duration-based Loading should show loading for specific duration"
	  />
	  Name "LoadingService Duration-based Loading should handle multiple timed operations":
	  <li
	    class="jasmine-passed"
	    id="spec_spec493"
	    title="LoadingService Duration-based Loading should handle multiple timed operations"
	  />
	  Name "AuthService Login Functionality should fail login with invalid credentials":
	  <li
	    class="jasmine-passed"
	    id="spec_spec53"
	    title="AuthService Login Functionality should fail login with invalid credentials"
	  />
	  Name "AuthService Login Functionality should login with valid demo credentials":
	  <li
	    class="jasmine-passed"
	    id="spec_spec52"
	    title="AuthService Login Functionality should login with valid demo credentials"
	  />
	  Name "AuthService Login Functionality should store token in localStorage after successful login":
	  <li
	    class="jasmine-passed"
	    id="spec_spec56"
	    title="AuthService Login Functionality should store token in localStorage after successful login"
	  />
	  Name "AuthService Login Functionality should set user as authenticated after successful login":
	  <li
	    class="jasmine-passed"
	    id="spec_spec55"
	    title="AuthService Login Functionality should set user as authenticated after successful login"
	  />
	  Name "AuthService Login Functionality should fail login with non-corporate email":
	  <li
	    class="jasmine-passed"
	    id="spec_spec54"
	    title="AuthService Login Functionality should fail login with non-corporate email"
	  />
	  Name "AuthService Basic Service Setup should initialize as not authenticated":
	  <li
	    class="jasmine-passed"
	    id="spec_spec51"
	    title="AuthService Basic Service Setup should initialize as not authenticated"
	  />
	  Name "AuthService Basic Service Setup should be created":
	  <li
	    class="jasmine-passed"
	    id="spec_spec49"
	    title="AuthService Basic Service Setup should be created"
	  />
	  Name "AuthService Basic Service Setup should initialize with no authenticated user":
	  <li
	    class="jasmine-passed"
	    id="spec_spec50"
	    title="AuthService Basic Service Setup should initialize with no authenticated user"
	  />
	  Name "AuthService Logout Functionality should clear user data on logout":
	  <li
	    class="jasmine-passed"
	    id="spec_spec75"
	    title="AuthService Logout Functionality should clear user data on logout"
	  />
	  Name "AuthService Logout Functionality should clear authentication state on logout":
	  <li
	    class="jasmine-passed"
	    id="spec_spec74"
	    title="AuthService Logout Functionality should clear authentication state on logout"
	  />
	  Name "AuthService Logout Functionality should remove token from localStorage on logout":
	  <li
	    class="jasmine-passed"
	    id="spec_spec76"
	    title="AuthService Logout Functionality should remove token from localStorage on logout"
	  />
	  Name "AuthService Email Availability Check should return available for new email":
	  <li
	    class="jasmine-passed"
	    id="spec_spec71"
	    title="AuthService Email Availability Check should return available for new email"
	  />
	  Name "AuthService Email Availability Check should return not available for pending registration email":
	  <li
	    class="jasmine-passed"
	    id="spec_spec73"
	    title="AuthService Email Availability Check should return not available for pending registration email"
	  />
	  Name "AuthService Email Availability Check should return not available for existing email":
	  <li
	    class="jasmine-passed"
	    id="spec_spec72"
	    title="AuthService Email Availability Check should return not available for existing email"
	  />
	  Name "AuthService Email Verification should successfully verify email with valid token":
	  <li
	    class="jasmine-passed"
	    id="spec_spec68"
	    title="AuthService Email Verification should successfully verify email with valid token"
	  />
	  Name "AuthService Email Verification should fail verification with invalid token":
	  <li
	    class="jasmine-passed"
	    id="spec_spec69"
	    title="AuthService Email Verification should fail verification with invalid token"
	  />
	  Name "AuthService Email Verification should update registration status after verification":
	  <li
	    class="jasmine-passed"
	    id="spec_spec70"
	    title="AuthService Email Verification should update registration status after verification"
	  />
	  Name "AuthService Token Management should detect old token as expired":
	  <li
	    class="jasmine-passed"
	    id="spec_spec59"
	    title="AuthService Token Management should detect old token as expired"
	  />
	  Name "AuthService Token Management should detect valid token as not expired":
	  <li
	    class="jasmine-failed"
	    id="spec_spec58"
	    title="AuthService Token Management should detect valid token as not expired"
	  />
	  Name "AuthService Token Management should detect invalid token format as expired":
	  <li
	    class="jasmine-passed"
	    id="spec_spec60"
	    title="AuthService Token Management should detect invalid token format as expired"
	  />
	  Name "AuthService Token Management should retrieve stored token":
	  <li
	    class="jasmine-passed"
	    id="spec_spec57"
	    title="AuthService Token Management should retrieve stored token"
	  />
	  Name "AuthService Registration Functionality should fail registration without privacy acceptance":
	  <li
	    class="jasmine-passed"
	    id="spec_spec63"
	    title="AuthService Registration Functionality should fail registration without privacy acceptance"
	  />
	  Name "AuthService Registration Functionality should successfully register with valid data":
	  <li
	    class="jasmine-passed"
	    id="spec_spec61"
	    title="AuthService Registration Functionality should successfully register with valid data"
	  />
	  Name "AuthService Registration Functionality should fail registration without terms acceptance":
	  <li
	    class="jasmine-passed"
	    id="spec_spec62"
	    title="AuthService Registration Functionality should fail registration without terms acceptance"
	  />
	  Name "AuthService Registration Functionality should fail registration with non-corporate email":
	  <li
	    class="jasmine-passed"
	    id="spec_spec65"
	    title="AuthService Registration Functionality should fail registration with non-corporate email"
	  />
	  Name "AuthService Registration Functionality should fail registration with existing email":
	  <li
	    class="jasmine-passed"
	    id="spec_spec66"
	    title="AuthService Registration Functionality should fail registration with existing email"
	  />
	  Name "AuthService Registration Functionality should fail registration with mismatched passwords":
	  <li
	    class="jasmine-passed"
	    id="spec_spec64"
	    title="AuthService Registration Functionality should fail registration with mismatched passwords"
	  />
	  Name "AuthService Registration Functionality should store pending registration in localStorage":
	  <li
	    class="jasmine-passed"
	    id="spec_spec67"
	    title="AuthService Registration Functionality should store pending registration in localStorage"
	  />
	  Name "CreditScoringService Service Initialization should have SCORING_CONFIG defined":
	  <li
	    class="jasmine-failed"
	    id="spec_spec296"
	    title="CreditScoringService Service Initialization should have SCORING_CONFIG defined"
	  />
	  Name "CreditScoringService Service Initialization should initialize internal storage maps":
	  <li
	    class="jasmine-failed"
	    id="spec_spec297"
	    title="CreditScoringService Service Initialization should initialize internal storage maps"
	  />
	  Name "CreditScoringService Service Initialization should be created":
	  <li
	    class="jasmine-failed"
	    id="spec_spec295"
	    title="CreditScoringService Service Initialization should be created"
	  />
	  Name "CreditScoringService Scoring Recommendations should get VentaDirecta recommendations":
	  <li
	    class="jasmine-failed"
	    id="spec_spec308"
	    title="CreditScoringService Scoring Recommendations should get VentaDirecta recommendations"
	  />
	  Name "CreditScoringService Scoring Recommendations should get CreditoColectivo recommendations":
	  <li
	    class="jasmine-failed"
	    id="spec_spec311"
	    title="CreditScoringService Scoring Recommendations should get CreditoColectivo recommendations"
	  />
	  Name "CreditScoringService Scoring Recommendations should get AhorroProgramado recommendations":
	  <li
	    class="jasmine-failed"
	    id="spec_spec312"
	    title="CreditScoringService Scoring Recommendations should get AhorroProgramado recommendations"
	  />
	  Name "CreditScoringService Scoring Recommendations should get VentaPlazo recommendations for AGS":
	  <li
	    class="jasmine-failed"
	    id="spec_spec309"
	    title="CreditScoringService Scoring Recommendations should get VentaPlazo recommendations for AGS"
	  />
	  Name "CreditScoringService Scoring Recommendations should return default recommendations for unknown flow":
	  <li
	    class="jasmine-failed"
	    id="spec_spec313"
	    title="CreditScoringService Scoring Recommendations should return default recommendations for unknown flow"
	  />
	  Name "CreditScoringService Scoring Recommendations should get VentaPlazo recommendations for EdoMex":
	  <li
	    class="jasmine-failed"
	    id="spec_spec310"
	    title="CreditScoringService Scoring Recommendations should get VentaPlazo recommendations for EdoMex"
	  />
	  Name "CreditScoringService Scoring Validity Check should invalidate expired scoring":
	  <li
	    class="jasmine-failed"
	    id="spec_spec327"
	    title="CreditScoringService Scoring Validity Check should invalidate expired scoring"
	  />
	  Name "CreditScoringService Scoring Validity Check should validate non-expired scoring":
	  <li
	    class="jasmine-failed"
	    id="spec_spec326"
	    title="CreditScoringService Scoring Validity Check should validate non-expired scoring"
	  />
	  Name "CreditScoringService Scoring Validity Check should return false for non-existent scoring":
	  <li
	    class="jasmine-failed"
	    id="spec_spec328"
	    title="CreditScoringService Scoring Validity Check should return false for non-existent scoring"
	  />
	  Name "CreditScoringService Scoring Simulation should set expiration date correctly":
	  <li
	    class="jasmine-failed"
	    id="spec_spec321"
	    title="CreditScoringService Scoring Simulation should set expiration date correctly"
	  />
	  Name "CreditScoringService Scoring Simulation should simulate scoring with low score for risky client":
	  <li
	    class="jasmine-failed"
	    id="spec_spec315"
	    title="CreditScoringService Scoring Simulation should simulate scoring with low score for risky client"
	  />
	  Name "CreditScoringService Scoring Simulation should apply market bonus for Aguascalientes":
	  <li
	    class="jasmine-failed"
	    id="spec_spec316"
	    title="CreditScoringService Scoring Simulation should apply market bonus for Aguascalientes"
	  />
	  Name "CreditScoringService Scoring Simulation should set correct interest rates by market":
	  <li
	    class="jasmine-failed"
	    id="spec_spec318"
	    title="CreditScoringService Scoring Simulation should set correct interest rates by market"
	  />
	  Name "CreditScoringService Scoring Simulation should include reasons for rejection":
	  <li
	    class="jasmine-failed"
	    id="spec_spec320"
	    title="CreditScoringService Scoring Simulation should include reasons for rejection"
	  />
	  Name "CreditScoringService Scoring Simulation should apply business flow bonuses correctly":
	  <li
	    class="jasmine-failed"
	    id="spec_spec317"
	    title="CreditScoringService Scoring Simulation should apply business flow bonuses correctly"
	  />
	  Name "CreditScoringService Scoring Simulation should include conditions for conditional approval":
	  <li
	    class="jasmine-failed"
	    id="spec_spec319"
	    title="CreditScoringService Scoring Simulation should include conditions for conditional approval"
	  />
	  Name "CreditScoringService Scoring Simulation should simulate scoring with high score for good client":
	  <li
	    class="jasmine-failed"
	    id="spec_spec314"
	    title="CreditScoringService Scoring Simulation should simulate scoring with high score for good client"
	  />
	  Name "CreditScoringService Credit Scoring Process should get scoring status correctly":
	  <li
	    class="jasmine-failed"
	    id="spec_spec301"
	    title="CreditScoringService Credit Scoring Process should get scoring status correctly"
	  />
	  Name "CreditScoringService Credit Scoring Process should return null for non-existent scoring ID":
	  <li
	    class="jasmine-failed"
	    id="spec_spec300"
	    title="CreditScoringService Credit Scoring Process should return null for non-existent scoring ID"
	  />
	  Name "CreditScoringService Credit Scoring Process should return null for non-existent status ID":
	  <li
	    class="jasmine-failed"
	    id="spec_spec302"
	    title="CreditScoringService Credit Scoring Process should return null for non-existent status ID"
	  />
	  Name "CreditScoringService Credit Scoring Process should initiate credit scoring request":
	  <li
	    class="jasmine-failed"
	    id="spec_spec298"
	    title="CreditScoringService Credit Scoring Process should initiate credit scoring request"
	  />
	  Name "CreditScoringService Credit Scoring Process should store scoring result after processing":
	  <li
	    class="jasmine-failed"
	    id="spec_spec299"
	    title="CreditScoringService Credit Scoring Process should store scoring result after processing"
	  />
	  Name "CreditScoringService Risk Level Assignment should assign correct risk levels":
	  <li
	    class="jasmine-failed"
	    id="spec_spec330"
	    title="CreditScoringService Risk Level Assignment should assign correct risk levels"
	  />
	  Name "CreditScoringService Score Grading System should assign correct grades for score ranges":
	  <li
	    class="jasmine-failed"
	    id="spec_spec329"
	    title="CreditScoringService Score Grading System should assign correct grades for score ranges"
	  />
	  Name "CreditScoringService Scoring Prerequisites Validation should validate client is ready for scoring":
	  <li
	    class="jasmine-failed"
	    id="spec_spec303"
	    title="CreditScoringService Scoring Prerequisites Validation should validate client is ready for scoring"
	  />
	  Name "CreditScoringService Scoring Prerequisites Validation should identify multiple missing requirements":
	  <li
	    class="jasmine-failed"
	    id="spec_spec307"
	    title="CreditScoringService Scoring Prerequisites Validation should identify multiple missing requirements"
	  />
	  Name "CreditScoringService Scoring Prerequisites Validation should identify missing INE document":
	  <li
	    class="jasmine-failed"
	    id="spec_spec304"
	    title="CreditScoringService Scoring Prerequisites Validation should identify missing INE document"
	  />
	  Name "CreditScoringService Scoring Prerequisites Validation should identify missing KYC verification":
	  <li
	    class="jasmine-failed"
	    id="spec_spec306"
	    title="CreditScoringService Scoring Prerequisites Validation should identify missing KYC verification"
	  />
	  Name "CreditScoringService Scoring Prerequisites Validation should identify missing comprobante document":
	  <li
	    class="jasmine-failed"
	    id="spec_spec305"
	    title="CreditScoringService Scoring Prerequisites Validation should identify missing comprobante document"
	  />
	  Name "CreditScoringService Scoring Retry Functionality should fail retry for non-existent original scoring":
	  <li
	    class="jasmine-failed"
	    id="spec_spec323"
	    title="CreditScoringService Scoring Retry Functionality should fail retry for non-existent original scoring"
	  />
	  Name "CreditScoringService Scoring Retry Functionality should retry scoring with updated information":
	  <li
	    class="jasmine-failed"
	    id="spec_spec322"
	    title="CreditScoringService Scoring Retry Functionality should retry scoring with updated information"
	  />
	  Name "CreditScoringService Edge Cases and Error Handling should handle zero or negative income gracefully":
	  <li
	    class="jasmine-failed"
	    id="spec_spec333"
	    title="CreditScoringService Edge Cases and Error Handling should handle zero or negative income gracefully"
	  />
	  Name "CreditScoringService Edge Cases and Error Handling should handle maximum score bounds":
	  <li
	    class="jasmine-failed"
	    id="spec_spec332"
	    title="CreditScoringService Edge Cases and Error Handling should handle maximum score bounds"
	  />
	  Name "CreditScoringService Edge Cases and Error Handling should handle minimum score bounds":
	  <li
	    class="jasmine-failed"
	    id="spec_spec331"
	    title="CreditScoringService Edge Cases and Error Handling should handle minimum score bounds"
	  />
	  Name "CreditScoringService Client Scoring History should return empty array for client with no scorings":
	  <li
	    class="jasmine-failed"
	    id="spec_spec325"
	    title="CreditScoringService Client Scoring History should return empty array for client with no scorings"
	  />
	  Name "CreditScoringService Client Scoring History should get client scoring history":
	  <li
	    class="jasmine-failed"
	    id="spec_spec324"
	    title="CreditScoringService Client Scoring History should get client scoring history"
	  />
	  Name "Integration Smoke should pass basic integration smoke test":
	  <li
	    class="jasmine-passed"
	    id="spec_spec11"
	    title="Integration Smoke should pass basic integration smoke test"
	  />
	  Name "FinancialCalculatorService Scenario Policy Validation should handle step-down without reduction percentage":
	  <li
	    class="jasmine-passed"
	    id="spec_spec422"
	    title="FinancialCalculatorService Scenario Policy Validation should handle step-down without reduction percentage"
	  />
	  Name "FinancialCalculatorService Scenario Policy Validation should validate unknown scenario type":
	  <li
	    class="jasmine-passed"
	    id="spec_spec421"
	    title="FinancialCalculatorService Scenario Policy Validation should validate unknown scenario type"
	  />
	  Name "FinancialCalculatorService Scenario Policy Validation should validate defer scenario within limits":
	  <li
	    class="jasmine-passed"
	    id="spec_spec417"
	    title="FinancialCalculatorService Scenario Policy Validation should validate defer scenario within limits"
	  />
	  Name "FinancialCalculatorService Scenario Policy Validation should validate step-down scenario within limits":
	  <li
	    class="jasmine-passed"
	    id="spec_spec419"
	    title="FinancialCalculatorService Scenario Policy Validation should validate step-down scenario within limits"
	  />
	  Name "FinancialCalculatorService Scenario Policy Validation should reject step-down scenario exceeding reduction limit":
	  <li
	    class="jasmine-passed"
	    id="spec_spec420"
	    title="FinancialCalculatorService Scenario Policy Validation should reject step-down scenario exceeding reduction limit"
	  />
	  Name "FinancialCalculatorService Scenario Policy Validation should reject defer scenario exceeding limits":
	  <li
	    class="jasmine-passed"
	    id="spec_spec418"
	    title="FinancialCalculatorService Scenario Policy Validation should reject defer scenario exceeding limits"
	  />
	  Name "FinancialCalculatorService Interest Capitalization should capitalize interest for deferral period":
	  <li
	    class="jasmine-passed"
	    id="spec_spec414"
	    title="FinancialCalculatorService Interest Capitalization should capitalize interest for deferral period"
	  />
	  Name "FinancialCalculatorService Interest Capitalization should handle zero deferral months":
	  <li
	    class="jasmine-passed"
	    id="spec_spec415"
	    title="FinancialCalculatorService Interest Capitalization should handle zero deferral months"
	  />
	  Name "FinancialCalculatorService Interest Capitalization should handle zero interest rate":
	  <li
	    class="jasmine-passed"
	    id="spec_spec416"
	    title="FinancialCalculatorService Interest Capitalization should handle zero interest rate"
	  />
	  Name "FinancialCalculatorService Currency Formatting should format positive amounts in Mexican Pesos":
	  <li
	    class="jasmine-passed"
	    id="spec_spec431"
	    title="FinancialCalculatorService Currency Formatting should format positive amounts in Mexican Pesos"
	  />
	  Name "FinancialCalculatorService Currency Formatting should format negative amounts":
	  <li
	    class="jasmine-passed"
	    id="spec_spec432"
	    title="FinancialCalculatorService Currency Formatting should format negative amounts"
	  />
	  Name "FinancialCalculatorService Currency Formatting should format zero amount":
	  <li
	    class="jasmine-passed"
	    id="spec_spec433"
	    title="FinancialCalculatorService Currency Formatting should format zero amount"
	  />
	  Name "FinancialCalculatorService Currency Formatting should format large amounts with proper separators":
	  <li
	    class="jasmine-passed"
	    id="spec_spec434"
	    title="FinancialCalculatorService Currency Formatting should format large amounts with proper separators"
	  />
	  Name "FinancialCalculatorService Currency Formatting should format small amounts":
	  <li
	    class="jasmine-passed"
	    id="spec_spec435"
	    title="FinancialCalculatorService Currency Formatting should format small amounts"
	  />
	  Name "FinancialCalculatorService TIR Calculation (Newton-Raphson) should bound rate to reasonable values":
	  <li
	    class="jasmine-passed"
	    id="spec_spec410"
	    title="FinancialCalculatorService TIR Calculation (Newton-Raphson) should bound rate to reasonable values"
	  />
	  Name "FinancialCalculatorService TIR Calculation (Newton-Raphson) should handle zero cash flows":
	  <li
	    class="jasmine-passed"
	    id="spec_spec407"
	    title="FinancialCalculatorService TIR Calculation (Newton-Raphson) should handle zero cash flows"
	  />
	  Name "FinancialCalculatorService TIR Calculation (Newton-Raphson) should calculate TIR for simple cash flows":
	  <li
	    class="jasmine-passed"
	    id="spec_spec405"
	    title="FinancialCalculatorService TIR Calculation (Newton-Raphson) should calculate TIR for simple cash flows"
	  />
	  Name "FinancialCalculatorService TIR Calculation (Newton-Raphson) should calculate TIR for loan scenario":
	  <li
	    class="jasmine-passed"
	    id="spec_spec406"
	    title="FinancialCalculatorService TIR Calculation (Newton-Raphson) should calculate TIR for loan scenario"
	  />
	  Name "FinancialCalculatorService TIR Calculation (Newton-Raphson) should handle single negative cash flow":
	  <li
	    class="jasmine-passed"
	    id="spec_spec408"
	    title="FinancialCalculatorService TIR Calculation (Newton-Raphson) should handle single negative cash flow"
	  />
	  Name "FinancialCalculatorService TIR Calculation (Newton-Raphson) should respect maximum iterations":
	  <li
	    class="jasmine-passed"
	    id="spec_spec409"
	    title="FinancialCalculatorService TIR Calculation (Newton-Raphson) should respect maximum iterations"
	  />
	  Name "FinancialCalculatorService Cash Flow Generation should generate cash flows with principal and payments":
	  <li
	    class="jasmine-passed"
	    id="spec_spec411"
	    title="FinancialCalculatorService Cash Flow Generation should generate cash flows with principal and payments"
	  />
	  Name "FinancialCalculatorService Cash Flow Generation should handle empty payments array":
	  <li
	    class="jasmine-passed"
	    id="spec_spec413"
	    title="FinancialCalculatorService Cash Flow Generation should handle empty payments array"
	  />
	  Name "FinancialCalculatorService Cash Flow Generation should handle fewer payments than term":
	  <li
	    class="jasmine-passed"
	    id="spec_spec412"
	    title="FinancialCalculatorService Cash Flow Generation should handle fewer payments than term"
	  />
	  Name "FinancialCalculatorService Service Initialization should be created":
	  <li
	    class="jasmine-passed"
	    id="spec_spec400"
	    title="FinancialCalculatorService Service Initialization should be created"
	  />
	  Name "FinancialCalculatorService Market-Specific TIR Rates should return correct TIR for Estado de México":
	  <li
	    class="jasmine-passed"
	    id="spec_spec402"
	    title="FinancialCalculatorService Market-Specific TIR Rates should return correct TIR for Estado de México"
	  />
	  Name "FinancialCalculatorService Market-Specific TIR Rates should return default TIR for unknown market":
	  <li
	    class="jasmine-passed"
	    id="spec_spec403"
	    title="FinancialCalculatorService Market-Specific TIR Rates should return default TIR for unknown market"
	  />
	  Name "FinancialCalculatorService Market-Specific TIR Rates should return correct TIR for Aguascalientes":
	  <li
	    class="jasmine-passed"
	    id="spec_spec401"
	    title="FinancialCalculatorService Market-Specific TIR Rates should return correct TIR for Aguascalientes"
	  />
	  Name "FinancialCalculatorService Market-Specific TIR Rates should return default TIR when market is undefined":
	  <li
	    class="jasmine-passed"
	    id="spec_spec404"
	    title="FinancialCalculatorService Market-Specific TIR Rates should return default TIR when market is undefined"
	  />
	  Name "FinancialCalculatorService Annuity Calculations should handle negative interest rate":
	  <li
	    class="jasmine-passed"
	    id="spec_spec426"
	    title="FinancialCalculatorService Annuity Calculations should handle negative interest rate"
	  />
	  Name "FinancialCalculatorService Annuity Calculations should handle zero term":
	  <li
	    class="jasmine-passed"
	    id="spec_spec425"
	    title="FinancialCalculatorService Annuity Calculations should handle zero term"
	  />
	  Name "FinancialCalculatorService Annuity Calculations should handle zero interest rate":
	  <li
	    class="jasmine-passed"
	    id="spec_spec424"
	    title="FinancialCalculatorService Annuity Calculations should handle zero interest rate"
	  />
	  Name "FinancialCalculatorService Annuity Calculations should calculate monthly payment for standard loan":
	  <li
	    class="jasmine-passed"
	    id="spec_spec423"
	    title="FinancialCalculatorService Annuity Calculations should calculate monthly payment for standard loan"
	  />
	  Name "FinancialCalculatorService Balance Calculations should handle negative interest rate in balance calculation":
	  <li
	    class="jasmine-passed"
	    id="spec_spec430"
	    title="FinancialCalculatorService Balance Calculations should handle negative interest rate in balance calculation"
	  />
	  Name "FinancialCalculatorService Balance Calculations should handle zero months paid":
	  <li
	    class="jasmine-passed"
	    id="spec_spec429"
	    title="FinancialCalculatorService Balance Calculations should handle zero months paid"
	  />
	  Name "FinancialCalculatorService Balance Calculations should handle zero interest rate balance":
	  <li
	    class="jasmine-passed"
	    id="spec_spec428"
	    title="FinancialCalculatorService Balance Calculations should handle zero interest rate balance"
	  />
	  Name "FinancialCalculatorService Balance Calculations should calculate remaining balance after payments":
	  <li
	    class="jasmine-passed"
	    id="spec_spec427"
	    title="FinancialCalculatorService Balance Calculations should calculate remaining balance after payments"
	  />
	  Name "FinancialCalculatorService Edge Cases and Error Handling should handle very long terms":
	  <li
	    class="jasmine-passed"
	    id="spec_spec438"
	    title="FinancialCalculatorService Edge Cases and Error Handling should handle very long terms"
	  />
	  Name "FinancialCalculatorService Edge Cases and Error Handling should handle TIR calculation convergence issues":
	  <li
	    class="jasmine-passed"
	    id="spec_spec439"
	    title="FinancialCalculatorService Edge Cases and Error Handling should handle TIR calculation convergence issues"
	  />
	  Name "FinancialCalculatorService Edge Cases and Error Handling should handle very large principal amounts":
	  <li
	    class="jasmine-passed"
	    id="spec_spec436"
	    title="FinancialCalculatorService Edge Cases and Error Handling should handle very large principal amounts"
	  />
	  Name "FinancialCalculatorService Edge Cases and Error Handling should handle very small interest rates":
	  <li
	    class="jasmine-passed"
	    id="spec_spec437"
	    title="FinancialCalculatorService Edge Cases and Error Handling should handle very small interest rates"
	  />
	  Name "OCRService Text Extraction from Image File should handle extraction errors":
	  <li
	    class="jasmine-passed"
	    id="spec_spec629"
	    title="OCRService Text Extraction from Image File should handle extraction errors"
	  />
	  Name "OCRService Text Extraction from Image File should extract structured data when document type is provided":
	  <li
	    class="jasmine-failed"
	    id="spec_spec628"
	    title="OCRService Text Extraction from Image File should extract structured data when document type is provided"
	  />
	  Name "OCRService Text Extraction from Image File should extract text from image file":
	  <li
	    class="jasmine-failed"
	    id="spec_spec627"
	    title="OCRService Text Extraction from Image File should extract text from image file"
	  />
	  Name "OCRService Text Extraction from Image File should update progress during extraction":
	  <li
	    class="jasmine-failed"
	    id="spec_spec630"
	    title="OCRService Text Extraction from Image File should update progress during extraction"
	  />
	  Name "OCRService Text Extraction from Base64 should extract structured data from base64 with document type":
	  <li
	    class="jasmine-failed"
	    id="spec_spec632"
	    title="OCRService Text Extraction from Base64 should extract structured data from base64 with document type"
	  />
	  Name "OCRService Text Extraction from Base64 should handle base64 extraction errors":
	  <li
	    class="jasmine-passed"
	    id="spec_spec633"
	    title="OCRService Text Extraction from Base64 should handle base64 extraction errors"
	  />
	  Name "OCRService Text Extraction from Base64 should extract text from base64 image":
	  <li
	    class="jasmine-failed"
	    id="spec_spec631"
	    title="OCRService Text Extraction from Base64 should extract text from base64 image"
	  />
	  Name "OCRService Service Initialization should provide progress observable":
	  <li
	    class="jasmine-passed"
	    id="spec_spec622"
	    title="OCRService Service Initialization should provide progress observable"
	  />
	  Name "OCRService Service Initialization should be created":
	  <li
	    class="jasmine-passed"
	    id="spec_spec621"
	    title="OCRService Service Initialization should be created"
	  />
	  Name "OCRService Worker Initialization should update progress during initialization":
	  <li
	    class="jasmine-passed"
	    id="spec_spec626"
	    title="OCRService Worker Initialization should update progress during initialization"
	  />
	  Name "OCRService Worker Initialization should handle initialization errors":
	  <li
	    class="jasmine-passed"
	    id="spec_spec625"
	    title="OCRService Worker Initialization should handle initialization errors"
	  />
	  Name "OCRService Worker Initialization should initialize Tesseract worker with Spanish and English":
	  <li
	    class="jasmine-failed"
	    id="spec_spec623"
	    title="OCRService Worker Initialization should initialize Tesseract worker with Spanish and English"
	  />
	  Name "OCRService Worker Initialization should not reinitialize if already initialized":
	  <li
	    class="jasmine-failed"
	    id="spec_spec624"
	    title="OCRService Worker Initialization should not reinitialize if already initialized"
	  />
	  Name "OCRService INE Data Extraction should extract CURP from INE text":
	  <li
	    class="jasmine-failed"
	    id="spec_spec634"
	    title="OCRService INE Data Extraction should extract CURP from INE text"
	  />
	  Name "OCRService INE Data Extraction should extract birth date from INE text":
	  <li
	    class="jasmine-failed"
	    id="spec_spec636"
	    title="OCRService INE Data Extraction should extract birth date from INE text"
	  />
	  Name "OCRService INE Data Extraction should extract name from INE text":
	  <li
	    class="jasmine-failed"
	    id="spec_spec635"
	    title="OCRService INE Data Extraction should extract name from INE text"
	  />
	  Name "OCRService Tarjeta de Circulación Data Extraction should extract model and year":
	  <li
	    class="jasmine-failed"
	    id="spec_spec639"
	    title="OCRService Tarjeta de Circulación Data Extraction should extract model and year"
	  />
	  Name "OCRService Tarjeta de Circulación Data Extraction should extract vehicle brand":
	  <li
	    class="jasmine-failed"
	    id="spec_spec638"
	    title="OCRService Tarjeta de Circulación Data Extraction should extract vehicle brand"
	  />
	  Name "OCRService Tarjeta de Circulación Data Extraction should extract license plates":
	  <li
	    class="jasmine-failed"
	    id="spec_spec637"
	    title="OCRService Tarjeta de Circulación Data Extraction should extract license plates"
	  />
	  Name "OCRService Worker Management should reinitialize worker after termination":
	  <li
	    class="jasmine-failed"
	    id="spec_spec652"
	    title="OCRService Worker Management should reinitialize worker after termination"
	  />
	  Name "OCRService Worker Management should handle termination when worker is null":
	  <li
	    class="jasmine-passed"
	    id="spec_spec651"
	    title="OCRService Worker Management should handle termination when worker is null"
	  />
	  Name "OCRService Worker Management should terminate worker properly":
	  <li
	    class="jasmine-failed"
	    id="spec_spec650"
	    title="OCRService Worker Management should terminate worker properly"
	  />
	  Name "OCRService Progress Messaging should handle unknown status messages":
	  <li
	    class="jasmine-empty"
	    id="spec_spec654"
	    title="OCRService Progress Messaging should handle unknown status messages"
	  />
	  Name "OCRService Progress Messaging should translate status messages to Spanish":
	  <li
	    class="jasmine-failed"
	    id="spec_spec653"
	    title="OCRService Progress Messaging should translate status messages to Spanish"
	  />
	  Name "OCRService Edge Cases and Error Handling should handle very low confidence results":
	  <li
	    class="jasmine-failed"
	    id="spec_spec659"
	    title="OCRService Edge Cases and Error Handling should handle very low confidence results"
	  />
	  Name "OCRService Edge Cases and Error Handling should handle extraction without document type":
	  <li
	    class="jasmine-failed"
	    id="spec_spec658"
	    title="OCRService Edge Cases and Error Handling should handle extraction without document type"
	  />
	  Name "OCRService Edge Cases and Error Handling should handle documents with mixed case text":
	  <li
	    class="jasmine-failed"
	    id="spec_spec657"
	    title="OCRService Edge Cases and Error Handling should handle documents with mixed case text"
	  />
	  Name "OCRService Edge Cases and Error Handling should handle malformed CURP patterns":
	  <li
	    class="jasmine-failed"
	    id="spec_spec656"
	    title="OCRService Edge Cases and Error Handling should handle malformed CURP patterns"
	  />
	  Name "OCRService Edge Cases and Error Handling should handle empty text extraction":
	  <li
	    class="jasmine-failed"
	    id="spec_spec655"
	    title="OCRService Edge Cases and Error Handling should handle empty text extraction"
	  />
	  Name "OCRService Comprobante de Domicilio Data Extraction should extract date from comprobante":
	  <li
	    class="jasmine-failed"
	    id="spec_spec642"
	    title="OCRService Comprobante de Domicilio Data Extraction should extract date from comprobante"
	  />
	  Name "OCRService Comprobante de Domicilio Data Extraction should identify utility provider":
	  <li
	    class="jasmine-failed"
	    id="spec_spec641"
	    title="OCRService Comprobante de Domicilio Data Extraction should identify utility provider"
	  />
	  Name "OCRService Comprobante de Domicilio Data Extraction should extract address information":
	  <li
	    class="jasmine-failed"
	    id="spec_spec640"
	    title="OCRService Comprobante de Domicilio Data Extraction should extract address information"
	  />
	  Name "OCRService RFC Data Extraction should extract taxpayer name":
	  <li
	    class="jasmine-failed"
	    id="spec_spec644"
	    title="OCRService RFC Data Extraction should extract taxpayer name"
	  />
	  Name "OCRService RFC Data Extraction should extract RFC code":
	  <li
	    class="jasmine-failed"
	    id="spec_spec643"
	    title="OCRService RFC Data Extraction should extract RFC code"
	  />
	  Name "OCRService Document Type Validation should validate RFC documents":
	  <li
	    class="jasmine-passed"
	    id="spec_spec649"
	    title="OCRService Document Type Validation should validate RFC documents"
	  />
	  Name "OCRService Document Type Validation should validate comprobante de domicilio":
	  <li
	    class="jasmine-passed"
	    id="spec_spec648"
	    title="OCRService Document Type Validation should validate comprobante de domicilio"
	  />
	  Name "OCRService Document Type Validation should validate INE document correctly":
	  <li
	    class="jasmine-passed"
	    id="spec_spec645"
	    title="OCRService Document Type Validation should validate INE document correctly"
	  />
	  Name "OCRService Document Type Validation should handle unknown document types":
	  <li
	    class="jasmine-failed"
	    id="spec_spec647"
	    title="OCRService Document Type Validation should handle unknown document types"
	  />
	  Name "OCRService Document Type Validation should detect mismatched document types":
	  <li
	    class="jasmine-passed"
	    id="spec_spec646"
	    title="OCRService Document Type Validation should detect mismatched document types"
	  />
	  Name "ConfigurationService Scoring Configuration should get scoring configuration":
	  <li
	    class="jasmine-passed"
	    id="spec_spec208"
	    title="ConfigurationService Scoring Configuration should get scoring configuration"
	  />
	  Name "ConfigurationService Scoring Configuration should have business flow scoring requirements":
	  <li
	    class="jasmine-passed"
	    id="spec_spec209"
	    title="ConfigurationService Scoring Configuration should have business flow scoring requirements"
	  />
	  Name "ConfigurationService Scoring Configuration should have scoring factors configuration":
	  <li
	    class="jasmine-passed"
	    id="spec_spec211"
	    title="ConfigurationService Scoring Configuration should have scoring factors configuration"
	  />
	  Name "ConfigurationService Scoring Configuration should have correct scoring thresholds":
	  <li
	    class="jasmine-passed"
	    id="spec_spec210"
	    title="ConfigurationService Scoring Configuration should have correct scoring thresholds"
	  />
	  Name "ConfigurationService AVI Configuration should have market specific questions":
	  <li
	    class="jasmine-passed"
	    id="spec_spec218"
	    title="ConfigurationService AVI Configuration should have market specific questions"
	  />
	  Name "ConfigurationService AVI Configuration should have random questions configuration":
	  <li
	    class="jasmine-passed"
	    id="spec_spec219"
	    title="ConfigurationService AVI Configuration should have random questions configuration"
	  />
	  Name "ConfigurationService AVI Configuration should get AVI configuration":
	  <li
	    class="jasmine-passed"
	    id="spec_spec215"
	    title="ConfigurationService AVI Configuration should get AVI configuration"
	  />
	  Name "ConfigurationService AVI Configuration should have core AVI questions":
	  <li
	    class="jasmine-passed"
	    id="spec_spec216"
	    title="ConfigurationService AVI Configuration should have core AVI questions"
	  />
	  Name "ConfigurationService AVI Configuration should have validation configuration":
	  <li
	    class="jasmine-passed"
	    id="spec_spec220"
	    title="ConfigurationService AVI Configuration should have validation configuration"
	  />
	  Name "ConfigurationService AVI Configuration should have business flow specific questions":
	  <li
	    class="jasmine-passed"
	    id="spec_spec217"
	    title="ConfigurationService AVI Configuration should have business flow specific questions"
	  />
	  Name "ConfigurationService Market Configuration should have correct Estado de México market configuration":
	  <li
	    class="jasmine-passed"
	    id="spec_spec206"
	    title="ConfigurationService Market Configuration should have correct Estado de México market configuration"
	  />
	  Name "ConfigurationService Market Configuration should include EdoMex municipalities":
	  <li
	    class="jasmine-passed"
	    id="spec_spec207"
	    title="ConfigurationService Market Configuration should include EdoMex municipalities"
	  />
	  Name "ConfigurationService Market Configuration should get market configuration":
	  <li
	    class="jasmine-passed"
	    id="spec_spec204"
	    title="ConfigurationService Market Configuration should get market configuration"
	  />
	  Name "ConfigurationService Market Configuration should have correct Aguascalientes market configuration":
	  <li
	    class="jasmine-passed"
	    id="spec_spec205"
	    title="ConfigurationService Market Configuration should have correct Aguascalientes market configuration"
	  />
	  Name "ConfigurationService Configuration Loading and Updates should preserve existing configuration when updating":
	  <li
	    class="jasmine-passed"
	    id="spec_spec203"
	    title="ConfigurationService Configuration Loading and Updates should preserve existing configuration when updating"
	  />
	  Name "ConfigurationService Configuration Loading and Updates should refresh configuration from API":
	  <li
	    class="jasmine-passed"
	    id="spec_spec201"
	    title="ConfigurationService Configuration Loading and Updates should refresh configuration from API"
	  />
	  Name "ConfigurationService Configuration Loading and Updates should update configuration successfully":
	  <li
	    class="jasmine-passed"
	    id="spec_spec202"
	    title="ConfigurationService Configuration Loading and Updates should update configuration successfully"
	  />
	  Name "ConfigurationService Configuration Loading and Updates should get current configuration":
	  <li
	    class="jasmine-passed"
	    id="spec_spec200"
	    title="ConfigurationService Configuration Loading and Updates should get current configuration"
	  />
	  Name "ConfigurationService Service Initialization should be created":
	  <li
	    class="jasmine-passed"
	    id="spec_spec197"
	    title="ConfigurationService Service Initialization should be created"
	  />
	  Name "ConfigurationService Service Initialization should load default configuration on initialization":
	  <li
	    class="jasmine-passed"
	    id="spec_spec199"
	    title="ConfigurationService Service Initialization should load default configuration on initialization"
	  />
	  Name "ConfigurationService Service Initialization should provide configuration observable":
	  <li
	    class="jasmine-passed"
	    id="spec_spec198"
	    title="ConfigurationService Service Initialization should provide configuration observable"
	  />
	  Name "ConfigurationService Error Handling and Edge Cases should handle partial configuration updates":
	  <li
	    class="jasmine-passed"
	    id="spec_spec252"
	    title="ConfigurationService Error Handling and Edge Cases should handle partial configuration updates"
	  />
	  Name "ConfigurationService Error Handling and Edge Cases should handle empty configuration updates":
	  <li
	    class="jasmine-passed"
	    id="spec_spec253"
	    title="ConfigurationService Error Handling and Edge Cases should handle empty configuration updates"
	  />
	  Name "ConfigurationService Error Handling and Edge Cases should provide configuration even when API fails":
	  <li
	    class="jasmine-passed"
	    id="spec_spec254"
	    title="ConfigurationService Error Handling and Edge Cases should provide configuration even when API fails"
	  />
	  Name "ConfigurationService Error Handling and Edge Cases should handle nested configuration access":
	  <li
	    class="jasmine-passed"
	    id="spec_spec255"
	    title="ConfigurationService Error Handling and Edge Cases should handle nested configuration access"
	  />
	  Name "ConfigurationService UX Optimization Configuration should have recommendations configuration":
	  <li
	    class="jasmine-passed"
	    id="spec_spec249"
	    title="ConfigurationService UX Optimization Configuration should have recommendations configuration"
	  />
	  Name "ConfigurationService UX Optimization Configuration should have A/B testing configuration":
	  <li
	    class="jasmine-passed"
	    id="spec_spec248"
	    title="ConfigurationService UX Optimization Configuration should have A/B testing configuration"
	  />
	  Name "ConfigurationService UX Optimization Configuration should get UX optimization configuration":
	  <li
	    class="jasmine-passed"
	    id="spec_spec247"
	    title="ConfigurationService UX Optimization Configuration should get UX optimization configuration"
	  />
	  Name "ConfigurationService Configuration Versioning should track configuration version":
	  <li
	    class="jasmine-passed"
	    id="spec_spec250"
	    title="ConfigurationService Configuration Versioning should track configuration version"
	  />
	  Name "ConfigurationService Configuration Versioning should update lastUpdated when configuration changes":
	  <li
	    class="jasmine-passed"
	    id="spec_spec251"
	    title="ConfigurationService Configuration Versioning should update lastUpdated when configuration changes"
	  />
	  Name "ConfigurationService Analytics Configuration should have performance metrics configuration":
	  <li
	    class="jasmine-passed"
	    id="spec_spec246"
	    title="ConfigurationService Analytics Configuration should have performance metrics configuration"
	  />
	  Name "ConfigurationService Analytics Configuration should have funnel analysis configuration":
	  <li
	    class="jasmine-passed"
	    id="spec_spec245"
	    title="ConfigurationService Analytics Configuration should have funnel analysis configuration"
	  />
	  Name "ConfigurationService Analytics Configuration should have heatmap configuration":
	  <li
	    class="jasmine-passed"
	    id="spec_spec244"
	    title="ConfigurationService Analytics Configuration should have heatmap configuration"
	  />
	  Name "ConfigurationService Analytics Configuration should get analytics configuration":
	  <li
	    class="jasmine-passed"
	    id="spec_spec243"
	    title="ConfigurationService Analytics Configuration should get analytics configuration"
	  />
	  Name "ConfigurationService Smart UX Configuration should have session recovery configuration":
	  <li
	    class="jasmine-passed"
	    id="spec_spec242"
	    title="ConfigurationService Smart UX Configuration should have session recovery configuration"
	  />
	  Name "ConfigurationService Smart UX Configuration should have auto-complete configuration":
	  <li
	    class="jasmine-passed"
	    id="spec_spec241"
	    title="ConfigurationService Smart UX Configuration should have auto-complete configuration"
	  />
	  Name "ConfigurationService Smart UX Configuration should get smart UX configuration":
	  <li
	    class="jasmine-passed"
	    id="spec_spec240"
	    title="ConfigurationService Smart UX Configuration should get smart UX configuration"
	  />
	  Name "ConfigurationService UI Configuration should have navigation configuration":
	  <li
	    class="jasmine-passed"
	    id="spec_spec238"
	    title="ConfigurationService UI Configuration should have navigation configuration"
	  />
	  Name "ConfigurationService UI Configuration should have theme configuration":
	  <li
	    class="jasmine-passed"
	    id="spec_spec237"
	    title="ConfigurationService UI Configuration should have theme configuration"
	  />
	  Name "ConfigurationService UI Configuration should get simple UI configuration":
	  <li
	    class="jasmine-passed"
	    id="spec_spec236"
	    title="ConfigurationService UI Configuration should get simple UI configuration"
	  />
	  Name "ConfigurationService UI Configuration should have language configuration":
	  <li
	    class="jasmine-passed"
	    id="spec_spec239"
	    title="ConfigurationService UI Configuration should have language configuration"
	  />
	  Name "ConfigurationService Workflow Configuration should have automation configurations":
	  <li
	    class="jasmine-passed"
	    id="spec_spec232"
	    title="ConfigurationService Workflow Configuration should have automation configurations"
	  />
	  Name "ConfigurationService Workflow Configuration should get workflow configuration":
	  <li
	    class="jasmine-passed"
	    id="spec_spec231"
	    title="ConfigurationService Workflow Configuration should get workflow configuration"
	  />
	  Name "ConfigurationService Workflow Configuration should have escalation rules":
	  <li
	    class="jasmine-passed"
	    id="spec_spec234"
	    title="ConfigurationService Workflow Configuration should have escalation rules"
	  />
	  Name "ConfigurationService Workflow Configuration should have approval chains":
	  <li
	    class="jasmine-passed"
	    id="spec_spec233"
	    title="ConfigurationService Workflow Configuration should have approval chains"
	  />
	  Name "ConfigurationService Workflow Configuration should have SLA targets":
	  <li
	    class="jasmine-passed"
	    id="spec_spec235"
	    title="ConfigurationService Workflow Configuration should have SLA targets"
	  />
	  Name "ConfigurationService should cache namespace result (shareReplay) for subsequent subscribers":
	  <li
	    class="jasmine-passed"
	    id="spec_spec195"
	    title="ConfigurationService should cache namespace result (shareReplay) for subsequent subscribers"
	  />
	  Name "ConfigurationService should load namespace from assets when remote disabled":
	  <li
	    class="jasmine-passed"
	    id="spec_spec194"
	    title="ConfigurationService should load namespace from assets when remote disabled"
	  />
	  Name "ConfigurationService Notification Configuration should have email templates":
	  <li
	    class="jasmine-passed"
	    id="spec_spec227"
	    title="ConfigurationService Notification Configuration should have email templates"
	  />
	  Name "ConfigurationService Notification Configuration should have channel configurations":
	  <li
	    class="jasmine-passed"
	    id="spec_spec226"
	    title="ConfigurationService Notification Configuration should have channel configurations"
	  />
	  Name "ConfigurationService Notification Configuration should have SMS templates with length limits":
	  <li
	    class="jasmine-passed"
	    id="spec_spec228"
	    title="ConfigurationService Notification Configuration should have SMS templates with length limits"
	  />
	  Name "ConfigurationService Notification Configuration should have notification triggers":
	  <li
	    class="jasmine-passed"
	    id="spec_spec229"
	    title="ConfigurationService Notification Configuration should have notification triggers"
	  />
	  Name "ConfigurationService Notification Configuration should get notification configuration":
	  <li
	    class="jasmine-passed"
	    id="spec_spec225"
	    title="ConfigurationService Notification Configuration should get notification configuration"
	  />
	  Name "ConfigurationService Notification Configuration should have scheduled notifications":
	  <li
	    class="jasmine-passed"
	    id="spec_spec230"
	    title="ConfigurationService Notification Configuration should have scheduled notifications"
	  />
	  Name "ConfigurationService Business Flow Configuration should have correct VentaDirecta configuration":
	  <li
	    class="jasmine-passed"
	    id="spec_spec213"
	    title="ConfigurationService Business Flow Configuration should have correct VentaDirecta configuration"
	  />
	  Name "ConfigurationService Business Flow Configuration should have correct CreditoColectivo configuration":
	  <li
	    class="jasmine-passed"
	    id="spec_spec214"
	    title="ConfigurationService Business Flow Configuration should have correct CreditoColectivo configuration"
	  />
	  Name "ConfigurationService Business Flow Configuration should get business flow configuration":
	  <li
	    class="jasmine-passed"
	    id="spec_spec212"
	    title="ConfigurationService Business Flow Configuration should get business flow configuration"
	  />
	  Name "ConfigurationService updateConfiguration should merge and emit new configuration":
	  <li
	    class="jasmine-passed"
	    id="spec_spec196"
	    title="ConfigurationService updateConfiguration should merge and emit new configuration"
	  />
	  Name "ConfigurationService Questionnaire Configuration should get questionnaire configuration":
	  <li
	    class="jasmine-passed"
	    id="spec_spec221"
	    title="ConfigurationService Questionnaire Configuration should get questionnaire configuration"
	  />
	  Name "ConfigurationService Questionnaire Configuration should have completion requirements":
	  <li
	    class="jasmine-passed"
	    id="spec_spec223"
	    title="ConfigurationService Questionnaire Configuration should have completion requirements"
	  />
	  Name "ConfigurationService Questionnaire Configuration should have standard questionnaire sections":
	  <li
	    class="jasmine-passed"
	    id="spec_spec222"
	    title="ConfigurationService Questionnaire Configuration should have standard questionnaire sections"
	  />
	  Name "ConfigurationService Questionnaire Configuration should have dynamic questionnaire configuration":
	  <li
	    class="jasmine-passed"
	    id="spec_spec224"
	    title="ConfigurationService Questionnaire Configuration should have dynamic questionnaire configuration"
	  />
	  Name "ClienteFormComponent should handle different markets correctly":
	  <li
	    class="jasmine-passed"
	    id="spec_spec931"
	    title="ClienteFormComponent should handle different markets correctly"
	  />
	  Name "ClienteFormComponent should validate email format":
	  <li
	    class="jasmine-passed"
	    id="spec_spec920"
	    title="ClienteFormComponent should validate email format"
	  />
	  Name "ClienteFormComponent should handle different business flows correctly":
	  <li
	    class="jasmine-passed"
	    id="spec_spec930"
	    title="ClienteFormComponent should handle different business flows correctly"
	  />
	  Name "ClienteFormComponent should validate phone format":
	  <li
	    class="jasmine-passed"
	    id="spec_spec921"
	    title="ClienteFormComponent should validate phone format"
	  />
	  Name "ClienteFormComponent should clean form when switching between markets":
	  <li
	    class="jasmine-passed"
	    id="spec_spec932"
	    title="ClienteFormComponent should clean form when switching between markets"
	  />
	  Name "ClienteFormComponent should load existing client data in edit mode":
	  <li
	    class="jasmine-passed"
	    id="spec_spec924"
	    title="ClienteFormComponent should load existing client data in edit mode"
	  />
	  Name "ClienteFormComponent should update existing client with valid form data":
	  <li
	    class="jasmine-failed"
	    id="spec_spec925"
	    title="ClienteFormComponent should update existing client with valid form data"
	  />
	  Name "ClienteFormComponent should validate RFC format if provided":
	  <li
	    class="jasmine-passed"
	    id="spec_spec922"
	    title="ClienteFormComponent should validate RFC format if provided"
	  />
	  Name "ClienteFormComponent should create new client with valid form data":
	  <li
	    class="jasmine-failed"
	    id="spec_spec923"
	    title="ClienteFormComponent should create new client with valid form data"
	  />
	  Name "ClienteFormComponent should handle API error during client creation":
	  <li
	    class="jasmine-passed"
	    id="spec_spec926"
	    title="ClienteFormComponent should handle API error during client creation"
	  />
	  Name "ClienteFormComponent should navigate back when goBack is called":
	  <li
	    class="jasmine-passed"
	    id="spec_spec928"
	    title="ClienteFormComponent should navigate back when goBack is called"
	  />
	  Name "ClienteFormComponent should prevent form submission when invalid":
	  <li
	    class="jasmine-passed"
	    id="spec_spec927"
	    title="ClienteFormComponent should prevent form submission when invalid"
	  />
	  Name "ClienteFormComponent should set loading state during form submission":
	  <li
	    class="jasmine-passed"
	    id="spec_spec929"
	    title="ClienteFormComponent should set loading state during form submission"
	  />
	  Name "ClienteFormComponent should create":
	  <li
	    class="jasmine-passed"
	    id="spec_spec917"
	    title="ClienteFormComponent should create"
	  />
	  Name "ClienteFormComponent should initialize form with default values for new client":
	  <li
	    class="jasmine-failed"
	    id="spec_spec918"
	    title="ClienteFormComponent should initialize form with default values for new client"
	  />
	  Name "ClienteFormComponent should validate required fields":
	  <li
	    class="jasmine-passed"
	    id="spec_spec919"
	    title="ClienteFormComponent should validate required fields"
	  />
	  Name "AppComponent should create the app":
	  <li
	    class="jasmine-passed"
	    id="spec_spec0"
	    title="AppComponent should create the app"
	  />
	  Name "AppComponent should have the 'conductores-pwa' title":
	  <li
	    class="jasmine-passed"
	    id="spec_spec1"
	    title="AppComponent should have the 'conductores-pwa' title"
	  />
	  Name "AppComponent should render title":
	  <li
	    class="jasmine-passed"
	    id="spec_spec2"
	    title="AppComponent should render title"
	  />
	  Name "BusinessRulesService Business Flow Change Validation should allow flow change when no documents are approved":
	  <li
	    class="jasmine-passed"
	    id="spec_spec146"
	    title="BusinessRulesService Business Flow Change Validation should allow flow change when no documents are approved"
	  />
	  Name "BusinessRulesService Business Flow Change Validation should not allow flow change when documents are approved":
	  <li
	    class="jasmine-passed"
	    id="spec_spec147"
	    title="BusinessRulesService Business Flow Change Validation should not allow flow change when documents are approved"
	  />
	  Name "BusinessRulesService Business Flow Change Validation should not allow collective credit in Aguascalientes":
	  <li
	    class="jasmine-passed"
	    id="spec_spec148"
	    title="BusinessRulesService Business Flow Change Validation should not allow collective credit in Aguascalientes"
	  />
	  Name "BusinessRulesService Business Flow Change Validation should require ecosystem for EdoMex collective credit":
	  <li
	    class="jasmine-passed"
	    id="spec_spec149"
	    title="BusinessRulesService Business Flow Change Validation should require ecosystem for EdoMex collective credit"
	  />
	  Name "BusinessRulesService Market Requirements should include required documents for each market":
	  <li
	    class="jasmine-passed"
	    id="spec_spec145"
	    title="BusinessRulesService Market Requirements should include required documents for each market"
	  />
	  Name "BusinessRulesService Market Requirements should get Aguascalientes requirements":
	  <li
	    class="jasmine-passed"
	    id="spec_spec143"
	    title="BusinessRulesService Market Requirements should get Aguascalientes requirements"
	  />
	  Name "BusinessRulesService Market Requirements should get Estado de México requirements":
	  <li
	    class="jasmine-passed"
	    id="spec_spec144"
	    title="BusinessRulesService Market Requirements should get Estado de México requirements"
	  />
	  Name "BusinessRulesService Market Requirements Special Rules should include EdoMex specific rules about ecosystem":
	  <li
	    class="jasmine-passed"
	    id="spec_spec162"
	    title="BusinessRulesService Market Requirements Special Rules should include EdoMex specific rules about ecosystem"
	  />
	  Name "BusinessRulesService Market Requirements Special Rules should include AGS specific rules about credit types":
	  <li
	    class="jasmine-passed"
	    id="spec_spec161"
	    title="BusinessRulesService Market Requirements Special Rules should include AGS specific rules about credit types"
	  />
	  Name "BusinessRulesService Ecosystem Validation Edge Cases should properly identify required vs optional documents":
	  <li
	    class="jasmine-failed"
	    id="spec_spec164"
	    title="BusinessRulesService Ecosystem Validation Edge Cases should properly identify required vs optional documents"
	  />
	  Name "BusinessRulesService Ecosystem Validation Edge Cases should handle ecosystem validation with partial documents":
	  <li
	    class="jasmine-passed"
	    id="spec_spec163"
	    title="BusinessRulesService Ecosystem Validation Edge Cases should handle ecosystem validation with partial documents"
	  />
	  Name "BusinessRulesService Age Calculation should calculate age correctly":
	  <li
	    class="jasmine-passed"
	    id="spec_spec153"
	    title="BusinessRulesService Age Calculation should calculate age correctly"
	  />
	  Name "BusinessRulesService Age Calculation should handle birthday not yet reached this year":
	  <li
	    class="jasmine-passed"
	    id="spec_spec154"
	    title="BusinessRulesService Age Calculation should handle birthday not yet reached this year"
	  />
	  Name "BusinessRulesService Credit History Validation should warn about low credit score":
	  <li
	    class="jasmine-passed"
	    id="spec_spec151"
	    title="BusinessRulesService Credit History Validation should warn about low credit score"
	  />
	  Name "BusinessRulesService Credit History Validation should validate credit history with simulated score":
	  <li
	    class="jasmine-passed"
	    id="spec_spec150"
	    title="BusinessRulesService Credit History Validation should validate credit history with simulated score"
	  />
	  Name "BusinessRulesService Credit History Validation should recommend special conditions for very low score":
	  <li
	    class="jasmine-passed"
	    id="spec_spec152"
	    title="BusinessRulesService Credit History Validation should recommend special conditions for very low score"
	  />
	  Name "BusinessRulesService Service Initialization should have EdoMex specific rules":
	  <li
	    class="jasmine-passed"
	    id="spec_spec119"
	    title="BusinessRulesService Service Initialization should have EdoMex specific rules"
	  />
	  Name "BusinessRulesService Service Initialization should have universal rules":
	  <li
	    class="jasmine-passed"
	    id="spec_spec120"
	    title="BusinessRulesService Service Initialization should have universal rules"
	  />
	  Name "BusinessRulesService Service Initialization should have AGS specific rules":
	  <li
	    class="jasmine-passed"
	    id="spec_spec118"
	    title="BusinessRulesService Service Initialization should have AGS specific rules"
	  />
	  Name "BusinessRulesService Service Initialization should initialize validation rules":
	  <li
	    class="jasmine-passed"
	    id="spec_spec117"
	    title="BusinessRulesService Service Initialization should initialize validation rules"
	  />
	  Name "BusinessRulesService Service Initialization should be created":
	  <li
	    class="jasmine-passed"
	    id="spec_spec116"
	    title="BusinessRulesService Service Initialization should be created"
	  />
	  Name "BusinessRulesService Collective Group Validation Details should validate down payment minimum for collective credit":
	  <li
	    class="jasmine-passed"
	    id="spec_spec160"
	    title="BusinessRulesService Collective Group Validation Details should validate down payment minimum for collective credit"
	  />
	  Name "BusinessRulesService Collective Group Validation Details should validate down payment range for collective credit":
	  <li
	    class="jasmine-passed"
	    id="spec_spec159"
	    title="BusinessRulesService Collective Group Validation Details should validate down payment range for collective credit"
	  />
	  Name "BusinessRulesService Collective Group Validation Details should validate minimum group size":
	  <li
	    class="jasmine-passed"
	    id="spec_spec158"
	    title="BusinessRulesService Collective Group Validation Details should validate minimum group size"
	  />
	  Name "BusinessRulesService Client Validation should filter rules by market correctly":
	  <li
	    class="jasmine-passed"
	    id="spec_spec127"
	    title="BusinessRulesService Client Validation should filter rules by market correctly"
	  />
	  Name "BusinessRulesService Client Validation should fail validation for client without income":
	  <li
	    class="jasmine-passed"
	    id="spec_spec126"
	    title="BusinessRulesService Client Validation should fail validation for client without income"
	  />
	  Name "BusinessRulesService Client Validation should validate EdoMex client successfully":
	  <li
	    class="jasmine-passed"
	    id="spec_spec122"
	    title="BusinessRulesService Client Validation should validate EdoMex client successfully"
	  />
	  Name "BusinessRulesService Client Validation should validate AGS client successfully":
	  <li
	    class="jasmine-passed"
	    id="spec_spec121"
	    title="BusinessRulesService Client Validation should validate AGS client successfully"
	  />
	  Name "BusinessRulesService Client Validation should fail validation for client over age limit":
	  <li
	    class="jasmine-passed"
	    id="spec_spec125"
	    title="BusinessRulesService Client Validation should fail validation for client over age limit"
	  />
	  Name "BusinessRulesService Client Validation should fail validation for underage client":
	  <li
	    class="jasmine-passed"
	    id="spec_spec124"
	    title="BusinessRulesService Client Validation should fail validation for underage client"
	  />
	  Name "BusinessRulesService Client Validation should filter rules by business flow correctly":
	  <li
	    class="jasmine-passed"
	    id="spec_spec128"
	    title="BusinessRulesService Client Validation should filter rules by business flow correctly"
	  />
	  Name "BusinessRulesService Client Validation should fail validation for client with missing documents":
	  <li
	    class="jasmine-passed"
	    id="spec_spec123"
	    title="BusinessRulesService Client Validation should fail validation for client with missing documents"
	  />
	  Name "BusinessRulesService Helper Methods should consolidate validation results correctly":
	  <li
	    class="jasmine-passed"
	    id="spec_spec155"
	    title="BusinessRulesService Helper Methods should consolidate validation results correctly"
	  />
	  Name "BusinessRulesService Helper Methods should get ecosystem required documents":
	  <li
	    class="jasmine-passed"
	    id="spec_spec156"
	    title="BusinessRulesService Helper Methods should get ecosystem required documents"
	  />
	  Name "BusinessRulesService Helper Methods should generate ecosystem validation notes":
	  <li
	    class="jasmine-passed"
	    id="spec_spec157"
	    title="BusinessRulesService Helper Methods should generate ecosystem validation notes"
	  />
	  Name "BusinessRulesService AGS Specific Validations should validate AGS term requirements (12 or 24 months)":
	  <li
	    class="jasmine-passed"
	    id="spec_spec130"
	    title="BusinessRulesService AGS Specific Validations should validate AGS term requirements (12 or 24 months)"
	  />
	  Name "BusinessRulesService AGS Specific Validations should validate AGS required documents":
	  <li
	    class="jasmine-passed"
	    id="spec_spec132"
	    title="BusinessRulesService AGS Specific Validations should validate AGS required documents"
	  />
	  Name "BusinessRulesService AGS Specific Validations should validate AGS minimum income ($15,000)":
	  <li
	    class="jasmine-passed"
	    id="spec_spec131"
	    title="BusinessRulesService AGS Specific Validations should validate AGS minimum income ($15,000)"
	  />
	  Name "BusinessRulesService AGS Specific Validations should validate AGS down payment requirement (60%)":
	  <li
	    class="jasmine-passed"
	    id="spec_spec129"
	    title="BusinessRulesService AGS Specific Validations should validate AGS down payment requirement (60%)"
	  />
	  Name "BusinessRulesService EdoMex Specific Validations should validate EdoMex payment capacity ($20,000 minimum)":
	  <li
	    class="jasmine-passed"
	    id="spec_spec137"
	    title="BusinessRulesService EdoMex Specific Validations should validate EdoMex payment capacity ($20,000 minimum)"
	  />
	  Name "BusinessRulesService EdoMex Specific Validations should require group assignment for collective credit":
	  <li
	    class="jasmine-passed"
	    id="spec_spec136"
	    title="BusinessRulesService EdoMex Specific Validations should require group assignment for collective credit"
	  />
	  Name "BusinessRulesService EdoMex Specific Validations should validate collective group requirements":
	  <li
	    class="jasmine-passed"
	    id="spec_spec135"
	    title="BusinessRulesService EdoMex Specific Validations should validate collective group requirements"
	  />
	  Name "BusinessRulesService EdoMex Specific Validations should warn about high payment-to-income ratio":
	  <li
	    class="jasmine-passed"
	    id="spec_spec138"
	    title="BusinessRulesService EdoMex Specific Validations should warn about high payment-to-income ratio"
	  />
	  Name "BusinessRulesService EdoMex Specific Validations should validate EdoMex ecosystem documents":
	  <li
	    class="jasmine-passed"
	    id="spec_spec134"
	    title="BusinessRulesService EdoMex Specific Validations should validate EdoMex ecosystem documents"
	  />
	  Name "BusinessRulesService EdoMex Specific Validations should require ecosystem assignment for EdoMex":
	  <li
	    class="jasmine-passed"
	    id="spec_spec133"
	    title="BusinessRulesService EdoMex Specific Validations should require ecosystem assignment for EdoMex"
	  />
	  Name "BusinessRulesService Ecosystem Validation should fail ecosystem validation for client without ecosystem":
	  <li
	    class="jasmine-passed"
	    id="spec_spec140"
	    title="BusinessRulesService Ecosystem Validation should fail ecosystem validation for client without ecosystem"
	  />
	  Name "BusinessRulesService Ecosystem Validation should throw error for AGS client ecosystem validation":
	  <li
	    class="jasmine-passed"
	    id="spec_spec141"
	    title="BusinessRulesService Ecosystem Validation should throw error for AGS client ecosystem validation"
	  />
	  Name "BusinessRulesService Ecosystem Validation should validate ecosystem for EdoMex client":
	  <li
	    class="jasmine-failed"
	    id="spec_spec139"
	    title="BusinessRulesService Ecosystem Validation should validate ecosystem for EdoMex client"
	  />
	  Name "BusinessRulesService Ecosystem Validation should identify missing ecosystem documents":
	  <li
	    class="jasmine-passed"
	    id="spec_spec142"
	    title="BusinessRulesService Ecosystem Validation should identify missing ecosystem documents"
	  />
	  Name "MetaMapService KYC Button Creation should create MetaMap button successfully":
	  <li
	    class="jasmine-passed"
	    id="spec_spec507"
	    title="MetaMapService KYC Button Creation should create MetaMap button successfully"
	  />
	  Name "MetaMapService KYC Button Creation should handle container not found error":
	  <li
	    class="jasmine-passed"
	    id="spec_spec508"
	    title="MetaMapService KYC Button Creation should handle container not found error"
	  />
	  Name "MetaMapService KYC Button Creation should emit KYC success event":
	  <li
	    class="jasmine-passed"
	    id="spec_spec509"
	    title="MetaMapService KYC Button Creation should emit KYC success event"
	  />
	  Name "MetaMapService KYC Button Creation should cleanup event listeners on unsubscribe":
	  <li
	    class="jasmine-passed"
	    id="spec_spec512"
	    title="MetaMapService KYC Button Creation should cleanup event listeners on unsubscribe"
	  />
	  Name "MetaMapService KYC Button Creation should emit KYC exit event":
	  <li
	    class="jasmine-passed"
	    id="spec_spec510"
	    title="MetaMapService KYC Button Creation should emit KYC exit event"
	  />
	  Name "MetaMapService KYC Button Creation should call optional callback functions":
	  <li
	    class="jasmine-passed"
	    id="spec_spec511"
	    title="MetaMapService KYC Button Creation should call optional callback functions"
	  />
	  Name "MetaMapService KYC Completion should handle database update errors":
	  <li
	    class="jasmine-passed"
	    id="spec_spec516"
	    title="MetaMapService KYC Completion should handle database update errors"
	  />
	  Name "MetaMapService KYC Completion should handle client not found error":
	  <li
	    class="jasmine-passed"
	    id="spec_spec514"
	    title="MetaMapService KYC Completion should handle client not found error"
	  />
	  Name "MetaMapService KYC Completion should cap health score at 100":
	  <li
	    class="jasmine-passed"
	    id="spec_spec515"
	    title="MetaMapService KYC Completion should cap health score at 100"
	  />
	  Name "MetaMapService KYC Completion should complete KYC successfully":
	  <li
	    class="jasmine-passed"
	    id="spec_spec513"
	    title="MetaMapService KYC Completion should complete KYC successfully"
	  />
	  Name "MetaMapService Service Initialization should be created":
	  <li
	    class="jasmine-passed"
	    id="spec_spec504"
	    title="MetaMapService Service Initialization should be created"
	  />
	  Name "MetaMapService Service Initialization should initialize MetaMap SDK on creation":
	  <li
	    class="jasmine-passed"
	    id="spec_spec505"
	    title="MetaMapService Service Initialization should initialize MetaMap SDK on creation"
	  />
	  Name "MetaMapService Service Initialization should not reload SDK if already present":
	  <li
	    class="jasmine-passed"
	    id="spec_spec506"
	    title="MetaMapService Service Initialization should not reload SDK if already present"
	  />
	  Name "MetaMapService KYC Prerequisites Validation should detect missing comprobante de domicilio":
	  <li
	    class="jasmine-passed"
	    id="spec_spec519"
	    title="MetaMapService KYC Prerequisites Validation should detect missing comprobante de domicilio"
	  />
	  Name "MetaMapService KYC Prerequisites Validation should validate prerequisites for ready client":
	  <li
	    class="jasmine-passed"
	    id="spec_spec517"
	    title="MetaMapService KYC Prerequisites Validation should validate prerequisites for ready client"
	  />
	  Name "MetaMapService KYC Prerequisites Validation should detect multiple missing documents":
	  <li
	    class="jasmine-passed"
	    id="spec_spec521"
	    title="MetaMapService KYC Prerequisites Validation should detect multiple missing documents"
	  />
	  Name "MetaMapService KYC Prerequisites Validation should detect already completed KYC":
	  <li
	    class="jasmine-passed"
	    id="spec_spec520"
	    title="MetaMapService KYC Prerequisites Validation should detect already completed KYC"
	  />
	  Name "MetaMapService KYC Prerequisites Validation should detect missing INE document":
	  <li
	    class="jasmine-passed"
	    id="spec_spec518"
	    title="MetaMapService KYC Prerequisites Validation should detect missing INE document"
	  />
	  Name "MetaMapService KYC Status Reporting should report in_progress status":
	  <li
	    class="jasmine-passed"
	    id="spec_spec525"
	    title="MetaMapService KYC Status Reporting should report in_progress status"
	  />
	  Name "MetaMapService KYC Status Reporting should report failed status with retry option":
	  <li
	    class="jasmine-passed"
	    id="spec_spec524"
	    title="MetaMapService KYC Status Reporting should report failed status with retry option"
	  />
	  Name "MetaMapService KYC Status Reporting should report not_started for client without KYC document":
	  <li
	    class="jasmine-passed"
	    id="spec_spec527"
	    title="MetaMapService KYC Status Reporting should report not_started for client without KYC document"
	  />
	  Name "MetaMapService KYC Status Reporting should report prerequisites_missing status":
	  <li
	    class="jasmine-passed"
	    id="spec_spec526"
	    title="MetaMapService KYC Status Reporting should report prerequisites_missing status"
	  />
	  Name "MetaMapService KYC Status Reporting should report completed status":
	  <li
	    class="jasmine-passed"
	    id="spec_spec523"
	    title="MetaMapService KYC Status Reporting should report completed status"
	  />
	  Name "MetaMapService KYC Status Reporting should report ready status":
	  <li
	    class="jasmine-passed"
	    id="spec_spec522"
	    title="MetaMapService KYC Status Reporting should report ready status"
	  />
	  Name "MetaMapService SDK Availability Check should detect SDK availability when Mati object exists":
	  <li
	    class="jasmine-passed"
	    id="spec_spec531"
	    title="MetaMapService SDK Availability Check should detect SDK availability when Mati object exists"
	  />
	  Name "MetaMapService SDK Availability Check should report SDK as unavailable when neither exists":
	  <li
	    class="jasmine-passed"
	    id="spec_spec533"
	    title="MetaMapService SDK Availability Check should report SDK as unavailable when neither exists"
	  />
	  Name "MetaMapService SDK Availability Check should wait for page load when document not ready":
	  <li
	    class="jasmine-passed"
	    id="spec_spec535"
	    title="MetaMapService SDK Availability Check should wait for page load when document not ready"
	  />
	  Name "MetaMapService SDK Availability Check should detect SDK availability when metamap-button exists":
	  <li
	    class="jasmine-passed"
	    id="spec_spec532"
	    title="MetaMapService SDK Availability Check should detect SDK availability when metamap-button exists"
	  />
	  Name "MetaMapService SDK Availability Check should handle server-side rendering (no window object)":
	  <li
	    class="jasmine-pending"
	    id="spec_spec534"
	    title="MetaMapService SDK Availability Check should handle server-side rendering (no window object)"
	  />
	  Name "MetaMapService KYC Failure Simulation should handle client not found in failure simulation":
	  <li
	    class="jasmine-passed"
	    id="spec_spec530"
	    title="MetaMapService KYC Failure Simulation should handle client not found in failure simulation"
	  />
	  Name "MetaMapService KYC Failure Simulation should use default failure reason":
	  <li
	    class="jasmine-passed"
	    id="spec_spec529"
	    title="MetaMapService KYC Failure Simulation should use default failure reason"
	  />
	  Name "MetaMapService KYC Failure Simulation should simulate KYC failure":
	  <li
	    class="jasmine-passed"
	    id="spec_spec528"
	    title="MetaMapService KYC Failure Simulation should simulate KYC failure"
	  />
	  Name "MetaMapService Edge Cases and Error Handling should handle client without KYC document in completion":
	  <li
	    class="jasmine-passed"
	    id="spec_spec537"
	    title="MetaMapService Edge Cases and Error Handling should handle client without KYC document in completion"
	  />
	  Name "MetaMapService Edge Cases and Error Handling should handle exit event without reason":
	  <li
	    class="jasmine-passed"
	    id="spec_spec536"
	    title="MetaMapService Edge Cases and Error Handling should handle exit event without reason"
	  />
	  Name "MetaMapService Edge Cases and Error Handling should handle button creation with existing button in container":
	  <li
	    class="jasmine-passed"
	    id="spec_spec539"
	    title="MetaMapService Edge Cases and Error Handling should handle button creation with existing button in container"
	  />
	  Name "MetaMapService Edge Cases and Error Handling should handle empty verification data":
	  <li
	    class="jasmine-passed"
	    id="spec_spec538"
	    title="MetaMapService Edge Cases and Error Handling should handle empty verification data"
	  />
	  Name "LoginComponent Integration Tests should handle form submission with valid data":
	  <li
	    class="jasmine-failed"
	    id="spec_spec913"
	    title="LoginComponent Integration Tests should handle form submission with valid data"
	  />
	  Name "LoginComponent Integration Tests should show validation errors when form is submitted empty":
	  <li
	    class="jasmine-failed"
	    id="spec_spec910"
	    title="LoginComponent Integration Tests should show validation errors when form is submitted empty"
	  />
	  Name "LoginComponent Integration Tests should have proper accessibility attributes":
	  <li
	    class="jasmine-passed"
	    id="spec_spec915"
	    title="LoginComponent Integration Tests should have proper accessibility attributes"
	  />
	  --------------------------------------------------heading:
	  Name "Centro de Comando":
	  <h1
	    _ngcontent-a-c3214690901=""
	    class="text-gradient-primary"
	  />
	  --------------------------------------------------
	  paragraph:
	  Name "":
	  <p
	    _ngcontent-a-c3214690901=""
	    class="brand-subtitle"
	  />
	  Name "":
	  <p
	    _ngcontent-a-c3214690901=""
	    class="register-text"
	  />
	  --------------------------------------------------
	  textbox:
	  Name "📧 Correo Electrónico":
	  <input
	    _ngcontent-a-c3214690901=""
	    class="premium-input ng-untouched ng-pristine ng-invalid"
	    formcontrolname="email"
	    id="email"
	    ng-reflect-name="email"
	    placeholder="ricardo.montoya@cmu.com"
	    type="email"
	  />
	  --------------------------------------------------
	  button:
	  Name "🙈":
	  <button
	    _ngcontent-a-c3214690901=""
	    class="password-toggle-premium"
	    type="button"
	  />
	  Name "¿Olvidaste tu contraseña?":
	  <button
	    _ngcontent-a-c3214690901=""
	    class="forgot-password"
	    type="button"
	  />
	  Name "➡️ Acceder al Cockpit":
	  <button
	    _ngcontent-a-c3214690901=""
	    class="btn-primary command-center-btn"
	    disabled=""
	    type="submit"
	  />
	  --------------------------------------------------
	  checkbox:
	  Name "Recordarme":
	  <input
	    _ngcontent-a-c3214690901=""
	    class="ng-untouched ng-pristine ng-valid"
	    formcontrolname="rememberMe"
	    ng-reflect-name="rememberMe"
	    type="checkbox"
	  />
	  --------------------------------------------------
	  link:
	  Name "Activar Cuenta":
	  <a
	    _ngcontent-a-c3214690901=""
	    class="premium-link"
	    href="/register"
	  />
	  --------------------------------------------------
	Ignored nodes: comments, script, style
	<body>
	  
	    
	  
	    
	  
	    
	  
	    
	  
	    
	  
	    
	  
	    
	  
	  
	  
	  
	  
	  <link
	    crossorigin="anonymous"
	    rel="stylesheet"
	    type="text/css"
	  />
	  
	  
	  
	  <div
	    class="jasmine_html-reporter"
	  >
	    <div
	      class="jasmine-banner"
	    >
	      <a
	        class="jasmine-title"
	        href="http://jasmine.github.io/"
	        target="_blank"
	      />
	      <span
	        class="jasmine-version"
	      >
	        4.6.1
	      </span>
	    </div>
	    <ul
	      class="jasmine-symbol-summary"
	    >
	      <li
	        class="jasmine-passed"
	        id="spec_spec478"
	        title="LoadingService Service Initialization should return false for initial isLoading state"
	      />
	      <li
	        class="jasmine-passed"
	        id="spec_spec477"
	        title="LoadingService Service Initialization should initialize with loading false"
	      />
	      <li
	        class="jasmine-passed"
	        id="spec_spec476"
	        title="LoadingService Service Initialization should be created"
	      />
	      <li
	        class="jasmine-passed"
	        id="spec_spec479"
	        title="LoadingService Basic Loading Control should show loading"
	      />
	      <li
	        class="jasmine-passed"
	        id="spec_spec482"
	        title="LoadingService Basic Loading Control should not hide loading when already hidden"
	      />
	      <li
	        class="jasmine-passed"
	        id="spec_spec481"
	        title="LoadingService Basic Loading Control should not show loading multiple times without identifiers"
	      />
	      <li
	        class="jasmine-passed"
	        id="spec_spec480"
	        title="LoadingService Basic Loading Control should hide loading"
	      />
	      <li
	        class="jasmine-passed"
	        id="spec_spec488"
	        title="LoadingService Identifier-based Loading Control should handle hiding identifier multiple times"
	      />
	      <li
	        class="jasmine-passed"
	        id="spec_spec487"
	        title="LoadingService Identifier-based Loading Control should handle hiding non-existent identifier"
	      />
	      <li
	        class="jasmine-passed"
	        id="spec_spec483"
	        title="LoadingService Identifier-based Loading Control should show loading with identifier"
	      />
	      <li
	        class="jasmine-passed"
	        id="spec_spec486"
	        title="LoadingService Identifier-based Loading Control should not add duplicate identifiers"
	      />
	      <li
	        class="jasmine-passed"
	        id="spec_spec485"
	        title="LoadingService Identifier-based Loading Control should manage multiple identifiers"
	      />
	      <li
	        class="jasmine-passed"
	        id="spec_spec484"
	        title="LoadingService Identifier-based Loading Control should hide loading with identifier"
	      />
	      <li
	        class="jasmine-passed"
	        id="spec_spec503"
	        title="LoadingService Observable Behavior should support multiple subscribers"
	      />
	      <li
	        class="jasmine-passed"
	        id="spec_spec501"
	        title="LoadingService Observable Behavior should emit loading state changes"
	      />
	      <li
	        class="jasmine-passed"
	        id="spec_spec502"
	        title="LoadingService Observable Behavior should not emit duplicate states"
	      />
	      <li
	        class="jasmine-passed"
	        id="spec_spec496"
	        title="LoadingService SetLoading Alias Method should work without identifier"
	      />
	      <li
	        class="jasmine-passed"
	        id="spec_spec495"
	        title="LoadingService SetLoading Alias Method should hide loading when setLoading(false)"
	      />
	      <li
	        class="jasmine-passed"
	        id="spec_spec494"
	        title="LoadingService SetLoading Alias Method should show loading when setLoading(true)"
	      />
	      <li
	        class="jasmine-passed"
	        id="spec_spec498"
	        title="LoadingService Edge Cases and Error Handling should handle mixed identifier and non-identifier operations"
	      />
	      <li
	        class="jasmine-passed"
	        id="spec_spec497"
	        title="LoadingService Edge Cases and Error Handling should handle rapid show/hide calls"
	      />
	      <li
	        class="jasmine-passed"
	        id="spec_spec500"
	        title="LoadingService Edge Cases and Error Handling should maintain state consistency after force hide"
	      />
	      <li
	        class="jasmine-passed"
	        id="spec_spec499"
	        title="LoadingService Edge Cases and Error Handling should handle empty string identifier"
	      />
	      <li
	        class="jasmine-passed"
	        id="spec_spec489"
	        title="LoadingService Force Hide Functionality should force hide loading even with active identifiers"
	      />
	      <li
	        class="jasmine-passed"
	        id="spec_spec490"
	        title="LoadingService Force Hide Functionality should clear all identifiers on force hide"
	      />
	      <li
	        class="jasmine-passed"
	        id="spec_spec492"
	        title="LoadingService Duration-based Loading should show loading for duration with identifier"
	      />
	      <li
	        class="jasmine-passed"
	        id="spec_spec491"
	        title="LoadingService Duration-based Loading should show loading for specific duration"
	      />
	      <li
	        class="jasmine-passed"
	        id="spec_spec493"
	        title="LoadingService Duration-based Loading should handle multiple timed operations"
	      />
	      <li
	        class="jasmine-passed"
	        id="spec_spec53"
	        title="AuthService Login Functionality should fail login with invalid credentials"
	      />
	      <li
	        class="jasmine-passed"
	        id="spec_spec52"
	        title="AuthService Login Functionality should login with valid demo credentials"
	      />
	      <li
	        class="jasmine-passed"
	        id="spec_spec56"
	        title="AuthService Login Functionality should store token in localStorage after successful login"
	      />
	      <li
	        class="jasmine-passed"
	        id="spec_spec55"
	        title="AuthService Login Functionality should set user as authenticated after successful login"
	      />
	      <li
	        class="jasmine-passed"
	        id="spec_spec54"
	        title="AuthService Login Functionality should fail login with non-corporate email"
	      />
	      <li
	        class="jasmine-passed"
	        id="spec_spec51"
	        title="AuthService Basic Service Setup should initialize as not authenticated"
	      />
	      <li
	        class="jasmine-passed"
	        id="spec_spec49"
	        title="AuthService Basic Service Setup should be created"
	      />
	      <li
	        class="jasmine-passed"
	        id="spec_spec50"
	        title="AuthService Basic Service Setup should initialize with no authenticated user"
	      />
	      <li
	        class="jasmine-passed"
	        id="spec_spec75"
	        title="AuthService Logout Functionality should clear user data on logout"
	      />
	      <li
	        class="jasmine-passed"
	   ...
	    at Object.getElementError (node_modules/@testing-library/dom/dist/@testing-library/dom.esm.js:339:19)
	    at allQuery (node_modules/@testing-library/dom/dist/@testing-library/dom.esm.js:1206:25)
	    at query (node_modules/@testing-library/dom/dist/@testing-library/dom.esm.js:1185:17)
	    at getByRole (node_modules/@testing-library/dom/dist/@testing-library/dom.esm.js:1228:19)
	    at UserContext.<anonymous> (src/app/components/auth/login/login.component.spec.ts:221:33)
	    at Generator.next (<anonymous>)
	    at asyncGeneratorStep (node_modules/@angular-devkit/build-angular/node_modules/@babel/runtime/helpers/esm/asyncToGenerator.js:3:1)
	    at apply (node_modules/@angular-devkit/build-angular/node_modules/@babel/runtime/helpers/esm/asyncToGenerator.js:17:1)
	    at _ZoneDelegate.invoke (node_modules/zone.js/fesm2015/zone.js:369:28)
	    at ProxyZoneSpec.onInvoke (node_modules/zone.js/fesm2015/zone-testing.js:2081:39)
Chrome Headless 140.0.0.0 (Mac OS 10.15.7): Executed 344 of 985[31m (75 FAILED)[39m (skipped 1) (0 secs / 46.306 secs)
[1A[2KChrome Headless 140.0.0.0 (Mac OS 10.15.7): Executed 345 of 985[31m (75 FAILED)[39m (skipped 1) (0 secs / 46.446 secs)
[1A[2KChrome Headless 140.0.0.0 (Mac OS 10.15.7): Executed 346 of 985[31m (75 FAILED)[39m (skipped 1) (0 secs / 46.45 secs)
[1A[2KChrome Headless 140.0.0.0 (Mac OS 10.15.7): Executed 347 of 985[31m (75 FAILED)[39m (skipped 1) (0 secs / 46.456 secs)
[1A[2K[31mChrome Headless 140.0.0.0 (Mac OS 10.15.7) LoginComponent Integration Tests should render login form with all required fields FAILED[39m
	TestingLibraryElementError: Unable to find an accessible element with the role "button" and name `/iniciar sesión/i`
	
	Here are the accessible roles:
	
	  link:
	
	  Name "":
	  <a
	    class="jasmine-title"
	    href="http://jasmine.github.io/"
	    target="_blank"
	  />
	
	  --------------------------------------------------
	  list:
	
	  Name "":
	  <ul
	    class="jasmine-symbol-summary"
	  />
	
	  --------------------------------------------------
	  listitem:
	
	  Name "LoadingService Service Initialization should return false for initial isLoading state":
	  <li
	    class="jasmine-passed"
	    id="spec_spec478"
	    title="LoadingService Service Initialization should return false for initial isLoading state"
	  />
	
	  Name "LoadingService Service Initialization should initialize with loading false":
	  <li
	    class="jasmine-passed"
	    id="spec_spec477"
	    title="LoadingService Service Initialization should initialize with loading false"
	  />
	
	  Name "LoadingService Service Initialization should be created":
	  <li
	    class="jasmine-passed"
	    id="spec_spec476"
	    title="LoadingService Service Initialization should be created"
	  />
	
	  Name "LoadingService Basic Loading Control should show loading":
	  <li
	    class="jasmine-passed"
	    id="spec_spec479"
	    title="LoadingService Basic Loading Control should show loading"
	  />
	
	  Name "LoadingService Basic Loading Control should not hide loading when already hidden":
	  <li
	    class="jasmine-passed"
	    id="spec_spec482"
	    title="LoadingService Basic Loading Control should not hide loading when already hidden"
	  />
	
	  Name "LoadingService Basic Loading Control should not show loading multiple times without identifiers":
	  <li
	    class="jasmine-passed"
	    id="spec_spec481"
	    title="LoadingService Basic Loading Control should not show loading multiple times without identifiers"
	  />
	
	  Name "LoadingService Basic Loading Control should hide loading":
	  <li
	    class="jasmine-passed"
	    id="spec_spec480"
	    title="LoadingService Basic Loading Control should hide loading"
	  />
	
	  Name "LoadingService Identifier-based Loading Control should handle hiding identifier multiple times":
	  <li
	    class="jasmine-passed"
	    id="spec_spec488"
	    title="LoadingService Identifier-based Loading Control should handle hiding identifier multiple times"
	  />
	
	  Name "LoadingService Identifier-based Loading Control should handle hiding non-existent identifier":
	  <li
	    class="jasmine-passed"
	    id="spec_spec487"
	    title="LoadingService Identifier-based Loading Control should handle hiding non-existent identifier"
	  />
	
	  Name "LoadingService Identifier-based Loading Control should show loading with identifier":
	  <li
	    class="jasmine-passed"
	    id="spec_spec483"
	    title="LoadingService Identifier-based Loading Control should show loading with identifier"
	  />
	
	  Name "LoadingService Identifier-based Loading Control should not add duplicate identifiers":
	  <li
	    class="jasmine-passed"
	    id="spec_spec486"
	    title="LoadingService Identifier-based Loading Control should not add duplicate identifiers"
	  />
	
	  Name "LoadingService Identifier-based Loading Control should manage multiple identifiers":
	  <li
	    class="jasmine-passed"
	    id="spec_spec485"
	    title="LoadingService Identifier-based Loading Control should manage multiple identifiers"
	  />
	
	  Name "LoadingService Identifier-based Loading Control should hide loading with identifier":
	  <li
	    class="jasmine-passed"
	    id="spec_spec484"
	    title="LoadingService Identifier-based Loading Control should hide loading with identifier"
	  />
	
	  Name "LoadingService Observable Behavior should support multiple subscribers":
	  <li
	    class="jasmine-passed"
	    id="spec_spec503"
	    title="LoadingService Observable Behavior should support multiple subscribers"
	  />
	
	  Name "LoadingService Observable Behavior should emit loading state changes":
	  <li
	    class="jasmine-passed"
	    id="spec_spec501"
	    title="LoadingService Observable Behavior should emit loading state changes"
	  />
	
	  Name "LoadingService Observable Behavior should not emit duplicate states":
	  <li
	    class="jasmine-passed"
	    id="spec_spec502"
	    title="LoadingService Observable Behavior should not emit duplicate states"
	  />
	
	  Name "LoadingService SetLoading Alias Method should work without identifier":
	  <li
	    class="jasmine-passed"
	    id="spec_spec496"
	    title="LoadingService SetLoading Alias Method should work without identifier"
	  />
	
	  Name "LoadingService SetLoading Alias Method should hide loading when setLoading(false)":
	  <li
	    class="jasmine-passed"
	    id="spec_spec495"
	    title="LoadingService SetLoading Alias Method should hide loading when setLoading(false)"
	  />
	
	  Name "LoadingService SetLoading Alias Method should show loading when setLoading(true)":
	  <li
	    class="jasmine-passed"
	    id="spec_spec494"
	    title="LoadingService SetLoading Alias Method should show loading when setLoading(true)"
	  />
	
	  Name "LoadingService Edge Cases and Error Handling should handle mixed identifier and non-identifier operations":
	  <li
	    class="jasmine-passed"
	    id="spec_spec498"
	    title="LoadingService Edge Cases and Error Handling should handle mixed identifier and non-identifier operations"
	  />
	
	  Name "LoadingService Edge Cases and Error Handling should handle rapid show/hide calls":
	  <li
	    class="jasmine-passed"
	    id="spec_spec497"
	    title="LoadingService Edge Cases and Error Handling should handle rapid show/hide calls"
	  />
	
	  Name "LoadingService Edge Cases and Error Handling should maintain state consistency after force hide":
	  <li
	    class="jasmine-passed"
	    id="spec_spec500"
	    title="LoadingService Edge Cases and Error Handling should maintain state consistency after force hide"
	  />
	
	  Name "LoadingService Edge Cases and Error Handling should handle empty string identifier":
	  <li
	    class="jasmine-passed"
	    id="spec_spec499"
	    title="LoadingService Edge Cases and Error Handling should handle empty string identifier"
	  />
	
	  Name "LoadingService Force Hide Functionality should force hide loading even with active identifiers":
	  <li
	    class="jasmine-passed"
	    id="spec_spec489"
	    title="LoadingService Force Hide Functionality should force hide loading even with active identifiers"
	  />
	
	  Name "LoadingService Force Hide Functionality should clear all identifiers on force hide":
	  <li
	    class="jasmine-passed"
	    id="spec_spec490"
	    title="LoadingService Force Hide Functionality should clear all identifiers on force hide"
	  />
	
	  Name "LoadingService Duration-based Loading should show loading for duration with identifier":
	  <li
	    class="jasmine-passed"
	    id="spec_spec492"
	    title="LoadingService Duration-based Loading should show loading for duration with identifier"
	  />
	
	  Name "LoadingService Duration-based Loading should show loading for specific duration":
	  <li
	    class="jasmine-passed"
	    id="spec_spec491"
	    title="LoadingService Duration-based Loading should show loading for specific duration"
	  />
	
	  Name "LoadingService Duration-based Loading should handle multiple timed operations":
	  <li
	    class="jasmine-passed"
	    id="spec_spec493"
	    title="LoadingService Duration-based Loading should handle multiple timed operations"
	  />
	
	  Name "AuthService Login Functionality should fail login with invalid credentials":
	  <li
	    class="jasmine-passed"
	    id="spec_spec53"
	    title="AuthService Login Functionality should fail login with invalid credentials"
	  />
	
	  Name "AuthService Login Functionality should login with valid demo credentials":
	  <li
	    class="jasmine-passed"
	    id="spec_spec52"
	    title="AuthService Login Functionality should login with valid demo credentials"
	  />
	
	  Name "AuthService Login Functionality should store token in localStorage after successful login":
	  <li
	    class="jasmine-passed"
	    id="spec_spec56"
	    title="AuthService Login Functionality should store token in localStorage after successful login"
	  />
	
	  Name "AuthService Login Functionality should set user as authenticated after successful login":
	  <li
	    class="jasmine-passed"
	    id="spec_spec55"
	    title="AuthService Login Functionality should set user as authenticated after successful login"
	  />
	
	  Name "AuthService Login Functionality should fail login with non-corporate email":
	  <li
	    class="jasmine-passed"
	    id="spec_spec54"
	    title="AuthService Login Functionality should fail login with non-corporate email"
	  />
	
	  Name "AuthService Basic Service Setup should initialize as not authenticated":
	  <li
	    class="jasmine-passed"
	    id="spec_spec51"
	    title="AuthService Basic Service Setup should initialize as not authenticated"
	  />
	
	  Name "AuthService Basic Service Setup should be created":
	  <li
	    class="jasmine-passed"
	    id="spec_spec49"
	    title="AuthService Basic Service Setup should be created"
	  />
	
	  Name "AuthService Basic Service Setup should initialize with no authenticated user":
	  <li
	    class="jasmine-passed"
	    id="spec_spec50"
	    title="AuthService Basic Service Setup should initialize with no authenticated user"
	  />
	
	  Name "AuthService Logout Functionality should clear user data on logout":
	  <li
	    class="jasmine-passed"
	    id="spec_spec75"
	    title="AuthService Logout Functionality should clear user data on logout"
	  />
	
	  Name "AuthService Logout Functionality should clear authentication state on logout":
	  <li
	    class="jasmine-passed"
	    id="spec_spec74"
	    title="AuthService Logout Functionality should clear authentication state on logout"
	  />
	
	  Name "AuthService Logout Functionality should remove token from localStorage on logout":
	  <li
	    class="jasmine-passed"
	    id="spec_spec76"
	    title="AuthService Logout Functionality should remove token from localStorage on logout"
	  />
	
	  Name "AuthService Email Availability Check should return available for new email":
	  <li
	    class="jasmine-passed"
	    id="spec_spec71"
	    title="AuthService Email Availability Check should return available for new email"
	  />
	
	  Name "AuthService Email Availability Check should return not available for pending registration email":
	  <li
	    class="jasmine-passed"
	    id="spec_spec73"
	    title="AuthService Email Availability Check should return not available for pending registration email"
	  />
	
	  Name "AuthService Email Availability Check should return not available for existing email":
	  <li
	    class="jasmine-passed"
	    id="spec_spec72"
	    title="AuthService Email Availability Check should return not available for existing email"
	  />
	
	  Name "AuthService Email Verification should successfully verify email with valid token":
	  <li
	    class="jasmine-passed"
	    id="spec_spec68"
	    title="AuthService Email Verification should successfully verify email with valid token"
	  />
	
	  Name "AuthService Email Verification should fail verification with invalid token":
	  <li
	    class="jasmine-passed"
	    id="spec_spec69"
	    title="AuthService Email Verification should fail verification with invalid token"
	  />
	
	  Name "AuthService Email Verification should update registration status after verification":
	  <li
	    class="jasmine-passed"
	    id="spec_spec70"
	    title="AuthService Email Verification should update registration status after verification"
	  />
	
	  Name "AuthService Token Management should detect old token as expired":
	  <li
	    class="jasmine-passed"
	    id="spec_spec59"
	    title="AuthService Token Management should detect old token as expired"
	  />
	
	  Name "AuthService Token Management should detect valid token as not expired":
	  <li
	    class="jasmine-failed"
	    id="spec_spec58"
	    title="AuthService Token Management should detect valid token as not expired"
	  />
	
	  Name "AuthService Token Management should detect invalid token format as expired":
	  <li
	    class="jasmine-passed"
	    id="spec_spec60"
	    title="AuthService Token Management should detect invalid token format as expired"
	  />
	
	  Name "AuthService Token Management should retrieve stored token":
	  <li
	    class="jasmine-passed"
	    id="spec_spec57"
	    title="AuthService Token Management should retrieve stored token"
	  />
	
	  Name "AuthService Registration Functionality should fail registration without privacy acceptance":
	  <li
	    class="jasmine-passed"
	    id="spec_spec63"
	    title="AuthService Registration Functionality should fail registration without privacy acceptance"
	  />
	
	  Name "AuthService Registration Functionality should successfully register with valid data":
	  <li
	    class="jasmine-passed"
	    id="spec_spec61"
	    title="AuthService Registration Functionality should successfully register with valid data"
	  />
	
	  Name "AuthService Registration Functionality should fail registration without terms acceptance":
	  <li
	    class="jasmine-passed"
	    id="spec_spec62"
	    title="AuthService Registration Functionality should fail registration without terms acceptance"
	  />
	
	  Name "AuthService Registration Functionality should fail registration with non-corporate email":
	  <li
	    class="jasmine-passed"
	    id="spec_spec65"
	    title="AuthService Registration Functionality should fail registration with non-corporate email"
	  />
	
	  Name "AuthService Registration Functionality should fail registration with existing email":
	  <li
	    class="jasmine-passed"
	    id="spec_spec66"
	    title="AuthService Registration Functionality should fail registration with existing email"
	  />
	
	  Name "AuthService Registration Functionality should fail registration with mismatched passwords":
	  <li
	    class="jasmine-passed"
	    id="spec_spec64"
	    title="AuthService Registration Functionality should fail registration with mismatched passwords"
	  />
	
	  Name "AuthService Registration Functionality should store pending registration in localStorage":
	  <li
	    class="jasmine-passed"
	    id="spec_spec67"
	    title="AuthService Registration Functionality should store pending registration in localStorage"
	  />
	
	  Name "CreditScoringService Service Initialization should have SCORING_CONFIG defined":
	  <li
	    class="jasmine-failed"
	    id="spec_spec296"
	    title="CreditScoringService Service Initialization should have SCORING_CONFIG defined"
	  />
	
	  Name "CreditScoringService Service Initialization should initialize internal storage maps":
	  <li
	    class="jasmine-failed"
	    id="spec_spec297"
	    title="CreditScoringService Service Initialization should initialize internal storage maps"
	  />
	
	  Name "CreditScoringService Service Initialization should be created":
	  <li
	    class="jasmine-failed"
	    id="spec_spec295"
	    title="CreditScoringService Service Initialization should be created"
	  />
	
	  Name "CreditScoringService Scoring Recommendations should get VentaDirecta recommendations":
	  <li
	    class="jasmine-failed"
	    id="spec_spec308"
	    title="CreditScoringService Scoring Recommendations should get VentaDirecta recommendations"
	  />
	
	  Name "CreditScoringService Scoring Recommendations should get CreditoColectivo recommendations":
	  <li
	    class="jasmine-failed"
	    id="spec_spec311"
	    title="CreditScoringService Scoring Recommendations should get CreditoColectivo recommendations"
	  />
	
	  Name "CreditScoringService Scoring Recommendations should get AhorroProgramado recommendations":
	  <li
	    class="jasmine-failed"
	    id="spec_spec312"
	    title="CreditScoringService Scoring Recommendations should get AhorroProgramado recommendations"
	  />
	
	  Name "CreditScoringService Scoring Recommendations should get VentaPlazo recommendations for AGS":
	  <li
	    class="jasmine-failed"
	    id="spec_spec309"
	    title="CreditScoringService Scoring Recommendations should get VentaPlazo recommendations for AGS"
	  />
	
	  Name "CreditScoringService Scoring Recommendations should return default recommendations for unknown flow":
	  <li
	    class="jasmine-failed"
	    id="spec_spec313"
	    title="CreditScoringService Scoring Recommendations should return default recommendations for unknown flow"
	  />
	
	  Name "CreditScoringService Scoring Recommendations should get VentaPlazo recommendations for EdoMex":
	  <li
	    class="jasmine-failed"
	    id="spec_spec310"
	    title="CreditScoringService Scoring Recommendations should get VentaPlazo recommendations for EdoMex"
	  />
	
	  Name "CreditScoringService Scoring Validity Check should invalidate expired scoring":
	  <li
	    class="jasmine-failed"
	    id="spec_spec327"
	    title="CreditScoringService Scoring Validity Check should invalidate expired scoring"
	  />
	
	  Name "CreditScoringService Scoring Validity Check should validate non-expired scoring":
	  <li
	    class="jasmine-failed"
	    id="spec_spec326"
	    title="CreditScoringService Scoring Validity Check should validate non-expired scoring"
	  />
	
	  Name "CreditScoringService Scoring Validity Check should return false for non-existent scoring":
	  <li
	    class="jasmine-failed"
	    id="spec_spec328"
	    title="CreditScoringService Scoring Validity Check should return false for non-existent scoring"
	  />
	
	  Name "CreditScoringService Scoring Simulation should set expiration date correctly":
	  <li
	    class="jasmine-failed"
	    id="spec_spec321"
	    title="CreditScoringService Scoring Simulation should set expiration date correctly"
	  />
	
	  Name "CreditScoringService Scoring Simulation should simulate scoring with low score for risky client":
	  <li
	    class="jasmine-failed"
	    id="spec_spec315"
	    title="CreditScoringService Scoring Simulation should simulate scoring with low score for risky client"
	  />
	
	  Name "CreditScoringService Scoring Simulation should apply market bonus for Aguascalientes":
	  <li
	    class="jasmine-failed"
	    id="spec_spec316"
	    title="CreditScoringService Scoring Simulation should apply market bonus for Aguascalientes"
	  />
	
	  Name "CreditScoringService Scoring Simulation should set correct interest rates by market":
	  <li
	    class="jasmine-failed"
	    id="spec_spec318"
	    title="CreditScoringService Scoring Simulation should set correct interest rates by market"
	  />
	
	  Name "CreditScoringService Scoring Simulation should include reasons for rejection":
	  <li
	    class="jasmine-failed"
	    id="spec_spec320"
	    title="CreditScoringService Scoring Simulation should include reasons for rejection"
	  />
	
	  Name "CreditScoringService Scoring Simulation should apply business flow bonuses correctly":
	  <li
	    class="jasmine-failed"
	    id="spec_spec317"
	    title="CreditScoringService Scoring Simulation should apply business flow bonuses correctly"
	  />
	
	  Name "CreditScoringService Scoring Simulation should include conditions for conditional approval":
	  <li
	    class="jasmine-failed"
	    id="spec_spec319"
	    title="CreditScoringService Scoring Simulation should include conditions for conditional approval"
	  />
	
	  Name "CreditScoringService Scoring Simulation should simulate scoring with high score for good client":
	  <li
	    class="jasmine-failed"
	    id="spec_spec314"
	    title="CreditScoringService Scoring Simulation should simulate scoring with high score for good client"
	  />
	
	  Name "CreditScoringService Credit Scoring Process should get scoring status correctly":
	  <li
	    class="jasmine-failed"
	    id="spec_spec301"
	    title="CreditScoringService Credit Scoring Process should get scoring status correctly"
	  />
	
	  Name "CreditScoringService Credit Scoring Process should return null for non-existent scoring ID":
	  <li
	    class="jasmine-failed"
	    id="spec_spec300"
	    title="CreditScoringService Credit Scoring Process should return null for non-existent scoring ID"
	  />
	
	  Name "CreditScoringService Credit Scoring Process should return null for non-existent status ID":
	  <li
	    class="jasmine-failed"
	    id="spec_spec302"
	    title="CreditScoringService Credit Scoring Process should return null for non-existent status ID"
	  />
	
	  Name "CreditScoringService Credit Scoring Process should initiate credit scoring request":
	  <li
	    class="jasmine-failed"
	    id="spec_spec298"
	    title="CreditScoringService Credit Scoring Process should initiate credit scoring request"
	  />
	
	  Name "CreditScoringService Credit Scoring Process should store scoring result after processing":
	  <li
	    class="jasmine-failed"
	    id="spec_spec299"
	    title="CreditScoringService Credit Scoring Process should store scoring result after processing"
	  />
	
	  Name "CreditScoringService Risk Level Assignment should assign correct risk levels":
	  <li
	    class="jasmine-failed"
	    id="spec_spec330"
	    title="CreditScoringService Risk Level Assignment should assign correct risk levels"
	  />
	
	  Name "CreditScoringService Score Grading System should assign correct grades for score ranges":
	  <li
	    class="jasmine-failed"
	    id="spec_spec329"
	    title="CreditScoringService Score Grading System should assign correct grades for score ranges"
	  />
	
	  Name "CreditScoringService Scoring Prerequisites Validation should validate client is ready for scoring":
	  <li
	    class="jasmine-failed"
	    id="spec_spec303"
	    title="CreditScoringService Scoring Prerequisites Validation should validate client is ready for scoring"
	  />
	
	  Name "CreditScoringService Scoring Prerequisites Validation should identify multiple missing requirements":
	  <li
	    class="jasmine-failed"
	    id="spec_spec307"
	    title="CreditScoringService Scoring Prerequisites Validation should identify multiple missing requirements"
	  />
	
	  Name "CreditScoringService Scoring Prerequisites Validation should identify missing INE document":
	  <li
	    class="jasmine-failed"
	    id="spec_spec304"
	    title="CreditScoringService Scoring Prerequisites Validation should identify missing INE document"
	  />
	
	  Name "CreditScoringService Scoring Prerequisites Validation should identify missing KYC verification":
	  <li
	    class="jasmine-failed"
	    id="spec_spec306"
	    title="CreditScoringService Scoring Prerequisites Validation should identify missing KYC verification"
	  />
	
	  Name "CreditScoringService Scoring Prerequisites Validation should identify missing comprobante document":
	  <li
	    class="jasmine-failed"
	    id="spec_spec305"
	    title="CreditScoringService Scoring Prerequisites Validation should identify missing comprobante document"
	  />
	
	  Name "CreditScoringService Scoring Retry Functionality should fail retry for non-existent original scoring":
	  <li
	    class="jasmine-failed"
	    id="spec_spec323"
	    title="CreditScoringService Scoring Retry Functionality should fail retry for non-existent original scoring"
	  />
	
	  Name "CreditScoringService Scoring Retry Functionality should retry scoring with updated information":
	  <li
	    class="jasmine-failed"
	    id="spec_spec322"
	    title="CreditScoringService Scoring Retry Functionality should retry scoring with updated information"
	  />
	
	  Name "CreditScoringService Edge Cases and Error Handling should handle zero or negative income gracefully":
	  <li
	    class="jasmine-failed"
	    id="spec_spec333"
	    title="CreditScoringService Edge Cases and Error Handling should handle zero or negative income gracefully"
	  />
	
	  Name "CreditScoringService Edge Cases and Error Handling should handle maximum score bounds":
	  <li
	    class="jasmine-failed"
	    id="spec_spec332"
	    title="CreditScoringService Edge Cases and Error Handling should handle maximum score bounds"
	  />
	
	  Name "CreditScoringService Edge Cases and Error Handling should handle minimum score bounds":
	  <li
	    class="jasmine-failed"
	    id="spec_spec331"
	    title="CreditScoringService Edge Cases and Error Handling should handle minimum score bounds"
	  />
	
	  Name "CreditScoringService Client Scoring History should return empty array for client with no scorings":
	  <li
	    class="jasmine-failed"
	    id="spec_spec325"
	    title="CreditScoringService Client Scoring History should return empty array for client with no scorings"
	  />
	
	  Name "CreditScoringService Client Scoring History should get client scoring history":
	  <li
	    class="jasmine-failed"
	    id="spec_spec324"
	    title="CreditScoringService Client Scoring History should get client scoring history"
	  />
	
	  Name "Integration Smoke should pass basic integration smoke test":
	  <li
	    class="jasmine-passed"
	    id="spec_spec11"
	    title="Integration Smoke should pass basic integration smoke test"
	  />
	
	  Name "FinancialCalculatorService Scenario Policy Validation should handle step-down without reduction percentage":
	  <li
	    class="jasmine-passed"
	    id="spec_spec422"
	    title="FinancialCalculatorService Scenario Policy Validation should handle step-down without reduction percentage"
	  />
	
	  Name "FinancialCalculatorService Scenario Policy Validation should validate unknown scenario type":
	  <li
	    class="jasmine-passed"
	    id="spec_spec421"
	    title="FinancialCalculatorService Scenario Policy Validation should validate unknown scenario type"
	  />
	
	  Name "FinancialCalculatorService Scenario Policy Validation should validate defer scenario within limits":
	  <li
	    class="jasmine-passed"
	    id="spec_spec417"
	    title="FinancialCalculatorService Scenario Policy Validation should validate defer scenario within limits"
	  />
	
	  Name "FinancialCalculatorService Scenario Policy Validation should validate step-down scenario within limits":
	  <li
	    class="jasmine-passed"
	    id="spec_spec419"
	    title="FinancialCalculatorService Scenario Policy Validation should validate step-down scenario within limits"
	  />
	
	  Name "FinancialCalculatorService Scenario Policy Validation should reject step-down scenario exceeding reduction limit":
	  <li
	    class="jasmine-passed"
	    id="spec_spec420"
	    title="FinancialCalculatorService Scenario Policy Validation should reject step-down scenario exceeding reduction limit"
	  />
	
	  Name "FinancialCalculatorService Scenario Policy Validation should reject defer scenario exceeding limits":
	  <li
	    class="jasmine-passed"
	    id="spec_spec418"
	    title="FinancialCalculatorService Scenario Policy Validation should reject defer scenario exceeding limits"
	  />
	
	  Name "FinancialCalculatorService Interest Capitalization should capitalize interest for deferral period":
	  <li
	    class="jasmine-passed"
	    id="spec_spec414"
	    title="FinancialCalculatorService Interest Capitalization should capitalize interest for deferral period"
	  />
	
	  Name "FinancialCalculatorService Interest Capitalization should handle zero deferral months":
	  <li
	    class="jasmine-passed"
	    id="spec_spec415"
	    title="FinancialCalculatorService Interest Capitalization should handle zero deferral months"
	  />
	
	  Name "FinancialCalculatorService Interest Capitalization should handle zero interest rate":
	  <li
	    class="jasmine-passed"
	    id="spec_spec416"
	    title="FinancialCalculatorService Interest Capitalization should handle zero interest rate"
	  />
	
	  Name "FinancialCalculatorService Currency Formatting should format positive amounts in Mexican Pesos":
	  <li
	    class="jasmine-passed"
	    id="spec_spec431"
	    title="FinancialCalculatorService Currency Formatting should format positive amounts in Mexican Pesos"
	  />
	
	  Name "FinancialCalculatorService Currency Formatting should format negative amounts":
	  <li
	    class="jasmine-passed"
	    id="spec_spec432"
	    title="FinancialCalculatorService Currency Formatting should format negative amounts"
	  />
	
	  Name "FinancialCalculatorService Currency Formatting should format zero amount":
	  <li
	    class="jasmine-passed"
	    id="spec_spec433"
	    title="FinancialCalculatorService Currency Formatting should format zero amount"
	  />
	
	  Name "FinancialCalculatorService Currency Formatting should format large amounts with proper separators":
	  <li
	    class="jasmine-passed"
	    id="spec_spec434"
	    title="FinancialCalculatorService Currency Formatting should format large amounts with proper separators"
	  />
	
	  Name "FinancialCalculatorService Currency Formatting should format small amounts":
	  <li
	    class="jasmine-passed"
	    id="spec_spec435"
	    title="FinancialCalculatorService Currency Formatting should format small amounts"
	  />
	
	  Name "FinancialCalculatorService TIR Calculation (Newton-Raphson) should bound rate to reasonable values":
	  <li
	    class="jasmine-passed"
	    id="spec_spec410"
	    title="FinancialCalculatorService TIR Calculation (Newton-Raphson) should bound rate to reasonable values"
	  />
	
	  Name "FinancialCalculatorService TIR Calculation (Newton-Raphson) should handle zero cash flows":
	  <li
	    class="jasmine-passed"
	    id="spec_spec407"
	    title="FinancialCalculatorService TIR Calculation (Newton-Raphson) should handle zero cash flows"
	  />
	
	  Name "FinancialCalculatorService TIR Calculation (Newton-Raphson) should calculate TIR for simple cash flows":
	  <li
	    class="jasmine-passed"
	    id="spec_spec405"
	    title="FinancialCalculatorService TIR Calculation (Newton-Raphson) should calculate TIR for simple cash flows"
	  />
	
	  Name "FinancialCalculatorService TIR Calculation (Newton-Raphson) should calculate TIR for loan scenario":
	  <li
	    class="jasmine-passed"
	    id="spec_spec406"
	    title="FinancialCalculatorService TIR Calculation (Newton-Raphson) should calculate TIR for loan scenario"
	  />
	
	  Name "FinancialCalculatorService TIR Calculation (Newton-Raphson) should handle single negative cash flow":
	  <li
	    class="jasmine-passed"
	    id="spec_spec408"
	    title="FinancialCalculatorService TIR Calculation (Newton-Raphson) should handle single negative cash flow"
	  />
	
	  Name "FinancialCalculatorService TIR Calculation (Newton-Raphson) should respect maximum iterations":
	  <li
	    class="jasmine-passed"
	    id="spec_spec409"
	    title="FinancialCalculatorService TIR Calculation (Newton-Raphson) should respect maximum iterations"
	  />
	
	  Name "FinancialCalculatorService Cash Flow Generation should generate cash flows with principal and payments":
	  <li
	    class="jasmine-passed"
	    id="spec_spec411"
	    title="FinancialCalculatorService Cash Flow Generation should generate cash flows with principal and payments"
	  />
	
	  Name "FinancialCalculatorService Cash Flow Generation should handle empty payments array":
	  <li
	    class="jasmine-passed"
	    id="spec_spec413"
	    title="FinancialCalculatorService Cash Flow Generation should handle empty payments array"
	  />
	
	  Name "FinancialCalculatorService Cash Flow Generation should handle fewer payments than term":
	  <li
	    class="jasmine-passed"
	    id="spec_spec412"
	    title="FinancialCalculatorService Cash Flow Generation should handle fewer payments than term"
	  />
	
	  Name "FinancialCalculatorService Service Initialization should be created":
	  <li
	    class="jasmine-passed"
	    id="spec_spec400"
	    title="FinancialCalculatorService Service Initialization should be created"
	  />
	
	  Name "FinancialCalculatorService Market-Specific TIR Rates should return correct TIR for Estado de México":
	  <li
	    class="jasmine-passed"
	    id="spec_spec402"
	    title="FinancialCalculatorService Market-Specific TIR Rates should return correct TIR for Estado de México"
	  />
	
	  Name "FinancialCalculatorService Market-Specific TIR Rates should return default TIR for unknown market":
	  <li
	    class="jasmine-passed"
	    id="spec_spec403"
	    title="FinancialCalculatorService Market-Specific TIR Rates should return default TIR for unknown market"
	  />
	
	  Name "FinancialCalculatorService Market-Specific TIR Rates should return correct TIR for Aguascalientes":
	  <li
	    class="jasmine-passed"
	    id="spec_spec401"
	    title="FinancialCalculatorService Market-Specific TIR Rates should return correct TIR for Aguascalientes"
	  />
	
	  Name "FinancialCalculatorService Market-Specific TIR Rates should return default TIR when market is undefined":
	  <li
	    class="jasmine-passed"
	    id="spec_spec404"
	    title="FinancialCalculatorService Market-Specific TIR Rates should return default TIR when market is undefined"
	  />
	
	  Name "FinancialCalculatorService Annuity Calculations should handle negative interest rate":
	  <li
	    class="jasmine-passed"
	    id="spec_spec426"
	    title="FinancialCalculatorService Annuity Calculations should handle negative interest rate"
	  />
	
	  Name "FinancialCalculatorService Annuity Calculations should handle zero term":
	  <li
	    class="jasmine-passed"
	    id="spec_spec425"
	    title="FinancialCalculatorService Annuity Calculations should handle zero term"
	  />
	
	  Name "FinancialCalculatorService Annuity Calculations should handle zero interest rate":
	  <li
	    class="jasmine-passed"
	    id="spec_spec424"
	    title="FinancialCalculatorService Annuity Calculations should handle zero interest rate"
	  />
	
	  Name "FinancialCalculatorService Annuity Calculations should calculate monthly payment for standard loan":
	  <li
	    class="jasmine-passed"
	    id="spec_spec423"
	    title="FinancialCalculatorService Annuity Calculations should calculate monthly payment for standard loan"
	  />
	
	  Name "FinancialCalculatorService Balance Calculations should handle negative interest rate in balance calculation":
	  <li
	    class="jasmine-passed"
	    id="spec_spec430"
	    title="FinancialCalculatorService Balance Calculations should handle negative interest rate in balance calculation"
	  />
	
	  Name "FinancialCalculatorService Balance Calculations should handle zero months paid":
	  <li
	    class="jasmine-passed"
	    id="spec_spec429"
	    title="FinancialCalculatorService Balance Calculations should handle zero months paid"
	  />
	
	  Name "FinancialCalculatorService Balance Calculations should handle zero interest rate balance":
	  <li
	    class="jasmine-passed"
	    id="spec_spec428"
	    title="FinancialCalculatorService Balance Calculations should handle zero interest rate balance"
	  />
	
	  Name "FinancialCalculatorService Balance Calculations should calculate remaining balance after payments":
	  <li
	    class="jasmine-passed"
	    id="spec_spec427"
	    title="FinancialCalculatorService Balance Calculations should calculate remaining balance after payments"
	  />
	
	  Name "FinancialCalculatorService Edge Cases and Error Handling should handle very long terms":
	  <li
	    class="jasmine-passed"
	    id="spec_spec438"
	    title="FinancialCalculatorService Edge Cases and Error Handling should handle very long terms"
	  />
	
	  Name "FinancialCalculatorService Edge Cases and Error Handling should handle TIR calculation convergence issues":
	  <li
	    class="jasmine-passed"
	    id="spec_spec439"
	    title="FinancialCalculatorService Edge Cases and Error Handling should handle TIR calculation convergence issues"
	  />
	
	  Name "FinancialCalculatorService Edge Cases and Error Handling should handle very large principal amounts":
	  <li
	    class="jasmine-passed"
	    id="spec_spec436"
	    title="FinancialCalculatorService Edge Cases and Error Handling should handle very large principal amounts"
	  />
	
	  Name "FinancialCalculatorService Edge Cases and Error Handling should handle very small interest rates":
	  <li
	    class="jasmine-passed"
	    id="spec_spec437"
	    title="FinancialCalculatorService Edge Cases and Error Handling should handle very small interest rates"
	  />
	
	  Name "OCRService Text Extraction from Image File should handle extraction errors":
	  <li
	    class="jasmine-passed"
	    id="spec_spec629"
	    title="OCRService Text Extraction from Image File should handle extraction errors"
	  />
	
	  Name "OCRService Text Extraction from Image File should extract structured data when document type is provided":
	  <li
	    class="jasmine-failed"
	    id="spec_spec628"
	    title="OCRService Text Extraction from Image File should extract structured data when document type is provided"
	  />
	
	  Name "OCRService Text Extraction from Image File should extract text from image file":
	  <li
	    class="jasmine-failed"
	    id="spec_spec627"
	    title="OCRService Text Extraction from Image File should extract text from image file"
	  />
	
	  Name "OCRService Text Extraction from Image File should update progress during extraction":
	  <li
	    class="jasmine-failed"
	    id="spec_spec630"
	    title="OCRService Text Extraction from Image File should update progress during extraction"
	  />
	
	  Name "OCRService Text Extraction from Base64 should extract structured data from base64 with document type":
	  <li
	    class="jasmine-failed"
	    id="spec_spec632"
	    title="OCRService Text Extraction from Base64 should extract structured data from base64 with document type"
	  />
	
	  Name "OCRService Text Extraction from Base64 should handle base64 extraction errors":
	  <li
	    class="jasmine-passed"
	    id="spec_spec633"
	    title="OCRService Text Extraction from Base64 should handle base64 extraction errors"
	  />
	
	  Name "OCRService Text Extraction from Base64 should extract text from base64 image":
	  <li
	    class="jasmine-failed"
	    id="spec_spec631"
	    title="OCRService Text Extraction from Base64 should extract text from base64 image"
	  />
	
	  Name "OCRService Service Initialization should provide progress observable":
	  <li
	    class="jasmine-passed"
	    id="spec_spec622"
	    title="OCRService Service Initialization should provide progress observable"
	  />
	
	  Name "OCRService Service Initialization should be created":
	  <li
	    class="jasmine-passed"
	    id="spec_spec621"
	    title="OCRService Service Initialization should be created"
	  />
	
	  Name "OCRService Worker Initialization should update progress during initialization":
	  <li
	    class="jasmine-passed"
	    id="spec_spec626"
	    title="OCRService Worker Initialization should update progress during initialization"
	  />
	
	  Name "OCRService Worker Initialization should handle initialization errors":
	  <li
	    class="jasmine-passed"
	    id="spec_spec625"
	    title="OCRService Worker Initialization should handle initialization errors"
	  />
	
	  Name "OCRService Worker Initialization should initialize Tesseract worker with Spanish and English":
	  <li
	    class="jasmine-failed"
	    id="spec_spec623"
	    title="OCRService Worker Initialization should initialize Tesseract worker with Spanish and English"
	  />
	
	  Name "OCRService Worker Initialization should not reinitialize if already initialized":
	  <li
	    class="jasmine-failed"
	    id="spec_spec624"
	    title="OCRService Worker Initialization should not reinitialize if already initialized"
	  />
	
	  Name "OCRService INE Data Extraction should extract CURP from INE text":
	  <li
	    class="jasmine-failed"
	    id="spec_spec634"
	    title="OCRService INE Data Extraction should extract CURP from INE text"
	  />
	
	  Name "OCRService INE Data Extraction should extract birth date from INE text":
	  <li
	    class="jasmine-failed"
	    id="spec_spec636"
	    title="OCRService INE Data Extraction should extract birth date from INE text"
	  />
	
	  Name "OCRService INE Data Extraction should extract name from INE text":
	  <li
	    class="jasmine-failed"
	    id="spec_spec635"
	    title="OCRService INE Data Extraction should extract name from INE text"
	  />
	
	  Name "OCRService Tarjeta de Circulación Data Extraction should extract model and year":
	  <li
	    class="jasmine-failed"
	    id="spec_spec639"
	    title="OCRService Tarjeta de Circulación Data Extraction should extract model and year"
	  />
	
	  Name "OCRService Tarjeta de Circulación Data Extraction should extract vehicle brand":
	  <li
	    class="jasmine-failed"
	    id="spec_spec638"
	    title="OCRService Tarjeta de Circulación Data Extraction should extract vehicle brand"
	  />
	
	  Name "OCRService Tarjeta de Circulación Data Extraction should extract license plates":
	  <li
	    class="jasmine-failed"
	    id="spec_spec637"
	    title="OCRService Tarjeta de Circulación Data Extraction should extract license plates"
	  />
	
	  Name "OCRService Worker Management should reinitialize worker after termination":
	  <li
	    class="jasmine-failed"
	    id="spec_spec652"
	    title="OCRService Worker Management should reinitialize worker after termination"
	  />
	
	  Name "OCRService Worker Management should handle termination when worker is null":
	  <li
	    class="jasmine-passed"
	    id="spec_spec651"
	    title="OCRService Worker Management should handle termination when worker is null"
	  />
	
	  Name "OCRService Worker Management should terminate worker properly":
	  <li
	    class="jasmine-failed"
	    id="spec_spec650"
	    title="OCRService Worker Management should terminate worker properly"
	  />
	
	  Name "OCRService Progress Messaging should handle unknown status messages":
	  <li
	    class="jasmine-empty"
	    id="spec_spec654"
	    title="OCRService Progress Messaging should handle unknown status messages"
	  />
	
	  Name "OCRService Progress Messaging should translate status messages to Spanish":
	  <li
	    class="jasmine-failed"
	    id="spec_spec653"
	    title="OCRService Progress Messaging should translate status messages to Spanish"
	  />
	
	  Name "OCRService Edge Cases and Error Handling should handle very low confidence results":
	  <li
	    class="jasmine-failed"
	    id="spec_spec659"
	    title="OCRService Edge Cases and Error Handling should handle very low confidence results"
	  />
	
	  Name "OCRService Edge Cases and Error Handling should handle extraction without document type":
	  <li
	    class="jasmine-failed"
	    id="spec_spec658"
	    title="OCRService Edge Cases and Error Handling should handle extraction without document type"
	  />
	
	  Name "OCRService Edge Cases and Error Handling should handle documents with mixed case text":
	  <li
	    class="jasmine-failed"
	    id="spec_spec657"
	    title="OCRService Edge Cases and Error Handling should handle documents with mixed case text"
	  />
	
	  Name "OCRService Edge Cases and Error Handling should handle malformed CURP patterns":
	  <li
	    class="jasmine-failed"
	    id="spec_spec656"
	    title="OCRService Edge Cases and Error Handling should handle malformed CURP patterns"
	  />
	
	  Name "OCRService Edge Cases and Error Handling should handle empty text extraction":
	  <li
	    class="jasmine-failed"
	    id="spec_spec655"
	    title="OCRService Edge Cases and Error Handling should handle empty text extraction"
	  />
	
	  Name "OCRService Comprobante de Domicilio Data Extraction should extract date from comprobante":
	  <li
	    class="jasmine-failed"
	    id="spec_spec642"
	    title="OCRService Comprobante de Domicilio Data Extraction should extract date from comprobante"
	  />
	
	  Name "OCRService Comprobante de Domicilio Data Extraction should identify utility provider":
	  <li
	    class="jasmine-failed"
	    id="spec_spec641"
	    title="OCRService Comprobante de Domicilio Data Extraction should identify utility provider"
	  />
	
	  Name "OCRService Comprobante de Domicilio Data Extraction should extract address information":
	  <li
	    class="jasmine-failed"
	    id="spec_spec640"
	    title="OCRService Comprobante de Domicilio Data Extraction should extract address information"
	  />
	
	  Name "OCRService RFC Data Extraction should extract taxpayer name":
	  <li
	    class="jasmine-failed"
	    id="spec_spec644"
	    title="OCRService RFC Data Extraction should extract taxpayer name"
	  />
	
	  Name "OCRService RFC Data Extraction should extract RFC code":
	  <li
	    class="jasmine-failed"
	    id="spec_spec643"
	    title="OCRService RFC Data Extraction should extract RFC code"
	  />
	
	  Name "OCRService Document Type Validation should validate RFC documents":
	  <li
	    class="jasmine-passed"
	    id="spec_spec649"
	    title="OCRService Document Type Validation should validate RFC documents"
	  />
	
	  Name "OCRService Document Type Validation should validate comprobante de domicilio":
	  <li
	    class="jasmine-passed"
	    id="spec_spec648"
	    title="OCRService Document Type Validation should validate comprobante de domicilio"
	  />
	
	  Name "OCRService Document Type Validation should validate INE document correctly":
	  <li
	    class="jasmine-passed"
	    id="spec_spec645"
	    title="OCRService Document Type Validation should validate INE document correctly"
	  />
	
	  Name "OCRService Document Type Validation should handle unknown document types":
	  <li
	    class="jasmine-failed"
	    id="spec_spec647"
	    title="OCRService Document Type Validation should handle unknown document types"
	  />
	
	  Name "OCRService Document Type Validation should detect mismatched document types":
	  <li
	    class="jasmine-passed"
	    id="spec_spec646"
	    title="OCRService Document Type Validation should detect mismatched document types"
	  />
	
	  Name "ConfigurationService Scoring Configuration should get scoring configuration":
	  <li
	    class="jasmine-passed"
	    id="spec_spec208"
	    title="ConfigurationService Scoring Configuration should get scoring configuration"
	  />
	
	  Name "ConfigurationService Scoring Configuration should have business flow scoring requirements":
	  <li
	    class="jasmine-passed"
	    id="spec_spec209"
	    title="ConfigurationService Scoring Configuration should have business flow scoring requirements"
	  />
	
	  Name "ConfigurationService Scoring Configuration should have scoring factors configuration":
	  <li
	    class="jasmine-passed"
	    id="spec_spec211"
	    title="ConfigurationService Scoring Configuration should have scoring factors configuration"
	  />
	
	  Name "ConfigurationService Scoring Configuration should have correct scoring thresholds":
	  <li
	    class="jasmine-passed"
	    id="spec_spec210"
	    title="ConfigurationService Scoring Configuration should have correct scoring thresholds"
	  />
	
	  Name "ConfigurationService AVI Configuration should have market specific questions":
	  <li
	    class="jasmine-passed"
	    id="spec_spec218"
	    title="ConfigurationService AVI Configuration should have market specific questions"
	  />
	
	  Name "ConfigurationService AVI Configuration should have random questions configuration":
	  <li
	    class="jasmine-passed"
	    id="spec_spec219"
	    title="ConfigurationService AVI Configuration should have random questions configuration"
	  />
	
	  Name "ConfigurationService AVI Configuration should get AVI configuration":
	  <li
	    class="jasmine-passed"
	    id="spec_spec215"
	    title="ConfigurationService AVI Configuration should get AVI configuration"
	  />
	
	  Name "ConfigurationService AVI Configuration should have core AVI questions":
	  <li
	    class="jasmine-passed"
	    id="spec_spec216"
	    title="ConfigurationService AVI Configuration should have core AVI questions"
	  />
	
	  Name "ConfigurationService AVI Configuration should have validation configuration":
	  <li
	    class="jasmine-passed"
	    id="spec_spec220"
	    title="ConfigurationService AVI Configuration should have validation configuration"
	  />
	
	  Name "ConfigurationService AVI Configuration should have business flow specific questions":
	  <li
	    class="jasmine-passed"
	    id="spec_spec217"
	    title="ConfigurationService AVI Configuration should have business flow specific questions"
	  />
	
	  Name "ConfigurationService Market Configuration should have correct Estado de México market configuration":
	  <li
	    class="jasmine-passed"
	    id="spec_spec206"
	    title="ConfigurationService Market Configuration should have correct Estado de México market configuration"
	  />
	
	  Name "ConfigurationService Market Configuration should include EdoMex municipalities":
	  <li
	    class="jasmine-passed"
	    id="spec_spec207"
	    title="ConfigurationService Market Configuration should include EdoMex municipalities"
	  />
	
	  Name "ConfigurationService Market Configuration should get market configuration":
	  <li
	    class="jasmine-passed"
	    id="spec_spec204"
	    title="ConfigurationService Market Configuration should get market configuration"
	  />
	
	  Name "ConfigurationService Market Configuration should have correct Aguascalientes market configuration":
	  <li
	    class="jasmine-passed"
	    id="spec_spec205"
	    title="ConfigurationService Market Configuration should have correct Aguascalientes market configuration"
	  />
	
	  Name "ConfigurationService Configuration Loading and Updates should preserve existing configuration when updating":
	  <li
	    class="jasmine-passed"
	    id="spec_spec203"
	    title="ConfigurationService Configuration Loading and Updates should preserve existing configuration when updating"
	  />
	
	  Name "ConfigurationService Configuration Loading and Updates should refresh configuration from API":
	  <li
	    class="jasmine-passed"
	    id="spec_spec201"
	    title="ConfigurationService Configuration Loading and Updates should refresh configuration from API"
	  />
	
	  Name "ConfigurationService Configuration Loading and Updates should update configuration successfully":
	  <li
	    class="jasmine-passed"
	    id="spec_spec202"
	    title="ConfigurationService Configuration Loading and Updates should update configuration successfully"
	  />
	
	  Name "ConfigurationService Configuration Loading and Updates should get current configuration":
	  <li
	    class="jasmine-passed"
	    id="spec_spec200"
	    title="ConfigurationService Configuration Loading and Updates should get current configuration"
	  />
	
	  Name "ConfigurationService Service Initialization should be created":
	  <li
	    class="jasmine-passed"
	    id="spec_spec197"
	    title="ConfigurationService Service Initialization should be created"
	  />
	
	  Name "ConfigurationService Service Initialization should load default configuration on initialization":
	  <li
	    class="jasmine-passed"
	    id="spec_spec199"
	    title="ConfigurationService Service Initialization should load default configuration on initialization"
	  />
	
	  Name "ConfigurationService Service Initialization should provide configuration observable":
	  <li
	    class="jasmine-passed"
	    id="spec_spec198"
	    title="ConfigurationService Service Initialization should provide configuration observable"
	  />
	
	  Name "ConfigurationService Error Handling and Edge Cases should handle partial configuration updates":
	  <li
	    class="jasmine-passed"
	    id="spec_spec252"
	    title="ConfigurationService Error Handling and Edge Cases should handle partial configuration updates"
	  />
	
	  Name "ConfigurationService Error Handling and Edge Cases should handle empty configuration updates":
	  <li
	    class="jasmine-passed"
	    id="spec_spec253"
	    title="ConfigurationService Error Handling and Edge Cases should handle empty configuration updates"
	  />
	
	  Name "ConfigurationService Error Handling and Edge Cases should provide configuration even when API fails":
	  <li
	    class="jasmine-passed"
	    id="spec_spec254"
	    title="ConfigurationService Error Handling and Edge Cases should provide configuration even when API fails"
	  />
	
	  Name "ConfigurationService Error Handling and Edge Cases should handle nested configuration access":
	  <li
	    class="jasmine-passed"
	    id="spec_spec255"
	    title="ConfigurationService Error Handling and Edge Cases should handle nested configuration access"
	  />
	
	  Name "ConfigurationService UX Optimization Configuration should have recommendations configuration":
	  <li
	    class="jasmine-passed"
	    id="spec_spec249"
	    title="ConfigurationService UX Optimization Configuration should have recommendations configuration"
	  />
	
	  Name "ConfigurationService UX Optimization Configuration should have A/B testing configuration":
	  <li
	    class="jasmine-passed"
	    id="spec_spec248"
	    title="ConfigurationService UX Optimization Configuration should have A/B testing configuration"
	  />
	
	  Name "ConfigurationService UX Optimization Configuration should get UX optimization configuration":
	  <li
	    class="jasmine-passed"
	    id="spec_spec247"
	    title="ConfigurationService UX Optimization Configuration should get UX optimization configuration"
	  />
	
	  Name "ConfigurationService Configuration Versioning should track configuration version":
	  <li
	    class="jasmine-passed"
	    id="spec_spec250"
	    title="ConfigurationService Configuration Versioning should track configuration version"
	  />
	
	  Name "ConfigurationService Configuration Versioning should update lastUpdated when configuration changes":
	  <li
	    class="jasmine-passed"
	    id="spec_spec251"
	    title="ConfigurationService Configuration Versioning should update lastUpdated when configuration changes"
	  />
	
	  Name "ConfigurationService Analytics Configuration should have performance metrics configuration":
	  <li
	    class="jasmine-passed"
	    id="spec_spec246"
	    title="ConfigurationService Analytics Configuration should have performance metrics configuration"
	  />
	
	  Name "ConfigurationService Analytics Configuration should have funnel analysis configuration":
	  <li
	    class="jasmine-passed"
	    id="spec_spec245"
	    title="ConfigurationService Analytics Configuration should have funnel analysis configuration"
	  />
	
	  Name "ConfigurationService Analytics Configuration should have heatmap configuration":
	  <li
	    class="jasmine-passed"
	    id="spec_spec244"
	    title="ConfigurationService Analytics Configuration should have heatmap configuration"
	  />
	
	  Name "ConfigurationService Analytics Configuration should get analytics configuration":
	  <li
	    class="jasmine-passed"
	    id="spec_spec243"
	    title="ConfigurationService Analytics Configuration should get analytics configuration"
	  />
	
	  Name "ConfigurationService Smart UX Configuration should have session recovery configuration":
	  <li
	    class="jasmine-passed"
	    id="spec_spec242"
	    title="ConfigurationService Smart UX Configuration should have session recovery configuration"
	  />
	
	  Name "ConfigurationService Smart UX Configuration should have auto-complete configuration":
	  <li
	    class="jasmine-passed"
	    id="spec_spec241"
	    title="ConfigurationService Smart UX Configuration should have auto-complete configuration"
	  />
	
	  Name "ConfigurationService Smart UX Configuration should get smart UX configuration":
	  <li
	    class="jasmine-passed"
	    id="spec_spec240"
	    title="ConfigurationService Smart UX Configuration should get smart UX configuration"
	  />
	
	  Name "ConfigurationService UI Configuration should have navigation configuration":
	  <li
	    class="jasmine-passed"
	    id="spec_spec238"
	    title="ConfigurationService UI Configuration should have navigation configuration"
	  />
	
	  Name "ConfigurationService UI Configuration should have theme configuration":
	  <li
	    class="jasmine-passed"
	    id="spec_spec237"
	    title="ConfigurationService UI Configuration should have theme configuration"
	  />
	
	  Name "ConfigurationService UI Configuration should get simple UI configuration":
	  <li
	    class="jasmine-passed"
	    id="spec_spec236"
	    title="ConfigurationService UI Configuration should get simple UI configuration"
	  />
	
	  Name "ConfigurationService UI Configuration should have language configuration":
	  <li
	    class="jasmine-passed"
	    id="spec_spec239"
	    title="ConfigurationService UI Configuration should have language configuration"
	  />
	
	  Name "ConfigurationService Workflow Configuration should have automation configurations":
	  <li
	    class="jasmine-passed"
	    id="spec_spec232"
	    title="ConfigurationService Workflow Configuration should have automation configurations"
	  />
	
	  Name "ConfigurationService Workflow Configuration should get workflow configuration":
	  <li
	    class="jasmine-passed"
	    id="spec_spec231"
	    title="ConfigurationService Workflow Configuration should get workflow configuration"
	  />
	
	  Name "ConfigurationService Workflow Configuration should have escalation rules":
	  <li
	    class="jasmine-passed"
	    id="spec_spec234"
	    title="ConfigurationService Workflow Configuration should have escalation rules"
	  />
	
	  Name "ConfigurationService Workflow Configuration should have approval chains":
	  <li
	    class="jasmine-passed"
	    id="spec_spec233"
	    title="ConfigurationService Workflow Configuration should have approval chains"
	  />
	
	  Name "ConfigurationService Workflow Configuration should have SLA targets":
	  <li
	    class="jasmine-passed"
	    id="spec_spec235"
	    title="ConfigurationService Workflow Configuration should have SLA targets"
	  />
	
	  Name "ConfigurationService should cache namespace result (shareReplay) for subsequent subscribers":
	  <li
	    class="jasmine-passed"
	    id="spec_spec195"
	    title="ConfigurationService should cache namespace result (shareReplay) for subsequent subscribers"
	  />
	
	  Name "ConfigurationService should load namespace from assets when remote disabled":
	  <li
	    class="jasmine-passed"
	    id="spec_spec194"
	    title="ConfigurationService should load namespace from assets when remote disabled"
	  />
	
	  Name "ConfigurationService Notification Configuration should have email templates":
	  <li
	    class="jasmine-passed"
	    id="spec_spec227"
	    title="ConfigurationService Notification Configuration should have email templates"
	  />
	
	  Name "ConfigurationService Notification Configuration should have channel configurations":
	  <li
	    class="jasmine-passed"
	    id="spec_spec226"
	    title="ConfigurationService Notification Configuration should have channel configurations"
	  />
	
	  Name "ConfigurationService Notification Configuration should have SMS templates with length limits":
	  <li
	    class="jasmine-passed"
	    id="spec_spec228"
	    title="ConfigurationService Notification Configuration should have SMS templates with length limits"
	  />
	
	  Name "ConfigurationService Notification Configuration should have notification triggers":
	  <li
	    class="jasmine-passed"
	    id="spec_spec229"
	    title="ConfigurationService Notification Configuration should have notification triggers"
	  />
	
	  Name "ConfigurationService Notification Configuration should get notification configuration":
	  <li
	    class="jasmine-passed"
	    id="spec_spec225"
	    title="ConfigurationService Notification Configuration should get notification configuration"
	  />
	
	  Name "ConfigurationService Notification Configuration should have scheduled notifications":
	  <li
	    class="jasmine-passed"
	    id="spec_spec230"
	    title="ConfigurationService Notification Configuration should have scheduled notifications"
	  />
	
	  Name "ConfigurationService Business Flow Configuration should have correct VentaDirecta configuration":
	  <li
	    class="jasmine-passed"
	    id="spec_spec213"
	    title="ConfigurationService Business Flow Configuration should have correct VentaDirecta configuration"
	  />
	
	  Name "ConfigurationService Business Flow Configuration should have correct CreditoColectivo configuration":
	  <li
	    class="jasmine-passed"
	    id="spec_spec214"
	    title="ConfigurationService Business Flow Configuration should have correct CreditoColectivo configuration"
	  />
	
	  Name "ConfigurationService Business Flow Configuration should get business flow configuration":
	  <li
	    class="jasmine-passed"
	    id="spec_spec212"
	    title="ConfigurationService Business Flow Configuration should get business flow configuration"
	  />
	
	  Name "ConfigurationService updateConfiguration should merge and emit new configuration":
	  <li
	    class="jasmine-passed"
	    id="spec_spec196"
	    title="ConfigurationService updateConfiguration should merge and emit new configuration"
	  />
	
	  Name "ConfigurationService Questionnaire Configuration should get questionnaire configuration":
	  <li
	    class="jasmine-passed"
	    id="spec_spec221"
	    title="ConfigurationService Questionnaire Configuration should get questionnaire configuration"
	  />
	
	  Name "ConfigurationService Questionnaire Configuration should have completion requirements":
	  <li
	    class="jasmine-passed"
	    id="spec_spec223"
	    title="ConfigurationService Questionnaire Configuration should have completion requirements"
	  />
	
	  Name "ConfigurationService Questionnaire Configuration should have standard questionnaire sections":
	  <li
	    class="jasmine-passed"
	    id="spec_spec222"
	    title="ConfigurationService Questionnaire Configuration should have standard questionnaire sections"
	  />
	
	  Name "ConfigurationService Questionnaire Configuration should have dynamic questionnaire configuration":
	  <li
	    class="jasmine-passed"
	    id="spec_spec224"
	    title="ConfigurationService Questionnaire Configuration should have dynamic questionnaire configuration"
	  />
	
	  Name "ClienteFormComponent should handle different markets correctly":
	  <li
	    class="jasmine-passed"
	    id="spec_spec931"
	    title="ClienteFormComponent should handle different markets correctly"
	  />
	
	  Name "ClienteFormComponent should validate email format":
	  <li
	    class="jasmine-passed"
	    id="spec_spec920"
	    title="ClienteFormComponent should validate email format"
	  />
	
	  Name "ClienteFormComponent should handle different business flows correctly":
	  <li
	    class="jasmine-passed"
	    id="spec_spec930"
	    title="ClienteFormComponent should handle different business flows correctly"
	  />
	
	  Name "ClienteFormComponent should validate phone format":
	  <li
	    class="jasmine-passed"
	    id="spec_spec921"
	    title="ClienteFormComponent should validate phone format"
	  />
	
	  Name "ClienteFormComponent should clean form when switching between markets":
	  <li
	    class="jasmine-passed"
	    id="spec_spec932"
	    title="ClienteFormComponent should clean form when switching between markets"
	  />
	
	  Name "ClienteFormComponent should load existing client data in edit mode":
	  <li
	    class="jasmine-passed"
	    id="spec_spec924"
	    title="ClienteFormComponent should load existing client data in edit mode"
	  />
	
	  Name "ClienteFormComponent should update existing client with valid form data":
	  <li
	    class="jasmine-failed"
	    id="spec_spec925"
	    title="ClienteFormComponent should update existing client with valid form data"
	  />
	
	  Name "ClienteFormComponent should validate RFC format if provided":
	  <li
	    class="jasmine-passed"
	    id="spec_spec922"
	    title="ClienteFormComponent should validate RFC format if provided"
	  />
	
	  Name "ClienteFormComponent should create new client with valid form data":
	  <li
	    class="jasmine-failed"
	    id="spec_spec923"
	    title="ClienteFormComponent should create new client with valid form data"
	  />
	
	  Name "ClienteFormComponent should handle API error during client creation":
	  <li
	    class="jasmine-passed"
	    id="spec_spec926"
	    title="ClienteFormComponent should handle API error during client creation"
	  />
	
	  Name "ClienteFormComponent should navigate back when goBack is called":
	  <li
	    class="jasmine-passed"
	    id="spec_spec928"
	    title="ClienteFormComponent should navigate back when goBack is called"
	  />
	
	  Name "ClienteFormComponent should prevent form submission when invalid":
	  <li
	    class="jasmine-passed"
	    id="spec_spec927"
	    title="ClienteFormComponent should prevent form submission when invalid"
	  />
	
	  Name "ClienteFormComponent should set loading state during form submission":
	  <li
	    class="jasmine-passed"
	    id="spec_spec929"
	    title="ClienteFormComponent should set loading state during form submission"
	  />
	
	  Name "ClienteFormComponent should create":
	  <li
	    class="jasmine-passed"
	    id="spec_spec917"
	    title="ClienteFormComponent should create"
	  />
	
	  Name "ClienteFormComponent should initialize form with default values for new client":
	  <li
	    class="jasmine-failed"
	    id="spec_spec918"
	    title="ClienteFormComponent should initialize form with default values for new client"
	  />
	
	  Name "ClienteFormComponent should validate required fields":
	  <li
	    class="jasmine-passed"
	    id="spec_spec919"
	    title="ClienteFormComponent should validate required fields"
	  />
	
	  Name "AppComponent should create the app":
	  <li
	    class="jasmine-passed"
	    id="spec_spec0"
	    title="AppComponent should create the app"
	  />
	
	  Name "AppComponent should have the 'conductores-pwa' title":
	  <li
	    class="jasmine-passed"
	    id="spec_spec1"
	    title="AppComponent should have the 'conductores-pwa' title"
	  />
	
	  Name "AppComponent should render title":
	  <li
	    class="jasmine-passed"
	    id="spec_spec2"
	    title="AppComponent should render title"
	  />
	
	  Name "BusinessRulesService Business Flow Change Validation should allow flow change when no documents are approved":
	  <li
	    class="jasmine-passed"
	    id="spec_spec146"
	    title="BusinessRulesService Business Flow Change Validation should allow flow change when no documents are approved"
	  />
	
	  Name "BusinessRulesService Business Flow Change Validation should not allow flow change when documents are approved":
	  <li
	    class="jasmine-passed"
	    id="spec_spec147"
	    title="BusinessRulesService Business Flow Change Validation should not allow flow change when documents are approved"
	  />
	
	  Name "BusinessRulesService Business Flow Change Validation should not allow collective credit in Aguascalientes":
	  <li
	    class="jasmine-passed"
	    id="spec_spec148"
	    title="BusinessRulesService Business Flow Change Validation should not allow collective credit in Aguascalientes"
	  />
	
	  Name "BusinessRulesService Business Flow Change Validation should require ecosystem for EdoMex collective credit":
	  <li
	    class="jasmine-passed"
	    id="spec_spec149"
	    title="BusinessRulesService Business Flow Change Validation should require ecosystem for EdoMex collective credit"
	  />
	
	  Name "BusinessRulesService Market Requirements should include required documents for each market":
	  <li
	    class="jasmine-passed"
	    id="spec_spec145"
	    title="BusinessRulesService Market Requirements should include required documents for each market"
	  />
	
	  Name "BusinessRulesService Market Requirements should get Aguascalientes requirements":
	  <li
	    class="jasmine-passed"
	    id="spec_spec143"
	    title="BusinessRulesService Market Requirements should get Aguascalientes requirements"
	  />
	
	  Name "BusinessRulesService Market Requirements should get Estado de México requirements":
	  <li
	    class="jasmine-passed"
	    id="spec_spec144"
	    title="BusinessRulesService Market Requirements should get Estado de México requirements"
	  />
	
	  Name "BusinessRulesService Market Requirements Special Rules should include EdoMex specific rules about ecosystem":
	  <li
	    class="jasmine-passed"
	    id="spec_spec162"
	    title="BusinessRulesService Market Requirements Special Rules should include EdoMex specific rules about ecosystem"
	  />
	
	  Name "BusinessRulesService Market Requirements Special Rules should include AGS specific rules about credit types":
	  <li
	    class="jasmine-passed"
	    id="spec_spec161"
	    title="BusinessRulesService Market Requirements Special Rules should include AGS specific rules about credit types"
	  />
	
	  Name "BusinessRulesService Ecosystem Validation Edge Cases should properly identify required vs optional documents":
	  <li
	    class="jasmine-failed"
	    id="spec_spec164"
	    title="BusinessRulesService Ecosystem Validation Edge Cases should properly identify required vs optional documents"
	  />
	
	  Name "BusinessRulesService Ecosystem Validation Edge Cases should handle ecosystem validation with partial documents":
	  <li
	    class="jasmine-passed"
	    id="spec_spec163"
	    title="BusinessRulesService Ecosystem Validation Edge Cases should handle ecosystem validation with partial documents"
	  />
	
	  Name "BusinessRulesService Age Calculation should calculate age correctly":
	  <li
	    class="jasmine-passed"
	    id="spec_spec153"
	    title="BusinessRulesService Age Calculation should calculate age correctly"
	  />
	
	  Name "BusinessRulesService Age Calculation should handle birthday not yet reached this year":
	  <li
	    class="jasmine-passed"
	    id="spec_spec154"
	    title="BusinessRulesService Age Calculation should handle birthday not yet reached this year"
	  />
	
	  Name "BusinessRulesService Credit History Validation should warn about low credit score":
	  <li
	    class="jasmine-passed"
	    id="spec_spec151"
	    title="BusinessRulesService Credit History Validation should warn about low credit score"
	  />
	
	  Name "BusinessRulesService Credit History Validation should validate credit history with simulated score":
	  <li
	    class="jasmine-passed"
	    id="spec_spec150"
	    title="BusinessRulesService Credit History Validation should validate credit history with simulated score"
	  />
	
	  Name "BusinessRulesService Credit History Validation should recommend special conditions for very low score":
	  <li
	    class="jasmine-passed"
	    id="spec_spec152"
	    title="BusinessRulesService Credit History Validation should recommend special conditions for very low score"
	  />
	
	  Name "BusinessRulesService Service Initialization should have EdoMex specific rules":
	  <li
	    class="jasmine-passed"
	    id="spec_spec119"
	    title="BusinessRulesService Service Initialization should have EdoMex specific rules"
	  />
	
	  Name "BusinessRulesService Service Initialization should have universal rules":
	  <li
	    class="jasmine-passed"
	    id="spec_spec120"
	    title="BusinessRulesService Service Initialization should have universal rules"
	  />
	
	  Name "BusinessRulesService Service Initialization should have AGS specific rules":
	  <li
	    class="jasmine-passed"
	    id="spec_spec118"
	    title="BusinessRulesService Service Initialization should have AGS specific rules"
	  />
	
	  Name "BusinessRulesService Service Initialization should initialize validation rules":
	  <li
	    class="jasmine-passed"
	    id="spec_spec117"
	    title="BusinessRulesService Service Initialization should initialize validation rules"
	  />
	
	  Name "BusinessRulesService Service Initialization should be created":
	  <li
	    class="jasmine-passed"
	    id="spec_spec116"
	    title="BusinessRulesService Service Initialization should be created"
	  />
	
	  Name "BusinessRulesService Collective Group Validation Details should validate down payment minimum for collective credit":
	  <li
	    class="jasmine-passed"
	    id="spec_spec160"
	    title="BusinessRulesService Collective Group Validation Details should validate down payment minimum for collective credit"
	  />
	
	  Name "BusinessRulesService Collective Group Validation Details should validate down payment range for collective credit":
	  <li
	    class="jasmine-passed"
	    id="spec_spec159"
	    title="BusinessRulesService Collective Group Validation Details should validate down payment range for collective credit"
	  />
	
	  Name "BusinessRulesService Collective Group Validation Details should validate minimum group size":
	  <li
	    class="jasmine-passed"
	    id="spec_spec158"
	    title="BusinessRulesService Collective Group Validation Details should validate minimum group size"
	  />
	
	  Name "BusinessRulesService Client Validation should filter rules by market correctly":
	  <li
	    class="jasmine-passed"
	    id="spec_spec127"
	    title="BusinessRulesService Client Validation should filter rules by market correctly"
	  />
	
	  Name "BusinessRulesService Client Validation should fail validation for client without income":
	  <li
	    class="jasmine-passed"
	    id="spec_spec126"
	    title="BusinessRulesService Client Validation should fail validation for client without income"
	  />
	
	  Name "BusinessRulesService Client Validation should validate EdoMex client successfully":
	  <li
	    class="jasmine-passed"
	    id="spec_spec122"
	    title="BusinessRulesService Client Validation should validate EdoMex client successfully"
	  />
	
	  Name "BusinessRulesService Client Validation should validate AGS client successfully":
	  <li
	    class="jasmine-passed"
	    id="spec_spec121"
	    title="BusinessRulesService Client Validation should validate AGS client successfully"
	  />
	
	  Name "BusinessRulesService Client Validation should fail validation for client over age limit":
	  <li
	    class="jasmine-passed"
	    id="spec_spec125"
	    title="BusinessRulesService Client Validation should fail validation for client over age limit"
	  />
	
	  Name "BusinessRulesService Client Validation should fail validation for underage client":
	  <li
	    class="jasmine-passed"
	    id="spec_spec124"
	    title="BusinessRulesService Client Validation should fail validation for underage client"
	  />
	
	  Name "BusinessRulesService Client Validation should filter rules by business flow correctly":
	  <li
	    class="jasmine-passed"
	    id="spec_spec128"
	    title="BusinessRulesService Client Validation should filter rules by business flow correctly"
	  />
	
	  Name "BusinessRulesService Client Validation should fail validation for client with missing documents":
	  <li
	    class="jasmine-passed"
	    id="spec_spec123"
	    title="BusinessRulesService Client Validation should fail validation for client with missing documents"
	  />
	
	  Name "BusinessRulesService Helper Methods should consolidate validation results correctly":
	  <li
	    class="jasmine-passed"
	    id="spec_spec155"
	    title="BusinessRulesService Helper Methods should consolidate validation results correctly"
	  />
	
	  Name "BusinessRulesService Helper Methods should get ecosystem required documents":
	  <li
	    class="jasmine-passed"
	    id="spec_spec156"
	    title="BusinessRulesService Helper Methods should get ecosystem required documents"
	  />
	
	  Name "BusinessRulesService Helper Methods should generate ecosystem validation notes":
	  <li
	    class="jasmine-passed"
	    id="spec_spec157"
	    title="BusinessRulesService Helper Methods should generate ecosystem validation notes"
	  />
	
	  Name "BusinessRulesService AGS Specific Validations should validate AGS term requirements (12 or 24 months)":
	  <li
	    class="jasmine-passed"
	    id="spec_spec130"
	    title="BusinessRulesService AGS Specific Validations should validate AGS term requirements (12 or 24 months)"
	  />
	
	  Name "BusinessRulesService AGS Specific Validations should validate AGS required documents":
	  <li
	    class="jasmine-passed"
	    id="spec_spec132"
	    title="BusinessRulesService AGS Specific Validations should validate AGS required documents"
	  />
	
	  Name "BusinessRulesService AGS Specific Validations should validate AGS minimum income ($15,000)":
	  <li
	    class="jasmine-passed"
	    id="spec_spec131"
	    title="BusinessRulesService AGS Specific Validations should validate AGS minimum income ($15,000)"
	  />
	
	  Name "BusinessRulesService AGS Specific Validations should validate AGS down payment requirement (60%)":
	  <li
	    class="jasmine-passed"
	    id="spec_spec129"
	    title="BusinessRulesService AGS Specific Validations should validate AGS down payment requirement (60%)"
	  />
	
	  Name "BusinessRulesService EdoMex Specific Validations should validate EdoMex payment capacity ($20,000 minimum)":
	  <li
	    class="jasmine-passed"
	    id="spec_spec137"
	    title="BusinessRulesService EdoMex Specific Validations should validate EdoMex payment capacity ($20,000 minimum)"
	  />
	
	  Name "BusinessRulesService EdoMex Specific Validations should require group assignment for collective credit":
	  <li
	    class="jasmine-passed"
	    id="spec_spec136"
	    title="BusinessRulesService EdoMex Specific Validations should require group assignment for collective credit"
	  />
	
	  Name "BusinessRulesService EdoMex Specific Validations should validate collective group requirements":
	  <li
	    class="jasmine-passed"
	    id="spec_spec135"
	    title="BusinessRulesService EdoMex Specific Validations should validate collective group requirements"
	  />
	
	  Name "BusinessRulesService EdoMex Specific Validations should warn about high payment-to-income ratio":
	  <li
	    class="jasmine-passed"
	    id="spec_spec138"
	    title="BusinessRulesService EdoMex Specific Validations should warn about high payment-to-income ratio"
	  />
	
	  Name "BusinessRulesService EdoMex Specific Validations should validate EdoMex ecosystem documents":
	  <li
	    class="jasmine-passed"
	    id="spec_spec134"
	    title="BusinessRulesService EdoMex Specific Validations should validate EdoMex ecosystem documents"
	  />
	
	  Name "BusinessRulesService EdoMex Specific Validations should require ecosystem assignment for EdoMex":
	  <li
	    class="jasmine-passed"
	    id="spec_spec133"
	    title="BusinessRulesService EdoMex Specific Validations should require ecosystem assignment for EdoMex"
	  />
	
	  Name "BusinessRulesService Ecosystem Validation should fail ecosystem validation for client without ecosystem":
	  <li
	    class="jasmine-passed"
	    id="spec_spec140"
	    title="BusinessRulesService Ecosystem Validation should fail ecosystem validation for client without ecosystem"
	  />
	
	  Name "BusinessRulesService Ecosystem Validation should throw error for AGS client ecosystem validation":
	  <li
	    class="jasmine-passed"
	    id="spec_spec141"
	    title="BusinessRulesService Ecosystem Validation should throw error for AGS client ecosystem validation"
	  />
	
	  Name "BusinessRulesService Ecosystem Validation should validate ecosystem for EdoMex client":
	  <li
	    class="jasmine-failed"
	    id="spec_spec139"
	    title="BusinessRulesService Ecosystem Validation should validate ecosystem for EdoMex client"
	  />
	
	  Name "BusinessRulesService Ecosystem Validation should identify missing ecosystem documents":
	  <li
	    class="jasmine-passed"
	    id="spec_spec142"
	    title="BusinessRulesService Ecosystem Validation should identify missing ecosystem documents"
	  />
	
	  Name "MetaMapService KYC Button Creation should create MetaMap button successfully":
	  <li
	    class="jasmine-passed"
	    id="spec_spec507"
	    title="MetaMapService KYC Button Creation should create MetaMap button successfully"
	  />
	
	  Name "MetaMapService KYC Button Creation should handle container not found error":
	  <li
	    class="jasmine-passed"
	    id="spec_spec508"
	    title="MetaMapService KYC Button Creation should handle container not found error"
	  />
	
	  Name "MetaMapService KYC Button Creation should emit KYC success event":
	  <li
	    class="jasmine-passed"
	    id="spec_spec509"
	    title="MetaMapService KYC Button Creation should emit KYC success event"
	  />
	
	  Name "MetaMapService KYC Button Creation should cleanup event listeners on unsubscribe":
	  <li
	    class="jasmine-passed"
	    id="spec_spec512"
	    title="MetaMapService KYC Button Creation should cleanup event listeners on unsubscribe"
	  />
	
	  Name "MetaMapService KYC Button Creation should emit KYC exit event":
	  <li
	    class="jasmine-passed"
	    id="spec_spec510"
	    title="MetaMapService KYC Button Creation should emit KYC exit event"
	  />
	
	  Name "MetaMapService KYC Button Creation should call optional callback functions":
	  <li
	    class="jasmine-passed"
	    id="spec_spec511"
	    title="MetaMapService KYC Button Creation should call optional callback functions"
	  />
	
	  Name "MetaMapService KYC Completion should handle database update errors":
	  <li
	    class="jasmine-passed"
	    id="spec_spec516"
	    title="MetaMapService KYC Completion should handle database update errors"
	  />
	
	  Name "MetaMapService KYC Completion should handle client not found error":
	  <li
	    class="jasmine-passed"
	    id="spec_spec514"
	    title="MetaMapService KYC Completion should handle client not found error"
	  />
	
	  Name "MetaMapService KYC Completion should cap health score at 100":
	  <li
	    class="jasmine-passed"
	    id="spec_spec515"
	    title="MetaMapService KYC Completion should cap health score at 100"
	  />
	
	  Name "MetaMapService KYC Completion should complete KYC successfully":
	  <li
	    class="jasmine-passed"
	    id="spec_spec513"
	    title="MetaMapService KYC Completion should complete KYC successfully"
	  />
	
	  Name "MetaMapService Service Initialization should be created":
	  <li
	    class="jasmine-passed"
	    id="spec_spec504"
	    title="MetaMapService Service Initialization should be created"
	  />
	
	  Name "MetaMapService Service Initialization should initialize MetaMap SDK on creation":
	  <li
	    class="jasmine-passed"
	    id="spec_spec505"
	    title="MetaMapService Service Initialization should initialize MetaMap SDK on creation"
	  />
	
	  Name "MetaMapService Service Initialization should not reload SDK if already present":
	  <li
	    class="jasmine-passed"
	    id="spec_spec506"
	    title="MetaMapService Service Initialization should not reload SDK if already present"
	  />
	
	  Name "MetaMapService KYC Prerequisites Validation should detect missing comprobante de domicilio":
	  <li
	    class="jasmine-passed"
	    id="spec_spec519"
	    title="MetaMapService KYC Prerequisites Validation should detect missing comprobante de domicilio"
	  />
	
	  Name "MetaMapService KYC Prerequisites Validation should validate prerequisites for ready client":
	  <li
	    class="jasmine-passed"
	    id="spec_spec517"
	    title="MetaMapService KYC Prerequisites Validation should validate prerequisites for ready client"
	  />
	
	  Name "MetaMapService KYC Prerequisites Validation should detect multiple missing documents":
	  <li
	    class="jasmine-passed"
	    id="spec_spec521"
	    title="MetaMapService KYC Prerequisites Validation should detect multiple missing documents"
	  />
	
	  Name "MetaMapService KYC Prerequisites Validation should detect already completed KYC":
	  <li
	    class="jasmine-passed"
	    id="spec_spec520"
	    title="MetaMapService KYC Prerequisites Validation should detect already completed KYC"
	  />
	
	  Name "MetaMapService KYC Prerequisites Validation should detect missing INE document":
	  <li
	    class="jasmine-passed"
	    id="spec_spec518"
	    title="MetaMapService KYC Prerequisites Validation should detect missing INE document"
	  />
	
	  Name "MetaMapService KYC Status Reporting should report in_progress status":
	  <li
	    class="jasmine-passed"
	    id="spec_spec525"
	    title="MetaMapService KYC Status Reporting should report in_progress status"
	  />
	
	  Name "MetaMapService KYC Status Reporting should report failed status with retry option":
	  <li
	    class="jasmine-passed"
	    id="spec_spec524"
	    title="MetaMapService KYC Status Reporting should report failed status with retry option"
	  />
	
	  Name "MetaMapService KYC Status Reporting should report not_started for client without KYC document":
	  <li
	    class="jasmine-passed"
	    id="spec_spec527"
	    title="MetaMapService KYC Status Reporting should report not_started for client without KYC document"
	  />
	
	  Name "MetaMapService KYC Status Reporting should report prerequisites_missing status":
	  <li
	    class="jasmine-passed"
	    id="spec_spec526"
	    title="MetaMapService KYC Status Reporting should report prerequisites_missing status"
	  />
	
	  Name "MetaMapService KYC Status Reporting should report completed status":
	  <li
	    class="jasmine-passed"
	    id="spec_spec523"
	    title="MetaMapService KYC Status Reporting should report completed status"
	  />
	
	  Name "MetaMapService KYC Status Reporting should report ready status":
	  <li
	    class="jasmine-passed"
	    id="spec_spec522"
	    title="MetaMapService KYC Status Reporting should report ready status"
	  />
	
	  Name "MetaMapService SDK Availability Check should detect SDK availability when Mati object exists":
	  <li
	    class="jasmine-passed"
	    id="spec_spec531"
	    title="MetaMapService SDK Availability Check should detect SDK availability when Mati object exists"
	  />
	
	  Name "MetaMapService SDK Availability Check should report SDK as unavailable when neither exists":
	  <li
	    class="jasmine-passed"
	    id="spec_spec533"
	    title="MetaMapService SDK Availability Check should report SDK as unavailable when neither exists"
	  />
	
	  Name "MetaMapService SDK Availability Check should wait for page load when document not ready":
	  <li
	    class="jasmine-passed"
	    id="spec_spec535"
	    title="MetaMapService SDK Availability Check should wait for page load when document not ready"
	  />
	
	  Name "MetaMapService SDK Availability Check should detect SDK availability when metamap-button exists":
	  <li
	    class="jasmine-passed"
	    id="spec_spec532"
	    title="MetaMapService SDK Availability Check should detect SDK availability when metamap-button exists"
	  />
	
	  Name "MetaMapService SDK Availability Check should handle server-side rendering (no window object)":
	  <li
	    class="jasmine-pending"
	    id="spec_spec534"
	    title="MetaMapService SDK Availability Check should handle server-side rendering (no window object)"
	  />
	
	  Name "MetaMapService KYC Failure Simulation should handle client not found in failure simulation":
	  <li
	    class="jasmine-passed"
	    id="spec_spec530"
	    title="MetaMapService KYC Failure Simulation should handle client not found in failure simulation"
	  />
	
	  Name "MetaMapService KYC Failure Simulation should use default failure reason":
	  <li
	    class="jasmine-passed"
	    id="spec_spec529"
	    title="MetaMapService KYC Failure Simulation should use default failure reason"
	  />
	
	  Name "MetaMapService KYC Failure Simulation should simulate KYC failure":
	  <li
	    class="jasmine-passed"
	    id="spec_spec528"
	    title="MetaMapService KYC Failure Simulation should simulate KYC failure"
	  />
	
	  Name "MetaMapService Edge Cases and Error Handling should handle client without KYC document in completion":
	  <li
	    class="jasmine-passed"
	    id="spec_spec537"
	    title="MetaMapService Edge Cases and Error Handling should handle client without KYC document in completion"
	  />
	
	  Name "MetaMapService Edge Cases and Error Handling should handle exit event without reason":
	  <li
	    class="jasmine-passed"
	    id="spec_spec536"
	    title="MetaMapService Edge Cases and Error Handling should handle exit event without reason"
	  />
	
	  Name "MetaMapService Edge Cases and Error Handling should handle button creation with existing button in container":
	  <li
	    class="jasmine-passed"
	    id="spec_spec539"
	    title="MetaMapService Edge Cases and Error Handling should handle button creation with existing button in container"
	  />
	
	  Name "MetaMapService Edge Cases and Error Handling should handle empty verification data":
	  <li
	    class="jasmine-passed"
	    id="spec_spec538"
	    title="MetaMapService Edge Cases and Error Handling should handle empty verification data"
	  />
	
	  Name "LoginComponent Integration Tests should handle form submission with valid data":
	  <li
	    class="jasmine-failed"
	    id="spec_spec913"
	    title="LoginComponent Integration Tests should handle form submission with valid data"
	  />
	
	  Name "LoginComponent Integration Tests should show validation errors when form is submitted empty":
	  <li
	    class="jasmine-failed"
	    id="spec_spec910"
	    title="LoginComponent Integration Tests should show validation errors when form is submitted empty"
	  />
	
	  Name "LoginComponent Integration Tests should have proper accessibility attributes":
	  <li
	    class="jasmine-passed"
	    id="spec_spec915"
	    title="LoginComponent Integration Tests should have proper accessibility attributes"
	  />
	
	  Name "LoginComponent Integration Tests should enable submit button when form is valid":
	  <li
	    class="jasmine-failed"
	    id="spec_spec912"
	    title="LoginComponent Integration Tests should enable submit button when form is valid"
	  />
	
	  Name "LoginComponent Integration Tests should show email format error for invalid email":
	  <li
	    class="jasmine-passed"
	    id="spec_spec911"
	    title="LoginComponent Integration Tests should show email format error for invalid email"
	  />
	
	  Name "LoginComponent Integration Tests should display brand information":
	  <li
	    class="jasmine-passed"
	    id="spec_spec916"
	    title="LoginComponent Integration Tests should display brand information"
	  />
	
	  Name "LoginComponent Integration Tests should toggle password visibility":
	  <li
	    class="jasmine-passed"
	    id="spec_spec914"
	    title="LoginComponent Integration Tests should toggle password visibility"
	  />
	
	  --------------------------------------------------heading:
	
	  Name "Centro de Comando":
	  <h1
	    _ngcontent-a-c3214690901=""
	    class="text-gradient-primary"
	  />
	
	  --------------------------------------------------
	  paragraph:
	
	  Name "":
	  <p
	    _ngcontent-a-c3214690901=""
	    class="brand-subtitle"
	  />
	
	  Name "":
	  <p
	    _ngcontent-a-c3214690901=""
	    class="register-text"
	  />
	
	  --------------------------------------------------
	  textbox:
	
	  Name "📧 Correo Electrónico":
	  <input
	    _ngcontent-a-c3214690901=""
	    class="premium-input ng-untouched ng-pristine ng-invalid"
	    formcontrolname="email"
	    id="email"
	    ng-reflect-name="email"
	    placeholder="ricardo.montoya@cmu.com"
	    type="email"
	  />
	
	  --------------------------------------------------
	  button:
	
	  Name "🙈":
	  <button
	    _ngcontent-a-c3214690901=""
	    class="password-toggle-premium"
	    type="button"
	  />
	
	  Name "¿Olvidaste tu contraseña?":
	  <button
	    _ngcontent-a-c3214690901=""
	    class="forgot-password"
	    type="button"
	  />
	
	  Name "➡️ Acceder al Cockpit":
	  <button
	    _ngcontent-a-c3214690901=""
	    class="btn-primary command-center-btn"
	    disabled=""
	    type="submit"
	  />
	
	  --------------------------------------------------
	  checkbox:
	
	  Name "Recordarme":
	  <input
	    _ngcontent-a-c3214690901=""
	    class="ng-untouched ng-pristine ng-valid"
	    formcontrolname="rememberMe"
	    ng-reflect-name="rememberMe"
	    type="checkbox"
	  />
	
	  --------------------------------------------------
	  link:
	
	  Name "Activar Cuenta":
	  <a
	    _ngcontent-a-c3214690901=""
	    class="premium-link"
	    href="/register"
	  />
	
	  --------------------------------------------------
	
	Ignored nodes: comments, script, style
	<body>
	  
	    
	  
	    
	  
	    
	  
	    
	  
	    
	  
	    
	  
	    
	  
	
	  
	
	  
	
	  
	
	  
	
	  <link
	    crossorigin="anonymous"
	    href="node_modules/jasmine-core/lib/jasmine-core/jasmine.css"
	    rel="stylesheet"
	    type="text/css"
	  />
	  
	
	  
	
	  
	
	  <div
	    class="jasmine_html-reporter"
	  >
	    <div
	      class="jasmine-banner"
	    >
	      <a
	        class="jasmine-title"
	        href="http://jasmine.github.io/"
	        target="_blank"
	      />
	      <span
	        class="jasmine-version"
	      >
	        4.6.1
	      </span>
	    </div>
	    <ul
	      class="jasmine-symbol-summary"
	    >
	      <li
	        class="jasmine-passed"
	        id="spec_spec478"
	        title="LoadingService Service Initialization should return false for initial isLoading state"
	      />
	      <li
	        class="jasmine-passed"
	        id="spec_spec477"
	        title="LoadingService Service Initialization should initialize with loading false"
	      />
	      <li
	        class="jasmine-passed"
	        id="spec_spec476"
	        title="LoadingService Service Initialization should be created"
	      />
	      <li
	        class="jasmine-passed"
	        id="spec_spec479"
	        title="LoadingService Basic Loading Control should show loading"
	      />
	      <li
	        class="jasmine-passed"
	        id="spec_spec482"
	        title="LoadingService Basic Loading Control should not hide loading when already hidden"
	      />
	      <li
	        class="jasmine-passed"
	        id="spec_spec481"
	        title="LoadingService Basic Loading Control should not show loading multiple times without identifiers"
	      />
	      <li
	        class="jasmine-passed"
	        id="spec_spec480"
	        title="LoadingService Basic Loading Control should hide loading"
	      />
	      <li
	        class="jasmine-passed"
	        id="spec_spec488"
	        title="LoadingService Identifier-based Loading Control should handle hiding identifier multiple times"
	      />
	      <li
	        class="jasmine-passed"
	        id="spec_spec487"
	        title="LoadingService Identifier-based Loading Control should handle hiding non-existent identifier"
	      />
	      <li
	        class="jasmine-passed"
	        id="spec_spec483"
	        title="LoadingService Identifier-based Loading Control should show loading with identifier"
	      />
	      <li
	        class="jasmine-passed"
	        id="spec_spec486"
	        title="LoadingService Identifier-based Loading Control should not add duplicate identifiers"
	      />
	      <li
	        class="jasmine-passed"
	        id="spec_spec485"
	        title="LoadingService Identifier-based Loading Control should manage multiple identifiers"
	      />
	      <li
	        class="jasmine-passed"
	        id="spec_spec484"
	        title="LoadingService Identifier-based Loading Control should hide loading with identifier"
	      />
	      <li
	        class="jasmine-passed"
	        id="spec_spec503"
	        title="LoadingService Observable Behavior should support multiple subscribers"
	      />
	      <li
	        class="jasmine-passed"
	        id="spec_spec501"
	        title="LoadingService Observable Behavior should emit loading state changes"
	      />
	      <li
	        class="jasmine-passed"
	        id="spec_spec502"
	        title="LoadingService Observable Behavior should not emit duplicate states"
	      />
	      <li
	        class="jasmine-passed"
	        id="spec_spec496"
	        title="LoadingService SetLoading Alias Method should work without identifier"
	      />
	      <li
	        class="jasmine-passed"
	        id="spec_spec495"
	        title="LoadingService SetLoading Alias Method should hide loading when setLoading(false)"
	      />
	      <li
	        class="jasmine-passed"
	        id="spec_spec494"
	        title="LoadingService SetLoading Alias Method should show loading when setLoading(true)"
	      />
	      <li
	        class="jasmine-passed"
	        id="spec_spec498"
	        title="LoadingService Edge Cases and Error Handling should handle mixed identifier and non-identifier operations"
	      />
	      <li
	        class="jasmine-passed"
	        id="spec_spec497"
	        title="LoadingService Edge Cases and Error Handling should handle rapid show/hide calls"
	      />
	      <li
	        class="jasmine-passed"
	        id="spec_spec500"
	        title="LoadingService Edge Cases and Error Handling should maintain state consistency after force hide"
	      />
	      <li
	        class="jasmine-passed"
	        id="spec_spec499"
	        title="LoadingService Edge Cases and Error Handling should handle empty string identifier"
	      />
	      <li
	        class="jasmine-passed"
	        id="spec_spec489"
	        title="LoadingService Force Hide Functionality should force hide loading even with active identifiers"
	      />
	      <li
	        class="jasmine-passed"
	        id="spec_spec490"
	        title="LoadingService Force Hide Functionality should clear all identifiers on force hide"
	      />
	      <li
	        class="jasmine-passed"
	        id="spec_spec492"
	        title="LoadingService Duration-based Loading should show loading for duration with identifier"
	      />
	      <li
	        class="jasmine-passed"
	        id="spec_spec491"
	        title="LoadingService Duration-based Loading should show loading for specific duration"
	      />
	      <li
	        class="jasmine-passed"
	        id="spec_spec493"
	        title="LoadingService Duration-based Loading should handle multiple timed operations"
	      />
	      <li
	        class="jasmine-passed"
	        id="spec_spec53"
	        title="AuthService Login Functionality should fail login with invalid credentials"
	      />
	      <li
	        class="jasmine-passed"
	        id="spec_spec52"
	        title="AuthService Login Functionality should login with valid demo credentials"
	      />
	      <li
	        class="jasmine-passed"
	        id="spec_spec56"
	        title="AuthService Login Functionality should store token in localStorage after successful login"
	      />
	      <li
	        class="jasmine-passed"
	        id="spec_spec55"
	        title="AuthService Login Functionality should set user as authenticated after successful login"
	      />
	      <li
	        class="jasmine-passed"
	        id="spec_spec54"
	        title="AuthService Login Functionality should fail login with non-corporate email"
	      />
	      <li
	        class="jasmine-passed"
	        id="spec_spec51"
	        title="AuthService Basic Service Setup should initialize as not authenticated"
	      />
	      <li
	        class="jasmine-passed"
	        id="spec_spec49"
	        title="AuthService Basic Service Setup should be created"
	      />
	      <li
	        class="jasmine-passed"
	        id="spec_spec50"
	        title="AuthService Basic Service Setup should initialize with no authenticated user"
	      />
	      <li
	        class="jasmine-passed"
	        id="spec_spec75"
	        title="AuthService Logout Functionality should clear user data on logout"
	      />
	      <li
	        class="jasmine-passed"
	   ...
	TestingLibraryElementError: Unable to find an accessible element with the role "button" and name `/iniciar sesión/i`
	Here are the accessible roles:
	  link:
	  Name "":
	  <a
	    class="jasmine-title"
	    href="http://jasmine.github.io/"
	    target="_blank"
	  />
	  --------------------------------------------------
	  list:
	  Name "":
	  <ul
	    class="jasmine-symbol-summary"
	  />
	  --------------------------------------------------
	  listitem:
	  Name "LoadingService Service Initialization should return false for initial isLoading state":
	  <li
	    class="jasmine-passed"
	    id="spec_spec478"
	    title="LoadingService Service Initialization should return false for initial isLoading state"
	  />
	  Name "LoadingService Service Initialization should initialize with loading false":
	  <li
	    class="jasmine-passed"
	    id="spec_spec477"
	    title="LoadingService Service Initialization should initialize with loading false"
	  />
	  Name "LoadingService Service Initialization should be created":
	  <li
	    class="jasmine-passed"
	    id="spec_spec476"
	    title="LoadingService Service Initialization should be created"
	  />
	  Name "LoadingService Basic Loading Control should show loading":
	  <li
	    class="jasmine-passed"
	    id="spec_spec479"
	    title="LoadingService Basic Loading Control should show loading"
	  />
	  Name "LoadingService Basic Loading Control should not hide loading when already hidden":
	  <li
	    class="jasmine-passed"
	    id="spec_spec482"
	    title="LoadingService Basic Loading Control should not hide loading when already hidden"
	  />
	  Name "LoadingService Basic Loading Control should not show loading multiple times without identifiers":
	  <li
	    class="jasmine-passed"
	    id="spec_spec481"
	    title="LoadingService Basic Loading Control should not show loading multiple times without identifiers"
	  />
	  Name "LoadingService Basic Loading Control should hide loading":
	  <li
	    class="jasmine-passed"
	    id="spec_spec480"
	    title="LoadingService Basic Loading Control should hide loading"
	  />
	  Name "LoadingService Identifier-based Loading Control should handle hiding identifier multiple times":
	  <li
	    class="jasmine-passed"
	    id="spec_spec488"
	    title="LoadingService Identifier-based Loading Control should handle hiding identifier multiple times"
	  />
	  Name "LoadingService Identifier-based Loading Control should handle hiding non-existent identifier":
	  <li
	    class="jasmine-passed"
	    id="spec_spec487"
	    title="LoadingService Identifier-based Loading Control should handle hiding non-existent identifier"
	  />
	  Name "LoadingService Identifier-based Loading Control should show loading with identifier":
	  <li
	    class="jasmine-passed"
	    id="spec_spec483"
	    title="LoadingService Identifier-based Loading Control should show loading with identifier"
	  />
	  Name "LoadingService Identifier-based Loading Control should not add duplicate identifiers":
	  <li
	    class="jasmine-passed"
	    id="spec_spec486"
	    title="LoadingService Identifier-based Loading Control should not add duplicate identifiers"
	  />
	  Name "LoadingService Identifier-based Loading Control should manage multiple identifiers":
	  <li
	    class="jasmine-passed"
	    id="spec_spec485"
	    title="LoadingService Identifier-based Loading Control should manage multiple identifiers"
	  />
	  Name "LoadingService Identifier-based Loading Control should hide loading with identifier":
	  <li
	    class="jasmine-passed"
	    id="spec_spec484"
	    title="LoadingService Identifier-based Loading Control should hide loading with identifier"
	  />
	  Name "LoadingService Observable Behavior should support multiple subscribers":
	  <li
	    class="jasmine-passed"
	    id="spec_spec503"
	    title="LoadingService Observable Behavior should support multiple subscribers"
	  />
	  Name "LoadingService Observable Behavior should emit loading state changes":
	  <li
	    class="jasmine-passed"
	    id="spec_spec501"
	    title="LoadingService Observable Behavior should emit loading state changes"
	  />
	  Name "LoadingService Observable Behavior should not emit duplicate states":
	  <li
	    class="jasmine-passed"
	    id="spec_spec502"
	    title="LoadingService Observable Behavior should not emit duplicate states"
	  />
	  Name "LoadingService SetLoading Alias Method should work without identifier":
	  <li
	    class="jasmine-passed"
	    id="spec_spec496"
	    title="LoadingService SetLoading Alias Method should work without identifier"
	  />
	  Name "LoadingService SetLoading Alias Method should hide loading when setLoading(false)":
	  <li
	    class="jasmine-passed"
	    id="spec_spec495"
	    title="LoadingService SetLoading Alias Method should hide loading when setLoading(false)"
	  />
	  Name "LoadingService SetLoading Alias Method should show loading when setLoading(true)":
	  <li
	    class="jasmine-passed"
	    id="spec_spec494"
	    title="LoadingService SetLoading Alias Method should show loading when setLoading(true)"
	  />
	  Name "LoadingService Edge Cases and Error Handling should handle mixed identifier and non-identifier operations":
	  <li
	    class="jasmine-passed"
	    id="spec_spec498"
	    title="LoadingService Edge Cases and Error Handling should handle mixed identifier and non-identifier operations"
	  />
	  Name "LoadingService Edge Cases and Error Handling should handle rapid show/hide calls":
	  <li
	    class="jasmine-passed"
	    id="spec_spec497"
	    title="LoadingService Edge Cases and Error Handling should handle rapid show/hide calls"
	  />
	  Name "LoadingService Edge Cases and Error Handling should maintain state consistency after force hide":
	  <li
	    class="jasmine-passed"
	    id="spec_spec500"
	    title="LoadingService Edge Cases and Error Handling should maintain state consistency after force hide"
	  />
	  Name "LoadingService Edge Cases and Error Handling should handle empty string identifier":
	  <li
	    class="jasmine-passed"
	    id="spec_spec499"
	    title="LoadingService Edge Cases and Error Handling should handle empty string identifier"
	  />
	  Name "LoadingService Force Hide Functionality should force hide loading even with active identifiers":
	  <li
	    class="jasmine-passed"
	    id="spec_spec489"
	    title="LoadingService Force Hide Functionality should force hide loading even with active identifiers"
	  />
	  Name "LoadingService Force Hide Functionality should clear all identifiers on force hide":
	  <li
	    class="jasmine-passed"
	    id="spec_spec490"
	    title="LoadingService Force Hide Functionality should clear all identifiers on force hide"
	  />
	  Name "LoadingService Duration-based Loading should show loading for duration with identifier":
	  <li
	    class="jasmine-passed"
	    id="spec_spec492"
	    title="LoadingService Duration-based Loading should show loading for duration with identifier"
	  />
	  Name "LoadingService Duration-based Loading should show loading for specific duration":
	  <li
	    class="jasmine-passed"
	    id="spec_spec491"
	    title="LoadingService Duration-based Loading should show loading for specific duration"
	  />
	  Name "LoadingService Duration-based Loading should handle multiple timed operations":
	  <li
	    class="jasmine-passed"
	    id="spec_spec493"
	    title="LoadingService Duration-based Loading should handle multiple timed operations"
	  />
	  Name "AuthService Login Functionality should fail login with invalid credentials":
	  <li
	    class="jasmine-passed"
	    id="spec_spec53"
	    title="AuthService Login Functionality should fail login with invalid credentials"
	  />
	  Name "AuthService Login Functionality should login with valid demo credentials":
	  <li
	    class="jasmine-passed"
	    id="spec_spec52"
	    title="AuthService Login Functionality should login with valid demo credentials"
	  />
	  Name "AuthService Login Functionality should store token in localStorage after successful login":
	  <li
	    class="jasmine-passed"
	    id="spec_spec56"
	    title="AuthService Login Functionality should store token in localStorage after successful login"
	  />
	  Name "AuthService Login Functionality should set user as authenticated after successful login":
	  <li
	    class="jasmine-passed"
	    id="spec_spec55"
	    title="AuthService Login Functionality should set user as authenticated after successful login"
	  />
	  Name "AuthService Login Functionality should fail login with non-corporate email":
	  <li
	    class="jasmine-passed"
	    id="spec_spec54"
	    title="AuthService Login Functionality should fail login with non-corporate email"
	  />
	  Name "AuthService Basic Service Setup should initialize as not authenticated":
	  <li
	    class="jasmine-passed"
	    id="spec_spec51"
	    title="AuthService Basic Service Setup should initialize as not authenticated"
	  />
	  Name "AuthService Basic Service Setup should be created":
	  <li
	    class="jasmine-passed"
	    id="spec_spec49"
	    title="AuthService Basic Service Setup should be created"
	  />
	  Name "AuthService Basic Service Setup should initialize with no authenticated user":
	  <li
	    class="jasmine-passed"
	    id="spec_spec50"
	    title="AuthService Basic Service Setup should initialize with no authenticated user"
	  />
	  Name "AuthService Logout Functionality should clear user data on logout":
	  <li
	    class="jasmine-passed"
	    id="spec_spec75"
	    title="AuthService Logout Functionality should clear user data on logout"
	  />
	  Name "AuthService Logout Functionality should clear authentication state on logout":
	  <li
	    class="jasmine-passed"
	    id="spec_spec74"
	    title="AuthService Logout Functionality should clear authentication state on logout"
	  />
	  Name "AuthService Logout Functionality should remove token from localStorage on logout":
	  <li
	    class="jasmine-passed"
	    id="spec_spec76"
	    title="AuthService Logout Functionality should remove token from localStorage on logout"
	  />
	  Name "AuthService Email Availability Check should return available for new email":
	  <li
	    class="jasmine-passed"
	    id="spec_spec71"
	    title="AuthService Email Availability Check should return available for new email"
	  />
	  Name "AuthService Email Availability Check should return not available for pending registration email":
	  <li
	    class="jasmine-passed"
	    id="spec_spec73"
	    title="AuthService Email Availability Check should return not available for pending registration email"
	  />
	  Name "AuthService Email Availability Check should return not available for existing email":
	  <li
	    class="jasmine-passed"
	    id="spec_spec72"
	    title="AuthService Email Availability Check should return not available for existing email"
	  />
	  Name "AuthService Email Verification should successfully verify email with valid token":
	  <li
	    class="jasmine-passed"
	    id="spec_spec68"
	    title="AuthService Email Verification should successfully verify email with valid token"
	  />
	  Name "AuthService Email Verification should fail verification with invalid token":
	  <li
	    class="jasmine-passed"
	    id="spec_spec69"
	    title="AuthService Email Verification should fail verification with invalid token"
	  />
	  Name "AuthService Email Verification should update registration status after verification":
	  <li
	    class="jasmine-passed"
	    id="spec_spec70"
	    title="AuthService Email Verification should update registration status after verification"
	  />
	  Name "AuthService Token Management should detect old token as expired":
	  <li
	    class="jasmine-passed"
	    id="spec_spec59"
	    title="AuthService Token Management should detect old token as expired"
	  />
	  Name "AuthService Token Management should detect valid token as not expired":
	  <li
	    class="jasmine-failed"
	    id="spec_spec58"
	    title="AuthService Token Management should detect valid token as not expired"
	  />
	  Name "AuthService Token Management should detect invalid token format as expired":
	  <li
	    class="jasmine-passed"
	    id="spec_spec60"
	    title="AuthService Token Management should detect invalid token format as expired"
	  />
	  Name "AuthService Token Management should retrieve stored token":
	  <li
	    class="jasmine-passed"
	    id="spec_spec57"
	    title="AuthService Token Management should retrieve stored token"
	  />
	  Name "AuthService Registration Functionality should fail registration without privacy acceptance":
	  <li
	    class="jasmine-passed"
	    id="spec_spec63"
	    title="AuthService Registration Functionality should fail registration without privacy acceptance"
	  />
	  Name "AuthService Registration Functionality should successfully register with valid data":
	  <li
	    class="jasmine-passed"
	    id="spec_spec61"
	    title="AuthService Registration Functionality should successfully register with valid data"
	  />
	  Name "AuthService Registration Functionality should fail registration without terms acceptance":
	  <li
	    class="jasmine-passed"
	    id="spec_spec62"
	    title="AuthService Registration Functionality should fail registration without terms acceptance"
	  />
	  Name "AuthService Registration Functionality should fail registration with non-corporate email":
	  <li
	    class="jasmine-passed"
	    id="spec_spec65"
	    title="AuthService Registration Functionality should fail registration with non-corporate email"
	  />
	  Name "AuthService Registration Functionality should fail registration with existing email":
	  <li
	    class="jasmine-passed"
	    id="spec_spec66"
	    title="AuthService Registration Functionality should fail registration with existing email"
	  />
	  Name "AuthService Registration Functionality should fail registration with mismatched passwords":
	  <li
	    class="jasmine-passed"
	    id="spec_spec64"
	    title="AuthService Registration Functionality should fail registration with mismatched passwords"
	  />
	  Name "AuthService Registration Functionality should store pending registration in localStorage":
	  <li
	    class="jasmine-passed"
	    id="spec_spec67"
	    title="AuthService Registration Functionality should store pending registration in localStorage"
	  />
	  Name "CreditScoringService Service Initialization should have SCORING_CONFIG defined":
	  <li
	    class="jasmine-failed"
	    id="spec_spec296"
	    title="CreditScoringService Service Initialization should have SCORING_CONFIG defined"
	  />
	  Name "CreditScoringService Service Initialization should initialize internal storage maps":
	  <li
	    class="jasmine-failed"
	    id="spec_spec297"
	    title="CreditScoringService Service Initialization should initialize internal storage maps"
	  />
	  Name "CreditScoringService Service Initialization should be created":
	  <li
	    class="jasmine-failed"
	    id="spec_spec295"
	    title="CreditScoringService Service Initialization should be created"
	  />
	  Name "CreditScoringService Scoring Recommendations should get VentaDirecta recommendations":
	  <li
	    class="jasmine-failed"
	    id="spec_spec308"
	    title="CreditScoringService Scoring Recommendations should get VentaDirecta recommendations"
	  />
	  Name "CreditScoringService Scoring Recommendations should get CreditoColectivo recommendations":
	  <li
	    class="jasmine-failed"
	    id="spec_spec311"
	    title="CreditScoringService Scoring Recommendations should get CreditoColectivo recommendations"
	  />
	  Name "CreditScoringService Scoring Recommendations should get AhorroProgramado recommendations":
	  <li
	    class="jasmine-failed"
	    id="spec_spec312"
	    title="CreditScoringService Scoring Recommendations should get AhorroProgramado recommendations"
	  />
	  Name "CreditScoringService Scoring Recommendations should get VentaPlazo recommendations for AGS":
	  <li
	    class="jasmine-failed"
	    id="spec_spec309"
	    title="CreditScoringService Scoring Recommendations should get VentaPlazo recommendations for AGS"
	  />
	  Name "CreditScoringService Scoring Recommendations should return default recommendations for unknown flow":
	  <li
	    class="jasmine-failed"
	    id="spec_spec313"
	    title="CreditScoringService Scoring Recommendations should return default recommendations for unknown flow"
	  />
	  Name "CreditScoringService Scoring Recommendations should get VentaPlazo recommendations for EdoMex":
	  <li
	    class="jasmine-failed"
	    id="spec_spec310"
	    title="CreditScoringService Scoring Recommendations should get VentaPlazo recommendations for EdoMex"
	  />
	  Name "CreditScoringService Scoring Validity Check should invalidate expired scoring":
	  <li
	    class="jasmine-failed"
	    id="spec_spec327"
	    title="CreditScoringService Scoring Validity Check should invalidate expired scoring"
	  />
	  Name "CreditScoringService Scoring Validity Check should validate non-expired scoring":
	  <li
	    class="jasmine-failed"
	    id="spec_spec326"
	    title="CreditScoringService Scoring Validity Check should validate non-expired scoring"
	  />
	  Name "CreditScoringService Scoring Validity Check should return false for non-existent scoring":
	  <li
	    class="jasmine-failed"
	    id="spec_spec328"
	    title="CreditScoringService Scoring Validity Check should return false for non-existent scoring"
	  />
	  Name "CreditScoringService Scoring Simulation should set expiration date correctly":
	  <li
	    class="jasmine-failed"
	    id="spec_spec321"
	    title="CreditScoringService Scoring Simulation should set expiration date correctly"
	  />
	  Name "CreditScoringService Scoring Simulation should simulate scoring with low score for risky client":
	  <li
	    class="jasmine-failed"
	    id="spec_spec315"
	    title="CreditScoringService Scoring Simulation should simulate scoring with low score for risky client"
	  />
	  Name "CreditScoringService Scoring Simulation should apply market bonus for Aguascalientes":
	  <li
	    class="jasmine-failed"
	    id="spec_spec316"
	    title="CreditScoringService Scoring Simulation should apply market bonus for Aguascalientes"
	  />
	  Name "CreditScoringService Scoring Simulation should set correct interest rates by market":
	  <li
	    class="jasmine-failed"
	    id="spec_spec318"
	    title="CreditScoringService Scoring Simulation should set correct interest rates by market"
	  />
	  Name "CreditScoringService Scoring Simulation should include reasons for rejection":
	  <li
	    class="jasmine-failed"
	    id="spec_spec320"
	    title="CreditScoringService Scoring Simulation should include reasons for rejection"
	  />
	  Name "CreditScoringService Scoring Simulation should apply business flow bonuses correctly":
	  <li
	    class="jasmine-failed"
	    id="spec_spec317"
	    title="CreditScoringService Scoring Simulation should apply business flow bonuses correctly"
	  />
	  Name "CreditScoringService Scoring Simulation should include conditions for conditional approval":
	  <li
	    class="jasmine-failed"
	    id="spec_spec319"
	    title="CreditScoringService Scoring Simulation should include conditions for conditional approval"
	  />
	  Name "CreditScoringService Scoring Simulation should simulate scoring with high score for good client":
	  <li
	    class="jasmine-failed"
	    id="spec_spec314"
	    title="CreditScoringService Scoring Simulation should simulate scoring with high score for good client"
	  />
	  Name "CreditScoringService Credit Scoring Process should get scoring status correctly":
	  <li
	    class="jasmine-failed"
	    id="spec_spec301"
	    title="CreditScoringService Credit Scoring Process should get scoring status correctly"
	  />
	  Name "CreditScoringService Credit Scoring Process should return null for non-existent scoring ID":
	  <li
	    class="jasmine-failed"
	    id="spec_spec300"
	    title="CreditScoringService Credit Scoring Process should return null for non-existent scoring ID"
	  />
	  Name "CreditScoringService Credit Scoring Process should return null for non-existent status ID":
	  <li
	    class="jasmine-failed"
	    id="spec_spec302"
	    title="CreditScoringService Credit Scoring Process should return null for non-existent status ID"
	  />
	  Name "CreditScoringService Credit Scoring Process should initiate credit scoring request":
	  <li
	    class="jasmine-failed"
	    id="spec_spec298"
	    title="CreditScoringService Credit Scoring Process should initiate credit scoring request"
	  />
	  Name "CreditScoringService Credit Scoring Process should store scoring result after processing":
	  <li
	    class="jasmine-failed"
	    id="spec_spec299"
	    title="CreditScoringService Credit Scoring Process should store scoring result after processing"
	  />
	  Name "CreditScoringService Risk Level Assignment should assign correct risk levels":
	  <li
	    class="jasmine-failed"
	    id="spec_spec330"
	    title="CreditScoringService Risk Level Assignment should assign correct risk levels"
	  />
	  Name "CreditScoringService Score Grading System should assign correct grades for score ranges":
	  <li
	    class="jasmine-failed"
	    id="spec_spec329"
	    title="CreditScoringService Score Grading System should assign correct grades for score ranges"
	  />
	  Name "CreditScoringService Scoring Prerequisites Validation should validate client is ready for scoring":
	  <li
	    class="jasmine-failed"
	    id="spec_spec303"
	    title="CreditScoringService Scoring Prerequisites Validation should validate client is ready for scoring"
	  />
	  Name "CreditScoringService Scoring Prerequisites Validation should identify multiple missing requirements":
	  <li
	    class="jasmine-failed"
	    id="spec_spec307"
	    title="CreditScoringService Scoring Prerequisites Validation should identify multiple missing requirements"
	  />
	  Name "CreditScoringService Scoring Prerequisites Validation should identify missing INE document":
	  <li
	    class="jasmine-failed"
	    id="spec_spec304"
	    title="CreditScoringService Scoring Prerequisites Validation should identify missing INE document"
	  />
	  Name "CreditScoringService Scoring Prerequisites Validation should identify missing KYC verification":
	  <li
	    class="jasmine-failed"
	    id="spec_spec306"
	    title="CreditScoringService Scoring Prerequisites Validation should identify missing KYC verification"
	  />
	  Name "CreditScoringService Scoring Prerequisites Validation should identify missing comprobante document":
	  <li
	    class="jasmine-failed"
	    id="spec_spec305"
	    title="CreditScoringService Scoring Prerequisites Validation should identify missing comprobante document"
	  />
	  Name "CreditScoringService Scoring Retry Functionality should fail retry for non-existent original scoring":
	  <li
	    class="jasmine-failed"
	    id="spec_spec323"
	    title="CreditScoringService Scoring Retry Functionality should fail retry for non-existent original scoring"
	  />
	  Name "CreditScoringService Scoring Retry Functionality should retry scoring with updated information":
	  <li
	    class="jasmine-failed"
	    id="spec_spec322"
	    title="CreditScoringService Scoring Retry Functionality should retry scoring with updated information"
	  />
	  Name "CreditScoringService Edge Cases and Error Handling should handle zero or negative income gracefully":
	  <li
	    class="jasmine-failed"
	    id="spec_spec333"
	    title="CreditScoringService Edge Cases and Error Handling should handle zero or negative income gracefully"
	  />
	  Name "CreditScoringService Edge Cases and Error Handling should handle maximum score bounds":
	  <li
	    class="jasmine-failed"
	    id="spec_spec332"
	    title="CreditScoringService Edge Cases and Error Handling should handle maximum score bounds"
	  />
	  Name "CreditScoringService Edge Cases and Error Handling should handle minimum score bounds":
	  <li
	    class="jasmine-failed"
	    id="spec_spec331"
	    title="CreditScoringService Edge Cases and Error Handling should handle minimum score bounds"
	  />
	  Name "CreditScoringService Client Scoring History should return empty array for client with no scorings":
	  <li
	    class="jasmine-failed"
	    id="spec_spec325"
	    title="CreditScoringService Client Scoring History should return empty array for client with no scorings"
	  />
	  Name "CreditScoringService Client Scoring History should get client scoring history":
	  <li
	    class="jasmine-failed"
	    id="spec_spec324"
	    title="CreditScoringService Client Scoring History should get client scoring history"
	  />
	  Name "Integration Smoke should pass basic integration smoke test":
	  <li
	    class="jasmine-passed"
	    id="spec_spec11"
	    title="Integration Smoke should pass basic integration smoke test"
	  />
	  Name "FinancialCalculatorService Scenario Policy Validation should handle step-down without reduction percentage":
	  <li
	    class="jasmine-passed"
	    id="spec_spec422"
	    title="FinancialCalculatorService Scenario Policy Validation should handle step-down without reduction percentage"
	  />
	  Name "FinancialCalculatorService Scenario Policy Validation should validate unknown scenario type":
	  <li
	    class="jasmine-passed"
	    id="spec_spec421"
	    title="FinancialCalculatorService Scenario Policy Validation should validate unknown scenario type"
	  />
	  Name "FinancialCalculatorService Scenario Policy Validation should validate defer scenario within limits":
	  <li
	    class="jasmine-passed"
	    id="spec_spec417"
	    title="FinancialCalculatorService Scenario Policy Validation should validate defer scenario within limits"
	  />
	  Name "FinancialCalculatorService Scenario Policy Validation should validate step-down scenario within limits":
	  <li
	    class="jasmine-passed"
	    id="spec_spec419"
	    title="FinancialCalculatorService Scenario Policy Validation should validate step-down scenario within limits"
	  />
	  Name "FinancialCalculatorService Scenario Policy Validation should reject step-down scenario exceeding reduction limit":
	  <li
	    class="jasmine-passed"
	    id="spec_spec420"
	    title="FinancialCalculatorService Scenario Policy Validation should reject step-down scenario exceeding reduction limit"
	  />
	  Name "FinancialCalculatorService Scenario Policy Validation should reject defer scenario exceeding limits":
	  <li
	    class="jasmine-passed"
	    id="spec_spec418"
	    title="FinancialCalculatorService Scenario Policy Validation should reject defer scenario exceeding limits"
	  />
	  Name "FinancialCalculatorService Interest Capitalization should capitalize interest for deferral period":
	  <li
	    class="jasmine-passed"
	    id="spec_spec414"
	    title="FinancialCalculatorService Interest Capitalization should capitalize interest for deferral period"
	  />
	  Name "FinancialCalculatorService Interest Capitalization should handle zero deferral months":
	  <li
	    class="jasmine-passed"
	    id="spec_spec415"
	    title="FinancialCalculatorService Interest Capitalization should handle zero deferral months"
	  />
	  Name "FinancialCalculatorService Interest Capitalization should handle zero interest rate":
	  <li
	    class="jasmine-passed"
	    id="spec_spec416"
	    title="FinancialCalculatorService Interest Capitalization should handle zero interest rate"
	  />
	  Name "FinancialCalculatorService Currency Formatting should format positive amounts in Mexican Pesos":
	  <li
	    class="jasmine-passed"
	    id="spec_spec431"
	    title="FinancialCalculatorService Currency Formatting should format positive amounts in Mexican Pesos"
	  />
	  Name "FinancialCalculatorService Currency Formatting should format negative amounts":
	  <li
	    class="jasmine-passed"
	    id="spec_spec432"
	    title="FinancialCalculatorService Currency Formatting should format negative amounts"
	  />
	  Name "FinancialCalculatorService Currency Formatting should format zero amount":
	  <li
	    class="jasmine-passed"
	    id="spec_spec433"
	    title="FinancialCalculatorService Currency Formatting should format zero amount"
	  />
	  Name "FinancialCalculatorService Currency Formatting should format large amounts with proper separators":
	  <li
	    class="jasmine-passed"
	    id="spec_spec434"
	    title="FinancialCalculatorService Currency Formatting should format large amounts with proper separators"
	  />
	  Name "FinancialCalculatorService Currency Formatting should format small amounts":
	  <li
	    class="jasmine-passed"
	    id="spec_spec435"
	    title="FinancialCalculatorService Currency Formatting should format small amounts"
	  />
	  Name "FinancialCalculatorService TIR Calculation (Newton-Raphson) should bound rate to reasonable values":
	  <li
	    class="jasmine-passed"
	    id="spec_spec410"
	    title="FinancialCalculatorService TIR Calculation (Newton-Raphson) should bound rate to reasonable values"
	  />
	  Name "FinancialCalculatorService TIR Calculation (Newton-Raphson) should handle zero cash flows":
	  <li
	    class="jasmine-passed"
	    id="spec_spec407"
	    title="FinancialCalculatorService TIR Calculation (Newton-Raphson) should handle zero cash flows"
	  />
	  Name "FinancialCalculatorService TIR Calculation (Newton-Raphson) should calculate TIR for simple cash flows":
	  <li
	    class="jasmine-passed"
	    id="spec_spec405"
	    title="FinancialCalculatorService TIR Calculation (Newton-Raphson) should calculate TIR for simple cash flows"
	  />
	  Name "FinancialCalculatorService TIR Calculation (Newton-Raphson) should calculate TIR for loan scenario":
	  <li
	    class="jasmine-passed"
	    id="spec_spec406"
	    title="FinancialCalculatorService TIR Calculation (Newton-Raphson) should calculate TIR for loan scenario"
	  />
	  Name "FinancialCalculatorService TIR Calculation (Newton-Raphson) should handle single negative cash flow":
	  <li
	    class="jasmine-passed"
	    id="spec_spec408"
	    title="FinancialCalculatorService TIR Calculation (Newton-Raphson) should handle single negative cash flow"
	  />
	  Name "FinancialCalculatorService TIR Calculation (Newton-Raphson) should respect maximum iterations":
	  <li
	    class="jasmine-passed"
	    id="spec_spec409"
	    title="FinancialCalculatorService TIR Calculation (Newton-Raphson) should respect maximum iterations"
	  />
	  Name "FinancialCalculatorService Cash Flow Generation should generate cash flows with principal and payments":
	  <li
	    class="jasmine-passed"
	    id="spec_spec411"
	    title="FinancialCalculatorService Cash Flow Generation should generate cash flows with principal and payments"
	  />
	  Name "FinancialCalculatorService Cash Flow Generation should handle empty payments array":
	  <li
	    class="jasmine-passed"
	    id="spec_spec413"
	    title="FinancialCalculatorService Cash Flow Generation should handle empty payments array"
	  />
	  Name "FinancialCalculatorService Cash Flow Generation should handle fewer payments than term":
	  <li
	    class="jasmine-passed"
	    id="spec_spec412"
	    title="FinancialCalculatorService Cash Flow Generation should handle fewer payments than term"
	  />
	  Name "FinancialCalculatorService Service Initialization should be created":
	  <li
	    class="jasmine-passed"
	    id="spec_spec400"
	    title="FinancialCalculatorService Service Initialization should be created"
	  />
	  Name "FinancialCalculatorService Market-Specific TIR Rates should return correct TIR for Estado de México":
	  <li
	    class="jasmine-passed"
	    id="spec_spec402"
	    title="FinancialCalculatorService Market-Specific TIR Rates should return correct TIR for Estado de México"
	  />
	  Name "FinancialCalculatorService Market-Specific TIR Rates should return default TIR for unknown market":
	  <li
	    class="jasmine-passed"
	    id="spec_spec403"
	    title="FinancialCalculatorService Market-Specific TIR Rates should return default TIR for unknown market"
	  />
	  Name "FinancialCalculatorService Market-Specific TIR Rates should return correct TIR for Aguascalientes":
	  <li
	    class="jasmine-passed"
	    id="spec_spec401"
	    title="FinancialCalculatorService Market-Specific TIR Rates should return correct TIR for Aguascalientes"
	  />
	  Name "FinancialCalculatorService Market-Specific TIR Rates should return default TIR when market is undefined":
	  <li
	    class="jasmine-passed"
	    id="spec_spec404"
	    title="FinancialCalculatorService Market-Specific TIR Rates should return default TIR when market is undefined"
	  />
	  Name "FinancialCalculatorService Annuity Calculations should handle negative interest rate":
	  <li
	    class="jasmine-passed"
	    id="spec_spec426"
	    title="FinancialCalculatorService Annuity Calculations should handle negative interest rate"
	  />
	  Name "FinancialCalculatorService Annuity Calculations should handle zero term":
	  <li
	    class="jasmine-passed"
	    id="spec_spec425"
	    title="FinancialCalculatorService Annuity Calculations should handle zero term"
	  />
	  Name "FinancialCalculatorService Annuity Calculations should handle zero interest rate":
	  <li
	    class="jasmine-passed"
	    id="spec_spec424"
	    title="FinancialCalculatorService Annuity Calculations should handle zero interest rate"
	  />
	  Name "FinancialCalculatorService Annuity Calculations should calculate monthly payment for standard loan":
	  <li
	    class="jasmine-passed"
	    id="spec_spec423"
	    title="FinancialCalculatorService Annuity Calculations should calculate monthly payment for standard loan"
	  />
	  Name "FinancialCalculatorService Balance Calculations should handle negative interest rate in balance calculation":
	  <li
	    class="jasmine-passed"
	    id="spec_spec430"
	    title="FinancialCalculatorService Balance Calculations should handle negative interest rate in balance calculation"
	  />
	  Name "FinancialCalculatorService Balance Calculations should handle zero months paid":
	  <li
	    class="jasmine-passed"
	    id="spec_spec429"
	    title="FinancialCalculatorService Balance Calculations should handle zero months paid"
	  />
	  Name "FinancialCalculatorService Balance Calculations should handle zero interest rate balance":
	  <li
	    class="jasmine-passed"
	    id="spec_spec428"
	    title="FinancialCalculatorService Balance Calculations should handle zero interest rate balance"
	  />
	  Name "FinancialCalculatorService Balance Calculations should calculate remaining balance after payments":
	  <li
	    class="jasmine-passed"
	    id="spec_spec427"
	    title="FinancialCalculatorService Balance Calculations should calculate remaining balance after payments"
	  />
	  Name "FinancialCalculatorService Edge Cases and Error Handling should handle very long terms":
	  <li
	    class="jasmine-passed"
	    id="spec_spec438"
	    title="FinancialCalculatorService Edge Cases and Error Handling should handle very long terms"
	  />
	  Name "FinancialCalculatorService Edge Cases and Error Handling should handle TIR calculation convergence issues":
	  <li
	    class="jasmine-passed"
	    id="spec_spec439"
	    title="FinancialCalculatorService Edge Cases and Error Handling should handle TIR calculation convergence issues"
	  />
	  Name "FinancialCalculatorService Edge Cases and Error Handling should handle very large principal amounts":
	  <li
	    class="jasmine-passed"
	    id="spec_spec436"
	    title="FinancialCalculatorService Edge Cases and Error Handling should handle very large principal amounts"
	  />
	  Name "FinancialCalculatorService Edge Cases and Error Handling should handle very small interest rates":
	  <li
	    class="jasmine-passed"
	    id="spec_spec437"
	    title="FinancialCalculatorService Edge Cases and Error Handling should handle very small interest rates"
	  />
	  Name "OCRService Text Extraction from Image File should handle extraction errors":
	  <li
	    class="jasmine-passed"
	    id="spec_spec629"
	    title="OCRService Text Extraction from Image File should handle extraction errors"
	  />
	  Name "OCRService Text Extraction from Image File should extract structured data when document type is provided":
	  <li
	    class="jasmine-failed"
	    id="spec_spec628"
	    title="OCRService Text Extraction from Image File should extract structured data when document type is provided"
	  />
	  Name "OCRService Text Extraction from Image File should extract text from image file":
	  <li
	    class="jasmine-failed"
	    id="spec_spec627"
	    title="OCRService Text Extraction from Image File should extract text from image file"
	  />
	  Name "OCRService Text Extraction from Image File should update progress during extraction":
	  <li
	    class="jasmine-failed"
	    id="spec_spec630"
	    title="OCRService Text Extraction from Image File should update progress during extraction"
	  />
	  Name "OCRService Text Extraction from Base64 should extract structured data from base64 with document type":
	  <li
	    class="jasmine-failed"
	    id="spec_spec632"
	    title="OCRService Text Extraction from Base64 should extract structured data from base64 with document type"
	  />
	  Name "OCRService Text Extraction from Base64 should handle base64 extraction errors":
	  <li
	    class="jasmine-passed"
	    id="spec_spec633"
	    title="OCRService Text Extraction from Base64 should handle base64 extraction errors"
	  />
	  Name "OCRService Text Extraction from Base64 should extract text from base64 image":
	  <li
	    class="jasmine-failed"
	    id="spec_spec631"
	    title="OCRService Text Extraction from Base64 should extract text from base64 image"
	  />
	  Name "OCRService Service Initialization should provide progress observable":
	  <li
	    class="jasmine-passed"
	    id="spec_spec622"
	    title="OCRService Service Initialization should provide progress observable"
	  />
	  Name "OCRService Service Initialization should be created":
	  <li
	    class="jasmine-passed"
	    id="spec_spec621"
	    title="OCRService Service Initialization should be created"
	  />
	  Name "OCRService Worker Initialization should update progress during initialization":
	  <li
	    class="jasmine-passed"
	    id="spec_spec626"
	    title="OCRService Worker Initialization should update progress during initialization"
	  />
	  Name "OCRService Worker Initialization should handle initialization errors":
	  <li
	    class="jasmine-passed"
	    id="spec_spec625"
	    title="OCRService Worker Initialization should handle initialization errors"
	  />
	  Name "OCRService Worker Initialization should initialize Tesseract worker with Spanish and English":
	  <li
	    class="jasmine-failed"
	    id="spec_spec623"
	    title="OCRService Worker Initialization should initialize Tesseract worker with Spanish and English"
	  />
	  Name "OCRService Worker Initialization should not reinitialize if already initialized":
	  <li
	    class="jasmine-failed"
	    id="spec_spec624"
	    title="OCRService Worker Initialization should not reinitialize if already initialized"
	  />
	  Name "OCRService INE Data Extraction should extract CURP from INE text":
	  <li
	    class="jasmine-failed"
	    id="spec_spec634"
	    title="OCRService INE Data Extraction should extract CURP from INE text"
	  />
	  Name "OCRService INE Data Extraction should extract birth date from INE text":
	  <li
	    class="jasmine-failed"
	    id="spec_spec636"
	    title="OCRService INE Data Extraction should extract birth date from INE text"
	  />
	  Name "OCRService INE Data Extraction should extract name from INE text":
	  <li
	    class="jasmine-failed"
	    id="spec_spec635"
	    title="OCRService INE Data Extraction should extract name from INE text"
	  />
	  Name "OCRService Tarjeta de Circulación Data Extraction should extract model and year":
	  <li
	    class="jasmine-failed"
	    id="spec_spec639"
	    title="OCRService Tarjeta de Circulación Data Extraction should extract model and year"
	  />
	  Name "OCRService Tarjeta de Circulación Data Extraction should extract vehicle brand":
	  <li
	    class="jasmine-failed"
	    id="spec_spec638"
	    title="OCRService Tarjeta de Circulación Data Extraction should extract vehicle brand"
	  />
	  Name "OCRService Tarjeta de Circulación Data Extraction should extract license plates":
	  <li
	    class="jasmine-failed"
	    id="spec_spec637"
	    title="OCRService Tarjeta de Circulación Data Extraction should extract license plates"
	  />
	  Name "OCRService Worker Management should reinitialize worker after termination":
	  <li
	    class="jasmine-failed"
	    id="spec_spec652"
	    title="OCRService Worker Management should reinitialize worker after termination"
	  />
	  Name "OCRService Worker Management should handle termination when worker is null":
	  <li
	    class="jasmine-passed"
	    id="spec_spec651"
	    title="OCRService Worker Management should handle termination when worker is null"
	  />
	  Name "OCRService Worker Management should terminate worker properly":
	  <li
	    class="jasmine-failed"
	    id="spec_spec650"
	    title="OCRService Worker Management should terminate worker properly"
	  />
	  Name "OCRService Progress Messaging should handle unknown status messages":
	  <li
	    class="jasmine-empty"
	    id="spec_spec654"
	    title="OCRService Progress Messaging should handle unknown status messages"
	  />
	  Name "OCRService Progress Messaging should translate status messages to Spanish":
	  <li
	    class="jasmine-failed"
	    id="spec_spec653"
	    title="OCRService Progress Messaging should translate status messages to Spanish"
	  />
	  Name "OCRService Edge Cases and Error Handling should handle very low confidence results":
	  <li
	    class="jasmine-failed"
	    id="spec_spec659"
	    title="OCRService Edge Cases and Error Handling should handle very low confidence results"
	  />
	  Name "OCRService Edge Cases and Error Handling should handle extraction without document type":
	  <li
	    class="jasmine-failed"
	    id="spec_spec658"
	    title="OCRService Edge Cases and Error Handling should handle extraction without document type"
	  />
	  Name "OCRService Edge Cases and Error Handling should handle documents with mixed case text":
	  <li
	    class="jasmine-failed"
	    id="spec_spec657"
	    title="OCRService Edge Cases and Error Handling should handle documents with mixed case text"
	  />
	  Name "OCRService Edge Cases and Error Handling should handle malformed CURP patterns":
	  <li
	    class="jasmine-failed"
	    id="spec_spec656"
	    title="OCRService Edge Cases and Error Handling should handle malformed CURP patterns"
	  />
	  Name "OCRService Edge Cases and Error Handling should handle empty text extraction":
	  <li
	    class="jasmine-failed"
	    id="spec_spec655"
	    title="OCRService Edge Cases and Error Handling should handle empty text extraction"
	  />
	  Name "OCRService Comprobante de Domicilio Data Extraction should extract date from comprobante":
	  <li
	    class="jasmine-failed"
	    id="spec_spec642"
	    title="OCRService Comprobante de Domicilio Data Extraction should extract date from comprobante"
	  />
	  Name "OCRService Comprobante de Domicilio Data Extraction should identify utility provider":
	  <li
	    class="jasmine-failed"
	    id="spec_spec641"
	    title="OCRService Comprobante de Domicilio Data Extraction should identify utility provider"
	  />
	  Name "OCRService Comprobante de Domicilio Data Extraction should extract address information":
	  <li
	    class="jasmine-failed"
	    id="spec_spec640"
	    title="OCRService Comprobante de Domicilio Data Extraction should extract address information"
	  />
	  Name "OCRService RFC Data Extraction should extract taxpayer name":
	  <li
	    class="jasmine-failed"
	    id="spec_spec644"
	    title="OCRService RFC Data Extraction should extract taxpayer name"
	  />
	  Name "OCRService RFC Data Extraction should extract RFC code":
	  <li
	    class="jasmine-failed"
	    id="spec_spec643"
	    title="OCRService RFC Data Extraction should extract RFC code"
	  />
	  Name "OCRService Document Type Validation should validate RFC documents":
	  <li
	    class="jasmine-passed"
	    id="spec_spec649"
	    title="OCRService Document Type Validation should validate RFC documents"
	  />
	  Name "OCRService Document Type Validation should validate comprobante de domicilio":
	  <li
	    class="jasmine-passed"
	    id="spec_spec648"
	    title="OCRService Document Type Validation should validate comprobante de domicilio"
	  />
	  Name "OCRService Document Type Validation should validate INE document correctly":
	  <li
	    class="jasmine-passed"
	    id="spec_spec645"
	    title="OCRService Document Type Validation should validate INE document correctly"
	  />
	  Name "OCRService Document Type Validation should handle unknown document types":
	  <li
	    class="jasmine-failed"
	    id="spec_spec647"
	    title="OCRService Document Type Validation should handle unknown document types"
	  />
	  Name "OCRService Document Type Validation should detect mismatched document types":
	  <li
	    class="jasmine-passed"
	    id="spec_spec646"
	    title="OCRService Document Type Validation should detect mismatched document types"
	  />
	  Name "ConfigurationService Scoring Configuration should get scoring configuration":
	  <li
	    class="jasmine-passed"
	    id="spec_spec208"
	    title="ConfigurationService Scoring Configuration should get scoring configuration"
	  />
	  Name "ConfigurationService Scoring Configuration should have business flow scoring requirements":
	  <li
	    class="jasmine-passed"
	    id="spec_spec209"
	    title="ConfigurationService Scoring Configuration should have business flow scoring requirements"
	  />
	  Name "ConfigurationService Scoring Configuration should have scoring factors configuration":
	  <li
	    class="jasmine-passed"
	    id="spec_spec211"
	    title="ConfigurationService Scoring Configuration should have scoring factors configuration"
	  />
	  Name "ConfigurationService Scoring Configuration should have correct scoring thresholds":
	  <li
	    class="jasmine-passed"
	    id="spec_spec210"
	    title="ConfigurationService Scoring Configuration should have correct scoring thresholds"
	  />
	  Name "ConfigurationService AVI Configuration should have market specific questions":
	  <li
	    class="jasmine-passed"
	    id="spec_spec218"
	    title="ConfigurationService AVI Configuration should have market specific questions"
	  />
	  Name "ConfigurationService AVI Configuration should have random questions configuration":
	  <li
	    class="jasmine-passed"
	    id="spec_spec219"
	    title="ConfigurationService AVI Configuration should have random questions configuration"
	  />
	  Name "ConfigurationService AVI Configuration should get AVI configuration":
	  <li
	    class="jasmine-passed"
	    id="spec_spec215"
	    title="ConfigurationService AVI Configuration should get AVI configuration"
	  />
	  Name "ConfigurationService AVI Configuration should have core AVI questions":
	  <li
	    class="jasmine-passed"
	    id="spec_spec216"
	    title="ConfigurationService AVI Configuration should have core AVI questions"
	  />
	  Name "ConfigurationService AVI Configuration should have validation configuration":
	  <li
	    class="jasmine-passed"
	    id="spec_spec220"
	    title="ConfigurationService AVI Configuration should have validation configuration"
	  />
	  Name "ConfigurationService AVI Configuration should have business flow specific questions":
	  <li
	    class="jasmine-passed"
	    id="spec_spec217"
	    title="ConfigurationService AVI Configuration should have business flow specific questions"
	  />
	  Name "ConfigurationService Market Configuration should have correct Estado de México market configuration":
	  <li
	    class="jasmine-passed"
	    id="spec_spec206"
	    title="ConfigurationService Market Configuration should have correct Estado de México market configuration"
	  />
	  Name "ConfigurationService Market Configuration should include EdoMex municipalities":
	  <li
	    class="jasmine-passed"
	    id="spec_spec207"
	    title="ConfigurationService Market Configuration should include EdoMex municipalities"
	  />
	  Name "ConfigurationService Market Configuration should get market configuration":
	  <li
	    class="jasmine-passed"
	    id="spec_spec204"
	    title="ConfigurationService Market Configuration should get market configuration"
	  />
	  Name "ConfigurationService Market Configuration should have correct Aguascalientes market configuration":
	  <li
	    class="jasmine-passed"
	    id="spec_spec205"
	    title="ConfigurationService Market Configuration should have correct Aguascalientes market configuration"
	  />
	  Name "ConfigurationService Configuration Loading and Updates should preserve existing configuration when updating":
	  <li
	    class="jasmine-passed"
	    id="spec_spec203"
	    title="ConfigurationService Configuration Loading and Updates should preserve existing configuration when updating"
	  />
	  Name "ConfigurationService Configuration Loading and Updates should refresh configuration from API":
	  <li
	    class="jasmine-passed"
	    id="spec_spec201"
	    title="ConfigurationService Configuration Loading and Updates should refresh configuration from API"
	  />
	  Name "ConfigurationService Configuration Loading and Updates should update configuration successfully":
	  <li
	    class="jasmine-passed"
	    id="spec_spec202"
	    title="ConfigurationService Configuration Loading and Updates should update configuration successfully"
	  />
	  Name "ConfigurationService Configuration Loading and Updates should get current configuration":
	  <li
	    class="jasmine-passed"
	    id="spec_spec200"
	    title="ConfigurationService Configuration Loading and Updates should get current configuration"
	  />
	  Name "ConfigurationService Service Initialization should be created":
	  <li
	    class="jasmine-passed"
	    id="spec_spec197"
	    title="ConfigurationService Service Initialization should be created"
	  />
	  Name "ConfigurationService Service Initialization should load default configuration on initialization":
	  <li
	    class="jasmine-passed"
	    id="spec_spec199"
	    title="ConfigurationService Service Initialization should load default configuration on initialization"
	  />
	  Name "ConfigurationService Service Initialization should provide configuration observable":
	  <li
	    class="jasmine-passed"
	    id="spec_spec198"
	    title="ConfigurationService Service Initialization should provide configuration observable"
	  />
	  Name "ConfigurationService Error Handling and Edge Cases should handle partial configuration updates":
	  <li
	    class="jasmine-passed"
	    id="spec_spec252"
	    title="ConfigurationService Error Handling and Edge Cases should handle partial configuration updates"
	  />
	  Name "ConfigurationService Error Handling and Edge Cases should handle empty configuration updates":
	  <li
	    class="jasmine-passed"
	    id="spec_spec253"
	    title="ConfigurationService Error Handling and Edge Cases should handle empty configuration updates"
	  />
	  Name "ConfigurationService Error Handling and Edge Cases should provide configuration even when API fails":
	  <li
	    class="jasmine-passed"
	    id="spec_spec254"
	    title="ConfigurationService Error Handling and Edge Cases should provide configuration even when API fails"
	  />
	  Name "ConfigurationService Error Handling and Edge Cases should handle nested configuration access":
	  <li
	    class="jasmine-passed"
	    id="spec_spec255"
	    title="ConfigurationService Error Handling and Edge Cases should handle nested configuration access"
	  />
	  Name "ConfigurationService UX Optimization Configuration should have recommendations configuration":
	  <li
	    class="jasmine-passed"
	    id="spec_spec249"
	    title="ConfigurationService UX Optimization Configuration should have recommendations configuration"
	  />
	  Name "ConfigurationService UX Optimization Configuration should have A/B testing configuration":
	  <li
	    class="jasmine-passed"
	    id="spec_spec248"
	    title="ConfigurationService UX Optimization Configuration should have A/B testing configuration"
	  />
	  Name "ConfigurationService UX Optimization Configuration should get UX optimization configuration":
	  <li
	    class="jasmine-passed"
	    id="spec_spec247"
	    title="ConfigurationService UX Optimization Configuration should get UX optimization configuration"
	  />
	  Name "ConfigurationService Configuration Versioning should track configuration version":
	  <li
	    class="jasmine-passed"
	    id="spec_spec250"
	    title="ConfigurationService Configuration Versioning should track configuration version"
	  />
	  Name "ConfigurationService Configuration Versioning should update lastUpdated when configuration changes":
	  <li
	    class="jasmine-passed"
	    id="spec_spec251"
	    title="ConfigurationService Configuration Versioning should update lastUpdated when configuration changes"
	  />
	  Name "ConfigurationService Analytics Configuration should have performance metrics configuration":
	  <li
	    class="jasmine-passed"
	    id="spec_spec246"
	    title="ConfigurationService Analytics Configuration should have performance metrics configuration"
	  />
	  Name "ConfigurationService Analytics Configuration should have funnel analysis configuration":
	  <li
	    class="jasmine-passed"
	    id="spec_spec245"
	    title="ConfigurationService Analytics Configuration should have funnel analysis configuration"
	  />
	  Name "ConfigurationService Analytics Configuration should have heatmap configuration":
	  <li
	    class="jasmine-passed"
	    id="spec_spec244"
	    title="ConfigurationService Analytics Configuration should have heatmap configuration"
	  />
	  Name "ConfigurationService Analytics Configuration should get analytics configuration":
	  <li
	    class="jasmine-passed"
	    id="spec_spec243"
	    title="ConfigurationService Analytics Configuration should get analytics configuration"
	  />
	  Name "ConfigurationService Smart UX Configuration should have session recovery configuration":
	  <li
	    class="jasmine-passed"
	    id="spec_spec242"
	    title="ConfigurationService Smart UX Configuration should have session recovery configuration"
	  />
	  Name "ConfigurationService Smart UX Configuration should have auto-complete configuration":
	  <li
	    class="jasmine-passed"
	    id="spec_spec241"
	    title="ConfigurationService Smart UX Configuration should have auto-complete configuration"
	  />
	  Name "ConfigurationService Smart UX Configuration should get smart UX configuration":
	  <li
	    class="jasmine-passed"
	    id="spec_spec240"
	    title="ConfigurationService Smart UX Configuration should get smart UX configuration"
	  />
	  Name "ConfigurationService UI Configuration should have navigation configuration":
	  <li
	    class="jasmine-passed"
	    id="spec_spec238"
	    title="ConfigurationService UI Configuration should have navigation configuration"
	  />
	  Name "ConfigurationService UI Configuration should have theme configuration":
	  <li
	    class="jasmine-passed"
	    id="spec_spec237"
	    title="ConfigurationService UI Configuration should have theme configuration"
	  />
	  Name "ConfigurationService UI Configuration should get simple UI configuration":
	  <li
	    class="jasmine-passed"
	    id="spec_spec236"
	    title="ConfigurationService UI Configuration should get simple UI configuration"
	  />
	  Name "ConfigurationService UI Configuration should have language configuration":
	  <li
	    class="jasmine-passed"
	    id="spec_spec239"
	    title="ConfigurationService UI Configuration should have language configuration"
	  />
	  Name "ConfigurationService Workflow Configuration should have automation configurations":
	  <li
	    class="jasmine-passed"
	    id="spec_spec232"
	    title="ConfigurationService Workflow Configuration should have automation configurations"
	  />
	  Name "ConfigurationService Workflow Configuration should get workflow configuration":
	  <li
	    class="jasmine-passed"
	    id="spec_spec231"
	    title="ConfigurationService Workflow Configuration should get workflow configuration"
	  />
	  Name "ConfigurationService Workflow Configuration should have escalation rules":
	  <li
	    class="jasmine-passed"
	    id="spec_spec234"
	    title="ConfigurationService Workflow Configuration should have escalation rules"
	  />
	  Name "ConfigurationService Workflow Configuration should have approval chains":
	  <li
	    class="jasmine-passed"
	    id="spec_spec233"
	    title="ConfigurationService Workflow Configuration should have approval chains"
	  />
	  Name "ConfigurationService Workflow Configuration should have SLA targets":
	  <li
	    class="jasmine-passed"
	    id="spec_spec235"
	    title="ConfigurationService Workflow Configuration should have SLA targets"
	  />
	  Name "ConfigurationService should cache namespace result (shareReplay) for subsequent subscribers":
	  <li
	    class="jasmine-passed"
	    id="spec_spec195"
	    title="ConfigurationService should cache namespace result (shareReplay) for subsequent subscribers"
	  />
	  Name "ConfigurationService should load namespace from assets when remote disabled":
	  <li
	    class="jasmine-passed"
	    id="spec_spec194"
	    title="ConfigurationService should load namespace from assets when remote disabled"
	  />
	  Name "ConfigurationService Notification Configuration should have email templates":
	  <li
	    class="jasmine-passed"
	    id="spec_spec227"
	    title="ConfigurationService Notification Configuration should have email templates"
	  />
	  Name "ConfigurationService Notification Configuration should have channel configurations":
	  <li
	    class="jasmine-passed"
	    id="spec_spec226"
	    title="ConfigurationService Notification Configuration should have channel configurations"
	  />
	  Name "ConfigurationService Notification Configuration should have SMS templates with length limits":
	  <li
	    class="jasmine-passed"
	    id="spec_spec228"
	    title="ConfigurationService Notification Configuration should have SMS templates with length limits"
	  />
	  Name "ConfigurationService Notification Configuration should have notification triggers":
	  <li
	    class="jasmine-passed"
	    id="spec_spec229"
	    title="ConfigurationService Notification Configuration should have notification triggers"
	  />
	  Name "ConfigurationService Notification Configuration should get notification configuration":
	  <li
	    class="jasmine-passed"
	    id="spec_spec225"
	    title="ConfigurationService Notification Configuration should get notification configuration"
	  />
	  Name "ConfigurationService Notification Configuration should have scheduled notifications":
	  <li
	    class="jasmine-passed"
	    id="spec_spec230"
	    title="ConfigurationService Notification Configuration should have scheduled notifications"
	  />
	  Name "ConfigurationService Business Flow Configuration should have correct VentaDirecta configuration":
	  <li
	    class="jasmine-passed"
	    id="spec_spec213"
	    title="ConfigurationService Business Flow Configuration should have correct VentaDirecta configuration"
	  />
	  Name "ConfigurationService Business Flow Configuration should have correct CreditoColectivo configuration":
	  <li
	    class="jasmine-passed"
	    id="spec_spec214"
	    title="ConfigurationService Business Flow Configuration should have correct CreditoColectivo configuration"
	  />
	  Name "ConfigurationService Business Flow Configuration should get business flow configuration":
	  <li
	    class="jasmine-passed"
	    id="spec_spec212"
	    title="ConfigurationService Business Flow Configuration should get business flow configuration"
	  />
	  Name "ConfigurationService updateConfiguration should merge and emit new configuration":
	  <li
	    class="jasmine-passed"
	    id="spec_spec196"
	    title="ConfigurationService updateConfiguration should merge and emit new configuration"
	  />
	  Name "ConfigurationService Questionnaire Configuration should get questionnaire configuration":
	  <li
	    class="jasmine-passed"
	    id="spec_spec221"
	    title="ConfigurationService Questionnaire Configuration should get questionnaire configuration"
	  />
	  Name "ConfigurationService Questionnaire Configuration should have completion requirements":
	  <li
	    class="jasmine-passed"
	    id="spec_spec223"
	    title="ConfigurationService Questionnaire Configuration should have completion requirements"
	  />
	  Name "ConfigurationService Questionnaire Configuration should have standard questionnaire sections":
	  <li
	    class="jasmine-passed"
	    id="spec_spec222"
	    title="ConfigurationService Questionnaire Configuration should have standard questionnaire sections"
	  />
	  Name "ConfigurationService Questionnaire Configuration should have dynamic questionnaire configuration":
	  <li
	    class="jasmine-passed"
	    id="spec_spec224"
	    title="ConfigurationService Questionnaire Configuration should have dynamic questionnaire configuration"
	  />
	  Name "ClienteFormComponent should handle different markets correctly":
	  <li
	    class="jasmine-passed"
	    id="spec_spec931"
	    title="ClienteFormComponent should handle different markets correctly"
	  />
	  Name "ClienteFormComponent should validate email format":
	  <li
	    class="jasmine-passed"
	    id="spec_spec920"
	    title="ClienteFormComponent should validate email format"
	  />
	  Name "ClienteFormComponent should handle different business flows correctly":
	  <li
	    class="jasmine-passed"
	    id="spec_spec930"
	    title="ClienteFormComponent should handle different business flows correctly"
	  />
	  Name "ClienteFormComponent should validate phone format":
	  <li
	    class="jasmine-passed"
	    id="spec_spec921"
	    title="ClienteFormComponent should validate phone format"
	  />
	  Name "ClienteFormComponent should clean form when switching between markets":
	  <li
	    class="jasmine-passed"
	    id="spec_spec932"
	    title="ClienteFormComponent should clean form when switching between markets"
	  />
	  Name "ClienteFormComponent should load existing client data in edit mode":
	  <li
	    class="jasmine-passed"
	    id="spec_spec924"
	    title="ClienteFormComponent should load existing client data in edit mode"
	  />
	  Name "ClienteFormComponent should update existing client with valid form data":
	  <li
	    class="jasmine-failed"
	    id="spec_spec925"
	    title="ClienteFormComponent should update existing client with valid form data"
	  />
	  Name "ClienteFormComponent should validate RFC format if provided":
	  <li
	    class="jasmine-passed"
	    id="spec_spec922"
	    title="ClienteFormComponent should validate RFC format if provided"
	  />
	  Name "ClienteFormComponent should create new client with valid form data":
	  <li
	    class="jasmine-failed"
	    id="spec_spec923"
	    title="ClienteFormComponent should create new client with valid form data"
	  />
	  Name "ClienteFormComponent should handle API error during client creation":
	  <li
	    class="jasmine-passed"
	    id="spec_spec926"
	    title="ClienteFormComponent should handle API error during client creation"
	  />
	  Name "ClienteFormComponent should navigate back when goBack is called":
	  <li
	    class="jasmine-passed"
	    id="spec_spec928"
	    title="ClienteFormComponent should navigate back when goBack is called"
	  />
	  Name "ClienteFormComponent should prevent form submission when invalid":
	  <li
	    class="jasmine-passed"
	    id="spec_spec927"
	    title="ClienteFormComponent should prevent form submission when invalid"
	  />
	  Name "ClienteFormComponent should set loading state during form submission":
	  <li
	    class="jasmine-passed"
	    id="spec_spec929"
	    title="ClienteFormComponent should set loading state during form submission"
	  />
	  Name "ClienteFormComponent should create":
	  <li
	    class="jasmine-passed"
	    id="spec_spec917"
	    title="ClienteFormComponent should create"
	  />
	  Name "ClienteFormComponent should initialize form with default values for new client":
	  <li
	    class="jasmine-failed"
	    id="spec_spec918"
	    title="ClienteFormComponent should initialize form with default values for new client"
	  />
	  Name "ClienteFormComponent should validate required fields":
	  <li
	    class="jasmine-passed"
	    id="spec_spec919"
	    title="ClienteFormComponent should validate required fields"
	  />
	  Name "AppComponent should create the app":
	  <li
	    class="jasmine-passed"
	    id="spec_spec0"
	    title="AppComponent should create the app"
	  />
	  Name "AppComponent should have the 'conductores-pwa' title":
	  <li
	    class="jasmine-passed"
	    id="spec_spec1"
	    title="AppComponent should have the 'conductores-pwa' title"
	  />
	  Name "AppComponent should render title":
	  <li
	    class="jasmine-passed"
	    id="spec_spec2"
	    title="AppComponent should render title"
	  />
	  Name "BusinessRulesService Business Flow Change Validation should allow flow change when no documents are approved":
	  <li
	    class="jasmine-passed"
	    id="spec_spec146"
	    title="BusinessRulesService Business Flow Change Validation should allow flow change when no documents are approved"
	  />
	  Name "BusinessRulesService Business Flow Change Validation should not allow flow change when documents are approved":
	  <li
	    class="jasmine-passed"
	    id="spec_spec147"
	    title="BusinessRulesService Business Flow Change Validation should not allow flow change when documents are approved"
	  />
	  Name "BusinessRulesService Business Flow Change Validation should not allow collective credit in Aguascalientes":
	  <li
	    class="jasmine-passed"
	    id="spec_spec148"
	    title="BusinessRulesService Business Flow Change Validation should not allow collective credit in Aguascalientes"
	  />
	  Name "BusinessRulesService Business Flow Change Validation should require ecosystem for EdoMex collective credit":
	  <li
	    class="jasmine-passed"
	    id="spec_spec149"
	    title="BusinessRulesService Business Flow Change Validation should require ecosystem for EdoMex collective credit"
	  />
	  Name "BusinessRulesService Market Requirements should include required documents for each market":
	  <li
	    class="jasmine-passed"
	    id="spec_spec145"
	    title="BusinessRulesService Market Requirements should include required documents for each market"
	  />
	  Name "BusinessRulesService Market Requirements should get Aguascalientes requirements":
	  <li
	    class="jasmine-passed"
	    id="spec_spec143"
	    title="BusinessRulesService Market Requirements should get Aguascalientes requirements"
	  />
	  Name "BusinessRulesService Market Requirements should get Estado de México requirements":
	  <li
	    class="jasmine-passed"
	    id="spec_spec144"
	    title="BusinessRulesService Market Requirements should get Estado de México requirements"
	  />
	  Name "BusinessRulesService Market Requirements Special Rules should include EdoMex specific rules about ecosystem":
	  <li
	    class="jasmine-passed"
	    id="spec_spec162"
	    title="BusinessRulesService Market Requirements Special Rules should include EdoMex specific rules about ecosystem"
	  />
	  Name "BusinessRulesService Market Requirements Special Rules should include AGS specific rules about credit types":
	  <li
	    class="jasmine-passed"
	    id="spec_spec161"
	    title="BusinessRulesService Market Requirements Special Rules should include AGS specific rules about credit types"
	  />
	  Name "BusinessRulesService Ecosystem Validation Edge Cases should properly identify required vs optional documents":
	  <li
	    class="jasmine-failed"
	    id="spec_spec164"
	    title="BusinessRulesService Ecosystem Validation Edge Cases should properly identify required vs optional documents"
	  />
	  Name "BusinessRulesService Ecosystem Validation Edge Cases should handle ecosystem validation with partial documents":
	  <li
	    class="jasmine-passed"
	    id="spec_spec163"
	    title="BusinessRulesService Ecosystem Validation Edge Cases should handle ecosystem validation with partial documents"
	  />
	  Name "BusinessRulesService Age Calculation should calculate age correctly":
	  <li
	    class="jasmine-passed"
	    id="spec_spec153"
	    title="BusinessRulesService Age Calculation should calculate age correctly"
	  />
	  Name "BusinessRulesService Age Calculation should handle birthday not yet reached this year":
	  <li
	    class="jasmine-passed"
	    id="spec_spec154"
	    title="BusinessRulesService Age Calculation should handle birthday not yet reached this year"
	  />
	  Name "BusinessRulesService Credit History Validation should warn about low credit score":
	  <li
	    class="jasmine-passed"
	    id="spec_spec151"
	    title="BusinessRulesService Credit History Validation should warn about low credit score"
	  />
	  Name "BusinessRulesService Credit History Validation should validate credit history with simulated score":
	  <li
	    class="jasmine-passed"
	    id="spec_spec150"
	    title="BusinessRulesService Credit History Validation should validate credit history with simulated score"
	  />
	  Name "BusinessRulesService Credit History Validation should recommend special conditions for very low score":
	  <li
	    class="jasmine-passed"
	    id="spec_spec152"
	    title="BusinessRulesService Credit History Validation should recommend special conditions for very low score"
	  />
	  Name "BusinessRulesService Service Initialization should have EdoMex specific rules":
	  <li
	    class="jasmine-passed"
	    id="spec_spec119"
	    title="BusinessRulesService Service Initialization should have EdoMex specific rules"
	  />
	  Name "BusinessRulesService Service Initialization should have universal rules":
	  <li
	    class="jasmine-passed"
	    id="spec_spec120"
	    title="BusinessRulesService Service Initialization should have universal rules"
	  />
	  Name "BusinessRulesService Service Initialization should have AGS specific rules":
	  <li
	    class="jasmine-passed"
	    id="spec_spec118"
	    title="BusinessRulesService Service Initialization should have AGS specific rules"
	  />
	  Name "BusinessRulesService Service Initialization should initialize validation rules":
	  <li
	    class="jasmine-passed"
	    id="spec_spec117"
	    title="BusinessRulesService Service Initialization should initialize validation rules"
	  />
	  Name "BusinessRulesService Service Initialization should be created":
	  <li
	    class="jasmine-passed"
	    id="spec_spec116"
	    title="BusinessRulesService Service Initialization should be created"
	  />
	  Name "BusinessRulesService Collective Group Validation Details should validate down payment minimum for collective credit":
	  <li
	    class="jasmine-passed"
	    id="spec_spec160"
	    title="BusinessRulesService Collective Group Validation Details should validate down payment minimum for collective credit"
	  />
	  Name "BusinessRulesService Collective Group Validation Details should validate down payment range for collective credit":
	  <li
	    class="jasmine-passed"
	    id="spec_spec159"
	    title="BusinessRulesService Collective Group Validation Details should validate down payment range for collective credit"
	  />
	  Name "BusinessRulesService Collective Group Validation Details should validate minimum group size":
	  <li
	    class="jasmine-passed"
	    id="spec_spec158"
	    title="BusinessRulesService Collective Group Validation Details should validate minimum group size"
	  />
	  Name "BusinessRulesService Client Validation should filter rules by market correctly":
	  <li
	    class="jasmine-passed"
	    id="spec_spec127"
	    title="BusinessRulesService Client Validation should filter rules by market correctly"
	  />
	  Name "BusinessRulesService Client Validation should fail validation for client without income":
	  <li
	    class="jasmine-passed"
	    id="spec_spec126"
	    title="BusinessRulesService Client Validation should fail validation for client without income"
	  />
	  Name "BusinessRulesService Client Validation should validate EdoMex client successfully":
	  <li
	    class="jasmine-passed"
	    id="spec_spec122"
	    title="BusinessRulesService Client Validation should validate EdoMex client successfully"
	  />
	  Name "BusinessRulesService Client Validation should validate AGS client successfully":
	  <li
	    class="jasmine-passed"
	    id="spec_spec121"
	    title="BusinessRulesService Client Validation should validate AGS client successfully"
	  />
	  Name "BusinessRulesService Client Validation should fail validation for client over age limit":
	  <li
	    class="jasmine-passed"
	    id="spec_spec125"
	    title="BusinessRulesService Client Validation should fail validation for client over age limit"
	  />
	  Name "BusinessRulesService Client Validation should fail validation for underage client":
	  <li
	    class="jasmine-passed"
	    id="spec_spec124"
	    title="BusinessRulesService Client Validation should fail validation for underage client"
	  />
	  Name "BusinessRulesService Client Validation should filter rules by business flow correctly":
	  <li
	    class="jasmine-passed"
	    id="spec_spec128"
	    title="BusinessRulesService Client Validation should filter rules by business flow correctly"
	  />
	  Name "BusinessRulesService Client Validation should fail validation for client with missing documents":
	  <li
	    class="jasmine-passed"
	    id="spec_spec123"
	    title="BusinessRulesService Client Validation should fail validation for client with missing documents"
	  />
	  Name "BusinessRulesService Helper Methods should consolidate validation results correctly":
	  <li
	    class="jasmine-passed"
	    id="spec_spec155"
	    title="BusinessRulesService Helper Methods should consolidate validation results correctly"
	  />
	  Name "BusinessRulesService Helper Methods should get ecosystem required documents":
	  <li
	    class="jasmine-passed"
	    id="spec_spec156"
	    title="BusinessRulesService Helper Methods should get ecosystem required documents"
	  />
	  Name "BusinessRulesService Helper Methods should generate ecosystem validation notes":
	  <li
	    class="jasmine-passed"
	    id="spec_spec157"
	    title="BusinessRulesService Helper Methods should generate ecosystem validation notes"
	  />
	  Name "BusinessRulesService AGS Specific Validations should validate AGS term requirements (12 or 24 months)":
	  <li
	    class="jasmine-passed"
	    id="spec_spec130"
	    title="BusinessRulesService AGS Specific Validations should validate AGS term requirements (12 or 24 months)"
	  />
	  Name "BusinessRulesService AGS Specific Validations should validate AGS required documents":
	  <li
	    class="jasmine-passed"
	    id="spec_spec132"
	    title="BusinessRulesService AGS Specific Validations should validate AGS required documents"
	  />
	  Name "BusinessRulesService AGS Specific Validations should validate AGS minimum income ($15,000)":
	  <li
	    class="jasmine-passed"
	    id="spec_spec131"
	    title="BusinessRulesService AGS Specific Validations should validate AGS minimum income ($15,000)"
	  />
	  Name "BusinessRulesService AGS Specific Validations should validate AGS down payment requirement (60%)":
	  <li
	    class="jasmine-passed"
	    id="spec_spec129"
	    title="BusinessRulesService AGS Specific Validations should validate AGS down payment requirement (60%)"
	  />
	  Name "BusinessRulesService EdoMex Specific Validations should validate EdoMex payment capacity ($20,000 minimum)":
	  <li
	    class="jasmine-passed"
	    id="spec_spec137"
	    title="BusinessRulesService EdoMex Specific Validations should validate EdoMex payment capacity ($20,000 minimum)"
	  />
	  Name "BusinessRulesService EdoMex Specific Validations should require group assignment for collective credit":
	  <li
	    class="jasmine-passed"
	    id="spec_spec136"
	    title="BusinessRulesService EdoMex Specific Validations should require group assignment for collective credit"
	  />
	  Name "BusinessRulesService EdoMex Specific Validations should validate collective group requirements":
	  <li
	    class="jasmine-passed"
	    id="spec_spec135"
	    title="BusinessRulesService EdoMex Specific Validations should validate collective group requirements"
	  />
	  Name "BusinessRulesService EdoMex Specific Validations should warn about high payment-to-income ratio":
	  <li
	    class="jasmine-passed"
	    id="spec_spec138"
	    title="BusinessRulesService EdoMex Specific Validations should warn about high payment-to-income ratio"
	  />
	  Name "BusinessRulesService EdoMex Specific Validations should validate EdoMex ecosystem documents":
	  <li
	    class="jasmine-passed"
	    id="spec_spec134"
	    title="BusinessRulesService EdoMex Specific Validations should validate EdoMex ecosystem documents"
	  />
	  Name "BusinessRulesService EdoMex Specific Validations should require ecosystem assignment for EdoMex":
	  <li
	    class="jasmine-passed"
	    id="spec_spec133"
	    title="BusinessRulesService EdoMex Specific Validations should require ecosystem assignment for EdoMex"
	  />
	  Name "BusinessRulesService Ecosystem Validation should fail ecosystem validation for client without ecosystem":
	  <li
	    class="jasmine-passed"
	    id="spec_spec140"
	    title="BusinessRulesService Ecosystem Validation should fail ecosystem validation for client without ecosystem"
	  />
	  Name "BusinessRulesService Ecosystem Validation should throw error for AGS client ecosystem validation":
	  <li
	    class="jasmine-passed"
	    id="spec_spec141"
	    title="BusinessRulesService Ecosystem Validation should throw error for AGS client ecosystem validation"
	  />
	  Name "BusinessRulesService Ecosystem Validation should validate ecosystem for EdoMex client":
	  <li
	    class="jasmine-failed"
	    id="spec_spec139"
	    title="BusinessRulesService Ecosystem Validation should validate ecosystem for EdoMex client"
	  />
	  Name "BusinessRulesService Ecosystem Validation should identify missing ecosystem documents":
	  <li
	    class="jasmine-passed"
	    id="spec_spec142"
	    title="BusinessRulesService Ecosystem Validation should identify missing ecosystem documents"
	  />
	  Name "MetaMapService KYC Button Creation should create MetaMap button successfully":
	  <li
	    class="jasmine-passed"
	    id="spec_spec507"
	    title="MetaMapService KYC Button Creation should create MetaMap button successfully"
	  />
	  Name "MetaMapService KYC Button Creation should handle container not found error":
	  <li
	    class="jasmine-passed"
	    id="spec_spec508"
	    title="MetaMapService KYC Button Creation should handle container not found error"
	  />
	  Name "MetaMapService KYC Button Creation should emit KYC success event":
	  <li
	    class="jasmine-passed"
	    id="spec_spec509"
	    title="MetaMapService KYC Button Creation should emit KYC success event"
	  />
	  Name "MetaMapService KYC Button Creation should cleanup event listeners on unsubscribe":
	  <li
	    class="jasmine-passed"
	    id="spec_spec512"
	    title="MetaMapService KYC Button Creation should cleanup event listeners on unsubscribe"
	  />
	  Name "MetaMapService KYC Button Creation should emit KYC exit event":
	  <li
	    class="jasmine-passed"
	    id="spec_spec510"
	    title="MetaMapService KYC Button Creation should emit KYC exit event"
	  />
	  Name "MetaMapService KYC Button Creation should call optional callback functions":
	  <li
	    class="jasmine-passed"
	    id="spec_spec511"
	    title="MetaMapService KYC Button Creation should call optional callback functions"
	  />
	  Name "MetaMapService KYC Completion should handle database update errors":
	  <li
	    class="jasmine-passed"
	    id="spec_spec516"
	    title="MetaMapService KYC Completion should handle database update errors"
	  />
	  Name "MetaMapService KYC Completion should handle client not found error":
	  <li
	    class="jasmine-passed"
	    id="spec_spec514"
	    title="MetaMapService KYC Completion should handle client not found error"
	  />
	  Name "MetaMapService KYC Completion should cap health score at 100":
	  <li
	    class="jasmine-passed"
	    id="spec_spec515"
	    title="MetaMapService KYC Completion should cap health score at 100"
	  />
	  Name "MetaMapService KYC Completion should complete KYC successfully":
	  <li
	    class="jasmine-passed"
	    id="spec_spec513"
	    title="MetaMapService KYC Completion should complete KYC successfully"
	  />
	  Name "MetaMapService Service Initialization should be created":
	  <li
	    class="jasmine-passed"
	    id="spec_spec504"
	    title="MetaMapService Service Initialization should be created"
	  />
	  Name "MetaMapService Service Initialization should initialize MetaMap SDK on creation":
	  <li
	    class="jasmine-passed"
	    id="spec_spec505"
	    title="MetaMapService Service Initialization should initialize MetaMap SDK on creation"
	  />
	  Name "MetaMapService Service Initialization should not reload SDK if already present":
	  <li
	    class="jasmine-passed"
	    id="spec_spec506"
	    title="MetaMapService Service Initialization should not reload SDK if already present"
	  />
	  Name "MetaMapService KYC Prerequisites Validation should detect missing comprobante de domicilio":
	  <li
	    class="jasmine-passed"
	    id="spec_spec519"
	    title="MetaMapService KYC Prerequisites Validation should detect missing comprobante de domicilio"
	  />
	  Name "MetaMapService KYC Prerequisites Validation should validate prerequisites for ready client":
	  <li
	    class="jasmine-passed"
	    id="spec_spec517"
	    title="MetaMapService KYC Prerequisites Validation should validate prerequisites for ready client"
	  />
	  Name "MetaMapService KYC Prerequisites Validation should detect multiple missing documents":
	  <li
	    class="jasmine-passed"
	    id="spec_spec521"
	    title="MetaMapService KYC Prerequisites Validation should detect multiple missing documents"
	  />
	  Name "MetaMapService KYC Prerequisites Validation should detect already completed KYC":
	  <li
	    class="jasmine-passed"
	    id="spec_spec520"
	    title="MetaMapService KYC Prerequisites Validation should detect already completed KYC"
	  />
	  Name "MetaMapService KYC Prerequisites Validation should detect missing INE document":
	  <li
	    class="jasmine-passed"
	    id="spec_spec518"
	    title="MetaMapService KYC Prerequisites Validation should detect missing INE document"
	  />
	  Name "MetaMapService KYC Status Reporting should report in_progress status":
	  <li
	    class="jasmine-passed"
	    id="spec_spec525"
	    title="MetaMapService KYC Status Reporting should report in_progress status"
	  />
	  Name "MetaMapService KYC Status Reporting should report failed status with retry option":
	  <li
	    class="jasmine-passed"
	    id="spec_spec524"
	    title="MetaMapService KYC Status Reporting should report failed status with retry option"
	  />
	  Name "MetaMapService KYC Status Reporting should report not_started for client without KYC document":
	  <li
	    class="jasmine-passed"
	    id="spec_spec527"
	    title="MetaMapService KYC Status Reporting should report not_started for client without KYC document"
	  />
	  Name "MetaMapService KYC Status Reporting should report prerequisites_missing status":
	  <li
	    class="jasmine-passed"
	    id="spec_spec526"
	    title="MetaMapService KYC Status Reporting should report prerequisites_missing status"
	  />
	  Name "MetaMapService KYC Status Reporting should report completed status":
	  <li
	    class="jasmine-passed"
	    id="spec_spec523"
	    title="MetaMapService KYC Status Reporting should report completed status"
	  />
	  Name "MetaMapService KYC Status Reporting should report ready status":
	  <li
	    class="jasmine-passed"
	    id="spec_spec522"
	    title="MetaMapService KYC Status Reporting should report ready status"
	  />
	  Name "MetaMapService SDK Availability Check should detect SDK availability when Mati object exists":
	  <li
	    class="jasmine-passed"
	    id="spec_spec531"
	    title="MetaMapService SDK Availability Check should detect SDK availability when Mati object exists"
	  />
	  Name "MetaMapService SDK Availability Check should report SDK as unavailable when neither exists":
	  <li
	    class="jasmine-passed"
	    id="spec_spec533"
	    title="MetaMapService SDK Availability Check should report SDK as unavailable when neither exists"
	  />
	  Name "MetaMapService SDK Availability Check should wait for page load when document not ready":
	  <li
	    class="jasmine-passed"
	    id="spec_spec535"
	    title="MetaMapService SDK Availability Check should wait for page load when document not ready"
	  />
	  Name "MetaMapService SDK Availability Check should detect SDK availability when metamap-button exists":
	  <li
	    class="jasmine-passed"
	    id="spec_spec532"
	    title="MetaMapService SDK Availability Check should detect SDK availability when metamap-button exists"
	  />
	  Name "MetaMapService SDK Availability Check should handle server-side rendering (no window object)":
	  <li
	    class="jasmine-pending"
	    id="spec_spec534"
	    title="MetaMapService SDK Availability Check should handle server-side rendering (no window object)"
	  />
	  Name "MetaMapService KYC Failure Simulation should handle client not found in failure simulation":
	  <li
	    class="jasmine-passed"
	    id="spec_spec530"
	    title="MetaMapService KYC Failure Simulation should handle client not found in failure simulation"
	  />
	  Name "MetaMapService KYC Failure Simulation should use default failure reason":
	  <li
	    class="jasmine-passed"
	    id="spec_spec529"
	    title="MetaMapService KYC Failure Simulation should use default failure reason"
	  />
	  Name "MetaMapService KYC Failure Simulation should simulate KYC failure":
	  <li
	    class="jasmine-passed"
	    id="spec_spec528"
	    title="MetaMapService KYC Failure Simulation should simulate KYC failure"
	  />
	  Name "MetaMapService Edge Cases and Error Handling should handle client without KYC document in completion":
	  <li
	    class="jasmine-passed"
	    id="spec_spec537"
	    title="MetaMapService Edge Cases and Error Handling should handle client without KYC document in completion"
	  />
	  Name "MetaMapService Edge Cases and Error Handling should handle exit event without reason":
	  <li
	    class="jasmine-passed"
	    id="spec_spec536"
	    title="MetaMapService Edge Cases and Error Handling should handle exit event without reason"
	  />
	  Name "MetaMapService Edge Cases and Error Handling should handle button creation with existing button in container":
	  <li
	    class="jasmine-passed"
	    id="spec_spec539"
	    title="MetaMapService Edge Cases and Error Handling should handle button creation with existing button in container"
	  />
	  Name "MetaMapService Edge Cases and Error Handling should handle empty verification data":
	  <li
	    class="jasmine-passed"
	    id="spec_spec538"
	    title="MetaMapService Edge Cases and Error Handling should handle empty verification data"
	  />
	  Name "LoginComponent Integration Tests should handle form submission with valid data":
	  <li
	    class="jasmine-failed"
	    id="spec_spec913"
	    title="LoginComponent Integration Tests should handle form submission with valid data"
	  />
	  Name "LoginComponent Integration Tests should show validation errors when form is submitted empty":
	  <li
	    class="jasmine-failed"
	    id="spec_spec910"
	    title="LoginComponent Integration Tests should show validation errors when form is submitted empty"
	  />
	  Name "LoginComponent Integration Tests should have proper accessibility attributes":
	  <li
	    class="jasmine-passed"
	    id="spec_spec915"
	    title="LoginComponent Integration Tests should have proper accessibility attributes"
	  />
	  Name "LoginComponent Integration Tests should enable submit button when form is valid":
	  <li
	    class="jasmine-failed"
	    id="spec_spec912"
	    title="LoginComponent Integration Tests should enable submit button when form is valid"
	  />
	  Name "LoginComponent Integration Tests should show email format error for invalid email":
	  <li
	    class="jasmine-passed"
	    id="spec_spec911"
	    title="LoginComponent Integration Tests should show email format error for invalid email"
	  />
	  Name "LoginComponent Integration Tests should display brand information":
	  <li
	    class="jasmine-passed"
	    id="spec_spec916"
	    title="LoginComponent Integration Tests should display brand information"
	  />
	  Name "LoginComponent Integration Tests should toggle password visibility":
	  <li
	    class="jasmine-passed"
	    id="spec_spec914"
	    title="LoginComponent Integration Tests should toggle password visibility"
	  />
	  --------------------------------------------------heading:
	  Name "Centro de Comando":
	  <h1
	    _ngcontent-a-c3214690901=""
	    class="text-gradient-primary"
	  />
	  --------------------------------------------------
	  paragraph:
	  Name "":
	  <p
	    _ngcontent-a-c3214690901=""
	    class="brand-subtitle"
	  />
	  Name "":
	  <p
	    _ngcontent-a-c3214690901=""
	    class="register-text"
	  />
	  --------------------------------------------------
	  textbox:
	  Name "📧 Correo Electrónico":
	  <input
	    _ngcontent-a-c3214690901=""
	    class="premium-input ng-untouched ng-pristine ng-invalid"
	    formcontrolname="email"
	    id="email"
	    ng-reflect-name="email"
	    placeholder="ricardo.montoya@cmu.com"
	    type="email"
	  />
	  --------------------------------------------------
	  button:
	  Name "🙈":
	  <button
	    _ngcontent-a-c3214690901=""
	    class="password-toggle-premium"
	    type="button"
	  />
	  Name "¿Olvidaste tu contraseña?":
	  <button
	    _ngcontent-a-c3214690901=""
	    class="forgot-password"
	    type="button"
	  />
	  Name "➡️ Acceder al Cockpit":
	  <button
	    _ngcontent-a-c3214690901=""
	    class="btn-primary command-center-btn"
	    disabled=""
	    type="submit"
	  />
	  --------------------------------------------------
	  checkbox:
	  Name "Recordarme":
	  <input
	    _ngcontent-a-c3214690901=""
	    class="ng-untouched ng-pristine ng-valid"
	    formcontrolname="rememberMe"
	    ng-reflect-name="rememberMe"
	    type="checkbox"
	  />
	  --------------------------------------------------
	  link:
	  Name "Activar Cuenta":
	  <a
	    _ngcontent-a-c3214690901=""
	    class="premium-link"
	    href="/register"
	  />
	  --------------------------------------------------
	Ignored nodes: comments, script, style
	<body>
	  
	    
	  
	    
	  
	    
	  
	    
	  
	    
	  
	    
	  
	    
	  
	  
	  
	  
	  
	  <link
	    crossorigin="anonymous"
	    rel="stylesheet"
	    type="text/css"
	  />
	  
	  
	  
	  <div
	    class="jasmine_html-reporter"
	  >
	    <div
	      class="jasmine-banner"
	    >
	      <a
	        class="jasmine-title"
	        href="http://jasmine.github.io/"
	        target="_blank"
	      />
	      <span
	        class="jasmine-version"
	      >
	        4.6.1
	      </span>
	    </div>
	    <ul
	      class="jasmine-symbol-summary"
	    >
	      <li
	        class="jasmine-passed"
	        id="spec_spec478"
	        title="LoadingService Service Initialization should return false for initial isLoading state"
	      />
	      <li
	        class="jasmine-passed"
	        id="spec_spec477"
	        title="LoadingService Service Initialization should initialize with loading false"
	      />
	      <li
	        class="jasmine-passed"
	        id="spec_spec476"
	        title="LoadingService Service Initialization should be created"
	      />
	      <li
	        class="jasmine-passed"
	        id="spec_spec479"
	        title="LoadingService Basic Loading Control should show loading"
	      />
	      <li
	        class="jasmine-passed"
	        id="spec_spec482"
	        title="LoadingService Basic Loading Control should not hide loading when already hidden"
	      />
	      <li
	        class="jasmine-passed"
	        id="spec_spec481"
	        title="LoadingService Basic Loading Control should not show loading multiple times without identifiers"
	      />
	      <li
	        class="jasmine-passed"
	        id="spec_spec480"
	        title="LoadingService Basic Loading Control should hide loading"
	      />
	      <li
	        class="jasmine-passed"
	        id="spec_spec488"
	        title="LoadingService Identifier-based Loading Control should handle hiding identifier multiple times"
	      />
	      <li
	        class="jasmine-passed"
	        id="spec_spec487"
	        title="LoadingService Identifier-based Loading Control should handle hiding non-existent identifier"
	      />
	      <li
	        class="jasmine-passed"
	        id="spec_spec483"
	        title="LoadingService Identifier-based Loading Control should show loading with identifier"
	      />
	      <li
	        class="jasmine-passed"
	        id="spec_spec486"
	        title="LoadingService Identifier-based Loading Control should not add duplicate identifiers"
	      />
	      <li
	        class="jasmine-passed"
	        id="spec_spec485"
	        title="LoadingService Identifier-based Loading Control should manage multiple identifiers"
	      />
	      <li
	        class="jasmine-passed"
	        id="spec_spec484"
	        title="LoadingService Identifier-based Loading Control should hide loading with identifier"
	      />
	      <li
	        class="jasmine-passed"
	        id="spec_spec503"
	        title="LoadingService Observable Behavior should support multiple subscribers"
	      />
	      <li
	        class="jasmine-passed"
	        id="spec_spec501"
	        title="LoadingService Observable Behavior should emit loading state changes"
	      />
	      <li
	        class="jasmine-passed"
	        id="spec_spec502"
	        title="LoadingService Observable Behavior should not emit duplicate states"
	      />
	      <li
	        class="jasmine-passed"
	        id="spec_spec496"
	        title="LoadingService SetLoading Alias Method should work without identifier"
	      />
	      <li
	        class="jasmine-passed"
	        id="spec_spec495"
	        title="LoadingService SetLoading Alias Method should hide loading when setLoading(false)"
	      />
	      <li
	        class="jasmine-passed"
	        id="spec_spec494"
	        title="LoadingService SetLoading Alias Method should show loading when setLoading(true)"
	      />
	      <li
	        class="jasmine-passed"
	        id="spec_spec498"
	        title="LoadingService Edge Cases and Error Handling should handle mixed identifier and non-identifier operations"
	      />
	      <li
	        class="jasmine-passed"
	        id="spec_spec497"
	        title="LoadingService Edge Cases and Error Handling should handle rapid show/hide calls"
	      />
	      <li
	        class="jasmine-passed"
	        id="spec_spec500"
	        title="LoadingService Edge Cases and Error Handling should maintain state consistency after force hide"
	      />
	      <li
	        class="jasmine-passed"
	        id="spec_spec499"
	        title="LoadingService Edge Cases and Error Handling should handle empty string identifier"
	      />
	      <li
	        class="jasmine-passed"
	        id="spec_spec489"
	        title="LoadingService Force Hide Functionality should force hide loading even with active identifiers"
	      />
	      <li
	        class="jasmine-passed"
	        id="spec_spec490"
	        title="LoadingService Force Hide Functionality should clear all identifiers on force hide"
	      />
	      <li
	        class="jasmine-passed"
	        id="spec_spec492"
	        title="LoadingService Duration-based Loading should show loading for duration with identifier"
	      />
	      <li
	        class="jasmine-passed"
	        id="spec_spec491"
	        title="LoadingService Duration-based Loading should show loading for specific duration"
	      />
	      <li
	        class="jasmine-passed"
	        id="spec_spec493"
	        title="LoadingService Duration-based Loading should handle multiple timed operations"
	      />
	      <li
	        class="jasmine-passed"
	        id="spec_spec53"
	        title="AuthService Login Functionality should fail login with invalid credentials"
	      />
	      <li
	        class="jasmine-passed"
	        id="spec_spec52"
	        title="AuthService Login Functionality should login with valid demo credentials"
	      />
	      <li
	        class="jasmine-passed"
	        id="spec_spec56"
	        title="AuthService Login Functionality should store token in localStorage after successful login"
	      />
	      <li
	        class="jasmine-passed"
	        id="spec_spec55"
	        title="AuthService Login Functionality should set user as authenticated after successful login"
	      />
	      <li
	        class="jasmine-passed"
	        id="spec_spec54"
	        title="AuthService Login Functionality should fail login with non-corporate email"
	      />
	      <li
	        class="jasmine-passed"
	        id="spec_spec51"
	        title="AuthService Basic Service Setup should initialize as not authenticated"
	      />
	      <li
	        class="jasmine-passed"
	        id="spec_spec49"
	        title="AuthService Basic Service Setup should be created"
	      />
	      <li
	        class="jasmine-passed"
	        id="spec_spec50"
	        title="AuthService Basic Service Setup should initialize with no authenticated user"
	      />
	      <li
	        class="jasmine-passed"
	        id="spec_spec75"
	        title="AuthService Logout Functionality should clear user data on logout"
	      />
	      <li
	        class="jasmine-passed"
	   ...
	    at Object.getElementError (node_modules/@testing-library/dom/dist/@testing-library/dom.esm.js:339:19)
	    at allQuery (node_modules/@testing-library/dom/dist/@testing-library/dom.esm.js:1206:25)
	    at query (node_modules/@testing-library/dom/dist/@testing-library/dom.esm.js:1185:17)
	    at getByRole (node_modules/@testing-library/dom/dist/@testing-library/dom.esm.js:1228:19)
	    at UserContext.<anonymous> (src/app/components/auth/login/login.component.spec.ts:169:19)
	    at Generator.next (<anonymous>)
	    at asyncGeneratorStep (node_modules/@angular-devkit/build-angular/node_modules/@babel/runtime/helpers/esm/asyncToGenerator.js:3:1)
	    at apply (node_modules/@angular-devkit/build-angular/node_modules/@babel/runtime/helpers/esm/asyncToGenerator.js:17:1)
	    at _ZoneDelegate.invoke (node_modules/zone.js/fesm2015/zone.js:369:28)
	    at ProxyZoneSpec.onInvoke (node_modules/zone.js/fesm2015/zone-testing.js:2081:39)
Chrome Headless 140.0.0.0 (Mac OS 10.15.7): Executed 348 of 985[31m (76 FAILED)[39m (skipped 1) (0 secs / 46.471 secs)
[1A[2KLOG: [36m'API Success:', 'User created'[39m
Chrome Headless 140.0.0.0 (Mac OS 10.15.7): Executed 348 of 985[31m (76 FAILED)[39m (skipped 1) (0 secs / 46.471 secs)
LOG: 'API Success:', 'User created'
[1A[2KChrome Headless 140.0.0.0 (Mac OS 10.15.7): Executed 349 of 985[31m (76 FAILED)[39m (skipped 1) (0 secs / 46.472 secs)
[1A[2KERROR: [36m'API Error:', Object{message: 'Error: ', status: 0, statusText: 'Unknown Error', url: 'http://localhost:3000/api/users'}[39m
Chrome Headless 140.0.0.0 (Mac OS 10.15.7): Executed 349 of 985[31m (76 FAILED)[39m (skipped 1) (0 secs / 46.472 secs)
ERROR: 'API Error:', Object{message: 'Error: ', status: 0, statusText: 'Unknown Error', url: 'http://localhost:3000/api/users'}
[1A[2KWARN: [36m'Spec 'HttpClientService POST Requests should retry POST requests once' has no expectations.'[39m
Chrome Headless 140.0.0.0 (Mac OS 10.15.7): Executed 349 of 985[31m (76 FAILED)[39m (skipped 1) (0 secs / 46.472 secs)
WARN: 'Spec 'HttpClientService POST Requests should retry POST requests once' has no expectations.'
[1A[2KChrome Headless 140.0.0.0 (Mac OS 10.15.7): Executed 350 of 985[31m (76 FAILED)[39m (skipped 1) (0 secs / 46.474 secs)
[1A[2KLOG: [36m'API Success:', 'User created'[39m
Chrome Headless 140.0.0.0 (Mac OS 10.15.7): Executed 350 of 985[31m (76 FAILED)[39m (skipped 1) (0 secs / 46.474 secs)
LOG: 'API Success:', 'User created'
[1A[2KChrome Headless 140.0.0.0 (Mac OS 10.15.7): Executed 351 of 985[31m (76 FAILED)[39m (skipped 1) (0 secs / 46.476 secs)
[1A[2KChrome Headless 140.0.0.0 (Mac OS 10.15.7): Executed 352 of 985[31m (76 FAILED)[39m (skipped 1) (0 secs / 46.476 secs)
[1A[2KChrome Headless 140.0.0.0 (Mac OS 10.15.7): Executed 353 of 985[31m (76 FAILED)[39m (skipped 1) (0 secs / 46.477 secs)
[1A[2KChrome Headless 140.0.0.0 (Mac OS 10.15.7): Executed 354 of 985[31m (76 FAILED)[39m (skipped 1) (0 secs / 46.477 secs)
[1A[2KERROR: [36m'API Error:', Object{message: 'Error: ', status: 0, statusText: 'Unknown Error', url: 'http://localhost:3000/api/health'}[39m
Chrome Headless 140.0.0.0 (Mac OS 10.15.7): Executed 354 of 985[31m (76 FAILED)[39m (skipped 1) (0 secs / 46.477 secs)
ERROR: 'API Error:', Object{message: 'Error: ', status: 0, statusText: 'Unknown Error', url: 'http://localhost:3000/api/health'}
[1A[2KChrome Headless 140.0.0.0 (Mac OS 10.15.7): Executed 355 of 985[31m (76 FAILED)[39m (skipped 1) (0 secs / 46.477 secs)
[1A[2KChrome Headless 140.0.0.0 (Mac OS 10.15.7): Executed 356 of 985[31m (76 FAILED)[39m (skipped 1) (0 secs / 46.478 secs)
[1A[2KERROR: [36m'API Error:', Object{message: 'Error: ', status: 0, statusText: 'Unknown Error', url: 'http://localhost:3000/api/failing-endpoint'}[39m
Chrome Headless 140.0.0.0 (Mac OS 10.15.7): Executed 356 of 985[31m (76 FAILED)[39m (skipped 1) (0 secs / 46.478 secs)
ERROR: 'API Error:', Object{message: 'Error: ', status: 0, statusText: 'Unknown Error', url: 'http://localhost:3000/api/failing-endpoint'}
[1A[2KWARN: [36m'Spec 'HttpClientService GET Requests should retry failed GET requests' has no expectations.'[39m
Chrome Headless 140.0.0.0 (Mac OS 10.15.7): Executed 356 of 985[31m (76 FAILED)[39m (skipped 1) (0 secs / 46.478 secs)
WARN: 'Spec 'HttpClientService GET Requests should retry failed GET requests' has no expectations.'
[1A[2KChrome Headless 140.0.0.0 (Mac OS 10.15.7): Executed 357 of 985[31m (76 FAILED)[39m (skipped 1) (0 secs / 46.478 secs)
[1A[2KChrome Headless 140.0.0.0 (Mac OS 10.15.7): Executed 358 of 985[31m (76 FAILED)[39m (skipped 1) (0 secs / 46.479 secs)
[1A[2KChrome Headless 140.0.0.0 (Mac OS 10.15.7): Executed 359 of 985[31m (76 FAILED)[39m (skipped 1) (0 secs / 46.48 secs)
[1A[2KLOG: [36m'API Success:', 'Success'[39m
Chrome Headless 140.0.0.0 (Mac OS 10.15.7): Executed 359 of 985[31m (76 FAILED)[39m (skipped 1) (0 secs / 46.48 secs)
LOG: 'API Success:', 'Success'
[1A[2KChrome Headless 140.0.0.0 (Mac OS 10.15.7): Executed 360 of 985[31m (76 FAILED)[39m (skipped 1) (0 secs / 46.48 secs)
[1A[2KChrome Headless 140.0.0.0 (Mac OS 10.15.7): Executed 361 of 985[31m (76 FAILED)[39m (skipped 1) (0 secs / 46.481 secs)
[1A[2KChrome Headless 140.0.0.0 (Mac OS 10.15.7): Executed 362 of 985[31m (76 FAILED)[39m (skipped 1) (0 secs / 46.481 secs)
[1A[2KChrome Headless 140.0.0.0 (Mac OS 10.15.7): Executed 363 of 985[31m (76 FAILED)[39m (skipped 1) (0 secs / 46.481 secs)
[1A[2KChrome Headless 140.0.0.0 (Mac OS 10.15.7): Executed 364 of 985[31m (76 FAILED)[39m (skipped 1) (0 secs / 46.481 secs)
[1A[2KLOG: [36m'API Success:', 'File uploaded'[39m
Chrome Headless 140.0.0.0 (Mac OS 10.15.7): Executed 364 of 985[31m (76 FAILED)[39m (skipped 1) (0 secs / 46.481 secs)
LOG: 'API Success:', 'File uploaded'
[1A[2KChrome Headless 140.0.0.0 (Mac OS 10.15.7): Executed 365 of 985[31m (76 FAILED)[39m (skipped 1) (0 secs / 46.482 secs)
[1A[2KChrome Headless 140.0.0.0 (Mac OS 10.15.7): Executed 366 of 985[31m (76 FAILED)[39m (skipped 1) (0 secs / 46.482 secs)
[1A[2KChrome Headless 140.0.0.0 (Mac OS 10.15.7): Executed 367 of 985[31m (76 FAILED)[39m (skipped 1) (0 secs / 46.482 secs)
[1A[2KChrome Headless 140.0.0.0 (Mac OS 10.15.7): Executed 368 of 985[31m (76 FAILED)[39m (skipped 1) (0 secs / 46.482 secs)
[1A[2KChrome Headless 140.0.0.0 (Mac OS 10.15.7): Executed 369 of 985[31m (76 FAILED)[39m (skipped 1) (0 secs / 46.483 secs)
[1A[2KERROR: [36m'API Error:', Object{message: 'Error: ', status: 0, statusText: 'Unknown Error', url: 'http://localhost:3000/api/test'}[39m
Chrome Headless 140.0.0.0 (Mac OS 10.15.7): Executed 369 of 985[31m (76 FAILED)[39m (skipped 1) (0 secs / 46.483 secs)
ERROR: 'API Error:', Object{message: 'Error: ', status: 0, statusText: 'Unknown Error', url: 'http://localhost:3000/api/test'}
[1A[2K[31mChrome Headless 140.0.0.0 (Mac OS 10.15.7) HttpClientService Error Handling should handle network connectivity issues FAILED[39m
	Expected 'Error: ' to be 'No se puede conectar al servidor'.
	    at <Jasmine>
	    at Object.error (src/app/services/http-client.service.spec.ts:416:33)
	    at ConsumerObserver.error (node_modules/rxjs/dist/esm/internal/Subscriber.js:102:33)
	    at SafeSubscriber._error (node_modules/rxjs/dist/esm/internal/Subscriber.js:64:30)
	    at SafeSubscriber.error (node_modules/rxjs/dist/esm/internal/Subscriber.js:40:18)
Chrome Headless 140.0.0.0 (Mac OS 10.15.7): Executed 370 of 985[31m (77 FAILED)[39m (skipped 1) (0 secs / 46.484 secs)
[1A[2KERROR: [36m'API Error:', Object{message: 'Error interno del servidor', status: 500, statusText: 'Server Error', url: 'http://localhost:3000/api/server-error'}[39m
Chrome Headless 140.0.0.0 (Mac OS 10.15.7): Executed 370 of 985[31m (77 FAILED)[39m (skipped 1) (0 secs / 46.484 secs)
ERROR: 'API Error:', Object{message: 'Error interno del servidor', status: 500, statusText: 'Server Error', url: 'http://localhost:3000/api/server-error'}
[1A[2KChrome Headless 140.0.0.0 (Mac OS 10.15.7): Executed 371 of 985[31m (77 FAILED)[39m (skipped 1) (0 secs / 46.485 secs)
[1A[2KERROR: [36m'API Error:', Object{message: 'Error: Client error message', status: 0, statusText: 'Client Error', url: 'http://localhost:3000/api/test'}[39m
Chrome Headless 140.0.0.0 (Mac OS 10.15.7): Executed 371 of 985[31m (77 FAILED)[39m (skipped 1) (0 secs / 46.485 secs)
ERROR: 'API Error:', Object{message: 'Error: Client error message', status: 0, statusText: 'Client Error', url: 'http://localhost:3000/api/test'}
[1A[2KChrome Headless 140.0.0.0 (Mac OS 10.15.7): Executed 372 of 985[31m (77 FAILED)[39m (skipped 1) (0 secs / 46.486 secs)
[1A[2KERROR: [36m'API Error:', Object{message: 'Error: ', status: 500, statusText: 'Server Error', url: 'http://localhost:3000/api/test'}[39m
Chrome Headless 140.0.0.0 (Mac OS 10.15.7): Executed 372 of 985[31m (77 FAILED)[39m (skipped 1) (0 secs / 46.486 secs)
ERROR: 'API Error:', Object{message: 'Error: ', status: 500, statusText: 'Server Error', url: 'http://localhost:3000/api/test'}
[1A[2KChrome Headless 140.0.0.0 (Mac OS 10.15.7): Executed 373 of 985[31m (77 FAILED)[39m (skipped 1) (0 secs / 46.486 secs)
[1A[2KERROR: [36m'API Error:', Object{message: 'Email is required, Email must be valid, Name is required', status: 422, statusText: 'Unprocessable Entity', url: 'http://localhost:3000/api/users'}[39m
Chrome Headless 140.0.0.0 (Mac OS 10.15.7): Executed 373 of 985[31m (77 FAILED)[39m (skipped 1) (0 secs / 46.486 secs)
ERROR: 'API Error:', Object{message: 'Email is required, Email must be valid, Name is required', status: 422, statusText: 'Unprocessable Entity', url: 'http://localhost:3000/api/users'}
[1A[2KChrome Headless 140.0.0.0 (Mac OS 10.15.7): Executed 374 of 985[31m (77 FAILED)[39m (skipped 1) (0 secs / 46.487 secs)
[1A[2KERROR: [36m'API Error:', Object{message: 'Recurso no encontrado', status: 404, statusText: 'Not Found', url: 'http://localhost:3000/api/nonexistent'}[39m
Chrome Headless 140.0.0.0 (Mac OS 10.15.7): Executed 374 of 985[31m (77 FAILED)[39m (skipped 1) (0 secs / 46.487 secs)
ERROR: 'API Error:', Object{message: 'Recurso no encontrado', status: 404, statusText: 'Not Found', url: 'http://localhost:3000/api/nonexistent'}
[1A[2KChrome Headless 140.0.0.0 (Mac OS 10.15.7): Executed 375 of 985[31m (77 FAILED)[39m (skipped 1) (0 secs / 46.487 secs)
[1A[2KERROR: [36m'API Error:', Object{message: 'No autorizado. Por favor, inicia sesión nuevamente', status: 401, statusText: 'Unauthorized', url: 'http://localhost:3000/api/protected'}[39m
Chrome Headless 140.0.0.0 (Mac OS 10.15.7): Executed 375 of 985[31m (77 FAILED)[39m (skipped 1) (0 secs / 46.487 secs)
ERROR: 'API Error:', Object{message: 'No autorizado. Por favor, inicia sesión nuevamente', status: 401, statusText: 'Unauthorized', url: 'http://localhost:3000/api/protected'}
[1A[2KChrome Headless 140.0.0.0 (Mac OS 10.15.7): Executed 376 of 985[31m (77 FAILED)[39m (skipped 1) (0 secs / 46.487 secs)
[1A[2KERROR: [36m'API Error:', Object{message: 'Solicitud inválida', status: 400, statusText: 'Bad Request', url: 'http://localhost:3000/api/invalid'}[39m
Chrome Headless 140.0.0.0 (Mac OS 10.15.7): Executed 376 of 985[31m (77 FAILED)[39m (skipped 1) (0 secs / 46.487 secs)
ERROR: 'API Error:', Object{message: 'Solicitud inválida', status: 400, statusText: 'Bad Request', url: 'http://localhost:3000/api/invalid'}
[1A[2KChrome Headless 140.0.0.0 (Mac OS 10.15.7): Executed 377 of 985[31m (77 FAILED)[39m (skipped 1) (0 secs / 46.487 secs)
[1A[2KWARN: [36m'Spec 'HttpClientService URL Building should handle nested endpoints' has no expectations.'[39m
Chrome Headless 140.0.0.0 (Mac OS 10.15.7): Executed 377 of 985[31m (77 FAILED)[39m (skipped 1) (0 secs / 46.487 secs)
WARN: 'Spec 'HttpClientService URL Building should handle nested endpoints' has no expectations.'
[1A[2KChrome Headless 140.0.0.0 (Mac OS 10.15.7): Executed 378 of 985[31m (77 FAILED)[39m (skipped 1) (0 secs / 46.487 secs)
[1A[2KChrome Headless 140.0.0.0 (Mac OS 10.15.7): Executed 379 of 985[31m (77 FAILED)[39m (skipped 1) (0 secs / 46.488 secs)
[1A[2KChrome Headless 140.0.0.0 (Mac OS 10.15.7): Executed 380 of 985[31m (77 FAILED)[39m (skipped 1) (0 secs / 46.488 secs)
[1A[2KChrome Headless 140.0.0.0 (Mac OS 10.15.7): Executed 381 of 985[31m (77 FAILED)[39m (skipped 1) (0 secs / 46.489 secs)
[1A[2KChrome Headless 140.0.0.0 (Mac OS 10.15.7): Executed 382 of 985[31m (77 FAILED)[39m (skipped 1) (0 secs / 46.489 secs)
[1A[2KChrome Headless 140.0.0.0 (Mac OS 10.15.7): Executed 383 of 985[31m (77 FAILED)[39m (skipped 1) (0 secs / 46.49 secs)
[1A[2KChrome Headless 140.0.0.0 (Mac OS 10.15.7): Executed 384 of 985[31m (77 FAILED)[39m (skipped 1) (0 secs / 46.49 secs)
[1A[2KChrome Headless 140.0.0.0 (Mac OS 10.15.7): Executed 385 of 985[31m (77 FAILED)[39m (skipped 1) (0 secs / 47.295 secs)
[1A[2KChrome Headless 140.0.0.0 (Mac OS 10.15.7): Executed 386 of 985[31m (77 FAILED)[39m (skipped 1) (0 secs / 48.099 secs)
[1A[2KChrome Headless 140.0.0.0 (Mac OS 10.15.7): Executed 387 of 985[31m (77 FAILED)[39m (skipped 1) (0 secs / 48.904 secs)
[1A[2KChrome Headless 140.0.0.0 (Mac OS 10.15.7): Executed 388 of 985[31m (77 FAILED)[39m (skipped 1) (0 secs / 49.709 secs)
[1A[2KChrome Headless 140.0.0.0 (Mac OS 10.15.7): Executed 389 of 985[31m (77 FAILED)[39m (skipped 1) (0 secs / 50.314 secs)
[1A[2KChrome Headless 140.0.0.0 (Mac OS 10.15.7): Executed 390 of 985[31m (77 FAILED)[39m (skipped 1) (0 secs / 50.316 secs)
[1A[2KChrome Headless 140.0.0.0 (Mac OS 10.15.7): Executed 391 of 985[31m (77 FAILED)[39m (skipped 1) (0 secs / 50.621 secs)
[1A[2KChrome Headless 140.0.0.0 (Mac OS 10.15.7): Executed 392 of 985[31m (77 FAILED)[39m (skipped 1) (0 secs / 51.225 secs)
[1A[2KChrome Headless 140.0.0.0 (Mac OS 10.15.7): Executed 393 of 985[31m (77 FAILED)[39m (skipped 1) (0 secs / 52.031 secs)
[1A[2KChrome Headless 140.0.0.0 (Mac OS 10.15.7): Executed 394 of 985[31m (77 FAILED)[39m (skipped 1) (0 secs / 52.335 secs)
[1A[2KChrome Headless 140.0.0.0 (Mac OS 10.15.7): Executed 395 of 985[31m (77 FAILED)[39m (skipped 1) (0 secs / 52.94 secs)
[1A[2KChrome Headless 140.0.0.0 (Mac OS 10.15.7): Executed 396 of 985[31m (77 FAILED)[39m (skipped 1) (0 secs / 53.544 secs)
[1A[2KChrome Headless 140.0.0.0 (Mac OS 10.15.7): Executed 397 of 985[31m (77 FAILED)[39m (skipped 1) (0 secs / 53.847 secs)
[1A[2KChrome Headless 140.0.0.0 (Mac OS 10.15.7): Executed 398 of 985[31m (77 FAILED)[39m (skipped 1) (0 secs / 54.151 secs)
[1A[2KChrome Headless 140.0.0.0 (Mac OS 10.15.7): Executed 399 of 985[31m (77 FAILED)[39m (skipped 1) (0 secs / 54.455 secs)
[1A[2KChrome Headless 140.0.0.0 (Mac OS 10.15.7): Executed 400 of 985[31m (77 FAILED)[39m (skipped 1) (0 secs / 54.758 secs)
[1A[2KChrome Headless 140.0.0.0 (Mac OS 10.15.7): Executed 401 of 985[31m (77 FAILED)[39m (skipped 1) (0 secs / 55.061 secs)
[1A[2KChrome Headless 140.0.0.0 (Mac OS 10.15.7): Executed 402 of 985[31m (77 FAILED)[39m (skipped 1) (0 secs / 55.366 secs)
[1A[2KChrome Headless 140.0.0.0 (Mac OS 10.15.7): Executed 403 of 985[31m (77 FAILED)[39m (skipped 1) (0 secs / 55.519 secs)
[1A[2KChrome Headless 140.0.0.0 (Mac OS 10.15.7): Executed 404 of 985[31m (77 FAILED)[39m (skipped 1) (0 secs / 55.672 secs)
[1A[2KChrome Headless 140.0.0.0 (Mac OS 10.15.7): Executed 405 of 985[31m (77 FAILED)[39m (skipped 1) (0 secs / 55.825 secs)
[1A[2KChrome Headless 140.0.0.0 (Mac OS 10.15.7): Executed 406 of 985[31m (77 FAILED)[39m (skipped 1) (0 secs / 55.979 secs)
[1A[2KChrome Headless 140.0.0.0 (Mac OS 10.15.7): Executed 407 of 985[31m (77 FAILED)[39m (skipped 1) (0 secs / 56.132 secs)
[1A[2KChrome Headless 140.0.0.0 (Mac OS 10.15.7): Executed 408 of 985[31m (77 FAILED)[39m (skipped 1) (0 secs / 56.285 secs)
[1A[2KChrome Headless 140.0.0.0 (Mac OS 10.15.7): Executed 409 of 985[31m (77 FAILED)[39m (skipped 1) (0 secs / 56.286 secs)
[1A[2KChrome Headless 140.0.0.0 (Mac OS 10.15.7): Executed 410 of 985[31m (77 FAILED)[39m (skipped 1) (0 secs / 56.287 secs)
[1A[2KChrome Headless 140.0.0.0 (Mac OS 10.15.7): Executed 411 of 985[31m (77 FAILED)[39m (skipped 1) (0 secs / 56.288 secs)
[1A[2KChrome Headless 140.0.0.0 (Mac OS 10.15.7): Executed 412 of 985[31m (77 FAILED)[39m (skipped 1) (0 secs / 56.289 secs)
[1A[2KChrome Headless 140.0.0.0 (Mac OS 10.15.7): Executed 413 of 985[31m (77 FAILED)[39m (skipped 1) (0 secs / 56.892 secs)
[1A[2KChrome Headless 140.0.0.0 (Mac OS 10.15.7): Executed 414 of 985[31m (77 FAILED)[39m (skipped 1) (0 secs / 57.497 secs)
[1A[2KChrome Headless 140.0.0.0 (Mac OS 10.15.7): Executed 415 of 985[31m (77 FAILED)[39m (skipped 1) (0 secs / 58.101 secs)
[1A[2KChrome Headless 140.0.0.0 (Mac OS 10.15.7): Executed 416 of 985[31m (77 FAILED)[39m (skipped 1) (0 secs / 58.705 secs)
[1A[2KChrome Headless 140.0.0.0 (Mac OS 10.15.7): Executed 417 of 985[31m (77 FAILED)[39m (skipped 1) (0 secs / 59.308 secs)
[1A[2KChrome Headless 140.0.0.0 (Mac OS 10.15.7): Executed 418 of 985[31m (77 FAILED)[39m (skipped 1) (0 secs / 59.309 secs)
[1A[2KChrome Headless 140.0.0.0 (Mac OS 10.15.7): Executed 419 of 985[31m (77 FAILED)[39m (skipped 1) (0 secs / 59.309 secs)
[1A[2KChrome Headless 140.0.0.0 (Mac OS 10.15.7): Executed 420 of 985[31m (77 FAILED)[39m (skipped 1) (0 secs / 59.31 secs)
[1A[2KChrome Headless 140.0.0.0 (Mac OS 10.15.7): Executed 421 of 985[31m (77 FAILED)[39m (skipped 1) (0 secs / 59.311 secs)
[1A[2KChrome Headless 140.0.0.0 (Mac OS 10.15.7): Executed 422 of 985[31m (77 FAILED)[39m (skipped 1) (0 secs / 59.314 secs)
[1A[2KERROR: [36m'Conekta Payment Error:', HttpErrorResponse{headers: HttpHeaders{normalizedNames: Map{}, lazyUpdate: null, headers: Map{}}, status: 400, statusText: 'Bad Request', url: 'http://localhost:3000/api/payments/orders', ok: false, name: 'HttpErrorResponse', message: 'Http failure response for http://localhost:3000/api/payments/orders: 400 Bad Request', error: Object{message: 'Simple error message'}}[39m
Chrome Headless 140.0.0.0 (Mac OS 10.15.7): Executed 422 of 985[31m (77 FAILED)[39m (skipped 1) (0 secs / 59.314 secs)
ERROR: 'Conekta Payment Error:', HttpErrorResponse{headers: HttpHeaders{normalizedNames: Map{}, lazyUpdate: null, headers: Map{}}, status: 400, statusText: 'Bad Request', url: 'http://localhost:3000/api/payments/orders', ok: false, name: 'HttpErrorResponse', message: 'Http failure response for http://localhost:3000/api/payments/orders: 400 Bad Request', error: Object{message: 'Simple error message'}}
[1A[2KChrome Headless 140.0.0.0 (Mac OS 10.15.7): Executed 423 of 985[31m (77 FAILED)[39m (skipped 1) (0 secs / 59.316 secs)
[1A[2KERROR: [36m'Conekta Payment Error:', HttpErrorResponse{headers: HttpHeaders{normalizedNames: Map{}, lazyUpdate: null, headers: Map{}}, status: 500, statusText: 'Internal Server Error', url: 'http://localhost:3000/api/payments/orders', ok: false, name: 'HttpErrorResponse', message: 'Http failure response for http://localhost:3000/api/payments/orders: 500 Internal Server Error', error: 'Network error occurred'}[39m
Chrome Headless 140.0.0.0 (Mac OS 10.15.7): Executed 423 of 985[31m (77 FAILED)[39m (skipped 1) (0 secs / 59.316 secs)
ERROR: 'Conekta Payment Error:', HttpErrorResponse{headers: HttpHeaders{normalizedNames: Map{}, lazyUpdate: null, headers: Map{}}, status: 500, statusText: 'Internal Server Error', url: 'http://localhost:3000/api/payments/orders', ok: false, name: 'HttpErrorResponse', message: 'Http failure response for http://localhost:3000/api/payments/orders: 500 Internal Server Error', error: 'Network error occurred'}
[1A[2KChrome Headless 140.0.0.0 (Mac OS 10.15.7): Executed 424 of 985[31m (77 FAILED)[39m (skipped 1) (0 secs / 59.317 secs)
[1A[2KChrome Headless 140.0.0.0 (Mac OS 10.15.7): Executed 425 of 985[31m (77 FAILED)[39m (skipped 1) (0 secs / 59.318 secs)
[1A[2KChrome Headless 140.0.0.0 (Mac OS 10.15.7): Executed 426 of 985[31m (77 FAILED)[39m (skipped 1) (0 secs / 59.318 secs)
[1A[2KERROR: [36m'Conekta Payment Error:', HttpErrorResponse{headers: HttpHeaders{normalizedNames: Map{}, lazyUpdate: null, headers: Map{}}, status: 400, statusText: 'Bad Request', url: 'http://localhost:3000/api/payments/plans', ok: false, name: 'HttpErrorResponse', message: 'Http failure response for http://localhost:3000/api/payments/plans: 400 Bad Request', error: ErrorEvent{isTrusted: false}}[39m
Chrome Headless 140.0.0.0 (Mac OS 10.15.7): Executed 426 of 985[31m (77 FAILED)[39m (skipped 1) (0 secs / 59.318 secs)
ERROR: 'Conekta Payment Error:', HttpErrorResponse{headers: HttpHeaders{normalizedNames: Map{}, lazyUpdate: null, headers: Map{}}, status: 400, statusText: 'Bad Request', url: 'http://localhost:3000/api/payments/plans', ok: false, name: 'HttpErrorResponse', message: 'Http failure response for http://localhost:3000/api/payments/plans: 400 Bad Request', error: ErrorEvent{isTrusted: false}}
[1A[2KERROR: [36m'Conekta Payment Error:', Error: Payment processing failed
Error: Payment processing failed
    at errorFactory (http://localhost:9876/_karma_webpack_/webpack:/src/app/services/conekta-payment.service.ts:419:29)
    at Observable._subscribe (http://localhost:9876/_karma_webpack_/webpack:/node_modules/rxjs/dist/esm/internal/observable/throwError.js:5:51)
    at Observable._trySubscribe (http://localhost:9876/_karma_webpack_/webpack:/node_modules/rxjs/dist/esm/internal/Observable.js:37:25)
    at cb (http://localhost:9876/_karma_webpack_/webpack:/node_modules/rxjs/dist/esm/internal/Observable.js:31:30)
    at errorContext (http://localhost:9876/_karma_webpack_/webpack:/node_modules/rxjs/dist/esm/internal/util/errorContext.js:19:9)
    at Observable.subscribe (http://localhost:9876/_karma_webpack_/webpack:/node_modules/rxjs/dist/esm/internal/Observable.js:22:21)
    at onError (http://localhost:9876/_karma_webpack_/webpack:/node_modules/rxjs/dist/esm/internal/operators/catchError.js:14:31)
    at OperatorSubscriber._error (http://localhost:9876/_karma_webpack_/webpack:/node_modules/rxjs/dist/esm/internal/operators/OperatorSubscriber.js:23:21)
    at OperatorSubscriber.error (http://localhost:9876/_karma_webpack_/webpack:/node_modules/rxjs/dist/esm/internal/Subscriber.js:40:18)
    at OperatorSubscriber._error (http://localhost:9876/_karma_webpack_/webpack:/node_modules/rxjs/dist/esm/internal/Subscriber.js:64:30)[39m
Chrome Headless 140.0.0.0 (Mac OS 10.15.7): Executed 426 of 985[31m (77 FAILED)[39m (skipped 1) (0 secs / 59.318 secs)
ERROR: 'Conekta Payment Error:', Error: Payment processing failed
Error: Payment processing failed
    at errorFactory (http://localhost:9876/_karma_webpack_/webpack:/src/app/services/conekta-payment.service.ts:419:29)
    at Observable._subscribe (http://localhost:9876/_karma_webpack_/webpack:/node_modules/rxjs/dist/esm/internal/observable/throwError.js:5:51)
    at Observable._trySubscribe (http://localhost:9876/_karma_webpack_/webpack:/node_modules/rxjs/dist/esm/internal/Observable.js:37:25)
    at cb (http://localhost:9876/_karma_webpack_/webpack:/node_modules/rxjs/dist/esm/internal/Observable.js:31:30)
    at errorContext (http://localhost:9876/_karma_webpack_/webpack:/node_modules/rxjs/dist/esm/internal/util/errorContext.js:19:9)
    at Observable.subscribe (http://localhost:9876/_karma_webpack_/webpack:/node_modules/rxjs/dist/esm/internal/Observable.js:22:21)
    at onError (http://localhost:9876/_karma_webpack_/webpack:/node_modules/rxjs/dist/esm/internal/operators/catchError.js:14:31)
    at OperatorSubscriber._error (http://localhost:9876/_karma_webpack_/webpack:/node_modules/rxjs/dist/esm/internal/operators/OperatorSubscriber.js:23:21)
    at OperatorSubscriber.error (http://localhost:9876/_karma_webpack_/webpack:/node_modules/rxjs/dist/esm/internal/Subscriber.js:40:18)
    at OperatorSubscriber._error (http://localhost:9876/_karma_webpack_/webpack:/node_modules/rxjs/dist/esm/internal/Subscriber.js:64:30)
[1A[2KChrome Headless 140.0.0.0 (Mac OS 10.15.7): Executed 427 of 985[31m (77 FAILED)[39m (skipped 1) (0 secs / 59.319 secs)
[1A[2KChrome Headless 140.0.0.0 (Mac OS 10.15.7): Executed 428 of 985[31m (77 FAILED)[39m (skipped 1) (0 secs / 59.32 secs)
[1A[2KChrome Headless 140.0.0.0 (Mac OS 10.15.7): Executed 429 of 985[31m (77 FAILED)[39m (skipped 2) (0 secs / 59.321 secs)
[1A[2KChrome Headless 140.0.0.0 (Mac OS 10.15.7): Executed 430 of 985[31m (77 FAILED)[39m (skipped 2) (0 secs / 59.321 secs)
[1A[2KChrome Headless 140.0.0.0 (Mac OS 10.15.7): Executed 431 of 985[31m (77 FAILED)[39m (skipped 2) (0 secs / 59.423 secs)
[1A[2KChrome Headless 140.0.0.0 (Mac OS 10.15.7): Executed 432 of 985[31m (77 FAILED)[39m (skipped 2) (0 secs / 59.424 secs)
[1A[2KChrome Headless 140.0.0.0 (Mac OS 10.15.7): Executed 433 of 985[31m (77 FAILED)[39m (skipped 2) (0 secs / 59.424 secs)
[1A[2KChrome Headless 140.0.0.0 (Mac OS 10.15.7): Executed 434 of 985[31m (77 FAILED)[39m (skipped 2) (0 secs / 59.425 secs)
[1A[2KChrome Headless 140.0.0.0 (Mac OS 10.15.7): Executed 435 of 985[31m (77 FAILED)[39m (skipped 2) (0 secs / 59.426 secs)
[1A[2KERROR: [36m'Conekta Payment Error:', HttpErrorResponse{headers: HttpHeaders{normalizedNames: Map{}, lazyUpdate: null, headers: Map{}}, status: 400, statusText: 'Bad Request', url: 'http://localhost:3000/api/payments/orders', ok: false, name: 'HttpErrorResponse', message: 'Http failure response for http://localhost:3000/api/payments/orders: 400 Bad Request', error: Object{details: [..., ...]}}[39m
Chrome Headless 140.0.0.0 (Mac OS 10.15.7): Executed 435 of 985[31m (77 FAILED)[39m (skipped 2) (0 secs / 59.426 secs)
ERROR: 'Conekta Payment Error:', HttpErrorResponse{headers: HttpHeaders{normalizedNames: Map{}, lazyUpdate: null, headers: Map{}}, status: 400, statusText: 'Bad Request', url: 'http://localhost:3000/api/payments/orders', ok: false, name: 'HttpErrorResponse', message: 'Http failure response for http://localhost:3000/api/payments/orders: 400 Bad Request', error: Object{details: [..., ...]}}
[1A[2KChrome Headless 140.0.0.0 (Mac OS 10.15.7): Executed 436 of 985[31m (77 FAILED)[39m (skipped 2) (0 secs / 59.427 secs)
[1A[2KChrome Headless 140.0.0.0 (Mac OS 10.15.7): Executed 437 of 985[31m (77 FAILED)[39m (skipped 2) (0 secs / 59.428 secs)
[1A[2KChrome Headless 140.0.0.0 (Mac OS 10.15.7): Executed 438 of 985[31m (77 FAILED)[39m (skipped 2) (0 secs / 59.428 secs)
[1A[2KChrome Headless 140.0.0.0 (Mac OS 10.15.7): Executed 439 of 985[31m (77 FAILED)[39m (skipped 2) (0 secs / 59.429 secs)
[1A[2KChrome Headless 140.0.0.0 (Mac OS 10.15.7): Executed 440 of 985[31m (77 FAILED)[39m (skipped 2) (0 secs / 59.429 secs)
[1A[2KChrome Headless 140.0.0.0 (Mac OS 10.15.7): Executed 441 of 985[31m (77 FAILED)[39m (skipped 2) (0 secs / 59.429 secs)
[1A[2KChrome Headless 140.0.0.0 (Mac OS 10.15.7): Executed 442 of 985[31m (77 FAILED)[39m (skipped 2) (0 secs / 59.43 secs)
[1A[2KChrome Headless 140.0.0.0 (Mac OS 10.15.7): Executed 443 of 985[31m (77 FAILED)[39m (skipped 2) (0 secs / 59.43 secs)
[1A[2KChrome Headless 140.0.0.0 (Mac OS 10.15.7): Executed 444 of 985[31m (77 FAILED)[39m (skipped 2) (0 secs / 59.431 secs)
[1A[2KChrome Headless 140.0.0.0 (Mac OS 10.15.7): Executed 445 of 985[31m (77 FAILED)[39m (skipped 2) (0 secs / 59.431 secs)
[1A[2KChrome Headless 140.0.0.0 (Mac OS 10.15.7): Executed 446 of 985[31m (77 FAILED)[39m (skipped 2) (0 secs / 59.432 secs)
[1A[2KChrome Headless 140.0.0.0 (Mac OS 10.15.7): Executed 447 of 985[31m (77 FAILED)[39m (skipped 2) (0 secs / 59.432 secs)
[1A[2KChrome Headless 140.0.0.0 (Mac OS 10.15.7): Executed 448 of 985[31m (77 FAILED)[39m (skipped 2) (0 secs / 59.432 secs)
[1A[2KChrome Headless 140.0.0.0 (Mac OS 10.15.7): Executed 449 of 985[31m (77 FAILED)[39m (skipped 2) (0 secs / 59.433 secs)
[1A[2KChrome Headless 140.0.0.0 (Mac OS 10.15.7): Executed 450 of 985[31m (77 FAILED)[39m (skipped 2) (0 secs / 59.434 secs)
[1A[2KChrome Headless 140.0.0.0 (Mac OS 10.15.7): Executed 451 of 985[31m (77 FAILED)[39m (skipped 2) (0 secs / 59.434 secs)
[1A[2KChrome Headless 140.0.0.0 (Mac OS 10.15.7): Executed 452 of 985[31m (77 FAILED)[39m (skipped 2) (0 secs / 59.435 secs)
[1A[2K[31mChrome Headless 140.0.0.0 (Mac OS 10.15.7) ToastService Edge Cases should handle rapid consecutive toasts FAILED[39m
	Expected 1 to be 10.
	    at <Jasmine>
	    at UserContext.apply (src/app/services/toast.service.spec.ts:359:30)
	    at _ZoneDelegate.invoke (node_modules/zone.js/fesm2015/zone.js:369:28)
	    at ProxyZoneSpec.onInvoke (node_modules/zone.js/fesm2015/zone-testing.js:2081:39)
	    at _ZoneDelegate.invoke (node_modules/zone.js/fesm2015/zone.js:368:34)
Chrome Headless 140.0.0.0 (Mac OS 10.15.7): Executed 453 of 985[31m (78 FAILED)[39m (skipped 2) (0 secs / 59.435 secs)
[1A[2KChrome Headless 140.0.0.0 (Mac OS 10.15.7): Executed 454 of 985[31m (78 FAILED)[39m (skipped 2) (0 secs / 59.436 secs)
[1A[2KChrome Headless 140.0.0.0 (Mac OS 10.15.7): Executed 455 of 985[31m (78 FAILED)[39m (skipped 2) (0 secs / 59.436 secs)
[1A[2KChrome Headless 140.0.0.0 (Mac OS 10.15.7): Executed 456 of 985[31m (78 FAILED)[39m (skipped 2) (0 secs / 59.437 secs)
[1A[2KChrome Headless 140.0.0.0 (Mac OS 10.15.7): Executed 457 of 985[31m (78 FAILED)[39m (skipped 2) (0 secs / 59.437 secs)
[1A[2K[31mChrome Headless 140.0.0.0 (Mac OS 10.15.7) ToastService Toast State Management should maintain correct state after multiple operations FAILED[39m
	Expected 0 to be 2.
	    at <Jasmine>
	    at UserContext.apply (src/app/services/toast.service.spec.ts:379:38)
	    at _ZoneDelegate.invoke (node_modules/zone.js/fesm2015/zone.js:369:28)
	    at ProxyZoneSpec.onInvoke (node_modules/zone.js/fesm2015/zone-testing.js:2081:39)
	    at _ZoneDelegate.invoke (node_modules/zone.js/fesm2015/zone.js:368:34)
	TypeError: Cannot read properties of undefined (reading 'message')
	    at UserContext.apply (src/app/services/toast.service.spec.ts:380:33)
	    at _ZoneDelegate.invoke (node_modules/zone.js/fesm2015/zone.js:369:28)
	    at ProxyZoneSpec.onInvoke (node_modules/zone.js/fesm2015/zone-testing.js:2081:39)
	    at _ZoneDelegate.invoke (node_modules/zone.js/fesm2015/zone.js:368:34)
	    at ZoneImpl.run (node_modules/zone.js/fesm2015/zone.js:111:43)
	    at runInTestZone (node_modules/zone.js/fesm2015/zone-testing.js:216:38)
	    at UserContext.<anonymous> (node_modules/zone.js/fesm2015/zone-testing.js:234:32)
	    at <Jasmine>
Chrome Headless 140.0.0.0 (Mac OS 10.15.7): Executed 458 of 985[31m (79 FAILED)[39m (skipped 2) (0 secs / 59.438 secs)
[1A[2KChrome Headless 140.0.0.0 (Mac OS 10.15.7): Executed 459 of 985[31m (79 FAILED)[39m (skipped 2) (0 secs / 59.439 secs)
[1A[2KChrome Headless 140.0.0.0 (Mac OS 10.15.7): Executed 460 of 985[31m (79 FAILED)[39m (skipped 2) (0 secs / 59.439 secs)
[1A[2KChrome Headless 140.0.0.0 (Mac OS 10.15.7): Executed 461 of 985[31m (79 FAILED)[39m (skipped 2) (0 secs / 59.439 secs)
[1A[2KChrome Headless 140.0.0.0 (Mac OS 10.15.7): Executed 462 of 985[31m (79 FAILED)[39m (skipped 2) (0 secs / 59.441 secs)
[1A[2KChrome Headless 140.0.0.0 (Mac OS 10.15.7): Executed 463 of 985[31m (79 FAILED)[39m (skipped 2) (0 secs / 59.442 secs)
[1A[2KChrome Headless 140.0.0.0 (Mac OS 10.15.7): Executed 464 of 985[31m (79 FAILED)[39m (skipped 2) (0 secs / 59.442 secs)
[1A[2KChrome Headless 140.0.0.0 (Mac OS 10.15.7): Executed 465 of 985[31m (79 FAILED)[39m (skipped 2) (0 secs / 59.443 secs)
[1A[2KChrome Headless 140.0.0.0 (Mac OS 10.15.7): Executed 466 of 985[31m (79 FAILED)[39m (skipped 2) (0 secs / 59.443 secs)
[1A[2KChrome Headless 140.0.0.0 (Mac OS 10.15.7): Executed 467 of 985[31m (79 FAILED)[39m (skipped 2) (0 secs / 59.443 secs)
[1A[2KChrome Headless 140.0.0.0 (Mac OS 10.15.7): Executed 468 of 985[31m (79 FAILED)[39m (skipped 2) (0 secs / 59.444 secs)
[1A[2KChrome Headless 140.0.0.0 (Mac OS 10.15.7): Executed 469 of 985[31m (79 FAILED)[39m (skipped 2) (0 secs / 59.444 secs)
[1A[2KChrome Headless 140.0.0.0 (Mac OS 10.15.7): Executed 470 of 985[31m (79 FAILED)[39m (skipped 2) (0 secs / 59.445 secs)
[1A[2KChrome Headless 140.0.0.0 (Mac OS 10.15.7): Executed 471 of 985[31m (79 FAILED)[39m (skipped 2) (0 secs / 59.445 secs)
[1A[2K[31mChrome Headless 140.0.0.0 (Mac OS 10.15.7) ToastService Toast Management should remove only specified toast when multiple exist FAILED[39m
	Expected 0 to be 2.
	    at <Jasmine>
	    at UserContext.apply (src/app/services/toast.service.spec.ts:173:38)
	    at _ZoneDelegate.invoke (node_modules/zone.js/fesm2015/zone.js:369:28)
	    at ProxyZoneSpec.onInvoke (node_modules/zone.js/fesm2015/zone-testing.js:2081:39)
	    at _ZoneDelegate.invoke (node_modules/zone.js/fesm2015/zone.js:368:34)
	TypeError: Cannot read properties of undefined (reading 'message')
	    at UserContext.apply (src/app/services/toast.service.spec.ts:175:33)
	    at _ZoneDelegate.invoke (node_modules/zone.js/fesm2015/zone.js:369:28)
	    at ProxyZoneSpec.onInvoke (node_modules/zone.js/fesm2015/zone-testing.js:2081:39)
	    at _ZoneDelegate.invoke (node_modules/zone.js/fesm2015/zone.js:368:34)
	    at ZoneImpl.run (node_modules/zone.js/fesm2015/zone.js:111:43)
	    at runInTestZone (node_modules/zone.js/fesm2015/zone-testing.js:216:38)
	    at UserContext.<anonymous> (node_modules/zone.js/fesm2015/zone-testing.js:234:32)
	    at <Jasmine>
Chrome Headless 140.0.0.0 (Mac OS 10.15.7): Executed 472 of 985[31m (80 FAILED)[39m (skipped 2) (0 secs / 59.446 secs)
[1A[2K[31mChrome Headless 140.0.0.0 (Mac OS 10.15.7) ToastService Toast Management should generate unique IDs for different toasts FAILED[39m
	Expected '1757539011656' not to be '1757539011656'.
	    at <Jasmine>
	    at UserContext.apply (src/app/services/toast.service.spec.ts:135:32)
	    at _ZoneDelegate.invoke (node_modules/zone.js/fesm2015/zone.js:369:28)
	    at ProxyZoneSpec.onInvoke (node_modules/zone.js/fesm2015/zone-testing.js:2081:39)
	    at _ZoneDelegate.invoke (node_modules/zone.js/fesm2015/zone.js:368:34)
Chrome Headless 140.0.0.0 (Mac OS 10.15.7): Executed 473 of 985[31m (81 FAILED)[39m (skipped 2) (0 secs / 59.447 secs)
[1A[2KChrome Headless 140.0.0.0 (Mac OS 10.15.7): Executed 474 of 985[31m (81 FAILED)[39m (skipped 2) (0 secs / 59.447 secs)
[1A[2KChrome Headless 140.0.0.0 (Mac OS 10.15.7): Executed 475 of 985[31m (81 FAILED)[39m (skipped 2) (0 secs / 59.659 secs)
[1A[2KChrome Headless 140.0.0.0 (Mac OS 10.15.7): Executed 476 of 985[31m (81 FAILED)[39m (skipped 2) (0 secs / 59.772 secs)
[1A[2K[31mChrome Headless 140.0.0.0 (Mac OS 10.15.7) ToastService Auto-removal Functionality should auto-remove multiple toasts at different times FAILED[39m
	Expected 0 to be 1.
	    at <Jasmine>
	    at apply (src/app/services/toast.service.spec.ts:202:44)
	    at apply (node_modules/zone.js/fesm2015/zone.js:1809:37)
	    at _ZoneDelegate.invokeTask (node_modules/zone.js/fesm2015/zone.js:402:33)
	    at ProxyZoneSpec.onInvokeTask (node_modules/zone.js/fesm2015/zone-testing.js:2112:39)
	Uncaught TypeError: Cannot read properties of undefined (reading 'message') thrown
Chrome Headless 140.0.0.0 (Mac OS 10.15.7): Executed 477 of 985[31m (82 FAILED)[39m (skipped 2) (0 secs / 59.95 secs)
[1A[2KChrome Headless 140.0.0.0 (Mac OS 10.15.7): Executed 478 of 985[31m (82 FAILED)[39m (skipped 2) (0 secs / 59.95 secs)
[1A[2KChrome Headless 140.0.0.0 (Mac OS 10.15.7): Executed 479 of 985[31m (82 FAILED)[39m (skipped 2) (0 secs / 59.95 secs)
[1A[2KChrome Headless 140.0.0.0 (Mac OS 10.15.7): Executed 480 of 985[31m (82 FAILED)[39m (skipped 2) (0 secs / 59.95 secs)
[1A[2KChrome Headless 140.0.0.0 (Mac OS 10.15.7): Executed 481 of 985[31m (82 FAILED)[39m (skipped 2) (0 secs / 59.951 secs)
[1A[2KChrome Headless 140.0.0.0 (Mac OS 10.15.7): Executed 482 of 985[31m (82 FAILED)[39m (skipped 2) (0 secs / 59.951 secs)
[1A[2KChrome Headless 140.0.0.0 (Mac OS 10.15.7): Executed 483 of 985[31m (82 FAILED)[39m (skipped 2) (0 secs / 59.951 secs)
[1A[2KChrome Headless 140.0.0.0 (Mac OS 10.15.7): Executed 484 of 985[31m (82 FAILED)[39m (skipped 2) (0 secs / 59.951 secs)
[1A[2KChrome Headless 140.0.0.0 (Mac OS 10.15.7): Executed 485 of 985[31m (82 FAILED)[39m (skipped 2) (0 secs / 59.952 secs)
[1A[2KChrome Headless 140.0.0.0 (Mac OS 10.15.7): Executed 486 of 985[31m (82 FAILED)[39m (skipped 2) (0 secs / 59.952 secs)
[1A[2KChrome Headless 140.0.0.0 (Mac OS 10.15.7): Executed 487 of 985[31m (82 FAILED)[39m (skipped 2) (0 secs / 59.952 secs)
[1A[2KChrome Headless 140.0.0.0 (Mac OS 10.15.7): Executed 488 of 985[31m (82 FAILED)[39m (skipped 2) (0 secs / 59.952 secs)
[1A[2KERROR: [36m'Storage error during client creation:', Error: Storage error
Error: Storage error
    at UserContext.apply (http://localhost:9876/_karma_webpack_/webpack:/src/app/services/backend-api.service.spec.ts:687:75)
    at _ZoneDelegate.invoke (http://localhost:9876/_karma_webpack_/webpack:/node_modules/zone.js/fesm2015/zone.js:369:28)
    at ProxyZoneSpec.onInvoke (http://localhost:9876/_karma_webpack_/webpack:/node_modules/zone.js/fesm2015/zone-testing.js:2081:39)
    at _ZoneDelegate.invoke (http://localhost:9876/_karma_webpack_/webpack:/node_modules/zone.js/fesm2015/zone.js:368:34)
    at ZoneImpl.run (http://localhost:9876/_karma_webpack_/webpack:/node_modules/zone.js/fesm2015/zone.js:111:43)
    at runInTestZone (http://localhost:9876/_karma_webpack_/webpack:/node_modules/zone.js/fesm2015/zone-testing.js:213:38)
    at UserContext.<anonymous> (http://localhost:9876/_karma_webpack_/webpack:/node_modules/zone.js/fesm2015/zone-testing.js:231:32)
    at ZoneQueueRunner.attempt (http://localhost:9876/base/node_modules/karma-jasmine/node_modules/jasmine-core/lib/jasmine-core/jasmine.js?86d98e11f43f2c8cfac9fb4806ed6c0aced74cbe:7643:40)
    at ZoneQueueRunner.QueueRunner.run (http://localhost:9876/base/node_modules/karma-jasmine/node_modules/jasmine-core/lib/jasmine-core/jasmine.js?86d98e11f43f2c8cfac9fb4806ed6c0aced74cbe:7670:27)
    at runNext (http://localhost:9876/base/node_modules/karma-jasmine/node_modules/jasmine-core/lib/jasmine-core/jasmine.js?86d98e11f43f2c8cfac9fb4806ed6c0aced74cbe:7574:16)[39m
Chrome Headless 140.0.0.0 (Mac OS 10.15.7): Executed 488 of 985[31m (82 FAILED)[39m (skipped 2) (0 secs / 59.952 secs)
ERROR: 'Storage error during client creation:', Error: Storage error
Error: Storage error
    at UserContext.apply (http://localhost:9876/_karma_webpack_/webpack:/src/app/services/backend-api.service.spec.ts:687:75)
    at _ZoneDelegate.invoke (http://localhost:9876/_karma_webpack_/webpack:/node_modules/zone.js/fesm2015/zone.js:369:28)
    at ProxyZoneSpec.onInvoke (http://localhost:9876/_karma_webpack_/webpack:/node_modules/zone.js/fesm2015/zone-testing.js:2081:39)
    at _ZoneDelegate.invoke (http://localhost:9876/_karma_webpack_/webpack:/node_modules/zone.js/fesm2015/zone.js:368:34)
    at ZoneImpl.run (http://localhost:9876/_karma_webpack_/webpack:/node_modules/zone.js/fesm2015/zone.js:111:43)
    at runInTestZone (http://localhost:9876/_karma_webpack_/webpack:/node_modules/zone.js/fesm2015/zone-testing.js:213:38)
    at UserContext.<anonymous> (http://localhost:9876/_karma_webpack_/webpack:/node_modules/zone.js/fesm2015/zone-testing.js:231:32)
    at ZoneQueueRunner.attempt (http://localhost:9876/base/node_modules/karma-jasmine/node_modules/jasmine-core/lib/jasmine-core/jasmine.js?86d98e11f43f2c8cfac9fb4806ed6c0aced74cbe:7643:40)
    at ZoneQueueRunner.QueueRunner.run (http://localhost:9876/base/node_modules/karma-jasmine/node_modules/jasmine-core/lib/jasmine-core/jasmine.js?86d98e11f43f2c8cfac9fb4806ed6c0aced74cbe:7670:27)
    at runNext (http://localhost:9876/base/node_modules/karma-jasmine/node_modules/jasmine-core/lib/jasmine-core/jasmine.js?86d98e11f43f2c8cfac9fb4806ed6c0aced74cbe:7574:16)
[1A[2KChrome Headless 140.0.0.0 (Mac OS 10.15.7): Executed 489 of 985[31m (82 FAILED)[39m (skipped 2) (0 secs / 59.955 secs)
[1A[2KChrome Headless 140.0.0.0 (Mac OS 10.15.7): Executed 490 of 985[31m (82 FAILED)[39m (skipped 2) (0 secs / 59.956 secs)
[1A[2KChrome Headless 140.0.0.0 (Mac OS 10.15.7): Executed 491 of 985[31m (82 FAILED)[39m (skipped 2) (0 secs / 59.958 secs)
[1A[2KChrome Headless 140.0.0.0 (Mac OS 10.15.7): Executed 492 of 985[31m (82 FAILED)[39m (skipped 2) (0 secs / 59.959 secs)
[1A[2KChrome Headless 140.0.0.0 (Mac OS 10.15.7): Executed 493 of 985[31m (82 FAILED)[39m (skipped 2) (0 secs / 59.963 secs)
[1A[2KChrome Headless 140.0.0.0 (Mac OS 10.15.7): Executed 494 of 985[31m (82 FAILED)[39m (skipped 2) (0 secs / 59.964 secs)
[1A[2KChrome Headless 140.0.0.0 (Mac OS 10.15.7): Executed 495 of 985[31m (82 FAILED)[39m (skipped 2) (0 secs / 59.965 secs)
[1A[2KChrome Headless 140.0.0.0 (Mac OS 10.15.7): Executed 496 of 985[31m (82 FAILED)[39m (skipped 2) (0 secs / 59.966 secs)
[1A[2KChrome Headless 140.0.0.0 (Mac OS 10.15.7): Executed 497 of 985[31m (82 FAILED)[39m (skipped 2) (0 secs / 59.967 secs)
[1A[2KERROR: [36m'Error fetching ecosystems:', Error: Network error
Error: Network error
    at errorFactory (http://localhost:9876/_karma_webpack_/webpack:/src/app/services/backend-api.service.spec.ts:657:58)
    at Observable._subscribe (http://localhost:9876/_karma_webpack_/webpack:/node_modules/rxjs/dist/esm/internal/observable/throwError.js:5:51)
    at Observable._trySubscribe (http://localhost:9876/_karma_webpack_/webpack:/node_modules/rxjs/dist/esm/internal/Observable.js:37:25)
    at cb (http://localhost:9876/_karma_webpack_/webpack:/node_modules/rxjs/dist/esm/internal/Observable.js:31:30)
    at errorContext (http://localhost:9876/_karma_webpack_/webpack:/node_modules/rxjs/dist/esm/internal/util/errorContext.js:19:9)
    at Observable.subscribe (http://localhost:9876/_karma_webpack_/webpack:/node_modules/rxjs/dist/esm/internal/Observable.js:22:21)
    at init (http://localhost:9876/_karma_webpack_/webpack:/node_modules/rxjs/dist/esm/internal/operators/catchError.js:9:27)
    at SafeSubscriber.call (http://localhost:9876/_karma_webpack_/webpack:/node_modules/rxjs/dist/esm/internal/util/lift.js:10:28)
    at cb (http://localhost:9876/_karma_webpack_/webpack:/node_modules/rxjs/dist/esm/internal/Observable.js:26:30)
    at errorContext (http://localhost:9876/_karma_webpack_/webpack:/node_modules/rxjs/dist/esm/internal/util/errorContext.js:19:9)[39m
Chrome Headless 140.0.0.0 (Mac OS 10.15.7): Executed 497 of 985[31m (82 FAILED)[39m (skipped 2) (0 secs / 59.967 secs)
ERROR: 'Error fetching ecosystems:', Error: Network error
Error: Network error
    at errorFactory (http://localhost:9876/_karma_webpack_/webpack:/src/app/services/backend-api.service.spec.ts:657:58)
    at Observable._subscribe (http://localhost:9876/_karma_webpack_/webpack:/node_modules/rxjs/dist/esm/internal/observable/throwError.js:5:51)
    at Observable._trySubscribe (http://localhost:9876/_karma_webpack_/webpack:/node_modules/rxjs/dist/esm/internal/Observable.js:37:25)
    at cb (http://localhost:9876/_karma_webpack_/webpack:/node_modules/rxjs/dist/esm/internal/Observable.js:31:30)
    at errorContext (http://localhost:9876/_karma_webpack_/webpack:/node_modules/rxjs/dist/esm/internal/util/errorContext.js:19:9)
    at Observable.subscribe (http://localhost:9876/_karma_webpack_/webpack:/node_modules/rxjs/dist/esm/internal/Observable.js:22:21)
    at init (http://localhost:9876/_karma_webpack_/webpack:/node_modules/rxjs/dist/esm/internal/operators/catchError.js:9:27)
    at SafeSubscriber.call (http://localhost:9876/_karma_webpack_/webpack:/node_modules/rxjs/dist/esm/internal/util/lift.js:10:28)
    at cb (http://localhost:9876/_karma_webpack_/webpack:/node_modules/rxjs/dist/esm/internal/Observable.js:26:30)
    at errorContext (http://localhost:9876/_karma_webpack_/webpack:/node_modules/rxjs/dist/esm/internal/util/errorContext.js:19:9)
[1A[2KChrome Headless 140.0.0.0 (Mac OS 10.15.7): Executed 498 of 985[31m (82 FAILED)[39m (skipped 2) (0 secs / 59.968 secs)
[1A[2KERROR: [36m'Error fetching ecosystems:', Error: Network error
Error: Network error
    at errorFactory (http://localhost:9876/_karma_webpack_/webpack:/src/app/services/backend-api.service.spec.ts:645:58)
    at Observable._subscribe (http://localhost:9876/_karma_webpack_/webpack:/node_modules/rxjs/dist/esm/internal/observable/throwError.js:5:51)
    at Observable._trySubscribe (http://localhost:9876/_karma_webpack_/webpack:/node_modules/rxjs/dist/esm/internal/Observable.js:37:25)
    at cb (http://localhost:9876/_karma_webpack_/webpack:/node_modules/rxjs/dist/esm/internal/Observable.js:31:30)
    at errorContext (http://localhost:9876/_karma_webpack_/webpack:/node_modules/rxjs/dist/esm/internal/util/errorContext.js:19:9)
    at Observable.subscribe (http://localhost:9876/_karma_webpack_/webpack:/node_modules/rxjs/dist/esm/internal/Observable.js:22:21)
    at init (http://localhost:9876/_karma_webpack_/webpack:/node_modules/rxjs/dist/esm/internal/operators/catchError.js:9:27)
    at SafeSubscriber.call (http://localhost:9876/_karma_webpack_/webpack:/node_modules/rxjs/dist/esm/internal/util/lift.js:10:28)
    at cb (http://localhost:9876/_karma_webpack_/webpack:/node_modules/rxjs/dist/esm/internal/Observable.js:26:30)
    at errorContext (http://localhost:9876/_karma_webpack_/webpack:/node_modules/rxjs/dist/esm/internal/util/errorContext.js:19:9)[39m
Chrome Headless 140.0.0.0 (Mac OS 10.15.7): Executed 498 of 985[31m (82 FAILED)[39m (skipped 2) (0 secs / 59.968 secs)
ERROR: 'Error fetching ecosystems:', Error: Network error
Error: Network error
    at errorFactory (http://localhost:9876/_karma_webpack_/webpack:/src/app/services/backend-api.service.spec.ts:645:58)
    at Observable._subscribe (http://localhost:9876/_karma_webpack_/webpack:/node_modules/rxjs/dist/esm/internal/observable/throwError.js:5:51)
    at Observable._trySubscribe (http://localhost:9876/_karma_webpack_/webpack:/node_modules/rxjs/dist/esm/internal/Observable.js:37:25)
    at cb (http://localhost:9876/_karma_webpack_/webpack:/node_modules/rxjs/dist/esm/internal/Observable.js:31:30)
    at errorContext (http://localhost:9876/_karma_webpack_/webpack:/node_modules/rxjs/dist/esm/internal/util/errorContext.js:19:9)
    at Observable.subscribe (http://localhost:9876/_karma_webpack_/webpack:/node_modules/rxjs/dist/esm/internal/Observable.js:22:21)
    at init (http://localhost:9876/_karma_webpack_/webpack:/node_modules/rxjs/dist/esm/internal/operators/catchError.js:9:27)
    at SafeSubscriber.call (http://localhost:9876/_karma_webpack_/webpack:/node_modules/rxjs/dist/esm/internal/util/lift.js:10:28)
    at cb (http://localhost:9876/_karma_webpack_/webpack:/node_modules/rxjs/dist/esm/internal/Observable.js:26:30)
    at errorContext (http://localhost:9876/_karma_webpack_/webpack:/node_modules/rxjs/dist/esm/internal/util/errorContext.js:19:9)
[1A[2KChrome Headless 140.0.0.0 (Mac OS 10.15.7): Executed 499 of 985[31m (82 FAILED)[39m (skipped 2) (0 secs / 59.968 secs)
[1A[2KERROR: [36m'Error fetching ecosystems:', Error: Network error
Error: Network error
    at errorFactory (http://localhost:9876/_karma_webpack_/webpack:/src/app/services/backend-api.service.spec.ts:633:58)
    at Observable._subscribe (http://localhost:9876/_karma_webpack_/webpack:/node_modules/rxjs/dist/esm/internal/observable/throwError.js:5:51)
    at Observable._trySubscribe (http://localhost:9876/_karma_webpack_/webpack:/node_modules/rxjs/dist/esm/internal/Observable.js:37:25)
    at cb (http://localhost:9876/_karma_webpack_/webpack:/node_modules/rxjs/dist/esm/internal/Observable.js:31:30)
    at errorContext (http://localhost:9876/_karma_webpack_/webpack:/node_modules/rxjs/dist/esm/internal/util/errorContext.js:19:9)
    at Observable.subscribe (http://localhost:9876/_karma_webpack_/webpack:/node_modules/rxjs/dist/esm/internal/Observable.js:22:21)
    at init (http://localhost:9876/_karma_webpack_/webpack:/node_modules/rxjs/dist/esm/internal/operators/catchError.js:9:27)
    at SafeSubscriber.call (http://localhost:9876/_karma_webpack_/webpack:/node_modules/rxjs/dist/esm/internal/util/lift.js:10:28)
    at cb (http://localhost:9876/_karma_webpack_/webpack:/node_modules/rxjs/dist/esm/internal/Observable.js:26:30)
    at errorContext (http://localhost:9876/_karma_webpack_/webpack:/node_modules/rxjs/dist/esm/internal/util/errorContext.js:19:9)[39m
Chrome Headless 140.0.0.0 (Mac OS 10.15.7): Executed 499 of 985[31m (82 FAILED)[39m (skipped 2) (0 secs / 59.968 secs)
ERROR: 'Error fetching ecosystems:', Error: Network error
Error: Network error
    at errorFactory (http://localhost:9876/_karma_webpack_/webpack:/src/app/services/backend-api.service.spec.ts:633:58)
    at Observable._subscribe (http://localhost:9876/_karma_webpack_/webpack:/node_modules/rxjs/dist/esm/internal/observable/throwError.js:5:51)
    at Observable._trySubscribe (http://localhost:9876/_karma_webpack_/webpack:/node_modules/rxjs/dist/esm/internal/Observable.js:37:25)
    at cb (http://localhost:9876/_karma_webpack_/webpack:/node_modules/rxjs/dist/esm/internal/Observable.js:31:30)
    at errorContext (http://localhost:9876/_karma_webpack_/webpack:/node_modules/rxjs/dist/esm/internal/util/errorContext.js:19:9)
    at Observable.subscribe (http://localhost:9876/_karma_webpack_/webpack:/node_modules/rxjs/dist/esm/internal/Observable.js:22:21)
    at init (http://localhost:9876/_karma_webpack_/webpack:/node_modules/rxjs/dist/esm/internal/operators/catchError.js:9:27)
    at SafeSubscriber.call (http://localhost:9876/_karma_webpack_/webpack:/node_modules/rxjs/dist/esm/internal/util/lift.js:10:28)
    at cb (http://localhost:9876/_karma_webpack_/webpack:/node_modules/rxjs/dist/esm/internal/Observable.js:26:30)
    at errorContext (http://localhost:9876/_karma_webpack_/webpack:/node_modules/rxjs/dist/esm/internal/util/errorContext.js:19:9)
[1A[2KChrome Headless 140.0.0.0 (Mac OS 10.15.7): Executed 500 of 985[31m (82 FAILED)[39m (skipped 2) (0 secs / 59.97 secs)
[1A[2KChrome Headless 140.0.0.0 (Mac OS 10.15.7): Executed 501 of 985[31m (82 FAILED)[39m (skipped 2) (0 secs / 59.971 secs)
[1A[2KChrome Headless 140.0.0.0 (Mac OS 10.15.7): Executed 502 of 985[31m (82 FAILED)[39m (skipped 2) (0 secs / 59.972 secs)
[1A[2KChrome Headless 140.0.0.0 (Mac OS 10.15.7): Executed 503 of 985[31m (82 FAILED)[39m (skipped 2) (0 secs / 59.972 secs)
[1A[2KChrome Headless 140.0.0.0 (Mac OS 10.15.7): Executed 504 of 985[31m (82 FAILED)[39m (skipped 2) (0 secs / 59.973 secs)
[1A[2KChrome Headless 140.0.0.0 (Mac OS 10.15.7): Executed 505 of 985[31m (82 FAILED)[39m (skipped 2) (0 secs / 59.973 secs)
[1A[2KChrome Headless 140.0.0.0 (Mac OS 10.15.7): Executed 506 of 985[31m (82 FAILED)[39m (skipped 2) (0 secs / 59.974 secs)
[1A[2KChrome Headless 140.0.0.0 (Mac OS 10.15.7): Executed 507 of 985[31m (82 FAILED)[39m (skipped 2) (0 secs / 59.975 secs)
[1A[2K[31mChrome Headless 140.0.0.0 (Mac OS 10.15.7) BackendApiService Client Management should update client successfully FAILED[39m
	Expected spy StorageService.saveClient to have been called.
	    at <Jasmine>
	    at Object.next (src/app/services/backend-api.service.spec.ts:193:46)
	    at ConsumerObserver.next (node_modules/rxjs/dist/esm/internal/Subscriber.js:91:33)
	    at SafeSubscriber._next (node_modules/rxjs/dist/esm/internal/Subscriber.js:60:26)
	    at SafeSubscriber.next (node_modules/rxjs/dist/esm/internal/Subscriber.js:31:18)
Chrome Headless 140.0.0.0 (Mac OS 10.15.7): Executed 508 of 985[31m (83 FAILED)[39m (skipped 2) (0 secs / 59.976 secs)
[1A[2KChrome Headless 140.0.0.0 (Mac OS 10.15.7): Executed 509 of 985[31m (83 FAILED)[39m (skipped 2) (0 secs / 59.977 secs)
[1A[2KERROR: [36m'Error fetching clients:', Error: Network error
Error: Network error
    at errorFactory (http://localhost:9876/_karma_webpack_/webpack:/src/app/services/backend-api.service.spec.ts:266:58)
    at Observable._subscribe (http://localhost:9876/_karma_webpack_/webpack:/node_modules/rxjs/dist/esm/internal/observable/throwError.js:5:51)
    at Observable._trySubscribe (http://localhost:9876/_karma_webpack_/webpack:/node_modules/rxjs/dist/esm/internal/Observable.js:37:25)
    at cb (http://localhost:9876/_karma_webpack_/webpack:/node_modules/rxjs/dist/esm/internal/Observable.js:31:30)
    at errorContext (http://localhost:9876/_karma_webpack_/webpack:/node_modules/rxjs/dist/esm/internal/util/errorContext.js:19:9)
    at Observable.subscribe (http://localhost:9876/_karma_webpack_/webpack:/node_modules/rxjs/dist/esm/internal/Observable.js:22:21)
    at init (http://localhost:9876/_karma_webpack_/webpack:/node_modules/rxjs/dist/esm/internal/operators/catchError.js:9:27)
    at SafeSubscriber.call (http://localhost:9876/_karma_webpack_/webpack:/node_modules/rxjs/dist/esm/internal/util/lift.js:10:28)
    at cb (http://localhost:9876/_karma_webpack_/webpack:/node_modules/rxjs/dist/esm/internal/Observable.js:26:30)
    at errorContext (http://localhost:9876/_karma_webpack_/webpack:/node_modules/rxjs/dist/esm/internal/util/errorContext.js:19:9)[39m
Chrome Headless 140.0.0.0 (Mac OS 10.15.7): Executed 509 of 985[31m (83 FAILED)[39m (skipped 2) (0 secs / 59.977 secs)
ERROR: 'Error fetching clients:', Error: Network error
Error: Network error
    at errorFactory (http://localhost:9876/_karma_webpack_/webpack:/src/app/services/backend-api.service.spec.ts:266:58)
    at Observable._subscribe (http://localhost:9876/_karma_webpack_/webpack:/node_modules/rxjs/dist/esm/internal/observable/throwError.js:5:51)
    at Observable._trySubscribe (http://localhost:9876/_karma_webpack_/webpack:/node_modules/rxjs/dist/esm/internal/Observable.js:37:25)
    at cb (http://localhost:9876/_karma_webpack_/webpack:/node_modules/rxjs/dist/esm/internal/Observable.js:31:30)
    at errorContext (http://localhost:9876/_karma_webpack_/webpack:/node_modules/rxjs/dist/esm/internal/util/errorContext.js:19:9)
    at Observable.subscribe (http://localhost:9876/_karma_webpack_/webpack:/node_modules/rxjs/dist/esm/internal/Observable.js:22:21)
    at init (http://localhost:9876/_karma_webpack_/webpack:/node_modules/rxjs/dist/esm/internal/operators/catchError.js:9:27)
    at SafeSubscriber.call (http://localhost:9876/_karma_webpack_/webpack:/node_modules/rxjs/dist/esm/internal/util/lift.js:10:28)
    at cb (http://localhost:9876/_karma_webpack_/webpack:/node_modules/rxjs/dist/esm/internal/Observable.js:26:30)
    at errorContext (http://localhost:9876/_karma_webpack_/webpack:/node_modules/rxjs/dist/esm/internal/util/errorContext.js:19:9)
[1A[2KChrome Headless 140.0.0.0 (Mac OS 10.15.7): Executed 510 of 985[31m (83 FAILED)[39m (skipped 2) (0 secs / 59.978 secs)
[1A[2KChrome Headless 140.0.0.0 (Mac OS 10.15.7): Executed 511 of 985[31m (83 FAILED)[39m (skipped 2) (0 secs / 59.979 secs)
[1A[2KLOG: [36m'Synced action:', 'CREATE_CLIENT'[39m
Chrome Headless 140.0.0.0 (Mac OS 10.15.7): Executed 511 of 985[31m (83 FAILED)[39m (skipped 2) (0 secs / 59.979 secs)
LOG: 'Synced action:', 'CREATE_CLIENT'
[1A[2K[31mChrome Headless 140.0.0.0 (Mac OS 10.15.7) BackendApiService Sync Management should sync pending actions when coming online FAILED[39m
	Expected true to be false.
	    at <Jasmine>
	    at Object.next (src/app/services/http-client.service.spec.ts:431:27)
	    at ConsumerObserver.next (node_modules/rxjs/dist/esm/internal/Subscriber.js:91:33)
	    at SafeSubscriber._next (node_modules/rxjs/dist/esm/internal/Subscriber.js:60:26)
	    at SafeSubscriber.next (node_modules/rxjs/dist/esm/internal/Subscriber.js:31:18)
	Error: An asynchronous spec, beforeEach, or afterEach function called its 'done' callback more than once.
	(in spec: BackendApiService Service Initialization should initialize with online status)
	    at <Jasmine>
	    at Object.next (src/app/services/backend-api.service.spec.ts:116:9)
	    at ConsumerObserver.next (node_modules/rxjs/dist/esm/internal/Subscriber.js:91:33)
	    at SafeSubscriber._next (node_modules/rxjs/dist/esm/internal/Subscriber.js:60:26)
	    at SafeSubscriber.next (node_modules/rxjs/dist/esm/internal/Subscriber.js:31:18)
	    at cb (node_modules/rxjs/dist/esm/internal/Subject.js:34:30)
	    at errorContext (node_modules/rxjs/dist/esm/internal/util/errorContext.js:19:9)
	    at BehaviorSubject.next (node_modules/rxjs/dist/esm/internal/Subject.js:27:21)
Chrome Headless 140.0.0.0 (Mac OS 10.15.7): Executed 512 of 985[31m (84 FAILED)[39m (skipped 2) (0 secs / 1 min 0.083 secs)
[1A[2KChrome Headless 140.0.0.0 (Mac OS 10.15.7): Executed 513 of 985[31m (84 FAILED)[39m (skipped 2) (0 secs / 1 min 0.084 secs)
[1A[2KChrome Headless 140.0.0.0 (Mac OS 10.15.7): Executed 514 of 985[31m (84 FAILED)[39m (skipped 2) (0 secs / 1 min 0.085 secs)
[1A[2KChrome Headless 140.0.0.0 (Mac OS 10.15.7): Executed 515 of 985[31m (84 FAILED)[39m (skipped 2) (0 secs / 1 min 0.086 secs)
[1A[2K[31mChrome Headless 140.0.0.0 (Mac OS 10.15.7) BackendApiService Network Status Management should update online status when network changes FAILED[39m
	Expected false to be true.
	    at <Jasmine>
	    at Object.next (src/app/services/backend-api.service.spec.ts:115:24)
	    at ConsumerObserver.next (node_modules/rxjs/dist/esm/internal/Subscriber.js:91:33)
	    at SafeSubscriber._next (node_modules/rxjs/dist/esm/internal/Subscriber.js:60:26)
	    at SafeSubscriber.next (node_modules/rxjs/dist/esm/internal/Subscriber.js:31:18)
	Error: An asynchronous spec, beforeEach, or afterEach function called its 'done' callback more than once.
	(in spec: BackendApiService Service Initialization should initialize with online status)
	    at <Jasmine>
	    at Object.next (src/app/services/backend-api.service.spec.ts:116:9)
	    at ConsumerObserver.next (node_modules/rxjs/dist/esm/internal/Subscriber.js:91:33)
	    at SafeSubscriber._next (node_modules/rxjs/dist/esm/internal/Subscriber.js:60:26)
	    at SafeSubscriber.next (node_modules/rxjs/dist/esm/internal/Subscriber.js:31:18)
	    at cb (node_modules/rxjs/dist/esm/internal/Subject.js:34:30)
	    at errorContext (node_modules/rxjs/dist/esm/internal/util/errorContext.js:19:9)
	    at BehaviorSubject.next (node_modules/rxjs/dist/esm/internal/Subject.js:27:21)
Chrome Headless 140.0.0.0 (Mac OS 10.15.7): Executed 516 of 985[31m (85 FAILED)[39m (skipped 2) (0 secs / 1 min 0.087 secs)
[1A[2K[31mChrome Headless 140.0.0.0 (Mac OS 10.15.7) BackendApiService Network Status Management should trigger sync when going back online FAILED[39m
	Error: An asynchronous spec, beforeEach, or afterEach function called its 'done' callback more than once.
	(in spec: BackendApiService Service Initialization should initialize with online status)
	    at <Jasmine>
	    at Object.next (src/app/services/backend-api.service.spec.ts:116:9)
	    at ConsumerObserver.next (node_modules/rxjs/dist/esm/internal/Subscriber.js:91:33)
	    at SafeSubscriber._next (node_modules/rxjs/dist/esm/internal/Subscriber.js:60:26)
	    at SafeSubscriber.next (node_modules/rxjs/dist/esm/internal/Subscriber.js:31:18)
	    at cb (node_modules/rxjs/dist/esm/internal/Subject.js:34:30)
	    at errorContext (node_modules/rxjs/dist/esm/internal/util/errorContext.js:19:9)
	    at BehaviorSubject.next (node_modules/rxjs/dist/esm/internal/Subject.js:27:21)
	Expected true to be false.
	    at <Jasmine>
	    at Object.next (src/app/services/backend-api.service.spec.ts:616:24)
	    at ConsumerObserver.next (node_modules/rxjs/dist/esm/internal/Subscriber.js:91:33)
	    at SafeSubscriber._next (node_modules/rxjs/dist/esm/internal/Subscriber.js:60:26)
	    at SafeSubscriber.next (node_modules/rxjs/dist/esm/internal/Subscriber.js:31:18)
	Error: An asynchronous spec, beforeEach, or afterEach function called its 'done' callback more than once.
	(in spec: BackendApiService Network Status Management should update online status when network changes)
	    at <Jasmine>
	    at Object.next (src/app/services/backend-api.service.spec.ts:617:9)
	    at ConsumerObserver.next (node_modules/rxjs/dist/esm/internal/Subscriber.js:91:33)
	    at SafeSubscriber._next (node_modules/rxjs/dist/esm/internal/Subscriber.js:60:26)
	    at SafeSubscriber.next (node_modules/rxjs/dist/esm/internal/Subscriber.js:31:18)
	    at cb (node_modules/rxjs/dist/esm/internal/Subject.js:34:30)
	    at errorContext (node_modules/rxjs/dist/esm/internal/util/errorContext.js:19:9)
	    at BehaviorSubject.next (node_modules/rxjs/dist/esm/internal/Subject.js:27:21)
Chrome Headless 140.0.0.0 (Mac OS 10.15.7): Executed 517 of 985[31m (86 FAILED)[39m (skipped 2) (0 secs / 1 min 0.089 secs)
[1A[2KLOG: [36m'Synced action:', 'CREATE_CLIENT'[39m
Chrome Headless 140.0.0.0 (Mac OS 10.15.7): Executed 517 of 985[31m (86 FAILED)[39m (skipped 2) (0 secs / 1 min 0.089 secs)
LOG: 'Synced action:', 'CREATE_CLIENT'
[1A[2KERROR: [36m'Failed to sync action:', 'CREATE_CLIENT', Error: Sync error
Error: Sync error
    at errorFactory (http://localhost:9876/_karma_webpack_/webpack:/src/app/services/backend-api.service.spec.ts:567:59)
    at Observable._subscribe (http://localhost:9876/_karma_webpack_/webpack:/node_modules/rxjs/dist/esm/internal/observable/throwError.js:5:51)
    at Observable._trySubscribe (http://localhost:9876/_karma_webpack_/webpack:/node_modules/rxjs/dist/esm/internal/Observable.js:37:25)
    at cb (http://localhost:9876/_karma_webpack_/webpack:/node_modules/rxjs/dist/esm/internal/Observable.js:31:30)
    at errorContext (http://localhost:9876/_karma_webpack_/webpack:/node_modules/rxjs/dist/esm/internal/util/errorContext.js:19:9)
    at Observable.subscribe (http://localhost:9876/_karma_webpack_/webpack:/node_modules/rxjs/dist/esm/internal/Observable.js:22:21)
    at init (http://localhost:9876/_karma_webpack_/webpack:/node_modules/rxjs/dist/esm/internal/operators/tap.js:15:20)
    at OperatorSubscriber.call (http://localhost:9876/_karma_webpack_/webpack:/node_modules/rxjs/dist/esm/internal/util/lift.js:10:28)
    at cb (http://localhost:9876/_karma_webpack_/webpack:/node_modules/rxjs/dist/esm/internal/Observable.js:26:30)
    at errorContext (http://localhost:9876/_karma_webpack_/webpack:/node_modules/rxjs/dist/esm/internal/util/errorContext.js:19:9)[39m
Chrome Headless 140.0.0.0 (Mac OS 10.15.7): Executed 517 of 985[31m (86 FAILED)[39m (skipped 2) (0 secs / 1 min 0.089 secs)
ERROR: 'Failed to sync action:', 'CREATE_CLIENT', Error: Sync error
Error: Sync error
    at errorFactory (http://localhost:9876/_karma_webpack_/webpack:/src/app/services/backend-api.service.spec.ts:567:59)
    at Observable._subscribe (http://localhost:9876/_karma_webpack_/webpack:/node_modules/rxjs/dist/esm/internal/observable/throwError.js:5:51)
    at Observable._trySubscribe (http://localhost:9876/_karma_webpack_/webpack:/node_modules/rxjs/dist/esm/internal/Observable.js:37:25)
    at cb (http://localhost:9876/_karma_webpack_/webpack:/node_modules/rxjs/dist/esm/internal/Observable.js:31:30)
    at errorContext (http://localhost:9876/_karma_webpack_/webpack:/node_modules/rxjs/dist/esm/internal/util/errorContext.js:19:9)
    at Observable.subscribe (http://localhost:9876/_karma_webpack_/webpack:/node_modules/rxjs/dist/esm/internal/Observable.js:22:21)
    at init (http://localhost:9876/_karma_webpack_/webpack:/node_modules/rxjs/dist/esm/internal/operators/tap.js:15:20)
    at OperatorSubscriber.call (http://localhost:9876/_karma_webpack_/webpack:/node_modules/rxjs/dist/esm/internal/util/lift.js:10:28)
    at cb (http://localhost:9876/_karma_webpack_/webpack:/node_modules/rxjs/dist/esm/internal/Observable.js:26:30)
    at errorContext (http://localhost:9876/_karma_webpack_/webpack:/node_modules/rxjs/dist/esm/internal/util/errorContext.js:19:9)
[1A[2KChrome Headless 140.0.0.0 (Mac OS 10.15.7): Executed 518 of 985[31m (86 FAILED)[39m (skipped 2) (0 secs / 1 min 0.09 secs)
[1A[2KChrome Headless 140.0.0.0 (Mac OS 10.15.7): Executed 519 of 985[31m (86 FAILED)[39m (skipped 2) (0 secs / 1 min 0.09 secs)
[1A[2KChrome Headless 140.0.0.0 (Mac OS 10.15.7): Executed 520 of 985[31m (86 FAILED)[39m (skipped 2) (0 secs / 1 min 0.091 secs)
[1A[2KChrome Headless 140.0.0.0 (Mac OS 10.15.7): Executed 521 of 985[31m (86 FAILED)[39m (skipped 2) (0 secs / 1 min 0.091 secs)
[1A[2KERROR: [36m'Error fetching ecosystems:', Error: Network error
Error: Network error
    at errorFactory (http://localhost:9876/_karma_webpack_/webpack:/src/app/services/backend-api.service.spec.ts:408:58)
    at Observable._subscribe (http://localhost:9876/_karma_webpack_/webpack:/node_modules/rxjs/dist/esm/internal/observable/throwError.js:5:51)
    at Observable._trySubscribe (http://localhost:9876/_karma_webpack_/webpack:/node_modules/rxjs/dist/esm/internal/Observable.js:37:25)
    at cb (http://localhost:9876/_karma_webpack_/webpack:/node_modules/rxjs/dist/esm/internal/Observable.js:31:30)
    at errorContext (http://localhost:9876/_karma_webpack_/webpack:/node_modules/rxjs/dist/esm/internal/util/errorContext.js:19:9)
    at Observable.subscribe (http://localhost:9876/_karma_webpack_/webpack:/node_modules/rxjs/dist/esm/internal/Observable.js:22:21)
    at init (http://localhost:9876/_karma_webpack_/webpack:/node_modules/rxjs/dist/esm/internal/operators/catchError.js:9:27)
    at SafeSubscriber.call (http://localhost:9876/_karma_webpack_/webpack:/node_modules/rxjs/dist/esm/internal/util/lift.js:10:28)
    at cb (http://localhost:9876/_karma_webpack_/webpack:/node_modules/rxjs/dist/esm/internal/Observable.js:26:30)
    at errorContext (http://localhost:9876/_karma_webpack_/webpack:/node_modules/rxjs/dist/esm/internal/util/errorContext.js:19:9)[39m
Chrome Headless 140.0.0.0 (Mac OS 10.15.7): Executed 521 of 985[31m (86 FAILED)[39m (skipped 2) (0 secs / 1 min 0.091 secs)
ERROR: 'Error fetching ecosystems:', Error: Network error
Error: Network error
    at errorFactory (http://localhost:9876/_karma_webpack_/webpack:/src/app/services/backend-api.service.spec.ts:408:58)
    at Observable._subscribe (http://localhost:9876/_karma_webpack_/webpack:/node_modules/rxjs/dist/esm/internal/observable/throwError.js:5:51)
    at Observable._trySubscribe (http://localhost:9876/_karma_webpack_/webpack:/node_modules/rxjs/dist/esm/internal/Observable.js:37:25)
    at cb (http://localhost:9876/_karma_webpack_/webpack:/node_modules/rxjs/dist/esm/internal/Observable.js:31:30)
    at errorContext (http://localhost:9876/_karma_webpack_/webpack:/node_modules/rxjs/dist/esm/internal/util/errorContext.js:19:9)
    at Observable.subscribe (http://localhost:9876/_karma_webpack_/webpack:/node_modules/rxjs/dist/esm/internal/Observable.js:22:21)
    at init (http://localhost:9876/_karma_webpack_/webpack:/node_modules/rxjs/dist/esm/internal/operators/catchError.js:9:27)
    at SafeSubscriber.call (http://localhost:9876/_karma_webpack_/webpack:/node_modules/rxjs/dist/esm/internal/util/lift.js:10:28)
    at cb (http://localhost:9876/_karma_webpack_/webpack:/node_modules/rxjs/dist/esm/internal/Observable.js:26:30)
    at errorContext (http://localhost:9876/_karma_webpack_/webpack:/node_modules/rxjs/dist/esm/internal/util/errorContext.js:19:9)
[1A[2KChrome Headless 140.0.0.0 (Mac OS 10.15.7): Executed 522 of 985[31m (86 FAILED)[39m (skipped 2) (0 secs / 1 min 0.091 secs)
[1A[2KChrome Headless 140.0.0.0 (Mac OS 10.15.7): Executed 523 of 985[31m (86 FAILED)[39m (skipped 2) (0 secs / 1 min 0.092 secs)
[1A[2KChrome Headless 140.0.0.0 (Mac OS 10.15.7): Executed 524 of 985[31m (86 FAILED)[39m (skipped 2) (0 secs / 1 min 0.092 secs)
[1A[2KChrome Headless 140.0.0.0 (Mac OS 10.15.7): Executed 525 of 985[31m (86 FAILED)[39m (skipped 2) (0 secs / 1 min 0.092 secs)
[1A[2K[31mChrome Headless 140.0.0.0 (Mac OS 10.15.7) BackendApiService Dashboard and Analytics should get dashboard data with advisor filter FAILED[39m
	Expected $.lastUpdated = '2025-09-10T21:16:52.319Z' to equal '2024-01-15T10:00:00Z'.
	    at <Jasmine>
	    at Object.next (src/app/services/backend-api.service.spec.ts:471:22)
	    at ConsumerObserver.next (node_modules/rxjs/dist/esm/internal/Subscriber.js:91:33)
	    at SafeSubscriber._next (node_modules/rxjs/dist/esm/internal/Subscriber.js:60:26)
	    at SafeSubscriber.next (node_modules/rxjs/dist/esm/internal/Subscriber.js:31:18)
Chrome Headless 140.0.0.0 (Mac OS 10.15.7): Executed 526 of 985[31m (87 FAILED)[39m (skipped 2) (0 secs / 1 min 0.093 secs)
[1A[2KERROR: [36m'Error fetching dashboard data:', Error: Network error
Error: Network error
    at errorFactory (http://localhost:9876/_karma_webpack_/webpack:/src/app/services/backend-api.service.spec.ts:477:58)
    at Observable._subscribe (http://localhost:9876/_karma_webpack_/webpack:/node_modules/rxjs/dist/esm/internal/observable/throwError.js:5:51)
    at Observable._trySubscribe (http://localhost:9876/_karma_webpack_/webpack:/node_modules/rxjs/dist/esm/internal/Observable.js:37:25)
    at cb (http://localhost:9876/_karma_webpack_/webpack:/node_modules/rxjs/dist/esm/internal/Observable.js:31:30)
    at errorContext (http://localhost:9876/_karma_webpack_/webpack:/node_modules/rxjs/dist/esm/internal/util/errorContext.js:19:9)
    at Observable.subscribe (http://localhost:9876/_karma_webpack_/webpack:/node_modules/rxjs/dist/esm/internal/Observable.js:22:21)
    at init (http://localhost:9876/_karma_webpack_/webpack:/node_modules/rxjs/dist/esm/internal/operators/map.js:6:16)
    at OperatorSubscriber.call (http://localhost:9876/_karma_webpack_/webpack:/node_modules/rxjs/dist/esm/internal/util/lift.js:10:28)
    at cb (http://localhost:9876/_karma_webpack_/webpack:/node_modules/rxjs/dist/esm/internal/Observable.js:26:30)
    at errorContext (http://localhost:9876/_karma_webpack_/webpack:/node_modules/rxjs/dist/esm/internal/util/errorContext.js:19:9)[39m
Chrome Headless 140.0.0.0 (Mac OS 10.15.7): Executed 526 of 985[31m (87 FAILED)[39m (skipped 2) (0 secs / 1 min 0.093 secs)
ERROR: 'Error fetching dashboard data:', Error: Network error
Error: Network error
    at errorFactory (http://localhost:9876/_karma_webpack_/webpack:/src/app/services/backend-api.service.spec.ts:477:58)
    at Observable._subscribe (http://localhost:9876/_karma_webpack_/webpack:/node_modules/rxjs/dist/esm/internal/observable/throwError.js:5:51)
    at Observable._trySubscribe (http://localhost:9876/_karma_webpack_/webpack:/node_modules/rxjs/dist/esm/internal/Observable.js:37:25)
    at cb (http://localhost:9876/_karma_webpack_/webpack:/node_modules/rxjs/dist/esm/internal/Observable.js:31:30)
    at errorContext (http://localhost:9876/_karma_webpack_/webpack:/node_modules/rxjs/dist/esm/internal/util/errorContext.js:19:9)
    at Observable.subscribe (http://localhost:9876/_karma_webpack_/webpack:/node_modules/rxjs/dist/esm/internal/Observable.js:22:21)
    at init (http://localhost:9876/_karma_webpack_/webpack:/node_modules/rxjs/dist/esm/internal/operators/map.js:6:16)
    at OperatorSubscriber.call (http://localhost:9876/_karma_webpack_/webpack:/node_modules/rxjs/dist/esm/internal/util/lift.js:10:28)
    at cb (http://localhost:9876/_karma_webpack_/webpack:/node_modules/rxjs/dist/esm/internal/Observable.js:26:30)
    at errorContext (http://localhost:9876/_karma_webpack_/webpack:/node_modules/rxjs/dist/esm/internal/util/errorContext.js:19:9)
[1A[2KChrome Headless 140.0.0.0 (Mac OS 10.15.7): Executed 527 of 985[31m (87 FAILED)[39m (skipped 2) (0 secs / 1 min 0.093 secs)
[1A[2KChrome Headless 140.0.0.0 (Mac OS 10.15.7): Executed 528 of 985[31m (87 FAILED)[39m (skipped 2) (0 secs / 1 min 0.696 secs)
[1A[2KChrome Headless 140.0.0.0 (Mac OS 10.15.7): Executed 529 of 985[31m (87 FAILED)[39m (skipped 2) (0 secs / 1 min 1.3 secs)
[1A[2KChrome Headless 140.0.0.0 (Mac OS 10.15.7): Executed 530 of 985[31m (87 FAILED)[39m (skipped 2) (0 secs / 1 min 1.905 secs)
[1A[2KChrome Headless 140.0.0.0 (Mac OS 10.15.7): Executed 531 of 985[31m (87 FAILED)[39m (skipped 2) (0 secs / 1 min 2.409 secs)
[1A[2KChrome Headless 140.0.0.0 (Mac OS 10.15.7): Executed 532 of 985[31m (87 FAILED)[39m (skipped 2) (0 secs / 1 min 3.016 secs)
[1A[2KChrome Headless 140.0.0.0 (Mac OS 10.15.7): Executed 533 of 985[31m (87 FAILED)[39m (skipped 2) (0 secs / 1 min 3.019 secs)
[1A[2KChrome Headless 140.0.0.0 (Mac OS 10.15.7): Executed 534 of 985[31m (87 FAILED)[39m (skipped 2) (0 secs / 1 min 3.02 secs)
[1A[2KChrome Headless 140.0.0.0 (Mac OS 10.15.7): Executed 535 of 985[31m (87 FAILED)[39m (skipped 2) (0 secs / 1 min 3.021 secs)
[1A[2KChrome Headless 140.0.0.0 (Mac OS 10.15.7): Executed 536 of 985[31m (87 FAILED)[39m (skipped 2) (0 secs / 1 min 3.022 secs)
[1A[2KChrome Headless 140.0.0.0 (Mac OS 10.15.7): Executed 537 of 985[31m (87 FAILED)[39m (skipped 2) (0 secs / 1 min 3.096 secs)
[1A[2KChrome Headless 140.0.0.0 (Mac OS 10.15.7): Executed 538 of 985[31m (87 FAILED)[39m (skipped 2) (0 secs / 1 min 3.101 secs)
[1A[2KChrome Headless 140.0.0.0 (Mac OS 10.15.7): Executed 539 of 985[31m (87 FAILED)[39m (skipped 2) (0 secs / 1 min 3.105 secs)
[1A[2KChrome Headless 140.0.0.0 (Mac OS 10.15.7): Executed 540 of 985[31m (87 FAILED)[39m (skipped 2) (0 secs / 1 min 3.143 secs)
[1A[2KChrome Headless 140.0.0.0 (Mac OS 10.15.7): Executed 541 of 985[31m (87 FAILED)[39m (skipped 2) (0 secs / 1 min 3.148 secs)
[1A[2K[31mChrome Headless 140.0.0.0 (Mac OS 10.15.7) DashboardComponent Accessibility Tests Navigation Accessibility should have proper ARIA attributes for interactive elements FAILED[39m
	Expected null to be truthy.
	    at <Jasmine>
	    at UserContext.apply (src/app/components/pages/dashboard/dashboard.component.a11y.spec.ts:153:55)
	    at _ZoneDelegate.invoke (node_modules/zone.js/fesm2015/zone.js:369:28)
	    at ProxyZoneSpec.onInvoke (node_modules/zone.js/fesm2015/zone-testing.js:2081:39)
	    at _ZoneDelegate.invoke (node_modules/zone.js/fesm2015/zone.js:368:34)
Chrome Headless 140.0.0.0 (Mac OS 10.15.7): Executed 542 of 985[31m (88 FAILED)[39m (skipped 2) (0 secs / 1 min 3.151 secs)
[1A[2K[31mChrome Headless 140.0.0.0 (Mac OS 10.15.7) DashboardComponent Accessibility Tests Navigation Accessibility should pass navigation accessibility tests FAILED[39m
	Error: unknown rule `aria-expanded` in options.rules
	    at forEach (node_modules/axe-core/axe.js:28435:23)
	    at Array.forEach (<anonymous>)
	    at Audit.normalizeOptions (node_modules/axe-core/axe.js:28433:40)
	    at Audit.run (node_modules/axe-core/axe.js:28293:16)
	    at call (node_modules/axe-core/axe.js:28669:15)
	    at pop (node_modules/axe-core/axe.js:8172:18)
	    at Object.defer (node_modules/axe-core/axe.js:8194:11)
	    at Object._runRules (node_modules/axe-core/axe.js:28668:9)
	    at Object.axeCore [as run] (node_modules/axe-core/axe.js:28919:11)
	    at src/app/test-helpers/accessibility.helper.ts:90:25
Chrome Headless 140.0.0.0 (Mac OS 10.15.7): Executed 543 of 985[31m (89 FAILED)[39m (skipped 2) (0 secs / 1 min 3.164 secs)
[1A[2KChrome Headless 140.0.0.0 (Mac OS 10.15.7): Executed 544 of 985[31m (89 FAILED)[39m (skipped 2) (0 secs / 1 min 3.167 secs)
[1A[2K[31mChrome Headless 140.0.0.0 (Mac OS 10.15.7) DashboardComponent Accessibility Tests Basic Accessibility Compliance should have proper heading hierarchy FAILED[39m
	Expected 3 to be less than or equal 2.
	    at <Jasmine>
	    at forEach (src/app/components/pages/dashboard/dashboard.component.a11y.spec.ts:127:30)
	    at NodeList.forEach (<anonymous>)
	    at UserContext.apply (src/app/components/pages/dashboard/dashboard.component.a11y.spec.ts:125:16)
	    at _ZoneDelegate.invoke (node_modules/zone.js/fesm2015/zone.js:369:28)
Chrome Headless 140.0.0.0 (Mac OS 10.15.7): Executed 545 of 985[31m (90 FAILED)[39m (skipped 2) (0 secs / 1 min 3.17 secs)
[1A[2K[31mChrome Headless 140.0.0.0 (Mac OS 10.15.7) DashboardComponent Accessibility Tests Basic Accessibility Compliance should pass automated accessibility tests FAILED[39m
	Error: Accessibility violations found: empty-heading: Ensure headings have discernible text; heading-order: Ensure the order of headings is semantically correct
	    at src/app/test-helpers/accessibility.helper.ts:65:11
	    at Generator.next (<anonymous>)
	    at asyncGeneratorStep (node_modules/@angular-devkit/build-angular/node_modules/@babel/runtime/helpers/esm/asyncToGenerator.js:3:1)
	    at apply (node_modules/@angular-devkit/build-angular/node_modules/@babel/runtime/helpers/esm/asyncToGenerator.js:17:1)
	    at _ZoneDelegate.invoke (node_modules/zone.js/fesm2015/zone.js:369:28)
	    at ProxyZoneSpec.onInvoke (node_modules/zone.js/fesm2015/zone-testing.js:2081:39)
	    at _ZoneDelegate.invoke (node_modules/zone.js/fesm2015/zone.js:368:34)
	    at ZoneImpl.run (node_modules/zone.js/fesm2015/zone.js:111:43)
	    at apply (node_modules/zone.js/fesm2015/zone.js:2538:40)
	    at _ZoneDelegate.invokeTask (node_modules/zone.js/fesm2015/zone.js:402:33)
Chrome Headless 140.0.0.0 (Mac OS 10.15.7): Executed 546 of 985[31m (91 FAILED)[39m (skipped 2) (0 secs / 1 min 3.228 secs)
[1A[2KChrome Headless 140.0.0.0 (Mac OS 10.15.7): Executed 547 of 985[31m (91 FAILED)[39m (skipped 2) (0 secs / 1 min 3.233 secs)
[1A[2KChrome Headless 140.0.0.0 (Mac OS 10.15.7): Executed 548 of 985[31m (91 FAILED)[39m (skipped 2) (0 secs / 1 min 3.242 secs)
[1A[2KWARN: [36m'Spec 'DashboardComponent Accessibility Tests Visual and Interaction Accessibility should not rely solely on color to convey information' has no expectations.'[39m
Chrome Headless 140.0.0.0 (Mac OS 10.15.7): Executed 548 of 985[31m (91 FAILED)[39m (skipped 2) (0 secs / 1 min 3.242 secs)
WARN: 'Spec 'DashboardComponent Accessibility Tests Visual and Interaction Accessibility should not rely solely on color to convey information' has no expectations.'
[1A[2KChrome Headless 140.0.0.0 (Mac OS 10.15.7): Executed 549 of 985[31m (91 FAILED)[39m (skipped 2) (0 secs / 1 min 3.246 secs)
[1A[2KWARN: [36m'Spec 'DashboardComponent Accessibility Tests Form and Input Accessibility should handle form validation accessibly' has no expectations.'[39m
Chrome Headless 140.0.0.0 (Mac OS 10.15.7): Executed 549 of 985[31m (91 FAILED)[39m (skipped 2) (0 secs / 1 min 3.246 secs)
WARN: 'Spec 'DashboardComponent Accessibility Tests Form and Input Accessibility should handle form validation accessibly' has no expectations.'
[1A[2KChrome Headless 140.0.0.0 (Mac OS 10.15.7): Executed 550 of 985[31m (91 FAILED)[39m (skipped 2) (0 secs / 1 min 3.252 secs)
[1A[2KWARN: [36m'Spec 'DashboardComponent Accessibility Tests Form and Input Accessibility should have accessible form controls if any' has no expectations.'[39m
Chrome Headless 140.0.0.0 (Mac OS 10.15.7): Executed 550 of 985[31m (91 FAILED)[39m (skipped 2) (0 secs / 1 min 3.252 secs)
WARN: 'Spec 'DashboardComponent Accessibility Tests Form and Input Accessibility should have accessible form controls if any' has no expectations.'
[1A[2KChrome Headless 140.0.0.0 (Mac OS 10.15.7): Executed 551 of 985[31m (91 FAILED)[39m (skipped 2) (0 secs / 1 min 3.256 secs)
[1A[2K[31mChrome Headless 140.0.0.0 (Mac OS 10.15.7) DashboardComponent Accessibility Tests DashboardComponent should be accessible FAILED[39m
	Error: Accessibility violations found: empty-heading: Ensure headings have discernible text; heading-order: Ensure the order of headings is semantically correct
	    at src/app/test-helpers/accessibility.helper.ts:65:11
	    at Generator.next (<anonymous>)
	    at asyncGeneratorStep (node_modules/@angular-devkit/build-angular/node_modules/@babel/runtime/helpers/esm/asyncToGenerator.js:3:1)
	    at apply (node_modules/@angular-devkit/build-angular/node_modules/@babel/runtime/helpers/esm/asyncToGenerator.js:17:1)
	    at _ZoneDelegate.invoke (node_modules/zone.js/fesm2015/zone.js:369:28)
	    at ProxyZoneSpec.onInvoke (node_modules/zone.js/fesm2015/zone-testing.js:2081:39)
	    at _ZoneDelegate.invoke (node_modules/zone.js/fesm2015/zone.js:368:34)
	    at ZoneImpl.run (node_modules/zone.js/fesm2015/zone.js:111:43)
	    at apply (node_modules/zone.js/fesm2015/zone.js:2538:40)
	    at _ZoneDelegate.invokeTask (node_modules/zone.js/fesm2015/zone.js:402:33)
Chrome Headless 140.0.0.0 (Mac OS 10.15.7): Executed 552 of 985[31m (92 FAILED)[39m (skipped 2) (0 secs / 1 min 3.292 secs)
[1A[2KChrome Headless 140.0.0.0 (Mac OS 10.15.7): Executed 553 of 985[31m (92 FAILED)[39m (skipped 2) (0 secs / 1 min 3.296 secs)
[1A[2KChrome Headless 140.0.0.0 (Mac OS 10.15.7): Executed 554 of 985[31m (92 FAILED)[39m (skipped 2) (0 secs / 1 min 3.299 secs)
[1A[2KWARN: [36m'Spec 'DashboardComponent Accessibility Tests Keyboard Navigation should handle keyboard interactions properly' has no expectations.'[39m
Chrome Headless 140.0.0.0 (Mac OS 10.15.7): Executed 554 of 985[31m (92 FAILED)[39m (skipped 2) (0 secs / 1 min 3.299 secs)
WARN: 'Spec 'DashboardComponent Accessibility Tests Keyboard Navigation should handle keyboard interactions properly' has no expectations.'
[1A[2KChrome Headless 140.0.0.0 (Mac OS 10.15.7): Executed 555 of 985[31m (92 FAILED)[39m (skipped 2) (0 secs / 1 min 3.304 secs)
[1A[2K[31mChrome Headless 140.0.0.0 (Mac OS 10.15.7) DashboardComponent Accessibility Tests DashboardComponent should have no accessibility violations FAILED[39m
	Expected 2 to be 0.
	    at <Jasmine>
	    at src/app/test-helpers/accessibility.helper.ts:246:33
	    at Generator.next (<anonymous>)
	    at asyncGeneratorStep (node_modules/@angular-devkit/build-angular/node_modules/@babel/runtime/helpers/esm/asyncToGenerator.js:3:1)
	    at _next (node_modules/@angular-devkit/build-angular/node_modules/@babel/runtime/helpers/esm/asyncToGenerator.js:17:1)
Chrome Headless 140.0.0.0 (Mac OS 10.15.7): Executed 556 of 985[31m (93 FAILED)[39m (skipped 2) (0 secs / 1 min 3.332 secs)
[1A[2KChrome Headless 140.0.0.0 (Mac OS 10.15.7): Executed 557 of 985[31m (93 FAILED)[39m (skipped 2) (0 secs / 1 min 3.335 secs)
[1A[2KChrome Headless 140.0.0.0 (Mac OS 10.15.7): Executed 558 of 985[31m (93 FAILED)[39m (skipped 2) (0 secs / 1 min 3.338 secs)
[1A[2KChrome Headless 140.0.0.0 (Mac OS 10.15.7): Executed 559 of 985[31m (93 FAILED)[39m (skipped 2) (0 secs / 1 min 3.341 secs)
[1A[2KChrome Headless 140.0.0.0 (Mac OS 10.15.7): Executed 560 of 985[31m (93 FAILED)[39m (skipped 2) (0 secs / 1 min 3.344 secs)
[1A[2KWARN: [36m'Spec 'DashboardComponent Accessibility Tests DashboardComponent form controls should have labels' has no expectations.'[39m
Chrome Headless 140.0.0.0 (Mac OS 10.15.7): Executed 560 of 985[31m (93 FAILED)[39m (skipped 2) (0 secs / 1 min 3.344 secs)
WARN: 'Spec 'DashboardComponent Accessibility Tests DashboardComponent form controls should have labels' has no expectations.'
[1A[2KChrome Headless 140.0.0.0 (Mac OS 10.15.7): Executed 561 of 985[31m (93 FAILED)[39m (skipped 2) (0 secs / 1 min 3.347 secs)
[1A[2KChrome Headless 140.0.0.0 (Mac OS 10.15.7): Executed 562 of 985[31m (93 FAILED)[39m (skipped 2) (0 secs / 1 min 3.347 secs)
[1A[2KChrome Headless 140.0.0.0 (Mac OS 10.15.7): Executed 563 of 985[31m (93 FAILED)[39m (skipped 2) (0 secs / 1 min 3.348 secs)
[1A[2K[31mChrome Headless 140.0.0.0 (Mac OS 10.15.7) CotizadorEngineService Balance Calculations should calculate balance for interest-bearing loan FAILED[39m
	Expected 0 to be greater than 0.
	    at <Jasmine>
	    at UserContext.apply (src/app/services/cotizador-engine.service.spec.ts:233:23)
	    at _ZoneDelegate.invoke (node_modules/zone.js/fesm2015/zone.js:369:28)
	    at ProxyZoneSpec.onInvoke (node_modules/zone.js/fesm2015/zone-testing.js:2081:39)
	    at _ZoneDelegate.invoke (node_modules/zone.js/fesm2015/zone.js:368:34)
Chrome Headless 140.0.0.0 (Mac OS 10.15.7): Executed 564 of 985[31m (94 FAILED)[39m (skipped 2) (0 secs / 1 min 3.349 secs)
[1A[2KChrome Headless 140.0.0.0 (Mac OS 10.15.7): Executed 565 of 985[31m (94 FAILED)[39m (skipped 2) (0 secs / 1 min 3.349 secs)
[1A[2KChrome Headless 140.0.0.0 (Mac OS 10.15.7): Executed 566 of 985[31m (94 FAILED)[39m (skipped 2) (0 secs / 1 min 3.349 secs)
[1A[2KChrome Headless 140.0.0.0 (Mac OS 10.15.7): Executed 567 of 985[31m (94 FAILED)[39m (skipped 2) (0 secs / 1 min 3.35 secs)
[1A[2KChrome Headless 140.0.0.0 (Mac OS 10.15.7): Executed 568 of 985[31m (94 FAILED)[39m (skipped 2) (0 secs / 1 min 3.35 secs)
[1A[2KChrome Headless 140.0.0.0 (Mac OS 10.15.7): Executed 569 of 985[31m (94 FAILED)[39m (skipped 2) (0 secs / 1 min 3.35 secs)
[1A[2KChrome Headless 140.0.0.0 (Mac OS 10.15.7): Executed 570 of 985[31m (94 FAILED)[39m (skipped 2) (0 secs / 1 min 3.35 secs)
[1A[2KChrome Headless 140.0.0.0 (Mac OS 10.15.7): Executed 571 of 985[31m (94 FAILED)[39m (skipped 2) (0 secs / 1 min 3.35 secs)
[1A[2KChrome Headless 140.0.0.0 (Mac OS 10.15.7): Executed 572 of 985[31m (94 FAILED)[39m (skipped 2) (0 secs / 1 min 3.35 secs)
[1A[2KChrome Headless 140.0.0.0 (Mac OS 10.15.7): Executed 573 of 985[31m (94 FAILED)[39m (skipped 2) (0 secs / 1 min 3.35 secs)
[1A[2KChrome Headless 140.0.0.0 (Mac OS 10.15.7): Executed 574 of 985[31m (94 FAILED)[39m (skipped 2) (0 secs / 1 min 3.35 secs)
[1A[2KChrome Headless 140.0.0.0 (Mac OS 10.15.7): Executed 575 of 985[31m (94 FAILED)[39m (skipped 2) (0 secs / 1 min 3.351 secs)
[1A[2KChrome Headless 140.0.0.0 (Mac OS 10.15.7): Executed 576 of 985[31m (94 FAILED)[39m (skipped 2) (0 secs / 1 min 3.351 secs)
[1A[2KChrome Headless 140.0.0.0 (Mac OS 10.15.7): Executed 577 of 985[31m (94 FAILED)[39m (skipped 2) (0 secs / 1 min 3.351 secs)
[1A[2KChrome Headless 140.0.0.0 (Mac OS 10.15.7): Executed 578 of 985[31m (94 FAILED)[39m (skipped 2) (0 secs / 1 min 3.352 secs)
[1A[2KChrome Headless 140.0.0.0 (Mac OS 10.15.7): Executed 579 of 985[31m (94 FAILED)[39m (skipped 2) (0 secs / 1 min 3.352 secs)
[1A[2KChrome Headless 140.0.0.0 (Mac OS 10.15.7): Executed 580 of 985[31m (94 FAILED)[39m (skipped 2) (0 secs / 1 min 3.353 secs)
[1A[2KChrome Headless 140.0.0.0 (Mac OS 10.15.7): Executed 581 of 985[31m (94 FAILED)[39m (skipped 2) (0 secs / 1 min 3.955 secs)
[1A[2KChrome Headless 140.0.0.0 (Mac OS 10.15.7): Executed 582 of 985[31m (94 FAILED)[39m (skipped 2) (0 secs / 1 min 4.559 secs)
[1A[2KChrome Headless 140.0.0.0 (Mac OS 10.15.7): Executed 583 of 985[31m (94 FAILED)[39m (skipped 2) (0 secs / 1 min 5.162 secs)
[1A[2KChrome Headless 140.0.0.0 (Mac OS 10.15.7): Executed 584 of 985[31m (94 FAILED)[39m (skipped 2) (0 secs / 1 min 5.163 secs)
[1A[2KChrome Headless 140.0.0.0 (Mac OS 10.15.7): Executed 585 of 985[31m (94 FAILED)[39m (skipped 2) (0 secs / 1 min 5.867 secs)
[1A[2KChrome Headless 140.0.0.0 (Mac OS 10.15.7): Executed 586 of 985[31m (94 FAILED)[39m (skipped 2) (0 secs / 1 min 6.573 secs)
[1A[2KChrome Headless 140.0.0.0 (Mac OS 10.15.7): Executed 587 of 985[31m (94 FAILED)[39m (skipped 2) (0 secs / 1 min 7.276 secs)
[1A[2KChrome Headless 140.0.0.0 (Mac OS 10.15.7): Executed 588 of 985[31m (94 FAILED)[39m (skipped 2) (0 secs / 1 min 7.979 secs)
[1A[2KChrome Headless 140.0.0.0 (Mac OS 10.15.7): Executed 589 of 985[31m (94 FAILED)[39m (skipped 2) (0 secs / 1 min 7.98 secs)
[1A[2KChrome Headless 140.0.0.0 (Mac OS 10.15.7): Executed 590 of 985[31m (94 FAILED)[39m (skipped 2) (0 secs / 1 min 7.98 secs)
[1A[2KChrome Headless 140.0.0.0 (Mac OS 10.15.7): Executed 591 of 985[31m (94 FAILED)[39m (skipped 2) (0 secs / 1 min 7.981 secs)
[1A[2KChrome Headless 140.0.0.0 (Mac OS 10.15.7): Executed 592 of 985[31m (94 FAILED)[39m (skipped 2) (0 secs / 1 min 7.981 secs)
[1A[2KChrome Headless 140.0.0.0 (Mac OS 10.15.7): Executed 593 of 985[31m (94 FAILED)[39m (skipped 2) (0 secs / 1 min 7.981 secs)
[1A[2KChrome Headless 140.0.0.0 (Mac OS 10.15.7): Executed 594 of 985[31m (94 FAILED)[39m (skipped 2) (0 secs / 1 min 7.982 secs)
[1A[2KChrome Headless 140.0.0.0 (Mac OS 10.15.7): Executed 595 of 985[31m (94 FAILED)[39m (skipped 2) (0 secs / 1 min 7.982 secs)
[1A[2KChrome Headless 140.0.0.0 (Mac OS 10.15.7): Executed 596 of 985[31m (94 FAILED)[39m (skipped 2) (0 secs / 1 min 7.982 secs)
[1A[2KChrome Headless 140.0.0.0 (Mac OS 10.15.7): Executed 597 of 985[31m (94 FAILED)[39m (skipped 2) (0 secs / 1 min 7.982 secs)
[1A[2KChrome Headless 140.0.0.0 (Mac OS 10.15.7): Executed 598 of 985[31m (94 FAILED)[39m (skipped 2) (0 secs / 1 min 7.984 secs)
[1A[2KChrome Headless 140.0.0.0 (Mac OS 10.15.7): Executed 599 of 985[31m (94 FAILED)[39m (skipped 2) (0 secs / 1 min 7.985 secs)
[1A[2KChrome Headless 140.0.0.0 (Mac OS 10.15.7): Executed 600 of 985[31m (94 FAILED)[39m (skipped 2) (0 secs / 1 min 7.986 secs)
[1A[2KChrome Headless 140.0.0.0 (Mac OS 10.15.7): Executed 601 of 985[31m (94 FAILED)[39m (skipped 2) (0 secs / 1 min 7.986 secs)
[1A[2KChrome Headless 140.0.0.0 (Mac OS 10.15.7): Executed 602 of 985[31m (94 FAILED)[39m (skipped 2) (0 secs / 1 min 7.987 secs)
[1A[2KChrome Headless 140.0.0.0 (Mac OS 10.15.7): Executed 603 of 985[31m (94 FAILED)[39m (skipped 2) (0 secs / 1 min 7.988 secs)
[1A[2K[31mChrome Headless 140.0.0.0 (Mac OS 10.15.7) NavigationService Service Initialization should initialize with default navigation state FAILED[39m
	Expected '/' to be null.
	    at <Jasmine>
	    at Object.next (src/app/services/navigation.service.spec.ts:47:37)
	    at ConsumerObserver.next (node_modules/rxjs/dist/esm/internal/Subscriber.js:91:33)
	    at SafeSubscriber._next (node_modules/rxjs/dist/esm/internal/Subscriber.js:60:26)
	    at SafeSubscriber.next (node_modules/rxjs/dist/esm/internal/Subscriber.js:31:18)
Chrome Headless 140.0.0.0 (Mac OS 10.15.7): Executed 604 of 985[31m (95 FAILED)[39m (skipped 2) (0 secs / 1 min 7.989 secs)
[1A[2KChrome Headless 140.0.0.0 (Mac OS 10.15.7): Executed 605 of 985[31m (95 FAILED)[39m (skipped 2) (0 secs / 1 min 7.99 secs)
[1A[2KChrome Headless 140.0.0.0 (Mac OS 10.15.7): Executed 606 of 985[31m (95 FAILED)[39m (skipped 2) (0 secs / 1 min 7.99 secs)
[1A[2KChrome Headless 140.0.0.0 (Mac OS 10.15.7): Executed 607 of 985[31m (95 FAILED)[39m (skipped 2) (0 secs / 1 min 7.991 secs)
[1A[2KChrome Headless 140.0.0.0 (Mac OS 10.15.7): Executed 608 of 985[31m (95 FAILED)[39m (skipped 2) (0 secs / 1 min 7.992 secs)
[1A[2KChrome Headless 140.0.0.0 (Mac OS 10.15.7): Executed 609 of 985[31m (95 FAILED)[39m (skipped 2) (0 secs / 1 min 7.992 secs)
[1A[2KChrome Headless 140.0.0.0 (Mac OS 10.15.7): Executed 610 of 985[31m (95 FAILED)[39m (skipped 2) (0 secs / 1 min 7.993 secs)
[1A[2KChrome Headless 140.0.0.0 (Mac OS 10.15.7): Executed 611 of 985[31m (95 FAILED)[39m (skipped 2) (0 secs / 1 min 7.993 secs)
[1A[2KChrome Headless 140.0.0.0 (Mac OS 10.15.7): Executed 612 of 985[31m (95 FAILED)[39m (skipped 2) (0 secs / 1 min 7.994 secs)
[1A[2KChrome Headless 140.0.0.0 (Mac OS 10.15.7): Executed 613 of 985[31m (95 FAILED)[39m (skipped 2) (0 secs / 1 min 7.994 secs)
[1A[2KChrome Headless 140.0.0.0 (Mac OS 10.15.7): Executed 614 of 985[31m (95 FAILED)[39m (skipped 2) (0 secs / 1 min 7.995 secs)
[1A[2KChrome Headless 140.0.0.0 (Mac OS 10.15.7): Executed 615 of 985[31m (95 FAILED)[39m (skipped 2) (0 secs / 1 min 7.996 secs)
[1A[2KChrome Headless 140.0.0.0 (Mac OS 10.15.7): Executed 616 of 985[31m (95 FAILED)[39m (skipped 2) (0 secs / 1 min 7.996 secs)
[1A[2KChrome Headless 140.0.0.0 (Mac OS 10.15.7): Executed 617 of 985[31m (95 FAILED)[39m (skipped 2) (0 secs / 1 min 7.997 secs)
[1A[2KChrome Headless 140.0.0.0 (Mac OS 10.15.7): Executed 618 of 985[31m (95 FAILED)[39m (skipped 2) (0 secs / 1 min 7.998 secs)
[1A[2KChrome Headless 140.0.0.0 (Mac OS 10.15.7): Executed 619 of 985[31m (95 FAILED)[39m (skipped 2) (0 secs / 1 min 7.998 secs)
[1A[2KChrome Headless 140.0.0.0 (Mac OS 10.15.7): Executed 620 of 985[31m (95 FAILED)[39m (skipped 2) (0 secs / 1 min 7.999 secs)
[1A[2KChrome Headless 140.0.0.0 (Mac OS 10.15.7): Executed 621 of 985[31m (95 FAILED)[39m (skipped 2) (0 secs / 1 min 7.999 secs)
[1A[2KChrome Headless 140.0.0.0 (Mac OS 10.15.7): Executed 622 of 985[31m (95 FAILED)[39m (skipped 2) (0 secs / 1 min 8 secs)
[1A[2KChrome Headless 140.0.0.0 (Mac OS 10.15.7): Executed 623 of 985[31m (95 FAILED)[39m (skipped 2) (0 secs / 1 min 8 secs)
[1A[2KChrome Headless 140.0.0.0 (Mac OS 10.15.7): Executed 624 of 985[31m (95 FAILED)[39m (skipped 2) (0 secs / 1 min 8.001 secs)
[1A[2KChrome Headless 140.0.0.0 (Mac OS 10.15.7): Executed 625 of 985[31m (95 FAILED)[39m (skipped 2) (0 secs / 1 min 8.001 secs)
[1A[2KChrome Headless 140.0.0.0 (Mac OS 10.15.7): Executed 626 of 985[31m (95 FAILED)[39m (skipped 2) (0 secs / 1 min 8.002 secs)
[1A[2K[31mChrome Headless 140.0.0.0 (Mac OS 10.15.7) NavigationService Route Configuration should handle all configured main routes FAILED[39m
	Expected '/clientes' to be '/dashboard'.
	    at <Jasmine>
	    at Object.next (src/app/services/navigation.service.spec.ts:446:38)
	    at ConsumerObserver.next (node_modules/rxjs/dist/esm/internal/Subscriber.js:91:33)
	    at SafeSubscriber._next (node_modules/rxjs/dist/esm/internal/Subscriber.js:60:26)
	    at SafeSubscriber.next (node_modules/rxjs/dist/esm/internal/Subscriber.js:31:18)
	Expected '/expedientes' to be '/dashboard'.
	    at <Jasmine>
	    at Object.next (src/app/services/navigation.service.spec.ts:446:38)
	    at ConsumerObserver.next (node_modules/rxjs/dist/esm/internal/Subscriber.js:91:33)
	    at SafeSubscriber._next (node_modules/rxjs/dist/esm/internal/Subscriber.js:60:26)
	    at SafeSubscriber.next (node_modules/rxjs/dist/esm/internal/Subscriber.js:31:18)
	Expected '/expedientes' to be '/clientes'.
	    at <Jasmine>
	    at Object.next (src/app/services/navigation.service.spec.ts:446:38)
	    at ConsumerObserver.next (node_modules/rxjs/dist/esm/internal/Subscriber.js:91:33)
	    at SafeSubscriber._next (node_modules/rxjs/dist/esm/internal/Subscriber.js:60:26)
	    at SafeSubscriber.next (node_modules/rxjs/dist/esm/internal/Subscriber.js:31:18)
	Expected '/proteccion' to be '/dashboard'.
	    at <Jasmine>
	    at Object.next (src/app/services/navigation.service.spec.ts:446:38)
	    at ConsumerObserver.next (node_modules/rxjs/dist/esm/internal/Subscriber.js:91:33)
	    at SafeSubscriber._next (node_modules/rxjs/dist/esm/internal/Subscriber.js:60:26)
	    at SafeSubscriber.next (node_modules/rxjs/dist/esm/internal/Subscriber.js:31:18)
	Expected '/proteccion' to be '/clientes'.
	    at <Jasmine>
	    at Object.next (src/app/services/navigation.service.spec.ts:446:38)
	    at ConsumerObserver.next (node_modules/rxjs/dist/esm/internal/Subscriber.js:91:33)
	    at SafeSubscriber._next (node_modules/rxjs/dist/esm/internal/Subscriber.js:60:26)
	    at SafeSubscriber.next (node_modules/rxjs/dist/esm/internal/Subscriber.js:31:18)
	Expected '/proteccion' to be '/expedientes'.
	    at <Jasmine>
	    at Object.next (src/app/services/navigation.service.spec.ts:446:38)
	    at ConsumerObserver.next (node_modules/rxjs/dist/esm/internal/Subscriber.js:91:33)
	    at SafeSubscriber._next (node_modules/rxjs/dist/esm/internal/Subscriber.js:60:26)
	    at SafeSubscriber.next (node_modules/rxjs/dist/esm/internal/Subscriber.js:31:18)
	Expected '/reportes' to be '/dashboard'.
	    at <Jasmine>
	    at Object.next (src/app/services/navigation.service.spec.ts:446:38)
	    at ConsumerObserver.next (node_modules/rxjs/dist/esm/internal/Subscriber.js:91:33)
	    at SafeSubscriber._next (node_modules/rxjs/dist/esm/internal/Subscriber.js:60:26)
	    at SafeSubscriber.next (node_modules/rxjs/dist/esm/internal/Subscriber.js:31:18)
	Expected '/reportes' to be '/clientes'.
	    at <Jasmine>
	    at Object.next (src/app/services/navigation.service.spec.ts:446:38)
	    at ConsumerObserver.next (node_modules/rxjs/dist/esm/internal/Subscriber.js:91:33)
	    at SafeSubscriber._next (node_modules/rxjs/dist/esm/internal/Subscriber.js:60:26)
	    at SafeSubscriber.next (node_modules/rxjs/dist/esm/internal/Subscriber.js:31:18)
	Expected '/reportes' to be '/expedientes'.
	    at <Jasmine>
	    at Object.next (src/app/services/navigation.service.spec.ts:446:38)
	    at ConsumerObserver.next (node_modules/rxjs/dist/esm/internal/Subscriber.js:91:33)
	    at SafeSubscriber._next (node_modules/rxjs/dist/esm/internal/Subscriber.js:60:26)
	    at SafeSubscriber.next (node_modules/rxjs/dist/esm/internal/Subscriber.js:31:18)
	Expected '/reportes' to be '/proteccion'.
	    at <Jasmine>
	    at Object.next (src/app/services/navigation.service.spec.ts:446:38)
	    at ConsumerObserver.next (node_modules/rxjs/dist/esm/internal/Subscriber.js:91:33)
	    at SafeSubscriber._next (node_modules/rxjs/dist/esm/internal/Subscriber.js:60:26)
	    at SafeSubscriber.next (node_modules/rxjs/dist/esm/internal/Subscriber.js:31:18)
Chrome Headless 140.0.0.0 (Mac OS 10.15.7): Executed 627 of 985[31m (96 FAILED)[39m (skipped 2) (0 secs / 1 min 8.004 secs)
[1A[2KChrome Headless 140.0.0.0 (Mac OS 10.15.7): Executed 628 of 985[31m (96 FAILED)[39m (skipped 2) (0 secs / 1 min 8.005 secs)
[1A[2KChrome Headless 140.0.0.0 (Mac OS 10.15.7): Executed 629 of 985[31m (96 FAILED)[39m (skipped 2) (0 secs / 1 min 8.005 secs)
[1A[2KChrome Headless 140.0.0.0 (Mac OS 10.15.7): Executed 630 of 985[31m (96 FAILED)[39m (skipped 2) (0 secs / 1 min 8.006 secs)
[1A[2KChrome Headless 140.0.0.0 (Mac OS 10.15.7): Executed 631 of 985[31m (96 FAILED)[39m (skipped 2) (0 secs / 1 min 8.006 secs)
[1A[2K[31mChrome Headless 140.0.0.0 (Mac OS 10.15.7) NavigationService Route Parameters should get query parameters FAILED[39m
	Expected object to have properties
	    filter: 'active'
	    page: '1'
	    at <Jasmine>
	    at Object.next (src/app/services/navigation.service.spec.ts:385:29)
	    at ConsumerObserver.next (node_modules/rxjs/dist/esm/internal/Subscriber.js:91:33)
	    at SafeSubscriber._next (node_modules/rxjs/dist/esm/internal/Subscriber.js:60:26)
	    at SafeSubscriber.next (node_modules/rxjs/dist/esm/internal/Subscriber.js:31:18)
Chrome Headless 140.0.0.0 (Mac OS 10.15.7): Executed 632 of 985[31m (97 FAILED)[39m (skipped 2) (0 secs / 1 min 8.007 secs)
[1A[2K[31mChrome Headless 140.0.0.0 (Mac OS 10.15.7) NavigationService Route Parameters should get route parameters FAILED[39m
	Expected object to have properties
	    id: '123'
	    at <Jasmine>
	    at Object.next (src/app/services/navigation.service.spec.ts:375:24)
	    at ConsumerObserver.next (node_modules/rxjs/dist/esm/internal/Subscriber.js:91:33)
	    at SafeSubscriber._next (node_modules/rxjs/dist/esm/internal/Subscriber.js:60:26)
	    at SafeSubscriber.next (node_modules/rxjs/dist/esm/internal/Subscriber.js:31:18)
Chrome Headless 140.0.0.0 (Mac OS 10.15.7): Executed 633 of 985[31m (98 FAILED)[39m (skipped 2) (0 secs / 1 min 8.007 secs)
[1A[2KChrome Headless 140.0.0.0 (Mac OS 10.15.7): Executed 634 of 985[31m (98 FAILED)[39m (skipped 2) (0 secs / 1 min 8.008 secs)
[1A[2K[31mChrome Headless 140.0.0.0 (Mac OS 10.15.7) PostSalesApiService getPostSalesRecord should retrieve post-sales record by VIN FAILED[39m
	Expected undefined to be 'José Hernández Pérez'.
	    at <Jasmine>
	    at Object.next (src/app/services/post-sales-api.service.spec.ts:150:45)
	    at ConsumerObserver.next (node_modules/rxjs/dist/esm/internal/Subscriber.js:91:33)
	    at SafeSubscriber._next (node_modules/rxjs/dist/esm/internal/Subscriber.js:60:26)
	    at SafeSubscriber.next (node_modules/rxjs/dist/esm/internal/Subscriber.js:31:18)
Chrome Headless 140.0.0.0 (Mac OS 10.15.7): Executed 635 of 985[31m (99 FAILED)[39m (skipped 2) (0 secs / 1 min 8.009 secs)
[1A[2KChrome Headless 140.0.0.0 (Mac OS 10.15.7): Executed 636 of 985[31m (99 FAILED)[39m (skipped 2) (0 secs / 1 min 8.01 secs)
[1A[2KChrome Headless 140.0.0.0 (Mac OS 10.15.7): Executed 637 of 985[31m (99 FAILED)[39m (skipped 2) (0 secs / 1 min 8.011 secs)
[1A[2KChrome Headless 140.0.0.0 (Mac OS 10.15.7): Executed 638 of 985[31m (99 FAILED)[39m (skipped 2) (0 secs / 1 min 8.011 secs)
[1A[2KChrome Headless 140.0.0.0 (Mac OS 10.15.7): Executed 639 of 985[31m (99 FAILED)[39m (skipped 2) (0 secs / 1 min 8.012 secs)
[1A[2KChrome Headless 140.0.0.0 (Mac OS 10.15.7): Executed 640 of 985[31m (99 FAILED)[39m (skipped 2) (0 secs / 1 min 8.012 secs)
[1A[2KChrome Headless 140.0.0.0 (Mac OS 10.15.7): Executed 641 of 985[31m (99 FAILED)[39m (skipped 2) (0 secs / 1 min 8.012 secs)
[1A[2KChrome Headless 140.0.0.0 (Mac OS 10.15.7): Executed 642 of 985[31m (99 FAILED)[39m (skipped 2) (0 secs / 1 min 8.013 secs)
[1A[2KChrome Headless 140.0.0.0 (Mac OS 10.15.7): Executed 643 of 985[31m (99 FAILED)[39m (skipped 2) (0 secs / 1 min 8.013 secs)
[1A[2KChrome Headless 140.0.0.0 (Mac OS 10.15.7): Executed 644 of 985[31m (99 FAILED)[39m (skipped 2) (0 secs / 1 min 8.014 secs)
[1A[2KChrome Headless 140.0.0.0 (Mac OS 10.15.7): Executed 645 of 985[31m (99 FAILED)[39m (skipped 2) (0 secs / 1 min 8.014 secs)
[1A[2KChrome Headless 140.0.0.0 (Mac OS 10.15.7): Executed 646 of 985[31m (99 FAILED)[39m (skipped 2) (0 secs / 1 min 8.015 secs)
[1A[2KChrome Headless 140.0.0.0 (Mac OS 10.15.7): Executed 647 of 985[31m (99 FAILED)[39m (skipped 2) (0 secs / 1 min 8.015 secs)
[1A[2KChrome Headless 140.0.0.0 (Mac OS 10.15.7): Executed 648 of 985[31m (99 FAILED)[39m (skipped 2) (0 secs / 1 min 8.016 secs)
[1A[2KChrome Headless 140.0.0.0 (Mac OS 10.15.7): Executed 649 of 985[31m (99 FAILED)[39m (skipped 2) (0 secs / 1 min 8.016 secs)
[1A[2KChrome Headless 140.0.0.0 (Mac OS 10.15.7): Executed 650 of 985[31m (99 FAILED)[39m (skipped 2) (0 secs / 1 min 8.016 secs)
[1A[2KChrome Headless 140.0.0.0 (Mac OS 10.15.7): Executed 651 of 985[31m (99 FAILED)[39m (skipped 2) (0 secs / 1 min 8.017 secs)
[1A[2KChrome Headless 140.0.0.0 (Mac OS 10.15.7): Executed 652 of 985[31m (99 FAILED)[39m (skipped 2) (0 secs / 1 min 8.017 secs)
[1A[2KChrome Headless 140.0.0.0 (Mac OS 10.15.7): Executed 653 of 985[31m (99 FAILED)[39m (skipped 2) (0 secs / 1 min 8.017 secs)
[1A[2KChrome Headless 140.0.0.0 (Mac OS 10.15.7): Executed 654 of 985[31m (99 FAILED)[39m (skipped 2) (0 secs / 1 min 8.017 secs)
[1A[2KChrome Headless 140.0.0.0 (Mac OS 10.15.7): Executed 655 of 985[31m (99 FAILED)[39m (skipped 2) (0 secs / 1 min 8.018 secs)
[1A[2KChrome Headless 140.0.0.0 (Mac OS 10.15.7): Executed 656 of 985[31m (99 FAILED)[39m (skipped 2) (0 secs / 1 min 8.018 secs)
[1A[2KChrome Headless 140.0.0.0 (Mac OS 10.15.7): Executed 657 of 985[31m (99 FAILED)[39m (skipped 2) (0 secs / 1 min 8.018 secs)
[1A[2KChrome Headless 140.0.0.0 (Mac OS 10.15.7): Executed 658 of 985[31m (99 FAILED)[39m (skipped 2) (0 secs / 1 min 8.019 secs)
[1A[2KChrome Headless 140.0.0.0 (Mac OS 10.15.7): Executed 659 of 985[31m (99 FAILED)[39m (skipped 2) (0 secs / 1 min 8.019 secs)
[1A[2KChrome Headless 140.0.0.0 (Mac OS 10.15.7): Executed 660 of 985[31m (99 FAILED)[39m (skipped 2) (0 secs / 1 min 8.019 secs)
[1A[2KChrome Headless 140.0.0.0 (Mac OS 10.15.7): Executed 661 of 985[31m (99 FAILED)[39m (skipped 2) (0 secs / 1 min 8.02 secs)
[1A[2KChrome Headless 140.0.0.0 (Mac OS 10.15.7): Executed 662 of 985[31m (99 FAILED)[39m (skipped 2) (0 secs / 1 min 8.02 secs)
[1A[2KChrome Headless 140.0.0.0 (Mac OS 10.15.7): Executed 663 of 985[31m (99 FAILED)[39m (skipped 2) (0 secs / 1 min 8.02 secs)
[1A[2KChrome Headless 140.0.0.0 (Mac OS 10.15.7): Executed 664 of 985[31m (99 FAILED)[39m (skipped 2) (0 secs / 1 min 8.02 secs)
[1A[2KChrome Headless 140.0.0.0 (Mac OS 10.15.7): Executed 665 of 985[31m (99 FAILED)[39m (skipped 2) (0 secs / 1 min 8.02 secs)
[1A[2KChrome Headless 140.0.0.0 (Mac OS 10.15.7): Executed 666 of 985[31m (99 FAILED)[39m (skipped 2) (0 secs / 1 min 8.021 secs)
[1A[2KChrome Headless 140.0.0.0 (Mac OS 10.15.7): Executed 667 of 985[31m (99 FAILED)[39m (skipped 2) (0 secs / 1 min 8.021 secs)
[1A[2KChrome Headless 140.0.0.0 (Mac OS 10.15.7): Executed 668 of 985[31m (99 FAILED)[39m (skipped 2) (0 secs / 1 min 8.022 secs)
[1A[2KChrome Headless 140.0.0.0 (Mac OS 10.15.7): Executed 669 of 985[31m (99 FAILED)[39m (skipped 2) (0 secs / 1 min 8.022 secs)
[1A[2KChrome Headless 140.0.0.0 (Mac OS 10.15.7): Executed 670 of 985[31m (99 FAILED)[39m (skipped 2) (0 secs / 1 min 8.022 secs)
[1A[2KChrome Headless 140.0.0.0 (Mac OS 10.15.7): Executed 671 of 985[31m (99 FAILED)[39m (skipped 2) (0 secs / 1 min 8.023 secs)
[1A[2KChrome Headless 140.0.0.0 (Mac OS 10.15.7): Executed 672 of 985[31m (99 FAILED)[39m (skipped 2) (0 secs / 1 min 9.928 secs)
[1A[2KChrome Headless 140.0.0.0 (Mac OS 10.15.7): Executed 673 of 985[31m (99 FAILED)[39m (skipped 2) (0 secs / 1 min 11.832 secs)
[1A[2KChrome Headless 140.0.0.0 (Mac OS 10.15.7): Executed 674 of 985[31m (99 FAILED)[39m (skipped 2) (0 secs / 1 min 13.536 secs)
[1A[2KChrome Headless 140.0.0.0 (Mac OS 10.15.7): Executed 675 of 985[31m (99 FAILED)[39m (skipped 2) (0 secs / 1 min 15.041 secs)
[1A[2K[31mChrome Headless 140.0.0.0 (Mac OS 10.15.7) DataService Data Export should export scenarios FAILED[39m
	Error: An asynchronous spec, beforeEach, or afterEach function called its 'done' callback more than once.
	(in spec: DataService Data Refresh should refresh data)
	    at <Jasmine>
	    at Object.next (src/app/services/data.service.spec.ts:405:15)
	    at ConsumerObserver.next (node_modules/rxjs/dist/esm/internal/Subscriber.js:91:33)
	    at SafeSubscriber._next (node_modules/rxjs/dist/esm/internal/Subscriber.js:60:26)
	    at SafeSubscriber.next (node_modules/rxjs/dist/esm/internal/Subscriber.js:31:18)
	    at cb (node_modules/rxjs/dist/esm/internal/Subject.js:34:30)
	    at errorContext (node_modules/rxjs/dist/esm/internal/util/errorContext.js:19:9)
	    at BehaviorSubject.next (node_modules/rxjs/dist/esm/internal/Subject.js:27:21)
Chrome Headless 140.0.0.0 (Mac OS 10.15.7): Executed 676 of 985[31m (100 FAILED)[39m (skipped 2) (0 secs / 1 min 17.547 secs)
[1A[2KChrome Headless 140.0.0.0 (Mac OS 10.15.7): Executed 677 of 985[31m (100 FAILED)[39m (skipped 2) (0 secs / 1 min 20.054 secs)
[1A[2KChrome Headless 140.0.0.0 (Mac OS 10.15.7): Executed 678 of 985[31m (100 FAILED)[39m (skipped 2) (0 secs / 1 min 22.56 secs)
[1A[2KChrome Headless 140.0.0.0 (Mac OS 10.15.7): Executed 679 of 985[31m (100 FAILED)[39m (skipped 2) (0 secs / 1 min 25.066 secs)
[1A[2K[31mChrome Headless 140.0.0.0 (Mac OS 10.15.7) DataService Client Management should delete client FAILED[39m
	Uncaught Error: Client not found thrown
	Error: Timeout - Async function did not complete within 5000ms (set by jasmine.DEFAULT_TIMEOUT_INTERVAL)
	    at <Jasmine>
Chrome Headless 140.0.0.0 (Mac OS 10.15.7): Executed 680 of 985[31m (101 FAILED)[39m (skipped 2) (0 secs / 1 min 30.07 secs)
[1A[2KChrome Headless 140.0.0.0 (Mac OS 10.15.7): Executed 681 of 985[31m (101 FAILED)[39m (skipped 2) (0 secs / 1 min 30.574 secs)
[1A[2KChrome Headless 140.0.0.0 (Mac OS 10.15.7): Executed 682 of 985[31m (101 FAILED)[39m (skipped 2) (0 secs / 1 min 31.382 secs)
[1A[2KChrome Headless 140.0.0.0 (Mac OS 10.15.7): Executed 683 of 985[31m (101 FAILED)[39m (skipped 2) (0 secs / 1 min 31.685 secs)
[1A[2KChrome Headless 140.0.0.0 (Mac OS 10.15.7): Executed 684 of 985[31m (101 FAILED)[39m (skipped 2) (0 secs / 1 min 32.689 secs)
[1A[2K[31mChrome Headless 140.0.0.0 (Mac OS 10.15.7) DataService Client Management should update existing client FAILED[39m
	Uncaught Error: Client not found thrown
	Error: Timeout - Async function did not complete within 5000ms (set by jasmine.DEFAULT_TIMEOUT_INTERVAL)
	    at <Jasmine>
Chrome Headless 140.0.0.0 (Mac OS 10.15.7): Executed 685 of 985[31m (102 FAILED)[39m (skipped 2) (0 secs / 1 min 37.694 secs)
[1A[2KChrome Headless 140.0.0.0 (Mac OS 10.15.7): Executed 686 of 985[31m (102 FAILED)[39m (skipped 2) (0 secs / 1 min 39 secs)
[1A[2KChrome Headless 140.0.0.0 (Mac OS 10.15.7): Executed 687 of 985[31m (102 FAILED)[39m (skipped 2) (0 secs / 1 min 39.002 secs)
[1A[2KChrome Headless 140.0.0.0 (Mac OS 10.15.7): Executed 688 of 985[31m (102 FAILED)[39m (skipped 2) (0 secs / 1 min 39.003 secs)
[1A[2KChrome Headless 140.0.0.0 (Mac OS 10.15.7): Executed 689 of 985[31m (102 FAILED)[39m (skipped 2) (0 secs / 1 min 39.004 secs)
[1A[2K[31mChrome Headless 140.0.0.0 (Mac OS 10.15.7) DataService Private Helper Methods should apply filters correctly FAILED[39m
	Expected 3 to be 2.
	    at <Jasmine>
	    at UserContext.apply (src/app/services/data.service.spec.ts:422:31)
	    at _ZoneDelegate.invoke (node_modules/zone.js/fesm2015/zone.js:369:28)
	    at ProxyZoneSpec.onInvoke (node_modules/zone.js/fesm2015/zone-testing.js:2081:39)
	    at _ZoneDelegate.invoke (node_modules/zone.js/fesm2015/zone.js:368:34)
	Expected false to be true.
	    at <Jasmine>
	    at UserContext.apply (src/app/services/data.service.spec.ts:423:64)
	    at _ZoneDelegate.invoke (node_modules/zone.js/fesm2015/zone.js:369:28)
	    at ProxyZoneSpec.onInvoke (node_modules/zone.js/fesm2015/zone-testing.js:2081:39)
	    at _ZoneDelegate.invoke (node_modules/zone.js/fesm2015/zone.js:368:34)
Chrome Headless 140.0.0.0 (Mac OS 10.15.7): Executed 690 of 985[31m (103 FAILED)[39m (skipped 2) (0 secs / 1 min 39.007 secs)
[1A[2KChrome Headless 140.0.0.0 (Mac OS 10.15.7): Executed 691 of 985[31m (103 FAILED)[39m (skipped 2) (0 secs / 1 min 39.008 secs)
[1A[2KChrome Headless 140.0.0.0 (Mac OS 10.15.7): Executed 692 of 985[31m (103 FAILED)[39m (skipped 2) (0 secs / 1 min 39.008 secs)
[1A[2KChrome Headless 140.0.0.0 (Mac OS 10.15.7): Executed 693 of 985[31m (103 FAILED)[39m (skipped 2) (0 secs / 1 min 40.51 secs)
[1A[2KChrome Headless 140.0.0.0 (Mac OS 10.15.7): Executed 694 of 985[31m (103 FAILED)[39m (skipped 2) (0 secs / 1 min 41.514 secs)
[1A[2KChrome Headless 140.0.0.0 (Mac OS 10.15.7): Executed 695 of 985[31m (103 FAILED)[39m (skipped 2) (0 secs / 1 min 42.819 secs)
[1A[2KChrome Headless 140.0.0.0 (Mac OS 10.15.7): Executed 696 of 985[31m (103 FAILED)[39m (skipped 2) (0 secs / 1 min 44.823 secs)
[1A[2KChrome Headless 140.0.0.0 (Mac OS 10.15.7): Executed 697 of 985[31m (103 FAILED)[39m (skipped 2) (0 secs / 1 min 46.829 secs)
[1A[2KChrome Headless 140.0.0.0 (Mac OS 10.15.7): Executed 698 of 985[31m (103 FAILED)[39m (skipped 2) (0 secs / 1 min 48.842 secs)
[1A[2KChrome Headless 140.0.0.0 (Mac OS 10.15.7): Executed 699 of 985[31m (103 FAILED)[39m (skipped 2) (0 secs / 1 min 50.848 secs)
[1A[2KChrome Headless 140.0.0.0 (Mac OS 10.15.7): Executed 700 of 985[31m (103 FAILED)[39m (skipped 2) (0 secs / 1 min 52.853 secs)
[1A[2KChrome Headless 140.0.0.0 (Mac OS 10.15.7): Executed 701 of 985[31m (103 FAILED)[39m (skipped 2) (0 secs / 1 min 53.857 secs)
[1A[2KChrome Headless 140.0.0.0 (Mac OS 10.15.7): Executed 702 of 985[31m (103 FAILED)[39m (skipped 2) (0 secs / 1 min 53.858 secs)
[1A[2K[31mChrome Headless 140.0.0.0 (Mac OS 10.15.7) StorageService Utility Methods should get storage statistics FAILED[39m
	ReferenceError: global is not defined
	    at UserContext.<anonymous> (src/app/services/storage.service.spec.ts:41:6)
	    at Generator.next (<anonymous>)
	    at asyncGeneratorStep (node_modules/@angular-devkit/build-angular/node_modules/@babel/runtime/helpers/esm/asyncToGenerator.js:3:1)
	    at _next (node_modules/@angular-devkit/build-angular/node_modules/@babel/runtime/helpers/esm/asyncToGenerator.js:17:1)
	    at executor (node_modules/@angular-devkit/build-angular/node_modules/@babel/runtime/helpers/esm/asyncToGenerator.js:22:1)
	    at new ZoneAwarePromise (node_modules/zone.js/fesm2015/zone.js:2702:25)
	    at UserContext.apply (node_modules/@angular-devkit/build-angular/node_modules/@babel/runtime/helpers/esm/asyncToGenerator.js:14:1)
	    at _ZoneDelegate.invoke (node_modules/zone.js/fesm2015/zone.js:369:28)
	    at ProxyZoneSpec.onInvoke (node_modules/zone.js/fesm2015/zone-testing.js:2081:39)
	    at _ZoneDelegate.invoke (node_modules/zone.js/fesm2015/zone.js:368:34)
Chrome Headless 140.0.0.0 (Mac OS 10.15.7): Executed 703 of 985[31m (104 FAILED)[39m (skipped 2) (0 secs / 1 min 53.86 secs)
[1A[2K[31mChrome Headless 140.0.0.0 (Mac OS 10.15.7) StorageService Utility Methods should clear cache FAILED[39m
	ReferenceError: global is not defined
	    at UserContext.<anonymous> (src/app/services/storage.service.spec.ts:41:6)
	    at Generator.next (<anonymous>)
	    at asyncGeneratorStep (node_modules/@angular-devkit/build-angular/node_modules/@babel/runtime/helpers/esm/asyncToGenerator.js:3:1)
	    at _next (node_modules/@angular-devkit/build-angular/node_modules/@babel/runtime/helpers/esm/asyncToGenerator.js:17:1)
	    at executor (node_modules/@angular-devkit/build-angular/node_modules/@babel/runtime/helpers/esm/asyncToGenerator.js:22:1)
	    at new ZoneAwarePromise (node_modules/zone.js/fesm2015/zone.js:2702:25)
	    at UserContext.apply (node_modules/@angular-devkit/build-angular/node_modules/@babel/runtime/helpers/esm/asyncToGenerator.js:14:1)
	    at _ZoneDelegate.invoke (node_modules/zone.js/fesm2015/zone.js:369:28)
	    at ProxyZoneSpec.onInvoke (node_modules/zone.js/fesm2015/zone-testing.js:2081:39)
	    at _ZoneDelegate.invoke (node_modules/zone.js/fesm2015/zone.js:368:34)
Chrome Headless 140.0.0.0 (Mac OS 10.15.7): Executed 704 of 985[31m (105 FAILED)[39m (skipped 2) (0 secs / 1 min 53.86 secs)
[1A[2K[31mChrome Headless 140.0.0.0 (Mac OS 10.15.7) StorageService Client Data Management should handle client data errors FAILED[39m
	ReferenceError: global is not defined
	    at UserContext.<anonymous> (src/app/services/storage.service.spec.ts:41:6)
	    at Generator.next (<anonymous>)
	    at asyncGeneratorStep (node_modules/@angular-devkit/build-angular/node_modules/@babel/runtime/helpers/esm/asyncToGenerator.js:3:1)
	    at _next (node_modules/@angular-devkit/build-angular/node_modules/@babel/runtime/helpers/esm/asyncToGenerator.js:17:1)
	    at executor (node_modules/@angular-devkit/build-angular/node_modules/@babel/runtime/helpers/esm/asyncToGenerator.js:22:1)
	    at new ZoneAwarePromise (node_modules/zone.js/fesm2015/zone.js:2702:25)
	    at UserContext.apply (node_modules/@angular-devkit/build-angular/node_modules/@babel/runtime/helpers/esm/asyncToGenerator.js:14:1)
	    at _ZoneDelegate.invoke (node_modules/zone.js/fesm2015/zone.js:369:28)
	    at ProxyZoneSpec.onInvoke (node_modules/zone.js/fesm2015/zone-testing.js:2081:39)
	    at _ZoneDelegate.invoke (node_modules/zone.js/fesm2015/zone.js:368:34)
Chrome Headless 140.0.0.0 (Mac OS 10.15.7): Executed 705 of 985[31m (106 FAILED)[39m (skipped 2) (0 secs / 1 min 53.861 secs)
[1A[2K[31mChrome Headless 140.0.0.0 (Mac OS 10.15.7) StorageService Client Data Management should return null for non-existent client FAILED[39m
	ReferenceError: global is not defined
	    at UserContext.<anonymous> (src/app/services/storage.service.spec.ts:41:6)
	    at Generator.next (<anonymous>)
	    at asyncGeneratorStep (node_modules/@angular-devkit/build-angular/node_modules/@babel/runtime/helpers/esm/asyncToGenerator.js:3:1)
	    at _next (node_modules/@angular-devkit/build-angular/node_modules/@babel/runtime/helpers/esm/asyncToGenerator.js:17:1)
	    at executor (node_modules/@angular-devkit/build-angular/node_modules/@babel/runtime/helpers/esm/asyncToGenerator.js:22:1)
	    at new ZoneAwarePromise (node_modules/zone.js/fesm2015/zone.js:2702:25)
	    at UserContext.apply (node_modules/@angular-devkit/build-angular/node_modules/@babel/runtime/helpers/esm/asyncToGenerator.js:14:1)
	    at _ZoneDelegate.invoke (node_modules/zone.js/fesm2015/zone.js:369:28)
	    at ProxyZoneSpec.onInvoke (node_modules/zone.js/fesm2015/zone-testing.js:2081:39)
	    at _ZoneDelegate.invoke (node_modules/zone.js/fesm2015/zone.js:368:34)
Chrome Headless 140.0.0.0 (Mac OS 10.15.7): Executed 706 of 985[31m (107 FAILED)[39m (skipped 2) (0 secs / 1 min 53.861 secs)
[1A[2K[31mChrome Headless 140.0.0.0 (Mac OS 10.15.7) StorageService Client Data Management should get clients by ecosystem FAILED[39m
	ReferenceError: global is not defined
	    at UserContext.<anonymous> (src/app/services/storage.service.spec.ts:41:6)
	    at Generator.next (<anonymous>)
	    at asyncGeneratorStep (node_modules/@angular-devkit/build-angular/node_modules/@babel/runtime/helpers/esm/asyncToGenerator.js:3:1)
	    at _next (node_modules/@angular-devkit/build-angular/node_modules/@babel/runtime/helpers/esm/asyncToGenerator.js:17:1)
	    at executor (node_modules/@angular-devkit/build-angular/node_modules/@babel/runtime/helpers/esm/asyncToGenerator.js:22:1)
	    at new ZoneAwarePromise (node_modules/zone.js/fesm2015/zone.js:2702:25)
	    at UserContext.apply (node_modules/@angular-devkit/build-angular/node_modules/@babel/runtime/helpers/esm/asyncToGenerator.js:14:1)
	    at _ZoneDelegate.invoke (node_modules/zone.js/fesm2015/zone.js:369:28)
	    at ProxyZoneSpec.onInvoke (node_modules/zone.js/fesm2015/zone-testing.js:2081:39)
	    at _ZoneDelegate.invoke (node_modules/zone.js/fesm2015/zone.js:368:34)
Chrome Headless 140.0.0.0 (Mac OS 10.15.7): Executed 707 of 985[31m (108 FAILED)[39m (skipped 2) (0 secs / 1 min 53.861 secs)
[1A[2K[31mChrome Headless 140.0.0.0 (Mac OS 10.15.7) StorageService Client Data Management should save client data successfully FAILED[39m
	ReferenceError: global is not defined
	    at UserContext.<anonymous> (src/app/services/storage.service.spec.ts:41:6)
	    at Generator.next (<anonymous>)
	    at asyncGeneratorStep (node_modules/@angular-devkit/build-angular/node_modules/@babel/runtime/helpers/esm/asyncToGenerator.js:3:1)
	    at _next (node_modules/@angular-devkit/build-angular/node_modules/@babel/runtime/helpers/esm/asyncToGenerator.js:17:1)
	    at executor (node_modules/@angular-devkit/build-angular/node_modules/@babel/runtime/helpers/esm/asyncToGenerator.js:22:1)
	    at new ZoneAwarePromise (node_modules/zone.js/fesm2015/zone.js:2702:25)
	    at UserContext.apply (node_modules/@angular-devkit/build-angular/node_modules/@babel/runtime/helpers/esm/asyncToGenerator.js:14:1)
	    at _ZoneDelegate.invoke (node_modules/zone.js/fesm2015/zone.js:369:28)
	    at ProxyZoneSpec.onInvoke (node_modules/zone.js/fesm2015/zone-testing.js:2081:39)
	    at _ZoneDelegate.invoke (node_modules/zone.js/fesm2015/zone.js:368:34)
Chrome Headless 140.0.0.0 (Mac OS 10.15.7): Executed 708 of 985[31m (109 FAILED)[39m (skipped 2) (0 secs / 1 min 53.862 secs)
[1A[2K[31mChrome Headless 140.0.0.0 (Mac OS 10.15.7) StorageService Client Data Management should get client data by ID FAILED[39m
	ReferenceError: global is not defined
	    at UserContext.<anonymous> (src/app/services/storage.service.spec.ts:41:6)
	    at Generator.next (<anonymous>)
	    at asyncGeneratorStep (node_modules/@angular-devkit/build-angular/node_modules/@babel/runtime/helpers/esm/asyncToGenerator.js:3:1)
	    at _next (node_modules/@angular-devkit/build-angular/node_modules/@babel/runtime/helpers/esm/asyncToGenerator.js:17:1)
	    at executor (node_modules/@angular-devkit/build-angular/node_modules/@babel/runtime/helpers/esm/asyncToGenerator.js:22:1)
	    at new ZoneAwarePromise (node_modules/zone.js/fesm2015/zone.js:2702:25)
	    at UserContext.apply (node_modules/@angular-devkit/build-angular/node_modules/@babel/runtime/helpers/esm/asyncToGenerator.js:14:1)
	    at _ZoneDelegate.invoke (node_modules/zone.js/fesm2015/zone.js:369:28)
	    at ProxyZoneSpec.onInvoke (node_modules/zone.js/fesm2015/zone-testing.js:2081:39)
	    at _ZoneDelegate.invoke (node_modules/zone.js/fesm2015/zone.js:368:34)
Chrome Headless 140.0.0.0 (Mac OS 10.15.7): Executed 709 of 985[31m (110 FAILED)[39m (skipped 2) (0 secs / 1 min 53.862 secs)
[1A[2K[31mChrome Headless 140.0.0.0 (Mac OS 10.15.7) StorageService Error Handling should handle transaction errors FAILED[39m
	ReferenceError: global is not defined
	    at UserContext.<anonymous> (src/app/services/storage.service.spec.ts:41:6)
	    at Generator.next (<anonymous>)
	    at asyncGeneratorStep (node_modules/@angular-devkit/build-angular/node_modules/@babel/runtime/helpers/esm/asyncToGenerator.js:3:1)
	    at _next (node_modules/@angular-devkit/build-angular/node_modules/@babel/runtime/helpers/esm/asyncToGenerator.js:17:1)
	    at executor (node_modules/@angular-devkit/build-angular/node_modules/@babel/runtime/helpers/esm/asyncToGenerator.js:22:1)
	    at new ZoneAwarePromise (node_modules/zone.js/fesm2015/zone.js:2702:25)
	    at UserContext.apply (node_modules/@angular-devkit/build-angular/node_modules/@babel/runtime/helpers/esm/asyncToGenerator.js:14:1)
	    at _ZoneDelegate.invoke (node_modules/zone.js/fesm2015/zone.js:369:28)
	    at ProxyZoneSpec.onInvoke (node_modules/zone.js/fesm2015/zone-testing.js:2081:39)
	    at _ZoneDelegate.invoke (node_modules/zone.js/fesm2015/zone.js:368:34)
Chrome Headless 140.0.0.0 (Mac OS 10.15.7): Executed 710 of 985[31m (111 FAILED)[39m (skipped 2) (0 secs / 1 min 53.862 secs)
[1A[2K[31mChrome Headless 140.0.0.0 (Mac OS 10.15.7) StorageService Error Handling should throw error when database not initialized FAILED[39m
	ReferenceError: global is not defined
	    at UserContext.<anonymous> (src/app/services/storage.service.spec.ts:41:6)
	    at Generator.next (<anonymous>)
	    at asyncGeneratorStep (node_modules/@angular-devkit/build-angular/node_modules/@babel/runtime/helpers/esm/asyncToGenerator.js:3:1)
	    at _next (node_modules/@angular-devkit/build-angular/node_modules/@babel/runtime/helpers/esm/asyncToGenerator.js:17:1)
	    at executor (node_modules/@angular-devkit/build-angular/node_modules/@babel/runtime/helpers/esm/asyncToGenerator.js:22:1)
	    at new ZoneAwarePromise (node_modules/zone.js/fesm2015/zone.js:2702:25)
	    at UserContext.apply (node_modules/@angular-devkit/build-angular/node_modules/@babel/runtime/helpers/esm/asyncToGenerator.js:14:1)
	    at _ZoneDelegate.invoke (node_modules/zone.js/fesm2015/zone.js:369:28)
	    at ProxyZoneSpec.onInvoke (node_modules/zone.js/fesm2015/zone-testing.js:2081:39)
	    at _ZoneDelegate.invoke (node_modules/zone.js/fesm2015/zone.js:368:34)
Chrome Headless 140.0.0.0 (Mac OS 10.15.7): Executed 711 of 985[31m (112 FAILED)[39m (skipped 2) (0 secs / 1 min 53.863 secs)
[1A[2K[31mChrome Headless 140.0.0.0 (Mac OS 10.15.7) StorageService Network Status Management should update online status when going offline FAILED[39m
	ReferenceError: global is not defined
	    at UserContext.<anonymous> (src/app/services/storage.service.spec.ts:41:6)
	    at Generator.next (<anonymous>)
	    at asyncGeneratorStep (node_modules/@angular-devkit/build-angular/node_modules/@babel/runtime/helpers/esm/asyncToGenerator.js:3:1)
	    at _next (node_modules/@angular-devkit/build-angular/node_modules/@babel/runtime/helpers/esm/asyncToGenerator.js:17:1)
	    at executor (node_modules/@angular-devkit/build-angular/node_modules/@babel/runtime/helpers/esm/asyncToGenerator.js:22:1)
	    at new ZoneAwarePromise (node_modules/zone.js/fesm2015/zone.js:2702:25)
	    at UserContext.apply (node_modules/@angular-devkit/build-angular/node_modules/@babel/runtime/helpers/esm/asyncToGenerator.js:14:1)
	    at _ZoneDelegate.invoke (node_modules/zone.js/fesm2015/zone.js:369:28)
	    at ProxyZoneSpec.onInvoke (node_modules/zone.js/fesm2015/zone-testing.js:2081:39)
	    at _ZoneDelegate.invoke (node_modules/zone.js/fesm2015/zone.js:368:34)
Chrome Headless 140.0.0.0 (Mac OS 10.15.7): Executed 712 of 985[31m (113 FAILED)[39m (skipped 2) (0 secs / 1 min 53.863 secs)
[1A[2K[31mChrome Headless 140.0.0.0 (Mac OS 10.15.7) StorageService Network Status Management should update online status when going online FAILED[39m
	ReferenceError: global is not defined
	    at UserContext.<anonymous> (src/app/services/storage.service.spec.ts:41:6)
	    at Generator.next (<anonymous>)
	    at asyncGeneratorStep (node_modules/@angular-devkit/build-angular/node_modules/@babel/runtime/helpers/esm/asyncToGenerator.js:3:1)
	    at _next (node_modules/@angular-devkit/build-angular/node_modules/@babel/runtime/helpers/esm/asyncToGenerator.js:17:1)
	    at executor (node_modules/@angular-devkit/build-angular/node_modules/@babel/runtime/helpers/esm/asyncToGenerator.js:22:1)
	    at new ZoneAwarePromise (node_modules/zone.js/fesm2015/zone.js:2702:25)
	    at UserContext.apply (node_modules/@angular-devkit/build-angular/node_modules/@babel/runtime/helpers/esm/asyncToGenerator.js:14:1)
	    at _ZoneDelegate.invoke (node_modules/zone.js/fesm2015/zone.js:369:28)
	    at ProxyZoneSpec.onInvoke (node_modules/zone.js/fesm2015/zone-testing.js:2081:39)
	    at _ZoneDelegate.invoke (node_modules/zone.js/fesm2015/zone.js:368:34)
Chrome Headless 140.0.0.0 (Mac OS 10.15.7): Executed 713 of 985[31m (114 FAILED)[39m (skipped 2) (0 secs / 1 min 53.864 secs)
[1A[2K[31mChrome Headless 140.0.0.0 (Mac OS 10.15.7) StorageService Quote Data Management should save quote data FAILED[39m
	ReferenceError: global is not defined
	    at UserContext.<anonymous> (src/app/services/storage.service.spec.ts:41:6)
	    at Generator.next (<anonymous>)
	    at asyncGeneratorStep (node_modules/@angular-devkit/build-angular/node_modules/@babel/runtime/helpers/esm/asyncToGenerator.js:3:1)
	    at _next (node_modules/@angular-devkit/build-angular/node_modules/@babel/runtime/helpers/esm/asyncToGenerator.js:17:1)
	    at executor (node_modules/@angular-devkit/build-angular/node_modules/@babel/runtime/helpers/esm/asyncToGenerator.js:22:1)
	    at new ZoneAwarePromise (node_modules/zone.js/fesm2015/zone.js:2702:25)
	    at UserContext.apply (node_modules/@angular-devkit/build-angular/node_modules/@babel/runtime/helpers/esm/asyncToGenerator.js:14:1)
	    at _ZoneDelegate.invoke (node_modules/zone.js/fesm2015/zone.js:369:28)
	    at ProxyZoneSpec.onInvoke (node_modules/zone.js/fesm2015/zone-testing.js:2081:39)
	    at _ZoneDelegate.invoke (node_modules/zone.js/fesm2015/zone.js:368:34)
Chrome Headless 140.0.0.0 (Mac OS 10.15.7): Executed 714 of 985[31m (115 FAILED)[39m (skipped 2) (0 secs / 1 min 53.864 secs)
[1A[2K[31mChrome Headless 140.0.0.0 (Mac OS 10.15.7) StorageService Quote Data Management should get quote by ID FAILED[39m
	ReferenceError: global is not defined
	    at UserContext.<anonymous> (src/app/services/storage.service.spec.ts:41:6)
	    at Generator.next (<anonymous>)
	    at asyncGeneratorStep (node_modules/@angular-devkit/build-angular/node_modules/@babel/runtime/helpers/esm/asyncToGenerator.js:3:1)
	    at _next (node_modules/@angular-devkit/build-angular/node_modules/@babel/runtime/helpers/esm/asyncToGenerator.js:17:1)
	    at executor (node_modules/@angular-devkit/build-angular/node_modules/@babel/runtime/helpers/esm/asyncToGenerator.js:22:1)
	    at new ZoneAwarePromise (node_modules/zone.js/fesm2015/zone.js:2702:25)
	    at UserContext.apply (node_modules/@angular-devkit/build-angular/node_modules/@babel/runtime/helpers/esm/asyncToGenerator.js:14:1)
	    at _ZoneDelegate.invoke (node_modules/zone.js/fesm2015/zone.js:369:28)
	    at ProxyZoneSpec.onInvoke (node_modules/zone.js/fesm2015/zone-testing.js:2081:39)
	    at _ZoneDelegate.invoke (node_modules/zone.js/fesm2015/zone.js:368:34)
Chrome Headless 140.0.0.0 (Mac OS 10.15.7): Executed 715 of 985[31m (116 FAILED)[39m (skipped 2) (0 secs / 1 min 53.864 secs)
[1A[2K[31mChrome Headless 140.0.0.0 (Mac OS 10.15.7) StorageService Quote Data Management should get quotes by client ID FAILED[39m
	ReferenceError: global is not defined
	    at UserContext.<anonymous> (src/app/services/storage.service.spec.ts:41:6)
	    at Generator.next (<anonymous>)
	    at asyncGeneratorStep (node_modules/@angular-devkit/build-angular/node_modules/@babel/runtime/helpers/esm/asyncToGenerator.js:3:1)
	    at _next (node_modules/@angular-devkit/build-angular/node_modules/@babel/runtime/helpers/esm/asyncToGenerator.js:17:1)
	    at executor (node_modules/@angular-devkit/build-angular/node_modules/@babel/runtime/helpers/esm/asyncToGenerator.js:22:1)
	    at new ZoneAwarePromise (node_modules/zone.js/fesm2015/zone.js:2702:25)
	    at UserContext.apply (node_modules/@angular-devkit/build-angular/node_modules/@babel/runtime/helpers/esm/asyncToGenerator.js:14:1)
	    at _ZoneDelegate.invoke (node_modules/zone.js/fesm2015/zone.js:369:28)
	    at ProxyZoneSpec.onInvoke (node_modules/zone.js/fesm2015/zone-testing.js:2081:39)
	    at _ZoneDelegate.invoke (node_modules/zone.js/fesm2015/zone.js:368:34)
Chrome Headless 140.0.0.0 (Mac OS 10.15.7): Executed 716 of 985[31m (117 FAILED)[39m (skipped 2) (0 secs / 1 min 53.864 secs)
[1A[2K[31mChrome Headless 140.0.0.0 (Mac OS 10.15.7) StorageService Service Initialization should initialize IndexedDB on construction FAILED[39m
	ReferenceError: global is not defined
	    at UserContext.<anonymous> (src/app/services/storage.service.spec.ts:41:6)
	    at Generator.next (<anonymous>)
	    at asyncGeneratorStep (node_modules/@angular-devkit/build-angular/node_modules/@babel/runtime/helpers/esm/asyncToGenerator.js:3:1)
	    at _next (node_modules/@angular-devkit/build-angular/node_modules/@babel/runtime/helpers/esm/asyncToGenerator.js:17:1)
	    at executor (node_modules/@angular-devkit/build-angular/node_modules/@babel/runtime/helpers/esm/asyncToGenerator.js:22:1)
	    at new ZoneAwarePromise (node_modules/zone.js/fesm2015/zone.js:2702:25)
	    at UserContext.apply (node_modules/@angular-devkit/build-angular/node_modules/@babel/runtime/helpers/esm/asyncToGenerator.js:14:1)
	    at _ZoneDelegate.invoke (node_modules/zone.js/fesm2015/zone.js:369:28)
	    at ProxyZoneSpec.onInvoke (node_modules/zone.js/fesm2015/zone-testing.js:2081:39)
	    at _ZoneDelegate.invoke (node_modules/zone.js/fesm2015/zone.js:368:34)
Chrome Headless 140.0.0.0 (Mac OS 10.15.7): Executed 717 of 985[31m (118 FAILED)[39m (skipped 2) (0 secs / 1 min 53.864 secs)
[1A[2K[31mChrome Headless 140.0.0.0 (Mac OS 10.15.7) StorageService Service Initialization should setup online/offline event listeners FAILED[39m
	ReferenceError: global is not defined
	    at UserContext.<anonymous> (src/app/services/storage.service.spec.ts:41:6)
	    at Generator.next (<anonymous>)
	    at asyncGeneratorStep (node_modules/@angular-devkit/build-angular/node_modules/@babel/runtime/helpers/esm/asyncToGenerator.js:3:1)
	    at _next (node_modules/@angular-devkit/build-angular/node_modules/@babel/runtime/helpers/esm/asyncToGenerator.js:17:1)
	    at executor (node_modules/@angular-devkit/build-angular/node_modules/@babel/runtime/helpers/esm/asyncToGenerator.js:22:1)
	    at new ZoneAwarePromise (node_modules/zone.js/fesm2015/zone.js:2702:25)
	    at UserContext.apply (node_modules/@angular-devkit/build-angular/node_modules/@babel/runtime/helpers/esm/asyncToGenerator.js:14:1)
	    at _ZoneDelegate.invoke (node_modules/zone.js/fesm2015/zone.js:369:28)
	    at ProxyZoneSpec.onInvoke (node_modules/zone.js/fesm2015/zone-testing.js:2081:39)
	    at _ZoneDelegate.invoke (node_modules/zone.js/fesm2015/zone.js:368:34)
Chrome Headless 140.0.0.0 (Mac OS 10.15.7): Executed 718 of 985[31m (119 FAILED)[39m (skipped 2) (0 secs / 1 min 53.864 secs)
[1A[2K[31mChrome Headless 140.0.0.0 (Mac OS 10.15.7) StorageService Service Initialization should provide online status observable FAILED[39m
	ReferenceError: global is not defined
	    at UserContext.<anonymous> (src/app/services/storage.service.spec.ts:41:6)
	    at Generator.next (<anonymous>)
	    at asyncGeneratorStep (node_modules/@angular-devkit/build-angular/node_modules/@babel/runtime/helpers/esm/asyncToGenerator.js:3:1)
	    at _next (node_modules/@angular-devkit/build-angular/node_modules/@babel/runtime/helpers/esm/asyncToGenerator.js:17:1)
	    at executor (node_modules/@angular-devkit/build-angular/node_modules/@babel/runtime/helpers/esm/asyncToGenerator.js:22:1)
	    at new ZoneAwarePromise (node_modules/zone.js/fesm2015/zone.js:2702:25)
	    at UserContext.apply (node_modules/@angular-devkit/build-angular/node_modules/@babel/runtime/helpers/esm/asyncToGenerator.js:14:1)
	    at _ZoneDelegate.invoke (node_modules/zone.js/fesm2015/zone.js:369:28)
	    at ProxyZoneSpec.onInvoke (node_modules/zone.js/fesm2015/zone-testing.js:2081:39)
	    at _ZoneDelegate.invoke (node_modules/zone.js/fesm2015/zone.js:368:34)
Chrome Headless 140.0.0.0 (Mac OS 10.15.7): Executed 719 of 985[31m (120 FAILED)[39m (skipped 2) (0 secs / 1 min 53.865 secs)
[1A[2K[31mChrome Headless 140.0.0.0 (Mac OS 10.15.7) StorageService Service Initialization should be created FAILED[39m
	ReferenceError: global is not defined
	    at UserContext.<anonymous> (src/app/services/storage.service.spec.ts:41:6)
	    at Generator.next (<anonymous>)
	    at asyncGeneratorStep (node_modules/@angular-devkit/build-angular/node_modules/@babel/runtime/helpers/esm/asyncToGenerator.js:3:1)
	    at _next (node_modules/@angular-devkit/build-angular/node_modules/@babel/runtime/helpers/esm/asyncToGenerator.js:17:1)
	    at executor (node_modules/@angular-devkit/build-angular/node_modules/@babel/runtime/helpers/esm/asyncToGenerator.js:22:1)
	    at new ZoneAwarePromise (node_modules/zone.js/fesm2015/zone.js:2702:25)
	    at UserContext.apply (node_modules/@angular-devkit/build-angular/node_modules/@babel/runtime/helpers/esm/asyncToGenerator.js:14:1)
	    at _ZoneDelegate.invoke (node_modules/zone.js/fesm2015/zone.js:369:28)
	    at ProxyZoneSpec.onInvoke (node_modules/zone.js/fesm2015/zone-testing.js:2081:39)
	    at _ZoneDelegate.invoke (node_modules/zone.js/fesm2015/zone.js:368:34)
Chrome Headless 140.0.0.0 (Mac OS 10.15.7): Executed 720 of 985[31m (121 FAILED)[39m (skipped 2) (0 secs / 1 min 53.865 secs)
[1A[2K[31mChrome Headless 140.0.0.0 (Mac OS 10.15.7) StorageService Form Cache Management should return null for expired form cache FAILED[39m
	ReferenceError: global is not defined
	    at UserContext.<anonymous> (src/app/services/storage.service.spec.ts:41:6)
	    at Generator.next (<anonymous>)
	    at asyncGeneratorStep (node_modules/@angular-devkit/build-angular/node_modules/@babel/runtime/helpers/esm/asyncToGenerator.js:3:1)
	    at _next (node_modules/@angular-devkit/build-angular/node_modules/@babel/runtime/helpers/esm/asyncToGenerator.js:17:1)
	    at executor (node_modules/@angular-devkit/build-angular/node_modules/@babel/runtime/helpers/esm/asyncToGenerator.js:22:1)
	    at new ZoneAwarePromise (node_modules/zone.js/fesm2015/zone.js:2702:25)
	    at UserContext.apply (node_modules/@angular-devkit/build-angular/node_modules/@babel/runtime/helpers/esm/asyncToGenerator.js:14:1)
	    at _ZoneDelegate.invoke (node_modules/zone.js/fesm2015/zone.js:369:28)
	    at ProxyZoneSpec.onInvoke (node_modules/zone.js/fesm2015/zone-testing.js:2081:39)
	    at _ZoneDelegate.invoke (node_modules/zone.js/fesm2015/zone.js:368:34)
Chrome Headless 140.0.0.0 (Mac OS 10.15.7): Executed 721 of 985[31m (122 FAILED)[39m (skipped 2) (0 secs / 1 min 53.865 secs)
[1A[2K[31mChrome Headless 140.0.0.0 (Mac OS 10.15.7) StorageService Form Cache Management should delete cached form data FAILED[39m
	ReferenceError: global is not defined
	    at UserContext.<anonymous> (src/app/services/storage.service.spec.ts:41:6)
	    at Generator.next (<anonymous>)
	    at asyncGeneratorStep (node_modules/@angular-devkit/build-angular/node_modules/@babel/runtime/helpers/esm/asyncToGenerator.js:3:1)
	    at _next (node_modules/@angular-devkit/build-angular/node_modules/@babel/runtime/helpers/esm/asyncToGenerator.js:17:1)
	    at executor (node_modules/@angular-devkit/build-angular/node_modules/@babel/runtime/helpers/esm/asyncToGenerator.js:22:1)
	    at new ZoneAwarePromise (node_modules/zone.js/fesm2015/zone.js:2702:25)
	    at UserContext.apply (node_modules/@angular-devkit/build-angular/node_modules/@babel/runtime/helpers/esm/asyncToGenerator.js:14:1)
	    at _ZoneDelegate.invoke (node_modules/zone.js/fesm2015/zone.js:369:28)
	    at ProxyZoneSpec.onInvoke (node_modules/zone.js/fesm2015/zone-testing.js:2081:39)
	    at _ZoneDelegate.invoke (node_modules/zone.js/fesm2015/zone.js:368:34)
Chrome Headless 140.0.0.0 (Mac OS 10.15.7): Executed 722 of 985[31m (123 FAILED)[39m (skipped 2) (0 secs / 1 min 53.865 secs)
[1A[2K[31mChrome Headless 140.0.0.0 (Mac OS 10.15.7) StorageService Form Cache Management should cache form data with TTL FAILED[39m
	ReferenceError: global is not defined
	    at UserContext.<anonymous> (src/app/services/storage.service.spec.ts:41:6)
	    at Generator.next (<anonymous>)
	    at asyncGeneratorStep (node_modules/@angular-devkit/build-angular/node_modules/@babel/runtime/helpers/esm/asyncToGenerator.js:3:1)
	    at _next (node_modules/@angular-devkit/build-angular/node_modules/@babel/runtime/helpers/esm/asyncToGenerator.js:17:1)
	    at executor (node_modules/@angular-devkit/build-angular/node_modules/@babel/runtime/helpers/esm/asyncToGenerator.js:22:1)
	    at new ZoneAwarePromise (node_modules/zone.js/fesm2015/zone.js:2702:25)
	    at UserContext.apply (node_modules/@angular-devkit/build-angular/node_modules/@babel/runtime/helpers/esm/asyncToGenerator.js:14:1)
	    at _ZoneDelegate.invoke (node_modules/zone.js/fesm2015/zone.js:369:28)
	    at ProxyZoneSpec.onInvoke (node_modules/zone.js/fesm2015/zone-testing.js:2081:39)
	    at _ZoneDelegate.invoke (node_modules/zone.js/fesm2015/zone.js:368:34)
Chrome Headless 140.0.0.0 (Mac OS 10.15.7): Executed 723 of 985[31m (124 FAILED)[39m (skipped 2) (0 secs / 1 min 53.865 secs)
[1A[2K[31mChrome Headless 140.0.0.0 (Mac OS 10.15.7) StorageService Form Cache Management should retrieve cached form data FAILED[39m
	ReferenceError: global is not defined
	    at UserContext.<anonymous> (src/app/services/storage.service.spec.ts:41:6)
	    at Generator.next (<anonymous>)
	    at asyncGeneratorStep (node_modules/@angular-devkit/build-angular/node_modules/@babel/runtime/helpers/esm/asyncToGenerator.js:3:1)
	    at _next (node_modules/@angular-devkit/build-angular/node_modules/@babel/runtime/helpers/esm/asyncToGenerator.js:17:1)
	    at executor (node_modules/@angular-devkit/build-angular/node_modules/@babel/runtime/helpers/esm/asyncToGenerator.js:22:1)
	    at new ZoneAwarePromise (node_modules/zone.js/fesm2015/zone.js:2702:25)
	    at UserContext.apply (node_modules/@angular-devkit/build-angular/node_modules/@babel/runtime/helpers/esm/asyncToGenerator.js:14:1)
	    at _ZoneDelegate.invoke (node_modules/zone.js/fesm2015/zone.js:369:28)
	    at ProxyZoneSpec.onInvoke (node_modules/zone.js/fesm2015/zone-testing.js:2081:39)
	    at _ZoneDelegate.invoke (node_modules/zone.js/fesm2015/zone.js:368:34)
Chrome Headless 140.0.0.0 (Mac OS 10.15.7): Executed 724 of 985[31m (125 FAILED)[39m (skipped 2) (0 secs / 1 min 53.865 secs)
[1A[2K[31mChrome Headless 140.0.0.0 (Mac OS 10.15.7) StorageService Offline Actions Queue should remove completed action FAILED[39m
	ReferenceError: global is not defined
	    at UserContext.<anonymous> (src/app/services/storage.service.spec.ts:41:6)
	    at Generator.next (<anonymous>)
	    at asyncGeneratorStep (node_modules/@angular-devkit/build-angular/node_modules/@babel/runtime/helpers/esm/asyncToGenerator.js:3:1)
	    at _next (node_modules/@angular-devkit/build-angular/node_modules/@babel/runtime/helpers/esm/asyncToGenerator.js:17:1)
	    at executor (node_modules/@angular-devkit/build-angular/node_modules/@babel/runtime/helpers/esm/asyncToGenerator.js:22:1)
	    at new ZoneAwarePromise (node_modules/zone.js/fesm2015/zone.js:2702:25)
	    at UserContext.apply (node_modules/@angular-devkit/build-angular/node_modules/@babel/runtime/helpers/esm/asyncToGenerator.js:14:1)
	    at _ZoneDelegate.invoke (node_modules/zone.js/fesm2015/zone.js:369:28)
	    at ProxyZoneSpec.onInvoke (node_modules/zone.js/fesm2015/zone-testing.js:2081:39)
	    at _ZoneDelegate.invoke (node_modules/zone.js/fesm2015/zone.js:368:34)
Chrome Headless 140.0.0.0 (Mac OS 10.15.7): Executed 725 of 985[31m (126 FAILED)[39m (skipped 2) (0 secs / 1 min 53.865 secs)
[1A[2K[31mChrome Headless 140.0.0.0 (Mac OS 10.15.7) StorageService Offline Actions Queue should queue offline action FAILED[39m
	ReferenceError: global is not defined
	    at UserContext.<anonymous> (src/app/services/storage.service.spec.ts:41:6)
	    at Generator.next (<anonymous>)
	    at asyncGeneratorStep (node_modules/@angular-devkit/build-angular/node_modules/@babel/runtime/helpers/esm/asyncToGenerator.js:3:1)
	    at _next (node_modules/@angular-devkit/build-angular/node_modules/@babel/runtime/helpers/esm/asyncToGenerator.js:17:1)
	    at executor (node_modules/@angular-devkit/build-angular/node_modules/@babel/runtime/helpers/esm/asyncToGenerator.js:22:1)
	    at new ZoneAwarePromise (node_modules/zone.js/fesm2015/zone.js:2702:25)
	    at UserContext.apply (node_modules/@angular-devkit/build-angular/node_modules/@babel/runtime/helpers/esm/asyncToGenerator.js:14:1)
	    at _ZoneDelegate.invoke (node_modules/zone.js/fesm2015/zone.js:369:28)
	    at ProxyZoneSpec.onInvoke (node_modules/zone.js/fesm2015/zone-testing.js:2081:39)
	    at _ZoneDelegate.invoke (node_modules/zone.js/fesm2015/zone.js:368:34)
Chrome Headless 140.0.0.0 (Mac OS 10.15.7): Executed 726 of 985[31m (127 FAILED)[39m (skipped 2) (0 secs / 1 min 53.866 secs)
[1A[2K[31mChrome Headless 140.0.0.0 (Mac OS 10.15.7) StorageService Offline Actions Queue should get pending actions FAILED[39m
	ReferenceError: global is not defined
	    at UserContext.<anonymous> (src/app/services/storage.service.spec.ts:41:6)
	    at Generator.next (<anonymous>)
	    at asyncGeneratorStep (node_modules/@angular-devkit/build-angular/node_modules/@babel/runtime/helpers/esm/asyncToGenerator.js:3:1)
	    at _next (node_modules/@angular-devkit/build-angular/node_modules/@babel/runtime/helpers/esm/asyncToGenerator.js:17:1)
	    at executor (node_modules/@angular-devkit/build-angular/node_modules/@babel/runtime/helpers/esm/asyncToGenerator.js:22:1)
	    at new ZoneAwarePromise (node_modules/zone.js/fesm2015/zone.js:2702:25)
	    at UserContext.apply (node_modules/@angular-devkit/build-angular/node_modules/@babel/runtime/helpers/esm/asyncToGenerator.js:14:1)
	    at _ZoneDelegate.invoke (node_modules/zone.js/fesm2015/zone.js:369:28)
	    at ProxyZoneSpec.onInvoke (node_modules/zone.js/fesm2015/zone-testing.js:2081:39)
	    at _ZoneDelegate.invoke (node_modules/zone.js/fesm2015/zone.js:368:34)
Chrome Headless 140.0.0.0 (Mac OS 10.15.7): Executed 727 of 985[31m (128 FAILED)[39m (skipped 2) (0 secs / 1 min 53.866 secs)
[1A[2K[31mChrome Headless 140.0.0.0 (Mac OS 10.15.7) StorageService Database Schema Creation should create all required object stores on upgrade FAILED[39m
	ReferenceError: global is not defined
	    at UserContext.<anonymous> (src/app/services/storage.service.spec.ts:41:6)
	    at Generator.next (<anonymous>)
	    at asyncGeneratorStep (node_modules/@angular-devkit/build-angular/node_modules/@babel/runtime/helpers/esm/asyncToGenerator.js:3:1)
	    at _next (node_modules/@angular-devkit/build-angular/node_modules/@babel/runtime/helpers/esm/asyncToGenerator.js:17:1)
	    at executor (node_modules/@angular-devkit/build-angular/node_modules/@babel/runtime/helpers/esm/asyncToGenerator.js:22:1)
	    at new ZoneAwarePromise (node_modules/zone.js/fesm2015/zone.js:2702:25)
	    at UserContext.apply (node_modules/@angular-devkit/build-angular/node_modules/@babel/runtime/helpers/esm/asyncToGenerator.js:14:1)
	    at _ZoneDelegate.invoke (node_modules/zone.js/fesm2015/zone.js:369:28)
	    at ProxyZoneSpec.onInvoke (node_modules/zone.js/fesm2015/zone-testing.js:2081:39)
	    at _ZoneDelegate.invoke (node_modules/zone.js/fesm2015/zone.js:368:34)
Chrome Headless 140.0.0.0 (Mac OS 10.15.7): Executed 728 of 985[31m (129 FAILED)[39m (skipped 2) (0 secs / 1 min 53.867 secs)
[1A[2K[31mChrome Headless 140.0.0.0 (Mac OS 10.15.7) StorageService Database Schema Creation should handle database initialization errors FAILED[39m
	ReferenceError: global is not defined
	    at UserContext.<anonymous> (src/app/services/storage.service.spec.ts:41:6)
	    at Generator.next (<anonymous>)
	    at asyncGeneratorStep (node_modules/@angular-devkit/build-angular/node_modules/@babel/runtime/helpers/esm/asyncToGenerator.js:3:1)
	    at _next (node_modules/@angular-devkit/build-angular/node_modules/@babel/runtime/helpers/esm/asyncToGenerator.js:17:1)
	    at executor (node_modules/@angular-devkit/build-angular/node_modules/@babel/runtime/helpers/esm/asyncToGenerator.js:22:1)
	    at new ZoneAwarePromise (node_modules/zone.js/fesm2015/zone.js:2702:25)
	    at UserContext.apply (node_modules/@angular-devkit/build-angular/node_modules/@babel/runtime/helpers/esm/asyncToGenerator.js:14:1)
	    at _ZoneDelegate.invoke (node_modules/zone.js/fesm2015/zone.js:369:28)
	    at ProxyZoneSpec.onInvoke (node_modules/zone.js/fesm2015/zone-testing.js:2081:39)
	    at _ZoneDelegate.invoke (node_modules/zone.js/fesm2015/zone.js:368:34)
Chrome Headless 140.0.0.0 (Mac OS 10.15.7): Executed 729 of 985[31m (130 FAILED)[39m (skipped 2) (0 secs / 1 min 53.867 secs)
[1A[2KChrome Headless 140.0.0.0 (Mac OS 10.15.7): Executed 730 of 985[31m (130 FAILED)[39m (skipped 2) (0 secs / 1 min 53.872 secs)
[1A[2KChrome Headless 140.0.0.0 (Mac OS 10.15.7): Executed 731 of 985[31m (130 FAILED)[39m (skipped 2) (0 secs / 1 min 53.875 secs)
[1A[2KLOG: [36m'Loading client view data'[39m
Chrome Headless 140.0.0.0 (Mac OS 10.15.7): Executed 731 of 985[31m (130 FAILED)[39m (skipped 2) (0 secs / 1 min 53.875 secs)
LOG: 'Loading client view data'
[1A[2KChrome Headless 140.0.0.0 (Mac OS 10.15.7): Executed 732 of 985[31m (130 FAILED)[39m (skipped 2) (0 secs / 1 min 53.878 secs)
[1A[2KChrome Headless 140.0.0.0 (Mac OS 10.15.7): Executed 733 of 985[31m (130 FAILED)[39m (skipped 2) (0 secs / 1 min 53.881 secs)
[1A[2KChrome Headless 140.0.0.0 (Mac OS 10.15.7): Executed 734 of 985[31m (130 FAILED)[39m (skipped 2) (0 secs / 1 min 53.884 secs)
[1A[2KChrome Headless 140.0.0.0 (Mac OS 10.15.7): Executed 735 of 985[31m (130 FAILED)[39m (skipped 2) (0 secs / 1 min 53.887 secs)
[1A[2KChrome Headless 140.0.0.0 (Mac OS 10.15.7): Executed 736 of 985[31m (130 FAILED)[39m (skipped 2) (0 secs / 1 min 53.891 secs)
[1A[2KChrome Headless 140.0.0.0 (Mac OS 10.15.7): Executed 737 of 985[31m (130 FAILED)[39m (skipped 2) (0 secs / 1 min 53.894 secs)
[1A[2KChrome Headless 140.0.0.0 (Mac OS 10.15.7): Executed 738 of 985[31m (130 FAILED)[39m (skipped 2) (0 secs / 1 min 53.898 secs)
[1A[2KChrome Headless 140.0.0.0 (Mac OS 10.15.7): Executed 739 of 985[31m (130 FAILED)[39m (skipped 2) (0 secs / 1 min 53.911 secs)
[1A[2KChrome Headless 140.0.0.0 (Mac OS 10.15.7): Executed 740 of 985[31m (130 FAILED)[39m (skipped 2) (0 secs / 1 min 53.913 secs)
[1A[2KChrome Headless 140.0.0.0 (Mac OS 10.15.7): Executed 741 of 985[31m (130 FAILED)[39m (skipped 2) (0 secs / 1 min 53.917 secs)
[1A[2KChrome Headless 140.0.0.0 (Mac OS 10.15.7): Executed 742 of 985[31m (130 FAILED)[39m (skipped 2) (0 secs / 1 min 53.919 secs)
[1A[2KChrome Headless 140.0.0.0 (Mac OS 10.15.7): Executed 743 of 985[31m (130 FAILED)[39m (skipped 2) (0 secs / 1 min 53.923 secs)
[1A[2KChrome Headless 140.0.0.0 (Mac OS 10.15.7): Executed 744 of 985[31m (130 FAILED)[39m (skipped 2) (0 secs / 1 min 53.924 secs)
[1A[2KChrome Headless 140.0.0.0 (Mac OS 10.15.7): Executed 745 of 985[31m (130 FAILED)[39m (skipped 2) (0 secs / 1 min 53.924 secs)
[1A[2KChrome Headless 140.0.0.0 (Mac OS 10.15.7): Executed 746 of 985[31m (130 FAILED)[39m (skipped 2) (0 secs / 1 min 53.925 secs)
[1A[2KChrome Headless 140.0.0.0 (Mac OS 10.15.7): Executed 747 of 985[31m (130 FAILED)[39m (skipped 2) (0 secs / 1 min 53.925 secs)
[1A[2KChrome Headless 140.0.0.0 (Mac OS 10.15.7): Executed 748 of 985[31m (130 FAILED)[39m (skipped 2) (0 secs / 1 min 53.926 secs)
[1A[2K[31mChrome Headless 140.0.0.0 (Mac OS 10.15.7) ApiService Document Operations should upload document with mock data FAILED[39m
	Error: An asynchronous spec, beforeEach, or afterEach function called its 'done' callback more than once.
	(in spec: DataService Error Handling should clear errors)
	    at <Jasmine>
	    at Object.next (src/app/services/data.service.spec.ts:391:9)
	    at ConsumerObserver.next (node_modules/rxjs/dist/esm/internal/Subscriber.js:91:33)
	    at SafeSubscriber._next (node_modules/rxjs/dist/esm/internal/Subscriber.js:60:26)
	    at SafeSubscriber.next (node_modules/rxjs/dist/esm/internal/Subscriber.js:31:18)
	    at cb (node_modules/rxjs/dist/esm/internal/Subject.js:34:30)
	    at errorContext (node_modules/rxjs/dist/esm/internal/util/errorContext.js:19:9)
	    at BehaviorSubject.next (node_modules/rxjs/dist/esm/internal/Subject.js:27:21)
Chrome Headless 140.0.0.0 (Mac OS 10.15.7): Executed 749 of 985[31m (131 FAILED)[39m (skipped 2) (0 secs / 1 min 55.932 secs)
[1A[2KChrome Headless 140.0.0.0 (Mac OS 10.15.7): Executed 750 of 985[31m (131 FAILED)[39m (skipped 2) (0 secs / 1 min 55.934 secs)
[1A[2KChrome Headless 140.0.0.0 (Mac OS 10.15.7): Executed 751 of 985[31m (131 FAILED)[39m (skipped 2) (0 secs / 1 min 55.935 secs)
[1A[2KChrome Headless 140.0.0.0 (Mac OS 10.15.7): Executed 752 of 985[31m (131 FAILED)[39m (skipped 2) (0 secs / 1 min 55.936 secs)
[1A[2KChrome Headless 140.0.0.0 (Mac OS 10.15.7): Executed 753 of 985[31m (131 FAILED)[39m (skipped 2) (0 secs / 1 min 55.937 secs)
[1A[2KChrome Headless 140.0.0.0 (Mac OS 10.15.7): Executed 754 of 985[31m (131 FAILED)[39m (skipped 2) (0 secs / 1 min 55.938 secs)
[1A[2KChrome Headless 140.0.0.0 (Mac OS 10.15.7): Executed 755 of 985[31m (131 FAILED)[39m (skipped 2) (0 secs / 1 min 55.939 secs)
[1A[2KChrome Headless 140.0.0.0 (Mac OS 10.15.7): Executed 756 of 985[31m (131 FAILED)[39m (skipped 2) (0 secs / 1 min 55.94 secs)
[1A[2KChrome Headless 140.0.0.0 (Mac OS 10.15.7): Executed 757 of 985[31m (131 FAILED)[39m (skipped 2) (0 secs / 1 min 55.941 secs)
[1A[2KChrome Headless 140.0.0.0 (Mac OS 10.15.7): Executed 758 of 985[31m (131 FAILED)[39m (skipped 2) (0 secs / 1 min 55.942 secs)
[1A[2KChrome Headless 140.0.0.0 (Mac OS 10.15.7): Executed 759 of 985[31m (131 FAILED)[39m (skipped 2) (0 secs / 1 min 55.943 secs)
[1A[2KChrome Headless 140.0.0.0 (Mac OS 10.15.7): Executed 760 of 985[31m (131 FAILED)[39m (skipped 2) (0 secs / 1 min 55.944 secs)
[1A[2KChrome Headless 140.0.0.0 (Mac OS 10.15.7): Executed 761 of 985[31m (131 FAILED)[39m (skipped 2) (0 secs / 1 min 55.948 secs)
[1A[2KChrome Headless 140.0.0.0 (Mac OS 10.15.7): Executed 762 of 985[31m (131 FAILED)[39m (skipped 2) (0 secs / 1 min 55.949 secs)
[1A[2KChrome Headless 140.0.0.0 (Mac OS 10.15.7): Executed 763 of 985[31m (131 FAILED)[39m (skipped 2) (0 secs / 1 min 55.95 secs)
[1A[2KChrome Headless 140.0.0.0 (Mac OS 10.15.7): Executed 764 of 985[31m (131 FAILED)[39m (skipped 2) (0 secs / 1 min 55.953 secs)
[1A[2KChrome Headless 140.0.0.0 (Mac OS 10.15.7): Executed 765 of 985[31m (131 FAILED)[39m (skipped 2) (0 secs / 1 min 55.953 secs)
[1A[2KChrome Headless 140.0.0.0 (Mac OS 10.15.7): Executed 766 of 985[31m (131 FAILED)[39m (skipped 2) (0 secs / 1 min 55.953 secs)
[1A[2KChrome Headless 140.0.0.0 (Mac OS 10.15.7): Executed 767 of 985[31m (131 FAILED)[39m (skipped 2) (0 secs / 1 min 55.954 secs)
[1A[2KChrome Headless 140.0.0.0 (Mac OS 10.15.7): Executed 768 of 985[31m (131 FAILED)[39m (skipped 2) (0 secs / 1 min 55.955 secs)
[1A[2KChrome Headless 140.0.0.0 (Mac OS 10.15.7): Executed 769 of 985[31m (131 FAILED)[39m (skipped 2) (0 secs / 1 min 55.955 secs)
[1A[2KChrome Headless 140.0.0.0 (Mac OS 10.15.7): Executed 770 of 985[31m (131 FAILED)[39m (skipped 2) (0 secs / 1 min 55.956 secs)
[1A[2KChrome Headless 140.0.0.0 (Mac OS 10.15.7): Executed 771 of 985[31m (131 FAILED)[39m (skipped 2) (0 secs / 1 min 55.957 secs)
[1A[2KChrome Headless 140.0.0.0 (Mac OS 10.15.7): Executed 772 of 985[31m (131 FAILED)[39m (skipped 2) (0 secs / 1 min 55.957 secs)
[1A[2KChrome Headless 140.0.0.0 (Mac OS 10.15.7): Executed 773 of 985[31m (131 FAILED)[39m (skipped 2) (0 secs / 1 min 55.957 secs)
[1A[2KChrome Headless 140.0.0.0 (Mac OS 10.15.7): Executed 774 of 985[31m (131 FAILED)[39m (skipped 2) (0 secs / 1 min 55.958 secs)
[1A[2KChrome Headless 140.0.0.0 (Mac OS 10.15.7): Executed 775 of 985[31m (131 FAILED)[39m (skipped 2) (0 secs / 1 min 55.959 secs)
[1A[2KChrome Headless 140.0.0.0 (Mac OS 10.15.7): Executed 776 of 985[31m (131 FAILED)[39m (skipped 2) (0 secs / 1 min 55.96 secs)
[1A[2KChrome Headless 140.0.0.0 (Mac OS 10.15.7): Executed 777 of 985[31m (131 FAILED)[39m (skipped 2) (0 secs / 1 min 55.961 secs)
[1A[2KChrome Headless 140.0.0.0 (Mac OS 10.15.7): Executed 778 of 985[31m (131 FAILED)[39m (skipped 2) (0 secs / 1 min 55.961 secs)
[1A[2KChrome Headless 140.0.0.0 (Mac OS 10.15.7): Executed 779 of 985[31m (131 FAILED)[39m (skipped 2) (0 secs / 1 min 55.962 secs)
[1A[2KChrome Headless 140.0.0.0 (Mac OS 10.15.7): Executed 780 of 985[31m (131 FAILED)[39m (skipped 2) (0 secs / 1 min 55.963 secs)
[1A[2K[31mChrome Headless 140.0.0.0 (Mac OS 10.15.7) ClienteFormComponent Integration Tests should render form with all required fields FAILED[39m
	TestingLibraryElementError: Unable to find an accessible element with the role "button" and name `/guardar/i`
	
	Here are the accessible roles:
	
	  link:
	
	  Name "":
	  <a
	    class="jasmine-title"
	    href="http://jasmine.github.io/"
	    target="_blank"
	  />
	
	  --------------------------------------------------
	  list:
	
	  Name "":
	  <ul
	    class="jasmine-symbol-summary"
	  />
	
	  --------------------------------------------------
	  listitem:
	
	  Name "LoadingService Service Initialization should return false for initial isLoading state":
	  <li
	    class="jasmine-passed"
	    id="spec_spec478"
	    title="LoadingService Service Initialization should return false for initial isLoading state"
	  />
	
	  Name "LoadingService Service Initialization should initialize with loading false":
	  <li
	    class="jasmine-passed"
	    id="spec_spec477"
	    title="LoadingService Service Initialization should initialize with loading false"
	  />
	
	  Name "LoadingService Service Initialization should be created":
	  <li
	    class="jasmine-passed"
	    id="spec_spec476"
	    title="LoadingService Service Initialization should be created"
	  />
	
	  Name "LoadingService Basic Loading Control should show loading":
	  <li
	    class="jasmine-passed"
	    id="spec_spec479"
	    title="LoadingService Basic Loading Control should show loading"
	  />
	
	  Name "LoadingService Basic Loading Control should not hide loading when already hidden":
	  <li
	    class="jasmine-passed"
	    id="spec_spec482"
	    title="LoadingService Basic Loading Control should not hide loading when already hidden"
	  />
	
	  Name "LoadingService Basic Loading Control should not show loading multiple times without identifiers":
	  <li
	    class="jasmine-passed"
	    id="spec_spec481"
	    title="LoadingService Basic Loading Control should not show loading multiple times without identifiers"
	  />
	
	  Name "LoadingService Basic Loading Control should hide loading":
	  <li
	    class="jasmine-passed"
	    id="spec_spec480"
	    title="LoadingService Basic Loading Control should hide loading"
	  />
	
	  Name "LoadingService Identifier-based Loading Control should handle hiding identifier multiple times":
	  <li
	    class="jasmine-passed"
	    id="spec_spec488"
	    title="LoadingService Identifier-based Loading Control should handle hiding identifier multiple times"
	  />
	
	  Name "LoadingService Identifier-based Loading Control should handle hiding non-existent identifier":
	  <li
	    class="jasmine-passed"
	    id="spec_spec487"
	    title="LoadingService Identifier-based Loading Control should handle hiding non-existent identifier"
	  />
	
	  Name "LoadingService Identifier-based Loading Control should show loading with identifier":
	  <li
	    class="jasmine-passed"
	    id="spec_spec483"
	    title="LoadingService Identifier-based Loading Control should show loading with identifier"
	  />
	
	  Name "LoadingService Identifier-based Loading Control should not add duplicate identifiers":
	  <li
	    class="jasmine-passed"
	    id="spec_spec486"
	    title="LoadingService Identifier-based Loading Control should not add duplicate identifiers"
	  />
	
	  Name "LoadingService Identifier-based Loading Control should manage multiple identifiers":
	  <li
	    class="jasmine-passed"
	    id="spec_spec485"
	    title="LoadingService Identifier-based Loading Control should manage multiple identifiers"
	  />
	
	  Name "LoadingService Identifier-based Loading Control should hide loading with identifier":
	  <li
	    class="jasmine-passed"
	    id="spec_spec484"
	    title="LoadingService Identifier-based Loading Control should hide loading with identifier"
	  />
	
	  Name "LoadingService Observable Behavior should support multiple subscribers":
	  <li
	    class="jasmine-passed"
	    id="spec_spec503"
	    title="LoadingService Observable Behavior should support multiple subscribers"
	  />
	
	  Name "LoadingService Observable Behavior should emit loading state changes":
	  <li
	    class="jasmine-passed"
	    id="spec_spec501"
	    title="LoadingService Observable Behavior should emit loading state changes"
	  />
	
	  Name "LoadingService Observable Behavior should not emit duplicate states":
	  <li
	    class="jasmine-passed"
	    id="spec_spec502"
	    title="LoadingService Observable Behavior should not emit duplicate states"
	  />
	
	  Name "LoadingService SetLoading Alias Method should work without identifier":
	  <li
	    class="jasmine-passed"
	    id="spec_spec496"
	    title="LoadingService SetLoading Alias Method should work without identifier"
	  />
	
	  Name "LoadingService SetLoading Alias Method should hide loading when setLoading(false)":
	  <li
	    class="jasmine-passed"
	    id="spec_spec495"
	    title="LoadingService SetLoading Alias Method should hide loading when setLoading(false)"
	  />
	
	  Name "LoadingService SetLoading Alias Method should show loading when setLoading(true)":
	  <li
	    class="jasmine-passed"
	    id="spec_spec494"
	    title="LoadingService SetLoading Alias Method should show loading when setLoading(true)"
	  />
	
	  Name "LoadingService Edge Cases and Error Handling should handle mixed identifier and non-identifier operations":
	  <li
	    class="jasmine-passed"
	    id="spec_spec498"
	    title="LoadingService Edge Cases and Error Handling should handle mixed identifier and non-identifier operations"
	  />
	
	  Name "LoadingService Edge Cases and Error Handling should handle rapid show/hide calls":
	  <li
	    class="jasmine-passed"
	    id="spec_spec497"
	    title="LoadingService Edge Cases and Error Handling should handle rapid show/hide calls"
	  />
	
	  Name "LoadingService Edge Cases and Error Handling should maintain state consistency after force hide":
	  <li
	    class="jasmine-passed"
	    id="spec_spec500"
	    title="LoadingService Edge Cases and Error Handling should maintain state consistency after force hide"
	  />
	
	  Name "LoadingService Edge Cases and Error Handling should handle empty string identifier":
	  <li
	    class="jasmine-passed"
	    id="spec_spec499"
	    title="LoadingService Edge Cases and Error Handling should handle empty string identifier"
	  />
	
	  Name "LoadingService Force Hide Functionality should force hide loading even with active identifiers":
	  <li
	    class="jasmine-passed"
	    id="spec_spec489"
	    title="LoadingService Force Hide Functionality should force hide loading even with active identifiers"
	  />
	
	  Name "LoadingService Force Hide Functionality should clear all identifiers on force hide":
	  <li
	    class="jasmine-passed"
	    id="spec_spec490"
	    title="LoadingService Force Hide Functionality should clear all identifiers on force hide"
	  />
	
	  Name "LoadingService Duration-based Loading should show loading for duration with identifier":
	  <li
	    class="jasmine-passed"
	    id="spec_spec492"
	    title="LoadingService Duration-based Loading should show loading for duration with identifier"
	  />
	
	  Name "LoadingService Duration-based Loading should show loading for specific duration":
	  <li
	    class="jasmine-passed"
	    id="spec_spec491"
	    title="LoadingService Duration-based Loading should show loading for specific duration"
	  />
	
	  Name "LoadingService Duration-based Loading should handle multiple timed operations":
	  <li
	    class="jasmine-passed"
	    id="spec_spec493"
	    title="LoadingService Duration-based Loading should handle multiple timed operations"
	  />
	
	  Name "AuthService Login Functionality should fail login with invalid credentials":
	  <li
	    class="jasmine-passed"
	    id="spec_spec53"
	    title="AuthService Login Functionality should fail login with invalid credentials"
	  />
	
	  Name "AuthService Login Functionality should login with valid demo credentials":
	  <li
	    class="jasmine-passed"
	    id="spec_spec52"
	    title="AuthService Login Functionality should login with valid demo credentials"
	  />
	
	  Name "AuthService Login Functionality should store token in localStorage after successful login":
	  <li
	    class="jasmine-passed"
	    id="spec_spec56"
	    title="AuthService Login Functionality should store token in localStorage after successful login"
	  />
	
	  Name "AuthService Login Functionality should set user as authenticated after successful login":
	  <li
	    class="jasmine-passed"
	    id="spec_spec55"
	    title="AuthService Login Functionality should set user as authenticated after successful login"
	  />
	
	  Name "AuthService Login Functionality should fail login with non-corporate email":
	  <li
	    class="jasmine-passed"
	    id="spec_spec54"
	    title="AuthService Login Functionality should fail login with non-corporate email"
	  />
	
	  Name "AuthService Basic Service Setup should initialize as not authenticated":
	  <li
	    class="jasmine-passed"
	    id="spec_spec51"
	    title="AuthService Basic Service Setup should initialize as not authenticated"
	  />
	
	  Name "AuthService Basic Service Setup should be created":
	  <li
	    class="jasmine-passed"
	    id="spec_spec49"
	    title="AuthService Basic Service Setup should be created"
	  />
	
	  Name "AuthService Basic Service Setup should initialize with no authenticated user":
	  <li
	    class="jasmine-passed"
	    id="spec_spec50"
	    title="AuthService Basic Service Setup should initialize with no authenticated user"
	  />
	
	  Name "AuthService Logout Functionality should clear user data on logout":
	  <li
	    class="jasmine-passed"
	    id="spec_spec75"
	    title="AuthService Logout Functionality should clear user data on logout"
	  />
	
	  Name "AuthService Logout Functionality should clear authentication state on logout":
	  <li
	    class="jasmine-passed"
	    id="spec_spec74"
	    title="AuthService Logout Functionality should clear authentication state on logout"
	  />
	
	  Name "AuthService Logout Functionality should remove token from localStorage on logout":
	  <li
	    class="jasmine-passed"
	    id="spec_spec76"
	    title="AuthService Logout Functionality should remove token from localStorage on logout"
	  />
	
	  Name "AuthService Email Availability Check should return available for new email":
	  <li
	    class="jasmine-passed"
	    id="spec_spec71"
	    title="AuthService Email Availability Check should return available for new email"
	  />
	
	  Name "AuthService Email Availability Check should return not available for pending registration email":
	  <li
	    class="jasmine-passed"
	    id="spec_spec73"
	    title="AuthService Email Availability Check should return not available for pending registration email"
	  />
	
	  Name "AuthService Email Availability Check should return not available for existing email":
	  <li
	    class="jasmine-passed"
	    id="spec_spec72"
	    title="AuthService Email Availability Check should return not available for existing email"
	  />
	
	  Name "AuthService Email Verification should successfully verify email with valid token":
	  <li
	    class="jasmine-passed"
	    id="spec_spec68"
	    title="AuthService Email Verification should successfully verify email with valid token"
	  />
	
	  Name "AuthService Email Verification should fail verification with invalid token":
	  <li
	    class="jasmine-passed"
	    id="spec_spec69"
	    title="AuthService Email Verification should fail verification with invalid token"
	  />
	
	  Name "AuthService Email Verification should update registration status after verification":
	  <li
	    class="jasmine-passed"
	    id="spec_spec70"
	    title="AuthService Email Verification should update registration status after verification"
	  />
	
	  Name "AuthService Token Management should detect old token as expired":
	  <li
	    class="jasmine-passed"
	    id="spec_spec59"
	    title="AuthService Token Management should detect old token as expired"
	  />
	
	  Name "AuthService Token Management should detect valid token as not expired":
	  <li
	    class="jasmine-failed"
	    id="spec_spec58"
	    title="AuthService Token Management should detect valid token as not expired"
	  />
	
	  Name "AuthService Token Management should detect invalid token format as expired":
	  <li
	    class="jasmine-passed"
	    id="spec_spec60"
	    title="AuthService Token Management should detect invalid token format as expired"
	  />
	
	  Name "AuthService Token Management should retrieve stored token":
	  <li
	    class="jasmine-passed"
	    id="spec_spec57"
	    title="AuthService Token Management should retrieve stored token"
	  />
	
	  Name "AuthService Registration Functionality should fail registration without privacy acceptance":
	  <li
	    class="jasmine-passed"
	    id="spec_spec63"
	    title="AuthService Registration Functionality should fail registration without privacy acceptance"
	  />
	
	  Name "AuthService Registration Functionality should successfully register with valid data":
	  <li
	    class="jasmine-passed"
	    id="spec_spec61"
	    title="AuthService Registration Functionality should successfully register with valid data"
	  />
	
	  Name "AuthService Registration Functionality should fail registration without terms acceptance":
	  <li
	    class="jasmine-passed"
	    id="spec_spec62"
	    title="AuthService Registration Functionality should fail registration without terms acceptance"
	  />
	
	  Name "AuthService Registration Functionality should fail registration with non-corporate email":
	  <li
	    class="jasmine-passed"
	    id="spec_spec65"
	    title="AuthService Registration Functionality should fail registration with non-corporate email"
	  />
	
	  Name "AuthService Registration Functionality should fail registration with existing email":
	  <li
	    class="jasmine-passed"
	    id="spec_spec66"
	    title="AuthService Registration Functionality should fail registration with existing email"
	  />
	
	  Name "AuthService Registration Functionality should fail registration with mismatched passwords":
	  <li
	    class="jasmine-passed"
	    id="spec_spec64"
	    title="AuthService Registration Functionality should fail registration with mismatched passwords"
	  />
	
	  Name "AuthService Registration Functionality should store pending registration in localStorage":
	  <li
	    class="jasmine-passed"
	    id="spec_spec67"
	    title="AuthService Registration Functionality should store pending registration in localStorage"
	  />
	
	  Name "CreditScoringService Service Initialization should have SCORING_CONFIG defined":
	  <li
	    class="jasmine-failed"
	    id="spec_spec296"
	    title="CreditScoringService Service Initialization should have SCORING_CONFIG defined"
	  />
	
	  Name "CreditScoringService Service Initialization should initialize internal storage maps":
	  <li
	    class="jasmine-failed"
	    id="spec_spec297"
	    title="CreditScoringService Service Initialization should initialize internal storage maps"
	  />
	
	  Name "CreditScoringService Service Initialization should be created":
	  <li
	    class="jasmine-failed"
	    id="spec_spec295"
	    title="CreditScoringService Service Initialization should be created"
	  />
	
	  Name "CreditScoringService Scoring Recommendations should get VentaDirecta recommendations":
	  <li
	    class="jasmine-failed"
	    id="spec_spec308"
	    title="CreditScoringService Scoring Recommendations should get VentaDirecta recommendations"
	  />
	
	  Name "CreditScoringService Scoring Recommendations should get CreditoColectivo recommendations":
	  <li
	    class="jasmine-failed"
	    id="spec_spec311"
	    title="CreditScoringService Scoring Recommendations should get CreditoColectivo recommendations"
	  />
	
	  Name "CreditScoringService Scoring Recommendations should get AhorroProgramado recommendations":
	  <li
	    class="jasmine-failed"
	    id="spec_spec312"
	    title="CreditScoringService Scoring Recommendations should get AhorroProgramado recommendations"
	  />
	
	  Name "CreditScoringService Scoring Recommendations should get VentaPlazo recommendations for AGS":
	  <li
	    class="jasmine-failed"
	    id="spec_spec309"
	    title="CreditScoringService Scoring Recommendations should get VentaPlazo recommendations for AGS"
	  />
	
	  Name "CreditScoringService Scoring Recommendations should return default recommendations for unknown flow":
	  <li
	    class="jasmine-failed"
	    id="spec_spec313"
	    title="CreditScoringService Scoring Recommendations should return default recommendations for unknown flow"
	  />
	
	  Name "CreditScoringService Scoring Recommendations should get VentaPlazo recommendations for EdoMex":
	  <li
	    class="jasmine-failed"
	    id="spec_spec310"
	    title="CreditScoringService Scoring Recommendations should get VentaPlazo recommendations for EdoMex"
	  />
	
	  Name "CreditScoringService Scoring Validity Check should invalidate expired scoring":
	  <li
	    class="jasmine-failed"
	    id="spec_spec327"
	    title="CreditScoringService Scoring Validity Check should invalidate expired scoring"
	  />
	
	  Name "CreditScoringService Scoring Validity Check should validate non-expired scoring":
	  <li
	    class="jasmine-failed"
	    id="spec_spec326"
	    title="CreditScoringService Scoring Validity Check should validate non-expired scoring"
	  />
	
	  Name "CreditScoringService Scoring Validity Check should return false for non-existent scoring":
	  <li
	    class="jasmine-failed"
	    id="spec_spec328"
	    title="CreditScoringService Scoring Validity Check should return false for non-existent scoring"
	  />
	
	  Name "CreditScoringService Scoring Simulation should set expiration date correctly":
	  <li
	    class="jasmine-failed"
	    id="spec_spec321"
	    title="CreditScoringService Scoring Simulation should set expiration date correctly"
	  />
	
	  Name "CreditScoringService Scoring Simulation should simulate scoring with low score for risky client":
	  <li
	    class="jasmine-failed"
	    id="spec_spec315"
	    title="CreditScoringService Scoring Simulation should simulate scoring with low score for risky client"
	  />
	
	  Name "CreditScoringService Scoring Simulation should apply market bonus for Aguascalientes":
	  <li
	    class="jasmine-failed"
	    id="spec_spec316"
	    title="CreditScoringService Scoring Simulation should apply market bonus for Aguascalientes"
	  />
	
	  Name "CreditScoringService Scoring Simulation should set correct interest rates by market":
	  <li
	    class="jasmine-failed"
	    id="spec_spec318"
	    title="CreditScoringService Scoring Simulation should set correct interest rates by market"
	  />
	
	  Name "CreditScoringService Scoring Simulation should include reasons for rejection":
	  <li
	    class="jasmine-failed"
	    id="spec_spec320"
	    title="CreditScoringService Scoring Simulation should include reasons for rejection"
	  />
	
	  Name "CreditScoringService Scoring Simulation should apply business flow bonuses correctly":
	  <li
	    class="jasmine-failed"
	    id="spec_spec317"
	    title="CreditScoringService Scoring Simulation should apply business flow bonuses correctly"
	  />
	
	  Name "CreditScoringService Scoring Simulation should include conditions for conditional approval":
	  <li
	    class="jasmine-failed"
	    id="spec_spec319"
	    title="CreditScoringService Scoring Simulation should include conditions for conditional approval"
	  />
	
	  Name "CreditScoringService Scoring Simulation should simulate scoring with high score for good client":
	  <li
	    class="jasmine-failed"
	    id="spec_spec314"
	    title="CreditScoringService Scoring Simulation should simulate scoring with high score for good client"
	  />
	
	  Name "CreditScoringService Credit Scoring Process should get scoring status correctly":
	  <li
	    class="jasmine-failed"
	    id="spec_spec301"
	    title="CreditScoringService Credit Scoring Process should get scoring status correctly"
	  />
	
	  Name "CreditScoringService Credit Scoring Process should return null for non-existent scoring ID":
	  <li
	    class="jasmine-failed"
	    id="spec_spec300"
	    title="CreditScoringService Credit Scoring Process should return null for non-existent scoring ID"
	  />
	
	  Name "CreditScoringService Credit Scoring Process should return null for non-existent status ID":
	  <li
	    class="jasmine-failed"
	    id="spec_spec302"
	    title="CreditScoringService Credit Scoring Process should return null for non-existent status ID"
	  />
	
	  Name "CreditScoringService Credit Scoring Process should initiate credit scoring request":
	  <li
	    class="jasmine-failed"
	    id="spec_spec298"
	    title="CreditScoringService Credit Scoring Process should initiate credit scoring request"
	  />
	
	  Name "CreditScoringService Credit Scoring Process should store scoring result after processing":
	  <li
	    class="jasmine-failed"
	    id="spec_spec299"
	    title="CreditScoringService Credit Scoring Process should store scoring result after processing"
	  />
	
	  Name "CreditScoringService Risk Level Assignment should assign correct risk levels":
	  <li
	    class="jasmine-failed"
	    id="spec_spec330"
	    title="CreditScoringService Risk Level Assignment should assign correct risk levels"
	  />
	
	  Name "CreditScoringService Score Grading System should assign correct grades for score ranges":
	  <li
	    class="jasmine-failed"
	    id="spec_spec329"
	    title="CreditScoringService Score Grading System should assign correct grades for score ranges"
	  />
	
	  Name "CreditScoringService Scoring Prerequisites Validation should validate client is ready for scoring":
	  <li
	    class="jasmine-failed"
	    id="spec_spec303"
	    title="CreditScoringService Scoring Prerequisites Validation should validate client is ready for scoring"
	  />
	
	  Name "CreditScoringService Scoring Prerequisites Validation should identify multiple missing requirements":
	  <li
	    class="jasmine-failed"
	    id="spec_spec307"
	    title="CreditScoringService Scoring Prerequisites Validation should identify multiple missing requirements"
	  />
	
	  Name "CreditScoringService Scoring Prerequisites Validation should identify missing INE document":
	  <li
	    class="jasmine-failed"
	    id="spec_spec304"
	    title="CreditScoringService Scoring Prerequisites Validation should identify missing INE document"
	  />
	
	  Name "CreditScoringService Scoring Prerequisites Validation should identify missing KYC verification":
	  <li
	    class="jasmine-failed"
	    id="spec_spec306"
	    title="CreditScoringService Scoring Prerequisites Validation should identify missing KYC verification"
	  />
	
	  Name "CreditScoringService Scoring Prerequisites Validation should identify missing comprobante document":
	  <li
	    class="jasmine-failed"
	    id="spec_spec305"
	    title="CreditScoringService Scoring Prerequisites Validation should identify missing comprobante document"
	  />
	
	  Name "CreditScoringService Scoring Retry Functionality should fail retry for non-existent original scoring":
	  <li
	    class="jasmine-failed"
	    id="spec_spec323"
	    title="CreditScoringService Scoring Retry Functionality should fail retry for non-existent original scoring"
	  />
	
	  Name "CreditScoringService Scoring Retry Functionality should retry scoring with updated information":
	  <li
	    class="jasmine-failed"
	    id="spec_spec322"
	    title="CreditScoringService Scoring Retry Functionality should retry scoring with updated information"
	  />
	
	  Name "CreditScoringService Edge Cases and Error Handling should handle zero or negative income gracefully":
	  <li
	    class="jasmine-failed"
	    id="spec_spec333"
	    title="CreditScoringService Edge Cases and Error Handling should handle zero or negative income gracefully"
	  />
	
	  Name "CreditScoringService Edge Cases and Error Handling should handle maximum score bounds":
	  <li
	    class="jasmine-failed"
	    id="spec_spec332"
	    title="CreditScoringService Edge Cases and Error Handling should handle maximum score bounds"
	  />
	
	  Name "CreditScoringService Edge Cases and Error Handling should handle minimum score bounds":
	  <li
	    class="jasmine-failed"
	    id="spec_spec331"
	    title="CreditScoringService Edge Cases and Error Handling should handle minimum score bounds"
	  />
	
	  Name "CreditScoringService Client Scoring History should return empty array for client with no scorings":
	  <li
	    class="jasmine-failed"
	    id="spec_spec325"
	    title="CreditScoringService Client Scoring History should return empty array for client with no scorings"
	  />
	
	  Name "CreditScoringService Client Scoring History should get client scoring history":
	  <li
	    class="jasmine-failed"
	    id="spec_spec324"
	    title="CreditScoringService Client Scoring History should get client scoring history"
	  />
	
	  Name "Integration Smoke should pass basic integration smoke test":
	  <li
	    class="jasmine-passed"
	    id="spec_spec11"
	    title="Integration Smoke should pass basic integration smoke test"
	  />
	
	  Name "FinancialCalculatorService Scenario Policy Validation should handle step-down without reduction percentage":
	  <li
	    class="jasmine-passed"
	    id="spec_spec422"
	    title="FinancialCalculatorService Scenario Policy Validation should handle step-down without reduction percentage"
	  />
	
	  Name "FinancialCalculatorService Scenario Policy Validation should validate unknown scenario type":
	  <li
	    class="jasmine-passed"
	    id="spec_spec421"
	    title="FinancialCalculatorService Scenario Policy Validation should validate unknown scenario type"
	  />
	
	  Name "FinancialCalculatorService Scenario Policy Validation should validate defer scenario within limits":
	  <li
	    class="jasmine-passed"
	    id="spec_spec417"
	    title="FinancialCalculatorService Scenario Policy Validation should validate defer scenario within limits"
	  />
	
	  Name "FinancialCalculatorService Scenario Policy Validation should validate step-down scenario within limits":
	  <li
	    class="jasmine-passed"
	    id="spec_spec419"
	    title="FinancialCalculatorService Scenario Policy Validation should validate step-down scenario within limits"
	  />
	
	  Name "FinancialCalculatorService Scenario Policy Validation should reject step-down scenario exceeding reduction limit":
	  <li
	    class="jasmine-passed"
	    id="spec_spec420"
	    title="FinancialCalculatorService Scenario Policy Validation should reject step-down scenario exceeding reduction limit"
	  />
	
	  Name "FinancialCalculatorService Scenario Policy Validation should reject defer scenario exceeding limits":
	  <li
	    class="jasmine-passed"
	    id="spec_spec418"
	    title="FinancialCalculatorService Scenario Policy Validation should reject defer scenario exceeding limits"
	  />
	
	  Name "FinancialCalculatorService Interest Capitalization should capitalize interest for deferral period":
	  <li
	    class="jasmine-passed"
	    id="spec_spec414"
	    title="FinancialCalculatorService Interest Capitalization should capitalize interest for deferral period"
	  />
	
	  Name "FinancialCalculatorService Interest Capitalization should handle zero deferral months":
	  <li
	    class="jasmine-passed"
	    id="spec_spec415"
	    title="FinancialCalculatorService Interest Capitalization should handle zero deferral months"
	  />
	
	  Name "FinancialCalculatorService Interest Capitalization should handle zero interest rate":
	  <li
	    class="jasmine-passed"
	    id="spec_spec416"
	    title="FinancialCalculatorService Interest Capitalization should handle zero interest rate"
	  />
	
	  Name "FinancialCalculatorService Currency Formatting should format positive amounts in Mexican Pesos":
	  <li
	    class="jasmine-passed"
	    id="spec_spec431"
	    title="FinancialCalculatorService Currency Formatting should format positive amounts in Mexican Pesos"
	  />
	
	  Name "FinancialCalculatorService Currency Formatting should format negative amounts":
	  <li
	    class="jasmine-passed"
	    id="spec_spec432"
	    title="FinancialCalculatorService Currency Formatting should format negative amounts"
	  />
	
	  Name "FinancialCalculatorService Currency Formatting should format zero amount":
	  <li
	    class="jasmine-passed"
	    id="spec_spec433"
	    title="FinancialCalculatorService Currency Formatting should format zero amount"
	  />
	
	  Name "FinancialCalculatorService Currency Formatting should format large amounts with proper separators":
	  <li
	    class="jasmine-passed"
	    id="spec_spec434"
	    title="FinancialCalculatorService Currency Formatting should format large amounts with proper separators"
	  />
	
	  Name "FinancialCalculatorService Currency Formatting should format small amounts":
	  <li
	    class="jasmine-passed"
	    id="spec_spec435"
	    title="FinancialCalculatorService Currency Formatting should format small amounts"
	  />
	
	  Name "FinancialCalculatorService TIR Calculation (Newton-Raphson) should bound rate to reasonable values":
	  <li
	    class="jasmine-passed"
	    id="spec_spec410"
	    title="FinancialCalculatorService TIR Calculation (Newton-Raphson) should bound rate to reasonable values"
	  />
	
	  Name "FinancialCalculatorService TIR Calculation (Newton-Raphson) should handle zero cash flows":
	  <li
	    class="jasmine-passed"
	    id="spec_spec407"
	    title="FinancialCalculatorService TIR Calculation (Newton-Raphson) should handle zero cash flows"
	  />
	
	  Name "FinancialCalculatorService TIR Calculation (Newton-Raphson) should calculate TIR for simple cash flows":
	  <li
	    class="jasmine-passed"
	    id="spec_spec405"
	    title="FinancialCalculatorService TIR Calculation (Newton-Raphson) should calculate TIR for simple cash flows"
	  />
	
	  Name "FinancialCalculatorService TIR Calculation (Newton-Raphson) should calculate TIR for loan scenario":
	  <li
	    class="jasmine-passed"
	    id="spec_spec406"
	    title="FinancialCalculatorService TIR Calculation (Newton-Raphson) should calculate TIR for loan scenario"
	  />
	
	  Name "FinancialCalculatorService TIR Calculation (Newton-Raphson) should handle single negative cash flow":
	  <li
	    class="jasmine-passed"
	    id="spec_spec408"
	    title="FinancialCalculatorService TIR Calculation (Newton-Raphson) should handle single negative cash flow"
	  />
	
	  Name "FinancialCalculatorService TIR Calculation (Newton-Raphson) should respect maximum iterations":
	  <li
	    class="jasmine-passed"
	    id="spec_spec409"
	    title="FinancialCalculatorService TIR Calculation (Newton-Raphson) should respect maximum iterations"
	  />
	
	  Name "FinancialCalculatorService Cash Flow Generation should generate cash flows with principal and payments":
	  <li
	    class="jasmine-passed"
	    id="spec_spec411"
	    title="FinancialCalculatorService Cash Flow Generation should generate cash flows with principal and payments"
	  />
	
	  Name "FinancialCalculatorService Cash Flow Generation should handle empty payments array":
	  <li
	    class="jasmine-passed"
	    id="spec_spec413"
	    title="FinancialCalculatorService Cash Flow Generation should handle empty payments array"
	  />
	
	  Name "FinancialCalculatorService Cash Flow Generation should handle fewer payments than term":
	  <li
	    class="jasmine-passed"
	    id="spec_spec412"
	    title="FinancialCalculatorService Cash Flow Generation should handle fewer payments than term"
	  />
	
	  Name "FinancialCalculatorService Service Initialization should be created":
	  <li
	    class="jasmine-passed"
	    id="spec_spec400"
	    title="FinancialCalculatorService Service Initialization should be created"
	  />
	
	  Name "FinancialCalculatorService Market-Specific TIR Rates should return correct TIR for Estado de México":
	  <li
	    class="jasmine-passed"
	    id="spec_spec402"
	    title="FinancialCalculatorService Market-Specific TIR Rates should return correct TIR for Estado de México"
	  />
	
	  Name "FinancialCalculatorService Market-Specific TIR Rates should return default TIR for unknown market":
	  <li
	    class="jasmine-passed"
	    id="spec_spec403"
	    title="FinancialCalculatorService Market-Specific TIR Rates should return default TIR for unknown market"
	  />
	
	  Name "FinancialCalculatorService Market-Specific TIR Rates should return correct TIR for Aguascalientes":
	  <li
	    class="jasmine-passed"
	    id="spec_spec401"
	    title="FinancialCalculatorService Market-Specific TIR Rates should return correct TIR for Aguascalientes"
	  />
	
	  Name "FinancialCalculatorService Market-Specific TIR Rates should return default TIR when market is undefined":
	  <li
	    class="jasmine-passed"
	    id="spec_spec404"
	    title="FinancialCalculatorService Market-Specific TIR Rates should return default TIR when market is undefined"
	  />
	
	  Name "FinancialCalculatorService Annuity Calculations should handle negative interest rate":
	  <li
	    class="jasmine-passed"
	    id="spec_spec426"
	    title="FinancialCalculatorService Annuity Calculations should handle negative interest rate"
	  />
	
	  Name "FinancialCalculatorService Annuity Calculations should handle zero term":
	  <li
	    class="jasmine-passed"
	    id="spec_spec425"
	    title="FinancialCalculatorService Annuity Calculations should handle zero term"
	  />
	
	  Name "FinancialCalculatorService Annuity Calculations should handle zero interest rate":
	  <li
	    class="jasmine-passed"
	    id="spec_spec424"
	    title="FinancialCalculatorService Annuity Calculations should handle zero interest rate"
	  />
	
	  Name "FinancialCalculatorService Annuity Calculations should calculate monthly payment for standard loan":
	  <li
	    class="jasmine-passed"
	    id="spec_spec423"
	    title="FinancialCalculatorService Annuity Calculations should calculate monthly payment for standard loan"
	  />
	
	  Name "FinancialCalculatorService Balance Calculations should handle negative interest rate in balance calculation":
	  <li
	    class="jasmine-passed"
	    id="spec_spec430"
	    title="FinancialCalculatorService Balance Calculations should handle negative interest rate in balance calculation"
	  />
	
	  Name "FinancialCalculatorService Balance Calculations should handle zero months paid":
	  <li
	    class="jasmine-passed"
	    id="spec_spec429"
	    title="FinancialCalculatorService Balance Calculations should handle zero months paid"
	  />
	
	  Name "FinancialCalculatorService Balance Calculations should handle zero interest rate balance":
	  <li
	    class="jasmine-passed"
	    id="spec_spec428"
	    title="FinancialCalculatorService Balance Calculations should handle zero interest rate balance"
	  />
	
	  Name "FinancialCalculatorService Balance Calculations should calculate remaining balance after payments":
	  <li
	    class="jasmine-passed"
	    id="spec_spec427"
	    title="FinancialCalculatorService Balance Calculations should calculate remaining balance after payments"
	  />
	
	  Name "FinancialCalculatorService Edge Cases and Error Handling should handle very long terms":
	  <li
	    class="jasmine-passed"
	    id="spec_spec438"
	    title="FinancialCalculatorService Edge Cases and Error Handling should handle very long terms"
	  />
	
	  Name "FinancialCalculatorService Edge Cases and Error Handling should handle TIR calculation convergence issues":
	  <li
	    class="jasmine-passed"
	    id="spec_spec439"
	    title="FinancialCalculatorService Edge Cases and Error Handling should handle TIR calculation convergence issues"
	  />
	
	  Name "FinancialCalculatorService Edge Cases and Error Handling should handle very large principal amounts":
	  <li
	    class="jasmine-passed"
	    id="spec_spec436"
	    title="FinancialCalculatorService Edge Cases and Error Handling should handle very large principal amounts"
	  />
	
	  Name "FinancialCalculatorService Edge Cases and Error Handling should handle very small interest rates":
	  <li
	    class="jasmine-passed"
	    id="spec_spec437"
	    title="FinancialCalculatorService Edge Cases and Error Handling should handle very small interest rates"
	  />
	
	  Name "OCRService Text Extraction from Image File should handle extraction errors":
	  <li
	    class="jasmine-passed"
	    id="spec_spec629"
	    title="OCRService Text Extraction from Image File should handle extraction errors"
	  />
	
	  Name "OCRService Text Extraction from Image File should extract structured data when document type is provided":
	  <li
	    class="jasmine-failed"
	    id="spec_spec628"
	    title="OCRService Text Extraction from Image File should extract structured data when document type is provided"
	  />
	
	  Name "OCRService Text Extraction from Image File should extract text from image file":
	  <li
	    class="jasmine-failed"
	    id="spec_spec627"
	    title="OCRService Text Extraction from Image File should extract text from image file"
	  />
	
	  Name "OCRService Text Extraction from Image File should update progress during extraction":
	  <li
	    class="jasmine-failed"
	    id="spec_spec630"
	    title="OCRService Text Extraction from Image File should update progress during extraction"
	  />
	
	  Name "OCRService Text Extraction from Base64 should extract structured data from base64 with document type":
	  <li
	    class="jasmine-failed"
	    id="spec_spec632"
	    title="OCRService Text Extraction from Base64 should extract structured data from base64 with document type"
	  />
	
	  Name "OCRService Text Extraction from Base64 should handle base64 extraction errors":
	  <li
	    class="jasmine-passed"
	    id="spec_spec633"
	    title="OCRService Text Extraction from Base64 should handle base64 extraction errors"
	  />
	
	  Name "OCRService Text Extraction from Base64 should extract text from base64 image":
	  <li
	    class="jasmine-failed"
	    id="spec_spec631"
	    title="OCRService Text Extraction from Base64 should extract text from base64 image"
	  />
	
	  Name "OCRService Service Initialization should provide progress observable":
	  <li
	    class="jasmine-passed"
	    id="spec_spec622"
	    title="OCRService Service Initialization should provide progress observable"
	  />
	
	  Name "OCRService Service Initialization should be created":
	  <li
	    class="jasmine-passed"
	    id="spec_spec621"
	    title="OCRService Service Initialization should be created"
	  />
	
	  Name "OCRService Worker Initialization should update progress during initialization":
	  <li
	    class="jasmine-passed"
	    id="spec_spec626"
	    title="OCRService Worker Initialization should update progress during initialization"
	  />
	
	  Name "OCRService Worker Initialization should handle initialization errors":
	  <li
	    class="jasmine-passed"
	    id="spec_spec625"
	    title="OCRService Worker Initialization should handle initialization errors"
	  />
	
	  Name "OCRService Worker Initialization should initialize Tesseract worker with Spanish and English":
	  <li
	    class="jasmine-failed"
	    id="spec_spec623"
	    title="OCRService Worker Initialization should initialize Tesseract worker with Spanish and English"
	  />
	
	  Name "OCRService Worker Initialization should not reinitialize if already initialized":
	  <li
	    class="jasmine-failed"
	    id="spec_spec624"
	    title="OCRService Worker Initialization should not reinitialize if already initialized"
	  />
	
	  Name "OCRService INE Data Extraction should extract CURP from INE text":
	  <li
	    class="jasmine-failed"
	    id="spec_spec634"
	    title="OCRService INE Data Extraction should extract CURP from INE text"
	  />
	
	  Name "OCRService INE Data Extraction should extract birth date from INE text":
	  <li
	    class="jasmine-failed"
	    id="spec_spec636"
	    title="OCRService INE Data Extraction should extract birth date from INE text"
	  />
	
	  Name "OCRService INE Data Extraction should extract name from INE text":
	  <li
	    class="jasmine-failed"
	    id="spec_spec635"
	    title="OCRService INE Data Extraction should extract name from INE text"
	  />
	
	  Name "OCRService Tarjeta de Circulación Data Extraction should extract model and year":
	  <li
	    class="jasmine-failed"
	    id="spec_spec639"
	    title="OCRService Tarjeta de Circulación Data Extraction should extract model and year"
	  />
	
	  Name "OCRService Tarjeta de Circulación Data Extraction should extract vehicle brand":
	  <li
	    class="jasmine-failed"
	    id="spec_spec638"
	    title="OCRService Tarjeta de Circulación Data Extraction should extract vehicle brand"
	  />
	
	  Name "OCRService Tarjeta de Circulación Data Extraction should extract license plates":
	  <li
	    class="jasmine-failed"
	    id="spec_spec637"
	    title="OCRService Tarjeta de Circulación Data Extraction should extract license plates"
	  />
	
	  Name "OCRService Worker Management should reinitialize worker after termination":
	  <li
	    class="jasmine-failed"
	    id="spec_spec652"
	    title="OCRService Worker Management should reinitialize worker after termination"
	  />
	
	  Name "OCRService Worker Management should handle termination when worker is null":
	  <li
	    class="jasmine-passed"
	    id="spec_spec651"
	    title="OCRService Worker Management should handle termination when worker is null"
	  />
	
	  Name "OCRService Worker Management should terminate worker properly":
	  <li
	    class="jasmine-failed"
	    id="spec_spec650"
	    title="OCRService Worker Management should terminate worker properly"
	  />
	
	  Name "OCRService Progress Messaging should handle unknown status messages":
	  <li
	    class="jasmine-empty"
	    id="spec_spec654"
	    title="OCRService Progress Messaging should handle unknown status messages"
	  />
	
	  Name "OCRService Progress Messaging should translate status messages to Spanish":
	  <li
	    class="jasmine-failed"
	    id="spec_spec653"
	    title="OCRService Progress Messaging should translate status messages to Spanish"
	  />
	
	  Name "OCRService Edge Cases and Error Handling should handle very low confidence results":
	  <li
	    class="jasmine-failed"
	    id="spec_spec659"
	    title="OCRService Edge Cases and Error Handling should handle very low confidence results"
	  />
	
	  Name "OCRService Edge Cases and Error Handling should handle extraction without document type":
	  <li
	    class="jasmine-failed"
	    id="spec_spec658"
	    title="OCRService Edge Cases and Error Handling should handle extraction without document type"
	  />
	
	  Name "OCRService Edge Cases and Error Handling should handle documents with mixed case text":
	  <li
	    class="jasmine-failed"
	    id="spec_spec657"
	    title="OCRService Edge Cases and Error Handling should handle documents with mixed case text"
	  />
	
	  Name "OCRService Edge Cases and Error Handling should handle malformed CURP patterns":
	  <li
	    class="jasmine-failed"
	    id="spec_spec656"
	    title="OCRService Edge Cases and Error Handling should handle malformed CURP patterns"
	  />
	
	  Name "OCRService Edge Cases and Error Handling should handle empty text extraction":
	  <li
	    class="jasmine-failed"
	    id="spec_spec655"
	    title="OCRService Edge Cases and Error Handling should handle empty text extraction"
	  />
	
	  Name "OCRService Comprobante de Domicilio Data Extraction should extract date from comprobante":
	  <li
	    class="jasmine-failed"
	    id="spec_spec642"
	    title="OCRService Comprobante de Domicilio Data Extraction should extract date from comprobante"
	  />
	
	  Name "OCRService Comprobante de Domicilio Data Extraction should identify utility provider":
	  <li
	    class="jasmine-failed"
	    id="spec_spec641"
	    title="OCRService Comprobante de Domicilio Data Extraction should identify utility provider"
	  />
	
	  Name "OCRService Comprobante de Domicilio Data Extraction should extract address information":
	  <li
	    class="jasmine-failed"
	    id="spec_spec640"
	    title="OCRService Comprobante de Domicilio Data Extraction should extract address information"
	  />
	
	  Name "OCRService RFC Data Extraction should extract taxpayer name":
	  <li
	    class="jasmine-failed"
	    id="spec_spec644"
	    title="OCRService RFC Data Extraction should extract taxpayer name"
	  />
	
	  Name "OCRService RFC Data Extraction should extract RFC code":
	  <li
	    class="jasmine-failed"
	    id="spec_spec643"
	    title="OCRService RFC Data Extraction should extract RFC code"
	  />
	
	  Name "OCRService Document Type Validation should validate RFC documents":
	  <li
	    class="jasmine-passed"
	    id="spec_spec649"
	    title="OCRService Document Type Validation should validate RFC documents"
	  />
	
	  Name "OCRService Document Type Validation should validate comprobante de domicilio":
	  <li
	    class="jasmine-passed"
	    id="spec_spec648"
	    title="OCRService Document Type Validation should validate comprobante de domicilio"
	  />
	
	  Name "OCRService Document Type Validation should validate INE document correctly":
	  <li
	    class="jasmine-passed"
	    id="spec_spec645"
	    title="OCRService Document Type Validation should validate INE document correctly"
	  />
	
	  Name "OCRService Document Type Validation should handle unknown document types":
	  <li
	    class="jasmine-failed"
	    id="spec_spec647"
	    title="OCRService Document Type Validation should handle unknown document types"
	  />
	
	  Name "OCRService Document Type Validation should detect mismatched document types":
	  <li
	    class="jasmine-passed"
	    id="spec_spec646"
	    title="OCRService Document Type Validation should detect mismatched document types"
	  />
	
	  Name "ConfigurationService Scoring Configuration should get scoring configuration":
	  <li
	    class="jasmine-passed"
	    id="spec_spec208"
	    title="ConfigurationService Scoring Configuration should get scoring configuration"
	  />
	
	  Name "ConfigurationService Scoring Configuration should have business flow scoring requirements":
	  <li
	    class="jasmine-passed"
	    id="spec_spec209"
	    title="ConfigurationService Scoring Configuration should have business flow scoring requirements"
	  />
	
	  Name "ConfigurationService Scoring Configuration should have scoring factors configuration":
	  <li
	    class="jasmine-passed"
	    id="spec_spec211"
	    title="ConfigurationService Scoring Configuration should have scoring factors configuration"
	  />
	
	  Name "ConfigurationService Scoring Configuration should have correct scoring thresholds":
	  <li
	    class="jasmine-passed"
	    id="spec_spec210"
	    title="ConfigurationService Scoring Configuration should have correct scoring thresholds"
	  />
	
	  Name "ConfigurationService AVI Configuration should have market specific questions":
	  <li
	    class="jasmine-passed"
	    id="spec_spec218"
	    title="ConfigurationService AVI Configuration should have market specific questions"
	  />
	
	  Name "ConfigurationService AVI Configuration should have random questions configuration":
	  <li
	    class="jasmine-passed"
	    id="spec_spec219"
	    title="ConfigurationService AVI Configuration should have random questions configuration"
	  />
	
	  Name "ConfigurationService AVI Configuration should get AVI configuration":
	  <li
	    class="jasmine-passed"
	    id="spec_spec215"
	    title="ConfigurationService AVI Configuration should get AVI configuration"
	  />
	
	  Name "ConfigurationService AVI Configuration should have core AVI questions":
	  <li
	    class="jasmine-passed"
	    id="spec_spec216"
	    title="ConfigurationService AVI Configuration should have core AVI questions"
	  />
	
	  Name "ConfigurationService AVI Configuration should have validation configuration":
	  <li
	    class="jasmine-passed"
	    id="spec_spec220"
	    title="ConfigurationService AVI Configuration should have validation configuration"
	  />
	
	  Name "ConfigurationService AVI Configuration should have business flow specific questions":
	  <li
	    class="jasmine-passed"
	    id="spec_spec217"
	    title="ConfigurationService AVI Configuration should have business flow specific questions"
	  />
	
	  Name "ConfigurationService Market Configuration should have correct Estado de México market configuration":
	  <li
	    class="jasmine-passed"
	    id="spec_spec206"
	    title="ConfigurationService Market Configuration should have correct Estado de México market configuration"
	  />
	
	  Name "ConfigurationService Market Configuration should include EdoMex municipalities":
	  <li
	    class="jasmine-passed"
	    id="spec_spec207"
	    title="ConfigurationService Market Configuration should include EdoMex municipalities"
	  />
	
	  Name "ConfigurationService Market Configuration should get market configuration":
	  <li
	    class="jasmine-passed"
	    id="spec_spec204"
	    title="ConfigurationService Market Configuration should get market configuration"
	  />
	
	  Name "ConfigurationService Market Configuration should have correct Aguascalientes market configuration":
	  <li
	    class="jasmine-passed"
	    id="spec_spec205"
	    title="ConfigurationService Market Configuration should have correct Aguascalientes market configuration"
	  />
	
	  Name "ConfigurationService Configuration Loading and Updates should preserve existing configuration when updating":
	  <li
	    class="jasmine-passed"
	    id="spec_spec203"
	    title="ConfigurationService Configuration Loading and Updates should preserve existing configuration when updating"
	  />
	
	  Name "ConfigurationService Configuration Loading and Updates should refresh configuration from API":
	  <li
	    class="jasmine-passed"
	    id="spec_spec201"
	    title="ConfigurationService Configuration Loading and Updates should refresh configuration from API"
	  />
	
	  Name "ConfigurationService Configuration Loading and Updates should update configuration successfully":
	  <li
	    class="jasmine-passed"
	    id="spec_spec202"
	    title="ConfigurationService Configuration Loading and Updates should update configuration successfully"
	  />
	
	  Name "ConfigurationService Configuration Loading and Updates should get current configuration":
	  <li
	    class="jasmine-passed"
	    id="spec_spec200"
	    title="ConfigurationService Configuration Loading and Updates should get current configuration"
	  />
	
	  Name "ConfigurationService Service Initialization should be created":
	  <li
	    class="jasmine-passed"
	    id="spec_spec197"
	    title="ConfigurationService Service Initialization should be created"
	  />
	
	  Name "ConfigurationService Service Initialization should load default configuration on initialization":
	  <li
	    class="jasmine-passed"
	    id="spec_spec199"
	    title="ConfigurationService Service Initialization should load default configuration on initialization"
	  />
	
	  Name "ConfigurationService Service Initialization should provide configuration observable":
	  <li
	    class="jasmine-passed"
	    id="spec_spec198"
	    title="ConfigurationService Service Initialization should provide configuration observable"
	  />
	
	  Name "ConfigurationService Error Handling and Edge Cases should handle partial configuration updates":
	  <li
	    class="jasmine-passed"
	    id="spec_spec252"
	    title="ConfigurationService Error Handling and Edge Cases should handle partial configuration updates"
	  />
	
	  Name "ConfigurationService Error Handling and Edge Cases should handle empty configuration updates":
	  <li
	    class="jasmine-passed"
	    id="spec_spec253"
	    title="ConfigurationService Error Handling and Edge Cases should handle empty configuration updates"
	  />
	
	  Name "ConfigurationService Error Handling and Edge Cases should provide configuration even when API fails":
	  <li
	    class="jasmine-passed"
	    id="spec_spec254"
	    title="ConfigurationService Error Handling and Edge Cases should provide configuration even when API fails"
	  />
	
	  Name "ConfigurationService Error Handling and Edge Cases should handle nested configuration access":
	  <li
	    class="jasmine-passed"
	    id="spec_spec255"
	    title="ConfigurationService Error Handling and Edge Cases should handle nested configuration access"
	  />
	
	  Name "ConfigurationService UX Optimization Configuration should have recommendations configuration":
	  <li
	    class="jasmine-passed"
	    id="spec_spec249"
	    title="ConfigurationService UX Optimization Configuration should have recommendations configuration"
	  />
	
	  Name "ConfigurationService UX Optimization Configuration should have A/B testing configuration":
	  <li
	    class="jasmine-passed"
	    id="spec_spec248"
	    title="ConfigurationService UX Optimization Configuration should have A/B testing configuration"
	  />
	
	  Name "ConfigurationService UX Optimization Configuration should get UX optimization configuration":
	  <li
	    class="jasmine-passed"
	    id="spec_spec247"
	    title="ConfigurationService UX Optimization Configuration should get UX optimization configuration"
	  />
	
	  Name "ConfigurationService Configuration Versioning should track configuration version":
	  <li
	    class="jasmine-passed"
	    id="spec_spec250"
	    title="ConfigurationService Configuration Versioning should track configuration version"
	  />
	
	  Name "ConfigurationService Configuration Versioning should update lastUpdated when configuration changes":
	  <li
	    class="jasmine-passed"
	    id="spec_spec251"
	    title="ConfigurationService Configuration Versioning should update lastUpdated when configuration changes"
	  />
	
	  Name "ConfigurationService Analytics Configuration should have performance metrics configuration":
	  <li
	    class="jasmine-passed"
	    id="spec_spec246"
	    title="ConfigurationService Analytics Configuration should have performance metrics configuration"
	  />
	
	  Name "ConfigurationService Analytics Configuration should have funnel analysis configuration":
	  <li
	    class="jasmine-passed"
	    id="spec_spec245"
	    title="ConfigurationService Analytics Configuration should have funnel analysis configuration"
	  />
	
	  Name "ConfigurationService Analytics Configuration should have heatmap configuration":
	  <li
	    class="jasmine-passed"
	    id="spec_spec244"
	    title="ConfigurationService Analytics Configuration should have heatmap configuration"
	  />
	
	  Name "ConfigurationService Analytics Configuration should get analytics configuration":
	  <li
	    class="jasmine-passed"
	    id="spec_spec243"
	    title="ConfigurationService Analytics Configuration should get analytics configuration"
	  />
	
	  Name "ConfigurationService Smart UX Configuration should have session recovery configuration":
	  <li
	    class="jasmine-passed"
	    id="spec_spec242"
	    title="ConfigurationService Smart UX Configuration should have session recovery configuration"
	  />
	
	  Name "ConfigurationService Smart UX Configuration should have auto-complete configuration":
	  <li
	    class="jasmine-passed"
	    id="spec_spec241"
	    title="ConfigurationService Smart UX Configuration should have auto-complete configuration"
	  />
	
	  Name "ConfigurationService Smart UX Configuration should get smart UX configuration":
	  <li
	    class="jasmine-passed"
	    id="spec_spec240"
	    title="ConfigurationService Smart UX Configuration should get smart UX configuration"
	  />
	
	  Name "ConfigurationService UI Configuration should have navigation configuration":
	  <li
	    class="jasmine-passed"
	    id="spec_spec238"
	    title="ConfigurationService UI Configuration should have navigation configuration"
	  />
	
	  Name "ConfigurationService UI Configuration should have theme configuration":
	  <li
	    class="jasmine-passed"
	    id="spec_spec237"
	    title="ConfigurationService UI Configuration should have theme configuration"
	  />
	
	  Name "ConfigurationService UI Configuration should get simple UI configuration":
	  <li
	    class="jasmine-passed"
	    id="spec_spec236"
	    title="ConfigurationService UI Configuration should get simple UI configuration"
	  />
	
	  Name "ConfigurationService UI Configuration should have language configuration":
	  <li
	    class="jasmine-passed"
	    id="spec_spec239"
	    title="ConfigurationService UI Configuration should have language configuration"
	  />
	
	  Name "ConfigurationService Workflow Configuration should have automation configurations":
	  <li
	    class="jasmine-passed"
	    id="spec_spec232"
	    title="ConfigurationService Workflow Configuration should have automation configurations"
	  />
	
	  Name "ConfigurationService Workflow Configuration should get workflow configuration":
	  <li
	    class="jasmine-passed"
	    id="spec_spec231"
	    title="ConfigurationService Workflow Configuration should get workflow configuration"
	  />
	
	  Name "ConfigurationService Workflow Configuration should have escalation rules":
	  <li
	    class="jasmine-passed"
	    id="spec_spec234"
	    title="ConfigurationService Workflow Configuration should have escalation rules"
	  />
	
	  Name "ConfigurationService Workflow Configuration should have approval chains":
	  <li
	    class="jasmine-passed"
	    id="spec_spec233"
	    title="ConfigurationService Workflow Configuration should have approval chains"
	  />
	
	  Name "ConfigurationService Workflow Configuration should have SLA targets":
	  <li
	    class="jasmine-passed"
	    id="spec_spec235"
	    title="ConfigurationService Workflow Configuration should have SLA targets"
	  />
	
	  Name "ConfigurationService should cache namespace result (shareReplay) for subsequent subscribers":
	  <li
	    class="jasmine-passed"
	    id="spec_spec195"
	    title="ConfigurationService should cache namespace result (shareReplay) for subsequent subscribers"
	  />
	
	  Name "ConfigurationService should load namespace from assets when remote disabled":
	  <li
	    class="jasmine-passed"
	    id="spec_spec194"
	    title="ConfigurationService should load namespace from assets when remote disabled"
	  />
	
	  Name "ConfigurationService Notification Configuration should have email templates":
	  <li
	    class="jasmine-passed"
	    id="spec_spec227"
	    title="ConfigurationService Notification Configuration should have email templates"
	  />
	
	  Name "ConfigurationService Notification Configuration should have channel configurations":
	  <li
	    class="jasmine-passed"
	    id="spec_spec226"
	    title="ConfigurationService Notification Configuration should have channel configurations"
	  />
	
	  Name "ConfigurationService Notification Configuration should have SMS templates with length limits":
	  <li
	    class="jasmine-passed"
	    id="spec_spec228"
	    title="ConfigurationService Notification Configuration should have SMS templates with length limits"
	  />
	
	  Name "ConfigurationService Notification Configuration should have notification triggers":
	  <li
	    class="jasmine-passed"
	    id="spec_spec229"
	    title="ConfigurationService Notification Configuration should have notification triggers"
	  />
	
	  Name "ConfigurationService Notification Configuration should get notification configuration":
	  <li
	    class="jasmine-passed"
	    id="spec_spec225"
	    title="ConfigurationService Notification Configuration should get notification configuration"
	  />
	
	  Name "ConfigurationService Notification Configuration should have scheduled notifications":
	  <li
	    class="jasmine-passed"
	    id="spec_spec230"
	    title="ConfigurationService Notification Configuration should have scheduled notifications"
	  />
	
	  Name "ConfigurationService Business Flow Configuration should have correct VentaDirecta configuration":
	  <li
	    class="jasmine-passed"
	    id="spec_spec213"
	    title="ConfigurationService Business Flow Configuration should have correct VentaDirecta configuration"
	  />
	
	  Name "ConfigurationService Business Flow Configuration should have correct CreditoColectivo configuration":
	  <li
	    class="jasmine-passed"
	    id="spec_spec214"
	    title="ConfigurationService Business Flow Configuration should have correct CreditoColectivo configuration"
	  />
	
	  Name "ConfigurationService Business Flow Configuration should get business flow configuration":
	  <li
	    class="jasmine-passed"
	    id="spec_spec212"
	    title="ConfigurationService Business Flow Configuration should get business flow configuration"
	  />
	
	  Name "ConfigurationService updateConfiguration should merge and emit new configuration":
	  <li
	    class="jasmine-passed"
	    id="spec_spec196"
	    title="ConfigurationService updateConfiguration should merge and emit new configuration"
	  />
	
	  Name "ConfigurationService Questionnaire Configuration should get questionnaire configuration":
	  <li
	    class="jasmine-passed"
	    id="spec_spec221"
	    title="ConfigurationService Questionnaire Configuration should get questionnaire configuration"
	  />
	
	  Name "ConfigurationService Questionnaire Configuration should have completion requirements":
	  <li
	    class="jasmine-passed"
	    id="spec_spec223"
	    title="ConfigurationService Questionnaire Configuration should have completion requirements"
	  />
	
	  Name "ConfigurationService Questionnaire Configuration should have standard questionnaire sections":
	  <li
	    class="jasmine-passed"
	    id="spec_spec222"
	    title="ConfigurationService Questionnaire Configuration should have standard questionnaire sections"
	  />
	
	  Name "ConfigurationService Questionnaire Configuration should have dynamic questionnaire configuration":
	  <li
	    class="jasmine-passed"
	    id="spec_spec224"
	    title="ConfigurationService Questionnaire Configuration should have dynamic questionnaire configuration"
	  />
	
	  Name "ClienteFormComponent should handle different markets correctly":
	  <li
	    class="jasmine-passed"
	    id="spec_spec931"
	    title="ClienteFormComponent should handle different markets correctly"
	  />
	
	  Name "ClienteFormComponent should validate email format":
	  <li
	    class="jasmine-passed"
	    id="spec_spec920"
	    title="ClienteFormComponent should validate email format"
	  />
	
	  Name "ClienteFormComponent should handle different business flows correctly":
	  <li
	    class="jasmine-passed"
	    id="spec_spec930"
	    title="ClienteFormComponent should handle different business flows correctly"
	  />
	
	  Name "ClienteFormComponent should validate phone format":
	  <li
	    class="jasmine-passed"
	    id="spec_spec921"
	    title="ClienteFormComponent should validate phone format"
	  />
	
	  Name "ClienteFormComponent should clean form when switching between markets":
	  <li
	    class="jasmine-passed"
	    id="spec_spec932"
	    title="ClienteFormComponent should clean form when switching between markets"
	  />
	
	  Name "ClienteFormComponent should load existing client data in edit mode":
	  <li
	    class="jasmine-passed"
	    id="spec_spec924"
	    title="ClienteFormComponent should load existing client data in edit mode"
	  />
	
	  Name "ClienteFormComponent should update existing client with valid form data":
	  <li
	    class="jasmine-failed"
	    id="spec_spec925"
	    title="ClienteFormComponent should update existing client with valid form data"
	  />
	
	  Name "ClienteFormComponent should validate RFC format if provided":
	  <li
	    class="jasmine-passed"
	    id="spec_spec922"
	    title="ClienteFormComponent should validate RFC format if provided"
	  />
	
	  Name "ClienteFormComponent should create new client with valid form data":
	  <li
	    class="jasmine-failed"
	    id="spec_spec923"
	    title="ClienteFormComponent should create new client with valid form data"
	  />
	
	  Name "ClienteFormComponent should handle API error during client creation":
	  <li
	    class="jasmine-passed"
	    id="spec_spec926"
	    title="ClienteFormComponent should handle API error during client creation"
	  />
	
	  Name "ClienteFormComponent should navigate back when goBack is called":
	  <li
	    class="jasmine-passed"
	    id="spec_spec928"
	    title="ClienteFormComponent should navigate back when goBack is called"
	  />
	
	  Name "ClienteFormComponent should prevent form submission when invalid":
	  <li
	    class="jasmine-passed"
	    id="spec_spec927"
	    title="ClienteFormComponent should prevent form submission when invalid"
	  />
	
	  Name "ClienteFormComponent should set loading state during form submission":
	  <li
	    class="jasmine-passed"
	    id="spec_spec929"
	    title="ClienteFormComponent should set loading state during form submission"
	  />
	
	  Name "ClienteFormComponent should create":
	  <li
	    class="jasmine-passed"
	    id="spec_spec917"
	    title="ClienteFormComponent should create"
	  />
	
	  Name "ClienteFormComponent should initialize form with default values for new client":
	  <li
	    class="jasmine-failed"
	    id="spec_spec918"
	    title="ClienteFormComponent should initialize form with default values for new client"
	  />
	
	  Name "ClienteFormComponent should validate required fields":
	  <li
	    class="jasmine-passed"
	    id="spec_spec919"
	    title="ClienteFormComponent should validate required fields"
	  />
	
	  Name "AppComponent should create the app":
	  <li
	    class="jasmine-passed"
	    id="spec_spec0"
	    title="AppComponent should create the app"
	  />
	
	  Name "AppComponent should have the 'conductores-pwa' title":
	  <li
	    class="jasmine-passed"
	    id="spec_spec1"
	    title="AppComponent should have the 'conductores-pwa' title"
	  />
	
	  Name "AppComponent should render title":
	  <li
	    class="jasmine-passed"
	    id="spec_spec2"
	    title="AppComponent should render title"
	  />
	
	  Name "BusinessRulesService Business Flow Change Validation should allow flow change when no documents are approved":
	  <li
	    class="jasmine-passed"
	    id="spec_spec146"
	    title="BusinessRulesService Business Flow Change Validation should allow flow change when no documents are approved"
	  />
	
	  Name "BusinessRulesService Business Flow Change Validation should not allow flow change when documents are approved":
	  <li
	    class="jasmine-passed"
	    id="spec_spec147"
	    title="BusinessRulesService Business Flow Change Validation should not allow flow change when documents are approved"
	  />
	
	  Name "BusinessRulesService Business Flow Change Validation should not allow collective credit in Aguascalientes":
	  <li
	    class="jasmine-passed"
	    id="spec_spec148"
	    title="BusinessRulesService Business Flow Change Validation should not allow collective credit in Aguascalientes"
	  />
	
	  Name "BusinessRulesService Business Flow Change Validation should require ecosystem for EdoMex collective credit":
	  <li
	    class="jasmine-passed"
	    id="spec_spec149"
	    title="BusinessRulesService Business Flow Change Validation should require ecosystem for EdoMex collective credit"
	  />
	
	  Name "BusinessRulesService Market Requirements should include required documents for each market":
	  <li
	    class="jasmine-passed"
	    id="spec_spec145"
	    title="BusinessRulesService Market Requirements should include required documents for each market"
	  />
	
	  Name "BusinessRulesService Market Requirements should get Aguascalientes requirements":
	  <li
	    class="jasmine-passed"
	    id="spec_spec143"
	    title="BusinessRulesService Market Requirements should get Aguascalientes requirements"
	  />
	
	  Name "BusinessRulesService Market Requirements should get Estado de México requirements":
	  <li
	    class="jasmine-passed"
	    id="spec_spec144"
	    title="BusinessRulesService Market Requirements should get Estado de México requirements"
	  />
	
	  Name "BusinessRulesService Market Requirements Special Rules should include EdoMex specific rules about ecosystem":
	  <li
	    class="jasmine-passed"
	    id="spec_spec162"
	    title="BusinessRulesService Market Requirements Special Rules should include EdoMex specific rules about ecosystem"
	  />
	
	  Name "BusinessRulesService Market Requirements Special Rules should include AGS specific rules about credit types":
	  <li
	    class="jasmine-passed"
	    id="spec_spec161"
	    title="BusinessRulesService Market Requirements Special Rules should include AGS specific rules about credit types"
	  />
	
	  Name "BusinessRulesService Ecosystem Validation Edge Cases should properly identify required vs optional documents":
	  <li
	    class="jasmine-failed"
	    id="spec_spec164"
	    title="BusinessRulesService Ecosystem Validation Edge Cases should properly identify required vs optional documents"
	  />
	
	  Name "BusinessRulesService Ecosystem Validation Edge Cases should handle ecosystem validation with partial documents":
	  <li
	    class="jasmine-passed"
	    id="spec_spec163"
	    title="BusinessRulesService Ecosystem Validation Edge Cases should handle ecosystem validation with partial documents"
	  />
	
	  Name "BusinessRulesService Age Calculation should calculate age correctly":
	  <li
	    class="jasmine-passed"
	    id="spec_spec153"
	    title="BusinessRulesService Age Calculation should calculate age correctly"
	  />
	
	  Name "BusinessRulesService Age Calculation should handle birthday not yet reached this year":
	  <li
	    class="jasmine-passed"
	    id="spec_spec154"
	    title="BusinessRulesService Age Calculation should handle birthday not yet reached this year"
	  />
	
	  Name "BusinessRulesService Credit History Validation should warn about low credit score":
	  <li
	    class="jasmine-passed"
	    id="spec_spec151"
	    title="BusinessRulesService Credit History Validation should warn about low credit score"
	  />
	
	  Name "BusinessRulesService Credit History Validation should validate credit history with simulated score":
	  <li
	    class="jasmine-passed"
	    id="spec_spec150"
	    title="BusinessRulesService Credit History Validation should validate credit history with simulated score"
	  />
	
	  Name "BusinessRulesService Credit History Validation should recommend special conditions for very low score":
	  <li
	    class="jasmine-passed"
	    id="spec_spec152"
	    title="BusinessRulesService Credit History Validation should recommend special conditions for very low score"
	  />
	
	  Name "BusinessRulesService Service Initialization should have EdoMex specific rules":
	  <li
	    class="jasmine-passed"
	    id="spec_spec119"
	    title="BusinessRulesService Service Initialization should have EdoMex specific rules"
	  />
	
	  Name "BusinessRulesService Service Initialization should have universal rules":
	  <li
	    class="jasmine-passed"
	    id="spec_spec120"
	    title="BusinessRulesService Service Initialization should have universal rules"
	  />
	
	  Name "BusinessRulesService Service Initialization should have AGS specific rules":
	  <li
	    class="jasmine-passed"
	    id="spec_spec118"
	    title="BusinessRulesService Service Initialization should have AGS specific rules"
	  />
	
	  Name "BusinessRulesService Service Initialization should initialize validation rules":
	  <li
	    class="jasmine-passed"
	    id="spec_spec117"
	    title="BusinessRulesService Service Initialization should initialize validation rules"
	  />
	
	  Name "BusinessRulesService Service Initialization should be created":
	  <li
	    class="jasmine-passed"
	    id="spec_spec116"
	    title="BusinessRulesService Service Initialization should be created"
	  />
	
	  Name "BusinessRulesService Collective Group Validation Details should validate down payment minimum for collective credit":
	  <li
	    class="jasmine-passed"
	    id="spec_spec160"
	    title="BusinessRulesService Collective Group Validation Details should validate down payment minimum for collective credit"
	  />
	
	  Name "BusinessRulesService Collective Group Validation Details should validate down payment range for collective credit":
	  <li
	    class="jasmine-passed"
	    id="spec_spec159"
	    title="BusinessRulesService Collective Group Validation Details should validate down payment range for collective credit"
	  />
	
	  Name "BusinessRulesService Collective Group Validation Details should validate minimum group size":
	  <li
	    class="jasmine-passed"
	    id="spec_spec158"
	    title="BusinessRulesService Collective Group Validation Details should validate minimum group size"
	  />
	
	  Name "BusinessRulesService Client Validation should filter rules by market correctly":
	  <li
	    class="jasmine-passed"
	    id="spec_spec127"
	    title="BusinessRulesService Client Validation should filter rules by market correctly"
	  />
	
	  Name "BusinessRulesService Client Validation should fail validation for client without income":
	  <li
	    class="jasmine-passed"
	    id="spec_spec126"
	    title="BusinessRulesService Client Validation should fail validation for client without income"
	  />
	
	  Name "BusinessRulesService Client Validation should validate EdoMex client successfully":
	  <li
	    class="jasmine-passed"
	    id="spec_spec122"
	    title="BusinessRulesService Client Validation should validate EdoMex client successfully"
	  />
	
	  Name "BusinessRulesService Client Validation should validate AGS client successfully":
	  <li
	    class="jasmine-passed"
	    id="spec_spec121"
	    title="BusinessRulesService Client Validation should validate AGS client successfully"
	  />
	
	  Name "BusinessRulesService Client Validation should fail validation for client over age limit":
	  <li
	    class="jasmine-passed"
	    id="spec_spec125"
	    title="BusinessRulesService Client Validation should fail validation for client over age limit"
	  />
	
	  Name "BusinessRulesService Client Validation should fail validation for underage client":
	  <li
	    class="jasmine-passed"
	    id="spec_spec124"
	    title="BusinessRulesService Client Validation should fail validation for underage client"
	  />
	
	  Name "BusinessRulesService Client Validation should filter rules by business flow correctly":
	  <li
	    class="jasmine-passed"
	    id="spec_spec128"
	    title="BusinessRulesService Client Validation should filter rules by business flow correctly"
	  />
	
	  Name "BusinessRulesService Client Validation should fail validation for client with missing documents":
	  <li
	    class="jasmine-passed"
	    id="spec_spec123"
	    title="BusinessRulesService Client Validation should fail validation for client with missing documents"
	  />
	
	  Name "BusinessRulesService Helper Methods should consolidate validation results correctly":
	  <li
	    class="jasmine-passed"
	    id="spec_spec155"
	    title="BusinessRulesService Helper Methods should consolidate validation results correctly"
	  />
	
	  Name "BusinessRulesService Helper Methods should get ecosystem required documents":
	  <li
	    class="jasmine-passed"
	    id="spec_spec156"
	    title="BusinessRulesService Helper Methods should get ecosystem required documents"
	  />
	
	  Name "BusinessRulesService Helper Methods should generate ecosystem validation notes":
	  <li
	    class="jasmine-passed"
	    id="spec_spec157"
	    title="BusinessRulesService Helper Methods should generate ecosystem validation notes"
	  />
	
	  Name "BusinessRulesService AGS Specific Validations should validate AGS term requirements (12 or 24 months)":
	  <li
	    class="jasmine-passed"
	    id="spec_spec130"
	    title="BusinessRulesService AGS Specific Validations should validate AGS term requirements (12 or 24 months)"
	  />
	
	  Name "BusinessRulesService AGS Specific Validations should validate AGS required documents":
	  <li
	    class="jasmine-passed"
	    id="spec_spec132"
	    title="BusinessRulesService AGS Specific Validations should validate AGS required documents"
	  />
	
	  Name "BusinessRulesService AGS Specific Validations should validate AGS minimum income ($15,000)":
	  <li
	    class="jasmine-passed"
	    id="spec_spec131"
	    title="BusinessRulesService AGS Specific Validations should validate AGS minimum income ($15,000)"
	  />
	
	  Name "BusinessRulesService AGS Specific Validations should validate AGS down payment requirement (60%)":
	  <li
	    class="jasmine-passed"
	    id="spec_spec129"
	    title="BusinessRulesService AGS Specific Validations should validate AGS down payment requirement (60%)"
	  />
	
	  Name "BusinessRulesService EdoMex Specific Validations should validate EdoMex payment capacity ($20,000 minimum)":
	  <li
	    class="jasmine-passed"
	    id="spec_spec137"
	    title="BusinessRulesService EdoMex Specific Validations should validate EdoMex payment capacity ($20,000 minimum)"
	  />
	
	  Name "BusinessRulesService EdoMex Specific Validations should require group assignment for collective credit":
	  <li
	    class="jasmine-passed"
	    id="spec_spec136"
	    title="BusinessRulesService EdoMex Specific Validations should require group assignment for collective credit"
	  />
	
	  Name "BusinessRulesService EdoMex Specific Validations should validate collective group requirements":
	  <li
	    class="jasmine-passed"
	    id="spec_spec135"
	    title="BusinessRulesService EdoMex Specific Validations should validate collective group requirements"
	  />
	
	  Name "BusinessRulesService EdoMex Specific Validations should warn about high payment-to-income ratio":
	  <li
	    class="jasmine-passed"
	    id="spec_spec138"
	    title="BusinessRulesService EdoMex Specific Validations should warn about high payment-to-income ratio"
	  />
	
	  Name "BusinessRulesService EdoMex Specific Validations should validate EdoMex ecosystem documents":
	  <li
	    class="jasmine-passed"
	    id="spec_spec134"
	    title="BusinessRulesService EdoMex Specific Validations should validate EdoMex ecosystem documents"
	  />
	
	  Name "BusinessRulesService EdoMex Specific Validations should require ecosystem assignment for EdoMex":
	  <li
	    class="jasmine-passed"
	    id="spec_spec133"
	    title="BusinessRulesService EdoMex Specific Validations should require ecosystem assignment for EdoMex"
	  />
	
	  Name "BusinessRulesService Ecosystem Validation should fail ecosystem validation for client without ecosystem":
	  <li
	    class="jasmine-passed"
	    id="spec_spec140"
	    title="BusinessRulesService Ecosystem Validation should fail ecosystem validation for client without ecosystem"
	  />
	
	  Name "BusinessRulesService Ecosystem Validation should throw error for AGS client ecosystem validation":
	  <li
	    class="jasmine-passed"
	    id="spec_spec141"
	    title="BusinessRulesService Ecosystem Validation should throw error for AGS client ecosystem validation"
	  />
	
	  Name "BusinessRulesService Ecosystem Validation should validate ecosystem for EdoMex client":
	  <li
	    class="jasmine-failed"
	    id="spec_spec139"
	    title="BusinessRulesService Ecosystem Validation should validate ecosystem for EdoMex client"
	  />
	
	  Name "BusinessRulesService Ecosystem Validation should identify missing ecosystem documents":
	  <li
	    class="jasmine-passed"
	    id="spec_spec142"
	    title="BusinessRulesService Ecosystem Validation should identify missing ecosystem documents"
	  />
	
	  Name "MetaMapService KYC Button Creation should create MetaMap button successfully":
	  <li
	    class="jasmine-passed"
	    id="spec_spec507"
	    title="MetaMapService KYC Button Creation should create MetaMap button successfully"
	  />
	
	  Name "MetaMapService KYC Button Creation should handle container not found error":
	  <li
	    class="jasmine-passed"
	    id="spec_spec508"
	    title="MetaMapService KYC Button Creation should handle container not found error"
	  />
	
	  Name "MetaMapService KYC Button Creation should emit KYC success event":
	  <li
	    class="jasmine-passed"
	    id="spec_spec509"
	    title="MetaMapService KYC Button Creation should emit KYC success event"
	  />
	
	  Name "MetaMapService KYC Button Creation should cleanup event listeners on unsubscribe":
	  <li
	    class="jasmine-passed"
	    id="spec_spec512"
	    title="MetaMapService KYC Button Creation should cleanup event listeners on unsubscribe"
	  />
	
	  Name "MetaMapService KYC Button Creation should emit KYC exit event":
	  <li
	    class="jasmine-passed"
	    id="spec_spec510"
	    title="MetaMapService KYC Button Creation should emit KYC exit event"
	  />
	
	  Name "MetaMapService KYC Button Creation should call optional callback functions":
	  <li
	    class="jasmine-passed"
	    id="spec_spec511"
	    title="MetaMapService KYC Button Creation should call optional callback functions"
	  />
	
	  Name "MetaMapService KYC Completion should handle database update errors":
	  <li
	    class="jasmine-passed"
	    id="spec_spec516"
	    title="MetaMapService KYC Completion should handle database update errors"
	  />
	
	  Name "MetaMapService KYC Completion should handle client not found error":
	  <li
	    class="jasmine-passed"
	    id="spec_spec514"
	    title="MetaMapService KYC Completion should handle client not found error"
	  />
	
	  Name "MetaMapService KYC Completion should cap health score at 100":
	  <li
	    class="jasmine-passed"
	    id="spec_spec515"
	    title="MetaMapService KYC Completion should cap health score at 100"
	  />
	
	  Name "MetaMapService KYC Completion should complete KYC successfully":
	  <li
	    class="jasmine-passed"
	    id="spec_spec513"
	    title="MetaMapService KYC Completion should complete KYC successfully"
	  />
	
	  Name "MetaMapService Service Initialization should be created":
	  <li
	    class="jasmine-passed"
	    id="spec_spec504"
	    title="MetaMapService Service Initialization should be created"
	  />
	
	  Name "MetaMapService Service Initialization should initialize MetaMap SDK on creation":
	  <li
	    class="jasmine-passed"
	    id="spec_spec505"
	    title="MetaMapService Service Initialization should initialize MetaMap SDK on creation"
	  />
	
	  Name "MetaMapService Service Initialization should not reload SDK if already present":
	  <li
	    class="jasmine-passed"
	    id="spec_spec506"
	    title="MetaMapService Service Initialization should not reload SDK if already present"
	  />
	
	  Name "MetaMapService KYC Prerequisites Validation should detect missing comprobante de domicilio":
	  <li
	    class="jasmine-passed"
	    id="spec_spec519"
	    title="MetaMapService KYC Prerequisites Validation should detect missing comprobante de domicilio"
	  />
	
	  Name "MetaMapService KYC Prerequisites Validation should validate prerequisites for ready client":
	  <li
	    class="jasmine-passed"
	    id="spec_spec517"
	    title="MetaMapService KYC Prerequisites Validation should validate prerequisites for ready client"
	  />
	
	  Name "MetaMapService KYC Prerequisites Validation should detect multiple missing documents":
	  <li
	    class="jasmine-passed"
	    id="spec_spec521"
	    title="MetaMapService KYC Prerequisites Validation should detect multiple missing documents"
	  />
	
	  Name "MetaMapService KYC Prerequisites Validation should detect already completed KYC":
	  <li
	    class="jasmine-passed"
	    id="spec_spec520"
	    title="MetaMapService KYC Prerequisites Validation should detect already completed KYC"
	  />
	
	  Name "MetaMapService KYC Prerequisites Validation should detect missing INE document":
	  <li
	    class="jasmine-passed"
	    id="spec_spec518"
	    title="MetaMapService KYC Prerequisites Validation should detect missing INE document"
	  />
	
	  Name "MetaMapService KYC Status Reporting should report in_progress status":
	  <li
	    class="jasmine-passed"
	    id="spec_spec525"
	    title="MetaMapService KYC Status Reporting should report in_progress status"
	  />
	
	  Name "MetaMapService KYC Status Reporting should report failed status with retry option":
	  <li
	    class="jasmine-passed"
	    id="spec_spec524"
	    title="MetaMapService KYC Status Reporting should report failed status with retry option"
	  />
	
	  Name "MetaMapService KYC Status Reporting should report not_started for client without KYC document":
	  <li
	    class="jasmine-passed"
	    id="spec_spec527"
	    title="MetaMapService KYC Status Reporting should report not_started for client without KYC document"
	  />
	
	  Name "MetaMapService KYC Status Reporting should report prerequisites_missing status":
	  <li
	    class="jasmine-passed"
	    id="spec_spec526"
	    title="MetaMapService KYC Status Reporting should report prerequisites_missing status"
	  />
	
	  Name "MetaMapService KYC Status Reporting should report completed status":
	  <li
	    class="jasmine-passed"
	    id="spec_spec523"
	    title="MetaMapService KYC Status Reporting should report completed status"
	  />
	
	  Name "MetaMapService KYC Status Reporting should report ready status":
	  <li
	    class="jasmine-passed"
	    id="spec_spec522"
	    title="MetaMapService KYC Status Reporting should report ready status"
	  />
	
	  Name "MetaMapService SDK Availability Check should detect SDK availability when Mati object exists":
	  <li
	    class="jasmine-passed"
	    id="spec_spec531"
	    title="MetaMapService SDK Availability Check should detect SDK availability when Mati object exists"
	  />
	
	  Name "MetaMapService SDK Availability Check should report SDK as unavailable when neither exists":
	  <li
	    class="jasmine-passed"
	    id="spec_spec533"
	    title="MetaMapService SDK Availability Check should report SDK as unavailable when neither exists"
	  />
	
	  Name "MetaMapService SDK Availability Check should wait for page load when document not ready":
	  <li
	    class="jasmine-passed"
	    id="spec_spec535"
	    title="MetaMapService SDK Availability Check should wait for page load when document not ready"
	  />
	
	  Name "MetaMapService SDK Availability Check should detect SDK availability when metamap-button exists":
	  <li
	    class="jasmine-passed"
	    id="spec_spec532"
	    title="MetaMapService SDK Availability Check should detect SDK availability when metamap-button exists"
	  />
	
	  Name "MetaMapService SDK Availability Check should handle server-side rendering (no window object)":
	  <li
	    class="jasmine-pending"
	    id="spec_spec534"
	    title="MetaMapService SDK Availability Check should handle server-side rendering (no window object)"
	  />
	
	  Name "MetaMapService KYC Failure Simulation should handle client not found in failure simulation":
	  <li
	    class="jasmine-passed"
	    id="spec_spec530"
	    title="MetaMapService KYC Failure Simulation should handle client not found in failure simulation"
	  />
	
	  Name "MetaMapService KYC Failure Simulation should use default failure reason":
	  <li
	    class="jasmine-passed"
	    id="spec_spec529"
	    title="MetaMapService KYC Failure Simulation should use default failure reason"
	  />
	
	  Name "MetaMapService KYC Failure Simulation should simulate KYC failure":
	  <li
	    class="jasmine-passed"
	    id="spec_spec528"
	    title="MetaMapService KYC Failure Simulation should simulate KYC failure"
	  />
	
	  Name "MetaMapService Edge Cases and Error Handling should handle client without KYC document in completion":
	  <li
	    class="jasmine-passed"
	    id="spec_spec537"
	    title="MetaMapService Edge Cases and Error Handling should handle client without KYC document in completion"
	  />
	
	  Name "MetaMapService Edge Cases and Error Handling should handle exit event without reason":
	  <li
	    class="jasmine-passed"
	    id="spec_spec536"
	    title="MetaMapService Edge Cases and Error Handling should handle exit event without reason"
	  />
	
	  Name "MetaMapService Edge Cases and Error Handling should handle button creation with existing button in container":
	  <li
	    class="jasmine-passed"
	    id="spec_spec539"
	    title="MetaMapService Edge Cases and Error Handling should handle button creation with existing button in container"
	  />
	
	  Name "MetaMapService Edge Cases and Error Handling should handle empty verification data":
	  <li
	    class="jasmine-passed"
	    id="spec_spec538"
	    title="MetaMapService Edge Cases and Error Handling should handle empty verification data"
	  />
	
	  Name "LoginComponent Integration Tests should handle form submission with valid data":
	  <li
	    class="jasmine-failed"
	    id="spec_spec913"
	    title="LoginComponent Integration Tests should handle form submission with valid data"
	  />
	
	  Name "LoginComponent Integration Tests should show validation errors when form is submitted empty":
	  <li
	    class="jasmine-failed"
	    id="spec_spec910"
	    title="LoginComponent Integration Tests should show validation errors when form is submitted empty"
	  />
	
	  Name "LoginComponent Integration Tests should have proper accessibility attributes":
	  <li
	    class="jasmine-passed"
	    id="spec_spec915"
	    title="LoginComponent Integration Tests should have proper accessibility attributes"
	  />
	
	  Name "LoginComponent Integration Tests should enable submit button when form is valid":
	  <li
	    class="jasmine-failed"
	    id="spec_spec912"
	    title="LoginComponent Integration Tests should enable submit button when form is valid"
	  />
	
	  Name "LoginComponent Integration Tests should show email format error for invalid email":
	  <li
	    class="jasmine-passed"
	    id="spec_spec911"
	    title="LoginComponent Integration Tests should show email format error for invalid email"
	  />
	
	  Name "LoginComponent Integration Tests should display brand information":
	  <li
	    class="jasmine-passed"
	    id="spec_spec916"
	    title="LoginComponent Integration Tests should display brand information"
	  />
	
	  Name "LoginComponent Integration Tests should toggle password visibility":
	  <li
	    class="jasmine-passed"
	    id="spec_spec914"
	    title="LoginComponent Integration Tests should toggle password visibility"
	  />
	
	  Name "LoginComponent Integration Tests should render login form with all required fields":
	  <li
	    class="jasmine-failed"
	    id="spec_spec909"
	    title="LoginComponent Integration Tests should render login form with all required fields"
	  />
	
	  Name "HttpClientService POST Requests should show success message for POST requests":
	  <li
	    class="jasmine-passed"
	    id="spec_spec450"
	    title="HttpClientService POST Requests should show success message for POST requests"
	  />
	
	  Name "HttpClientService POST Requests should retry POST requests once":
	  <li
	    class="jasmine-empty"
	    id="spec_spec451"
	    title="HttpClientService POST Requests should retry POST requests once"
	  />
	
	  Name "HttpClientService POST Requests should perform POST request with data":
	  <li
	    class="jasmine-passed"
	    id="spec_spec449"
	    title="HttpClientService POST Requests should perform POST request with data"
	  />
	
	  Name "HttpClientService Success Handling should not log successful responses without messages":
	  <li
	    class="jasmine-passed"
	    id="spec_spec475"
	    title="HttpClientService Success Handling should not log successful responses without messages"
	  />
	
	  Name "HttpClientService Success Handling should log successful responses with messages":
	  <li
	    class="jasmine-passed"
	    id="spec_spec474"
	    title="HttpClientService Success Handling should log successful responses with messages"
	  />
	
	  Name "HttpClientService API Health Check should check API health successfully":
	  <li
	    class="jasmine-passed"
	    id="spec_spec469"
	    title="HttpClientService API Health Check should check API health successfully"
	  />
	
	  Name "HttpClientService API Health Check should handle API health check failure":
	  <li
	    class="jasmine-passed"
	    id="spec_spec471"
	    title="HttpClientService API Health Check should handle API health check failure"
	  />
	
	  Name "HttpClientService API Health Check should handle unhealthy API response":
	  <li
	    class="jasmine-passed"
	    id="spec_spec470"
	    title="HttpClientService API Health Check should handle unhealthy API response"
	  />
	
	  Name "HttpClientService GET Requests should retry failed GET requests":
	  <li
	    class="jasmine-empty"
	    id="spec_spec448"
	    title="HttpClientService GET Requests should retry failed GET requests"
	  />
	
	  Name "HttpClientService GET Requests should handle GET request with custom parameters":
	  <li
	    class="jasmine-passed"
	    id="spec_spec446"
	    title="HttpClientService GET Requests should handle GET request with custom parameters"
	  />
	
	  Name "HttpClientService GET Requests should add authentication headers":
	  <li
	    class="jasmine-passed"
	    id="spec_spec447"
	    title="HttpClientService GET Requests should add authentication headers"
	  />
	
	  Name "HttpClientService GET Requests should perform GET request with default options":
	  <li
	    class="jasmine-passed"
	    id="spec_spec445"
	    title="HttpClientService GET Requests should perform GET request with default options"
	  />
	
	  Name "HttpClientService Header Management should work without authentication token":
	  <li
	    class="jasmine-passed"
	    id="spec_spec460"
	    title="HttpClientService Header Management should work without authentication token"
	  />
	
	  Name "HttpClientService Header Management should merge custom headers with default headers":
	  <li
	    class="jasmine-passed"
	    id="spec_spec459"
	    title="HttpClientService Header Management should merge custom headers with default headers"
	  />
	
	  Name "HttpClientService Loading State Management should not show loading when disabled":
	  <li
	    class="jasmine-passed"
	    id="spec_spec473"
	    title="HttpClientService Loading State Management should not show loading when disabled"
	  />
	
	  Name "HttpClientService Loading State Management should manage loading state for multiple requests":
	  <li
	    class="jasmine-passed"
	    id="spec_spec472"
	    title="HttpClientService Loading State Management should manage loading state for multiple requests"
	  />
	
	  Name "HttpClientService File Upload should upload file with FormData":
	  <li
	    class="jasmine-passed"
	    id="spec_spec454"
	    title="HttpClientService File Upload should upload file with FormData"
	  />
	
	  Name "HttpClientService File Upload should upload file without additional data":
	  <li
	    class="jasmine-passed"
	    id="spec_spec455"
	    title="HttpClientService File Upload should upload file without additional data"
	  />
	
	  Name "HttpClientService Connection Monitoring should detect offline status change":
	  <li
	    class="jasmine-passed"
	    id="spec_spec443"
	    title="HttpClientService Connection Monitoring should detect offline status change"
	  />
	
	  Name "HttpClientService Connection Monitoring should detect online status change":
	  <li
	    class="jasmine-passed"
	    id="spec_spec442"
	    title="HttpClientService Connection Monitoring should detect online status change"
	  />
	
	  Name "HttpClientService Connection Monitoring should provide current connection status":
	  <li
	    class="jasmine-passed"
	    id="spec_spec444"
	    title="HttpClientService Connection Monitoring should provide current connection status"
	  />
	
	  Name "HttpClientService Error Handling should handle network connectivity issues":
	  <li
	    class="jasmine-failed"
	    id="spec_spec466"
	    title="HttpClientService Error Handling should handle network connectivity issues"
	  />
	
	  Name "HttpClientService Error Handling should handle 500 Internal Server Error":
	  <li
	    class="jasmine-passed"
	    id="spec_spec465"
	    title="HttpClientService Error Handling should handle 500 Internal Server Error"
	  />
	
	  Name "HttpClientService Error Handling should handle client-side errors":
	  <li
	    class="jasmine-passed"
	    id="spec_spec468"
	    title="HttpClientService Error Handling should handle client-side errors"
	  />
	
	  Name "HttpClientService Error Handling should not show error toast when showError is false":
	  <li
	    class="jasmine-passed"
	    id="spec_spec467"
	    title="HttpClientService Error Handling should not show error toast when showError is false"
	  />
	
	  Name "HttpClientService Error Handling should handle 422 Validation Error with detailed messages":
	  <li
	    class="jasmine-passed"
	    id="spec_spec464"
	    title="HttpClientService Error Handling should handle 422 Validation Error with detailed messages"
	  />
	
	  Name "HttpClientService Error Handling should handle 404 Not Found error":
	  <li
	    class="jasmine-passed"
	    id="spec_spec463"
	    title="HttpClientService Error Handling should handle 404 Not Found error"
	  />
	
	  Name "HttpClientService Error Handling should handle 401 Unauthorized and logout user":
	  <li
	    class="jasmine-passed"
	    id="spec_spec462"
	    title="HttpClientService Error Handling should handle 401 Unauthorized and logout user"
	  />
	
	  Name "HttpClientService Error Handling should handle 400 Bad Request error":
	  <li
	    class="jasmine-passed"
	    id="spec_spec461"
	    title="HttpClientService Error Handling should handle 400 Bad Request error"
	  />
	
	  Name "HttpClientService URL Building should handle nested endpoints":
	  <li
	    class="jasmine-empty"
	    id="spec_spec458"
	    title="HttpClientService URL Building should handle nested endpoints"
	  />
	
	  Name "HttpClientService URL Building should handle URLs with leading slash":
	  <li
	    class="jasmine-passed"
	    id="spec_spec457"
	    title="HttpClientService URL Building should handle URLs with leading slash"
	  />
	
	  Name "HttpClientService URL Building should build correct URLs":
	  <li
	    class="jasmine-passed"
	    id="spec_spec456"
	    title="HttpClientService URL Building should build correct URLs"
	  />
	
	  Name "HttpClientService PUT Requests should perform PUT request":
	  <li
	    class="jasmine-passed"
	    id="spec_spec452"
	    title="HttpClientService PUT Requests should perform PUT request"
	  />
	
	  Name "HttpClientService DELETE Requests should perform DELETE request":
	  <li
	    class="jasmine-passed"
	    id="spec_spec453"
	    title="HttpClientService DELETE Requests should perform DELETE request"
	  />
	
	  Name "HttpClientService Service Initialization should be created":
	  <li
	    class="jasmine-passed"
	    id="spec_spec440"
	    title="HttpClientService Service Initialization should be created"
	  />
	
	  Name "HttpClientService Service Initialization should initialize with connection status":
	  <li
	    class="jasmine-passed"
	    id="spec_spec441"
	    title="HttpClientService Service Initialization should initialize with connection status"
	  />
	
	  Name "DocumentValidationService Ecosystem Document Validation (EdoMex) should validate critical agremiado documents":
	  <li
	    class="jasmine-passed"
	    id="spec_spec380"
	    title="DocumentValidationService Ecosystem Document Validation (EdoMex) should validate critical agremiado documents"
	  />
	
	  Name "DocumentValidationService Ecosystem Document Validation (EdoMex) should detect missing critical ecosystem documents":
	  <li
	    class="jasmine-passed"
	    id="spec_spec378"
	    title="DocumentValidationService Ecosystem Document Validation (EdoMex) should detect missing critical ecosystem documents"
	  />
	
	  Name "DocumentValidationService Ecosystem Document Validation (EdoMex) should assess ecosystem risk level correctly":
	  <li
	    class="jasmine-passed"
	    id="spec_spec379"
	    title="DocumentValidationService Ecosystem Document Validation (EdoMex) should assess ecosystem risk level correctly"
	  />
	
	  Name "DocumentValidationService Ecosystem Document Validation (EdoMex) should validate complete ecosystem documents":
	  <li
	    class="jasmine-passed"
	    id="spec_spec377"
	    title="DocumentValidationService Ecosystem Document Validation (EdoMex) should validate complete ecosystem documents"
	  />
	
	  Name "DocumentValidationService Edge Cases and Error Handling should handle empty document list":
	  <li
	    class="jasmine-passed"
	    id="spec_spec395"
	    title="DocumentValidationService Edge Cases and Error Handling should handle empty document list"
	  />
	
	  Name "DocumentValidationService Edge Cases and Error Handling should handle clients without market assignment":
	  <li
	    class="jasmine-passed"
	    id="spec_spec397"
	    title="DocumentValidationService Edge Cases and Error Handling should handle clients without market assignment"
	  />
	
	  Name "DocumentValidationService Edge Cases and Error Handling should handle documents without names":
	  <li
	    class="jasmine-passed"
	    id="spec_spec396"
	    title="DocumentValidationService Edge Cases and Error Handling should handle documents without names"
	  />
	
	  Name "DocumentValidationService Edge Cases and Error Handling should generate compliance recommendations for various scenarios":
	  <li
	    class="jasmine-passed"
	    id="spec_spec399"
	    title="DocumentValidationService Edge Cases and Error Handling should generate compliance recommendations for various scenarios"
	  />
	
	  Name "DocumentValidationService Edge Cases and Error Handling should handle ecosystem validation with empty document list":
	  <li
	    class="jasmine-passed"
	    id="spec_spec398"
	    title="DocumentValidationService Edge Cases and Error Handling should handle ecosystem validation with empty document list"
	  />
	
	  Name "DocumentValidationService Validation Rules should assess legibility scores":
	  <li
	    class="jasmine-passed"
	    id="spec_spec394"
	    title="DocumentValidationService Validation Rules should assess legibility scores"
	  />
	
	  Name "DocumentValidationService Validation Rules should check document expiration":
	  <li
	    class="jasmine-passed"
	    id="spec_spec392"
	    title="DocumentValidationService Validation Rules should check document expiration"
	  />
	
	  Name "DocumentValidationService Validation Rules should validate file formats correctly":
	  <li
	    class="jasmine-passed"
	    id="spec_spec391"
	    title="DocumentValidationService Validation Rules should validate file formats correctly"
	  />
	
	  Name "DocumentValidationService Validation Rules should handle documents without expiration date":
	  <li
	    class="jasmine-passed"
	    id="spec_spec393"
	    title="DocumentValidationService Validation Rules should handle documents without expiration date"
	  />
	
	  Name "DocumentValidationService Document Validation should generate auto-corrections for fixable issues":
	  <li
	    class="jasmine-passed"
	    id="spec_spec370"
	    title="DocumentValidationService Document Validation should generate auto-corrections for fixable issues"
	  />
	
	  Name "DocumentValidationService Document Validation should validate document with valid format":
	  <li
	    class="jasmine-passed"
	    id="spec_spec367"
	    title="DocumentValidationService Document Validation should validate document with valid format"
	  />
	
	  Name "DocumentValidationService Document Validation should provide suggestions for improvement":
	  <li
	    class="jasmine-passed"
	    id="spec_spec371"
	    title="DocumentValidationService Document Validation should provide suggestions for improvement"
	  />
	
	  Name "DocumentValidationService Document Validation should detect invalid file format":
	  <li
	    class="jasmine-passed"
	    id="spec_spec368"
	    title="DocumentValidationService Document Validation should detect invalid file format"
	  />
	
	  Name "DocumentValidationService Document Validation should detect expired documents":
	  <li
	    class="jasmine-passed"
	    id="spec_spec369"
	    title="DocumentValidationService Document Validation should detect expired documents"
	  />
	
	  Name "DocumentValidationService Document Type Detection should provide suggestions for unclear filenames":
	  <li
	    class="jasmine-passed"
	    id="spec_spec389"
	    title="DocumentValidationService Document Type Detection should provide suggestions for unclear filenames"
	  />
	
	  Name "DocumentValidationService Document Type Detection should handle various file extensions":
	  <li
	    class="jasmine-passed"
	    id="spec_spec390"
	    title="DocumentValidationService Document Type Detection should handle various file extensions"
	  />
	
	  Name "DocumentValidationService Document Type Detection should detect INE from filename":
	  <li
	    class="jasmine-passed"
	    id="spec_spec385"
	    title="DocumentValidationService Document Type Detection should detect INE from filename"
	  />
	
	  Name "DocumentValidationService Document Type Detection should detect RFC documents":
	  <li
	    class="jasmine-passed"
	    id="spec_spec386"
	    title="DocumentValidationService Document Type Detection should detect RFC documents"
	  />
	
	  Name "DocumentValidationService Document Type Detection should detect ecosystem documents":
	  <li
	    class="jasmine-passed"
	    id="spec_spec387"
	    title="DocumentValidationService Document Type Detection should detect ecosystem documents"
	  />
	
	  Name "DocumentValidationService Document Type Detection should detect carta aval documents":
	  <li
	    class="jasmine-passed"
	    id="spec_spec388"
	    title="DocumentValidationService Document Type Detection should detect carta aval documents"
	  />
	
	  Name "DocumentValidationService Document Requirements by Market/Flow should return AGS specific requirements":
	  <li
	    class="jasmine-passed"
	    id="spec_spec381"
	    title="DocumentValidationService Document Requirements by Market/Flow should return AGS specific requirements"
	  />
	
	  Name "DocumentValidationService Document Requirements by Market/Flow should return EdoMex specific requirements":
	  <li
	    class="jasmine-passed"
	    id="spec_spec382"
	    title="DocumentValidationService Document Requirements by Market/Flow should return EdoMex specific requirements"
	  />
	
	  Name "DocumentValidationService Document Requirements by Market/Flow should filter requirements by flow type":
	  <li
	    class="jasmine-passed"
	    id="spec_spec383"
	    title="DocumentValidationService Document Requirements by Market/Flow should filter requirements by flow type"
	  />
	
	  Name "DocumentValidationService Document Requirements by Market/Flow should apply conditional requirements":
	  <li
	    class="jasmine-passed"
	    id="spec_spec384"
	    title="DocumentValidationService Document Requirements by Market/Flow should apply conditional requirements"
	  />
	
	  Name "DocumentValidationService Compliance Report Generation should generate compliance report for Aguascalientes client":
	  <li
	    class="jasmine-passed"
	    id="spec_spec372"
	    title="DocumentValidationService Compliance Report Generation should generate compliance report for Aguascalientes client"
	  />
	
	  Name "DocumentValidationService Compliance Report Generation should identify missing documents":
	  <li
	    class="jasmine-passed"
	    id="spec_spec373"
	    title="DocumentValidationService Compliance Report Generation should identify missing documents"
	  />
	
	  Name "DocumentValidationService Compliance Report Generation should categorize documents correctly":
	  <li
	    class="jasmine-passed"
	    id="spec_spec374"
	    title="DocumentValidationService Compliance Report Generation should categorize documents correctly"
	  />
	
	  Name "DocumentValidationService Compliance Report Generation should provide blocking issues for incomplete documents":
	  <li
	    class="jasmine-passed"
	    id="spec_spec375"
	    title="DocumentValidationService Compliance Report Generation should provide blocking issues for incomplete documents"
	  />
	
	  Name "DocumentValidationService Compliance Report Generation should generate appropriate next steps":
	  <li
	    class="jasmine-passed"
	    id="spec_spec376"
	    title="DocumentValidationService Compliance Report Generation should generate appropriate next steps"
	  />
	
	  Name "DocumentValidationService Service Initialization should initialize document requirements":
	  <li
	    class="jasmine-passed"
	    id="spec_spec366"
	    title="DocumentValidationService Service Initialization should initialize document requirements"
	  />
	
	  Name "DocumentValidationService Service Initialization should be created":
	  <li
	    class="jasmine-passed"
	    id="spec_spec365"
	    title="DocumentValidationService Service Initialization should be created"
	  />
	
	  Name "ConektaPaymentService Payment History and Status should get payment history with customer filter":
	  <li
	    class="jasmine-passed"
	    id="spec_spec183"
	    title="ConektaPaymentService Payment History and Status should get payment history with customer filter"
	  />
	
	  Name "ConektaPaymentService Payment History and Status should get payment history without customer filter":
	  <li
	    class="jasmine-passed"
	    id="spec_spec182"
	    title="ConektaPaymentService Payment History and Status should get payment history without customer filter"
	  />
	
	  Name "ConektaPaymentService Payment History and Status should get payment status":
	  <li
	    class="jasmine-passed"
	    id="spec_spec184"
	    title="ConektaPaymentService Payment History and Status should get payment status"
	  />
	
	  Name "ConektaPaymentService Error Handling Edge Cases should handle errors with simple message":
	  <li
	    class="jasmine-passed"
	    id="spec_spec192"
	    title="ConektaPaymentService Error Handling Edge Cases should handle errors with simple message"
	  />
	
	  Name "ConektaPaymentService Error Handling Edge Cases should handle errors without structured response":
	  <li
	    class="jasmine-passed"
	    id="spec_spec193"
	    title="ConektaPaymentService Error Handling Edge Cases should handle errors without structured response"
	  />
	
	  Name "ConektaPaymentService Test Methods should create test payment with custom amount":
	  <li
	    class="jasmine-passed"
	    id="spec_spec191"
	    title="ConektaPaymentService Test Methods should create test payment with custom amount"
	  />
	
	  Name "ConektaPaymentService Test Methods should create test payment with default amount":
	  <li
	    class="jasmine-passed"
	    id="spec_spec190"
	    title="ConektaPaymentService Test Methods should create test payment with default amount"
	  />
	
	  Name "ConektaPaymentService Business Logic Helpers should handle monthly payment setup errors":
	  <li
	    class="jasmine-passed"
	    id="spec_spec189"
	    title="ConektaPaymentService Business Logic Helpers should handle monthly payment setup errors"
	  />
	
	  Name "ConektaPaymentService Business Logic Helpers should create down payment link":
	  <li
	    class="jasmine-passed"
	    id="spec_spec188"
	    title="ConektaPaymentService Business Logic Helpers should create down payment link"
	  />
	
	  Name "ConektaPaymentService Webhook Validation should handle validation errors gracefully":
	  <li
	    class="jasmine-pending"
	    id="spec_spec187"
	    title="ConektaPaymentService Webhook Validation should handle validation errors gracefully"
	  />
	
	  Name "ConektaPaymentService Webhook Validation should reject incorrect webhook signature":
	  <li
	    class="jasmine-passed"
	    id="spec_spec186"
	    title="ConektaPaymentService Webhook Validation should reject incorrect webhook signature"
	  />
	
	  Name "ConektaPaymentService Webhook Validation should validate correct webhook signature":
	  <li
	    class="jasmine-passed"
	    id="spec_spec185"
	    title="ConektaPaymentService Webhook Validation should validate correct webhook signature"
	  />
	
	  Name "ConektaPaymentService Service Initialization should load Conekta SDK on initialization":
	  <li
	    class="jasmine-passed"
	    id="spec_spec166"
	    title="ConektaPaymentService Service Initialization should load Conekta SDK on initialization"
	  />
	
	  Name "ConektaPaymentService Service Initialization should be created":
	  <li
	    class="jasmine-passed"
	    id="spec_spec165"
	    title="ConektaPaymentService Service Initialization should be created"
	  />
	
	  Name "ConektaPaymentService Card Tokenization should tokenize valid card successfully":
	  <li
	    class="jasmine-passed"
	    id="spec_spec167"
	    title="ConektaPaymentService Card Tokenization should tokenize valid card successfully"
	  />
	
	  Name "ConektaPaymentService Card Tokenization should generate random tokens for other card numbers":
	  <li
	    class="jasmine-passed"
	    id="spec_spec169"
	    title="ConektaPaymentService Card Tokenization should generate random tokens for other card numbers"
	  />
	
	  Name "ConektaPaymentService Card Tokenization should handle tokenization errors":
	  <li
	    class="jasmine-passed"
	    id="spec_spec168"
	    title="ConektaPaymentService Card Tokenization should handle tokenization errors"
	  />
	
	  Name "ConektaPaymentService Payment Processing should handle payment processing errors":
	  <li
	    class="jasmine-passed"
	    id="spec_spec171"
	    title="ConektaPaymentService Payment Processing should handle payment processing errors"
	  />
	
	  Name "ConektaPaymentService Payment Processing should process card payment successfully":
	  <li
	    class="jasmine-passed"
	    id="spec_spec170"
	    title="ConektaPaymentService Payment Processing should process card payment successfully"
	  />
	
	  Name "ConektaPaymentService Payment Links (Cash Payments) should set default expiration if not provided":
	  <li
	    class="jasmine-passed"
	    id="spec_spec173"
	    title="ConektaPaymentService Payment Links (Cash Payments) should set default expiration if not provided"
	  />
	
	  Name "ConektaPaymentService Payment Links (Cash Payments) should create payment link for cash payments":
	  <li
	    class="jasmine-passed"
	    id="spec_spec172"
	    title="ConektaPaymentService Payment Links (Cash Payments) should create payment link for cash payments"
	  />
	
	  Name "ConektaPaymentService Customer Management should update customer":
	  <li
	    class="jasmine-passed"
	    id="spec_spec175"
	    title="ConektaPaymentService Customer Management should update customer"
	  />
	
	  Name "ConektaPaymentService Customer Management should create customer":
	  <li
	    class="jasmine-passed"
	    id="spec_spec174"
	    title="ConektaPaymentService Customer Management should create customer"
	  />
	
	  Name "ConektaPaymentService Customer Management should get customer":
	  <li
	    class="jasmine-passed"
	    id="spec_spec176"
	    title="ConektaPaymentService Customer Management should get customer"
	  />
	
	  Name "ConektaPaymentService Subscription Management should pause subscription":
	  <li
	    class="jasmine-passed"
	    id="spec_spec180"
	    title="ConektaPaymentService Subscription Management should pause subscription"
	  />
	
	  Name "ConektaPaymentService Subscription Management should get subscription":
	  <li
	    class="jasmine-passed"
	    id="spec_spec179"
	    title="ConektaPaymentService Subscription Management should get subscription"
	  />
	
	  Name "ConektaPaymentService Subscription Management should create subscription":
	  <li
	    class="jasmine-passed"
	    id="spec_spec178"
	    title="ConektaPaymentService Subscription Management should create subscription"
	  />
	
	  Name "ConektaPaymentService Subscription Management should cancel subscription":
	  <li
	    class="jasmine-passed"
	    id="spec_spec181"
	    title="ConektaPaymentService Subscription Management should cancel subscription"
	  />
	
	  Name "ConektaPaymentService Subscription Management should create subscription plan":
	  <li
	    class="jasmine-passed"
	    id="spec_spec177"
	    title="ConektaPaymentService Subscription Management should create subscription plan"
	  />
	
	  Name "ToastService Observable Behavior should emit each toast separately":
	  <li
	    class="jasmine-passed"
	    id="spec_spec799"
	    title="ToastService Observable Behavior should emit each toast separately"
	  />
	
	  Name "ToastService Observable Behavior should emit toasts through observable":
	  <li
	    class="jasmine-passed"
	    id="spec_spec797"
	    title="ToastService Observable Behavior should emit toasts through observable"
	  />
	
	  Name "ToastService Observable Behavior should support multiple subscribers":
	  <li
	    class="jasmine-passed"
	    id="spec_spec798"
	    title="ToastService Observable Behavior should support multiple subscribers"
	  />
	
	  Name "ToastService Edge Cases should handle very long message":
	  <li
	    class="jasmine-passed"
	    id="spec_spec801"
	    title="ToastService Edge Cases should handle very long message"
	  />
	
	  Name "ToastService Edge Cases should handle empty message":
	  <li
	    class="jasmine-passed"
	    id="spec_spec800"
	    title="ToastService Edge Cases should handle empty message"
	  />
	
	  Name "ToastService Edge Cases should handle rapid consecutive toasts":
	  <li
	    class="jasmine-failed"
	    id="spec_spec805"
	    title="ToastService Edge Cases should handle rapid consecutive toasts"
	  />
	
	  Name "ToastService Edge Cases should handle special characters in message":
	  <li
	    class="jasmine-passed"
	    id="spec_spec804"
	    title="ToastService Edge Cases should handle special characters in message"
	  />
	
	  Name "ToastService Edge Cases should handle negative duration":
	  <li
	    class="jasmine-passed"
	    id="spec_spec803"
	    title="ToastService Edge Cases should handle negative duration"
	  />
	
	  Name "ToastService Edge Cases should handle zero duration":
	  <li
	    class="jasmine-passed"
	    id="spec_spec802"
	    title="ToastService Edge Cases should handle zero duration"
	  />
	
	  Name "ToastService Toast State Management should handle removing all toasts":
	  <li
	    class="jasmine-passed"
	    id="spec_spec807"
	    title="ToastService Toast State Management should handle removing all toasts"
	  />
	
	  Name "ToastService Toast State Management should maintain correct state after multiple operations":
	  <li
	    class="jasmine-failed"
	    id="spec_spec806"
	    title="ToastService Toast State Management should maintain correct state after multiple operations"
	  />
	
	  Name "ToastService Service Initialization should have toasts$ observable":
	  <li
	    class="jasmine-passed"
	    id="spec_spec780"
	    title="ToastService Service Initialization should have toasts$ observable"
	  />
	
	  Name "ToastService Service Initialization should initialize with empty toasts array":
	  <li
	    class="jasmine-passed"
	    id="spec_spec779"
	    title="ToastService Service Initialization should initialize with empty toasts array"
	  />
	
	  Name "ToastService Service Initialization should be created":
	  <li
	    class="jasmine-passed"
	    id="spec_spec778"
	    title="ToastService Service Initialization should be created"
	  />
	
	  Name "ToastService Success Toast should create success toast with default duration":
	  <li
	    class="jasmine-passed"
	    id="spec_spec781"
	    title="ToastService Success Toast should create success toast with default duration"
	  />
	
	  Name "ToastService Success Toast should create success toast with custom duration":
	  <li
	    class="jasmine-passed"
	    id="spec_spec782"
	    title="ToastService Success Toast should create success toast with custom duration"
	  />
	
	  Name "ToastService Success Toast should add success toast to toasts array":
	  <li
	    class="jasmine-passed"
	    id="spec_spec783"
	    title="ToastService Success Toast should add success toast to toasts array"
	  />
	
	  Name "ToastService Warning Toast should create warning toast with default duration":
	  <li
	    class="jasmine-passed"
	    id="spec_spec786"
	    title="ToastService Warning Toast should create warning toast with default duration"
	  />
	
	  Name "ToastService Warning Toast should create warning toast with custom duration":
	  <li
	    class="jasmine-passed"
	    id="spec_spec787"
	    title="ToastService Warning Toast should create warning toast with custom duration"
	  />
	
	  Name "ToastService Error Toast should create error toast with default duration":
	  <li
	    class="jasmine-passed"
	    id="spec_spec784"
	    title="ToastService Error Toast should create error toast with default duration"
	  />
	
	  Name "ToastService Error Toast should create error toast with custom duration":
	  <li
	    class="jasmine-passed"
	    id="spec_spec785"
	    title="ToastService Error Toast should create error toast with custom duration"
	  />
	
	  Name "ToastService Info Toast should create info toast with default duration":
	  <li
	    class="jasmine-passed"
	    id="spec_spec788"
	    title="ToastService Info Toast should create info toast with default duration"
	  />
	
	  Name "ToastService Info Toast should create info toast with custom duration":
	  <li
	    class="jasmine-passed"
	    id="spec_spec789"
	    title="ToastService Info Toast should create info toast with custom duration"
	  />
	
	  Name "ToastService Toast Management should handle removing non-existent toast ID":
	  <li
	    class="jasmine-passed"
	    id="spec_spec792"
	    title="ToastService Toast Management should handle removing non-existent toast ID"
	  />
	
	  Name "ToastService Toast Management should remove only specified toast when multiple exist":
	  <li
	    class="jasmine-failed"
	    id="spec_spec793"
	    title="ToastService Toast Management should remove only specified toast when multiple exist"
	  />
	
	  Name "ToastService Toast Management should generate unique IDs for different toasts":
	  <li
	    class="jasmine-failed"
	    id="spec_spec790"
	    title="ToastService Toast Management should generate unique IDs for different toasts"
	  />
	
	  Name "ToastService Toast Management should remove toast by ID":
	  <li
	    class="jasmine-passed"
	    id="spec_spec791"
	    title="ToastService Toast Management should remove toast by ID"
	  />
	
	  Name "ToastService Auto-removal Functionality should handle manual removal before auto-removal":
	  <li
	    class="jasmine-passed"
	    id="spec_spec796"
	    title="ToastService Auto-removal Functionality should handle manual removal before auto-removal"
	  />
	
	  Name "ToastService Auto-removal Functionality should auto-remove toast after specified duration":
	  <li
	    class="jasmine-passed"
	    id="spec_spec794"
	    title="ToastService Auto-removal Functionality should auto-remove toast after specified duration"
	  />
	
	  Name "ToastService Auto-removal Functionality should auto-remove multiple toasts at different times":
	  <li
	    class="jasmine-failed"
	    id="spec_spec795"
	    title="ToastService Auto-removal Functionality should auto-remove multiple toasts at different times"
	  />
	
	  Name "math.util safe operations should reduce FP drift":
	  <li
	    class="jasmine-passed"
	    id="spec_spec844"
	    title="math.util safe operations should reduce FP drift"
	  />
	
	  Name "math.util round2 should round to 2 decimals":
	  <li
	    class="jasmine-passed"
	    id="spec_spec843"
	    title="math.util round2 should round to 2 decimals"
	  />
	
	  Name "math.util annuity should compute payment correctly":
	  <li
	    class="jasmine-passed"
	    id="spec_spec847"
	    title="math.util annuity should compute payment correctly"
	  />
	
	  Name "math.util clamp should bound values":
	  <li
	    class="jasmine-passed"
	    id="spec_spec845"
	    title="math.util clamp should bound values"
	  />
	
	  Name "math.util monthsToYearsCeil should ceil to years":
	  <li
	    class="jasmine-passed"
	    id="spec_spec849"
	    title="math.util monthsToYearsCeil should ceil to years"
	  />
	
	  Name "math.util helpers should aggregate values":
	  <li
	    class="jasmine-passed"
	    id="spec_spec848"
	    title="math.util helpers should aggregate values"
	  />
	
	  Name "math.util rate conversions should be consistent":
	  <li
	    class="jasmine-passed"
	    id="spec_spec846"
	    title="math.util rate conversions should be consistent"
	  />
	
	  Name "format.util formatCurrencyMXN should format with symbol and two decimals":
	  <li
	    class="jasmine-passed"
	    id="spec_spec839"
	    title="format.util formatCurrencyMXN should format with symbol and two decimals"
	  />
	
	  Name "format.util parseCurrency should parse strings with symbols and commas":
	  <li
	    class="jasmine-passed"
	    id="spec_spec840"
	    title="format.util parseCurrency should parse strings with symbols and commas"
	  />
	
	  Name "format.util toYears should render human friendly term":
	  <li
	    class="jasmine-passed"
	    id="spec_spec842"
	    title="format.util toYears should render human friendly term"
	  />
	
	  Name "format.util formatPercent should format with default decimals":
	  <li
	    class="jasmine-passed"
	    id="spec_spec841"
	    title="format.util formatPercent should format with default decimals"
	  />
	
	  Name "BackendApiService Error Handling Edge Cases should handle storage errors gracefully":
	  <li
	    class="jasmine-passed"
	    id="spec_spec114"
	    title="BackendApiService Error Handling Edge Cases should handle storage errors gracefully"
	  />
	
	  Name "BackendApiService Error Handling Edge Cases should handle null client data from local storage":
	  <li
	    class="jasmine-passed"
	    id="spec_spec113"
	    title="BackendApiService Error Handling Edge Cases should handle null client data from local storage"
	  />
	
	  Name "BackendApiService Error Handling Edge Cases should handle unknown action types in sync":
	  <li
	    class="jasmine-passed"
	    id="spec_spec115"
	    title="BackendApiService Error Handling Edge Cases should handle unknown action types in sync"
	  />
	
	  Name "BackendApiService Contract Management should get contract successfully":
	  <li
	    class="jasmine-passed"
	    id="spec_spec90"
	    title="BackendApiService Contract Management should get contract successfully"
	  />
	
	  Name "BackendApiService Contract Management should fallback to local storage when getting client contracts fails":
	  <li
	    class="jasmine-passed"
	    id="spec_spec93"
	    title="BackendApiService Contract Management should fallback to local storage when getting client contracts fails"
	  />
	
	  Name "BackendApiService Contract Management should get client contracts successfully":
	  <li
	    class="jasmine-passed"
	    id="spec_spec92"
	    title="BackendApiService Contract Management should get client contracts successfully"
	  />
	
	  Name "BackendApiService Contract Management should handle create contract offline mode":
	  <li
	    class="jasmine-passed"
	    id="spec_spec89"
	    title="BackendApiService Contract Management should handle create contract offline mode"
	  />
	
	  Name "BackendApiService Contract Management should create contract successfully":
	  <li
	    class="jasmine-passed"
	    id="spec_spec88"
	    title="BackendApiService Contract Management should create contract successfully"
	  />
	
	  Name "BackendApiService Contract Management should fallback to local storage when getting contract fails":
	  <li
	    class="jasmine-passed"
	    id="spec_spec91"
	    title="BackendApiService Contract Management should fallback to local storage when getting contract fails"
	  />
	
	  Name "BackendApiService Mock Data Generation should generate all mock ecosystems when no market filter":
	  <li
	    class="jasmine-passed"
	    id="spec_spec112"
	    title="BackendApiService Mock Data Generation should generate all mock ecosystems when no market filter"
	  />
	
	  Name "BackendApiService Mock Data Generation should generate mock ecosystems for EDOMEX market":
	  <li
	    class="jasmine-passed"
	    id="spec_spec111"
	    title="BackendApiService Mock Data Generation should generate mock ecosystems for EDOMEX market"
	  />
	
	  Name "BackendApiService Mock Data Generation should generate mock ecosystems for AGS market":
	  <li
	    class="jasmine-passed"
	    id="spec_spec110"
	    title="BackendApiService Mock Data Generation should generate mock ecosystems for AGS market"
	  />
	
	  Name "BackendApiService Service Initialization should have correct API configuration":
	  <li
	    class="jasmine-passed"
	    id="spec_spec79"
	    title="BackendApiService Service Initialization should have correct API configuration"
	  />
	
	  Name "BackendApiService Service Initialization should initialize with online status":
	  <li
	    class="jasmine-passed"
	    id="spec_spec78"
	    title="BackendApiService Service Initialization should initialize with online status"
	  />
	
	  Name "BackendApiService Service Initialization should be created":
	  <li
	    class="jasmine-passed"
	    id="spec_spec77"
	    title="BackendApiService Service Initialization should be created"
	  />
	
	  Name "BackendApiService Client Management should create client successfully":
	  <li
	    class="jasmine-passed"
	    id="spec_spec80"
	    title="BackendApiService Client Management should create client successfully"
	  />
	
	  Name "BackendApiService Client Management should handle update client offline mode":
	  <li
	    class="jasmine-passed"
	    id="spec_spec83"
	    title="BackendApiService Client Management should handle update client offline mode"
	  />
	
	  Name "BackendApiService Client Management should handle create client offline mode":
	  <li
	    class="jasmine-passed"
	    id="spec_spec81"
	    title="BackendApiService Client Management should handle create client offline mode"
	  />
	
	  Name "BackendApiService Client Management should get client successfully":
	  <li
	    class="jasmine-passed"
	    id="spec_spec84"
	    title="BackendApiService Client Management should get client successfully"
	  />
	
	  Name "BackendApiService Client Management should update client successfully":
	  <li
	    class="jasmine-failed"
	    id="spec_spec82"
	    title="BackendApiService Client Management should update client successfully"
	  />
	
	  Name "BackendApiService Client Management should fallback to local storage when getting client fails":
	  <li
	    class="jasmine-passed"
	    id="spec_spec85"
	    title="BackendApiService Client Management should fallback to local storage when getting client fails"
	  />
	
	  Name "BackendApiService Client Management should return empty array when getting clients fails":
	  <li
	    class="jasmine-passed"
	    id="spec_spec87"
	    title="BackendApiService Client Management should return empty array when getting clients fails"
	  />
	
	  Name "BackendApiService Client Management should get clients with filters":
	  <li
	    class="jasmine-passed"
	    id="spec_spec86"
	    title="BackendApiService Client Management should get clients with filters"
	  />
	
	  Name "BackendApiService Sync Management should sync pending actions when coming online":
	  <li
	    class="jasmine-failed"
	    id="spec_spec104"
	    title="BackendApiService Sync Management should sync pending actions when coming online"
	  />
	
	  Name "BackendApiService Sync Management should handle sync errors gracefully":
	  <li
	    class="jasmine-passed"
	    id="spec_spec105"
	    title="BackendApiService Sync Management should handle sync errors gracefully"
	  />
	
	  Name "BackendApiService File Upload should upload document successfully":
	  <li
	    class="jasmine-passed"
	    id="spec_spec102"
	    title="BackendApiService File Upload should upload document successfully"
	  />
	
	  Name "BackendApiService File Upload should handle upload document offline mode":
	  <li
	    class="jasmine-passed"
	    id="spec_spec103"
	    title="BackendApiService File Upload should handle upload document offline mode"
	  />
	
	  Name "BackendApiService Network Status Management should update online status when network changes":
	  <li
	    class="jasmine-failed"
	    id="spec_spec108"
	    title="BackendApiService Network Status Management should update online status when network changes"
	  />
	
	  Name "BackendApiService Network Status Management should trigger sync when going back online":
	  <li
	    class="jasmine-failed"
	    id="spec_spec109"
	    title="BackendApiService Network Status Management should trigger sync when going back online"
	  />
	
	  Name "BackendApiService Health Check should return offline health status when API fails":
	  <li
	    class="jasmine-passed"
	    id="spec_spec107"
	    title="BackendApiService Health Check should return offline health status when API fails"
	  />
	
	  Name "BackendApiService Health Check should return online health status":
	  <li
	    class="jasmine-passed"
	    id="spec_spec106"
	    title="BackendApiService Health Check should return online health status"
	  />
	
	  Name "BackendApiService Ecosystem Management should update ecosystem capacity successfully":
	  <li
	    class="jasmine-passed"
	    id="spec_spec98"
	    title="BackendApiService Ecosystem Management should update ecosystem capacity successfully"
	  />
	
	  Name "BackendApiService Ecosystem Management should get ecosystem by ID successfully":
	  <li
	    class="jasmine-passed"
	    id="spec_spec97"
	    title="BackendApiService Ecosystem Management should get ecosystem by ID successfully"
	  />
	
	  Name "BackendApiService Ecosystem Management should return mock data when getting ecosystems fails":
	  <li
	    class="jasmine-passed"
	    id="spec_spec96"
	    title="BackendApiService Ecosystem Management should return mock data when getting ecosystems fails"
	  />
	
	  Name "BackendApiService Ecosystem Management should get ecosystems with market filter":
	  <li
	    class="jasmine-passed"
	    id="spec_spec95"
	    title="BackendApiService Ecosystem Management should get ecosystems with market filter"
	  />
	
	  Name "BackendApiService Ecosystem Management should get ecosystems successfully":
	  <li
	    class="jasmine-passed"
	    id="spec_spec94"
	    title="BackendApiService Ecosystem Management should get ecosystems successfully"
	  />
	
	  Name "BackendApiService Dashboard and Analytics should get dashboard data successfully":
	  <li
	    class="jasmine-passed"
	    id="spec_spec99"
	    title="BackendApiService Dashboard and Analytics should get dashboard data successfully"
	  />
	
	  Name "BackendApiService Dashboard and Analytics should get dashboard data with advisor filter":
	  <li
	    class="jasmine-failed"
	    id="spec_spec100"
	    title="BackendApiService Dashboard and Analytics should get dashboard data with advisor filter"
	  />
	
	  Name "BackendApiService Dashboard and Analytics should return offline dashboard data when API fails":
	  <li
	    class="jasmine-passed"
	    id="spec_spec101"
	    title="BackendApiService Dashboard and Analytics should return offline dashboard data when API fails"
	  />
	
	  Name "CotizadorEngineService calculates insurance by years ceil(term/12)":
	  <li
	    class="jasmine-passed"
	    id="spec_spec256"
	    title="CotizadorEngineService calculates insurance by years ceil(term/12)"
	  />
	
	  Name "CotizadorEngineService validates down payment min/max range":
	  <li
	    class="jasmine-passed"
	    id="spec_spec257"
	    title="CotizadorEngineService validates down payment min/max range"
	  />
	
	  Name "CotizadorEngineService computes monthly payment, total cost and CAT consistently":
	  <li
	    class="jasmine-passed"
	    id="spec_spec258"
	    title="CotizadorEngineService computes monthly payment, total cost and CAT consistently"
	  />
	
	  Name "OnboardingEngineService should call updateClient with id and updated object on reviewDocument":
	  <li
	    class="jasmine-passed"
	    id="spec_spec661"
	    title="OnboardingEngineService should call updateClient with id and updated object on reviewDocument"
	  />
	
	  Name "OnboardingEngineService should call updateClient with id and updated object on document submission":
	  <li
	    class="jasmine-passed"
	    id="spec_spec660"
	    title="OnboardingEngineService should call updateClient with id and updated object on document submission"
	  />
	
	  Name "PerformanceConfigService should return defaults when no config provided":
	  <li
	    class="jasmine-passed"
	    id="spec_spec662"
	    title="PerformanceConfigService should return defaults when no config provided"
	  />
	
	  Name "PerformanceConfigService should override defaults with provided config":
	  <li
	    class="jasmine-passed"
	    id="spec_spec663"
	    title="PerformanceConfigService should override defaults with provided config"
	  />
	
	  Name "PerformanceConfigService should merge profile-specific overrides":
	  <li
	    class="jasmine-passed"
	    id="spec_spec664"
	    title="PerformanceConfigService should merge profile-specific overrides"
	  />
	
	  Name "PerformanceConfigService getDelay/getTimeout should return numeric values from profile or defaults":
	  <li
	    class="jasmine-passed"
	    id="spec_spec665"
	    title="PerformanceConfigService getDelay/getTimeout should return numeric values from profile or defaults"
	  />
	
	  Name "DashboardComponent Accessibility Tests Content Accessibility should have accessible KPI cards":
	  <li
	    class="jasmine-passed"
	    id="spec_spec949"
	    title="DashboardComponent Accessibility Tests Content Accessibility should have accessible KPI cards"
	  />
	
	  Name "DashboardComponent Accessibility Tests Content Accessibility should use semantic HTML for content structure":
	  <li
	    class="jasmine-passed"
	    id="spec_spec951"
	    title="DashboardComponent Accessibility Tests Content Accessibility should use semantic HTML for content structure"
	  />
	
	  Name "DashboardComponent Accessibility Tests Content Accessibility should have accessible activity feed":
	  <li
	    class="jasmine-passed"
	    id="spec_spec950"
	    title="DashboardComponent Accessibility Tests Content Accessibility should have accessible activity feed"
	  />
	
	  Name "DashboardComponent Accessibility Tests Mobile and Touch Accessibility should have adequate touch target sizes":
	  <li
	    class="jasmine-passed"
	    id="spec_spec962"
	    title="DashboardComponent Accessibility Tests Mobile and Touch Accessibility should have adequate touch target sizes"
	  />
	
	  Name "DashboardComponent Accessibility Tests Mobile and Touch Accessibility should be responsive to viewport changes":
	  <li
	    class="jasmine-passed"
	    id="spec_spec963"
	    title="DashboardComponent Accessibility Tests Mobile and Touch Accessibility should be responsive to viewport changes"
	  />
	
	  Name "DashboardComponent Accessibility Tests Navigation Accessibility should have proper ARIA attributes for interactive elements":
	  <li
	    class="jasmine-failed"
	    id="spec_spec948"
	    title="DashboardComponent Accessibility Tests Navigation Accessibility should have proper ARIA attributes for interactive elements"
	  />
	
	  Name "DashboardComponent Accessibility Tests Navigation Accessibility should pass navigation accessibility tests":
	  <li
	    class="jasmine-failed"
	    id="spec_spec946"
	    title="DashboardComponent Accessibility Tests Navigation Accessibility should pass navigation accessibility tests"
	  />
	
	  Name "DashboardComponent Accessibility Tests Navigation Accessibility should have accessible navigation buttons":
	  <li
	    class="jasmine-passed"
	    id="spec_spec947"
	    title="DashboardComponent Accessibility Tests Navigation Accessibility should have accessible navigation buttons"
	  />
	
	  Name "DashboardComponent Accessibility Tests Basic Accessibility Compliance should have proper heading hierarchy":
	  <li
	    class="jasmine-failed"
	    id="spec_spec945"
	    title="DashboardComponent Accessibility Tests Basic Accessibility Compliance should have proper heading hierarchy"
	  />
	
	  Name "DashboardComponent Accessibility Tests Basic Accessibility Compliance should pass automated accessibility tests":
	  <li
	    class="jasmine-failed"
	    id="spec_spec943"
	    title="DashboardComponent Accessibility Tests Basic Accessibility Compliance should pass automated accessibility tests"
	  />
	
	  Name "DashboardComponent Accessibility Tests Basic Accessibility Compliance should have proper document structure":
	  <li
	    class="jasmine-passed"
	    id="spec_spec944"
	    title="DashboardComponent Accessibility Tests Basic Accessibility Compliance should have proper document structure"
	  />
	
	  Name "DashboardComponent Accessibility Tests Visual and Interaction Accessibility should have sufficient focus indicators":
	  <li
	    class="jasmine-passed"
	    id="spec_spec955"
	    title="DashboardComponent Accessibility Tests Visual and Interaction Accessibility should have sufficient focus indicators"
	  />
	
	  Name "DashboardComponent Accessibility Tests Visual and Interaction Accessibility should not rely solely on color to convey information":
	  <li
	    class="jasmine-empty"
	    id="spec_spec954"
	    title="DashboardComponent Accessibility Tests Visual and Interaction Accessibility should not rely solely on color to convey information"
	  />
	
	  Name "DashboardComponent Accessibility Tests Form and Input Accessibility should handle form validation accessibly":
	  <li
	    class="jasmine-empty"
	    id="spec_spec953"
	    title="DashboardComponent Accessibility Tests Form and Input Accessibility should handle form validation accessibly"
	  />
	
	  Name "DashboardComponent Accessibility Tests Form and Input Accessibility should have accessible form controls if any":
	  <li
	    class="jasmine-empty"
	    id="spec_spec952"
	    title="DashboardComponent Accessibility Tests Form and Input Accessibility should have accessible form controls if any"
	  />
	
	  Name "DashboardComponent Accessibility Tests DashboardComponent should be accessible":
	  <li
	    class="jasmine-failed"
	    id="spec_spec964"
	    title="DashboardComponent Accessibility Tests DashboardComponent should be accessible"
	  />
	
	  Name "DashboardComponent Accessibility Tests Keyboard Navigation should support keyboard navigation":
	  <li
	    class="jasmine-passed"
	    id="spec_spec959"
	    title="DashboardComponent Accessibility Tests Keyboard Navigation should support keyboard navigation"
	  />
	
	  Name "DashboardComponent Accessibility Tests Keyboard Navigation should have logical tab order":
	  <li
	    class="jasmine-passed"
	    id="spec_spec960"
	    title="DashboardComponent Accessibility Tests Keyboard Navigation should have logical tab order"
	  />
	
	  Name "DashboardComponent Accessibility Tests Keyboard Navigation should handle keyboard interactions properly":
	  <li
	    class="jasmine-empty"
	    id="spec_spec961"
	    title="DashboardComponent Accessibility Tests Keyboard Navigation should handle keyboard interactions properly"
	  />
	
	  Name "DashboardComponent Accessibility Tests DashboardComponent should have no accessibility violations":
	  <li
	    class="jasmine-failed"
	    id="spec_spec965"
	    title="DashboardComponent Accessibility Tests DashboardComponent should have no accessibility violations"
	  />
	
	  Name "DashboardComponent Accessibility Tests Screen Reader Support should provide meaningful page title and headings":
	  <li
	    class="jasmine-passed"
	    id="spec_spec956"
	    title="DashboardComponent Accessibility Tests Screen Reader Support should provide meaningful page title and headings"
	  />
	
	  Name "DashboardComponent Accessibility Tests Screen Reader Support should have proper landmark regions":
	  <li
	    class="jasmine-passed"
	    id="spec_spec957"
	    title="DashboardComponent Accessibility Tests Screen Reader Support should have proper landmark regions"
	  />
	
	  Name "DashboardComponent Accessibility Tests Screen Reader Support should provide context for dynamic content":
	  <li
	    class="jasmine-passed"
	    id="spec_spec958"
	    title="DashboardComponent Accessibility Tests Screen Reader Support should provide context for dynamic content"
	  />
	
	  Name "DashboardComponent Accessibility Tests DashboardComponent interactive elements should be keyboard accessible":
	  <li
	    class="jasmine-passed"
	    id="spec_spec966"
	    title="DashboardComponent Accessibility Tests DashboardComponent interactive elements should be keyboard accessible"
	  />
	
	  Name "DashboardComponent Accessibility Tests DashboardComponent form controls should have labels":
	  <li
	    class="jasmine-empty"
	    id="spec_spec967"
	    title="DashboardComponent Accessibility Tests DashboardComponent form controls should have labels"
	  />
	
	  Name "CotizadorEngineService Financial Summary Calculations should calculate total interest":
	  <li
	    class="jasmine-passed"
	    id="spec_spec289"
	    title="CotizadorEngineService Financial Summary Calculations should calculate total interest"
	  />
	
	  Name "CotizadorEngineService Financial Summary Calculations should generate financial summary":
	  <li
	    class="jasmine-passed"
	    id="spec_spec290"
	    title="CotizadorEngineService Financial Summary Calculations should generate financial summary"
	  />
	
	  Name "CotizadorEngineService Balance Calculations should calculate balance for interest-bearing loan":
	  <li
	    class="jasmine-failed"
	    id="spec_spec271"
	    title="CotizadorEngineService Balance Calculations should calculate balance for interest-bearing loan"
	  />
	
	  Name "CotizadorEngineService Balance Calculations should calculate balance for zero interest loan":
	  <li
	    class="jasmine-passed"
	    id="spec_spec270"
	    title="CotizadorEngineService Balance Calculations should calculate balance for zero interest loan"
	  />
	
	  Name "CotizadorEngineService Balance Calculations should handle edge case with zero principal":
	  <li
	    class="jasmine-passed"
	    id="spec_spec274"
	    title="CotizadorEngineService Balance Calculations should handle edge case with zero principal"
	  />
	
	  Name "CotizadorEngineService Balance Calculations should handle no payments made":
	  <li
	    class="jasmine-passed"
	    id="spec_spec273"
	    title="CotizadorEngineService Balance Calculations should handle no payments made"
	  />
	
	  Name "CotizadorEngineService Balance Calculations should return zero when all payments made":
	  <li
	    class="jasmine-passed"
	    id="spec_spec272"
	    title="CotizadorEngineService Balance Calculations should return zero when all payments made"
	  />
	
	  Name "CotizadorEngineService Market-Specific Business Rules should apply EdoMex individual rules":
	  <li
	    class="jasmine-passed"
	    id="spec_spec292"
	    title="CotizadorEngineService Market-Specific Business Rules should apply EdoMex individual rules"
	  />
	
	  Name "CotizadorEngineService Market-Specific Business Rules should apply Aguascalientes rules":
	  <li
	    class="jasmine-passed"
	    id="spec_spec291"
	    title="CotizadorEngineService Market-Specific Business Rules should apply Aguascalientes rules"
	  />
	
	  Name "CotizadorEngineService Market-Specific Business Rules should use fallback rules for unknown market":
	  <li
	    class="jasmine-passed"
	    id="spec_spec294"
	    title="CotizadorEngineService Market-Specific Business Rules should use fallback rules for unknown market"
	  />
	
	  Name "CotizadorEngineService Market-Specific Business Rules should apply EdoMex collective rules":
	  <li
	    class="jasmine-passed"
	    id="spec_spec293"
	    title="CotizadorEngineService Market-Specific Business Rules should apply EdoMex collective rules"
	  />
	
	  Name "CotizadorEngineService Service Initialization should be created":
	  <li
	    class="jasmine-passed"
	    id="spec_spec259"
	    title="CotizadorEngineService Service Initialization should be created"
	  />
	
	  Name "CotizadorEngineService Package Price Calculation should skip optional components not selected":
	  <li
	    class="jasmine-passed"
	    id="spec_spec268"
	    title="CotizadorEngineService Package Price Calculation should skip optional components not selected"
	  />
	
	  Name "CotizadorEngineService Package Price Calculation should handle package with no components":
	  <li
	    class="jasmine-passed"
	    id="spec_spec269"
	    title="CotizadorEngineService Package Price Calculation should handle package with no components"
	  />
	
	  Name "CotizadorEngineService Package Price Calculation should calculate basic package price without optionals":
	  <li
	    class="jasmine-passed"
	    id="spec_spec264"
	    title="CotizadorEngineService Package Price Calculation should calculate basic package price without optionals"
	  />
	
	  Name "CotizadorEngineService Package Price Calculation should calculate package price with selected optionals":
	  <li
	    class="jasmine-passed"
	    id="spec_spec265"
	    title="CotizadorEngineService Package Price Calculation should calculate package price with selected optionals"
	  />
	
	  Name "CotizadorEngineService Package Price Calculation should multiply term-based components by years":
	  <li
	    class="jasmine-passed"
	    id="spec_spec266"
	    title="CotizadorEngineService Package Price Calculation should multiply term-based components by years"
	  />
	
	  Name "CotizadorEngineService Package Price Calculation should handle 60-month terms correctly":
	  <li
	    class="jasmine-passed"
	    id="spec_spec267"
	    title="CotizadorEngineService Package Price Calculation should handle 60-month terms correctly"
	  />
	
	  Name "CotizadorEngineService Legacy Quote Generation should generate basic quote":
	  <li
	    class="jasmine-passed"
	    id="spec_spec279"
	    title="CotizadorEngineService Legacy Quote Generation should generate basic quote"
	  />
	
	  Name "CotizadorEngineService Product Package Management should get Aguascalientes plazo package":
	  <li
	    class="jasmine-passed"
	    id="spec_spec260"
	    title="CotizadorEngineService Product Package Management should get Aguascalientes plazo package"
	  />
	
	  Name "CotizadorEngineService Product Package Management should get EdoMex colectivo package":
	  <li
	    class="jasmine-passed"
	    id="spec_spec261"
	    title="CotizadorEngineService Product Package Management should get EdoMex colectivo package"
	  />
	
	  Name "CotizadorEngineService Product Package Management should get EdoMex directa package":
	  <li
	    class="jasmine-passed"
	    id="spec_spec262"
	    title="CotizadorEngineService Product Package Management should get EdoMex directa package"
	  />
	
	  Name "CotizadorEngineService Product Package Management should handle unknown market gracefully":
	  <li
	    class="jasmine-passed"
	    id="spec_spec263"
	    title="CotizadorEngineService Product Package Management should handle unknown market gracefully"
	  />
	
	  Name "CotizadorEngineService Quote Generation with Package should handle direct sale (rate = 0)":
	  <li
	    class="jasmine-passed"
	    id="spec_spec278"
	    title="CotizadorEngineService Quote Generation with Package should handle direct sale (rate = 0)"
	  />
	
	  Name "CotizadorEngineService Quote Generation with Package should determine client type from package data":
	  <li
	    class="jasmine-passed"
	    id="spec_spec277"
	    title="CotizadorEngineService Quote Generation with Package should determine client type from package data"
	  />
	
	  Name "CotizadorEngineService Quote Generation with Package should generate quote with custom down payment":
	  <li
	    class="jasmine-passed"
	    id="spec_spec276"
	    title="CotizadorEngineService Quote Generation with Package should generate quote with custom down payment"
	  />
	
	  Name "CotizadorEngineService Quote Generation with Package should generate quote with minimum down payment":
	  <li
	    class="jasmine-passed"
	    id="spec_spec275"
	    title="CotizadorEngineService Quote Generation with Package should generate quote with minimum down payment"
	  />
	
	  Name "CotizadorEngineService Configuration Validation should validate EdoMex individual requirements":
	  <li
	    class="jasmine-passed"
	    id="spec_spec287"
	    title="CotizadorEngineService Configuration Validation should validate EdoMex individual requirements"
	  />
	
	  Name "CotizadorEngineService Configuration Validation should validate EdoMex collective requirements":
	  <li
	    class="jasmine-passed"
	    id="spec_spec288"
	    title="CotizadorEngineService Configuration Validation should validate EdoMex collective requirements"
	  />
	
	  Name "CotizadorEngineService Configuration Validation should validate correct configuration":
	  <li
	    class="jasmine-passed"
	    id="spec_spec282"
	    title="CotizadorEngineService Configuration Validation should validate correct configuration"
	  />
	
	  Name "CotizadorEngineService Configuration Validation should reject invalid term":
	  <li
	    class="jasmine-passed"
	    id="spec_spec284"
	    title="CotizadorEngineService Configuration Validation should reject invalid term"
	  />
	
	  Name "CotizadorEngineService Configuration Validation should reject down payment equal to total price":
	  <li
	    class="jasmine-passed"
	    id="spec_spec286"
	    title="CotizadorEngineService Configuration Validation should reject down payment equal to total price"
	  />
	
	  Name "CotizadorEngineService Configuration Validation should reject insufficient down payment":
	  <li
	    class="jasmine-passed"
	    id="spec_spec283"
	    title="CotizadorEngineService Configuration Validation should reject insufficient down payment"
	  />
	
	  Name "CotizadorEngineService Configuration Validation should reject zero or negative price":
	  <li
	    class="jasmine-passed"
	    id="spec_spec285"
	    title="CotizadorEngineService Configuration Validation should reject zero or negative price"
	  />
	
	  Name "CotizadorEngineService Amortization Table Generation should generate complete amortization table":
	  <li
	    class="jasmine-passed"
	    id="spec_spec280"
	    title="CotizadorEngineService Amortization Table Generation should generate complete amortization table"
	  />
	
	  Name "CotizadorEngineService Amortization Table Generation should have decreasing balance over time":
	  <li
	    class="jasmine-passed"
	    id="spec_spec281"
	    title="CotizadorEngineService Amortization Table Generation should have decreasing balance over time"
	  />
	
	  Name "NavigationService Page Title Management should get current page title":
	  <li
	    class="jasmine-passed"
	    id="spec_spec596"
	    title="NavigationService Page Title Management should get current page title"
	  />
	
	  Name "NavigationService Page Title Management should set page title dynamically":
	  <li
	    class="jasmine-passed"
	    id="spec_spec597"
	    title="NavigationService Page Title Management should set page title dynamically"
	  />
	
	  Name "NavigationService Navigation Methods should navigate to specified route":
	  <li
	    class="jasmine-passed"
	    id="spec_spec587"
	    title="NavigationService Navigation Methods should navigate to specified route"
	  />
	
	  Name "NavigationService Navigation Methods should navigate with query parameters":
	  <li
	    class="jasmine-passed"
	    id="spec_spec588"
	    title="NavigationService Navigation Methods should navigate with query parameters"
	  />
	
	  Name "NavigationService Navigation Methods should navigate home":
	  <li
	    class="jasmine-passed"
	    id="spec_spec589"
	    title="NavigationService Navigation Methods should navigate home"
	  />
	
	  Name "NavigationService Service Initialization should be created":
	  <li
	    class="jasmine-passed"
	    id="spec_spec585"
	    title="NavigationService Service Initialization should be created"
	  />
	
	  Name "NavigationService Service Initialization should initialize with default navigation state":
	  <li
	    class="jasmine-failed"
	    id="spec_spec586"
	    title="NavigationService Service Initialization should initialize with default navigation state"
	  />
	
	  Name "NavigationService Breadcrumbs Management should set breadcrumbs dynamically":
	  <li
	    class="jasmine-passed"
	    id="spec_spec599"
	    title="NavigationService Breadcrumbs Management should set breadcrumbs dynamically"
	  />
	
	  Name "NavigationService Breadcrumbs Management should get current breadcrumbs":
	  <li
	    class="jasmine-passed"
	    id="spec_spec598"
	    title="NavigationService Breadcrumbs Management should get current breadcrumbs"
	  />
	
	  Name "NavigationService Back Button Visibility should hide back button for dashboard":
	  <li
	    class="jasmine-passed"
	    id="spec_spec601"
	    title="NavigationService Back Button Visibility should hide back button for dashboard"
	  />
	
	  Name "NavigationService Back Button Visibility should set back button visibility dynamically":
	  <li
	    class="jasmine-passed"
	    id="spec_spec602"
	    title="NavigationService Back Button Visibility should set back button visibility dynamically"
	  />
	
	  Name "NavigationService Back Button Visibility should show back button for configured routes":
	  <li
	    class="jasmine-passed"
	    id="spec_spec600"
	    title="NavigationService Back Button Visibility should show back button for configured routes"
	  />
	
	  Name "NavigationService Navigation State Updates should handle unknown routes with default config":
	  <li
	    class="jasmine-passed"
	    id="spec_spec594"
	    title="NavigationService Navigation State Updates should handle unknown routes with default config"
	  />
	
	  Name "NavigationService Navigation State Updates should maintain route history with max length":
	  <li
	    class="jasmine-passed"
	    id="spec_spec595"
	    title="NavigationService Navigation State Updates should maintain route history with max length"
	  />
	
	  Name "NavigationService Navigation State Updates should update navigation state when route changes":
	  <li
	    class="jasmine-passed"
	    id="spec_spec593"
	    title="NavigationService Navigation State Updates should update navigation state when route changes"
	  />
	
	  Name "NavigationService Navigation History Management should get navigation history":
	  <li
	    class="jasmine-passed"
	    id="spec_spec616"
	    title="NavigationService Navigation History Management should get navigation history"
	  />
	
	  Name "NavigationService Navigation History Management should clear navigation history":
	  <li
	    class="jasmine-passed"
	    id="spec_spec617"
	    title="NavigationService Navigation History Management should clear navigation history"
	  />
	
	  Name "NavigationService Back Navigation should navigate to dashboard when no history available":
	  <li
	    class="jasmine-passed"
	    id="spec_spec592"
	    title="NavigationService Back Navigation should navigate to dashboard when no history available"
	  />
	
	  Name "NavigationService Back Navigation should use browser back when no route history and history exists":
	  <li
	    class="jasmine-passed"
	    id="spec_spec591"
	    title="NavigationService Back Navigation should use browser back when no route history and history exists"
	  />
	
	  Name "NavigationService Back Navigation should navigate back using route history":
	  <li
	    class="jasmine-passed"
	    id="spec_spec590"
	    title="NavigationService Back Navigation should navigate back using route history"
	  />
	
	  Name "NavigationService Quick Actions should execute quick action with custom function":
	  <li
	    class="jasmine-passed"
	    id="spec_spec609"
	    title="NavigationService Quick Actions should execute quick action with custom function"
	  />
	
	  Name "NavigationService Quick Actions should get quick actions for clientes":
	  <li
	    class="jasmine-passed"
	    id="spec_spec606"
	    title="NavigationService Quick Actions should get quick actions for clientes"
	  />
	
	  Name "NavigationService Quick Actions should execute quick action with route":
	  <li
	    class="jasmine-passed"
	    id="spec_spec608"
	    title="NavigationService Quick Actions should execute quick action with route"
	  />
	
	  Name "NavigationService Quick Actions should get quick actions for simulador":
	  <li
	    class="jasmine-passed"
	    id="spec_spec605"
	    title="NavigationService Quick Actions should get quick actions for simulador"
	  />
	
	  Name "NavigationService Quick Actions should return empty actions for unknown routes":
	  <li
	    class="jasmine-passed"
	    id="spec_spec607"
	    title="NavigationService Quick Actions should return empty actions for unknown routes"
	  />
	
	  Name "NavigationService Quick Actions should get quick actions for dashboard":
	  <li
	    class="jasmine-passed"
	    id="spec_spec603"
	    title="NavigationService Quick Actions should get quick actions for dashboard"
	  />
	
	  Name "NavigationService Quick Actions should get quick actions for cotizador":
	  <li
	    class="jasmine-passed"
	    id="spec_spec604"
	    title="NavigationService Quick Actions should get quick actions for cotizador"
	  />
	
	  Name "NavigationService Route Configuration should handle nested routes correctly":
	  <li
	    class="jasmine-passed"
	    id="spec_spec618"
	    title="NavigationService Route Configuration should handle nested routes correctly"
	  />
	
	  Name "NavigationService Route Configuration should handle simulador nested routes":
	  <li
	    class="jasmine-passed"
	    id="spec_spec619"
	    title="NavigationService Route Configuration should handle simulador nested routes"
	  />
	
	  Name "NavigationService Route Configuration should handle all configured main routes":
	  <li
	    class="jasmine-failed"
	    id="spec_spec620"
	    title="NavigationService Route Configuration should handle all configured main routes"
	  />
	
	  Name "NavigationService Route Matching should match exact route":
	  <li
	    class="jasmine-passed"
	    id="spec_spec610"
	    title="NavigationService Route Matching should match exact route"
	  />
	
	  Name "NavigationService Route Matching should not match non-matching wildcard":
	  <li
	    class="jasmine-passed"
	    id="spec_spec613"
	    title="NavigationService Route Matching should not match non-matching wildcard"
	  />
	
	  Name "NavigationService Route Matching should match wildcard pattern":
	  <li
	    class="jasmine-passed"
	    id="spec_spec612"
	    title="NavigationService Route Matching should match wildcard pattern"
	  />
	
	  Name "NavigationService Route Matching should not match different route":
	  <li
	    class="jasmine-passed"
	    id="spec_spec611"
	    title="NavigationService Route Matching should not match different route"
	  />
	
	  Name "NavigationService Route Parameters should get query parameters":
	  <li
	    class="jasmine-failed"
	    id="spec_spec615"
	    title="NavigationService Route Parameters should get query parameters"
	  />
	
	  Name "NavigationService Route Parameters should get route parameters":
	  <li
	    class="jasmine-failed"
	    id="spec_spec614"
	    title="NavigationService Route Parameters should get route parameters"
	  />
	
	  Name "PostSalesApiService getPostSalesRecord should return null for non-existent VIN":
	  <li
	    class="jasmine-passed"
	    id="spec_spec670"
	    title="PostSalesApiService getPostSalesRecord should return null for non-existent VIN"
	  />
	
	  Name "PostSalesApiService getPostSalesRecord should retrieve post-sales record by VIN":
	  <li
	    class="jasmine-failed"
	    id="spec_spec669"
	    title="PostSalesApiService getPostSalesRecord should retrieve post-sales record by VIN"
	  />
	
	  Name "PostSalesApiService recordClientContact should record client contact successfully":
	  <li
	    class="jasmine-passed"
	    id="spec_spec672"
	    title="PostSalesApiService recordClientContact should record client contact successfully"
	  />
	
	  Name "PostSalesApiService scheduleMaintenanceService should schedule maintenance service successfully":
	  <li
	    class="jasmine-passed"
	    id="spec_spec671"
	    title="PostSalesApiService scheduleMaintenanceService should schedule maintenance service successfully"
	  />
	
	  Name "PostSalesApiService sendVehicleDeliveredEvent should handle error when sending vehicle delivered event":
	  <li
	    class="jasmine-passed"
	    id="spec_spec668"
	    title="PostSalesApiService sendVehicleDeliveredEvent should handle error when sending vehicle delivered event"
	  />
	
	  Name "PostSalesApiService sendVehicleDeliveredEvent should send vehicle delivered event successfully":
	  <li
	    class="jasmine-passed"
	    id="spec_spec667"
	    title="PostSalesApiService sendVehicleDeliveredEvent should send vehicle delivered event successfully"
	  />
	
	  Name "PostSalesApiService should be created":
	  <li
	    class="jasmine-passed"
	    id="spec_spec666"
	    title="PostSalesApiService should be created"
	  />
	
	  Name "SimuladorEngineService AGS Liquidation Scenario should generate basic liquidation scenario":
	  <li
	    class="jasmine-passed"
	    id="spec_spec721"
	    title="SimuladorEngineService AGS Liquidation Scenario should generate basic liquidation scenario"
	  />
	
	  Name "SimuladorEngineService AGS Liquidation Scenario should calculate projected balance correctly":
	  <li
	    class="jasmine-passed"
	    id="spec_spec722"
	    title="SimuladorEngineService AGS Liquidation Scenario should calculate projected balance correctly"
	  />
	
	  Name "SimuladorEngineService AGS Liquidation Scenario should generate timeline events correctly":
	  <li
	    class="jasmine-passed"
	    id="spec_spec723"
	    title="SimuladorEngineService AGS Liquidation Scenario should generate timeline events correctly"
	  />
	
	  Name "SimuladorEngineService AGS Liquidation Scenario should handle single plate scenario":
	  <li
	    class="jasmine-passed"
	    id="spec_spec725"
	    title="SimuladorEngineService AGS Liquidation Scenario should handle single plate scenario"
	  />
	
	  Name "SimuladorEngineService AGS Liquidation Scenario should handle zero consumption scenario":
	  <li
	    class="jasmine-passed"
	    id="spec_spec724"
	    title="SimuladorEngineService AGS Liquidation Scenario should handle zero consumption scenario"
	  />
	
	  Name "SimuladorEngineService Service Initialization should be created":
	  <li
	    class="jasmine-passed"
	    id="spec_spec720"
	    title="SimuladorEngineService Service Initialization should be created"
	  />
	
	  Name "SimuladorEngineService Edge Cases and Error Handling should handle zero member count in collective scenario":
	  <li
	    class="jasmine-passed"
	    id="spec_spec750"
	    title="SimuladorEngineService Edge Cases and Error Handling should handle zero member count in collective scenario"
	  />
	
	  Name "SimuladorEngineService Edge Cases and Error Handling should handle very large target amounts":
	  <li
	    class="jasmine-passed"
	    id="spec_spec749"
	    title="SimuladorEngineService Edge Cases and Error Handling should handle very large target amounts"
	  />
	
	  Name "SimuladorEngineService Edge Cases and Error Handling should handle zero target amount in AGS scenario":
	  <li
	    class="jasmine-passed"
	    id="spec_spec747"
	    title="SimuladorEngineService Edge Cases and Error Handling should handle zero target amount in AGS scenario"
	  />
	
	  Name "SimuladorEngineService Edge Cases and Error Handling should handle zero consumption in individual scenario":
	  <li
	    class="jasmine-passed"
	    id="spec_spec748"
	    title="SimuladorEngineService Edge Cases and Error Handling should handle zero consumption in individual scenario"
	  />
	
	  Name "SimuladorEngineService Comparison Scenarios should generate comparison scenarios with parameter variations":
	  <li
	    class="jasmine-passed"
	    id="spec_spec740"
	    title="SimuladorEngineService Comparison Scenarios should generate comparison scenarios with parameter variations"
	  />
	
	  Name "SimuladorEngineService Comparison Scenarios should preserve other parameters when varying specific ones":
	  <li
	    class="jasmine-passed"
	    id="spec_spec741"
	    title="SimuladorEngineService Comparison Scenarios should preserve other parameters when varying specific ones"
	  />
	
	  Name "SimuladorEngineService Comparison Scenarios should handle empty variations array":
	  <li
	    class="jasmine-passed"
	    id="spec_spec742"
	    title="SimuladorEngineService Comparison Scenarios should handle empty variations array"
	  />
	
	  Name "SimuladorEngineService Senior-First Formatting should format key numbers correctly":
	  <li
	    class="jasmine-passed"
	    id="spec_spec744"
	    title="SimuladorEngineService Senior-First Formatting should format key numbers correctly"
	  />
	
	  Name "SimuladorEngineService Senior-First Formatting should format scenario summary for seniors":
	  <li
	    class="jasmine-passed"
	    id="spec_spec743"
	    title="SimuladorEngineService Senior-First Formatting should format scenario summary for seniors"
	  />
	
	  Name "SimuladorEngineService Senior-First Formatting should format timeline with limited events":
	  <li
	    class="jasmine-passed"
	    id="spec_spec745"
	    title="SimuladorEngineService Senior-First Formatting should format timeline with limited events"
	  />
	
	  Name "SimuladorEngineService Senior-First Formatting should limit timeline to first 5 events":
	  <li
	    class="jasmine-passed"
	    id="spec_spec746"
	    title="SimuladorEngineService Senior-First Formatting should limit timeline to first 5 events"
	  />
	
	  Name "SimuladorEngineService EdoMex Individual Scenario should generate individual savings scenario":
	  <li
	    class="jasmine-passed"
	    id="spec_spec726"
	    title="SimuladorEngineService EdoMex Individual Scenario should generate individual savings scenario"
	  />
	
	  Name "SimuladorEngineService EdoMex Individual Scenario should generate progressive balance projection":
	  <li
	    class="jasmine-passed"
	    id="spec_spec728"
	    title="SimuladorEngineService EdoMex Individual Scenario should generate progressive balance projection"
	  />
	
	  Name "SimuladorEngineService EdoMex Individual Scenario should handle zero voluntary contribution":
	  <li
	    class="jasmine-passed"
	    id="spec_spec729"
	    title="SimuladorEngineService EdoMex Individual Scenario should handle zero voluntary contribution"
	  />
	
	  Name "SimuladorEngineService EdoMex Individual Scenario should calculate months to target correctly":
	  <li
	    class="jasmine-passed"
	    id="spec_spec727"
	    title="SimuladorEngineService EdoMex Individual Scenario should calculate months to target correctly"
	  />
	
	  Name "SimuladorEngineService EdoMex Individual Scenario should create timeline with milestone":
	  <li
	    class="jasmine-passed"
	    id="spec_spec730"
	    title="SimuladorEngineService EdoMex Individual Scenario should create timeline with milestone"
	  />
	
	  Name "SimuladorEngineService Scenario Optimization should handle unknown scenario type":
	  <li
	    class="jasmine-passed"
	    id="spec_spec739"
	    title="SimuladorEngineService Scenario Optimization should handle unknown scenario type"
	  />
	
	  Name "SimuladorEngineService Scenario Optimization should optimize EdoMex individual scenario":
	  <li
	    class="jasmine-passed"
	    id="spec_spec737"
	    title="SimuladorEngineService Scenario Optimization should optimize EdoMex individual scenario"
	  />
	
	  Name "SimuladorEngineService Scenario Optimization should optimize AGS liquidation scenario":
	  <li
	    class="jasmine-passed"
	    id="spec_spec736"
	    title="SimuladorEngineService Scenario Optimization should optimize AGS liquidation scenario"
	  />
	
	  Name "SimuladorEngineService Scenario Optimization should optimize EdoMex collective scenario":
	  <li
	    class="jasmine-passed"
	    id="spec_spec738"
	    title="SimuladorEngineService Scenario Optimization should optimize EdoMex collective scenario"
	  />
	
	  Name "SimuladorEngineService EdoMex Collective Scenario should handle missing first award timing":
	  <li
	    class="jasmine-passed"
	    id="spec_spec735"
	    title="SimuladorEngineService EdoMex Collective Scenario should handle missing first award timing"
	  />
	
	  Name "SimuladorEngineService EdoMex Collective Scenario should use first award timing from tanda simulation":
	  <li
	    class="jasmine-passed"
	    id="spec_spec734"
	    title="SimuladorEngineService EdoMex Collective Scenario should use first award timing from tanda simulation"
	  />
	
	  Name "SimuladorEngineService EdoMex Collective Scenario should calculate total savings target based on member count":
	  <li
	    class="jasmine-passed"
	    id="spec_spec733"
	    title="SimuladorEngineService EdoMex Collective Scenario should calculate total savings target based on member count"
	  />
	
	  Name "SimuladorEngineService EdoMex Collective Scenario should generate collective scenario with tanda integration":
	  <li
	    class="jasmine-passed"
	    id="spec_spec731"
	    title="SimuladorEngineService EdoMex Collective Scenario should generate collective scenario with tanda integration"
	  />
	
	  Name "SimuladorEngineService EdoMex Collective Scenario should calculate individual contributions correctly":
	  <li
	    class="jasmine-passed"
	    id="spec_spec732"
	    title="SimuladorEngineService EdoMex Collective Scenario should calculate individual contributions correctly"
	  />
	
	  Name "DataService Search Functionality should return empty results for non-matching search":
	  <li
	    class="jasmine-passed"
	    id="spec_spec351"
	    title="DataService Search Functionality should return empty results for non-matching search"
	  />
	
	  Name "DataService Search Functionality should perform global search":
	  <li
	    class="jasmine-passed"
	    id="spec_spec350"
	    title="DataService Search Functionality should perform global search"
	  />
	
	  Name "DataService Dashboard Statistics should get dashboard stats":
	  <li
	    class="jasmine-passed"
	    id="spec_spec352"
	    title="DataService Dashboard Statistics should get dashboard stats"
	  />
	
	  Name "DataService Data Refresh should refresh data":
	  <li
	    class="jasmine-passed"
	    id="spec_spec359"
	    title="DataService Data Refresh should refresh data"
	  />
	
	  Name "DataService Data Export should export scenarios":
	  <li
	    class="jasmine-failed"
	    id="spec_spec356"
	    title="DataService Data Export should export scenarios"
	  />
	
	  Name "DataService Data Export should export all data":
	  <li
	    class="jasmine-passed"
	    id="spec_spec355"
	    title="DataService Data Export should export all data"
	  />
	
	  Name "DataService Data Export should export clients as CSV":
	  <li
	    class="jasmine-passed"
	    id="spec_spec354"
	    title="DataService Data Export should export clients as CSV"
	  />
	
	  Name "DataService Data Export should export clients as JSON":
	  <li
	    class="jasmine-passed"
	    id="spec_spec353"
	    title="DataService Data Export should export clients as JSON"
	  />
	
	  Name "DataService Client Management should delete client":
	  <li
	    class="jasmine-failed"
	    id="spec_spec341"
	    title="DataService Client Management should delete client"
	  />
	
	  Name "DataService Client Management should handle delete of non-existent client":
	  <li
	    class="jasmine-passed"
	    id="spec_spec342"
	    title="DataService Client Management should handle delete of non-existent client"
	  />
	
	  Name "DataService Client Management should handle update of non-existent client":
	  <li
	    class="jasmine-passed"
	    id="spec_spec340"
	    title="DataService Client Management should handle update of non-existent client"
	  />
	
	  Name "DataService Client Management should return null for non-existent client ID":
	  <li
	    class="jasmine-passed"
	    id="spec_spec338"
	    title="DataService Client Management should return null for non-existent client ID"
	  />
	
	  Name "DataService Client Management should create a new client":
	  <li
	    class="jasmine-passed"
	    id="spec_spec336"
	    title="DataService Client Management should create a new client"
	  />
	
	  Name "DataService Client Management should update existing client":
	  <li
	    class="jasmine-failed"
	    id="spec_spec339"
	    title="DataService Client Management should update existing client"
	  />
	
	  Name "DataService Client Management should get client by ID":
	  <li
	    class="jasmine-passed"
	    id="spec_spec337"
	    title="DataService Client Management should get client by ID"
	  />
	
	  Name "DataService Private Helper Methods should apply sorting correctly":
	  <li
	    class="jasmine-passed"
	    id="spec_spec361"
	    title="DataService Private Helper Methods should apply sorting correctly"
	  />
	
	  Name "DataService Private Helper Methods should convert data to CSV":
	  <li
	    class="jasmine-passed"
	    id="spec_spec362"
	    title="DataService Private Helper Methods should convert data to CSV"
	  />
	
	  Name "DataService Private Helper Methods should handle empty array in CSV conversion":
	  <li
	    class="jasmine-passed"
	    id="spec_spec363"
	    title="DataService Private Helper Methods should handle empty array in CSV conversion"
	  />
	
	  Name "DataService Private Helper Methods should apply filters correctly":
	  <li
	    class="jasmine-failed"
	    id="spec_spec360"
	    title="DataService Private Helper Methods should apply filters correctly"
	  />
	
	  Name "DataService Private Helper Methods should handle CSV values with commas":
	  <li
	    class="jasmine-passed"
	    id="spec_spec364"
	    title="DataService Private Helper Methods should handle CSV values with commas"
	  />
	
	  Name "DataService Service Initialization should be created":
	  <li
	    class="jasmine-passed"
	    id="spec_spec334"
	    title="DataService Service Initialization should be created"
	  />
	
	  Name "DataService Service Initialization should initialize with demo data":
	  <li
	    class="jasmine-passed"
	    id="spec_spec335"
	    title="DataService Service Initialization should initialize with demo data"
	  />
	
	  Name "DataService Scenario Management should save new scenario":
	  <li
	    class="jasmine-passed"
	    id="spec_spec347"
	    title="DataService Scenario Management should save new scenario"
	  />
	
	  Name "DataService Scenario Management should get scenarios by client":
	  <li
	    class="jasmine-passed"
	    id="spec_spec349"
	    title="DataService Scenario Management should get scenarios by client"
	  />
	
	  Name "DataService Scenario Management should update existing scenario":
	  <li
	    class="jasmine-passed"
	    id="spec_spec348"
	    title="DataService Scenario Management should update existing scenario"
	  />
	
	  Name "DataService Client Pagination and Filtering should handle empty pagination results":
	  <li
	    class="jasmine-passed"
	    id="spec_spec344"
	    title="DataService Client Pagination and Filtering should handle empty pagination results"
	  />
	
	  Name "DataService Client Pagination and Filtering should get paginated clients":
	  <li
	    class="jasmine-passed"
	    id="spec_spec343"
	    title="DataService Client Pagination and Filtering should get paginated clients"
	  />
	
	  Name "DataService Client Pagination and Filtering should sort clients by name":
	  <li
	    class="jasmine-passed"
	    id="spec_spec346"
	    title="DataService Client Pagination and Filtering should sort clients by name"
	  />
	
	  Name "DataService Client Pagination and Filtering should filter clients by status":
	  <li
	    class="jasmine-passed"
	    id="spec_spec345"
	    title="DataService Client Pagination and Filtering should filter clients by status"
	  />
	
	  Name "DataService Error Handling should handle errors in client creation":
	  <li
	    class="jasmine-passed"
	    id="spec_spec357"
	    title="DataService Error Handling should handle errors in client creation"
	  />
	
	  Name "DataService Error Handling should clear errors":
	  <li
	    class="jasmine-passed"
	    id="spec_spec358"
	    title="DataService Error Handling should clear errors"
	  />
	
	  Name "StorageService Utility Methods should get storage statistics":
	  <li
	    class="jasmine-failed"
	    id="spec_spec773"
	    title="StorageService Utility Methods should get storage statistics"
	  />
	
	  Name "StorageService Utility Methods should clear cache":
	  <li
	    class="jasmine-failed"
	    id="spec_spec772"
	    title="StorageService Utility Methods should clear cache"
	  />
	
	  Name "StorageService Client Data Management should handle client data errors":
	  <li
	    class="jasmine-failed"
	    id="spec_spec761"
	    title="StorageService Client Data Management should handle client data errors"
	  />
	
	  Name "StorageService Client Data Management should return null for non-existent client":
	  <li
	    class="jasmine-failed"
	    id="spec_spec759"
	    title="StorageService Client Data Management should return null for non-existent client"
	  />
	
	  Name "StorageService Client Data Management should get clients by ecosystem":
	  <li
	    class="jasmine-failed"
	    id="spec_spec760"
	    title="StorageService Client Data Management should get clients by ecosystem"
	  />
	
	  Name "StorageService Client Data Management should save client data successfully":
	  <li
	    class="jasmine-failed"
	    id="spec_spec757"
	    title="StorageService Client Data Management should save client data successfully"
	  />
	
	  Name "StorageService Client Data Management should get client data by ID":
	  <li
	    class="jasmine-failed"
	    id="spec_spec758"
	    title="StorageService Client Data Management should get client data by ID"
	  />
	
	  Name "StorageService Error Handling should handle transaction errors":
	  <li
	    class="jasmine-failed"
	    id="spec_spec775"
	    title="StorageService Error Handling should handle transaction errors"
	  />
	
	  Name "StorageService Error Handling should throw error when database not initialized":
	  <li
	    class="jasmine-failed"
	    id="spec_spec774"
	    title="StorageService Error Handling should throw error when database not initialized"
	  />
	
	  Name "StorageService Network Status Management should update online status when going offline":
	  <li
	    class="jasmine-failed"
	    id="spec_spec777"
	    title="StorageService Network Status Management should update online status when going offline"
	  />
	
	  Name "StorageService Network Status Management should update online status when going online":
	  <li
	    class="jasmine-failed"
	    id="spec_spec776"
	    title="StorageService Network Status Management should update online status when going online"
	  />
	
	  Name "StorageService Quote Data Management should save quote data":
	  <li
	    class="jasmine-failed"
	    id="spec_spec762"
	    title="StorageService Quote Data Management should save quote data"
	  />
	
	  Name "StorageService Quote Data Management should get quote by ID":
	  <li
	    class="jasmine-failed"
	    id="spec_spec763"
	    title="StorageService Quote Data Management should get quote by ID"
	  />
	
	  Name "StorageService Quote Data Management should get quotes by client ID":
	  <li
	    class="jasmine-failed"
	    id="spec_spec764"
	    title="StorageService Quote Data Management should get quotes by client ID"
	  />
	
	  Name "StorageService Service Initialization should initialize IndexedDB on construction":
	  <li
	    class="jasmine-failed"
	    id="spec_spec752"
	    title="StorageService Service Initialization should initialize IndexedDB on construction"
	  />
	
	  Name "StorageService Service Initialization should setup online/offline event listeners":
	  <li
	    class="jasmine-failed"
	    id="spec_spec753"
	    title="StorageService Service Initialization should setup online/offline event listeners"
	  />
	
	  Name "StorageService Service Initialization should provide online status observable":
	  <li
	    class="jasmine-failed"
	    id="spec_spec754"
	    title="StorageService Service Initialization should provide online status observable"
	  />
	
	  Name "StorageService Service Initialization should be created":
	  <li
	    class="jasmine-failed"
	    id="spec_spec751"
	    title="StorageService Service Initialization should be created"
	  />
	
	  Name "StorageService Form Cache Management should return null for expired form cache":
	  <li
	    class="jasmine-failed"
	    id="spec_spec767"
	    title="StorageService Form Cache Management should return null for expired form cache"
	  />
	
	  Name "StorageService Form Cache Management should delete cached form data":
	  <li
	    class="jasmine-failed"
	    id="spec_spec768"
	    title="StorageService Form Cache Management should delete cached form data"
	  />
	
	  Name "StorageService Form Cache Management should cache form data with TTL":
	  <li
	    class="jasmine-failed"
	    id="spec_spec765"
	    title="StorageService Form Cache Management should cache form data with TTL"
	  />
	
	  Name "StorageService Form Cache Management should retrieve cached form data":
	  <li
	    class="jasmine-failed"
	    id="spec_spec766"
	    title="StorageService Form Cache Management should retrieve cached form data"
	  />
	
	  Name "StorageService Offline Actions Queue should remove completed action":
	  <li
	    class="jasmine-failed"
	    id="spec_spec771"
	    title="StorageService Offline Actions Queue should remove completed action"
	  />
	
	  Name "StorageService Offline Actions Queue should queue offline action":
	  <li
	    class="jasmine-failed"
	    id="spec_spec769"
	    title="StorageService Offline Actions Queue should queue offline action"
	  />
	
	  Name "StorageService Offline Actions Queue should get pending actions":
	  <li
	    class="jasmine-failed"
	    id="spec_spec770"
	    title="StorageService Offline Actions Queue should get pending actions"
	  />
	
	  Name "StorageService Database Schema Creation should create all required object stores on upgrade":
	  <li
	    class="jasmine-failed"
	    id="spec_spec755"
	    title="StorageService Database Schema Creation should create all required object stores on upgrade"
	  />
	
	  Name "StorageService Database Schema Creation should handle database initialization errors":
	  <li
	    class="jasmine-failed"
	    id="spec_spec756"
	    title="StorageService Database Schema Creation should handle database initialization errors"
	  />
	
	  Name "DashboardComponent should navigate to client details":
	  <li
	    class="jasmine-passed"
	    id="spec_spec973"
	    title="DashboardComponent should navigate to client details"
	  />
	
	  Name "DashboardComponent should get next best action data":
	  <li
	    class="jasmine-passed"
	    id="spec_spec979"
	    title="DashboardComponent should get next best action data"
	  />
	
	  Name "DashboardComponent should toggle view mode":
	  <li
	    class="jasmine-passed"
	    id="spec_spec975"
	    title="DashboardComponent should toggle view mode"
	  />
	
	  Name "DashboardComponent should clean up subscriptions on destroy":
	  <li
	    class="jasmine-passed"
	    id="spec_spec981"
	    title="DashboardComponent should clean up subscriptions on destroy"
	  />
	
	  Name "DashboardComponent should filter actionable clients by priority":
	  <li
	    class="jasmine-passed"
	    id="spec_spec980"
	    title="DashboardComponent should filter actionable clients by priority"
	  />
	
	  Name "DashboardComponent should change market selection":
	  <li
	    class="jasmine-passed"
	    id="spec_spec972"
	    title="DashboardComponent should change market selection"
	  />
	
	  Name "DashboardComponent should format currency correctly":
	  <li
	    class="jasmine-passed"
	    id="spec_spec978"
	    title="DashboardComponent should format currency correctly"
	  />
	
	  Name "DashboardComponent should load dashboard data on init":
	  <li
	    class="jasmine-passed"
	    id="spec_spec969"
	    title="DashboardComponent should load dashboard data on init"
	  />
	
	  Name "DashboardComponent should create":
	  <li
	    class="jasmine-passed"
	    id="spec_spec968"
	    title="DashboardComponent should create"
	  />
	
	  Name "DashboardComponent should handle error in dashboard data loading":
	  <li
	    class="jasmine-passed"
	    id="spec_spec976"
	    title="DashboardComponent should handle error in dashboard data loading"
	  />
	
	  Name "DashboardComponent should calculate completion percentage correctly":
	  <li
	    class="jasmine-passed"
	    id="spec_spec977"
	    title="DashboardComponent should calculate completion percentage correctly"
	  />
	
	  Name "DashboardComponent should display dashboard stats correctly":
	  <li
	    class="jasmine-passed"
	    id="spec_spec970"
	    title="DashboardComponent should display dashboard stats correctly"
	  />
	
	  Name "DashboardComponent should navigate to opportunities pipeline":
	  <li
	    class="jasmine-passed"
	    id="spec_spec974"
	    title="DashboardComponent should navigate to opportunities pipeline"
	  />
	
	  Name "DashboardComponent should handle activity feed data":
	  <li
	    class="jasmine-passed"
	    id="spec_spec971"
	    title="DashboardComponent should handle activity feed data"
	  />
	
	  Name "ApiService Cache Management should update cache when updating client":
	  <li
	    class="jasmine-passed"
	    id="spec_spec47"
	    title="ApiService Cache Management should update cache when updating client"
	  />
	
	  Name "ApiService Cache Management should update cache when deleting client":
	  <li
	    class="jasmine-passed"
	    id="spec_spec48"
	    title="ApiService Cache Management should update cache when deleting client"
	  />
	
	  Name "ApiService Cache Management should update cache when getting clients":
	  <li
	    class="jasmine-passed"
	    id="spec_spec45"
	    title="ApiService Cache Management should update cache when getting clients"
	  />
	
	  Name "ApiService Cache Management should update cache when creating client":
	  <li
	    class="jasmine-passed"
	    id="spec_spec46"
	    title="ApiService Cache Management should update cache when creating client"
	  />
	
	  Name "ApiService Document Operations should get client documents from real API":
	  <li
	    class="jasmine-passed"
	    id="spec_spec34"
	    title="ApiService Document Operations should get client documents from real API"
	  />
	
	  Name "ApiService Document Operations should upload document with mock data":
	  <li
	    class="jasmine-failed"
	    id="spec_spec31"
	    title="ApiService Document Operations should upload document with mock data"
	  />
	
	  Name "ApiService Document Operations should upload document via real API":
	  <li
	    class="jasmine-passed"
	    id="spec_spec32"
	    title="ApiService Document Operations should upload document via real API"
	  />
	
	  Name "ApiService Document Operations should get client documents with mock data":
	  <li
	    class="jasmine-passed"
	    id="spec_spec33"
	    title="ApiService Document Operations should get client documents with mock data"
	  />
	
	  Name "ApiService Quote Operations should create quote with mock data":
	  <li
	    class="jasmine-passed"
	    id="spec_spec27"
	    title="ApiService Quote Operations should create quote with mock data"
	  />
	
	  Name "ApiService Quote Operations should get client quotes from real API":
	  <li
	    class="jasmine-passed"
	    id="spec_spec30"
	    title="ApiService Quote Operations should get client quotes from real API"
	  />
	
	  Name "ApiService Quote Operations should create quote via real API":
	  <li
	    class="jasmine-passed"
	    id="spec_spec28"
	    title="ApiService Quote Operations should create quote via real API"
	  />
	
	  Name "ApiService Quote Operations should get client quotes with mock data":
	  <li
	    class="jasmine-passed"
	    id="spec_spec29"
	    title="ApiService Quote Operations should get client quotes with mock data"
	  />
	
	  Name "ApiService Client Operations - Real API Mode should get clients from real API":
	  <li
	    class="jasmine-passed"
	    id="spec_spec22"
	    title="ApiService Client Operations - Real API Mode should get clients from real API"
	  />
	
	  Name "ApiService Client Operations - Real API Mode should get client by ID from real API":
	  <li
	    class="jasmine-passed"
	    id="spec_spec23"
	    title="ApiService Client Operations - Real API Mode should get client by ID from real API"
	  />
	
	  Name "ApiService Client Operations - Real API Mode should create client via real API":
	  <li
	    class="jasmine-passed"
	    id="spec_spec24"
	    title="ApiService Client Operations - Real API Mode should create client via real API"
	  />
	
	  Name "ApiService Client Operations - Real API Mode should update client via real API":
	  <li
	    class="jasmine-passed"
	    id="spec_spec25"
	    title="ApiService Client Operations - Real API Mode should update client via real API"
	  />
	
	  Name "ApiService Client Operations - Real API Mode should delete client via real API":
	  <li
	    class="jasmine-passed"
	    id="spec_spec26"
	    title="ApiService Client Operations - Real API Mode should delete client via real API"
	  />
	
	  Name "ApiService Client Operations - Mock Mode should get client by ID with mock data":
	  <li
	    class="jasmine-passed"
	    id="spec_spec17"
	    title="ApiService Client Operations - Mock Mode should get client by ID with mock data"
	  />
	
	  Name "ApiService Client Operations - Mock Mode should filter clients by search term":
	  <li
	    class="jasmine-passed"
	    id="spec_spec16"
	    title="ApiService Client Operations - Mock Mode should filter clients by search term"
	  />
	
	  Name "ApiService Client Operations - Mock Mode should update client with mock data":
	  <li
	    class="jasmine-passed"
	    id="spec_spec20"
	    title="ApiService Client Operations - Mock Mode should update client with mock data"
	  />
	
	  Name "ApiService Client Operations - Mock Mode should filter clients by market":
	  <li
	    class="jasmine-passed"
	    id="spec_spec15"
	    title="ApiService Client Operations - Mock Mode should filter clients by market"
	  />
	
	  Name "ApiService Client Operations - Mock Mode should delete client with mock data":
	  <li
	    class="jasmine-passed"
	    id="spec_spec21"
	    title="ApiService Client Operations - Mock Mode should delete client with mock data"
	  />
	
	  Name "ApiService Client Operations - Mock Mode should get clients with mock data":
	  <li
	    class="jasmine-passed"
	    id="spec_spec14"
	    title="ApiService Client Operations - Mock Mode should get clients with mock data"
	  />
	
	  Name "ApiService Client Operations - Mock Mode should create client with mock data":
	  <li
	    class="jasmine-passed"
	    id="spec_spec19"
	    title="ApiService Client Operations - Mock Mode should create client with mock data"
	  />
	
	  Name "ApiService Client Operations - Mock Mode should return null for non-existent client ID":
	  <li
	    class="jasmine-passed"
	    id="spec_spec18"
	    title="ApiService Client Operations - Mock Mode should return null for non-existent client ID"
	  />
	
	  Name "ApiService Error Handling should return null for missing client data":
	  <li
	    class="jasmine-passed"
	    id="spec_spec43"
	    title="ApiService Error Handling should return null for missing client data"
	  />
	
	  Name "ApiService Error Handling should handle API errors when creating client":
	  <li
	    class="jasmine-passed"
	    id="spec_spec42"
	    title="ApiService Error Handling should handle API errors when creating client"
	  />
	
	  Name "ApiService Error Handling should return empty array for missing clients data":
	  <li
	    class="jasmine-passed"
	    id="spec_spec44"
	    title="ApiService Error Handling should return empty array for missing clients data"
	  />
	
	  Name "ApiService Error Handling should handle API errors when getting clients":
	  <li
	    class="jasmine-passed"
	    id="spec_spec41"
	    title="ApiService Error Handling should handle API errors when getting clients"
	  />
	
	  Name "ApiService Service Initialization should initialize clients cache as empty array":
	  <li
	    class="jasmine-passed"
	    id="spec_spec13"
	    title="ApiService Service Initialization should initialize clients cache as empty array"
	  />
	
	  Name "ApiService Service Initialization should be created":
	  <li
	    class="jasmine-passed"
	    id="spec_spec12"
	    title="ApiService Service Initialization should be created"
	  />
	
	  Name "ApiService Utility Methods should generate default documents for CreditoColectivo flow":
	  <li
	    class="jasmine-passed"
	    id="spec_spec40"
	    title="ApiService Utility Methods should generate default documents for CreditoColectivo flow"
	  />
	
	  Name "ApiService Utility Methods should clear cache":
	  <li
	    class="jasmine-passed"
	    id="spec_spec38"
	    title="ApiService Utility Methods should clear cache"
	  />
	
	  Name "ApiService Utility Methods should check API health":
	  <li
	    class="jasmine-passed"
	    id="spec_spec37"
	    title="ApiService Utility Methods should check API health"
	  />
	
	  Name "ApiService Utility Methods should generate default documents for VentaPlazo flow":
	  <li
	    class="jasmine-passed"
	    id="spec_spec39"
	    title="ApiService Utility Methods should generate default documents for VentaPlazo flow"
	  />
	
	  Name "ApiService Event Operations should add client event with mock data":
	  <li
	    class="jasmine-passed"
	    id="spec_spec35"
	    title="ApiService Event Operations should add client event with mock data"
	  />
	
	  Name "ApiService Event Operations should add client event via real API":
	  <li
	    class="jasmine-passed"
	    id="spec_spec36"
	    title="ApiService Event Operations should add client event via real API"
	  />
	
	  --------------------------------------------------banner:
	
	  Name "":
	  <header
	    _ngcontent-a-c3637498237=""
	    class="form-header"
	  />
	
	  --------------------------------------------------
	  button:
	
	  Name "← Volver":
	  <button
	    _ngcontent-a-c3637498237=""
	    class="back-button"
	  />
	
	  Name "Cancelar":
	  <button
	    _ngcontent-a-c3637498237=""
	    class="btn-secondary"
	    type="button"
	  />
	
	  Name "Crear Cliente":
	  <button
	    _ngcontent-a-c3637498237=""
	    class="btn-primary"
	    disabled=""
	    type="submit"
	  />
	
	  --------------------------------------------------
	  heading:
	
	  Name "➕ Nuevo Cliente":
	  <h1
	    _ngcontent-a-c3637498237=""
	    class="page-title"
	  />
	
	  Name "👤 Información Personal":
	  <h2
	    _ngcontent-a-c3637498237=""
	    class="section-title"
	  />
	
	  Name "🚐 Información de Negocio":
	  <h2
	    _ngcontent-a-c3637498237=""
	    class="section-title"
	  />
	
	  --------------------------------------------------
	  textbox:
	
	  Name "Nombre Completo *":
	  <input
	    _ngcontent-a-c3637498237=""
	    class="form-input ng-untouched ng-pristine ng-invalid"
	    formcontrolname="name"
	    id="name"
	    ng-reflect-name="name"
	    placeholder="Ej. Juan Pérez García"
	    type="text"
	  />
	
	  Name "Correo Electrónico *":
	  <input
	    _ngcontent-a-c3637498237=""
	    class="form-input ng-untouched ng-pristine ng-invalid"
	    formcontrolname="email"
	    id="email"
	    ng-reflect-name="email"
	    placeholder="juan@ejemplo.com"
	    type="email"
	  />
	
	  Name "Teléfono *":
	  <input
	    _ngcontent-a-c3637498237=""
	    class="form-input ng-untouched ng-pristine ng-invalid"
	    formcontrolname="phone"
	    id="phone"
	    ng-reflect-name="phone"
	    placeholder="5555555555"
	    type="tel"
	  />
	
	  Name "RFC":
	  <input
	    _ngcontent-a-c3637498237=""
	    class="form-input ng-untouched ng-pristine ng-valid"
	    formcontrolname="rfc"
	    id="rfc"
	    ng-reflect-name="rfc"
	    placeholder="XAXX010101000"
	    type="text"
	  />
	
	  Name "Notas Adicionales":
	  <textarea
	    _ngcontent-a-c3637498237=""
	    class="form-textarea ng-untouched ng-pristine ng-valid"
	    formcontrolname="notes"
	    id="notes"
	    ng-reflect-name="notes"
	    placeholder="Información adicional sobre el cliente..."
	    rows="3"
	  />
	
	  --------------------------------------------------
	  combobox:
	
	  Name "Mercado *":
	  <select
	    _ngcontent-a-c3637498237=""
	    class="form-select ng-untouched ng-pristine ng-invalid"
	    formcontrolname="market"
	    id="market"
	    ng-reflect-name="market"
	  />
	
	  Name "Tipo de Producto *":
	  <select
	    _ngcontent-a-c3637498237=""
	    class="form-select ng-untouched ng-pristine ng-invalid"
	    formcontrolname="flow"
	    id="flow"
	    ng-reflect-name="flow"
	  />
	
	  --------------------------------------------------
	  option:
	
	  Name "Seleccionar mercado":
	  <option
	    _ngcontent-a-c3637498237=""
	    ng-reflect-value=""
	    value=""
	  />
	
	  Name "Aguascalientes":
	  <option
	    _ngcontent-a-c3637498237=""
	    ng-reflect-value="aguascalientes"
	    value="aguascalientes"
	  />
	
	  Name "Estado de México":
	  <option
	    _ngcontent-a-c3637498237=""
	    ng-reflect-value="edomex"
	    value="edomex"
	  />
	
	  Name "Seleccionar producto":
	  <option
	    _ngcontent-a-c3637498237=""
	    ng-reflect-value=""
	    value=""
	  />
	
	  Name "Venta a Plazo":
	  <option
	    _ngcontent-a-c3637498237=""
	    ng-reflect-value="Venta a Plazo"
	    value="Venta a Plazo"
	  />
	
	  Name "Plan de Ahorro":
	  <option
	    _ngcontent-a-c3637498237=""
	    ng-reflect-value="Plan de Ahorro"
	    value="Plan de Ahorro"
	  />
	
	  Name "Crédito Colectivo":
	  <option
	    _ngcontent-a-c3637498237=""
	    ng-reflect-value="Crédito Colectivo"
	    value="Crédito Colectivo"
	  />
	
	  Name "Venta Directa":
	  <option
	    _ngcontent-a-c3637498237=""
	    ng-reflect-value="Venta Directa"
	    value="Venta Directa"
	  />
	
	  --------------------------------------------------
	
	Ignored nodes: comments, script, style
	<body>
	  
	    
	  
	    
	  
	    
	  
	    
	  
	    
	  
	    
	  
	    
	  
	
	  
	
	  
	
	  
	
	  
	
	  <link
	    crossorigin="anonymous"
	    href="node_modules/jasmine-core/lib/jasmine-core/jasmine.css"
	    rel="stylesheet"
	    type="text/css"
	  />
	  
	
	  
	
	  
	
	  <div
	    class="jasmine_html-reporter"
	  >
	    <div
	      class="jasmine-banner"
	    >
	      <a
	        class="jasmine-title"
	        href="http://jasmine.github.io/"
	        target="_blank"
	      />
	      <span
	        class="jasmine-version"
	      >
	        4.6.1
	      </span>
	    </div>
	    <ul
	      class="jasmine-symbol-summary"
	    >
	      <li
	        class="jasmine-passed"
	        id="spec_spec478"
	        title="LoadingService Service Initialization should return false for initial isLoading state"
	      />
	      <li
	        class="jasmine-passed"
	        id="spec_spec477"
	        title="LoadingService Service Initialization should initialize with loading false"
	      />
	      <li
	        class="jasmine-passed"
	        id="spec_spec476"
	        title="LoadingService Service Initialization should be created"
	      />
	      <li
	        class="jasmine-passed"
	        id="spec_spec479"
	        title="LoadingService Basic Loading Control should show loading"
	      />
	      <li
	        class="jasmine-passed"
	        id="spec_spec482"
	        title="LoadingService Basic Loading Control should not hide loading when already hidden"
	      />
	      <li
	        class="jasmine-passed"
	        id="spec_spec481"
	        title="LoadingService Basic Loading Control should not show loading multiple times without identifiers"
	      />
	      <li
	        class="jasmine-passed"
	        id="spec_spec480"
	        title="LoadingService Basic Loading Control should hide loading"
	      />
	      <li
	        class="jasmine-passed"
	        id="spec_spec488"
	        title="LoadingService Identifier-based Loading Control should handle hiding identifier multiple times"
	      />
	      <li
	        class="jasmine-passed"
	        id="spec_spec487"
	        title="LoadingService Identifier-based Loading Control should handle hiding non-existent identifier"
	      />
	      <li
	        class="jasmine-passed"
	        id="spec_spec483"
	        title="LoadingService Identifier-based Loading Control should show loading with identifier"
	      />
	      <li
	        class="jasmine-passed"
	        id="spec_spec486"
	        title="LoadingService Identifier-based Loading Control should not add duplicate identifiers"
	      />
	      <li
	        class="jasmine-passed"
	        id="spec_spec485"
	        title="LoadingService Identifier-based Loading Control should manage multiple identifiers"
	      />
	      <li
	        class="jasmine-passed"
	        id="spec_spec484"
	        title="LoadingService Identifier-based Loading Control should hide loading with identifier"
	      />
	      <li
	        class="jasmine-passed"
	        id="spec_spec503"
	        title="LoadingService Observable Behavior should support multiple subscribers"
	      />
	      <li
	        class="jasmine-passed"
	        id="spec_spec501"
	        title="LoadingService Observable Behavior should emit loading state changes"
	      />
	      <li
	        class="jasmine-passed"
	        id="spec_spec502"
	        title="LoadingService Observable Behavior should not emit duplicate states"
	      />
	      <li
	        class="jasmine-passed"
	        id="spec_spec496"
	        title="LoadingService SetLoading Alias Method should work without identifier"
	      />
	      <li
	        class="jasmine-passed"
	        id="spec_spec495"
	        title="LoadingService SetLoading Alias Method should hide loading when setLoading(false)"
	      />
	      <li
	        class="jasmine-passed"
	        id="spec_spec494"
	        title="LoadingService SetLoading Alias Method should show loading when setLoading(true)"
	      />
	      <li
	        class="jasmine-passed"
	        id="spec_spec498"
	        title="LoadingService Edge Cases and Error Handling should handle mixed identifier and non-identifier operations"
	      />
	      <li
	        class="jasmine-passed"
	        id="spec_spec497"
	        title="LoadingService Edge Cases and Error Handling should handle rapid show/hide calls"
	      />
	      <li
	        class="jasmine-passed"
	        id="spec_spec500"
	        title="LoadingService Edge Cases and Error Handling should maintain state consistency after force hide"
	      />
	      <li
	        class="jasmine-passed"
	        id="spec_spec499"
	        title="LoadingService Edge Cases and Error Handling should handle empty string identifier"
	      />
	      <li
	        class="jasmine-passed"
	        id="spec_spec489"
	        title="LoadingService Force Hide Functionality should force hide loading even with active identifiers"
	      />
	      <li
	        class="jasmine-passed"
	        id="spec_spec490"
	        title="LoadingService Force Hide Functionality should clear all identifiers on force hide"
	      />
	      <li
	        class="jasmine-passed"
	        id="spec_spec492"
	        title="LoadingService Duration-based Loading should show loading for duration with identifier"
	      />
	      <li
	        class="jasmine-passed"
	        id="spec_spec491"
	        title="LoadingService Duration-based Loading should show loading for specific duration"
	      />
	      <li
	        class="jasmine-passed"
	        id="spec_spec493"
	        title="LoadingService Duration-based Loading should handle multiple timed operations"
	      />
	      <li
	        class="jasmine-passed"
	        id="spec_spec53"
	        title="AuthService Login Functionality should fail login with invalid credentials"
	      />
	      <li
	        class="jasmine-passed"
	        id="spec_spec52"
	        title="AuthService Login Functionality should login with valid demo credentials"
	      />
	      <li
	        class="jasmine-passed"
	        id="spec_spec56"
	        title="AuthService Login Functionality should store token in localStorage after successful login"
	      />
	      <li
	        class="jasmine-passed"
	        id="spec_spec55"
	        title="AuthService Login Functionality should set user as authenticated after successful login"
	      />
	      <li
	        class="jasmine-passed"
	        id="spec_spec54"
	        title="AuthService Login Functionality should fail login with non-corporate email"
	      />
	      <li
	        class="jasmine-passed"
	        id="spec_spec51"
	        title="AuthService Basic Service Setup should initialize as not authenticated"
	      />
	      <li
	        class="jasmine-passed"
	        id="spec_spec49"
	        title="AuthService Basic Service Setup should be created"
	      />
	      <li
	        class="jasmine-passed"
	        id="spec_spec50"
	        title="AuthService Basic Service Setup should initialize with no authenticated user"
	      />
	      <li
	        class="jasmine-passed"
	        id="spec_spec75"
	        title="AuthService Logout Functionality should clear user data on logout"
	      />
	      <li
	        class="jasmine-passed"
	   ...
	TestingLibraryElementError: Unable to find an accessible element with the role "button" and name `/guardar/i`
	Here are the accessible roles:
	  link:
	  Name "":
	  <a
	    class="jasmine-title"
	    href="http://jasmine.github.io/"
	    target="_blank"
	  />
	  --------------------------------------------------
	  list:
	  Name "":
	  <ul
	    class="jasmine-symbol-summary"
	  />
	  --------------------------------------------------
	  listitem:
	  Name "LoadingService Service Initialization should return false for initial isLoading state":
	  <li
	    class="jasmine-passed"
	    id="spec_spec478"
	    title="LoadingService Service Initialization should return false for initial isLoading state"
	  />
	  Name "LoadingService Service Initialization should initialize with loading false":
	  <li
	    class="jasmine-passed"
	    id="spec_spec477"
	    title="LoadingService Service Initialization should initialize with loading false"
	  />
	  Name "LoadingService Service Initialization should be created":
	  <li
	    class="jasmine-passed"
	    id="spec_spec476"
	    title="LoadingService Service Initialization should be created"
	  />
	  Name "LoadingService Basic Loading Control should show loading":
	  <li
	    class="jasmine-passed"
	    id="spec_spec479"
	    title="LoadingService Basic Loading Control should show loading"
	  />
	  Name "LoadingService Basic Loading Control should not hide loading when already hidden":
	  <li
	    class="jasmine-passed"
	    id="spec_spec482"
	    title="LoadingService Basic Loading Control should not hide loading when already hidden"
	  />
	  Name "LoadingService Basic Loading Control should not show loading multiple times without identifiers":
	  <li
	    class="jasmine-passed"
	    id="spec_spec481"
	    title="LoadingService Basic Loading Control should not show loading multiple times without identifiers"
	  />
	  Name "LoadingService Basic Loading Control should hide loading":
	  <li
	    class="jasmine-passed"
	    id="spec_spec480"
	    title="LoadingService Basic Loading Control should hide loading"
	  />
	  Name "LoadingService Identifier-based Loading Control should handle hiding identifier multiple times":
	  <li
	    class="jasmine-passed"
	    id="spec_spec488"
	    title="LoadingService Identifier-based Loading Control should handle hiding identifier multiple times"
	  />
	  Name "LoadingService Identifier-based Loading Control should handle hiding non-existent identifier":
	  <li
	    class="jasmine-passed"
	    id="spec_spec487"
	    title="LoadingService Identifier-based Loading Control should handle hiding non-existent identifier"
	  />
	  Name "LoadingService Identifier-based Loading Control should show loading with identifier":
	  <li
	    class="jasmine-passed"
	    id="spec_spec483"
	    title="LoadingService Identifier-based Loading Control should show loading with identifier"
	  />
	  Name "LoadingService Identifier-based Loading Control should not add duplicate identifiers":
	  <li
	    class="jasmine-passed"
	    id="spec_spec486"
	    title="LoadingService Identifier-based Loading Control should not add duplicate identifiers"
	  />
	  Name "LoadingService Identifier-based Loading Control should manage multiple identifiers":
	  <li
	    class="jasmine-passed"
	    id="spec_spec485"
	    title="LoadingService Identifier-based Loading Control should manage multiple identifiers"
	  />
	  Name "LoadingService Identifier-based Loading Control should hide loading with identifier":
	  <li
	    class="jasmine-passed"
	    id="spec_spec484"
	    title="LoadingService Identifier-based Loading Control should hide loading with identifier"
	  />
	  Name "LoadingService Observable Behavior should support multiple subscribers":
	  <li
	    class="jasmine-passed"
	    id="spec_spec503"
	    title="LoadingService Observable Behavior should support multiple subscribers"
	  />
	  Name "LoadingService Observable Behavior should emit loading state changes":
	  <li
	    class="jasmine-passed"
	    id="spec_spec501"
	    title="LoadingService Observable Behavior should emit loading state changes"
	  />
	  Name "LoadingService Observable Behavior should not emit duplicate states":
	  <li
	    class="jasmine-passed"
	    id="spec_spec502"
	    title="LoadingService Observable Behavior should not emit duplicate states"
	  />
	  Name "LoadingService SetLoading Alias Method should work without identifier":
	  <li
	    class="jasmine-passed"
	    id="spec_spec496"
	    title="LoadingService SetLoading Alias Method should work without identifier"
	  />
	  Name "LoadingService SetLoading Alias Method should hide loading when setLoading(false)":
	  <li
	    class="jasmine-passed"
	    id="spec_spec495"
	    title="LoadingService SetLoading Alias Method should hide loading when setLoading(false)"
	  />
	  Name "LoadingService SetLoading Alias Method should show loading when setLoading(true)":
	  <li
	    class="jasmine-passed"
	    id="spec_spec494"
	    title="LoadingService SetLoading Alias Method should show loading when setLoading(true)"
	  />
	  Name "LoadingService Edge Cases and Error Handling should handle mixed identifier and non-identifier operations":
	  <li
	    class="jasmine-passed"
	    id="spec_spec498"
	    title="LoadingService Edge Cases and Error Handling should handle mixed identifier and non-identifier operations"
	  />
	  Name "LoadingService Edge Cases and Error Handling should handle rapid show/hide calls":
	  <li
	    class="jasmine-passed"
	    id="spec_spec497"
	    title="LoadingService Edge Cases and Error Handling should handle rapid show/hide calls"
	  />
	  Name "LoadingService Edge Cases and Error Handling should maintain state consistency after force hide":
	  <li
	    class="jasmine-passed"
	    id="spec_spec500"
	    title="LoadingService Edge Cases and Error Handling should maintain state consistency after force hide"
	  />
	  Name "LoadingService Edge Cases and Error Handling should handle empty string identifier":
	  <li
	    class="jasmine-passed"
	    id="spec_spec499"
	    title="LoadingService Edge Cases and Error Handling should handle empty string identifier"
	  />
	  Name "LoadingService Force Hide Functionality should force hide loading even with active identifiers":
	  <li
	    class="jasmine-passed"
	    id="spec_spec489"
	    title="LoadingService Force Hide Functionality should force hide loading even with active identifiers"
	  />
	  Name "LoadingService Force Hide Functionality should clear all identifiers on force hide":
	  <li
	    class="jasmine-passed"
	    id="spec_spec490"
	    title="LoadingService Force Hide Functionality should clear all identifiers on force hide"
	  />
	  Name "LoadingService Duration-based Loading should show loading for duration with identifier":
	  <li
	    class="jasmine-passed"
	    id="spec_spec492"
	    title="LoadingService Duration-based Loading should show loading for duration with identifier"
	  />
	  Name "LoadingService Duration-based Loading should show loading for specific duration":
	  <li
	    class="jasmine-passed"
	    id="spec_spec491"
	    title="LoadingService Duration-based Loading should show loading for specific duration"
	  />
	  Name "LoadingService Duration-based Loading should handle multiple timed operations":
	  <li
	    class="jasmine-passed"
	    id="spec_spec493"
	    title="LoadingService Duration-based Loading should handle multiple timed operations"
	  />
	  Name "AuthService Login Functionality should fail login with invalid credentials":
	  <li
	    class="jasmine-passed"
	    id="spec_spec53"
	    title="AuthService Login Functionality should fail login with invalid credentials"
	  />
	  Name "AuthService Login Functionality should login with valid demo credentials":
	  <li
	    class="jasmine-passed"
	    id="spec_spec52"
	    title="AuthService Login Functionality should login with valid demo credentials"
	  />
	  Name "AuthService Login Functionality should store token in localStorage after successful login":
	  <li
	    class="jasmine-passed"
	    id="spec_spec56"
	    title="AuthService Login Functionality should store token in localStorage after successful login"
	  />
	  Name "AuthService Login Functionality should set user as authenticated after successful login":
	  <li
	    class="jasmine-passed"
	    id="spec_spec55"
	    title="AuthService Login Functionality should set user as authenticated after successful login"
	  />
	  Name "AuthService Login Functionality should fail login with non-corporate email":
	  <li
	    class="jasmine-passed"
	    id="spec_spec54"
	    title="AuthService Login Functionality should fail login with non-corporate email"
	  />
	  Name "AuthService Basic Service Setup should initialize as not authenticated":
	  <li
	    class="jasmine-passed"
	    id="spec_spec51"
	    title="AuthService Basic Service Setup should initialize as not authenticated"
	  />
	  Name "AuthService Basic Service Setup should be created":
	  <li
	    class="jasmine-passed"
	    id="spec_spec49"
	    title="AuthService Basic Service Setup should be created"
	  />
	  Name "AuthService Basic Service Setup should initialize with no authenticated user":
	  <li
	    class="jasmine-passed"
	    id="spec_spec50"
	    title="AuthService Basic Service Setup should initialize with no authenticated user"
	  />
	  Name "AuthService Logout Functionality should clear user data on logout":
	  <li
	    class="jasmine-passed"
	    id="spec_spec75"
	    title="AuthService Logout Functionality should clear user data on logout"
	  />
	  Name "AuthService Logout Functionality should clear authentication state on logout":
	  <li
	    class="jasmine-passed"
	    id="spec_spec74"
	    title="AuthService Logout Functionality should clear authentication state on logout"
	  />
	  Name "AuthService Logout Functionality should remove token from localStorage on logout":
	  <li
	    class="jasmine-passed"
	    id="spec_spec76"
	    title="AuthService Logout Functionality should remove token from localStorage on logout"
	  />
	  Name "AuthService Email Availability Check should return available for new email":
	  <li
	    class="jasmine-passed"
	    id="spec_spec71"
	    title="AuthService Email Availability Check should return available for new email"
	  />
	  Name "AuthService Email Availability Check should return not available for pending registration email":
	  <li
	    class="jasmine-passed"
	    id="spec_spec73"
	    title="AuthService Email Availability Check should return not available for pending registration email"
	  />
	  Name "AuthService Email Availability Check should return not available for existing email":
	  <li
	    class="jasmine-passed"
	    id="spec_spec72"
	    title="AuthService Email Availability Check should return not available for existing email"
	  />
	  Name "AuthService Email Verification should successfully verify email with valid token":
	  <li
	    class="jasmine-passed"
	    id="spec_spec68"
	    title="AuthService Email Verification should successfully verify email with valid token"
	  />
	  Name "AuthService Email Verification should fail verification with invalid token":
	  <li
	    class="jasmine-passed"
	    id="spec_spec69"
	    title="AuthService Email Verification should fail verification with invalid token"
	  />
	  Name "AuthService Email Verification should update registration status after verification":
	  <li
	    class="jasmine-passed"
	    id="spec_spec70"
	    title="AuthService Email Verification should update registration status after verification"
	  />
	  Name "AuthService Token Management should detect old token as expired":
	  <li
	    class="jasmine-passed"
	    id="spec_spec59"
	    title="AuthService Token Management should detect old token as expired"
	  />
	  Name "AuthService Token Management should detect valid token as not expired":
	  <li
	    class="jasmine-failed"
	    id="spec_spec58"
	    title="AuthService Token Management should detect valid token as not expired"
	  />
	  Name "AuthService Token Management should detect invalid token format as expired":
	  <li
	    class="jasmine-passed"
	    id="spec_spec60"
	    title="AuthService Token Management should detect invalid token format as expired"
	  />
	  Name "AuthService Token Management should retrieve stored token":
	  <li
	    class="jasmine-passed"
	    id="spec_spec57"
	    title="AuthService Token Management should retrieve stored token"
	  />
	  Name "AuthService Registration Functionality should fail registration without privacy acceptance":
	  <li
	    class="jasmine-passed"
	    id="spec_spec63"
	    title="AuthService Registration Functionality should fail registration without privacy acceptance"
	  />
	  Name "AuthService Registration Functionality should successfully register with valid data":
	  <li
	    class="jasmine-passed"
	    id="spec_spec61"
	    title="AuthService Registration Functionality should successfully register with valid data"
	  />
	  Name "AuthService Registration Functionality should fail registration without terms acceptance":
	  <li
	    class="jasmine-passed"
	    id="spec_spec62"
	    title="AuthService Registration Functionality should fail registration without terms acceptance"
	  />
	  Name "AuthService Registration Functionality should fail registration with non-corporate email":
	  <li
	    class="jasmine-passed"
	    id="spec_spec65"
	    title="AuthService Registration Functionality should fail registration with non-corporate email"
	  />
	  Name "AuthService Registration Functionality should fail registration with existing email":
	  <li
	    class="jasmine-passed"
	    id="spec_spec66"
	    title="AuthService Registration Functionality should fail registration with existing email"
	  />
	  Name "AuthService Registration Functionality should fail registration with mismatched passwords":
	  <li
	    class="jasmine-passed"
	    id="spec_spec64"
	    title="AuthService Registration Functionality should fail registration with mismatched passwords"
	  />
	  Name "AuthService Registration Functionality should store pending registration in localStorage":
	  <li
	    class="jasmine-passed"
	    id="spec_spec67"
	    title="AuthService Registration Functionality should store pending registration in localStorage"
	  />
	  Name "CreditScoringService Service Initialization should have SCORING_CONFIG defined":
	  <li
	    class="jasmine-failed"
	    id="spec_spec296"
	    title="CreditScoringService Service Initialization should have SCORING_CONFIG defined"
	  />
	  Name "CreditScoringService Service Initialization should initialize internal storage maps":
	  <li
	    class="jasmine-failed"
	    id="spec_spec297"
	    title="CreditScoringService Service Initialization should initialize internal storage maps"
	  />
	  Name "CreditScoringService Service Initialization should be created":
	  <li
	    class="jasmine-failed"
	    id="spec_spec295"
	    title="CreditScoringService Service Initialization should be created"
	  />
	  Name "CreditScoringService Scoring Recommendations should get VentaDirecta recommendations":
	  <li
	    class="jasmine-failed"
	    id="spec_spec308"
	    title="CreditScoringService Scoring Recommendations should get VentaDirecta recommendations"
	  />
	  Name "CreditScoringService Scoring Recommendations should get CreditoColectivo recommendations":
	  <li
	    class="jasmine-failed"
	    id="spec_spec311"
	    title="CreditScoringService Scoring Recommendations should get CreditoColectivo recommendations"
	  />
	  Name "CreditScoringService Scoring Recommendations should get AhorroProgramado recommendations":
	  <li
	    class="jasmine-failed"
	    id="spec_spec312"
	    title="CreditScoringService Scoring Recommendations should get AhorroProgramado recommendations"
	  />
	  Name "CreditScoringService Scoring Recommendations should get VentaPlazo recommendations for AGS":
	  <li
	    class="jasmine-failed"
	    id="spec_spec309"
	    title="CreditScoringService Scoring Recommendations should get VentaPlazo recommendations for AGS"
	  />
	  Name "CreditScoringService Scoring Recommendations should return default recommendations for unknown flow":
	  <li
	    class="jasmine-failed"
	    id="spec_spec313"
	    title="CreditScoringService Scoring Recommendations should return default recommendations for unknown flow"
	  />
	  Name "CreditScoringService Scoring Recommendations should get VentaPlazo recommendations for EdoMex":
	  <li
	    class="jasmine-failed"
	    id="spec_spec310"
	    title="CreditScoringService Scoring Recommendations should get VentaPlazo recommendations for EdoMex"
	  />
	  Name "CreditScoringService Scoring Validity Check should invalidate expired scoring":
	  <li
	    class="jasmine-failed"
	    id="spec_spec327"
	    title="CreditScoringService Scoring Validity Check should invalidate expired scoring"
	  />
	  Name "CreditScoringService Scoring Validity Check should validate non-expired scoring":
	  <li
	    class="jasmine-failed"
	    id="spec_spec326"
	    title="CreditScoringService Scoring Validity Check should validate non-expired scoring"
	  />
	  Name "CreditScoringService Scoring Validity Check should return false for non-existent scoring":
	  <li
	    class="jasmine-failed"
	    id="spec_spec328"
	    title="CreditScoringService Scoring Validity Check should return false for non-existent scoring"
	  />
	  Name "CreditScoringService Scoring Simulation should set expiration date correctly":
	  <li
	    class="jasmine-failed"
	    id="spec_spec321"
	    title="CreditScoringService Scoring Simulation should set expiration date correctly"
	  />
	  Name "CreditScoringService Scoring Simulation should simulate scoring with low score for risky client":
	  <li
	    class="jasmine-failed"
	    id="spec_spec315"
	    title="CreditScoringService Scoring Simulation should simulate scoring with low score for risky client"
	  />
	  Name "CreditScoringService Scoring Simulation should apply market bonus for Aguascalientes":
	  <li
	    class="jasmine-failed"
	    id="spec_spec316"
	    title="CreditScoringService Scoring Simulation should apply market bonus for Aguascalientes"
	  />
	  Name "CreditScoringService Scoring Simulation should set correct interest rates by market":
	  <li
	    class="jasmine-failed"
	    id="spec_spec318"
	    title="CreditScoringService Scoring Simulation should set correct interest rates by market"
	  />
	  Name "CreditScoringService Scoring Simulation should include reasons for rejection":
	  <li
	    class="jasmine-failed"
	    id="spec_spec320"
	    title="CreditScoringService Scoring Simulation should include reasons for rejection"
	  />
	  Name "CreditScoringService Scoring Simulation should apply business flow bonuses correctly":
	  <li
	    class="jasmine-failed"
	    id="spec_spec317"
	    title="CreditScoringService Scoring Simulation should apply business flow bonuses correctly"
	  />
	  Name "CreditScoringService Scoring Simulation should include conditions for conditional approval":
	  <li
	    class="jasmine-failed"
	    id="spec_spec319"
	    title="CreditScoringService Scoring Simulation should include conditions for conditional approval"
	  />
	  Name "CreditScoringService Scoring Simulation should simulate scoring with high score for good client":
	  <li
	    class="jasmine-failed"
	    id="spec_spec314"
	    title="CreditScoringService Scoring Simulation should simulate scoring with high score for good client"
	  />
	  Name "CreditScoringService Credit Scoring Process should get scoring status correctly":
	  <li
	    class="jasmine-failed"
	    id="spec_spec301"
	    title="CreditScoringService Credit Scoring Process should get scoring status correctly"
	  />
	  Name "CreditScoringService Credit Scoring Process should return null for non-existent scoring ID":
	  <li
	    class="jasmine-failed"
	    id="spec_spec300"
	    title="CreditScoringService Credit Scoring Process should return null for non-existent scoring ID"
	  />
	  Name "CreditScoringService Credit Scoring Process should return null for non-existent status ID":
	  <li
	    class="jasmine-failed"
	    id="spec_spec302"
	    title="CreditScoringService Credit Scoring Process should return null for non-existent status ID"
	  />
	  Name "CreditScoringService Credit Scoring Process should initiate credit scoring request":
	  <li
	    class="jasmine-failed"
	    id="spec_spec298"
	    title="CreditScoringService Credit Scoring Process should initiate credit scoring request"
	  />
	  Name "CreditScoringService Credit Scoring Process should store scoring result after processing":
	  <li
	    class="jasmine-failed"
	    id="spec_spec299"
	    title="CreditScoringService Credit Scoring Process should store scoring result after processing"
	  />
	  Name "CreditScoringService Risk Level Assignment should assign correct risk levels":
	  <li
	    class="jasmine-failed"
	    id="spec_spec330"
	    title="CreditScoringService Risk Level Assignment should assign correct risk levels"
	  />
	  Name "CreditScoringService Score Grading System should assign correct grades for score ranges":
	  <li
	    class="jasmine-failed"
	    id="spec_spec329"
	    title="CreditScoringService Score Grading System should assign correct grades for score ranges"
	  />
	  Name "CreditScoringService Scoring Prerequisites Validation should validate client is ready for scoring":
	  <li
	    class="jasmine-failed"
	    id="spec_spec303"
	    title="CreditScoringService Scoring Prerequisites Validation should validate client is ready for scoring"
	  />
	  Name "CreditScoringService Scoring Prerequisites Validation should identify multiple missing requirements":
	  <li
	    class="jasmine-failed"
	    id="spec_spec307"
	    title="CreditScoringService Scoring Prerequisites Validation should identify multiple missing requirements"
	  />
	  Name "CreditScoringService Scoring Prerequisites Validation should identify missing INE document":
	  <li
	    class="jasmine-failed"
	    id="spec_spec304"
	    title="CreditScoringService Scoring Prerequisites Validation should identify missing INE document"
	  />
	  Name "CreditScoringService Scoring Prerequisites Validation should identify missing KYC verification":
	  <li
	    class="jasmine-failed"
	    id="spec_spec306"
	    title="CreditScoringService Scoring Prerequisites Validation should identify missing KYC verification"
	  />
	  Name "CreditScoringService Scoring Prerequisites Validation should identify missing comprobante document":
	  <li
	    class="jasmine-failed"
	    id="spec_spec305"
	    title="CreditScoringService Scoring Prerequisites Validation should identify missing comprobante document"
	  />
	  Name "CreditScoringService Scoring Retry Functionality should fail retry for non-existent original scoring":
	  <li
	    class="jasmine-failed"
	    id="spec_spec323"
	    title="CreditScoringService Scoring Retry Functionality should fail retry for non-existent original scoring"
	  />
	  Name "CreditScoringService Scoring Retry Functionality should retry scoring with updated information":
	  <li
	    class="jasmine-failed"
	    id="spec_spec322"
	    title="CreditScoringService Scoring Retry Functionality should retry scoring with updated information"
	  />
	  Name "CreditScoringService Edge Cases and Error Handling should handle zero or negative income gracefully":
	  <li
	    class="jasmine-failed"
	    id="spec_spec333"
	    title="CreditScoringService Edge Cases and Error Handling should handle zero or negative income gracefully"
	  />
	  Name "CreditScoringService Edge Cases and Error Handling should handle maximum score bounds":
	  <li
	    class="jasmine-failed"
	    id="spec_spec332"
	    title="CreditScoringService Edge Cases and Error Handling should handle maximum score bounds"
	  />
	  Name "CreditScoringService Edge Cases and Error Handling should handle minimum score bounds":
	  <li
	    class="jasmine-failed"
	    id="spec_spec331"
	    title="CreditScoringService Edge Cases and Error Handling should handle minimum score bounds"
	  />
	  Name "CreditScoringService Client Scoring History should return empty array for client with no scorings":
	  <li
	    class="jasmine-failed"
	    id="spec_spec325"
	    title="CreditScoringService Client Scoring History should return empty array for client with no scorings"
	  />
	  Name "CreditScoringService Client Scoring History should get client scoring history":
	  <li
	    class="jasmine-failed"
	    id="spec_spec324"
	    title="CreditScoringService Client Scoring History should get client scoring history"
	  />
	  Name "Integration Smoke should pass basic integration smoke test":
	  <li
	    class="jasmine-passed"
	    id="spec_spec11"
	    title="Integration Smoke should pass basic integration smoke test"
	  />
	  Name "FinancialCalculatorService Scenario Policy Validation should handle step-down without reduction percentage":
	  <li
	    class="jasmine-passed"
	    id="spec_spec422"
	    title="FinancialCalculatorService Scenario Policy Validation should handle step-down without reduction percentage"
	  />
	  Name "FinancialCalculatorService Scenario Policy Validation should validate unknown scenario type":
	  <li
	    class="jasmine-passed"
	    id="spec_spec421"
	    title="FinancialCalculatorService Scenario Policy Validation should validate unknown scenario type"
	  />
	  Name "FinancialCalculatorService Scenario Policy Validation should validate defer scenario within limits":
	  <li
	    class="jasmine-passed"
	    id="spec_spec417"
	    title="FinancialCalculatorService Scenario Policy Validation should validate defer scenario within limits"
	  />
	  Name "FinancialCalculatorService Scenario Policy Validation should validate step-down scenario within limits":
	  <li
	    class="jasmine-passed"
	    id="spec_spec419"
	    title="FinancialCalculatorService Scenario Policy Validation should validate step-down scenario within limits"
	  />
	  Name "FinancialCalculatorService Scenario Policy Validation should reject step-down scenario exceeding reduction limit":
	  <li
	    class="jasmine-passed"
	    id="spec_spec420"
	    title="FinancialCalculatorService Scenario Policy Validation should reject step-down scenario exceeding reduction limit"
	  />
	  Name "FinancialCalculatorService Scenario Policy Validation should reject defer scenario exceeding limits":
	  <li
	    class="jasmine-passed"
	    id="spec_spec418"
	    title="FinancialCalculatorService Scenario Policy Validation should reject defer scenario exceeding limits"
	  />
	  Name "FinancialCalculatorService Interest Capitalization should capitalize interest for deferral period":
	  <li
	    class="jasmine-passed"
	    id="spec_spec414"
	    title="FinancialCalculatorService Interest Capitalization should capitalize interest for deferral period"
	  />
	  Name "FinancialCalculatorService Interest Capitalization should handle zero deferral months":
	  <li
	    class="jasmine-passed"
	    id="spec_spec415"
	    title="FinancialCalculatorService Interest Capitalization should handle zero deferral months"
	  />
	  Name "FinancialCalculatorService Interest Capitalization should handle zero interest rate":
	  <li
	    class="jasmine-passed"
	    id="spec_spec416"
	    title="FinancialCalculatorService Interest Capitalization should handle zero interest rate"
	  />
	  Name "FinancialCalculatorService Currency Formatting should format positive amounts in Mexican Pesos":
	  <li
	    class="jasmine-passed"
	    id="spec_spec431"
	    title="FinancialCalculatorService Currency Formatting should format positive amounts in Mexican Pesos"
	  />
	  Name "FinancialCalculatorService Currency Formatting should format negative amounts":
	  <li
	    class="jasmine-passed"
	    id="spec_spec432"
	    title="FinancialCalculatorService Currency Formatting should format negative amounts"
	  />
	  Name "FinancialCalculatorService Currency Formatting should format zero amount":
	  <li
	    class="jasmine-passed"
	    id="spec_spec433"
	    title="FinancialCalculatorService Currency Formatting should format zero amount"
	  />
	  Name "FinancialCalculatorService Currency Formatting should format large amounts with proper separators":
	  <li
	    class="jasmine-passed"
	    id="spec_spec434"
	    title="FinancialCalculatorService Currency Formatting should format large amounts with proper separators"
	  />
	  Name "FinancialCalculatorService Currency Formatting should format small amounts":
	  <li
	    class="jasmine-passed"
	    id="spec_spec435"
	    title="FinancialCalculatorService Currency Formatting should format small amounts"
	  />
	  Name "FinancialCalculatorService TIR Calculation (Newton-Raphson) should bound rate to reasonable values":
	  <li
	    class="jasmine-passed"
	    id="spec_spec410"
	    title="FinancialCalculatorService TIR Calculation (Newton-Raphson) should bound rate to reasonable values"
	  />
	  Name "FinancialCalculatorService TIR Calculation (Newton-Raphson) should handle zero cash flows":
	  <li
	    class="jasmine-passed"
	    id="spec_spec407"
	    title="FinancialCalculatorService TIR Calculation (Newton-Raphson) should handle zero cash flows"
	  />
	  Name "FinancialCalculatorService TIR Calculation (Newton-Raphson) should calculate TIR for simple cash flows":
	  <li
	    class="jasmine-passed"
	    id="spec_spec405"
	    title="FinancialCalculatorService TIR Calculation (Newton-Raphson) should calculate TIR for simple cash flows"
	  />
	  Name "FinancialCalculatorService TIR Calculation (Newton-Raphson) should calculate TIR for loan scenario":
	  <li
	    class="jasmine-passed"
	    id="spec_spec406"
	    title="FinancialCalculatorService TIR Calculation (Newton-Raphson) should calculate TIR for loan scenario"
	  />
	  Name "FinancialCalculatorService TIR Calculation (Newton-Raphson) should handle single negative cash flow":
	  <li
	    class="jasmine-passed"
	    id="spec_spec408"
	    title="FinancialCalculatorService TIR Calculation (Newton-Raphson) should handle single negative cash flow"
	  />
	  Name "FinancialCalculatorService TIR Calculation (Newton-Raphson) should respect maximum iterations":
	  <li
	    class="jasmine-passed"
	    id="spec_spec409"
	    title="FinancialCalculatorService TIR Calculation (Newton-Raphson) should respect maximum iterations"
	  />
	  Name "FinancialCalculatorService Cash Flow Generation should generate cash flows with principal and payments":
	  <li
	    class="jasmine-passed"
	    id="spec_spec411"
	    title="FinancialCalculatorService Cash Flow Generation should generate cash flows with principal and payments"
	  />
	  Name "FinancialCalculatorService Cash Flow Generation should handle empty payments array":
	  <li
	    class="jasmine-passed"
	    id="spec_spec413"
	    title="FinancialCalculatorService Cash Flow Generation should handle empty payments array"
	  />
	  Name "FinancialCalculatorService Cash Flow Generation should handle fewer payments than term":
	  <li
	    class="jasmine-passed"
	    id="spec_spec412"
	    title="FinancialCalculatorService Cash Flow Generation should handle fewer payments than term"
	  />
	  Name "FinancialCalculatorService Service Initialization should be created":
	  <li
	    class="jasmine-passed"
	    id="spec_spec400"
	    title="FinancialCalculatorService Service Initialization should be created"
	  />
	  Name "FinancialCalculatorService Market-Specific TIR Rates should return correct TIR for Estado de México":
	  <li
	    class="jasmine-passed"
	    id="spec_spec402"
	    title="FinancialCalculatorService Market-Specific TIR Rates should return correct TIR for Estado de México"
	  />
	  Name "FinancialCalculatorService Market-Specific TIR Rates should return default TIR for unknown market":
	  <li
	    class="jasmine-passed"
	    id="spec_spec403"
	    title="FinancialCalculatorService Market-Specific TIR Rates should return default TIR for unknown market"
	  />
	  Name "FinancialCalculatorService Market-Specific TIR Rates should return correct TIR for Aguascalientes":
	  <li
	    class="jasmine-passed"
	    id="spec_spec401"
	    title="FinancialCalculatorService Market-Specific TIR Rates should return correct TIR for Aguascalientes"
	  />
	  Name "FinancialCalculatorService Market-Specific TIR Rates should return default TIR when market is undefined":
	  <li
	    class="jasmine-passed"
	    id="spec_spec404"
	    title="FinancialCalculatorService Market-Specific TIR Rates should return default TIR when market is undefined"
	  />
	  Name "FinancialCalculatorService Annuity Calculations should handle negative interest rate":
	  <li
	    class="jasmine-passed"
	    id="spec_spec426"
	    title="FinancialCalculatorService Annuity Calculations should handle negative interest rate"
	  />
	  Name "FinancialCalculatorService Annuity Calculations should handle zero term":
	  <li
	    class="jasmine-passed"
	    id="spec_spec425"
	    title="FinancialCalculatorService Annuity Calculations should handle zero term"
	  />
	  Name "FinancialCalculatorService Annuity Calculations should handle zero interest rate":
	  <li
	    class="jasmine-passed"
	    id="spec_spec424"
	    title="FinancialCalculatorService Annuity Calculations should handle zero interest rate"
	  />
	  Name "FinancialCalculatorService Annuity Calculations should calculate monthly payment for standard loan":
	  <li
	    class="jasmine-passed"
	    id="spec_spec423"
	    title="FinancialCalculatorService Annuity Calculations should calculate monthly payment for standard loan"
	  />
	  Name "FinancialCalculatorService Balance Calculations should handle negative interest rate in balance calculation":
	  <li
	    class="jasmine-passed"
	    id="spec_spec430"
	    title="FinancialCalculatorService Balance Calculations should handle negative interest rate in balance calculation"
	  />
	  Name "FinancialCalculatorService Balance Calculations should handle zero months paid":
	  <li
	    class="jasmine-passed"
	    id="spec_spec429"
	    title="FinancialCalculatorService Balance Calculations should handle zero months paid"
	  />
	  Name "FinancialCalculatorService Balance Calculations should handle zero interest rate balance":
	  <li
	    class="jasmine-passed"
	    id="spec_spec428"
	    title="FinancialCalculatorService Balance Calculations should handle zero interest rate balance"
	  />
	  Name "FinancialCalculatorService Balance Calculations should calculate remaining balance after payments":
	  <li
	    class="jasmine-passed"
	    id="spec_spec427"
	    title="FinancialCalculatorService Balance Calculations should calculate remaining balance after payments"
	  />
	  Name "FinancialCalculatorService Edge Cases and Error Handling should handle very long terms":
	  <li
	    class="jasmine-passed"
	    id="spec_spec438"
	    title="FinancialCalculatorService Edge Cases and Error Handling should handle very long terms"
	  />
	  Name "FinancialCalculatorService Edge Cases and Error Handling should handle TIR calculation convergence issues":
	  <li
	    class="jasmine-passed"
	    id="spec_spec439"
	    title="FinancialCalculatorService Edge Cases and Error Handling should handle TIR calculation convergence issues"
	  />
	  Name "FinancialCalculatorService Edge Cases and Error Handling should handle very large principal amounts":
	  <li
	    class="jasmine-passed"
	    id="spec_spec436"
	    title="FinancialCalculatorService Edge Cases and Error Handling should handle very large principal amounts"
	  />
	  Name "FinancialCalculatorService Edge Cases and Error Handling should handle very small interest rates":
	  <li
	    class="jasmine-passed"
	    id="spec_spec437"
	    title="FinancialCalculatorService Edge Cases and Error Handling should handle very small interest rates"
	  />
	  Name "OCRService Text Extraction from Image File should handle extraction errors":
	  <li
	    class="jasmine-passed"
	    id="spec_spec629"
	    title="OCRService Text Extraction from Image File should handle extraction errors"
	  />
	  Name "OCRService Text Extraction from Image File should extract structured data when document type is provided":
	  <li
	    class="jasmine-failed"
	    id="spec_spec628"
	    title="OCRService Text Extraction from Image File should extract structured data when document type is provided"
	  />
	  Name "OCRService Text Extraction from Image File should extract text from image file":
	  <li
	    class="jasmine-failed"
	    id="spec_spec627"
	    title="OCRService Text Extraction from Image File should extract text from image file"
	  />
	  Name "OCRService Text Extraction from Image File should update progress during extraction":
	  <li
	    class="jasmine-failed"
	    id="spec_spec630"
	    title="OCRService Text Extraction from Image File should update progress during extraction"
	  />
	  Name "OCRService Text Extraction from Base64 should extract structured data from base64 with document type":
	  <li
	    class="jasmine-failed"
	    id="spec_spec632"
	    title="OCRService Text Extraction from Base64 should extract structured data from base64 with document type"
	  />
	  Name "OCRService Text Extraction from Base64 should handle base64 extraction errors":
	  <li
	    class="jasmine-passed"
	    id="spec_spec633"
	    title="OCRService Text Extraction from Base64 should handle base64 extraction errors"
	  />
	  Name "OCRService Text Extraction from Base64 should extract text from base64 image":
	  <li
	    class="jasmine-failed"
	    id="spec_spec631"
	    title="OCRService Text Extraction from Base64 should extract text from base64 image"
	  />
	  Name "OCRService Service Initialization should provide progress observable":
	  <li
	    class="jasmine-passed"
	    id="spec_spec622"
	    title="OCRService Service Initialization should provide progress observable"
	  />
	  Name "OCRService Service Initialization should be created":
	  <li
	    class="jasmine-passed"
	    id="spec_spec621"
	    title="OCRService Service Initialization should be created"
	  />
	  Name "OCRService Worker Initialization should update progress during initialization":
	  <li
	    class="jasmine-passed"
	    id="spec_spec626"
	    title="OCRService Worker Initialization should update progress during initialization"
	  />
	  Name "OCRService Worker Initialization should handle initialization errors":
	  <li
	    class="jasmine-passed"
	    id="spec_spec625"
	    title="OCRService Worker Initialization should handle initialization errors"
	  />
	  Name "OCRService Worker Initialization should initialize Tesseract worker with Spanish and English":
	  <li
	    class="jasmine-failed"
	    id="spec_spec623"
	    title="OCRService Worker Initialization should initialize Tesseract worker with Spanish and English"
	  />
	  Name "OCRService Worker Initialization should not reinitialize if already initialized":
	  <li
	    class="jasmine-failed"
	    id="spec_spec624"
	    title="OCRService Worker Initialization should not reinitialize if already initialized"
	  />
	  Name "OCRService INE Data Extraction should extract CURP from INE text":
	  <li
	    class="jasmine-failed"
	    id="spec_spec634"
	    title="OCRService INE Data Extraction should extract CURP from INE text"
	  />
	  Name "OCRService INE Data Extraction should extract birth date from INE text":
	  <li
	    class="jasmine-failed"
	    id="spec_spec636"
	    title="OCRService INE Data Extraction should extract birth date from INE text"
	  />
	  Name "OCRService INE Data Extraction should extract name from INE text":
	  <li
	    class="jasmine-failed"
	    id="spec_spec635"
	    title="OCRService INE Data Extraction should extract name from INE text"
	  />
	  Name "OCRService Tarjeta de Circulación Data Extraction should extract model and year":
	  <li
	    class="jasmine-failed"
	    id="spec_spec639"
	    title="OCRService Tarjeta de Circulación Data Extraction should extract model and year"
	  />
	  Name "OCRService Tarjeta de Circulación Data Extraction should extract vehicle brand":
	  <li
	    class="jasmine-failed"
	    id="spec_spec638"
	    title="OCRService Tarjeta de Circulación Data Extraction should extract vehicle brand"
	  />
	  Name "OCRService Tarjeta de Circulación Data Extraction should extract license plates":
	  <li
	    class="jasmine-failed"
	    id="spec_spec637"
	    title="OCRService Tarjeta de Circulación Data Extraction should extract license plates"
	  />
	  Name "OCRService Worker Management should reinitialize worker after termination":
	  <li
	    class="jasmine-failed"
	    id="spec_spec652"
	    title="OCRService Worker Management should reinitialize worker after termination"
	  />
	  Name "OCRService Worker Management should handle termination when worker is null":
	  <li
	    class="jasmine-passed"
	    id="spec_spec651"
	    title="OCRService Worker Management should handle termination when worker is null"
	  />
	  Name "OCRService Worker Management should terminate worker properly":
	  <li
	    class="jasmine-failed"
	    id="spec_spec650"
	    title="OCRService Worker Management should terminate worker properly"
	  />
	  Name "OCRService Progress Messaging should handle unknown status messages":
	  <li
	    class="jasmine-empty"
	    id="spec_spec654"
	    title="OCRService Progress Messaging should handle unknown status messages"
	  />
	  Name "OCRService Progress Messaging should translate status messages to Spanish":
	  <li
	    class="jasmine-failed"
	    id="spec_spec653"
	    title="OCRService Progress Messaging should translate status messages to Spanish"
	  />
	  Name "OCRService Edge Cases and Error Handling should handle very low confidence results":
	  <li
	    class="jasmine-failed"
	    id="spec_spec659"
	    title="OCRService Edge Cases and Error Handling should handle very low confidence results"
	  />
	  Name "OCRService Edge Cases and Error Handling should handle extraction without document type":
	  <li
	    class="jasmine-failed"
	    id="spec_spec658"
	    title="OCRService Edge Cases and Error Handling should handle extraction without document type"
	  />
	  Name "OCRService Edge Cases and Error Handling should handle documents with mixed case text":
	  <li
	    class="jasmine-failed"
	    id="spec_spec657"
	    title="OCRService Edge Cases and Error Handling should handle documents with mixed case text"
	  />
	  Name "OCRService Edge Cases and Error Handling should handle malformed CURP patterns":
	  <li
	    class="jasmine-failed"
	    id="spec_spec656"
	    title="OCRService Edge Cases and Error Handling should handle malformed CURP patterns"
	  />
	  Name "OCRService Edge Cases and Error Handling should handle empty text extraction":
	  <li
	    class="jasmine-failed"
	    id="spec_spec655"
	    title="OCRService Edge Cases and Error Handling should handle empty text extraction"
	  />
	  Name "OCRService Comprobante de Domicilio Data Extraction should extract date from comprobante":
	  <li
	    class="jasmine-failed"
	    id="spec_spec642"
	    title="OCRService Comprobante de Domicilio Data Extraction should extract date from comprobante"
	  />
	  Name "OCRService Comprobante de Domicilio Data Extraction should identify utility provider":
	  <li
	    class="jasmine-failed"
	    id="spec_spec641"
	    title="OCRService Comprobante de Domicilio Data Extraction should identify utility provider"
	  />
	  Name "OCRService Comprobante de Domicilio Data Extraction should extract address information":
	  <li
	    class="jasmine-failed"
	    id="spec_spec640"
	    title="OCRService Comprobante de Domicilio Data Extraction should extract address information"
	  />
	  Name "OCRService RFC Data Extraction should extract taxpayer name":
	  <li
	    class="jasmine-failed"
	    id="spec_spec644"
	    title="OCRService RFC Data Extraction should extract taxpayer name"
	  />
	  Name "OCRService RFC Data Extraction should extract RFC code":
	  <li
	    class="jasmine-failed"
	    id="spec_spec643"
	    title="OCRService RFC Data Extraction should extract RFC code"
	  />
	  Name "OCRService Document Type Validation should validate RFC documents":
	  <li
	    class="jasmine-passed"
	    id="spec_spec649"
	    title="OCRService Document Type Validation should validate RFC documents"
	  />
	  Name "OCRService Document Type Validation should validate comprobante de domicilio":
	  <li
	    class="jasmine-passed"
	    id="spec_spec648"
	    title="OCRService Document Type Validation should validate comprobante de domicilio"
	  />
	  Name "OCRService Document Type Validation should validate INE document correctly":
	  <li
	    class="jasmine-passed"
	    id="spec_spec645"
	    title="OCRService Document Type Validation should validate INE document correctly"
	  />
	  Name "OCRService Document Type Validation should handle unknown document types":
	  <li
	    class="jasmine-failed"
	    id="spec_spec647"
	    title="OCRService Document Type Validation should handle unknown document types"
	  />
	  Name "OCRService Document Type Validation should detect mismatched document types":
	  <li
	    class="jasmine-passed"
	    id="spec_spec646"
	    title="OCRService Document Type Validation should detect mismatched document types"
	  />
	  Name "ConfigurationService Scoring Configuration should get scoring configuration":
	  <li
	    class="jasmine-passed"
	    id="spec_spec208"
	    title="ConfigurationService Scoring Configuration should get scoring configuration"
	  />
	  Name "ConfigurationService Scoring Configuration should have business flow scoring requirements":
	  <li
	    class="jasmine-passed"
	    id="spec_spec209"
	    title="ConfigurationService Scoring Configuration should have business flow scoring requirements"
	  />
	  Name "ConfigurationService Scoring Configuration should have scoring factors configuration":
	  <li
	    class="jasmine-passed"
	    id="spec_spec211"
	    title="ConfigurationService Scoring Configuration should have scoring factors configuration"
	  />
	  Name "ConfigurationService Scoring Configuration should have correct scoring thresholds":
	  <li
	    class="jasmine-passed"
	    id="spec_spec210"
	    title="ConfigurationService Scoring Configuration should have correct scoring thresholds"
	  />
	  Name "ConfigurationService AVI Configuration should have market specific questions":
	  <li
	    class="jasmine-passed"
	    id="spec_spec218"
	    title="ConfigurationService AVI Configuration should have market specific questions"
	  />
	  Name "ConfigurationService AVI Configuration should have random questions configuration":
	  <li
	    class="jasmine-passed"
	    id="spec_spec219"
	    title="ConfigurationService AVI Configuration should have random questions configuration"
	  />
	  Name "ConfigurationService AVI Configuration should get AVI configuration":
	  <li
	    class="jasmine-passed"
	    id="spec_spec215"
	    title="ConfigurationService AVI Configuration should get AVI configuration"
	  />
	  Name "ConfigurationService AVI Configuration should have core AVI questions":
	  <li
	    class="jasmine-passed"
	    id="spec_spec216"
	    title="ConfigurationService AVI Configuration should have core AVI questions"
	  />
	  Name "ConfigurationService AVI Configuration should have validation configuration":
	  <li
	    class="jasmine-passed"
	    id="spec_spec220"
	    title="ConfigurationService AVI Configuration should have validation configuration"
	  />
	  Name "ConfigurationService AVI Configuration should have business flow specific questions":
	  <li
	    class="jasmine-passed"
	    id="spec_spec217"
	    title="ConfigurationService AVI Configuration should have business flow specific questions"
	  />
	  Name "ConfigurationService Market Configuration should have correct Estado de México market configuration":
	  <li
	    class="jasmine-passed"
	    id="spec_spec206"
	    title="ConfigurationService Market Configuration should have correct Estado de México market configuration"
	  />
	  Name "ConfigurationService Market Configuration should include EdoMex municipalities":
	  <li
	    class="jasmine-passed"
	    id="spec_spec207"
	    title="ConfigurationService Market Configuration should include EdoMex municipalities"
	  />
	  Name "ConfigurationService Market Configuration should get market configuration":
	  <li
	    class="jasmine-passed"
	    id="spec_spec204"
	    title="ConfigurationService Market Configuration should get market configuration"
	  />
	  Name "ConfigurationService Market Configuration should have correct Aguascalientes market configuration":
	  <li
	    class="jasmine-passed"
	    id="spec_spec205"
	    title="ConfigurationService Market Configuration should have correct Aguascalientes market configuration"
	  />
	  Name "ConfigurationService Configuration Loading and Updates should preserve existing configuration when updating":
	  <li
	    class="jasmine-passed"
	    id="spec_spec203"
	    title="ConfigurationService Configuration Loading and Updates should preserve existing configuration when updating"
	  />
	  Name "ConfigurationService Configuration Loading and Updates should refresh configuration from API":
	  <li
	    class="jasmine-passed"
	    id="spec_spec201"
	    title="ConfigurationService Configuration Loading and Updates should refresh configuration from API"
	  />
	  Name "ConfigurationService Configuration Loading and Updates should update configuration successfully":
	  <li
	    class="jasmine-passed"
	    id="spec_spec202"
	    title="ConfigurationService Configuration Loading and Updates should update configuration successfully"
	  />
	  Name "ConfigurationService Configuration Loading and Updates should get current configuration":
	  <li
	    class="jasmine-passed"
	    id="spec_spec200"
	    title="ConfigurationService Configuration Loading and Updates should get current configuration"
	  />
	  Name "ConfigurationService Service Initialization should be created":
	  <li
	    class="jasmine-passed"
	    id="spec_spec197"
	    title="ConfigurationService Service Initialization should be created"
	  />
	  Name "ConfigurationService Service Initialization should load default configuration on initialization":
	  <li
	    class="jasmine-passed"
	    id="spec_spec199"
	    title="ConfigurationService Service Initialization should load default configuration on initialization"
	  />
	  Name "ConfigurationService Service Initialization should provide configuration observable":
	  <li
	    class="jasmine-passed"
	    id="spec_spec198"
	    title="ConfigurationService Service Initialization should provide configuration observable"
	  />
	  Name "ConfigurationService Error Handling and Edge Cases should handle partial configuration updates":
	  <li
	    class="jasmine-passed"
	    id="spec_spec252"
	    title="ConfigurationService Error Handling and Edge Cases should handle partial configuration updates"
	  />
	  Name "ConfigurationService Error Handling and Edge Cases should handle empty configuration updates":
	  <li
	    class="jasmine-passed"
	    id="spec_spec253"
	    title="ConfigurationService Error Handling and Edge Cases should handle empty configuration updates"
	  />
	  Name "ConfigurationService Error Handling and Edge Cases should provide configuration even when API fails":
	  <li
	    class="jasmine-passed"
	    id="spec_spec254"
	    title="ConfigurationService Error Handling and Edge Cases should provide configuration even when API fails"
	  />
	  Name "ConfigurationService Error Handling and Edge Cases should handle nested configuration access":
	  <li
	    class="jasmine-passed"
	    id="spec_spec255"
	    title="ConfigurationService Error Handling and Edge Cases should handle nested configuration access"
	  />
	  Name "ConfigurationService UX Optimization Configuration should have recommendations configuration":
	  <li
	    class="jasmine-passed"
	    id="spec_spec249"
	    title="ConfigurationService UX Optimization Configuration should have recommendations configuration"
	  />
	  Name "ConfigurationService UX Optimization Configuration should have A/B testing configuration":
	  <li
	    class="jasmine-passed"
	    id="spec_spec248"
	    title="ConfigurationService UX Optimization Configuration should have A/B testing configuration"
	  />
	  Name "ConfigurationService UX Optimization Configuration should get UX optimization configuration":
	  <li
	    class="jasmine-passed"
	    id="spec_spec247"
	    title="ConfigurationService UX Optimization Configuration should get UX optimization configuration"
	  />
	  Name "ConfigurationService Configuration Versioning should track configuration version":
	  <li
	    class="jasmine-passed"
	    id="spec_spec250"
	    title="ConfigurationService Configuration Versioning should track configuration version"
	  />
	  Name "ConfigurationService Configuration Versioning should update lastUpdated when configuration changes":
	  <li
	    class="jasmine-passed"
	    id="spec_spec251"
	    title="ConfigurationService Configuration Versioning should update lastUpdated when configuration changes"
	  />
	  Name "ConfigurationService Analytics Configuration should have performance metrics configuration":
	  <li
	    class="jasmine-passed"
	    id="spec_spec246"
	    title="ConfigurationService Analytics Configuration should have performance metrics configuration"
	  />
	  Name "ConfigurationService Analytics Configuration should have funnel analysis configuration":
	  <li
	    class="jasmine-passed"
	    id="spec_spec245"
	    title="ConfigurationService Analytics Configuration should have funnel analysis configuration"
	  />
	  Name "ConfigurationService Analytics Configuration should have heatmap configuration":
	  <li
	    class="jasmine-passed"
	    id="spec_spec244"
	    title="ConfigurationService Analytics Configuration should have heatmap configuration"
	  />
	  Name "ConfigurationService Analytics Configuration should get analytics configuration":
	  <li
	    class="jasmine-passed"
	    id="spec_spec243"
	    title="ConfigurationService Analytics Configuration should get analytics configuration"
	  />
	  Name "ConfigurationService Smart UX Configuration should have session recovery configuration":
	  <li
	    class="jasmine-passed"
	    id="spec_spec242"
	    title="ConfigurationService Smart UX Configuration should have session recovery configuration"
	  />
	  Name "ConfigurationService Smart UX Configuration should have auto-complete configuration":
	  <li
	    class="jasmine-passed"
	    id="spec_spec241"
	    title="ConfigurationService Smart UX Configuration should have auto-complete configuration"
	  />
	  Name "ConfigurationService Smart UX Configuration should get smart UX configuration":
	  <li
	    class="jasmine-passed"
	    id="spec_spec240"
	    title="ConfigurationService Smart UX Configuration should get smart UX configuration"
	  />
	  Name "ConfigurationService UI Configuration should have navigation configuration":
	  <li
	    class="jasmine-passed"
	    id="spec_spec238"
	    title="ConfigurationService UI Configuration should have navigation configuration"
	  />
	  Name "ConfigurationService UI Configuration should have theme configuration":
	  <li
	    class="jasmine-passed"
	    id="spec_spec237"
	    title="ConfigurationService UI Configuration should have theme configuration"
	  />
	  Name "ConfigurationService UI Configuration should get simple UI configuration":
	  <li
	    class="jasmine-passed"
	    id="spec_spec236"
	    title="ConfigurationService UI Configuration should get simple UI configuration"
	  />
	  Name "ConfigurationService UI Configuration should have language configuration":
	  <li
	    class="jasmine-passed"
	    id="spec_spec239"
	    title="ConfigurationService UI Configuration should have language configuration"
	  />
	  Name "ConfigurationService Workflow Configuration should have automation configurations":
	  <li
	    class="jasmine-passed"
	    id="spec_spec232"
	    title="ConfigurationService Workflow Configuration should have automation configurations"
	  />
	  Name "ConfigurationService Workflow Configuration should get workflow configuration":
	  <li
	    class="jasmine-passed"
	    id="spec_spec231"
	    title="ConfigurationService Workflow Configuration should get workflow configuration"
	  />
	  Name "ConfigurationService Workflow Configuration should have escalation rules":
	  <li
	    class="jasmine-passed"
	    id="spec_spec234"
	    title="ConfigurationService Workflow Configuration should have escalation rules"
	  />
	  Name "ConfigurationService Workflow Configuration should have approval chains":
	  <li
	    class="jasmine-passed"
	    id="spec_spec233"
	    title="ConfigurationService Workflow Configuration should have approval chains"
	  />
	  Name "ConfigurationService Workflow Configuration should have SLA targets":
	  <li
	    class="jasmine-passed"
	    id="spec_spec235"
	    title="ConfigurationService Workflow Configuration should have SLA targets"
	  />
	  Name "ConfigurationService should cache namespace result (shareReplay) for subsequent subscribers":
	  <li
	    class="jasmine-passed"
	    id="spec_spec195"
	    title="ConfigurationService should cache namespace result (shareReplay) for subsequent subscribers"
	  />
	  Name "ConfigurationService should load namespace from assets when remote disabled":
	  <li
	    class="jasmine-passed"
	    id="spec_spec194"
	    title="ConfigurationService should load namespace from assets when remote disabled"
	  />
	  Name "ConfigurationService Notification Configuration should have email templates":
	  <li
	    class="jasmine-passed"
	    id="spec_spec227"
	    title="ConfigurationService Notification Configuration should have email templates"
	  />
	  Name "ConfigurationService Notification Configuration should have channel configurations":
	  <li
	    class="jasmine-passed"
	    id="spec_spec226"
	    title="ConfigurationService Notification Configuration should have channel configurations"
	  />
	  Name "ConfigurationService Notification Configuration should have SMS templates with length limits":
	  <li
	    class="jasmine-passed"
	    id="spec_spec228"
	    title="ConfigurationService Notification Configuration should have SMS templates with length limits"
	  />
	  Name "ConfigurationService Notification Configuration should have notification triggers":
	  <li
	    class="jasmine-passed"
	    id="spec_spec229"
	    title="ConfigurationService Notification Configuration should have notification triggers"
	  />
	  Name "ConfigurationService Notification Configuration should get notification configuration":
	  <li
	    class="jasmine-passed"
	    id="spec_spec225"
	    title="ConfigurationService Notification Configuration should get notification configuration"
	  />
	  Name "ConfigurationService Notification Configuration should have scheduled notifications":
	  <li
	    class="jasmine-passed"
	    id="spec_spec230"
	    title="ConfigurationService Notification Configuration should have scheduled notifications"
	  />
	  Name "ConfigurationService Business Flow Configuration should have correct VentaDirecta configuration":
	  <li
	    class="jasmine-passed"
	    id="spec_spec213"
	    title="ConfigurationService Business Flow Configuration should have correct VentaDirecta configuration"
	  />
	  Name "ConfigurationService Business Flow Configuration should have correct CreditoColectivo configuration":
	  <li
	    class="jasmine-passed"
	    id="spec_spec214"
	    title="ConfigurationService Business Flow Configuration should have correct CreditoColectivo configuration"
	  />
	  Name "ConfigurationService Business Flow Configuration should get business flow configuration":
	  <li
	    class="jasmine-passed"
	    id="spec_spec212"
	    title="ConfigurationService Business Flow Configuration should get business flow configuration"
	  />
	  Name "ConfigurationService updateConfiguration should merge and emit new configuration":
	  <li
	    class="jasmine-passed"
	    id="spec_spec196"
	    title="ConfigurationService updateConfiguration should merge and emit new configuration"
	  />
	  Name "ConfigurationService Questionnaire Configuration should get questionnaire configuration":
	  <li
	    class="jasmine-passed"
	    id="spec_spec221"
	    title="ConfigurationService Questionnaire Configuration should get questionnaire configuration"
	  />
	  Name "ConfigurationService Questionnaire Configuration should have completion requirements":
	  <li
	    class="jasmine-passed"
	    id="spec_spec223"
	    title="ConfigurationService Questionnaire Configuration should have completion requirements"
	  />
	  Name "ConfigurationService Questionnaire Configuration should have standard questionnaire sections":
	  <li
	    class="jasmine-passed"
	    id="spec_spec222"
	    title="ConfigurationService Questionnaire Configuration should have standard questionnaire sections"
	  />
	  Name "ConfigurationService Questionnaire Configuration should have dynamic questionnaire configuration":
	  <li
	    class="jasmine-passed"
	    id="spec_spec224"
	    title="ConfigurationService Questionnaire Configuration should have dynamic questionnaire configuration"
	  />
	  Name "ClienteFormComponent should handle different markets correctly":
	  <li
	    class="jasmine-passed"
	    id="spec_spec931"
	    title="ClienteFormComponent should handle different markets correctly"
	  />
	  Name "ClienteFormComponent should validate email format":
	  <li
	    class="jasmine-passed"
	    id="spec_spec920"
	    title="ClienteFormComponent should validate email format"
	  />
	  Name "ClienteFormComponent should handle different business flows correctly":
	  <li
	    class="jasmine-passed"
	    id="spec_spec930"
	    title="ClienteFormComponent should handle different business flows correctly"
	  />
	  Name "ClienteFormComponent should validate phone format":
	  <li
	    class="jasmine-passed"
	    id="spec_spec921"
	    title="ClienteFormComponent should validate phone format"
	  />
	  Name "ClienteFormComponent should clean form when switching between markets":
	  <li
	    class="jasmine-passed"
	    id="spec_spec932"
	    title="ClienteFormComponent should clean form when switching between markets"
	  />
	  Name "ClienteFormComponent should load existing client data in edit mode":
	  <li
	    class="jasmine-passed"
	    id="spec_spec924"
	    title="ClienteFormComponent should load existing client data in edit mode"
	  />
	  Name "ClienteFormComponent should update existing client with valid form data":
	  <li
	    class="jasmine-failed"
	    id="spec_spec925"
	    title="ClienteFormComponent should update existing client with valid form data"
	  />
	  Name "ClienteFormComponent should validate RFC format if provided":
	  <li
	    class="jasmine-passed"
	    id="spec_spec922"
	    title="ClienteFormComponent should validate RFC format if provided"
	  />
	  Name "ClienteFormComponent should create new client with valid form data":
	  <li
	    class="jasmine-failed"
	    id="spec_spec923"
	    title="ClienteFormComponent should create new client with valid form data"
	  />
	  Name "ClienteFormComponent should handle API error during client creation":
	  <li
	    class="jasmine-passed"
	    id="spec_spec926"
	    title="ClienteFormComponent should handle API error during client creation"
	  />
	  Name "ClienteFormComponent should navigate back when goBack is called":
	  <li
	    class="jasmine-passed"
	    id="spec_spec928"
	    title="ClienteFormComponent should navigate back when goBack is called"
	  />
	  Name "ClienteFormComponent should prevent form submission when invalid":
	  <li
	    class="jasmine-passed"
	    id="spec_spec927"
	    title="ClienteFormComponent should prevent form submission when invalid"
	  />
	  Name "ClienteFormComponent should set loading state during form submission":
	  <li
	    class="jasmine-passed"
	    id="spec_spec929"
	    title="ClienteFormComponent should set loading state during form submission"
	  />
	  Name "ClienteFormComponent should create":
	  <li
	    class="jasmine-passed"
	    id="spec_spec917"
	    title="ClienteFormComponent should create"
	  />
	  Name "ClienteFormComponent should initialize form with default values for new client":
	  <li
	    class="jasmine-failed"
	    id="spec_spec918"
	    title="ClienteFormComponent should initialize form with default values for new client"
	  />
	  Name "ClienteFormComponent should validate required fields":
	  <li
	    class="jasmine-passed"
	    id="spec_spec919"
	    title="ClienteFormComponent should validate required fields"
	  />
	  Name "AppComponent should create the app":
	  <li
	    class="jasmine-passed"
	    id="spec_spec0"
	    title="AppComponent should create the app"
	  />
	  Name "AppComponent should have the 'conductores-pwa' title":
	  <li
	    class="jasmine-passed"
	    id="spec_spec1"
	    title="AppComponent should have the 'conductores-pwa' title"
	  />
	  Name "AppComponent should render title":
	  <li
	    class="jasmine-passed"
	    id="spec_spec2"
	    title="AppComponent should render title"
	  />
	  Name "BusinessRulesService Business Flow Change Validation should allow flow change when no documents are approved":
	  <li
	    class="jasmine-passed"
	    id="spec_spec146"
	    title="BusinessRulesService Business Flow Change Validation should allow flow change when no documents are approved"
	  />
	  Name "BusinessRulesService Business Flow Change Validation should not allow flow change when documents are approved":
	  <li
	    class="jasmine-passed"
	    id="spec_spec147"
	    title="BusinessRulesService Business Flow Change Validation should not allow flow change when documents are approved"
	  />
	  Name "BusinessRulesService Business Flow Change Validation should not allow collective credit in Aguascalientes":
	  <li
	    class="jasmine-passed"
	    id="spec_spec148"
	    title="BusinessRulesService Business Flow Change Validation should not allow collective credit in Aguascalientes"
	  />
	  Name "BusinessRulesService Business Flow Change Validation should require ecosystem for EdoMex collective credit":
	  <li
	    class="jasmine-passed"
	    id="spec_spec149"
	    title="BusinessRulesService Business Flow Change Validation should require ecosystem for EdoMex collective credit"
	  />
	  Name "BusinessRulesService Market Requirements should include required documents for each market":
	  <li
	    class="jasmine-passed"
	    id="spec_spec145"
	    title="BusinessRulesService Market Requirements should include required documents for each market"
	  />
	  Name "BusinessRulesService Market Requirements should get Aguascalientes requirements":
	  <li
	    class="jasmine-passed"
	    id="spec_spec143"
	    title="BusinessRulesService Market Requirements should get Aguascalientes requirements"
	  />
	  Name "BusinessRulesService Market Requirements should get Estado de México requirements":
	  <li
	    class="jasmine-passed"
	    id="spec_spec144"
	    title="BusinessRulesService Market Requirements should get Estado de México requirements"
	  />
	  Name "BusinessRulesService Market Requirements Special Rules should include EdoMex specific rules about ecosystem":
	  <li
	    class="jasmine-passed"
	    id="spec_spec162"
	    title="BusinessRulesService Market Requirements Special Rules should include EdoMex specific rules about ecosystem"
	  />
	  Name "BusinessRulesService Market Requirements Special Rules should include AGS specific rules about credit types":
	  <li
	    class="jasmine-passed"
	    id="spec_spec161"
	    title="BusinessRulesService Market Requirements Special Rules should include AGS specific rules about credit types"
	  />
	  Name "BusinessRulesService Ecosystem Validation Edge Cases should properly identify required vs optional documents":
	  <li
	    class="jasmine-failed"
	    id="spec_spec164"
	    title="BusinessRulesService Ecosystem Validation Edge Cases should properly identify required vs optional documents"
	  />
	  Name "BusinessRulesService Ecosystem Validation Edge Cases should handle ecosystem validation with partial documents":
	  <li
	    class="jasmine-passed"
	    id="spec_spec163"
	    title="BusinessRulesService Ecosystem Validation Edge Cases should handle ecosystem validation with partial documents"
	  />
	  Name "BusinessRulesService Age Calculation should calculate age correctly":
	  <li
	    class="jasmine-passed"
	    id="spec_spec153"
	    title="BusinessRulesService Age Calculation should calculate age correctly"
	  />
	  Name "BusinessRulesService Age Calculation should handle birthday not yet reached this year":
	  <li
	    class="jasmine-passed"
	    id="spec_spec154"
	    title="BusinessRulesService Age Calculation should handle birthday not yet reached this year"
	  />
	  Name "BusinessRulesService Credit History Validation should warn about low credit score":
	  <li
	    class="jasmine-passed"
	    id="spec_spec151"
	    title="BusinessRulesService Credit History Validation should warn about low credit score"
	  />
	  Name "BusinessRulesService Credit History Validation should validate credit history with simulated score":
	  <li
	    class="jasmine-passed"
	    id="spec_spec150"
	    title="BusinessRulesService Credit History Validation should validate credit history with simulated score"
	  />
	  Name "BusinessRulesService Credit History Validation should recommend special conditions for very low score":
	  <li
	    class="jasmine-passed"
	    id="spec_spec152"
	    title="BusinessRulesService Credit History Validation should recommend special conditions for very low score"
	  />
	  Name "BusinessRulesService Service Initialization should have EdoMex specific rules":
	  <li
	    class="jasmine-passed"
	    id="spec_spec119"
	    title="BusinessRulesService Service Initialization should have EdoMex specific rules"
	  />
	  Name "BusinessRulesService Service Initialization should have universal rules":
	  <li
	    class="jasmine-passed"
	    id="spec_spec120"
	    title="BusinessRulesService Service Initialization should have universal rules"
	  />
	  Name "BusinessRulesService Service Initialization should have AGS specific rules":
	  <li
	    class="jasmine-passed"
	    id="spec_spec118"
	    title="BusinessRulesService Service Initialization should have AGS specific rules"
	  />
	  Name "BusinessRulesService Service Initialization should initialize validation rules":
	  <li
	    class="jasmine-passed"
	    id="spec_spec117"
	    title="BusinessRulesService Service Initialization should initialize validation rules"
	  />
	  Name "BusinessRulesService Service Initialization should be created":
	  <li
	    class="jasmine-passed"
	    id="spec_spec116"
	    title="BusinessRulesService Service Initialization should be created"
	  />
	  Name "BusinessRulesService Collective Group Validation Details should validate down payment minimum for collective credit":
	  <li
	    class="jasmine-passed"
	    id="spec_spec160"
	    title="BusinessRulesService Collective Group Validation Details should validate down payment minimum for collective credit"
	  />
	  Name "BusinessRulesService Collective Group Validation Details should validate down payment range for collective credit":
	  <li
	    class="jasmine-passed"
	    id="spec_spec159"
	    title="BusinessRulesService Collective Group Validation Details should validate down payment range for collective credit"
	  />
	  Name "BusinessRulesService Collective Group Validation Details should validate minimum group size":
	  <li
	    class="jasmine-passed"
	    id="spec_spec158"
	    title="BusinessRulesService Collective Group Validation Details should validate minimum group size"
	  />
	  Name "BusinessRulesService Client Validation should filter rules by market correctly":
	  <li
	    class="jasmine-passed"
	    id="spec_spec127"
	    title="BusinessRulesService Client Validation should filter rules by market correctly"
	  />
	  Name "BusinessRulesService Client Validation should fail validation for client without income":
	  <li
	    class="jasmine-passed"
	    id="spec_spec126"
	    title="BusinessRulesService Client Validation should fail validation for client without income"
	  />
	  Name "BusinessRulesService Client Validation should validate EdoMex client successfully":
	  <li
	    class="jasmine-passed"
	    id="spec_spec122"
	    title="BusinessRulesService Client Validation should validate EdoMex client successfully"
	  />
	  Name "BusinessRulesService Client Validation should validate AGS client successfully":
	  <li
	    class="jasmine-passed"
	    id="spec_spec121"
	    title="BusinessRulesService Client Validation should validate AGS client successfully"
	  />
	  Name "BusinessRulesService Client Validation should fail validation for client over age limit":
	  <li
	    class="jasmine-passed"
	    id="spec_spec125"
	    title="BusinessRulesService Client Validation should fail validation for client over age limit"
	  />
	  Name "BusinessRulesService Client Validation should fail validation for underage client":
	  <li
	    class="jasmine-passed"
	    id="spec_spec124"
	    title="BusinessRulesService Client Validation should fail validation for underage client"
	  />
	  Name "BusinessRulesService Client Validation should filter rules by business flow correctly":
	  <li
	    class="jasmine-passed"
	    id="spec_spec128"
	    title="BusinessRulesService Client Validation should filter rules by business flow correctly"
	  />
	  Name "BusinessRulesService Client Validation should fail validation for client with missing documents":
	  <li
	    class="jasmine-passed"
	    id="spec_spec123"
	    title="BusinessRulesService Client Validation should fail validation for client with missing documents"
	  />
	  Name "BusinessRulesService Helper Methods should consolidate validation results correctly":
	  <li
	    class="jasmine-passed"
	    id="spec_spec155"
	    title="BusinessRulesService Helper Methods should consolidate validation results correctly"
	  />
	  Name "BusinessRulesService Helper Methods should get ecosystem required documents":
	  <li
	    class="jasmine-passed"
	    id="spec_spec156"
	    title="BusinessRulesService Helper Methods should get ecosystem required documents"
	  />
	  Name "BusinessRulesService Helper Methods should generate ecosystem validation notes":
	  <li
	    class="jasmine-passed"
	    id="spec_spec157"
	    title="BusinessRulesService Helper Methods should generate ecosystem validation notes"
	  />
	  Name "BusinessRulesService AGS Specific Validations should validate AGS term requirements (12 or 24 months)":
	  <li
	    class="jasmine-passed"
	    id="spec_spec130"
	    title="BusinessRulesService AGS Specific Validations should validate AGS term requirements (12 or 24 months)"
	  />
	  Name "BusinessRulesService AGS Specific Validations should validate AGS required documents":
	  <li
	    class="jasmine-passed"
	    id="spec_spec132"
	    title="BusinessRulesService AGS Specific Validations should validate AGS required documents"
	  />
	  Name "BusinessRulesService AGS Specific Validations should validate AGS minimum income ($15,000)":
	  <li
	    class="jasmine-passed"
	    id="spec_spec131"
	    title="BusinessRulesService AGS Specific Validations should validate AGS minimum income ($15,000)"
	  />
	  Name "BusinessRulesService AGS Specific Validations should validate AGS down payment requirement (60%)":
	  <li
	    class="jasmine-passed"
	    id="spec_spec129"
	    title="BusinessRulesService AGS Specific Validations should validate AGS down payment requirement (60%)"
	  />
	  Name "BusinessRulesService EdoMex Specific Validations should validate EdoMex payment capacity ($20,000 minimum)":
	  <li
	    class="jasmine-passed"
	    id="spec_spec137"
	    title="BusinessRulesService EdoMex Specific Validations should validate EdoMex payment capacity ($20,000 minimum)"
	  />
	  Name "BusinessRulesService EdoMex Specific Validations should require group assignment for collective credit":
	  <li
	    class="jasmine-passed"
	    id="spec_spec136"
	    title="BusinessRulesService EdoMex Specific Validations should require group assignment for collective credit"
	  />
	  Name "BusinessRulesService EdoMex Specific Validations should validate collective group requirements":
	  <li
	    class="jasmine-passed"
	    id="spec_spec135"
	    title="BusinessRulesService EdoMex Specific Validations should validate collective group requirements"
	  />
	  Name "BusinessRulesService EdoMex Specific Validations should warn about high payment-to-income ratio":
	  <li
	    class="jasmine-passed"
	    id="spec_spec138"
	    title="BusinessRulesService EdoMex Specific Validations should warn about high payment-to-income ratio"
	  />
	  Name "BusinessRulesService EdoMex Specific Validations should validate EdoMex ecosystem documents":
	  <li
	    class="jasmine-passed"
	    id="spec_spec134"
	    title="BusinessRulesService EdoMex Specific Validations should validate EdoMex ecosystem documents"
	  />
	  Name "BusinessRulesService EdoMex Specific Validations should require ecosystem assignment for EdoMex":
	  <li
	    class="jasmine-passed"
	    id="spec_spec133"
	    title="BusinessRulesService EdoMex Specific Validations should require ecosystem assignment for EdoMex"
	  />
	  Name "BusinessRulesService Ecosystem Validation should fail ecosystem validation for client without ecosystem":
	  <li
	    class="jasmine-passed"
	    id="spec_spec140"
	    title="BusinessRulesService Ecosystem Validation should fail ecosystem validation for client without ecosystem"
	  />
	  Name "BusinessRulesService Ecosystem Validation should throw error for AGS client ecosystem validation":
	  <li
	    class="jasmine-passed"
	    id="spec_spec141"
	    title="BusinessRulesService Ecosystem Validation should throw error for AGS client ecosystem validation"
	  />
	  Name "BusinessRulesService Ecosystem Validation should validate ecosystem for EdoMex client":
	  <li
	    class="jasmine-failed"
	    id="spec_spec139"
	    title="BusinessRulesService Ecosystem Validation should validate ecosystem for EdoMex client"
	  />
	  Name "BusinessRulesService Ecosystem Validation should identify missing ecosystem documents":
	  <li
	    class="jasmine-passed"
	    id="spec_spec142"
	    title="BusinessRulesService Ecosystem Validation should identify missing ecosystem documents"
	  />
	  Name "MetaMapService KYC Button Creation should create MetaMap button successfully":
	  <li
	    class="jasmine-passed"
	    id="spec_spec507"
	    title="MetaMapService KYC Button Creation should create MetaMap button successfully"
	  />
	  Name "MetaMapService KYC Button Creation should handle container not found error":
	  <li
	    class="jasmine-passed"
	    id="spec_spec508"
	    title="MetaMapService KYC Button Creation should handle container not found error"
	  />
	  Name "MetaMapService KYC Button Creation should emit KYC success event":
	  <li
	    class="jasmine-passed"
	    id="spec_spec509"
	    title="MetaMapService KYC Button Creation should emit KYC success event"
	  />
	  Name "MetaMapService KYC Button Creation should cleanup event listeners on unsubscribe":
	  <li
	    class="jasmine-passed"
	    id="spec_spec512"
	    title="MetaMapService KYC Button Creation should cleanup event listeners on unsubscribe"
	  />
	  Name "MetaMapService KYC Button Creation should emit KYC exit event":
	  <li
	    class="jasmine-passed"
	    id="spec_spec510"
	    title="MetaMapService KYC Button Creation should emit KYC exit event"
	  />
	  Name "MetaMapService KYC Button Creation should call optional callback functions":
	  <li
	    class="jasmine-passed"
	    id="spec_spec511"
	    title="MetaMapService KYC Button Creation should call optional callback functions"
	  />
	  Name "MetaMapService KYC Completion should handle database update errors":
	  <li
	    class="jasmine-passed"
	    id="spec_spec516"
	    title="MetaMapService KYC Completion should handle database update errors"
	  />
	  Name "MetaMapService KYC Completion should handle client not found error":
	  <li
	    class="jasmine-passed"
	    id="spec_spec514"
	    title="MetaMapService KYC Completion should handle client not found error"
	  />
	  Name "MetaMapService KYC Completion should cap health score at 100":
	  <li
	    class="jasmine-passed"
	    id="spec_spec515"
	    title="MetaMapService KYC Completion should cap health score at 100"
	  />
	  Name "MetaMapService KYC Completion should complete KYC successfully":
	  <li
	    class="jasmine-passed"
	    id="spec_spec513"
	    title="MetaMapService KYC Completion should complete KYC successfully"
	  />
	  Name "MetaMapService Service Initialization should be created":
	  <li
	    class="jasmine-passed"
	    id="spec_spec504"
	    title="MetaMapService Service Initialization should be created"
	  />
	  Name "MetaMapService Service Initialization should initialize MetaMap SDK on creation":
	  <li
	    class="jasmine-passed"
	    id="spec_spec505"
	    title="MetaMapService Service Initialization should initialize MetaMap SDK on creation"
	  />
	  Name "MetaMapService Service Initialization should not reload SDK if already present":
	  <li
	    class="jasmine-passed"
	    id="spec_spec506"
	    title="MetaMapService Service Initialization should not reload SDK if already present"
	  />
	  Name "MetaMapService KYC Prerequisites Validation should detect missing comprobante de domicilio":
	  <li
	    class="jasmine-passed"
	    id="spec_spec519"
	    title="MetaMapService KYC Prerequisites Validation should detect missing comprobante de domicilio"
	  />
	  Name "MetaMapService KYC Prerequisites Validation should validate prerequisites for ready client":
	  <li
	    class="jasmine-passed"
	    id="spec_spec517"
	    title="MetaMapService KYC Prerequisites Validation should validate prerequisites for ready client"
	  />
	  Name "MetaMapService KYC Prerequisites Validation should detect multiple missing documents":
	  <li
	    class="jasmine-passed"
	    id="spec_spec521"
	    title="MetaMapService KYC Prerequisites Validation should detect multiple missing documents"
	  />
	  Name "MetaMapService KYC Prerequisites Validation should detect already completed KYC":
	  <li
	    class="jasmine-passed"
	    id="spec_spec520"
	    title="MetaMapService KYC Prerequisites Validation should detect already completed KYC"
	  />
	  Name "MetaMapService KYC Prerequisites Validation should detect missing INE document":
	  <li
	    class="jasmine-passed"
	    id="spec_spec518"
	    title="MetaMapService KYC Prerequisites Validation should detect missing INE document"
	  />
	  Name "MetaMapService KYC Status Reporting should report in_progress status":
	  <li
	    class="jasmine-passed"
	    id="spec_spec525"
	    title="MetaMapService KYC Status Reporting should report in_progress status"
	  />
	  Name "MetaMapService KYC Status Reporting should report failed status with retry option":
	  <li
	    class="jasmine-passed"
	    id="spec_spec524"
	    title="MetaMapService KYC Status Reporting should report failed status with retry option"
	  />
	  Name "MetaMapService KYC Status Reporting should report not_started for client without KYC document":
	  <li
	    class="jasmine-passed"
	    id="spec_spec527"
	    title="MetaMapService KYC Status Reporting should report not_started for client without KYC document"
	  />
	  Name "MetaMapService KYC Status Reporting should report prerequisites_missing status":
	  <li
	    class="jasmine-passed"
	    id="spec_spec526"
	    title="MetaMapService KYC Status Reporting should report prerequisites_missing status"
	  />
	  Name "MetaMapService KYC Status Reporting should report completed status":
	  <li
	    class="jasmine-passed"
	    id="spec_spec523"
	    title="MetaMapService KYC Status Reporting should report completed status"
	  />
	  Name "MetaMapService KYC Status Reporting should report ready status":
	  <li
	    class="jasmine-passed"
	    id="spec_spec522"
	    title="MetaMapService KYC Status Reporting should report ready status"
	  />
	  Name "MetaMapService SDK Availability Check should detect SDK availability when Mati object exists":
	  <li
	    class="jasmine-passed"
	    id="spec_spec531"
	    title="MetaMapService SDK Availability Check should detect SDK availability when Mati object exists"
	  />
	  Name "MetaMapService SDK Availability Check should report SDK as unavailable when neither exists":
	  <li
	    class="jasmine-passed"
	    id="spec_spec533"
	    title="MetaMapService SDK Availability Check should report SDK as unavailable when neither exists"
	  />
	  Name "MetaMapService SDK Availability Check should wait for page load when document not ready":
	  <li
	    class="jasmine-passed"
	    id="spec_spec535"
	    title="MetaMapService SDK Availability Check should wait for page load when document not ready"
	  />
	  Name "MetaMapService SDK Availability Check should detect SDK availability when metamap-button exists":
	  <li
	    class="jasmine-passed"
	    id="spec_spec532"
	    title="MetaMapService SDK Availability Check should detect SDK availability when metamap-button exists"
	  />
	  Name "MetaMapService SDK Availability Check should handle server-side rendering (no window object)":
	  <li
	    class="jasmine-pending"
	    id="spec_spec534"
	    title="MetaMapService SDK Availability Check should handle server-side rendering (no window object)"
	  />
	  Name "MetaMapService KYC Failure Simulation should handle client not found in failure simulation":
	  <li
	    class="jasmine-passed"
	    id="spec_spec530"
	    title="MetaMapService KYC Failure Simulation should handle client not found in failure simulation"
	  />
	  Name "MetaMapService KYC Failure Simulation should use default failure reason":
	  <li
	    class="jasmine-passed"
	    id="spec_spec529"
	    title="MetaMapService KYC Failure Simulation should use default failure reason"
	  />
	  Name "MetaMapService KYC Failure Simulation should simulate KYC failure":
	  <li
	    class="jasmine-passed"
	    id="spec_spec528"
	    title="MetaMapService KYC Failure Simulation should simulate KYC failure"
	  />
	  Name "MetaMapService Edge Cases and Error Handling should handle client without KYC document in completion":
	  <li
	    class="jasmine-passed"
	    id="spec_spec537"
	    title="MetaMapService Edge Cases and Error Handling should handle client without KYC document in completion"
	  />
	  Name "MetaMapService Edge Cases and Error Handling should handle exit event without reason":
	  <li
	    class="jasmine-passed"
	    id="spec_spec536"
	    title="MetaMapService Edge Cases and Error Handling should handle exit event without reason"
	  />
	  Name "MetaMapService Edge Cases and Error Handling should handle button creation with existing button in container":
	  <li
	    class="jasmine-passed"
	    id="spec_spec539"
	    title="MetaMapService Edge Cases and Error Handling should handle button creation with existing button in container"
	  />
	  Name "MetaMapService Edge Cases and Error Handling should handle empty verification data":
	  <li
	    class="jasmine-passed"
	    id="spec_spec538"
	    title="MetaMapService Edge Cases and Error Handling should handle empty verification data"
	  />
	  Name "LoginComponent Integration Tests should handle form submission with valid data":
	  <li
	    class="jasmine-failed"
	    id="spec_spec913"
	    title="LoginComponent Integration Tests should handle form submission with valid data"
	  />
	  Name "LoginComponent Integration Tests should show validation errors when form is submitted empty":
	  <li
	    class="jasmine-failed"
	    id="spec_spec910"
	    title="LoginComponent Integration Tests should show validation errors when form is submitted empty"
	  />
	  Name "LoginComponent Integration Tests should have proper accessibility attributes":
	  <li
	    class="jasmine-passed"
	    id="spec_spec915"
	    title="LoginComponent Integration Tests should have proper accessibility attributes"
	  />
	  Name "LoginComponent Integration Tests should enable submit button when form is valid":
	  <li
	    class="jasmine-failed"
	    id="spec_spec912"
	    title="LoginComponent Integration Tests should enable submit button when form is valid"
	  />
	  Name "LoginComponent Integration Tests should show email format error for invalid email":
	  <li
	    class="jasmine-passed"
	    id="spec_spec911"
	    title="LoginComponent Integration Tests should show email format error for invalid email"
	  />
	  Name "LoginComponent Integration Tests should display brand information":
	  <li
	    class="jasmine-passed"
	    id="spec_spec916"
	    title="LoginComponent Integration Tests should display brand information"
	  />
	  Name "LoginComponent Integration Tests should toggle password visibility":
	  <li
	    class="jasmine-passed"
	    id="spec_spec914"
	    title="LoginComponent Integration Tests should toggle password visibility"
	  />
	  Name "LoginComponent Integration Tests should render login form with all required fields":
	  <li
	    class="jasmine-failed"
	    id="spec_spec909"
	    title="LoginComponent Integration Tests should render login form with all required fields"
	  />
	  Name "HttpClientService POST Requests should show success message for POST requests":
	  <li
	    class="jasmine-passed"
	    id="spec_spec450"
	    title="HttpClientService POST Requests should show success message for POST requests"
	  />
	  Name "HttpClientService POST Requests should retry POST requests once":
	  <li
	    class="jasmine-empty"
	    id="spec_spec451"
	    title="HttpClientService POST Requests should retry POST requests once"
	  />
	  Name "HttpClientService POST Requests should perform POST request with data":
	  <li
	    class="jasmine-passed"
	    id="spec_spec449"
	    title="HttpClientService POST Requests should perform POST request with data"
	  />
	  Name "HttpClientService Success Handling should not log successful responses without messages":
	  <li
	    class="jasmine-passed"
	    id="spec_spec475"
	    title="HttpClientService Success Handling should not log successful responses without messages"
	  />
	  Name "HttpClientService Success Handling should log successful responses with messages":
	  <li
	    class="jasmine-passed"
	    id="spec_spec474"
	    title="HttpClientService Success Handling should log successful responses with messages"
	  />
	  Name "HttpClientService API Health Check should check API health successfully":
	  <li
	    class="jasmine-passed"
	    id="spec_spec469"
	    title="HttpClientService API Health Check should check API health successfully"
	  />
	  Name "HttpClientService API Health Check should handle API health check failure":
	  <li
	    class="jasmine-passed"
	    id="spec_spec471"
	    title="HttpClientService API Health Check should handle API health check failure"
	  />
	  Name "HttpClientService API Health Check should handle unhealthy API response":
	  <li
	    class="jasmine-passed"
	    id="spec_spec470"
	    title="HttpClientService API Health Check should handle unhealthy API response"
	  />
	  Name "HttpClientService GET Requests should retry failed GET requests":
	  <li
	    class="jasmine-empty"
	    id="spec_spec448"
	    title="HttpClientService GET Requests should retry failed GET requests"
	  />
	  Name "HttpClientService GET Requests should handle GET request with custom parameters":
	  <li
	    class="jasmine-passed"
	    id="spec_spec446"
	    title="HttpClientService GET Requests should handle GET request with custom parameters"
	  />
	  Name "HttpClientService GET Requests should add authentication headers":
	  <li
	    class="jasmine-passed"
	    id="spec_spec447"
	    title="HttpClientService GET Requests should add authentication headers"
	  />
	  Name "HttpClientService GET Requests should perform GET request with default options":
	  <li
	    class="jasmine-passed"
	    id="spec_spec445"
	    title="HttpClientService GET Requests should perform GET request with default options"
	  />
	  Name "HttpClientService Header Management should work without authentication token":
	  <li
	    class="jasmine-passed"
	    id="spec_spec460"
	    title="HttpClientService Header Management should work without authentication token"
	  />
	  Name "HttpClientService Header Management should merge custom headers with default headers":
	  <li
	    class="jasmine-passed"
	    id="spec_spec459"
	    title="HttpClientService Header Management should merge custom headers with default headers"
	  />
	  Name "HttpClientService Loading State Management should not show loading when disabled":
	  <li
	    class="jasmine-passed"
	    id="spec_spec473"
	    title="HttpClientService Loading State Management should not show loading when disabled"
	  />
	  Name "HttpClientService Loading State Management should manage loading state for multiple requests":
	  <li
	    class="jasmine-passed"
	    id="spec_spec472"
	    title="HttpClientService Loading State Management should manage loading state for multiple requests"
	  />
	  Name "HttpClientService File Upload should upload file with FormData":
	  <li
	    class="jasmine-passed"
	    id="spec_spec454"
	    title="HttpClientService File Upload should upload file with FormData"
	  />
	  Name "HttpClientService File Upload should upload file without additional data":
	  <li
	    class="jasmine-passed"
	    id="spec_spec455"
	    title="HttpClientService File Upload should upload file without additional data"
	  />
	  Name "HttpClientService Connection Monitoring should detect offline status change":
	  <li
	    class="jasmine-passed"
	    id="spec_spec443"
	    title="HttpClientService Connection Monitoring should detect offline status change"
	  />
	  Name "HttpClientService Connection Monitoring should detect online status change":
	  <li
	    class="jasmine-passed"
	    id="spec_spec442"
	    title="HttpClientService Connection Monitoring should detect online status change"
	  />
	  Name "HttpClientService Connection Monitoring should provide current connection status":
	  <li
	    class="jasmine-passed"
	    id="spec_spec444"
	    title="HttpClientService Connection Monitoring should provide current connection status"
	  />
	  Name "HttpClientService Error Handling should handle network connectivity issues":
	  <li
	    class="jasmine-failed"
	    id="spec_spec466"
	    title="HttpClientService Error Handling should handle network connectivity issues"
	  />
	  Name "HttpClientService Error Handling should handle 500 Internal Server Error":
	  <li
	    class="jasmine-passed"
	    id="spec_spec465"
	    title="HttpClientService Error Handling should handle 500 Internal Server Error"
	  />
	  Name "HttpClientService Error Handling should handle client-side errors":
	  <li
	    class="jasmine-passed"
	    id="spec_spec468"
	    title="HttpClientService Error Handling should handle client-side errors"
	  />
	  Name "HttpClientService Error Handling should not show error toast when showError is false":
	  <li
	    class="jasmine-passed"
	    id="spec_spec467"
	    title="HttpClientService Error Handling should not show error toast when showError is false"
	  />
	  Name "HttpClientService Error Handling should handle 422 Validation Error with detailed messages":
	  <li
	    class="jasmine-passed"
	    id="spec_spec464"
	    title="HttpClientService Error Handling should handle 422 Validation Error with detailed messages"
	  />
	  Name "HttpClientService Error Handling should handle 404 Not Found error":
	  <li
	    class="jasmine-passed"
	    id="spec_spec463"
	    title="HttpClientService Error Handling should handle 404 Not Found error"
	  />
	  Name "HttpClientService Error Handling should handle 401 Unauthorized and logout user":
	  <li
	    class="jasmine-passed"
	    id="spec_spec462"
	    title="HttpClientService Error Handling should handle 401 Unauthorized and logout user"
	  />
	  Name "HttpClientService Error Handling should handle 400 Bad Request error":
	  <li
	    class="jasmine-passed"
	    id="spec_spec461"
	    title="HttpClientService Error Handling should handle 400 Bad Request error"
	  />
	  Name "HttpClientService URL Building should handle nested endpoints":
	  <li
	    class="jasmine-empty"
	    id="spec_spec458"
	    title="HttpClientService URL Building should handle nested endpoints"
	  />
	  Name "HttpClientService URL Building should handle URLs with leading slash":
	  <li
	    class="jasmine-passed"
	    id="spec_spec457"
	    title="HttpClientService URL Building should handle URLs with leading slash"
	  />
	  Name "HttpClientService URL Building should build correct URLs":
	  <li
	    class="jasmine-passed"
	    id="spec_spec456"
	    title="HttpClientService URL Building should build correct URLs"
	  />
	  Name "HttpClientService PUT Requests should perform PUT request":
	  <li
	    class="jasmine-passed"
	    id="spec_spec452"
	    title="HttpClientService PUT Requests should perform PUT request"
	  />
	  Name "HttpClientService DELETE Requests should perform DELETE request":
	  <li
	    class="jasmine-passed"
	    id="spec_spec453"
	    title="HttpClientService DELETE Requests should perform DELETE request"
	  />
	  Name "HttpClientService Service Initialization should be created":
	  <li
	    class="jasmine-passed"
	    id="spec_spec440"
	    title="HttpClientService Service Initialization should be created"
	  />
	  Name "HttpClientService Service Initialization should initialize with connection status":
	  <li
	    class="jasmine-passed"
	    id="spec_spec441"
	    title="HttpClientService Service Initialization should initialize with connection status"
	  />
	  Name "DocumentValidationService Ecosystem Document Validation (EdoMex) should validate critical agremiado documents":
	  <li
	    class="jasmine-passed"
	    id="spec_spec380"
	    title="DocumentValidationService Ecosystem Document Validation (EdoMex) should validate critical agremiado documents"
	  />
	  Name "DocumentValidationService Ecosystem Document Validation (EdoMex) should detect missing critical ecosystem documents":
	  <li
	    class="jasmine-passed"
	    id="spec_spec378"
	    title="DocumentValidationService Ecosystem Document Validation (EdoMex) should detect missing critical ecosystem documents"
	  />
	  Name "DocumentValidationService Ecosystem Document Validation (EdoMex) should assess ecosystem risk level correctly":
	  <li
	    class="jasmine-passed"
	    id="spec_spec379"
	    title="DocumentValidationService Ecosystem Document Validation (EdoMex) should assess ecosystem risk level correctly"
	  />
	  Name "DocumentValidationService Ecosystem Document Validation (EdoMex) should validate complete ecosystem documents":
	  <li
	    class="jasmine-passed"
	    id="spec_spec377"
	    title="DocumentValidationService Ecosystem Document Validation (EdoMex) should validate complete ecosystem documents"
	  />
	  Name "DocumentValidationService Edge Cases and Error Handling should handle empty document list":
	  <li
	    class="jasmine-passed"
	    id="spec_spec395"
	    title="DocumentValidationService Edge Cases and Error Handling should handle empty document list"
	  />
	  Name "DocumentValidationService Edge Cases and Error Handling should handle clients without market assignment":
	  <li
	    class="jasmine-passed"
	    id="spec_spec397"
	    title="DocumentValidationService Edge Cases and Error Handling should handle clients without market assignment"
	  />
	  Name "DocumentValidationService Edge Cases and Error Handling should handle documents without names":
	  <li
	    class="jasmine-passed"
	    id="spec_spec396"
	    title="DocumentValidationService Edge Cases and Error Handling should handle documents without names"
	  />
	  Name "DocumentValidationService Edge Cases and Error Handling should generate compliance recommendations for various scenarios":
	  <li
	    class="jasmine-passed"
	    id="spec_spec399"
	    title="DocumentValidationService Edge Cases and Error Handling should generate compliance recommendations for various scenarios"
	  />
	  Name "DocumentValidationService Edge Cases and Error Handling should handle ecosystem validation with empty document list":
	  <li
	    class="jasmine-passed"
	    id="spec_spec398"
	    title="DocumentValidationService Edge Cases and Error Handling should handle ecosystem validation with empty document list"
	  />
	  Name "DocumentValidationService Validation Rules should assess legibility scores":
	  <li
	    class="jasmine-passed"
	    id="spec_spec394"
	    title="DocumentValidationService Validation Rules should assess legibility scores"
	  />
	  Name "DocumentValidationService Validation Rules should check document expiration":
	  <li
	    class="jasmine-passed"
	    id="spec_spec392"
	    title="DocumentValidationService Validation Rules should check document expiration"
	  />
	  Name "DocumentValidationService Validation Rules should validate file formats correctly":
	  <li
	    class="jasmine-passed"
	    id="spec_spec391"
	    title="DocumentValidationService Validation Rules should validate file formats correctly"
	  />
	  Name "DocumentValidationService Validation Rules should handle documents without expiration date":
	  <li
	    class="jasmine-passed"
	    id="spec_spec393"
	    title="DocumentValidationService Validation Rules should handle documents without expiration date"
	  />
	  Name "DocumentValidationService Document Validation should generate auto-corrections for fixable issues":
	  <li
	    class="jasmine-passed"
	    id="spec_spec370"
	    title="DocumentValidationService Document Validation should generate auto-corrections for fixable issues"
	  />
	  Name "DocumentValidationService Document Validation should validate document with valid format":
	  <li
	    class="jasmine-passed"
	    id="spec_spec367"
	    title="DocumentValidationService Document Validation should validate document with valid format"
	  />
	  Name "DocumentValidationService Document Validation should provide suggestions for improvement":
	  <li
	    class="jasmine-passed"
	    id="spec_spec371"
	    title="DocumentValidationService Document Validation should provide suggestions for improvement"
	  />
	  Name "DocumentValidationService Document Validation should detect invalid file format":
	  <li
	    class="jasmine-passed"
	    id="spec_spec368"
	    title="DocumentValidationService Document Validation should detect invalid file format"
	  />
	  Name "DocumentValidationService Document Validation should detect expired documents":
	  <li
	    class="jasmine-passed"
	    id="spec_spec369"
	    title="DocumentValidationService Document Validation should detect expired documents"
	  />
	  Name "DocumentValidationService Document Type Detection should provide suggestions for unclear filenames":
	  <li
	    class="jasmine-passed"
	    id="spec_spec389"
	    title="DocumentValidationService Document Type Detection should provide suggestions for unclear filenames"
	  />
	  Name "DocumentValidationService Document Type Detection should handle various file extensions":
	  <li
	    class="jasmine-passed"
	    id="spec_spec390"
	    title="DocumentValidationService Document Type Detection should handle various file extensions"
	  />
	  Name "DocumentValidationService Document Type Detection should detect INE from filename":
	  <li
	    class="jasmine-passed"
	    id="spec_spec385"
	    title="DocumentValidationService Document Type Detection should detect INE from filename"
	  />
	  Name "DocumentValidationService Document Type Detection should detect RFC documents":
	  <li
	    class="jasmine-passed"
	    id="spec_spec386"
	    title="DocumentValidationService Document Type Detection should detect RFC documents"
	  />
	  Name "DocumentValidationService Document Type Detection should detect ecosystem documents":
	  <li
	    class="jasmine-passed"
	    id="spec_spec387"
	    title="DocumentValidationService Document Type Detection should detect ecosystem documents"
	  />
	  Name "DocumentValidationService Document Type Detection should detect carta aval documents":
	  <li
	    class="jasmine-passed"
	    id="spec_spec388"
	    title="DocumentValidationService Document Type Detection should detect carta aval documents"
	  />
	  Name "DocumentValidationService Document Requirements by Market/Flow should return AGS specific requirements":
	  <li
	    class="jasmine-passed"
	    id="spec_spec381"
	    title="DocumentValidationService Document Requirements by Market/Flow should return AGS specific requirements"
	  />
	  Name "DocumentValidationService Document Requirements by Market/Flow should return EdoMex specific requirements":
	  <li
	    class="jasmine-passed"
	    id="spec_spec382"
	    title="DocumentValidationService Document Requirements by Market/Flow should return EdoMex specific requirements"
	  />
	  Name "DocumentValidationService Document Requirements by Market/Flow should filter requirements by flow type":
	  <li
	    class="jasmine-passed"
	    id="spec_spec383"
	    title="DocumentValidationService Document Requirements by Market/Flow should filter requirements by flow type"
	  />
	  Name "DocumentValidationService Document Requirements by Market/Flow should apply conditional requirements":
	  <li
	    class="jasmine-passed"
	    id="spec_spec384"
	    title="DocumentValidationService Document Requirements by Market/Flow should apply conditional requirements"
	  />
	  Name "DocumentValidationService Compliance Report Generation should generate compliance report for Aguascalientes client":
	  <li
	    class="jasmine-passed"
	    id="spec_spec372"
	    title="DocumentValidationService Compliance Report Generation should generate compliance report for Aguascalientes client"
	  />
	  Name "DocumentValidationService Compliance Report Generation should identify missing documents":
	  <li
	    class="jasmine-passed"
	    id="spec_spec373"
	    title="DocumentValidationService Compliance Report Generation should identify missing documents"
	  />
	  Name "DocumentValidationService Compliance Report Generation should categorize documents correctly":
	  <li
	    class="jasmine-passed"
	    id="spec_spec374"
	    title="DocumentValidationService Compliance Report Generation should categorize documents correctly"
	  />
	  Name "DocumentValidationService Compliance Report Generation should provide blocking issues for incomplete documents":
	  <li
	    class="jasmine-passed"
	    id="spec_spec375"
	    title="DocumentValidationService Compliance Report Generation should provide blocking issues for incomplete documents"
	  />
	  Name "DocumentValidationService Compliance Report Generation should generate appropriate next steps":
	  <li
	    class="jasmine-passed"
	    id="spec_spec376"
	    title="DocumentValidationService Compliance Report Generation should generate appropriate next steps"
	  />
	  Name "DocumentValidationService Service Initialization should initialize document requirements":
	  <li
	    class="jasmine-passed"
	    id="spec_spec366"
	    title="DocumentValidationService Service Initialization should initialize document requirements"
	  />
	  Name "DocumentValidationService Service Initialization should be created":
	  <li
	    class="jasmine-passed"
	    id="spec_spec365"
	    title="DocumentValidationService Service Initialization should be created"
	  />
	  Name "ConektaPaymentService Payment History and Status should get payment history with customer filter":
	  <li
	    class="jasmine-passed"
	    id="spec_spec183"
	    title="ConektaPaymentService Payment History and Status should get payment history with customer filter"
	  />
	  Name "ConektaPaymentService Payment History and Status should get payment history without customer filter":
	  <li
	    class="jasmine-passed"
	    id="spec_spec182"
	    title="ConektaPaymentService Payment History and Status should get payment history without customer filter"
	  />
	  Name "ConektaPaymentService Payment History and Status should get payment status":
	  <li
	    class="jasmine-passed"
	    id="spec_spec184"
	    title="ConektaPaymentService Payment History and Status should get payment status"
	  />
	  Name "ConektaPaymentService Error Handling Edge Cases should handle errors with simple message":
	  <li
	    class="jasmine-passed"
	    id="spec_spec192"
	    title="ConektaPaymentService Error Handling Edge Cases should handle errors with simple message"
	  />
	  Name "ConektaPaymentService Error Handling Edge Cases should handle errors without structured response":
	  <li
	    class="jasmine-passed"
	    id="spec_spec193"
	    title="ConektaPaymentService Error Handling Edge Cases should handle errors without structured response"
	  />
	  Name "ConektaPaymentService Test Methods should create test payment with custom amount":
	  <li
	    class="jasmine-passed"
	    id="spec_spec191"
	    title="ConektaPaymentService Test Methods should create test payment with custom amount"
	  />
	  Name "ConektaPaymentService Test Methods should create test payment with default amount":
	  <li
	    class="jasmine-passed"
	    id="spec_spec190"
	    title="ConektaPaymentService Test Methods should create test payment with default amount"
	  />
	  Name "ConektaPaymentService Business Logic Helpers should handle monthly payment setup errors":
	  <li
	    class="jasmine-passed"
	    id="spec_spec189"
	    title="ConektaPaymentService Business Logic Helpers should handle monthly payment setup errors"
	  />
	  Name "ConektaPaymentService Business Logic Helpers should create down payment link":
	  <li
	    class="jasmine-passed"
	    id="spec_spec188"
	    title="ConektaPaymentService Business Logic Helpers should create down payment link"
	  />
	  Name "ConektaPaymentService Webhook Validation should handle validation errors gracefully":
	  <li
	    class="jasmine-pending"
	    id="spec_spec187"
	    title="ConektaPaymentService Webhook Validation should handle validation errors gracefully"
	  />
	  Name "ConektaPaymentService Webhook Validation should reject incorrect webhook signature":
	  <li
	    class="jasmine-passed"
	    id="spec_spec186"
	    title="ConektaPaymentService Webhook Validation should reject incorrect webhook signature"
	  />
	  Name "ConektaPaymentService Webhook Validation should validate correct webhook signature":
	  <li
	    class="jasmine-passed"
	    id="spec_spec185"
	    title="ConektaPaymentService Webhook Validation should validate correct webhook signature"
	  />
	  Name "ConektaPaymentService Service Initialization should load Conekta SDK on initialization":
	  <li
	    class="jasmine-passed"
	    id="spec_spec166"
	    title="ConektaPaymentService Service Initialization should load Conekta SDK on initialization"
	  />
	  Name "ConektaPaymentService Service Initialization should be created":
	  <li
	    class="jasmine-passed"
	    id="spec_spec165"
	    title="ConektaPaymentService Service Initialization should be created"
	  />
	  Name "ConektaPaymentService Card Tokenization should tokenize valid card successfully":
	  <li
	    class="jasmine-passed"
	    id="spec_spec167"
	    title="ConektaPaymentService Card Tokenization should tokenize valid card successfully"
	  />
	  Name "ConektaPaymentService Card Tokenization should generate random tokens for other card numbers":
	  <li
	    class="jasmine-passed"
	    id="spec_spec169"
	    title="ConektaPaymentService Card Tokenization should generate random tokens for other card numbers"
	  />
	  Name "ConektaPaymentService Card Tokenization should handle tokenization errors":
	  <li
	    class="jasmine-passed"
	    id="spec_spec168"
	    title="ConektaPaymentService Card Tokenization should handle tokenization errors"
	  />
	  Name "ConektaPaymentService Payment Processing should handle payment processing errors":
	  <li
	    class="jasmine-passed"
	    id="spec_spec171"
	    title="ConektaPaymentService Payment Processing should handle payment processing errors"
	  />
	  Name "ConektaPaymentService Payment Processing should process card payment successfully":
	  <li
	    class="jasmine-passed"
	    id="spec_spec170"
	    title="ConektaPaymentService Payment Processing should process card payment successfully"
	  />
	  Name "ConektaPaymentService Payment Links (Cash Payments) should set default expiration if not provided":
	  <li
	    class="jasmine-passed"
	    id="spec_spec173"
	    title="ConektaPaymentService Payment Links (Cash Payments) should set default expiration if not provided"
	  />
	  Name "ConektaPaymentService Payment Links (Cash Payments) should create payment link for cash payments":
	  <li
	    class="jasmine-passed"
	    id="spec_spec172"
	    title="ConektaPaymentService Payment Links (Cash Payments) should create payment link for cash payments"
	  />
	  Name "ConektaPaymentService Customer Management should update customer":
	  <li
	    class="jasmine-passed"
	    id="spec_spec175"
	    title="ConektaPaymentService Customer Management should update customer"
	  />
	  Name "ConektaPaymentService Customer Management should create customer":
	  <li
	    class="jasmine-passed"
	    id="spec_spec174"
	    title="ConektaPaymentService Customer Management should create customer"
	  />
	  Name "ConektaPaymentService Customer Management should get customer":
	  <li
	    class="jasmine-passed"
	    id="spec_spec176"
	    title="ConektaPaymentService Customer Management should get customer"
	  />
	  Name "ConektaPaymentService Subscription Management should pause subscription":
	  <li
	    class="jasmine-passed"
	    id="spec_spec180"
	    title="ConektaPaymentService Subscription Management should pause subscription"
	  />
	  Name "ConektaPaymentService Subscription Management should get subscription":
	  <li
	    class="jasmine-passed"
	    id="spec_spec179"
	    title="ConektaPaymentService Subscription Management should get subscription"
	  />
	  Name "ConektaPaymentService Subscription Management should create subscription":
	  <li
	    class="jasmine-passed"
	    id="spec_spec178"
	    title="ConektaPaymentService Subscription Management should create subscription"
	  />
	  Name "ConektaPaymentService Subscription Management should cancel subscription":
	  <li
	    class="jasmine-passed"
	    id="spec_spec181"
	    title="ConektaPaymentService Subscription Management should cancel subscription"
	  />
	  Name "ConektaPaymentService Subscription Management should create subscription plan":
	  <li
	    class="jasmine-passed"
	    id="spec_spec177"
	    title="ConektaPaymentService Subscription Management should create subscription plan"
	  />
	  Name "ToastService Observable Behavior should emit each toast separately":
	  <li
	    class="jasmine-passed"
	    id="spec_spec799"
	    title="ToastService Observable Behavior should emit each toast separately"
	  />
	  Name "ToastService Observable Behavior should emit toasts through observable":
	  <li
	    class="jasmine-passed"
	    id="spec_spec797"
	    title="ToastService Observable Behavior should emit toasts through observable"
	  />
	  Name "ToastService Observable Behavior should support multiple subscribers":
	  <li
	    class="jasmine-passed"
	    id="spec_spec798"
	    title="ToastService Observable Behavior should support multiple subscribers"
	  />
	  Name "ToastService Edge Cases should handle very long message":
	  <li
	    class="jasmine-passed"
	    id="spec_spec801"
	    title="ToastService Edge Cases should handle very long message"
	  />
	  Name "ToastService Edge Cases should handle empty message":
	  <li
	    class="jasmine-passed"
	    id="spec_spec800"
	    title="ToastService Edge Cases should handle empty message"
	  />
	  Name "ToastService Edge Cases should handle rapid consecutive toasts":
	  <li
	    class="jasmine-failed"
	    id="spec_spec805"
	    title="ToastService Edge Cases should handle rapid consecutive toasts"
	  />
	  Name "ToastService Edge Cases should handle special characters in message":
	  <li
	    class="jasmine-passed"
	    id="spec_spec804"
	    title="ToastService Edge Cases should handle special characters in message"
	  />
	  Name "ToastService Edge Cases should handle negative duration":
	  <li
	    class="jasmine-passed"
	    id="spec_spec803"
	    title="ToastService Edge Cases should handle negative duration"
	  />
	  Name "ToastService Edge Cases should handle zero duration":
	  <li
	    class="jasmine-passed"
	    id="spec_spec802"
	    title="ToastService Edge Cases should handle zero duration"
	  />
	  Name "ToastService Toast State Management should handle removing all toasts":
	  <li
	    class="jasmine-passed"
	    id="spec_spec807"
	    title="ToastService Toast State Management should handle removing all toasts"
	  />
	  Name "ToastService Toast State Management should maintain correct state after multiple operations":
	  <li
	    class="jasmine-failed"
	    id="spec_spec806"
	    title="ToastService Toast State Management should maintain correct state after multiple operations"
	  />
	  Name "ToastService Service Initialization should have toasts$ observable":
	  <li
	    class="jasmine-passed"
	    id="spec_spec780"
	    title="ToastService Service Initialization should have toasts$ observable"
	  />
	  Name "ToastService Service Initialization should initialize with empty toasts array":
	  <li
	    class="jasmine-passed"
	    id="spec_spec779"
	    title="ToastService Service Initialization should initialize with empty toasts array"
	  />
	  Name "ToastService Service Initialization should be created":
	  <li
	    class="jasmine-passed"
	    id="spec_spec778"
	    title="ToastService Service Initialization should be created"
	  />
	  Name "ToastService Success Toast should create success toast with default duration":
	  <li
	    class="jasmine-passed"
	    id="spec_spec781"
	    title="ToastService Success Toast should create success toast with default duration"
	  />
	  Name "ToastService Success Toast should create success toast with custom duration":
	  <li
	    class="jasmine-passed"
	    id="spec_spec782"
	    title="ToastService Success Toast should create success toast with custom duration"
	  />
	  Name "ToastService Success Toast should add success toast to toasts array":
	  <li
	    class="jasmine-passed"
	    id="spec_spec783"
	    title="ToastService Success Toast should add success toast to toasts array"
	  />
	  Name "ToastService Warning Toast should create warning toast with default duration":
	  <li
	    class="jasmine-passed"
	    id="spec_spec786"
	    title="ToastService Warning Toast should create warning toast with default duration"
	  />
	  Name "ToastService Warning Toast should create warning toast with custom duration":
	  <li
	    class="jasmine-passed"
	    id="spec_spec787"
	    title="ToastService Warning Toast should create warning toast with custom duration"
	  />
	  Name "ToastService Error Toast should create error toast with default duration":
	  <li
	    class="jasmine-passed"
	    id="spec_spec784"
	    title="ToastService Error Toast should create error toast with default duration"
	  />
	  Name "ToastService Error Toast should create error toast with custom duration":
	  <li
	    class="jasmine-passed"
	    id="spec_spec785"
	    title="ToastService Error Toast should create error toast with custom duration"
	  />
	  Name "ToastService Info Toast should create info toast with default duration":
	  <li
	    class="jasmine-passed"
	    id="spec_spec788"
	    title="ToastService Info Toast should create info toast with default duration"
	  />
	  Name "ToastService Info Toast should create info toast with custom duration":
	  <li
	    class="jasmine-passed"
	    id="spec_spec789"
	    title="ToastService Info Toast should create info toast with custom duration"
	  />
	  Name "ToastService Toast Management should handle removing non-existent toast ID":
	  <li
	    class="jasmine-passed"
	    id="spec_spec792"
	    title="ToastService Toast Management should handle removing non-existent toast ID"
	  />
	  Name "ToastService Toast Management should remove only specified toast when multiple exist":
	  <li
	    class="jasmine-failed"
	    id="spec_spec793"
	    title="ToastService Toast Management should remove only specified toast when multiple exist"
	  />
	  Name "ToastService Toast Management should generate unique IDs for different toasts":
	  <li
	    class="jasmine-failed"
	    id="spec_spec790"
	    title="ToastService Toast Management should generate unique IDs for different toasts"
	  />
	  Name "ToastService Toast Management should remove toast by ID":
	  <li
	    class="jasmine-passed"
	    id="spec_spec791"
	    title="ToastService Toast Management should remove toast by ID"
	  />
	  Name "ToastService Auto-removal Functionality should handle manual removal before auto-removal":
	  <li
	    class="jasmine-passed"
	    id="spec_spec796"
	    title="ToastService Auto-removal Functionality should handle manual removal before auto-removal"
	  />
	  Name "ToastService Auto-removal Functionality should auto-remove toast after specified duration":
	  <li
	    class="jasmine-passed"
	    id="spec_spec794"
	    title="ToastService Auto-removal Functionality should auto-remove toast after specified duration"
	  />
	  Name "ToastService Auto-removal Functionality should auto-remove multiple toasts at different times":
	  <li
	    class="jasmine-failed"
	    id="spec_spec795"
	    title="ToastService Auto-removal Functionality should auto-remove multiple toasts at different times"
	  />
	  Name "math.util safe operations should reduce FP drift":
	  <li
	    class="jasmine-passed"
	    id="spec_spec844"
	    title="math.util safe operations should reduce FP drift"
	  />
	  Name "math.util round2 should round to 2 decimals":
	  <li
	    class="jasmine-passed"
	    id="spec_spec843"
	    title="math.util round2 should round to 2 decimals"
	  />
	  Name "math.util annuity should compute payment correctly":
	  <li
	    class="jasmine-passed"
	    id="spec_spec847"
	    title="math.util annuity should compute payment correctly"
	  />
	  Name "math.util clamp should bound values":
	  <li
	    class="jasmine-passed"
	    id="spec_spec845"
	    title="math.util clamp should bound values"
	  />
	  Name "math.util monthsToYearsCeil should ceil to years":
	  <li
	    class="jasmine-passed"
	    id="spec_spec849"
	    title="math.util monthsToYearsCeil should ceil to years"
	  />
	  Name "math.util helpers should aggregate values":
	  <li
	    class="jasmine-passed"
	    id="spec_spec848"
	    title="math.util helpers should aggregate values"
	  />
	  Name "math.util rate conversions should be consistent":
	  <li
	    class="jasmine-passed"
	    id="spec_spec846"
	    title="math.util rate conversions should be consistent"
	  />
	  Name "format.util formatCurrencyMXN should format with symbol and two decimals":
	  <li
	    class="jasmine-passed"
	    id="spec_spec839"
	    title="format.util formatCurrencyMXN should format with symbol and two decimals"
	  />
	  Name "format.util parseCurrency should parse strings with symbols and commas":
	  <li
	    class="jasmine-passed"
	    id="spec_spec840"
	    title="format.util parseCurrency should parse strings with symbols and commas"
	  />
	  Name "format.util toYears should render human friendly term":
	  <li
	    class="jasmine-passed"
	    id="spec_spec842"
	    title="format.util toYears should render human friendly term"
	  />
	  Name "format.util formatPercent should format with default decimals":
	  <li
	    class="jasmine-passed"
	    id="spec_spec841"
	    title="format.util formatPercent should format with default decimals"
	  />
	  Name "BackendApiService Error Handling Edge Cases should handle storage errors gracefully":
	  <li
	    class="jasmine-passed"
	    id="spec_spec114"
	    title="BackendApiService Error Handling Edge Cases should handle storage errors gracefully"
	  />
	  Name "BackendApiService Error Handling Edge Cases should handle null client data from local storage":
	  <li
	    class="jasmine-passed"
	    id="spec_spec113"
	    title="BackendApiService Error Handling Edge Cases should handle null client data from local storage"
	  />
	  Name "BackendApiService Error Handling Edge Cases should handle unknown action types in sync":
	  <li
	    class="jasmine-passed"
	    id="spec_spec115"
	    title="BackendApiService Error Handling Edge Cases should handle unknown action types in sync"
	  />
	  Name "BackendApiService Contract Management should get contract successfully":
	  <li
	    class="jasmine-passed"
	    id="spec_spec90"
	    title="BackendApiService Contract Management should get contract successfully"
	  />
	  Name "BackendApiService Contract Management should fallback to local storage when getting client contracts fails":
	  <li
	    class="jasmine-passed"
	    id="spec_spec93"
	    title="BackendApiService Contract Management should fallback to local storage when getting client contracts fails"
	  />
	  Name "BackendApiService Contract Management should get client contracts successfully":
	  <li
	    class="jasmine-passed"
	    id="spec_spec92"
	    title="BackendApiService Contract Management should get client contracts successfully"
	  />
	  Name "BackendApiService Contract Management should handle create contract offline mode":
	  <li
	    class="jasmine-passed"
	    id="spec_spec89"
	    title="BackendApiService Contract Management should handle create contract offline mode"
	  />
	  Name "BackendApiService Contract Management should create contract successfully":
	  <li
	    class="jasmine-passed"
	    id="spec_spec88"
	    title="BackendApiService Contract Management should create contract successfully"
	  />
	  Name "BackendApiService Contract Management should fallback to local storage when getting contract fails":
	  <li
	    class="jasmine-passed"
	    id="spec_spec91"
	    title="BackendApiService Contract Management should fallback to local storage when getting contract fails"
	  />
	  Name "BackendApiService Mock Data Generation should generate all mock ecosystems when no market filter":
	  <li
	    class="jasmine-passed"
	    id="spec_spec112"
	    title="BackendApiService Mock Data Generation should generate all mock ecosystems when no market filter"
	  />
	  Name "BackendApiService Mock Data Generation should generate mock ecosystems for EDOMEX market":
	  <li
	    class="jasmine-passed"
	    id="spec_spec111"
	    title="BackendApiService Mock Data Generation should generate mock ecosystems for EDOMEX market"
	  />
	  Name "BackendApiService Mock Data Generation should generate mock ecosystems for AGS market":
	  <li
	    class="jasmine-passed"
	    id="spec_spec110"
	    title="BackendApiService Mock Data Generation should generate mock ecosystems for AGS market"
	  />
	  Name "BackendApiService Service Initialization should have correct API configuration":
	  <li
	    class="jasmine-passed"
	    id="spec_spec79"
	    title="BackendApiService Service Initialization should have correct API configuration"
	  />
	  Name "BackendApiService Service Initialization should initialize with online status":
	  <li
	    class="jasmine-passed"
	    id="spec_spec78"
	    title="BackendApiService Service Initialization should initialize with online status"
	  />
	  Name "BackendApiService Service Initialization should be created":
	  <li
	    class="jasmine-passed"
	    id="spec_spec77"
	    title="BackendApiService Service Initialization should be created"
	  />
	  Name "BackendApiService Client Management should create client successfully":
	  <li
	    class="jasmine-passed"
	    id="spec_spec80"
	    title="BackendApiService Client Management should create client successfully"
	  />
	  Name "BackendApiService Client Management should handle update client offline mode":
	  <li
	    class="jasmine-passed"
	    id="spec_spec83"
	    title="BackendApiService Client Management should handle update client offline mode"
	  />
	  Name "BackendApiService Client Management should handle create client offline mode":
	  <li
	    class="jasmine-passed"
	    id="spec_spec81"
	    title="BackendApiService Client Management should handle create client offline mode"
	  />
	  Name "BackendApiService Client Management should get client successfully":
	  <li
	    class="jasmine-passed"
	    id="spec_spec84"
	    title="BackendApiService Client Management should get client successfully"
	  />
	  Name "BackendApiService Client Management should update client successfully":
	  <li
	    class="jasmine-failed"
	    id="spec_spec82"
	    title="BackendApiService Client Management should update client successfully"
	  />
	  Name "BackendApiService Client Management should fallback to local storage when getting client fails":
	  <li
	    class="jasmine-passed"
	    id="spec_spec85"
	    title="BackendApiService Client Management should fallback to local storage when getting client fails"
	  />
	  Name "BackendApiService Client Management should return empty array when getting clients fails":
	  <li
	    class="jasmine-passed"
	    id="spec_spec87"
	    title="BackendApiService Client Management should return empty array when getting clients fails"
	  />
	  Name "BackendApiService Client Management should get clients with filters":
	  <li
	    class="jasmine-passed"
	    id="spec_spec86"
	    title="BackendApiService Client Management should get clients with filters"
	  />
	  Name "BackendApiService Sync Management should sync pending actions when coming online":
	  <li
	    class="jasmine-failed"
	    id="spec_spec104"
	    title="BackendApiService Sync Management should sync pending actions when coming online"
	  />
	  Name "BackendApiService Sync Management should handle sync errors gracefully":
	  <li
	    class="jasmine-passed"
	    id="spec_spec105"
	    title="BackendApiService Sync Management should handle sync errors gracefully"
	  />
	  Name "BackendApiService File Upload should upload document successfully":
	  <li
	    class="jasmine-passed"
	    id="spec_spec102"
	    title="BackendApiService File Upload should upload document successfully"
	  />
	  Name "BackendApiService File Upload should handle upload document offline mode":
	  <li
	    class="jasmine-passed"
	    id="spec_spec103"
	    title="BackendApiService File Upload should handle upload document offline mode"
	  />
	  Name "BackendApiService Network Status Management should update online status when network changes":
	  <li
	    class="jasmine-failed"
	    id="spec_spec108"
	    title="BackendApiService Network Status Management should update online status when network changes"
	  />
	  Name "BackendApiService Network Status Management should trigger sync when going back online":
	  <li
	    class="jasmine-failed"
	    id="spec_spec109"
	    title="BackendApiService Network Status Management should trigger sync when going back online"
	  />
	  Name "BackendApiService Health Check should return offline health status when API fails":
	  <li
	    class="jasmine-passed"
	    id="spec_spec107"
	    title="BackendApiService Health Check should return offline health status when API fails"
	  />
	  Name "BackendApiService Health Check should return online health status":
	  <li
	    class="jasmine-passed"
	    id="spec_spec106"
	    title="BackendApiService Health Check should return online health status"
	  />
	  Name "BackendApiService Ecosystem Management should update ecosystem capacity successfully":
	  <li
	    class="jasmine-passed"
	    id="spec_spec98"
	    title="BackendApiService Ecosystem Management should update ecosystem capacity successfully"
	  />
	  Name "BackendApiService Ecosystem Management should get ecosystem by ID successfully":
	  <li
	    class="jasmine-passed"
	    id="spec_spec97"
	    title="BackendApiService Ecosystem Management should get ecosystem by ID successfully"
	  />
	  Name "BackendApiService Ecosystem Management should return mock data when getting ecosystems fails":
	  <li
	    class="jasmine-passed"
	    id="spec_spec96"
	    title="BackendApiService Ecosystem Management should return mock data when getting ecosystems fails"
	  />
	  Name "BackendApiService Ecosystem Management should get ecosystems with market filter":
	  <li
	    class="jasmine-passed"
	    id="spec_spec95"
	    title="BackendApiService Ecosystem Management should get ecosystems with market filter"
	  />
	  Name "BackendApiService Ecosystem Management should get ecosystems successfully":
	  <li
	    class="jasmine-passed"
	    id="spec_spec94"
	    title="BackendApiService Ecosystem Management should get ecosystems successfully"
	  />
	  Name "BackendApiService Dashboard and Analytics should get dashboard data successfully":
	  <li
	    class="jasmine-passed"
	    id="spec_spec99"
	    title="BackendApiService Dashboard and Analytics should get dashboard data successfully"
	  />
	  Name "BackendApiService Dashboard and Analytics should get dashboard data with advisor filter":
	  <li
	    class="jasmine-failed"
	    id="spec_spec100"
	    title="BackendApiService Dashboard and Analytics should get dashboard data with advisor filter"
	  />
	  Name "BackendApiService Dashboard and Analytics should return offline dashboard data when API fails":
	  <li
	    class="jasmine-passed"
	    id="spec_spec101"
	    title="BackendApiService Dashboard and Analytics should return offline dashboard data when API fails"
	  />
	  Name "CotizadorEngineService calculates insurance by years ceil(term/12)":
	  <li
	    class="jasmine-passed"
	    id="spec_spec256"
	    title="CotizadorEngineService calculates insurance by years ceil(term/12)"
	  />
	  Name "CotizadorEngineService validates down payment min/max range":
	  <li
	    class="jasmine-passed"
	    id="spec_spec257"
	    title="CotizadorEngineService validates down payment min/max range"
	  />
	  Name "CotizadorEngineService computes monthly payment, total cost and CAT consistently":
	  <li
	    class="jasmine-passed"
	    id="spec_spec258"
	    title="CotizadorEngineService computes monthly payment, total cost and CAT consistently"
	  />
	  Name "OnboardingEngineService should call updateClient with id and updated object on reviewDocument":
	  <li
	    class="jasmine-passed"
	    id="spec_spec661"
	    title="OnboardingEngineService should call updateClient with id and updated object on reviewDocument"
	  />
	  Name "OnboardingEngineService should call updateClient with id and updated object on document submission":
	  <li
	    class="jasmine-passed"
	    id="spec_spec660"
	    title="OnboardingEngineService should call updateClient with id and updated object on document submission"
	  />
	  Name "PerformanceConfigService should return defaults when no config provided":
	  <li
	    class="jasmine-passed"
	    id="spec_spec662"
	    title="PerformanceConfigService should return defaults when no config provided"
	  />
	  Name "PerformanceConfigService should override defaults with provided config":
	  <li
	    class="jasmine-passed"
	    id="spec_spec663"
	    title="PerformanceConfigService should override defaults with provided config"
	  />
	  Name "PerformanceConfigService should merge profile-specific overrides":
	  <li
	    class="jasmine-passed"
	    id="spec_spec664"
	    title="PerformanceConfigService should merge profile-specific overrides"
	  />
	  Name "PerformanceConfigService getDelay/getTimeout should return numeric values from profile or defaults":
	  <li
	    class="jasmine-passed"
	    id="spec_spec665"
	    title="PerformanceConfigService getDelay/getTimeout should return numeric values from profile or defaults"
	  />
	  Name "DashboardComponent Accessibility Tests Content Accessibility should have accessible KPI cards":
	  <li
	    class="jasmine-passed"
	    id="spec_spec949"
	    title="DashboardComponent Accessibility Tests Content Accessibility should have accessible KPI cards"
	  />
	  Name "DashboardComponent Accessibility Tests Content Accessibility should use semantic HTML for content structure":
	  <li
	    class="jasmine-passed"
	    id="spec_spec951"
	    title="DashboardComponent Accessibility Tests Content Accessibility should use semantic HTML for content structure"
	  />
	  Name "DashboardComponent Accessibility Tests Content Accessibility should have accessible activity feed":
	  <li
	    class="jasmine-passed"
	    id="spec_spec950"
	    title="DashboardComponent Accessibility Tests Content Accessibility should have accessible activity feed"
	  />
	  Name "DashboardComponent Accessibility Tests Mobile and Touch Accessibility should have adequate touch target sizes":
	  <li
	    class="jasmine-passed"
	    id="spec_spec962"
	    title="DashboardComponent Accessibility Tests Mobile and Touch Accessibility should have adequate touch target sizes"
	  />
	  Name "DashboardComponent Accessibility Tests Mobile and Touch Accessibility should be responsive to viewport changes":
	  <li
	    class="jasmine-passed"
	    id="spec_spec963"
	    title="DashboardComponent Accessibility Tests Mobile and Touch Accessibility should be responsive to viewport changes"
	  />
	  Name "DashboardComponent Accessibility Tests Navigation Accessibility should have proper ARIA attributes for interactive elements":
	  <li
	    class="jasmine-failed"
	    id="spec_spec948"
	    title="DashboardComponent Accessibility Tests Navigation Accessibility should have proper ARIA attributes for interactive elements"
	  />
	  Name "DashboardComponent Accessibility Tests Navigation Accessibility should pass navigation accessibility tests":
	  <li
	    class="jasmine-failed"
	    id="spec_spec946"
	    title="DashboardComponent Accessibility Tests Navigation Accessibility should pass navigation accessibility tests"
	  />
	  Name "DashboardComponent Accessibility Tests Navigation Accessibility should have accessible navigation buttons":
	  <li
	    class="jasmine-passed"
	    id="spec_spec947"
	    title="DashboardComponent Accessibility Tests Navigation Accessibility should have accessible navigation buttons"
	  />
	  Name "DashboardComponent Accessibility Tests Basic Accessibility Compliance should have proper heading hierarchy":
	  <li
	    class="jasmine-failed"
	    id="spec_spec945"
	    title="DashboardComponent Accessibility Tests Basic Accessibility Compliance should have proper heading hierarchy"
	  />
	  Name "DashboardComponent Accessibility Tests Basic Accessibility Compliance should pass automated accessibility tests":
	  <li
	    class="jasmine-failed"
	    id="spec_spec943"
	    title="DashboardComponent Accessibility Tests Basic Accessibility Compliance should pass automated accessibility tests"
	  />
	  Name "DashboardComponent Accessibility Tests Basic Accessibility Compliance should have proper document structure":
	  <li
	    class="jasmine-passed"
	    id="spec_spec944"
	    title="DashboardComponent Accessibility Tests Basic Accessibility Compliance should have proper document structure"
	  />
	  Name "DashboardComponent Accessibility Tests Visual and Interaction Accessibility should have sufficient focus indicators":
	  <li
	    class="jasmine-passed"
	    id="spec_spec955"
	    title="DashboardComponent Accessibility Tests Visual and Interaction Accessibility should have sufficient focus indicators"
	  />
	  Name "DashboardComponent Accessibility Tests Visual and Interaction Accessibility should not rely solely on color to convey information":
	  <li
	    class="jasmine-empty"
	    id="spec_spec954"
	    title="DashboardComponent Accessibility Tests Visual and Interaction Accessibility should not rely solely on color to convey information"
	  />
	  Name "DashboardComponent Accessibility Tests Form and Input Accessibility should handle form validation accessibly":
	  <li
	    class="jasmine-empty"
	    id="spec_spec953"
	    title="DashboardComponent Accessibility Tests Form and Input Accessibility should handle form validation accessibly"
	  />
	  Name "DashboardComponent Accessibility Tests Form and Input Accessibility should have accessible form controls if any":
	  <li
	    class="jasmine-empty"
	    id="spec_spec952"
	    title="DashboardComponent Accessibility Tests Form and Input Accessibility should have accessible form controls if any"
	  />
	  Name "DashboardComponent Accessibility Tests DashboardComponent should be accessible":
	  <li
	    class="jasmine-failed"
	    id="spec_spec964"
	    title="DashboardComponent Accessibility Tests DashboardComponent should be accessible"
	  />
	  Name "DashboardComponent Accessibility Tests Keyboard Navigation should support keyboard navigation":
	  <li
	    class="jasmine-passed"
	    id="spec_spec959"
	    title="DashboardComponent Accessibility Tests Keyboard Navigation should support keyboard navigation"
	  />
	  Name "DashboardComponent Accessibility Tests Keyboard Navigation should have logical tab order":
	  <li
	    class="jasmine-passed"
	    id="spec_spec960"
	    title="DashboardComponent Accessibility Tests Keyboard Navigation should have logical tab order"
	  />
	  Name "DashboardComponent Accessibility Tests Keyboard Navigation should handle keyboard interactions properly":
	  <li
	    class="jasmine-empty"
	    id="spec_spec961"
	    title="DashboardComponent Accessibility Tests Keyboard Navigation should handle keyboard interactions properly"
	  />
	  Name "DashboardComponent Accessibility Tests DashboardComponent should have no accessibility violations":
	  <li
	    class="jasmine-failed"
	    id="spec_spec965"
	    title="DashboardComponent Accessibility Tests DashboardComponent should have no accessibility violations"
	  />
	  Name "DashboardComponent Accessibility Tests Screen Reader Support should provide meaningful page title and headings":
	  <li
	    class="jasmine-passed"
	    id="spec_spec956"
	    title="DashboardComponent Accessibility Tests Screen Reader Support should provide meaningful page title and headings"
	  />
	  Name "DashboardComponent Accessibility Tests Screen Reader Support should have proper landmark regions":
	  <li
	    class="jasmine-passed"
	    id="spec_spec957"
	    title="DashboardComponent Accessibility Tests Screen Reader Support should have proper landmark regions"
	  />
	  Name "DashboardComponent Accessibility Tests Screen Reader Support should provide context for dynamic content":
	  <li
	    class="jasmine-passed"
	    id="spec_spec958"
	    title="DashboardComponent Accessibility Tests Screen Reader Support should provide context for dynamic content"
	  />
	  Name "DashboardComponent Accessibility Tests DashboardComponent interactive elements should be keyboard accessible":
	  <li
	    class="jasmine-passed"
	    id="spec_spec966"
	    title="DashboardComponent Accessibility Tests DashboardComponent interactive elements should be keyboard accessible"
	  />
	  Name "DashboardComponent Accessibility Tests DashboardComponent form controls should have labels":
	  <li
	    class="jasmine-empty"
	    id="spec_spec967"
	    title="DashboardComponent Accessibility Tests DashboardComponent form controls should have labels"
	  />
	  Name "CotizadorEngineService Financial Summary Calculations should calculate total interest":
	  <li
	    class="jasmine-passed"
	    id="spec_spec289"
	    title="CotizadorEngineService Financial Summary Calculations should calculate total interest"
	  />
	  Name "CotizadorEngineService Financial Summary Calculations should generate financial summary":
	  <li
	    class="jasmine-passed"
	    id="spec_spec290"
	    title="CotizadorEngineService Financial Summary Calculations should generate financial summary"
	  />
	  Name "CotizadorEngineService Balance Calculations should calculate balance for interest-bearing loan":
	  <li
	    class="jasmine-failed"
	    id="spec_spec271"
	    title="CotizadorEngineService Balance Calculations should calculate balance for interest-bearing loan"
	  />
	  Name "CotizadorEngineService Balance Calculations should calculate balance for zero interest loan":
	  <li
	    class="jasmine-passed"
	    id="spec_spec270"
	    title="CotizadorEngineService Balance Calculations should calculate balance for zero interest loan"
	  />
	  Name "CotizadorEngineService Balance Calculations should handle edge case with zero principal":
	  <li
	    class="jasmine-passed"
	    id="spec_spec274"
	    title="CotizadorEngineService Balance Calculations should handle edge case with zero principal"
	  />
	  Name "CotizadorEngineService Balance Calculations should handle no payments made":
	  <li
	    class="jasmine-passed"
	    id="spec_spec273"
	    title="CotizadorEngineService Balance Calculations should handle no payments made"
	  />
	  Name "CotizadorEngineService Balance Calculations should return zero when all payments made":
	  <li
	    class="jasmine-passed"
	    id="spec_spec272"
	    title="CotizadorEngineService Balance Calculations should return zero when all payments made"
	  />
	  Name "CotizadorEngineService Market-Specific Business Rules should apply EdoMex individual rules":
	  <li
	    class="jasmine-passed"
	    id="spec_spec292"
	    title="CotizadorEngineService Market-Specific Business Rules should apply EdoMex individual rules"
	  />
	  Name "CotizadorEngineService Market-Specific Business Rules should apply Aguascalientes rules":
	  <li
	    class="jasmine-passed"
	    id="spec_spec291"
	    title="CotizadorEngineService Market-Specific Business Rules should apply Aguascalientes rules"
	  />
	  Name "CotizadorEngineService Market-Specific Business Rules should use fallback rules for unknown market":
	  <li
	    class="jasmine-passed"
	    id="spec_spec294"
	    title="CotizadorEngineService Market-Specific Business Rules should use fallback rules for unknown market"
	  />
	  Name "CotizadorEngineService Market-Specific Business Rules should apply EdoMex collective rules":
	  <li
	    class="jasmine-passed"
	    id="spec_spec293"
	    title="CotizadorEngineService Market-Specific Business Rules should apply EdoMex collective rules"
	  />
	  Name "CotizadorEngineService Service Initialization should be created":
	  <li
	    class="jasmine-passed"
	    id="spec_spec259"
	    title="CotizadorEngineService Service Initialization should be created"
	  />
	  Name "CotizadorEngineService Package Price Calculation should skip optional components not selected":
	  <li
	    class="jasmine-passed"
	    id="spec_spec268"
	    title="CotizadorEngineService Package Price Calculation should skip optional components not selected"
	  />
	  Name "CotizadorEngineService Package Price Calculation should handle package with no components":
	  <li
	    class="jasmine-passed"
	    id="spec_spec269"
	    title="CotizadorEngineService Package Price Calculation should handle package with no components"
	  />
	  Name "CotizadorEngineService Package Price Calculation should calculate basic package price without optionals":
	  <li
	    class="jasmine-passed"
	    id="spec_spec264"
	    title="CotizadorEngineService Package Price Calculation should calculate basic package price without optionals"
	  />
	  Name "CotizadorEngineService Package Price Calculation should calculate package price with selected optionals":
	  <li
	    class="jasmine-passed"
	    id="spec_spec265"
	    title="CotizadorEngineService Package Price Calculation should calculate package price with selected optionals"
	  />
	  Name "CotizadorEngineService Package Price Calculation should multiply term-based components by years":
	  <li
	    class="jasmine-passed"
	    id="spec_spec266"
	    title="CotizadorEngineService Package Price Calculation should multiply term-based components by years"
	  />
	  Name "CotizadorEngineService Package Price Calculation should handle 60-month terms correctly":
	  <li
	    class="jasmine-passed"
	    id="spec_spec267"
	    title="CotizadorEngineService Package Price Calculation should handle 60-month terms correctly"
	  />
	  Name "CotizadorEngineService Legacy Quote Generation should generate basic quote":
	  <li
	    class="jasmine-passed"
	    id="spec_spec279"
	    title="CotizadorEngineService Legacy Quote Generation should generate basic quote"
	  />
	  Name "CotizadorEngineService Product Package Management should get Aguascalientes plazo package":
	  <li
	    class="jasmine-passed"
	    id="spec_spec260"
	    title="CotizadorEngineService Product Package Management should get Aguascalientes plazo package"
	  />
	  Name "CotizadorEngineService Product Package Management should get EdoMex colectivo package":
	  <li
	    class="jasmine-passed"
	    id="spec_spec261"
	    title="CotizadorEngineService Product Package Management should get EdoMex colectivo package"
	  />
	  Name "CotizadorEngineService Product Package Management should get EdoMex directa package":
	  <li
	    class="jasmine-passed"
	    id="spec_spec262"
	    title="CotizadorEngineService Product Package Management should get EdoMex directa package"
	  />
	  Name "CotizadorEngineService Product Package Management should handle unknown market gracefully":
	  <li
	    class="jasmine-passed"
	    id="spec_spec263"
	    title="CotizadorEngineService Product Package Management should handle unknown market gracefully"
	  />
	  Name "CotizadorEngineService Quote Generation with Package should handle direct sale (rate = 0)":
	  <li
	    class="jasmine-passed"
	    id="spec_spec278"
	    title="CotizadorEngineService Quote Generation with Package should handle direct sale (rate = 0)"
	  />
	  Name "CotizadorEngineService Quote Generation with Package should determine client type from package data":
	  <li
	    class="jasmine-passed"
	    id="spec_spec277"
	    title="CotizadorEngineService Quote Generation with Package should determine client type from package data"
	  />
	  Name "CotizadorEngineService Quote Generation with Package should generate quote with custom down payment":
	  <li
	    class="jasmine-passed"
	    id="spec_spec276"
	    title="CotizadorEngineService Quote Generation with Package should generate quote with custom down payment"
	  />
	  Name "CotizadorEngineService Quote Generation with Package should generate quote with minimum down payment":
	  <li
	    class="jasmine-passed"
	    id="spec_spec275"
	    title="CotizadorEngineService Quote Generation with Package should generate quote with minimum down payment"
	  />
	  Name "CotizadorEngineService Configuration Validation should validate EdoMex individual requirements":
	  <li
	    class="jasmine-passed"
	    id="spec_spec287"
	    title="CotizadorEngineService Configuration Validation should validate EdoMex individual requirements"
	  />
	  Name "CotizadorEngineService Configuration Validation should validate EdoMex collective requirements":
	  <li
	    class="jasmine-passed"
	    id="spec_spec288"
	    title="CotizadorEngineService Configuration Validation should validate EdoMex collective requirements"
	  />
	  Name "CotizadorEngineService Configuration Validation should validate correct configuration":
	  <li
	    class="jasmine-passed"
	    id="spec_spec282"
	    title="CotizadorEngineService Configuration Validation should validate correct configuration"
	  />
	  Name "CotizadorEngineService Configuration Validation should reject invalid term":
	  <li
	    class="jasmine-passed"
	    id="spec_spec284"
	    title="CotizadorEngineService Configuration Validation should reject invalid term"
	  />
	  Name "CotizadorEngineService Configuration Validation should reject down payment equal to total price":
	  <li
	    class="jasmine-passed"
	    id="spec_spec286"
	    title="CotizadorEngineService Configuration Validation should reject down payment equal to total price"
	  />
	  Name "CotizadorEngineService Configuration Validation should reject insufficient down payment":
	  <li
	    class="jasmine-passed"
	    id="spec_spec283"
	    title="CotizadorEngineService Configuration Validation should reject insufficient down payment"
	  />
	  Name "CotizadorEngineService Configuration Validation should reject zero or negative price":
	  <li
	    class="jasmine-passed"
	    id="spec_spec285"
	    title="CotizadorEngineService Configuration Validation should reject zero or negative price"
	  />
	  Name "CotizadorEngineService Amortization Table Generation should generate complete amortization table":
	  <li
	    class="jasmine-passed"
	    id="spec_spec280"
	    title="CotizadorEngineService Amortization Table Generation should generate complete amortization table"
	  />
	  Name "CotizadorEngineService Amortization Table Generation should have decreasing balance over time":
	  <li
	    class="jasmine-passed"
	    id="spec_spec281"
	    title="CotizadorEngineService Amortization Table Generation should have decreasing balance over time"
	  />
	  Name "NavigationService Page Title Management should get current page title":
	  <li
	    class="jasmine-passed"
	    id="spec_spec596"
	    title="NavigationService Page Title Management should get current page title"
	  />
	  Name "NavigationService Page Title Management should set page title dynamically":
	  <li
	    class="jasmine-passed"
	    id="spec_spec597"
	    title="NavigationService Page Title Management should set page title dynamically"
	  />
	  Name "NavigationService Navigation Methods should navigate to specified route":
	  <li
	    class="jasmine-passed"
	    id="spec_spec587"
	    title="NavigationService Navigation Methods should navigate to specified route"
	  />
	  Name "NavigationService Navigation Methods should navigate with query parameters":
	  <li
	    class="jasmine-passed"
	    id="spec_spec588"
	    title="NavigationService Navigation Methods should navigate with query parameters"
	  />
	  Name "NavigationService Navigation Methods should navigate home":
	  <li
	    class="jasmine-passed"
	    id="spec_spec589"
	    title="NavigationService Navigation Methods should navigate home"
	  />
	  Name "NavigationService Service Initialization should be created":
	  <li
	    class="jasmine-passed"
	    id="spec_spec585"
	    title="NavigationService Service Initialization should be created"
	  />
	  Name "NavigationService Service Initialization should initialize with default navigation state":
	  <li
	    class="jasmine-failed"
	    id="spec_spec586"
	    title="NavigationService Service Initialization should initialize with default navigation state"
	  />
	  Name "NavigationService Breadcrumbs Management should set breadcrumbs dynamically":
	  <li
	    class="jasmine-passed"
	    id="spec_spec599"
	    title="NavigationService Breadcrumbs Management should set breadcrumbs dynamically"
	  />
	  Name "NavigationService Breadcrumbs Management should get current breadcrumbs":
	  <li
	    class="jasmine-passed"
	    id="spec_spec598"
	    title="NavigationService Breadcrumbs Management should get current breadcrumbs"
	  />
	  Name "NavigationService Back Button Visibility should hide back button for dashboard":
	  <li
	    class="jasmine-passed"
	    id="spec_spec601"
	    title="NavigationService Back Button Visibility should hide back button for dashboard"
	  />
	  Name "NavigationService Back Button Visibility should set back button visibility dynamically":
	  <li
	    class="jasmine-passed"
	    id="spec_spec602"
	    title="NavigationService Back Button Visibility should set back button visibility dynamically"
	  />
	  Name "NavigationService Back Button Visibility should show back button for configured routes":
	  <li
	    class="jasmine-passed"
	    id="spec_spec600"
	    title="NavigationService Back Button Visibility should show back button for configured routes"
	  />
	  Name "NavigationService Navigation State Updates should handle unknown routes with default config":
	  <li
	    class="jasmine-passed"
	    id="spec_spec594"
	    title="NavigationService Navigation State Updates should handle unknown routes with default config"
	  />
	  Name "NavigationService Navigation State Updates should maintain route history with max length":
	  <li
	    class="jasmine-passed"
	    id="spec_spec595"
	    title="NavigationService Navigation State Updates should maintain route history with max length"
	  />
	  Name "NavigationService Navigation State Updates should update navigation state when route changes":
	  <li
	    class="jasmine-passed"
	    id="spec_spec593"
	    title="NavigationService Navigation State Updates should update navigation state when route changes"
	  />
	  Name "NavigationService Navigation History Management should get navigation history":
	  <li
	    class="jasmine-passed"
	    id="spec_spec616"
	    title="NavigationService Navigation History Management should get navigation history"
	  />
	  Name "NavigationService Navigation History Management should clear navigation history":
	  <li
	    class="jasmine-passed"
	    id="spec_spec617"
	    title="NavigationService Navigation History Management should clear navigation history"
	  />
	  Name "NavigationService Back Navigation should navigate to dashboard when no history available":
	  <li
	    class="jasmine-passed"
	    id="spec_spec592"
	    title="NavigationService Back Navigation should navigate to dashboard when no history available"
	  />
	  Name "NavigationService Back Navigation should use browser back when no route history and history exists":
	  <li
	    class="jasmine-passed"
	    id="spec_spec591"
	    title="NavigationService Back Navigation should use browser back when no route history and history exists"
	  />
	  Name "NavigationService Back Navigation should navigate back using route history":
	  <li
	    class="jasmine-passed"
	    id="spec_spec590"
	    title="NavigationService Back Navigation should navigate back using route history"
	  />
	  Name "NavigationService Quick Actions should execute quick action with custom function":
	  <li
	    class="jasmine-passed"
	    id="spec_spec609"
	    title="NavigationService Quick Actions should execute quick action with custom function"
	  />
	  Name "NavigationService Quick Actions should get quick actions for clientes":
	  <li
	    class="jasmine-passed"
	    id="spec_spec606"
	    title="NavigationService Quick Actions should get quick actions for clientes"
	  />
	  Name "NavigationService Quick Actions should execute quick action with route":
	  <li
	    class="jasmine-passed"
	    id="spec_spec608"
	    title="NavigationService Quick Actions should execute quick action with route"
	  />
	  Name "NavigationService Quick Actions should get quick actions for simulador":
	  <li
	    class="jasmine-passed"
	    id="spec_spec605"
	    title="NavigationService Quick Actions should get quick actions for simulador"
	  />
	  Name "NavigationService Quick Actions should return empty actions for unknown routes":
	  <li
	    class="jasmine-passed"
	    id="spec_spec607"
	    title="NavigationService Quick Actions should return empty actions for unknown routes"
	  />
	  Name "NavigationService Quick Actions should get quick actions for dashboard":
	  <li
	    class="jasmine-passed"
	    id="spec_spec603"
	    title="NavigationService Quick Actions should get quick actions for dashboard"
	  />
	  Name "NavigationService Quick Actions should get quick actions for cotizador":
	  <li
	    class="jasmine-passed"
	    id="spec_spec604"
	    title="NavigationService Quick Actions should get quick actions for cotizador"
	  />
	  Name "NavigationService Route Configuration should handle nested routes correctly":
	  <li
	    class="jasmine-passed"
	    id="spec_spec618"
	    title="NavigationService Route Configuration should handle nested routes correctly"
	  />
	  Name "NavigationService Route Configuration should handle simulador nested routes":
	  <li
	    class="jasmine-passed"
	    id="spec_spec619"
	    title="NavigationService Route Configuration should handle simulador nested routes"
	  />
	  Name "NavigationService Route Configuration should handle all configured main routes":
	  <li
	    class="jasmine-failed"
	    id="spec_spec620"
	    title="NavigationService Route Configuration should handle all configured main routes"
	  />
	  Name "NavigationService Route Matching should match exact route":
	  <li
	    class="jasmine-passed"
	    id="spec_spec610"
	    title="NavigationService Route Matching should match exact route"
	  />
	  Name "NavigationService Route Matching should not match non-matching wildcard":
	  <li
	    class="jasmine-passed"
	    id="spec_spec613"
	    title="NavigationService Route Matching should not match non-matching wildcard"
	  />
	  Name "NavigationService Route Matching should match wildcard pattern":
	  <li
	    class="jasmine-passed"
	    id="spec_spec612"
	    title="NavigationService Route Matching should match wildcard pattern"
	  />
	  Name "NavigationService Route Matching should not match different route":
	  <li
	    class="jasmine-passed"
	    id="spec_spec611"
	    title="NavigationService Route Matching should not match different route"
	  />
	  Name "NavigationService Route Parameters should get query parameters":
	  <li
	    class="jasmine-failed"
	    id="spec_spec615"
	    title="NavigationService Route Parameters should get query parameters"
	  />
	  Name "NavigationService Route Parameters should get route parameters":
	  <li
	    class="jasmine-failed"
	    id="spec_spec614"
	    title="NavigationService Route Parameters should get route parameters"
	  />
	  Name "PostSalesApiService getPostSalesRecord should return null for non-existent VIN":
	  <li
	    class="jasmine-passed"
	    id="spec_spec670"
	    title="PostSalesApiService getPostSalesRecord should return null for non-existent VIN"
	  />
	  Name "PostSalesApiService getPostSalesRecord should retrieve post-sales record by VIN":
	  <li
	    class="jasmine-failed"
	    id="spec_spec669"
	    title="PostSalesApiService getPostSalesRecord should retrieve post-sales record by VIN"
	  />
	  Name "PostSalesApiService recordClientContact should record client contact successfully":
	  <li
	    class="jasmine-passed"
	    id="spec_spec672"
	    title="PostSalesApiService recordClientContact should record client contact successfully"
	  />
	  Name "PostSalesApiService scheduleMaintenanceService should schedule maintenance service successfully":
	  <li
	    class="jasmine-passed"
	    id="spec_spec671"
	    title="PostSalesApiService scheduleMaintenanceService should schedule maintenance service successfully"
	  />
	  Name "PostSalesApiService sendVehicleDeliveredEvent should handle error when sending vehicle delivered event":
	  <li
	    class="jasmine-passed"
	    id="spec_spec668"
	    title="PostSalesApiService sendVehicleDeliveredEvent should handle error when sending vehicle delivered event"
	  />
	  Name "PostSalesApiService sendVehicleDeliveredEvent should send vehicle delivered event successfully":
	  <li
	    class="jasmine-passed"
	    id="spec_spec667"
	    title="PostSalesApiService sendVehicleDeliveredEvent should send vehicle delivered event successfully"
	  />
	  Name "PostSalesApiService should be created":
	  <li
	    class="jasmine-passed"
	    id="spec_spec666"
	    title="PostSalesApiService should be created"
	  />
	  Name "SimuladorEngineService AGS Liquidation Scenario should generate basic liquidation scenario":
	  <li
	    class="jasmine-passed"
	    id="spec_spec721"
	    title="SimuladorEngineService AGS Liquidation Scenario should generate basic liquidation scenario"
	  />
	  Name "SimuladorEngineService AGS Liquidation Scenario should calculate projected balance correctly":
	  <li
	    class="jasmine-passed"
	    id="spec_spec722"
	    title="SimuladorEngineService AGS Liquidation Scenario should calculate projected balance correctly"
	  />
	  Name "SimuladorEngineService AGS Liquidation Scenario should generate timeline events correctly":
	  <li
	    class="jasmine-passed"
	    id="spec_spec723"
	    title="SimuladorEngineService AGS Liquidation Scenario should generate timeline events correctly"
	  />
	  Name "SimuladorEngineService AGS Liquidation Scenario should handle single plate scenario":
	  <li
	    class="jasmine-passed"
	    id="spec_spec725"
	    title="SimuladorEngineService AGS Liquidation Scenario should handle single plate scenario"
	  />
	  Name "SimuladorEngineService AGS Liquidation Scenario should handle zero consumption scenario":
	  <li
	    class="jasmine-passed"
	    id="spec_spec724"
	    title="SimuladorEngineService AGS Liquidation Scenario should handle zero consumption scenario"
	  />
	  Name "SimuladorEngineService Service Initialization should be created":
	  <li
	    class="jasmine-passed"
	    id="spec_spec720"
	    title="SimuladorEngineService Service Initialization should be created"
	  />
	  Name "SimuladorEngineService Edge Cases and Error Handling should handle zero member count in collective scenario":
	  <li
	    class="jasmine-passed"
	    id="spec_spec750"
	    title="SimuladorEngineService Edge Cases and Error Handling should handle zero member count in collective scenario"
	  />
	  Name "SimuladorEngineService Edge Cases and Error Handling should handle very large target amounts":
	  <li
	    class="jasmine-passed"
	    id="spec_spec749"
	    title="SimuladorEngineService Edge Cases and Error Handling should handle very large target amounts"
	  />
	  Name "SimuladorEngineService Edge Cases and Error Handling should handle zero target amount in AGS scenario":
	  <li
	    class="jasmine-passed"
	    id="spec_spec747"
	    title="SimuladorEngineService Edge Cases and Error Handling should handle zero target amount in AGS scenario"
	  />
	  Name "SimuladorEngineService Edge Cases and Error Handling should handle zero consumption in individual scenario":
	  <li
	    class="jasmine-passed"
	    id="spec_spec748"
	    title="SimuladorEngineService Edge Cases and Error Handling should handle zero consumption in individual scenario"
	  />
	  Name "SimuladorEngineService Comparison Scenarios should generate comparison scenarios with parameter variations":
	  <li
	    class="jasmine-passed"
	    id="spec_spec740"
	    title="SimuladorEngineService Comparison Scenarios should generate comparison scenarios with parameter variations"
	  />
	  Name "SimuladorEngineService Comparison Scenarios should preserve other parameters when varying specific ones":
	  <li
	    class="jasmine-passed"
	    id="spec_spec741"
	    title="SimuladorEngineService Comparison Scenarios should preserve other parameters when varying specific ones"
	  />
	  Name "SimuladorEngineService Comparison Scenarios should handle empty variations array":
	  <li
	    class="jasmine-passed"
	    id="spec_spec742"
	    title="SimuladorEngineService Comparison Scenarios should handle empty variations array"
	  />
	  Name "SimuladorEngineService Senior-First Formatting should format key numbers correctly":
	  <li
	    class="jasmine-passed"
	    id="spec_spec744"
	    title="SimuladorEngineService Senior-First Formatting should format key numbers correctly"
	  />
	  Name "SimuladorEngineService Senior-First Formatting should format scenario summary for seniors":
	  <li
	    class="jasmine-passed"
	    id="spec_spec743"
	    title="SimuladorEngineService Senior-First Formatting should format scenario summary for seniors"
	  />
	  Name "SimuladorEngineService Senior-First Formatting should format timeline with limited events":
	  <li
	    class="jasmine-passed"
	    id="spec_spec745"
	    title="SimuladorEngineService Senior-First Formatting should format timeline with limited events"
	  />
	  Name "SimuladorEngineService Senior-First Formatting should limit timeline to first 5 events":
	  <li
	    class="jasmine-passed"
	    id="spec_spec746"
	    title="SimuladorEngineService Senior-First Formatting should limit timeline to first 5 events"
	  />
	  Name "SimuladorEngineService EdoMex Individual Scenario should generate individual savings scenario":
	  <li
	    class="jasmine-passed"
	    id="spec_spec726"
	    title="SimuladorEngineService EdoMex Individual Scenario should generate individual savings scenario"
	  />
	  Name "SimuladorEngineService EdoMex Individual Scenario should generate progressive balance projection":
	  <li
	    class="jasmine-passed"
	    id="spec_spec728"
	    title="SimuladorEngineService EdoMex Individual Scenario should generate progressive balance projection"
	  />
	  Name "SimuladorEngineService EdoMex Individual Scenario should handle zero voluntary contribution":
	  <li
	    class="jasmine-passed"
	    id="spec_spec729"
	    title="SimuladorEngineService EdoMex Individual Scenario should handle zero voluntary contribution"
	  />
	  Name "SimuladorEngineService EdoMex Individual Scenario should calculate months to target correctly":
	  <li
	    class="jasmine-passed"
	    id="spec_spec727"
	    title="SimuladorEngineService EdoMex Individual Scenario should calculate months to target correctly"
	  />
	  Name "SimuladorEngineService EdoMex Individual Scenario should create timeline with milestone":
	  <li
	    class="jasmine-passed"
	    id="spec_spec730"
	    title="SimuladorEngineService EdoMex Individual Scenario should create timeline with milestone"
	  />
	  Name "SimuladorEngineService Scenario Optimization should handle unknown scenario type":
	  <li
	    class="jasmine-passed"
	    id="spec_spec739"
	    title="SimuladorEngineService Scenario Optimization should handle unknown scenario type"
	  />
	  Name "SimuladorEngineService Scenario Optimization should optimize EdoMex individual scenario":
	  <li
	    class="jasmine-passed"
	    id="spec_spec737"
	    title="SimuladorEngineService Scenario Optimization should optimize EdoMex individual scenario"
	  />
	  Name "SimuladorEngineService Scenario Optimization should optimize AGS liquidation scenario":
	  <li
	    class="jasmine-passed"
	    id="spec_spec736"
	    title="SimuladorEngineService Scenario Optimization should optimize AGS liquidation scenario"
	  />
	  Name "SimuladorEngineService Scenario Optimization should optimize EdoMex collective scenario":
	  <li
	    class="jasmine-passed"
	    id="spec_spec738"
	    title="SimuladorEngineService Scenario Optimization should optimize EdoMex collective scenario"
	  />
	  Name "SimuladorEngineService EdoMex Collective Scenario should handle missing first award timing":
	  <li
	    class="jasmine-passed"
	    id="spec_spec735"
	    title="SimuladorEngineService EdoMex Collective Scenario should handle missing first award timing"
	  />
	  Name "SimuladorEngineService EdoMex Collective Scenario should use first award timing from tanda simulation":
	  <li
	    class="jasmine-passed"
	    id="spec_spec734"
	    title="SimuladorEngineService EdoMex Collective Scenario should use first award timing from tanda simulation"
	  />
	  Name "SimuladorEngineService EdoMex Collective Scenario should calculate total savings target based on member count":
	  <li
	    class="jasmine-passed"
	    id="spec_spec733"
	    title="SimuladorEngineService EdoMex Collective Scenario should calculate total savings target based on member count"
	  />
	  Name "SimuladorEngineService EdoMex Collective Scenario should generate collective scenario with tanda integration":
	  <li
	    class="jasmine-passed"
	    id="spec_spec731"
	    title="SimuladorEngineService EdoMex Collective Scenario should generate collective scenario with tanda integration"
	  />
	  Name "SimuladorEngineService EdoMex Collective Scenario should calculate individual contributions correctly":
	  <li
	    class="jasmine-passed"
	    id="spec_spec732"
	    title="SimuladorEngineService EdoMex Collective Scenario should calculate individual contributions correctly"
	  />
	  Name "DataService Search Functionality should return empty results for non-matching search":
	  <li
	    class="jasmine-passed"
	    id="spec_spec351"
	    title="DataService Search Functionality should return empty results for non-matching search"
	  />
	  Name "DataService Search Functionality should perform global search":
	  <li
	    class="jasmine-passed"
	    id="spec_spec350"
	    title="DataService Search Functionality should perform global search"
	  />
	  Name "DataService Dashboard Statistics should get dashboard stats":
	  <li
	    class="jasmine-passed"
	    id="spec_spec352"
	    title="DataService Dashboard Statistics should get dashboard stats"
	  />
	  Name "DataService Data Refresh should refresh data":
	  <li
	    class="jasmine-passed"
	    id="spec_spec359"
	    title="DataService Data Refresh should refresh data"
	  />
	  Name "DataService Data Export should export scenarios":
	  <li
	    class="jasmine-failed"
	    id="spec_spec356"
	    title="DataService Data Export should export scenarios"
	  />
	  Name "DataService Data Export should export all data":
	  <li
	    class="jasmine-passed"
	    id="spec_spec355"
	    title="DataService Data Export should export all data"
	  />
	  Name "DataService Data Export should export clients as CSV":
	  <li
	    class="jasmine-passed"
	    id="spec_spec354"
	    title="DataService Data Export should export clients as CSV"
	  />
	  Name "DataService Data Export should export clients as JSON":
	  <li
	    class="jasmine-passed"
	    id="spec_spec353"
	    title="DataService Data Export should export clients as JSON"
	  />
	  Name "DataService Client Management should delete client":
	  <li
	    class="jasmine-failed"
	    id="spec_spec341"
	    title="DataService Client Management should delete client"
	  />
	  Name "DataService Client Management should handle delete of non-existent client":
	  <li
	    class="jasmine-passed"
	    id="spec_spec342"
	    title="DataService Client Management should handle delete of non-existent client"
	  />
	  Name "DataService Client Management should handle update of non-existent client":
	  <li
	    class="jasmine-passed"
	    id="spec_spec340"
	    title="DataService Client Management should handle update of non-existent client"
	  />
	  Name "DataService Client Management should return null for non-existent client ID":
	  <li
	    class="jasmine-passed"
	    id="spec_spec338"
	    title="DataService Client Management should return null for non-existent client ID"
	  />
	  Name "DataService Client Management should create a new client":
	  <li
	    class="jasmine-passed"
	    id="spec_spec336"
	    title="DataService Client Management should create a new client"
	  />
	  Name "DataService Client Management should update existing client":
	  <li
	    class="jasmine-failed"
	    id="spec_spec339"
	    title="DataService Client Management should update existing client"
	  />
	  Name "DataService Client Management should get client by ID":
	  <li
	    class="jasmine-passed"
	    id="spec_spec337"
	    title="DataService Client Management should get client by ID"
	  />
	  Name "DataService Private Helper Methods should apply sorting correctly":
	  <li
	    class="jasmine-passed"
	    id="spec_spec361"
	    title="DataService Private Helper Methods should apply sorting correctly"
	  />
	  Name "DataService Private Helper Methods should convert data to CSV":
	  <li
	    class="jasmine-passed"
	    id="spec_spec362"
	    title="DataService Private Helper Methods should convert data to CSV"
	  />
	  Name "DataService Private Helper Methods should handle empty array in CSV conversion":
	  <li
	    class="jasmine-passed"
	    id="spec_spec363"
	    title="DataService Private Helper Methods should handle empty array in CSV conversion"
	  />
	  Name "DataService Private Helper Methods should apply filters correctly":
	  <li
	    class="jasmine-failed"
	    id="spec_spec360"
	    title="DataService Private Helper Methods should apply filters correctly"
	  />
	  Name "DataService Private Helper Methods should handle CSV values with commas":
	  <li
	    class="jasmine-passed"
	    id="spec_spec364"
	    title="DataService Private Helper Methods should handle CSV values with commas"
	  />
	  Name "DataService Service Initialization should be created":
	  <li
	    class="jasmine-passed"
	    id="spec_spec334"
	    title="DataService Service Initialization should be created"
	  />
	  Name "DataService Service Initialization should initialize with demo data":
	  <li
	    class="jasmine-passed"
	    id="spec_spec335"
	    title="DataService Service Initialization should initialize with demo data"
	  />
	  Name "DataService Scenario Management should save new scenario":
	  <li
	    class="jasmine-passed"
	    id="spec_spec347"
	    title="DataService Scenario Management should save new scenario"
	  />
	  Name "DataService Scenario Management should get scenarios by client":
	  <li
	    class="jasmine-passed"
	    id="spec_spec349"
	    title="DataService Scenario Management should get scenarios by client"
	  />
	  Name "DataService Scenario Management should update existing scenario":
	  <li
	    class="jasmine-passed"
	    id="spec_spec348"
	    title="DataService Scenario Management should update existing scenario"
	  />
	  Name "DataService Client Pagination and Filtering should handle empty pagination results":
	  <li
	    class="jasmine-passed"
	    id="spec_spec344"
	    title="DataService Client Pagination and Filtering should handle empty pagination results"
	  />
	  Name "DataService Client Pagination and Filtering should get paginated clients":
	  <li
	    class="jasmine-passed"
	    id="spec_spec343"
	    title="DataService Client Pagination and Filtering should get paginated clients"
	  />
	  Name "DataService Client Pagination and Filtering should sort clients by name":
	  <li
	    class="jasmine-passed"
	    id="spec_spec346"
	    title="DataService Client Pagination and Filtering should sort clients by name"
	  />
	  Name "DataService Client Pagination and Filtering should filter clients by status":
	  <li
	    class="jasmine-passed"
	    id="spec_spec345"
	    title="DataService Client Pagination and Filtering should filter clients by status"
	  />
	  Name "DataService Error Handling should handle errors in client creation":
	  <li
	    class="jasmine-passed"
	    id="spec_spec357"
	    title="DataService Error Handling should handle errors in client creation"
	  />
	  Name "DataService Error Handling should clear errors":
	  <li
	    class="jasmine-passed"
	    id="spec_spec358"
	    title="DataService Error Handling should clear errors"
	  />
	  Name "StorageService Utility Methods should get storage statistics":
	  <li
	    class="jasmine-failed"
	    id="spec_spec773"
	    title="StorageService Utility Methods should get storage statistics"
	  />
	  Name "StorageService Utility Methods should clear cache":
	  <li
	    class="jasmine-failed"
	    id="spec_spec772"
	    title="StorageService Utility Methods should clear cache"
	  />
	  Name "StorageService Client Data Management should handle client data errors":
	  <li
	    class="jasmine-failed"
	    id="spec_spec761"
	    title="StorageService Client Data Management should handle client data errors"
	  />
	  Name "StorageService Client Data Management should return null for non-existent client":
	  <li
	    class="jasmine-failed"
	    id="spec_spec759"
	    title="StorageService Client Data Management should return null for non-existent client"
	  />
	  Name "StorageService Client Data Management should get clients by ecosystem":
	  <li
	    class="jasmine-failed"
	    id="spec_spec760"
	    title="StorageService Client Data Management should get clients by ecosystem"
	  />
	  Name "StorageService Client Data Management should save client data successfully":
	  <li
	    class="jasmine-failed"
	    id="spec_spec757"
	    title="StorageService Client Data Management should save client data successfully"
	  />
	  Name "StorageService Client Data Management should get client data by ID":
	  <li
	    class="jasmine-failed"
	    id="spec_spec758"
	    title="StorageService Client Data Management should get client data by ID"
	  />
	  Name "StorageService Error Handling should handle transaction errors":
	  <li
	    class="jasmine-failed"
	    id="spec_spec775"
	    title="StorageService Error Handling should handle transaction errors"
	  />
	  Name "StorageService Error Handling should throw error when database not initialized":
	  <li
	    class="jasmine-failed"
	    id="spec_spec774"
	    title="StorageService Error Handling should throw error when database not initialized"
	  />
	  Name "StorageService Network Status Management should update online status when going offline":
	  <li
	    class="jasmine-failed"
	    id="spec_spec777"
	    title="StorageService Network Status Management should update online status when going offline"
	  />
	  Name "StorageService Network Status Management should update online status when going online":
	  <li
	    class="jasmine-failed"
	    id="spec_spec776"
	    title="StorageService Network Status Management should update online status when going online"
	  />
	  Name "StorageService Quote Data Management should save quote data":
	  <li
	    class="jasmine-failed"
	    id="spec_spec762"
	    title="StorageService Quote Data Management should save quote data"
	  />
	  Name "StorageService Quote Data Management should get quote by ID":
	  <li
	    class="jasmine-failed"
	    id="spec_spec763"
	    title="StorageService Quote Data Management should get quote by ID"
	  />
	  Name "StorageService Quote Data Management should get quotes by client ID":
	  <li
	    class="jasmine-failed"
	    id="spec_spec764"
	    title="StorageService Quote Data Management should get quotes by client ID"
	  />
	  Name "StorageService Service Initialization should initialize IndexedDB on construction":
	  <li
	    class="jasmine-failed"
	    id="spec_spec752"
	    title="StorageService Service Initialization should initialize IndexedDB on construction"
	  />
	  Name "StorageService Service Initialization should setup online/offline event listeners":
	  <li
	    class="jasmine-failed"
	    id="spec_spec753"
	    title="StorageService Service Initialization should setup online/offline event listeners"
	  />
	  Name "StorageService Service Initialization should provide online status observable":
	  <li
	    class="jasmine-failed"
	    id="spec_spec754"
	    title="StorageService Service Initialization should provide online status observable"
	  />
	  Name "StorageService Service Initialization should be created":
	  <li
	    class="jasmine-failed"
	    id="spec_spec751"
	    title="StorageService Service Initialization should be created"
	  />
	  Name "StorageService Form Cache Management should return null for expired form cache":
	  <li
	    class="jasmine-failed"
	    id="spec_spec767"
	    title="StorageService Form Cache Management should return null for expired form cache"
	  />
	  Name "StorageService Form Cache Management should delete cached form data":
	  <li
	    class="jasmine-failed"
	    id="spec_spec768"
	    title="StorageService Form Cache Management should delete cached form data"
	  />
	  Name "StorageService Form Cache Management should cache form data with TTL":
	  <li
	    class="jasmine-failed"
	    id="spec_spec765"
	    title="StorageService Form Cache Management should cache form data with TTL"
	  />
	  Name "StorageService Form Cache Management should retrieve cached form data":
	  <li
	    class="jasmine-failed"
	    id="spec_spec766"
	    title="StorageService Form Cache Management should retrieve cached form data"
	  />
	  Name "StorageService Offline Actions Queue should remove completed action":
	  <li
	    class="jasmine-failed"
	    id="spec_spec771"
	    title="StorageService Offline Actions Queue should remove completed action"
	  />
	  Name "StorageService Offline Actions Queue should queue offline action":
	  <li
	    class="jasmine-failed"
	    id="spec_spec769"
	    title="StorageService Offline Actions Queue should queue offline action"
	  />
	  Name "StorageService Offline Actions Queue should get pending actions":
	  <li
	    class="jasmine-failed"
	    id="spec_spec770"
	    title="StorageService Offline Actions Queue should get pending actions"
	  />
	  Name "StorageService Database Schema Creation should create all required object stores on upgrade":
	  <li
	    class="jasmine-failed"
	    id="spec_spec755"
	    title="StorageService Database Schema Creation should create all required object stores on upgrade"
	  />
	  Name "StorageService Database Schema Creation should handle database initialization errors":
	  <li
	    class="jasmine-failed"
	    id="spec_spec756"
	    title="StorageService Database Schema Creation should handle database initialization errors"
	  />
	  Name "DashboardComponent should navigate to client details":
	  <li
	    class="jasmine-passed"
	    id="spec_spec973"
	    title="DashboardComponent should navigate to client details"
	  />
	  Name "DashboardComponent should get next best action data":
	  <li
	    class="jasmine-passed"
	    id="spec_spec979"
	    title="DashboardComponent should get next best action data"
	  />
	  Name "DashboardComponent should toggle view mode":
	  <li
	    class="jasmine-passed"
	    id="spec_spec975"
	    title="DashboardComponent should toggle view mode"
	  />
	  Name "DashboardComponent should clean up subscriptions on destroy":
	  <li
	    class="jasmine-passed"
	    id="spec_spec981"
	    title="DashboardComponent should clean up subscriptions on destroy"
	  />
	  Name "DashboardComponent should filter actionable clients by priority":
	  <li
	    class="jasmine-passed"
	    id="spec_spec980"
	    title="DashboardComponent should filter actionable clients by priority"
	  />
	  Name "DashboardComponent should change market selection":
	  <li
	    class="jasmine-passed"
	    id="spec_spec972"
	    title="DashboardComponent should change market selection"
	  />
	  Name "DashboardComponent should format currency correctly":
	  <li
	    class="jasmine-passed"
	    id="spec_spec978"
	    title="DashboardComponent should format currency correctly"
	  />
	  Name "DashboardComponent should load dashboard data on init":
	  <li
	    class="jasmine-passed"
	    id="spec_spec969"
	    title="DashboardComponent should load dashboard data on init"
	  />
	  Name "DashboardComponent should create":
	  <li
	    class="jasmine-passed"
	    id="spec_spec968"
	    title="DashboardComponent should create"
	  />
	  Name "DashboardComponent should handle error in dashboard data loading":
	  <li
	    class="jasmine-passed"
	    id="spec_spec976"
	    title="DashboardComponent should handle error in dashboard data loading"
	  />
	  Name "DashboardComponent should calculate completion percentage correctly":
	  <li
	    class="jasmine-passed"
	    id="spec_spec977"
	    title="DashboardComponent should calculate completion percentage correctly"
	  />
	  Name "DashboardComponent should display dashboard stats correctly":
	  <li
	    class="jasmine-passed"
	    id="spec_spec970"
	    title="DashboardComponent should display dashboard stats correctly"
	  />
	  Name "DashboardComponent should navigate to opportunities pipeline":
	  <li
	    class="jasmine-passed"
	    id="spec_spec974"
	    title="DashboardComponent should navigate to opportunities pipeline"
	  />
	  Name "DashboardComponent should handle activity feed data":
	  <li
	    class="jasmine-passed"
	    id="spec_spec971"
	    title="DashboardComponent should handle activity feed data"
	  />
	  Name "ApiService Cache Management should update cache when updating client":
	  <li
	    class="jasmine-passed"
	    id="spec_spec47"
	    title="ApiService Cache Management should update cache when updating client"
	  />
	  Name "ApiService Cache Management should update cache when deleting client":
	  <li
	    class="jasmine-passed"
	    id="spec_spec48"
	    title="ApiService Cache Management should update cache when deleting client"
	  />
	  Name "ApiService Cache Management should update cache when getting clients":
	  <li
	    class="jasmine-passed"
	    id="spec_spec45"
	    title="ApiService Cache Management should update cache when getting clients"
	  />
	  Name "ApiService Cache Management should update cache when creating client":
	  <li
	    class="jasmine-passed"
	    id="spec_spec46"
	    title="ApiService Cache Management should update cache when creating client"
	  />
	  Name "ApiService Document Operations should get client documents from real API":
	  <li
	    class="jasmine-passed"
	    id="spec_spec34"
	    title="ApiService Document Operations should get client documents from real API"
	  />
	  Name "ApiService Document Operations should upload document with mock data":
	  <li
	    class="jasmine-failed"
	    id="spec_spec31"
	    title="ApiService Document Operations should upload document with mock data"
	  />
	  Name "ApiService Document Operations should upload document via real API":
	  <li
	    class="jasmine-passed"
	    id="spec_spec32"
	    title="ApiService Document Operations should upload document via real API"
	  />
	  Name "ApiService Document Operations should get client documents with mock data":
	  <li
	    class="jasmine-passed"
	    id="spec_spec33"
	    title="ApiService Document Operations should get client documents with mock data"
	  />
	  Name "ApiService Quote Operations should create quote with mock data":
	  <li
	    class="jasmine-passed"
	    id="spec_spec27"
	    title="ApiService Quote Operations should create quote with mock data"
	  />
	  Name "ApiService Quote Operations should get client quotes from real API":
	  <li
	    class="jasmine-passed"
	    id="spec_spec30"
	    title="ApiService Quote Operations should get client quotes from real API"
	  />
	  Name "ApiService Quote Operations should create quote via real API":
	  <li
	    class="jasmine-passed"
	    id="spec_spec28"
	    title="ApiService Quote Operations should create quote via real API"
	  />
	  Name "ApiService Quote Operations should get client quotes with mock data":
	  <li
	    class="jasmine-passed"
	    id="spec_spec29"
	    title="ApiService Quote Operations should get client quotes with mock data"
	  />
	  Name "ApiService Client Operations - Real API Mode should get clients from real API":
	  <li
	    class="jasmine-passed"
	    id="spec_spec22"
	    title="ApiService Client Operations - Real API Mode should get clients from real API"
	  />
	  Name "ApiService Client Operations - Real API Mode should get client by ID from real API":
	  <li
	    class="jasmine-passed"
	    id="spec_spec23"
	    title="ApiService Client Operations - Real API Mode should get client by ID from real API"
	  />
	  Name "ApiService Client Operations - Real API Mode should create client via real API":
	  <li
	    class="jasmine-passed"
	    id="spec_spec24"
	    title="ApiService Client Operations - Real API Mode should create client via real API"
	  />
	  Name "ApiService Client Operations - Real API Mode should update client via real API":
	  <li
	    class="jasmine-passed"
	    id="spec_spec25"
	    title="ApiService Client Operations - Real API Mode should update client via real API"
	  />
	  Name "ApiService Client Operations - Real API Mode should delete client via real API":
	  <li
	    class="jasmine-passed"
	    id="spec_spec26"
	    title="ApiService Client Operations - Real API Mode should delete client via real API"
	  />
	  Name "ApiService Client Operations - Mock Mode should get client by ID with mock data":
	  <li
	    class="jasmine-passed"
	    id="spec_spec17"
	    title="ApiService Client Operations - Mock Mode should get client by ID with mock data"
	  />
	  Name "ApiService Client Operations - Mock Mode should filter clients by search term":
	  <li
	    class="jasmine-passed"
	    id="spec_spec16"
	    title="ApiService Client Operations - Mock Mode should filter clients by search term"
	  />
	  Name "ApiService Client Operations - Mock Mode should update client with mock data":
	  <li
	    class="jasmine-passed"
	    id="spec_spec20"
	    title="ApiService Client Operations - Mock Mode should update client with mock data"
	  />
	  Name "ApiService Client Operations - Mock Mode should filter clients by market":
	  <li
	    class="jasmine-passed"
	    id="spec_spec15"
	    title="ApiService Client Operations - Mock Mode should filter clients by market"
	  />
	  Name "ApiService Client Operations - Mock Mode should delete client with mock data":
	  <li
	    class="jasmine-passed"
	    id="spec_spec21"
	    title="ApiService Client Operations - Mock Mode should delete client with mock data"
	  />
	  Name "ApiService Client Operations - Mock Mode should get clients with mock data":
	  <li
	    class="jasmine-passed"
	    id="spec_spec14"
	    title="ApiService Client Operations - Mock Mode should get clients with mock data"
	  />
	  Name "ApiService Client Operations - Mock Mode should create client with mock data":
	  <li
	    class="jasmine-passed"
	    id="spec_spec19"
	    title="ApiService Client Operations - Mock Mode should create client with mock data"
	  />
	  Name "ApiService Client Operations - Mock Mode should return null for non-existent client ID":
	  <li
	    class="jasmine-passed"
	    id="spec_spec18"
	    title="ApiService Client Operations - Mock Mode should return null for non-existent client ID"
	  />
	  Name "ApiService Error Handling should return null for missing client data":
	  <li
	    class="jasmine-passed"
	    id="spec_spec43"
	    title="ApiService Error Handling should return null for missing client data"
	  />
	  Name "ApiService Error Handling should handle API errors when creating client":
	  <li
	    class="jasmine-passed"
	    id="spec_spec42"
	    title="ApiService Error Handling should handle API errors when creating client"
	  />
	  Name "ApiService Error Handling should return empty array for missing clients data":
	  <li
	    class="jasmine-passed"
	    id="spec_spec44"
	    title="ApiService Error Handling should return empty array for missing clients data"
	  />
	  Name "ApiService Error Handling should handle API errors when getting clients":
	  <li
	    class="jasmine-passed"
	    id="spec_spec41"
	    title="ApiService Error Handling should handle API errors when getting clients"
	  />
	  Name "ApiService Service Initialization should initialize clients cache as empty array":
	  <li
	    class="jasmine-passed"
	    id="spec_spec13"
	    title="ApiService Service Initialization should initialize clients cache as empty array"
	  />
	  Name "ApiService Service Initialization should be created":
	  <li
	    class="jasmine-passed"
	    id="spec_spec12"
	    title="ApiService Service Initialization should be created"
	  />
	  Name "ApiService Utility Methods should generate default documents for CreditoColectivo flow":
	  <li
	    class="jasmine-passed"
	    id="spec_spec40"
	    title="ApiService Utility Methods should generate default documents for CreditoColectivo flow"
	  />
	  Name "ApiService Utility Methods should clear cache":
	  <li
	    class="jasmine-passed"
	    id="spec_spec38"
	    title="ApiService Utility Methods should clear cache"
	  />
	  Name "ApiService Utility Methods should check API health":
	  <li
	    class="jasmine-passed"
	    id="spec_spec37"
	    title="ApiService Utility Methods should check API health"
	  />
	  Name "ApiService Utility Methods should generate default documents for VentaPlazo flow":
	  <li
	    class="jasmine-passed"
	    id="spec_spec39"
	    title="ApiService Utility Methods should generate default documents for VentaPlazo flow"
	  />
	  Name "ApiService Event Operations should add client event with mock data":
	  <li
	    class="jasmine-passed"
	    id="spec_spec35"
	    title="ApiService Event Operations should add client event with mock data"
	  />
	  Name "ApiService Event Operations should add client event via real API":
	  <li
	    class="jasmine-passed"
	    id="spec_spec36"
	    title="ApiService Event Operations should add client event via real API"
	  />
	  --------------------------------------------------banner:
	  Name "":
	  <header
	    _ngcontent-a-c3637498237=""
	    class="form-header"
	  />
	  --------------------------------------------------
	  button:
	  Name "← Volver":
	  <button
	    _ngcontent-a-c3637498237=""
	    class="back-button"
	  />
	  Name "Cancelar":
	  <button
	    _ngcontent-a-c3637498237=""
	    class="btn-secondary"
	    type="button"
	  />
	  Name "Crear Cliente":
	  <button
	    _ngcontent-a-c3637498237=""
	    class="btn-primary"
	    disabled=""
	    type="submit"
	  />
	  --------------------------------------------------
	  heading:
	  Name "➕ Nuevo Cliente":
	  <h1
	    _ngcontent-a-c3637498237=""
	    class="page-title"
	  />
	  Name "👤 Información Personal":
	  <h2
	    _ngcontent-a-c3637498237=""
	    class="section-title"
	  />
	  Name "🚐 Información de Negocio":
	  <h2
	    _ngcontent-a-c3637498237=""
	    class="section-title"
	  />
	  --------------------------------------------------
	  textbox:
	  Name "Nombre Completo *":
	  <input
	    _ngcontent-a-c3637498237=""
	    class="form-input ng-untouched ng-pristine ng-invalid"
	    formcontrolname="name"
	    id="name"
	    ng-reflect-name="name"
	    placeholder="Ej. Juan Pérez García"
	    type="text"
	  />
	  Name "Correo Electrónico *":
	  <input
	    _ngcontent-a-c3637498237=""
	    class="form-input ng-untouched ng-pristine ng-invalid"
	    formcontrolname="email"
	    id="email"
	    ng-reflect-name="email"
	    placeholder="juan@ejemplo.com"
	    type="email"
	  />
	  Name "Teléfono *":
	  <input
	    _ngcontent-a-c3637498237=""
	    class="form-input ng-untouched ng-pristine ng-invalid"
	    formcontrolname="phone"
	    id="phone"
	    ng-reflect-name="phone"
	    placeholder="5555555555"
	    type="tel"
	  />
	  Name "RFC":
	  <input
	    _ngcontent-a-c3637498237=""
	    class="form-input ng-untouched ng-pristine ng-valid"
	    formcontrolname="rfc"
	    id="rfc"
	    ng-reflect-name="rfc"
	    placeholder="XAXX010101000"
	    type="text"
	  />
	  Name "Notas Adicionales":
	  <textarea
	    _ngcontent-a-c3637498237=""
	    class="form-textarea ng-untouched ng-pristine ng-valid"
	    formcontrolname="notes"
	    id="notes"
	    ng-reflect-name="notes"
	    placeholder="Información adicional sobre el cliente..."
	    rows="3"
	  />
	  --------------------------------------------------
	  combobox:
	  Name "Mercado *":
	  <select
	    _ngcontent-a-c3637498237=""
	    class="form-select ng-untouched ng-pristine ng-invalid"
	    formcontrolname="market"
	    id="market"
	    ng-reflect-name="market"
	  />
	  Name "Tipo de Producto *":
	  <select
	    _ngcontent-a-c3637498237=""
	    class="form-select ng-untouched ng-pristine ng-invalid"
	    formcontrolname="flow"
	    id="flow"
	    ng-reflect-name="flow"
	  />
	  --------------------------------------------------
	  option:
	  Name "Seleccionar mercado":
	  <option
	    _ngcontent-a-c3637498237=""
	    ng-reflect-value=""
	    value=""
	  />
	  Name "Aguascalientes":
	  <option
	    _ngcontent-a-c3637498237=""
	    ng-reflect-value="aguascalientes"
	    value="aguascalientes"
	  />
	  Name "Estado de México":
	  <option
	    _ngcontent-a-c3637498237=""
	    ng-reflect-value="edomex"
	    value="edomex"
	  />
	  Name "Seleccionar producto":
	  <option
	    _ngcontent-a-c3637498237=""
	    ng-reflect-value=""
	    value=""
	  />
	  Name "Venta a Plazo":
	  <option
	    _ngcontent-a-c3637498237=""
	    ng-reflect-value="Venta a Plazo"
	    value="Venta a Plazo"
	  />
	  Name "Plan de Ahorro":
	  <option
	    _ngcontent-a-c3637498237=""
	    ng-reflect-value="Plan de Ahorro"
	    value="Plan de Ahorro"
	  />
	  Name "Crédito Colectivo":
	  <option
	    _ngcontent-a-c3637498237=""
	    ng-reflect-value="Crédito Colectivo"
	    value="Crédito Colectivo"
	  />
	  Name "Venta Directa":
	  <option
	    _ngcontent-a-c3637498237=""
	    ng-reflect-value="Venta Directa"
	    value="Venta Directa"
	  />
	  --------------------------------------------------
	Ignored nodes: comments, script, style
	<body>
	  
	    
	  
	    
	  
	    
	  
	    
	  
	    
	  
	    
	  
	    
	  
	  
	  
	  
	  
	  <link
	    crossorigin="anonymous"
	    rel="stylesheet"
	    type="text/css"
	  />
	  
	  
	  
	  <div
	    class="jasmine_html-reporter"
	  >
	    <div
	      class="jasmine-banner"
	    >
	      <a
	        class="jasmine-title"
	        href="http://jasmine.github.io/"
	        target="_blank"
	      />
	      <span
	        class="jasmine-version"
	      >
	        4.6.1
	      </span>
	    </div>
	    <ul
	      class="jasmine-symbol-summary"
	    >
	      <li
	        class="jasmine-passed"
	        id="spec_spec478"
	        title="LoadingService Service Initialization should return false for initial isLoading state"
	      />
	      <li
	        class="jasmine-passed"
	        id="spec_spec477"
	        title="LoadingService Service Initialization should initialize with loading false"
	      />
	      <li
	        class="jasmine-passed"
	        id="spec_spec476"
	        title="LoadingService Service Initialization should be created"
	      />
	      <li
	        class="jasmine-passed"
	        id="spec_spec479"
	        title="LoadingService Basic Loading Control should show loading"
	      />
	      <li
	        class="jasmine-passed"
	        id="spec_spec482"
	        title="LoadingService Basic Loading Control should not hide loading when already hidden"
	      />
	      <li
	        class="jasmine-passed"
	        id="spec_spec481"
	        title="LoadingService Basic Loading Control should not show loading multiple times without identifiers"
	      />
	      <li
	        class="jasmine-passed"
	        id="spec_spec480"
	        title="LoadingService Basic Loading Control should hide loading"
	      />
	      <li
	        class="jasmine-passed"
	        id="spec_spec488"
	        title="LoadingService Identifier-based Loading Control should handle hiding identifier multiple times"
	      />
	      <li
	        class="jasmine-passed"
	        id="spec_spec487"
	        title="LoadingService Identifier-based Loading Control should handle hiding non-existent identifier"
	      />
	      <li
	        class="jasmine-passed"
	        id="spec_spec483"
	        title="LoadingService Identifier-based Loading Control should show loading with identifier"
	      />
	      <li
	        class="jasmine-passed"
	        id="spec_spec486"
	        title="LoadingService Identifier-based Loading Control should not add duplicate identifiers"
	      />
	      <li
	        class="jasmine-passed"
	        id="spec_spec485"
	        title="LoadingService Identifier-based Loading Control should manage multiple identifiers"
	      />
	      <li
	        class="jasmine-passed"
	        id="spec_spec484"
	        title="LoadingService Identifier-based Loading Control should hide loading with identifier"
	      />
	      <li
	        class="jasmine-passed"
	        id="spec_spec503"
	        title="LoadingService Observable Behavior should support multiple subscribers"
	      />
	      <li
	        class="jasmine-passed"
	        id="spec_spec501"
	        title="LoadingService Observable Behavior should emit loading state changes"
	      />
	      <li
	        class="jasmine-passed"
	        id="spec_spec502"
	        title="LoadingService Observable Behavior should not emit duplicate states"
	      />
	      <li
	        class="jasmine-passed"
	        id="spec_spec496"
	        title="LoadingService SetLoading Alias Method should work without identifier"
	      />
	      <li
	        class="jasmine-passed"
	        id="spec_spec495"
	        title="LoadingService SetLoading Alias Method should hide loading when setLoading(false)"
	      />
	      <li
	        class="jasmine-passed"
	        id="spec_spec494"
	        title="LoadingService SetLoading Alias Method should show loading when setLoading(true)"
	      />
	      <li
	        class="jasmine-passed"
	        id="spec_spec498"
	        title="LoadingService Edge Cases and Error Handling should handle mixed identifier and non-identifier operations"
	      />
	      <li
	        class="jasmine-passed"
	        id="spec_spec497"
	        title="LoadingService Edge Cases and Error Handling should handle rapid show/hide calls"
	      />
	      <li
	        class="jasmine-passed"
	        id="spec_spec500"
	        title="LoadingService Edge Cases and Error Handling should maintain state consistency after force hide"
	      />
	      <li
	        class="jasmine-passed"
	        id="spec_spec499"
	        title="LoadingService Edge Cases and Error Handling should handle empty string identifier"
	      />
	      <li
	        class="jasmine-passed"
	        id="spec_spec489"
	        title="LoadingService Force Hide Functionality should force hide loading even with active identifiers"
	      />
	      <li
	        class="jasmine-passed"
	        id="spec_spec490"
	        title="LoadingService Force Hide Functionality should clear all identifiers on force hide"
	      />
	      <li
	        class="jasmine-passed"
	        id="spec_spec492"
	        title="LoadingService Duration-based Loading should show loading for duration with identifier"
	      />
	      <li
	        class="jasmine-passed"
	        id="spec_spec491"
	        title="LoadingService Duration-based Loading should show loading for specific duration"
	      />
	      <li
	        class="jasmine-passed"
	        id="spec_spec493"
	        title="LoadingService Duration-based Loading should handle multiple timed operations"
	      />
	      <li
	        class="jasmine-passed"
	        id="spec_spec53"
	        title="AuthService Login Functionality should fail login with invalid credentials"
	      />
	      <li
	        class="jasmine-passed"
	        id="spec_spec52"
	        title="AuthService Login Functionality should login with valid demo credentials"
	      />
	      <li
	        class="jasmine-passed"
	        id="spec_spec56"
	        title="AuthService Login Functionality should store token in localStorage after successful login"
	      />
	      <li
	        class="jasmine-passed"
	        id="spec_spec55"
	        title="AuthService Login Functionality should set user as authenticated after successful login"
	      />
	      <li
	        class="jasmine-passed"
	        id="spec_spec54"
	        title="AuthService Login Functionality should fail login with non-corporate email"
	      />
	      <li
	        class="jasmine-passed"
	        id="spec_spec51"
	        title="AuthService Basic Service Setup should initialize as not authenticated"
	      />
	      <li
	        class="jasmine-passed"
	        id="spec_spec49"
	        title="AuthService Basic Service Setup should be created"
	      />
	      <li
	        class="jasmine-passed"
	        id="spec_spec50"
	        title="AuthService Basic Service Setup should initialize with no authenticated user"
	      />
	      <li
	        class="jasmine-passed"
	        id="spec_spec75"
	        title="AuthService Logout Functionality should clear user data on logout"
	      />
	      <li
	        class="jasmine-passed"
	   ...
	    at Object.getElementError (node_modules/@testing-library/dom/dist/@testing-library/dom.esm.js:339:19)
	    at allQuery (node_modules/@testing-library/dom/dist/@testing-library/dom.esm.js:1206:25)
	    at query (node_modules/@testing-library/dom/dist/@testing-library/dom.esm.js:1185:17)
	    at getByRole (node_modules/@testing-library/dom/dist/@testing-library/dom.esm.js:1228:19)
	    at UserContext.<anonymous> (src/app/components/pages/clientes/cliente-form.component.spec.ts:293:19)
	    at Generator.next (<anonymous>)
	    at asyncGeneratorStep (node_modules/@angular-devkit/build-angular/node_modules/@babel/runtime/helpers/esm/asyncToGenerator.js:3:1)
	    at apply (node_modules/@angular-devkit/build-angular/node_modules/@babel/runtime/helpers/esm/asyncToGenerator.js:17:1)
	    at _ZoneDelegate.invoke (node_modules/zone.js/fesm2015/zone.js:369:28)
	    at ProxyZoneSpec.onInvoke (node_modules/zone.js/fesm2015/zone-testing.js:2081:39)
Chrome Headless 140.0.0.0 (Mac OS 10.15.7): Executed 781 of 985[31m (132 FAILED)[39m (skipped 2) (0 secs / 1 min 56.04 secs)
[1A[2KChrome Headless 140.0.0.0 (Mac OS 10.15.7): Executed 782 of 985[31m (132 FAILED)[39m (skipped 2) (0 secs / 1 min 56.306 secs)
[1A[2KChrome Headless 140.0.0.0 (Mac OS 10.15.7): Executed 783 of 985[31m (132 FAILED)[39m (skipped 2) (0 secs / 1 min 56.313 secs)
[1A[2K[31mChrome Headless 140.0.0.0 (Mac OS 10.15.7) ClienteFormComponent Integration Tests should submit form with valid data FAILED[39m
	TestingLibraryElementError: Unable to find an accessible element with the role "button" and name `/guardar/i`
	
	Here are the accessible roles:
	
	  link:
	
	  Name "":
	  <a
	    class="jasmine-title"
	    href="http://jasmine.github.io/"
	    target="_blank"
	  />
	
	  --------------------------------------------------
	  list:
	
	  Name "":
	  <ul
	    class="jasmine-symbol-summary"
	  />
	
	  --------------------------------------------------
	  listitem:
	
	  Name "LoadingService Service Initialization should return false for initial isLoading state":
	  <li
	    class="jasmine-passed"
	    id="spec_spec478"
	    title="LoadingService Service Initialization should return false for initial isLoading state"
	  />
	
	  Name "LoadingService Service Initialization should initialize with loading false":
	  <li
	    class="jasmine-passed"
	    id="spec_spec477"
	    title="LoadingService Service Initialization should initialize with loading false"
	  />
	
	  Name "LoadingService Service Initialization should be created":
	  <li
	    class="jasmine-passed"
	    id="spec_spec476"
	    title="LoadingService Service Initialization should be created"
	  />
	
	  Name "LoadingService Basic Loading Control should show loading":
	  <li
	    class="jasmine-passed"
	    id="spec_spec479"
	    title="LoadingService Basic Loading Control should show loading"
	  />
	
	  Name "LoadingService Basic Loading Control should not hide loading when already hidden":
	  <li
	    class="jasmine-passed"
	    id="spec_spec482"
	    title="LoadingService Basic Loading Control should not hide loading when already hidden"
	  />
	
	  Name "LoadingService Basic Loading Control should not show loading multiple times without identifiers":
	  <li
	    class="jasmine-passed"
	    id="spec_spec481"
	    title="LoadingService Basic Loading Control should not show loading multiple times without identifiers"
	  />
	
	  Name "LoadingService Basic Loading Control should hide loading":
	  <li
	    class="jasmine-passed"
	    id="spec_spec480"
	    title="LoadingService Basic Loading Control should hide loading"
	  />
	
	  Name "LoadingService Identifier-based Loading Control should handle hiding identifier multiple times":
	  <li
	    class="jasmine-passed"
	    id="spec_spec488"
	    title="LoadingService Identifier-based Loading Control should handle hiding identifier multiple times"
	  />
	
	  Name "LoadingService Identifier-based Loading Control should handle hiding non-existent identifier":
	  <li
	    class="jasmine-passed"
	    id="spec_spec487"
	    title="LoadingService Identifier-based Loading Control should handle hiding non-existent identifier"
	  />
	
	  Name "LoadingService Identifier-based Loading Control should show loading with identifier":
	  <li
	    class="jasmine-passed"
	    id="spec_spec483"
	    title="LoadingService Identifier-based Loading Control should show loading with identifier"
	  />
	
	  Name "LoadingService Identifier-based Loading Control should not add duplicate identifiers":
	  <li
	    class="jasmine-passed"
	    id="spec_spec486"
	    title="LoadingService Identifier-based Loading Control should not add duplicate identifiers"
	  />
	
	  Name "LoadingService Identifier-based Loading Control should manage multiple identifiers":
	  <li
	    class="jasmine-passed"
	    id="spec_spec485"
	    title="LoadingService Identifier-based Loading Control should manage multiple identifiers"
	  />
	
	  Name "LoadingService Identifier-based Loading Control should hide loading with identifier":
	  <li
	    class="jasmine-passed"
	    id="spec_spec484"
	    title="LoadingService Identifier-based Loading Control should hide loading with identifier"
	  />
	
	  Name "LoadingService Observable Behavior should support multiple subscribers":
	  <li
	    class="jasmine-passed"
	    id="spec_spec503"
	    title="LoadingService Observable Behavior should support multiple subscribers"
	  />
	
	  Name "LoadingService Observable Behavior should emit loading state changes":
	  <li
	    class="jasmine-passed"
	    id="spec_spec501"
	    title="LoadingService Observable Behavior should emit loading state changes"
	  />
	
	  Name "LoadingService Observable Behavior should not emit duplicate states":
	  <li
	    class="jasmine-passed"
	    id="spec_spec502"
	    title="LoadingService Observable Behavior should not emit duplicate states"
	  />
	
	  Name "LoadingService SetLoading Alias Method should work without identifier":
	  <li
	    class="jasmine-passed"
	    id="spec_spec496"
	    title="LoadingService SetLoading Alias Method should work without identifier"
	  />
	
	  Name "LoadingService SetLoading Alias Method should hide loading when setLoading(false)":
	  <li
	    class="jasmine-passed"
	    id="spec_spec495"
	    title="LoadingService SetLoading Alias Method should hide loading when setLoading(false)"
	  />
	
	  Name "LoadingService SetLoading Alias Method should show loading when setLoading(true)":
	  <li
	    class="jasmine-passed"
	    id="spec_spec494"
	    title="LoadingService SetLoading Alias Method should show loading when setLoading(true)"
	  />
	
	  Name "LoadingService Edge Cases and Error Handling should handle mixed identifier and non-identifier operations":
	  <li
	    class="jasmine-passed"
	    id="spec_spec498"
	    title="LoadingService Edge Cases and Error Handling should handle mixed identifier and non-identifier operations"
	  />
	
	  Name "LoadingService Edge Cases and Error Handling should handle rapid show/hide calls":
	  <li
	    class="jasmine-passed"
	    id="spec_spec497"
	    title="LoadingService Edge Cases and Error Handling should handle rapid show/hide calls"
	  />
	
	  Name "LoadingService Edge Cases and Error Handling should maintain state consistency after force hide":
	  <li
	    class="jasmine-passed"
	    id="spec_spec500"
	    title="LoadingService Edge Cases and Error Handling should maintain state consistency after force hide"
	  />
	
	  Name "LoadingService Edge Cases and Error Handling should handle empty string identifier":
	  <li
	    class="jasmine-passed"
	    id="spec_spec499"
	    title="LoadingService Edge Cases and Error Handling should handle empty string identifier"
	  />
	
	  Name "LoadingService Force Hide Functionality should force hide loading even with active identifiers":
	  <li
	    class="jasmine-passed"
	    id="spec_spec489"
	    title="LoadingService Force Hide Functionality should force hide loading even with active identifiers"
	  />
	
	  Name "LoadingService Force Hide Functionality should clear all identifiers on force hide":
	  <li
	    class="jasmine-passed"
	    id="spec_spec490"
	    title="LoadingService Force Hide Functionality should clear all identifiers on force hide"
	  />
	
	  Name "LoadingService Duration-based Loading should show loading for duration with identifier":
	  <li
	    class="jasmine-passed"
	    id="spec_spec492"
	    title="LoadingService Duration-based Loading should show loading for duration with identifier"
	  />
	
	  Name "LoadingService Duration-based Loading should show loading for specific duration":
	  <li
	    class="jasmine-passed"
	    id="spec_spec491"
	    title="LoadingService Duration-based Loading should show loading for specific duration"
	  />
	
	  Name "LoadingService Duration-based Loading should handle multiple timed operations":
	  <li
	    class="jasmine-passed"
	    id="spec_spec493"
	    title="LoadingService Duration-based Loading should handle multiple timed operations"
	  />
	
	  Name "AuthService Login Functionality should fail login with invalid credentials":
	  <li
	    class="jasmine-passed"
	    id="spec_spec53"
	    title="AuthService Login Functionality should fail login with invalid credentials"
	  />
	
	  Name "AuthService Login Functionality should login with valid demo credentials":
	  <li
	    class="jasmine-passed"
	    id="spec_spec52"
	    title="AuthService Login Functionality should login with valid demo credentials"
	  />
	
	  Name "AuthService Login Functionality should store token in localStorage after successful login":
	  <li
	    class="jasmine-passed"
	    id="spec_spec56"
	    title="AuthService Login Functionality should store token in localStorage after successful login"
	  />
	
	  Name "AuthService Login Functionality should set user as authenticated after successful login":
	  <li
	    class="jasmine-passed"
	    id="spec_spec55"
	    title="AuthService Login Functionality should set user as authenticated after successful login"
	  />
	
	  Name "AuthService Login Functionality should fail login with non-corporate email":
	  <li
	    class="jasmine-passed"
	    id="spec_spec54"
	    title="AuthService Login Functionality should fail login with non-corporate email"
	  />
	
	  Name "AuthService Basic Service Setup should initialize as not authenticated":
	  <li
	    class="jasmine-passed"
	    id="spec_spec51"
	    title="AuthService Basic Service Setup should initialize as not authenticated"
	  />
	
	  Name "AuthService Basic Service Setup should be created":
	  <li
	    class="jasmine-passed"
	    id="spec_spec49"
	    title="AuthService Basic Service Setup should be created"
	  />
	
	  Name "AuthService Basic Service Setup should initialize with no authenticated user":
	  <li
	    class="jasmine-passed"
	    id="spec_spec50"
	    title="AuthService Basic Service Setup should initialize with no authenticated user"
	  />
	
	  Name "AuthService Logout Functionality should clear user data on logout":
	  <li
	    class="jasmine-passed"
	    id="spec_spec75"
	    title="AuthService Logout Functionality should clear user data on logout"
	  />
	
	  Name "AuthService Logout Functionality should clear authentication state on logout":
	  <li
	    class="jasmine-passed"
	    id="spec_spec74"
	    title="AuthService Logout Functionality should clear authentication state on logout"
	  />
	
	  Name "AuthService Logout Functionality should remove token from localStorage on logout":
	  <li
	    class="jasmine-passed"
	    id="spec_spec76"
	    title="AuthService Logout Functionality should remove token from localStorage on logout"
	  />
	
	  Name "AuthService Email Availability Check should return available for new email":
	  <li
	    class="jasmine-passed"
	    id="spec_spec71"
	    title="AuthService Email Availability Check should return available for new email"
	  />
	
	  Name "AuthService Email Availability Check should return not available for pending registration email":
	  <li
	    class="jasmine-passed"
	    id="spec_spec73"
	    title="AuthService Email Availability Check should return not available for pending registration email"
	  />
	
	  Name "AuthService Email Availability Check should return not available for existing email":
	  <li
	    class="jasmine-passed"
	    id="spec_spec72"
	    title="AuthService Email Availability Check should return not available for existing email"
	  />
	
	  Name "AuthService Email Verification should successfully verify email with valid token":
	  <li
	    class="jasmine-passed"
	    id="spec_spec68"
	    title="AuthService Email Verification should successfully verify email with valid token"
	  />
	
	  Name "AuthService Email Verification should fail verification with invalid token":
	  <li
	    class="jasmine-passed"
	    id="spec_spec69"
	    title="AuthService Email Verification should fail verification with invalid token"
	  />
	
	  Name "AuthService Email Verification should update registration status after verification":
	  <li
	    class="jasmine-passed"
	    id="spec_spec70"
	    title="AuthService Email Verification should update registration status after verification"
	  />
	
	  Name "AuthService Token Management should detect old token as expired":
	  <li
	    class="jasmine-passed"
	    id="spec_spec59"
	    title="AuthService Token Management should detect old token as expired"
	  />
	
	  Name "AuthService Token Management should detect valid token as not expired":
	  <li
	    class="jasmine-failed"
	    id="spec_spec58"
	    title="AuthService Token Management should detect valid token as not expired"
	  />
	
	  Name "AuthService Token Management should detect invalid token format as expired":
	  <li
	    class="jasmine-passed"
	    id="spec_spec60"
	    title="AuthService Token Management should detect invalid token format as expired"
	  />
	
	  Name "AuthService Token Management should retrieve stored token":
	  <li
	    class="jasmine-passed"
	    id="spec_spec57"
	    title="AuthService Token Management should retrieve stored token"
	  />
	
	  Name "AuthService Registration Functionality should fail registration without privacy acceptance":
	  <li
	    class="jasmine-passed"
	    id="spec_spec63"
	    title="AuthService Registration Functionality should fail registration without privacy acceptance"
	  />
	
	  Name "AuthService Registration Functionality should successfully register with valid data":
	  <li
	    class="jasmine-passed"
	    id="spec_spec61"
	    title="AuthService Registration Functionality should successfully register with valid data"
	  />
	
	  Name "AuthService Registration Functionality should fail registration without terms acceptance":
	  <li
	    class="jasmine-passed"
	    id="spec_spec62"
	    title="AuthService Registration Functionality should fail registration without terms acceptance"
	  />
	
	  Name "AuthService Registration Functionality should fail registration with non-corporate email":
	  <li
	    class="jasmine-passed"
	    id="spec_spec65"
	    title="AuthService Registration Functionality should fail registration with non-corporate email"
	  />
	
	  Name "AuthService Registration Functionality should fail registration with existing email":
	  <li
	    class="jasmine-passed"
	    id="spec_spec66"
	    title="AuthService Registration Functionality should fail registration with existing email"
	  />
	
	  Name "AuthService Registration Functionality should fail registration with mismatched passwords":
	  <li
	    class="jasmine-passed"
	    id="spec_spec64"
	    title="AuthService Registration Functionality should fail registration with mismatched passwords"
	  />
	
	  Name "AuthService Registration Functionality should store pending registration in localStorage":
	  <li
	    class="jasmine-passed"
	    id="spec_spec67"
	    title="AuthService Registration Functionality should store pending registration in localStorage"
	  />
	
	  Name "CreditScoringService Service Initialization should have SCORING_CONFIG defined":
	  <li
	    class="jasmine-failed"
	    id="spec_spec296"
	    title="CreditScoringService Service Initialization should have SCORING_CONFIG defined"
	  />
	
	  Name "CreditScoringService Service Initialization should initialize internal storage maps":
	  <li
	    class="jasmine-failed"
	    id="spec_spec297"
	    title="CreditScoringService Service Initialization should initialize internal storage maps"
	  />
	
	  Name "CreditScoringService Service Initialization should be created":
	  <li
	    class="jasmine-failed"
	    id="spec_spec295"
	    title="CreditScoringService Service Initialization should be created"
	  />
	
	  Name "CreditScoringService Scoring Recommendations should get VentaDirecta recommendations":
	  <li
	    class="jasmine-failed"
	    id="spec_spec308"
	    title="CreditScoringService Scoring Recommendations should get VentaDirecta recommendations"
	  />
	
	  Name "CreditScoringService Scoring Recommendations should get CreditoColectivo recommendations":
	  <li
	    class="jasmine-failed"
	    id="spec_spec311"
	    title="CreditScoringService Scoring Recommendations should get CreditoColectivo recommendations"
	  />
	
	  Name "CreditScoringService Scoring Recommendations should get AhorroProgramado recommendations":
	  <li
	    class="jasmine-failed"
	    id="spec_spec312"
	    title="CreditScoringService Scoring Recommendations should get AhorroProgramado recommendations"
	  />
	
	  Name "CreditScoringService Scoring Recommendations should get VentaPlazo recommendations for AGS":
	  <li
	    class="jasmine-failed"
	    id="spec_spec309"
	    title="CreditScoringService Scoring Recommendations should get VentaPlazo recommendations for AGS"
	  />
	
	  Name "CreditScoringService Scoring Recommendations should return default recommendations for unknown flow":
	  <li
	    class="jasmine-failed"
	    id="spec_spec313"
	    title="CreditScoringService Scoring Recommendations should return default recommendations for unknown flow"
	  />
	
	  Name "CreditScoringService Scoring Recommendations should get VentaPlazo recommendations for EdoMex":
	  <li
	    class="jasmine-failed"
	    id="spec_spec310"
	    title="CreditScoringService Scoring Recommendations should get VentaPlazo recommendations for EdoMex"
	  />
	
	  Name "CreditScoringService Scoring Validity Check should invalidate expired scoring":
	  <li
	    class="jasmine-failed"
	    id="spec_spec327"
	    title="CreditScoringService Scoring Validity Check should invalidate expired scoring"
	  />
	
	  Name "CreditScoringService Scoring Validity Check should validate non-expired scoring":
	  <li
	    class="jasmine-failed"
	    id="spec_spec326"
	    title="CreditScoringService Scoring Validity Check should validate non-expired scoring"
	  />
	
	  Name "CreditScoringService Scoring Validity Check should return false for non-existent scoring":
	  <li
	    class="jasmine-failed"
	    id="spec_spec328"
	    title="CreditScoringService Scoring Validity Check should return false for non-existent scoring"
	  />
	
	  Name "CreditScoringService Scoring Simulation should set expiration date correctly":
	  <li
	    class="jasmine-failed"
	    id="spec_spec321"
	    title="CreditScoringService Scoring Simulation should set expiration date correctly"
	  />
	
	  Name "CreditScoringService Scoring Simulation should simulate scoring with low score for risky client":
	  <li
	    class="jasmine-failed"
	    id="spec_spec315"
	    title="CreditScoringService Scoring Simulation should simulate scoring with low score for risky client"
	  />
	
	  Name "CreditScoringService Scoring Simulation should apply market bonus for Aguascalientes":
	  <li
	    class="jasmine-failed"
	    id="spec_spec316"
	    title="CreditScoringService Scoring Simulation should apply market bonus for Aguascalientes"
	  />
	
	  Name "CreditScoringService Scoring Simulation should set correct interest rates by market":
	  <li
	    class="jasmine-failed"
	    id="spec_spec318"
	    title="CreditScoringService Scoring Simulation should set correct interest rates by market"
	  />
	
	  Name "CreditScoringService Scoring Simulation should include reasons for rejection":
	  <li
	    class="jasmine-failed"
	    id="spec_spec320"
	    title="CreditScoringService Scoring Simulation should include reasons for rejection"
	  />
	
	  Name "CreditScoringService Scoring Simulation should apply business flow bonuses correctly":
	  <li
	    class="jasmine-failed"
	    id="spec_spec317"
	    title="CreditScoringService Scoring Simulation should apply business flow bonuses correctly"
	  />
	
	  Name "CreditScoringService Scoring Simulation should include conditions for conditional approval":
	  <li
	    class="jasmine-failed"
	    id="spec_spec319"
	    title="CreditScoringService Scoring Simulation should include conditions for conditional approval"
	  />
	
	  Name "CreditScoringService Scoring Simulation should simulate scoring with high score for good client":
	  <li
	    class="jasmine-failed"
	    id="spec_spec314"
	    title="CreditScoringService Scoring Simulation should simulate scoring with high score for good client"
	  />
	
	  Name "CreditScoringService Credit Scoring Process should get scoring status correctly":
	  <li
	    class="jasmine-failed"
	    id="spec_spec301"
	    title="CreditScoringService Credit Scoring Process should get scoring status correctly"
	  />
	
	  Name "CreditScoringService Credit Scoring Process should return null for non-existent scoring ID":
	  <li
	    class="jasmine-failed"
	    id="spec_spec300"
	    title="CreditScoringService Credit Scoring Process should return null for non-existent scoring ID"
	  />
	
	  Name "CreditScoringService Credit Scoring Process should return null for non-existent status ID":
	  <li
	    class="jasmine-failed"
	    id="spec_spec302"
	    title="CreditScoringService Credit Scoring Process should return null for non-existent status ID"
	  />
	
	  Name "CreditScoringService Credit Scoring Process should initiate credit scoring request":
	  <li
	    class="jasmine-failed"
	    id="spec_spec298"
	    title="CreditScoringService Credit Scoring Process should initiate credit scoring request"
	  />
	
	  Name "CreditScoringService Credit Scoring Process should store scoring result after processing":
	  <li
	    class="jasmine-failed"
	    id="spec_spec299"
	    title="CreditScoringService Credit Scoring Process should store scoring result after processing"
	  />
	
	  Name "CreditScoringService Risk Level Assignment should assign correct risk levels":
	  <li
	    class="jasmine-failed"
	    id="spec_spec330"
	    title="CreditScoringService Risk Level Assignment should assign correct risk levels"
	  />
	
	  Name "CreditScoringService Score Grading System should assign correct grades for score ranges":
	  <li
	    class="jasmine-failed"
	    id="spec_spec329"
	    title="CreditScoringService Score Grading System should assign correct grades for score ranges"
	  />
	
	  Name "CreditScoringService Scoring Prerequisites Validation should validate client is ready for scoring":
	  <li
	    class="jasmine-failed"
	    id="spec_spec303"
	    title="CreditScoringService Scoring Prerequisites Validation should validate client is ready for scoring"
	  />
	
	  Name "CreditScoringService Scoring Prerequisites Validation should identify multiple missing requirements":
	  <li
	    class="jasmine-failed"
	    id="spec_spec307"
	    title="CreditScoringService Scoring Prerequisites Validation should identify multiple missing requirements"
	  />
	
	  Name "CreditScoringService Scoring Prerequisites Validation should identify missing INE document":
	  <li
	    class="jasmine-failed"
	    id="spec_spec304"
	    title="CreditScoringService Scoring Prerequisites Validation should identify missing INE document"
	  />
	
	  Name "CreditScoringService Scoring Prerequisites Validation should identify missing KYC verification":
	  <li
	    class="jasmine-failed"
	    id="spec_spec306"
	    title="CreditScoringService Scoring Prerequisites Validation should identify missing KYC verification"
	  />
	
	  Name "CreditScoringService Scoring Prerequisites Validation should identify missing comprobante document":
	  <li
	    class="jasmine-failed"
	    id="spec_spec305"
	    title="CreditScoringService Scoring Prerequisites Validation should identify missing comprobante document"
	  />
	
	  Name "CreditScoringService Scoring Retry Functionality should fail retry for non-existent original scoring":
	  <li
	    class="jasmine-failed"
	    id="spec_spec323"
	    title="CreditScoringService Scoring Retry Functionality should fail retry for non-existent original scoring"
	  />
	
	  Name "CreditScoringService Scoring Retry Functionality should retry scoring with updated information":
	  <li
	    class="jasmine-failed"
	    id="spec_spec322"
	    title="CreditScoringService Scoring Retry Functionality should retry scoring with updated information"
	  />
	
	  Name "CreditScoringService Edge Cases and Error Handling should handle zero or negative income gracefully":
	  <li
	    class="jasmine-failed"
	    id="spec_spec333"
	    title="CreditScoringService Edge Cases and Error Handling should handle zero or negative income gracefully"
	  />
	
	  Name "CreditScoringService Edge Cases and Error Handling should handle maximum score bounds":
	  <li
	    class="jasmine-failed"
	    id="spec_spec332"
	    title="CreditScoringService Edge Cases and Error Handling should handle maximum score bounds"
	  />
	
	  Name "CreditScoringService Edge Cases and Error Handling should handle minimum score bounds":
	  <li
	    class="jasmine-failed"
	    id="spec_spec331"
	    title="CreditScoringService Edge Cases and Error Handling should handle minimum score bounds"
	  />
	
	  Name "CreditScoringService Client Scoring History should return empty array for client with no scorings":
	  <li
	    class="jasmine-failed"
	    id="spec_spec325"
	    title="CreditScoringService Client Scoring History should return empty array for client with no scorings"
	  />
	
	  Name "CreditScoringService Client Scoring History should get client scoring history":
	  <li
	    class="jasmine-failed"
	    id="spec_spec324"
	    title="CreditScoringService Client Scoring History should get client scoring history"
	  />
	
	  Name "Integration Smoke should pass basic integration smoke test":
	  <li
	    class="jasmine-passed"
	    id="spec_spec11"
	    title="Integration Smoke should pass basic integration smoke test"
	  />
	
	  Name "FinancialCalculatorService Scenario Policy Validation should handle step-down without reduction percentage":
	  <li
	    class="jasmine-passed"
	    id="spec_spec422"
	    title="FinancialCalculatorService Scenario Policy Validation should handle step-down without reduction percentage"
	  />
	
	  Name "FinancialCalculatorService Scenario Policy Validation should validate unknown scenario type":
	  <li
	    class="jasmine-passed"
	    id="spec_spec421"
	    title="FinancialCalculatorService Scenario Policy Validation should validate unknown scenario type"
	  />
	
	  Name "FinancialCalculatorService Scenario Policy Validation should validate defer scenario within limits":
	  <li
	    class="jasmine-passed"
	    id="spec_spec417"
	    title="FinancialCalculatorService Scenario Policy Validation should validate defer scenario within limits"
	  />
	
	  Name "FinancialCalculatorService Scenario Policy Validation should validate step-down scenario within limits":
	  <li
	    class="jasmine-passed"
	    id="spec_spec419"
	    title="FinancialCalculatorService Scenario Policy Validation should validate step-down scenario within limits"
	  />
	
	  Name "FinancialCalculatorService Scenario Policy Validation should reject step-down scenario exceeding reduction limit":
	  <li
	    class="jasmine-passed"
	    id="spec_spec420"
	    title="FinancialCalculatorService Scenario Policy Validation should reject step-down scenario exceeding reduction limit"
	  />
	
	  Name "FinancialCalculatorService Scenario Policy Validation should reject defer scenario exceeding limits":
	  <li
	    class="jasmine-passed"
	    id="spec_spec418"
	    title="FinancialCalculatorService Scenario Policy Validation should reject defer scenario exceeding limits"
	  />
	
	  Name "FinancialCalculatorService Interest Capitalization should capitalize interest for deferral period":
	  <li
	    class="jasmine-passed"
	    id="spec_spec414"
	    title="FinancialCalculatorService Interest Capitalization should capitalize interest for deferral period"
	  />
	
	  Name "FinancialCalculatorService Interest Capitalization should handle zero deferral months":
	  <li
	    class="jasmine-passed"
	    id="spec_spec415"
	    title="FinancialCalculatorService Interest Capitalization should handle zero deferral months"
	  />
	
	  Name "FinancialCalculatorService Interest Capitalization should handle zero interest rate":
	  <li
	    class="jasmine-passed"
	    id="spec_spec416"
	    title="FinancialCalculatorService Interest Capitalization should handle zero interest rate"
	  />
	
	  Name "FinancialCalculatorService Currency Formatting should format positive amounts in Mexican Pesos":
	  <li
	    class="jasmine-passed"
	    id="spec_spec431"
	    title="FinancialCalculatorService Currency Formatting should format positive amounts in Mexican Pesos"
	  />
	
	  Name "FinancialCalculatorService Currency Formatting should format negative amounts":
	  <li
	    class="jasmine-passed"
	    id="spec_spec432"
	    title="FinancialCalculatorService Currency Formatting should format negative amounts"
	  />
	
	  Name "FinancialCalculatorService Currency Formatting should format zero amount":
	  <li
	    class="jasmine-passed"
	    id="spec_spec433"
	    title="FinancialCalculatorService Currency Formatting should format zero amount"
	  />
	
	  Name "FinancialCalculatorService Currency Formatting should format large amounts with proper separators":
	  <li
	    class="jasmine-passed"
	    id="spec_spec434"
	    title="FinancialCalculatorService Currency Formatting should format large amounts with proper separators"
	  />
	
	  Name "FinancialCalculatorService Currency Formatting should format small amounts":
	  <li
	    class="jasmine-passed"
	    id="spec_spec435"
	    title="FinancialCalculatorService Currency Formatting should format small amounts"
	  />
	
	  Name "FinancialCalculatorService TIR Calculation (Newton-Raphson) should bound rate to reasonable values":
	  <li
	    class="jasmine-passed"
	    id="spec_spec410"
	    title="FinancialCalculatorService TIR Calculation (Newton-Raphson) should bound rate to reasonable values"
	  />
	
	  Name "FinancialCalculatorService TIR Calculation (Newton-Raphson) should handle zero cash flows":
	  <li
	    class="jasmine-passed"
	    id="spec_spec407"
	    title="FinancialCalculatorService TIR Calculation (Newton-Raphson) should handle zero cash flows"
	  />
	
	  Name "FinancialCalculatorService TIR Calculation (Newton-Raphson) should calculate TIR for simple cash flows":
	  <li
	    class="jasmine-passed"
	    id="spec_spec405"
	    title="FinancialCalculatorService TIR Calculation (Newton-Raphson) should calculate TIR for simple cash flows"
	  />
	
	  Name "FinancialCalculatorService TIR Calculation (Newton-Raphson) should calculate TIR for loan scenario":
	  <li
	    class="jasmine-passed"
	    id="spec_spec406"
	    title="FinancialCalculatorService TIR Calculation (Newton-Raphson) should calculate TIR for loan scenario"
	  />
	
	  Name "FinancialCalculatorService TIR Calculation (Newton-Raphson) should handle single negative cash flow":
	  <li
	    class="jasmine-passed"
	    id="spec_spec408"
	    title="FinancialCalculatorService TIR Calculation (Newton-Raphson) should handle single negative cash flow"
	  />
	
	  Name "FinancialCalculatorService TIR Calculation (Newton-Raphson) should respect maximum iterations":
	  <li
	    class="jasmine-passed"
	    id="spec_spec409"
	    title="FinancialCalculatorService TIR Calculation (Newton-Raphson) should respect maximum iterations"
	  />
	
	  Name "FinancialCalculatorService Cash Flow Generation should generate cash flows with principal and payments":
	  <li
	    class="jasmine-passed"
	    id="spec_spec411"
	    title="FinancialCalculatorService Cash Flow Generation should generate cash flows with principal and payments"
	  />
	
	  Name "FinancialCalculatorService Cash Flow Generation should handle empty payments array":
	  <li
	    class="jasmine-passed"
	    id="spec_spec413"
	    title="FinancialCalculatorService Cash Flow Generation should handle empty payments array"
	  />
	
	  Name "FinancialCalculatorService Cash Flow Generation should handle fewer payments than term":
	  <li
	    class="jasmine-passed"
	    id="spec_spec412"
	    title="FinancialCalculatorService Cash Flow Generation should handle fewer payments than term"
	  />
	
	  Name "FinancialCalculatorService Service Initialization should be created":
	  <li
	    class="jasmine-passed"
	    id="spec_spec400"
	    title="FinancialCalculatorService Service Initialization should be created"
	  />
	
	  Name "FinancialCalculatorService Market-Specific TIR Rates should return correct TIR for Estado de México":
	  <li
	    class="jasmine-passed"
	    id="spec_spec402"
	    title="FinancialCalculatorService Market-Specific TIR Rates should return correct TIR for Estado de México"
	  />
	
	  Name "FinancialCalculatorService Market-Specific TIR Rates should return default TIR for unknown market":
	  <li
	    class="jasmine-passed"
	    id="spec_spec403"
	    title="FinancialCalculatorService Market-Specific TIR Rates should return default TIR for unknown market"
	  />
	
	  Name "FinancialCalculatorService Market-Specific TIR Rates should return correct TIR for Aguascalientes":
	  <li
	    class="jasmine-passed"
	    id="spec_spec401"
	    title="FinancialCalculatorService Market-Specific TIR Rates should return correct TIR for Aguascalientes"
	  />
	
	  Name "FinancialCalculatorService Market-Specific TIR Rates should return default TIR when market is undefined":
	  <li
	    class="jasmine-passed"
	    id="spec_spec404"
	    title="FinancialCalculatorService Market-Specific TIR Rates should return default TIR when market is undefined"
	  />
	
	  Name "FinancialCalculatorService Annuity Calculations should handle negative interest rate":
	  <li
	    class="jasmine-passed"
	    id="spec_spec426"
	    title="FinancialCalculatorService Annuity Calculations should handle negative interest rate"
	  />
	
	  Name "FinancialCalculatorService Annuity Calculations should handle zero term":
	  <li
	    class="jasmine-passed"
	    id="spec_spec425"
	    title="FinancialCalculatorService Annuity Calculations should handle zero term"
	  />
	
	  Name "FinancialCalculatorService Annuity Calculations should handle zero interest rate":
	  <li
	    class="jasmine-passed"
	    id="spec_spec424"
	    title="FinancialCalculatorService Annuity Calculations should handle zero interest rate"
	  />
	
	  Name "FinancialCalculatorService Annuity Calculations should calculate monthly payment for standard loan":
	  <li
	    class="jasmine-passed"
	    id="spec_spec423"
	    title="FinancialCalculatorService Annuity Calculations should calculate monthly payment for standard loan"
	  />
	
	  Name "FinancialCalculatorService Balance Calculations should handle negative interest rate in balance calculation":
	  <li
	    class="jasmine-passed"
	    id="spec_spec430"
	    title="FinancialCalculatorService Balance Calculations should handle negative interest rate in balance calculation"
	  />
	
	  Name "FinancialCalculatorService Balance Calculations should handle zero months paid":
	  <li
	    class="jasmine-passed"
	    id="spec_spec429"
	    title="FinancialCalculatorService Balance Calculations should handle zero months paid"
	  />
	
	  Name "FinancialCalculatorService Balance Calculations should handle zero interest rate balance":
	  <li
	    class="jasmine-passed"
	    id="spec_spec428"
	    title="FinancialCalculatorService Balance Calculations should handle zero interest rate balance"
	  />
	
	  Name "FinancialCalculatorService Balance Calculations should calculate remaining balance after payments":
	  <li
	    class="jasmine-passed"
	    id="spec_spec427"
	    title="FinancialCalculatorService Balance Calculations should calculate remaining balance after payments"
	  />
	
	  Name "FinancialCalculatorService Edge Cases and Error Handling should handle very long terms":
	  <li
	    class="jasmine-passed"
	    id="spec_spec438"
	    title="FinancialCalculatorService Edge Cases and Error Handling should handle very long terms"
	  />
	
	  Name "FinancialCalculatorService Edge Cases and Error Handling should handle TIR calculation convergence issues":
	  <li
	    class="jasmine-passed"
	    id="spec_spec439"
	    title="FinancialCalculatorService Edge Cases and Error Handling should handle TIR calculation convergence issues"
	  />
	
	  Name "FinancialCalculatorService Edge Cases and Error Handling should handle very large principal amounts":
	  <li
	    class="jasmine-passed"
	    id="spec_spec436"
	    title="FinancialCalculatorService Edge Cases and Error Handling should handle very large principal amounts"
	  />
	
	  Name "FinancialCalculatorService Edge Cases and Error Handling should handle very small interest rates":
	  <li
	    class="jasmine-passed"
	    id="spec_spec437"
	    title="FinancialCalculatorService Edge Cases and Error Handling should handle very small interest rates"
	  />
	
	  Name "OCRService Text Extraction from Image File should handle extraction errors":
	  <li
	    class="jasmine-passed"
	    id="spec_spec629"
	    title="OCRService Text Extraction from Image File should handle extraction errors"
	  />
	
	  Name "OCRService Text Extraction from Image File should extract structured data when document type is provided":
	  <li
	    class="jasmine-failed"
	    id="spec_spec628"
	    title="OCRService Text Extraction from Image File should extract structured data when document type is provided"
	  />
	
	  Name "OCRService Text Extraction from Image File should extract text from image file":
	  <li
	    class="jasmine-failed"
	    id="spec_spec627"
	    title="OCRService Text Extraction from Image File should extract text from image file"
	  />
	
	  Name "OCRService Text Extraction from Image File should update progress during extraction":
	  <li
	    class="jasmine-failed"
	    id="spec_spec630"
	    title="OCRService Text Extraction from Image File should update progress during extraction"
	  />
	
	  Name "OCRService Text Extraction from Base64 should extract structured data from base64 with document type":
	  <li
	    class="jasmine-failed"
	    id="spec_spec632"
	    title="OCRService Text Extraction from Base64 should extract structured data from base64 with document type"
	  />
	
	  Name "OCRService Text Extraction from Base64 should handle base64 extraction errors":
	  <li
	    class="jasmine-passed"
	    id="spec_spec633"
	    title="OCRService Text Extraction from Base64 should handle base64 extraction errors"
	  />
	
	  Name "OCRService Text Extraction from Base64 should extract text from base64 image":
	  <li
	    class="jasmine-failed"
	    id="spec_spec631"
	    title="OCRService Text Extraction from Base64 should extract text from base64 image"
	  />
	
	  Name "OCRService Service Initialization should provide progress observable":
	  <li
	    class="jasmine-passed"
	    id="spec_spec622"
	    title="OCRService Service Initialization should provide progress observable"
	  />
	
	  Name "OCRService Service Initialization should be created":
	  <li
	    class="jasmine-passed"
	    id="spec_spec621"
	    title="OCRService Service Initialization should be created"
	  />
	
	  Name "OCRService Worker Initialization should update progress during initialization":
	  <li
	    class="jasmine-passed"
	    id="spec_spec626"
	    title="OCRService Worker Initialization should update progress during initialization"
	  />
	
	  Name "OCRService Worker Initialization should handle initialization errors":
	  <li
	    class="jasmine-passed"
	    id="spec_spec625"
	    title="OCRService Worker Initialization should handle initialization errors"
	  />
	
	  Name "OCRService Worker Initialization should initialize Tesseract worker with Spanish and English":
	  <li
	    class="jasmine-failed"
	    id="spec_spec623"
	    title="OCRService Worker Initialization should initialize Tesseract worker with Spanish and English"
	  />
	
	  Name "OCRService Worker Initialization should not reinitialize if already initialized":
	  <li
	    class="jasmine-failed"
	    id="spec_spec624"
	    title="OCRService Worker Initialization should not reinitialize if already initialized"
	  />
	
	  Name "OCRService INE Data Extraction should extract CURP from INE text":
	  <li
	    class="jasmine-failed"
	    id="spec_spec634"
	    title="OCRService INE Data Extraction should extract CURP from INE text"
	  />
	
	  Name "OCRService INE Data Extraction should extract birth date from INE text":
	  <li
	    class="jasmine-failed"
	    id="spec_spec636"
	    title="OCRService INE Data Extraction should extract birth date from INE text"
	  />
	
	  Name "OCRService INE Data Extraction should extract name from INE text":
	  <li
	    class="jasmine-failed"
	    id="spec_spec635"
	    title="OCRService INE Data Extraction should extract name from INE text"
	  />
	
	  Name "OCRService Tarjeta de Circulación Data Extraction should extract model and year":
	  <li
	    class="jasmine-failed"
	    id="spec_spec639"
	    title="OCRService Tarjeta de Circulación Data Extraction should extract model and year"
	  />
	
	  Name "OCRService Tarjeta de Circulación Data Extraction should extract vehicle brand":
	  <li
	    class="jasmine-failed"
	    id="spec_spec638"
	    title="OCRService Tarjeta de Circulación Data Extraction should extract vehicle brand"
	  />
	
	  Name "OCRService Tarjeta de Circulación Data Extraction should extract license plates":
	  <li
	    class="jasmine-failed"
	    id="spec_spec637"
	    title="OCRService Tarjeta de Circulación Data Extraction should extract license plates"
	  />
	
	  Name "OCRService Worker Management should reinitialize worker after termination":
	  <li
	    class="jasmine-failed"
	    id="spec_spec652"
	    title="OCRService Worker Management should reinitialize worker after termination"
	  />
	
	  Name "OCRService Worker Management should handle termination when worker is null":
	  <li
	    class="jasmine-passed"
	    id="spec_spec651"
	    title="OCRService Worker Management should handle termination when worker is null"
	  />
	
	  Name "OCRService Worker Management should terminate worker properly":
	  <li
	    class="jasmine-failed"
	    id="spec_spec650"
	    title="OCRService Worker Management should terminate worker properly"
	  />
	
	  Name "OCRService Progress Messaging should handle unknown status messages":
	  <li
	    class="jasmine-empty"
	    id="spec_spec654"
	    title="OCRService Progress Messaging should handle unknown status messages"
	  />
	
	  Name "OCRService Progress Messaging should translate status messages to Spanish":
	  <li
	    class="jasmine-failed"
	    id="spec_spec653"
	    title="OCRService Progress Messaging should translate status messages to Spanish"
	  />
	
	  Name "OCRService Edge Cases and Error Handling should handle very low confidence results":
	  <li
	    class="jasmine-failed"
	    id="spec_spec659"
	    title="OCRService Edge Cases and Error Handling should handle very low confidence results"
	  />
	
	  Name "OCRService Edge Cases and Error Handling should handle extraction without document type":
	  <li
	    class="jasmine-failed"
	    id="spec_spec658"
	    title="OCRService Edge Cases and Error Handling should handle extraction without document type"
	  />
	
	  Name "OCRService Edge Cases and Error Handling should handle documents with mixed case text":
	  <li
	    class="jasmine-failed"
	    id="spec_spec657"
	    title="OCRService Edge Cases and Error Handling should handle documents with mixed case text"
	  />
	
	  Name "OCRService Edge Cases and Error Handling should handle malformed CURP patterns":
	  <li
	    class="jasmine-failed"
	    id="spec_spec656"
	    title="OCRService Edge Cases and Error Handling should handle malformed CURP patterns"
	  />
	
	  Name "OCRService Edge Cases and Error Handling should handle empty text extraction":
	  <li
	    class="jasmine-failed"
	    id="spec_spec655"
	    title="OCRService Edge Cases and Error Handling should handle empty text extraction"
	  />
	
	  Name "OCRService Comprobante de Domicilio Data Extraction should extract date from comprobante":
	  <li
	    class="jasmine-failed"
	    id="spec_spec642"
	    title="OCRService Comprobante de Domicilio Data Extraction should extract date from comprobante"
	  />
	
	  Name "OCRService Comprobante de Domicilio Data Extraction should identify utility provider":
	  <li
	    class="jasmine-failed"
	    id="spec_spec641"
	    title="OCRService Comprobante de Domicilio Data Extraction should identify utility provider"
	  />
	
	  Name "OCRService Comprobante de Domicilio Data Extraction should extract address information":
	  <li
	    class="jasmine-failed"
	    id="spec_spec640"
	    title="OCRService Comprobante de Domicilio Data Extraction should extract address information"
	  />
	
	  Name "OCRService RFC Data Extraction should extract taxpayer name":
	  <li
	    class="jasmine-failed"
	    id="spec_spec644"
	    title="OCRService RFC Data Extraction should extract taxpayer name"
	  />
	
	  Name "OCRService RFC Data Extraction should extract RFC code":
	  <li
	    class="jasmine-failed"
	    id="spec_spec643"
	    title="OCRService RFC Data Extraction should extract RFC code"
	  />
	
	  Name "OCRService Document Type Validation should validate RFC documents":
	  <li
	    class="jasmine-passed"
	    id="spec_spec649"
	    title="OCRService Document Type Validation should validate RFC documents"
	  />
	
	  Name "OCRService Document Type Validation should validate comprobante de domicilio":
	  <li
	    class="jasmine-passed"
	    id="spec_spec648"
	    title="OCRService Document Type Validation should validate comprobante de domicilio"
	  />
	
	  Name "OCRService Document Type Validation should validate INE document correctly":
	  <li
	    class="jasmine-passed"
	    id="spec_spec645"
	    title="OCRService Document Type Validation should validate INE document correctly"
	  />
	
	  Name "OCRService Document Type Validation should handle unknown document types":
	  <li
	    class="jasmine-failed"
	    id="spec_spec647"
	    title="OCRService Document Type Validation should handle unknown document types"
	  />
	
	  Name "OCRService Document Type Validation should detect mismatched document types":
	  <li
	    class="jasmine-passed"
	    id="spec_spec646"
	    title="OCRService Document Type Validation should detect mismatched document types"
	  />
	
	  Name "ConfigurationService Scoring Configuration should get scoring configuration":
	  <li
	    class="jasmine-passed"
	    id="spec_spec208"
	    title="ConfigurationService Scoring Configuration should get scoring configuration"
	  />
	
	  Name "ConfigurationService Scoring Configuration should have business flow scoring requirements":
	  <li
	    class="jasmine-passed"
	    id="spec_spec209"
	    title="ConfigurationService Scoring Configuration should have business flow scoring requirements"
	  />
	
	  Name "ConfigurationService Scoring Configuration should have scoring factors configuration":
	  <li
	    class="jasmine-passed"
	    id="spec_spec211"
	    title="ConfigurationService Scoring Configuration should have scoring factors configuration"
	  />
	
	  Name "ConfigurationService Scoring Configuration should have correct scoring thresholds":
	  <li
	    class="jasmine-passed"
	    id="spec_spec210"
	    title="ConfigurationService Scoring Configuration should have correct scoring thresholds"
	  />
	
	  Name "ConfigurationService AVI Configuration should have market specific questions":
	  <li
	    class="jasmine-passed"
	    id="spec_spec218"
	    title="ConfigurationService AVI Configuration should have market specific questions"
	  />
	
	  Name "ConfigurationService AVI Configuration should have random questions configuration":
	  <li
	    class="jasmine-passed"
	    id="spec_spec219"
	    title="ConfigurationService AVI Configuration should have random questions configuration"
	  />
	
	  Name "ConfigurationService AVI Configuration should get AVI configuration":
	  <li
	    class="jasmine-passed"
	    id="spec_spec215"
	    title="ConfigurationService AVI Configuration should get AVI configuration"
	  />
	
	  Name "ConfigurationService AVI Configuration should have core AVI questions":
	  <li
	    class="jasmine-passed"
	    id="spec_spec216"
	    title="ConfigurationService AVI Configuration should have core AVI questions"
	  />
	
	  Name "ConfigurationService AVI Configuration should have validation configuration":
	  <li
	    class="jasmine-passed"
	    id="spec_spec220"
	    title="ConfigurationService AVI Configuration should have validation configuration"
	  />
	
	  Name "ConfigurationService AVI Configuration should have business flow specific questions":
	  <li
	    class="jasmine-passed"
	    id="spec_spec217"
	    title="ConfigurationService AVI Configuration should have business flow specific questions"
	  />
	
	  Name "ConfigurationService Market Configuration should have correct Estado de México market configuration":
	  <li
	    class="jasmine-passed"
	    id="spec_spec206"
	    title="ConfigurationService Market Configuration should have correct Estado de México market configuration"
	  />
	
	  Name "ConfigurationService Market Configuration should include EdoMex municipalities":
	  <li
	    class="jasmine-passed"
	    id="spec_spec207"
	    title="ConfigurationService Market Configuration should include EdoMex municipalities"
	  />
	
	  Name "ConfigurationService Market Configuration should get market configuration":
	  <li
	    class="jasmine-passed"
	    id="spec_spec204"
	    title="ConfigurationService Market Configuration should get market configuration"
	  />
	
	  Name "ConfigurationService Market Configuration should have correct Aguascalientes market configuration":
	  <li
	    class="jasmine-passed"
	    id="spec_spec205"
	    title="ConfigurationService Market Configuration should have correct Aguascalientes market configuration"
	  />
	
	  Name "ConfigurationService Configuration Loading and Updates should preserve existing configuration when updating":
	  <li
	    class="jasmine-passed"
	    id="spec_spec203"
	    title="ConfigurationService Configuration Loading and Updates should preserve existing configuration when updating"
	  />
	
	  Name "ConfigurationService Configuration Loading and Updates should refresh configuration from API":
	  <li
	    class="jasmine-passed"
	    id="spec_spec201"
	    title="ConfigurationService Configuration Loading and Updates should refresh configuration from API"
	  />
	
	  Name "ConfigurationService Configuration Loading and Updates should update configuration successfully":
	  <li
	    class="jasmine-passed"
	    id="spec_spec202"
	    title="ConfigurationService Configuration Loading and Updates should update configuration successfully"
	  />
	
	  Name "ConfigurationService Configuration Loading and Updates should get current configuration":
	  <li
	    class="jasmine-passed"
	    id="spec_spec200"
	    title="ConfigurationService Configuration Loading and Updates should get current configuration"
	  />
	
	  Name "ConfigurationService Service Initialization should be created":
	  <li
	    class="jasmine-passed"
	    id="spec_spec197"
	    title="ConfigurationService Service Initialization should be created"
	  />
	
	  Name "ConfigurationService Service Initialization should load default configuration on initialization":
	  <li
	    class="jasmine-passed"
	    id="spec_spec199"
	    title="ConfigurationService Service Initialization should load default configuration on initialization"
	  />
	
	  Name "ConfigurationService Service Initialization should provide configuration observable":
	  <li
	    class="jasmine-passed"
	    id="spec_spec198"
	    title="ConfigurationService Service Initialization should provide configuration observable"
	  />
	
	  Name "ConfigurationService Error Handling and Edge Cases should handle partial configuration updates":
	  <li
	    class="jasmine-passed"
	    id="spec_spec252"
	    title="ConfigurationService Error Handling and Edge Cases should handle partial configuration updates"
	  />
	
	  Name "ConfigurationService Error Handling and Edge Cases should handle empty configuration updates":
	  <li
	    class="jasmine-passed"
	    id="spec_spec253"
	    title="ConfigurationService Error Handling and Edge Cases should handle empty configuration updates"
	  />
	
	  Name "ConfigurationService Error Handling and Edge Cases should provide configuration even when API fails":
	  <li
	    class="jasmine-passed"
	    id="spec_spec254"
	    title="ConfigurationService Error Handling and Edge Cases should provide configuration even when API fails"
	  />
	
	  Name "ConfigurationService Error Handling and Edge Cases should handle nested configuration access":
	  <li
	    class="jasmine-passed"
	    id="spec_spec255"
	    title="ConfigurationService Error Handling and Edge Cases should handle nested configuration access"
	  />
	
	  Name "ConfigurationService UX Optimization Configuration should have recommendations configuration":
	  <li
	    class="jasmine-passed"
	    id="spec_spec249"
	    title="ConfigurationService UX Optimization Configuration should have recommendations configuration"
	  />
	
	  Name "ConfigurationService UX Optimization Configuration should have A/B testing configuration":
	  <li
	    class="jasmine-passed"
	    id="spec_spec248"
	    title="ConfigurationService UX Optimization Configuration should have A/B testing configuration"
	  />
	
	  Name "ConfigurationService UX Optimization Configuration should get UX optimization configuration":
	  <li
	    class="jasmine-passed"
	    id="spec_spec247"
	    title="ConfigurationService UX Optimization Configuration should get UX optimization configuration"
	  />
	
	  Name "ConfigurationService Configuration Versioning should track configuration version":
	  <li
	    class="jasmine-passed"
	    id="spec_spec250"
	    title="ConfigurationService Configuration Versioning should track configuration version"
	  />
	
	  Name "ConfigurationService Configuration Versioning should update lastUpdated when configuration changes":
	  <li
	    class="jasmine-passed"
	    id="spec_spec251"
	    title="ConfigurationService Configuration Versioning should update lastUpdated when configuration changes"
	  />
	
	  Name "ConfigurationService Analytics Configuration should have performance metrics configuration":
	  <li
	    class="jasmine-passed"
	    id="spec_spec246"
	    title="ConfigurationService Analytics Configuration should have performance metrics configuration"
	  />
	
	  Name "ConfigurationService Analytics Configuration should have funnel analysis configuration":
	  <li
	    class="jasmine-passed"
	    id="spec_spec245"
	    title="ConfigurationService Analytics Configuration should have funnel analysis configuration"
	  />
	
	  Name "ConfigurationService Analytics Configuration should have heatmap configuration":
	  <li
	    class="jasmine-passed"
	    id="spec_spec244"
	    title="ConfigurationService Analytics Configuration should have heatmap configuration"
	  />
	
	  Name "ConfigurationService Analytics Configuration should get analytics configuration":
	  <li
	    class="jasmine-passed"
	    id="spec_spec243"
	    title="ConfigurationService Analytics Configuration should get analytics configuration"
	  />
	
	  Name "ConfigurationService Smart UX Configuration should have session recovery configuration":
	  <li
	    class="jasmine-passed"
	    id="spec_spec242"
	    title="ConfigurationService Smart UX Configuration should have session recovery configuration"
	  />
	
	  Name "ConfigurationService Smart UX Configuration should have auto-complete configuration":
	  <li
	    class="jasmine-passed"
	    id="spec_spec241"
	    title="ConfigurationService Smart UX Configuration should have auto-complete configuration"
	  />
	
	  Name "ConfigurationService Smart UX Configuration should get smart UX configuration":
	  <li
	    class="jasmine-passed"
	    id="spec_spec240"
	    title="ConfigurationService Smart UX Configuration should get smart UX configuration"
	  />
	
	  Name "ConfigurationService UI Configuration should have navigation configuration":
	  <li
	    class="jasmine-passed"
	    id="spec_spec238"
	    title="ConfigurationService UI Configuration should have navigation configuration"
	  />
	
	  Name "ConfigurationService UI Configuration should have theme configuration":
	  <li
	    class="jasmine-passed"
	    id="spec_spec237"
	    title="ConfigurationService UI Configuration should have theme configuration"
	  />
	
	  Name "ConfigurationService UI Configuration should get simple UI configuration":
	  <li
	    class="jasmine-passed"
	    id="spec_spec236"
	    title="ConfigurationService UI Configuration should get simple UI configuration"
	  />
	
	  Name "ConfigurationService UI Configuration should have language configuration":
	  <li
	    class="jasmine-passed"
	    id="spec_spec239"
	    title="ConfigurationService UI Configuration should have language configuration"
	  />
	
	  Name "ConfigurationService Workflow Configuration should have automation configurations":
	  <li
	    class="jasmine-passed"
	    id="spec_spec232"
	    title="ConfigurationService Workflow Configuration should have automation configurations"
	  />
	
	  Name "ConfigurationService Workflow Configuration should get workflow configuration":
	  <li
	    class="jasmine-passed"
	    id="spec_spec231"
	    title="ConfigurationService Workflow Configuration should get workflow configuration"
	  />
	
	  Name "ConfigurationService Workflow Configuration should have escalation rules":
	  <li
	    class="jasmine-passed"
	    id="spec_spec234"
	    title="ConfigurationService Workflow Configuration should have escalation rules"
	  />
	
	  Name "ConfigurationService Workflow Configuration should have approval chains":
	  <li
	    class="jasmine-passed"
	    id="spec_spec233"
	    title="ConfigurationService Workflow Configuration should have approval chains"
	  />
	
	  Name "ConfigurationService Workflow Configuration should have SLA targets":
	  <li
	    class="jasmine-passed"
	    id="spec_spec235"
	    title="ConfigurationService Workflow Configuration should have SLA targets"
	  />
	
	  Name "ConfigurationService should cache namespace result (shareReplay) for subsequent subscribers":
	  <li
	    class="jasmine-passed"
	    id="spec_spec195"
	    title="ConfigurationService should cache namespace result (shareReplay) for subsequent subscribers"
	  />
	
	  Name "ConfigurationService should load namespace from assets when remote disabled":
	  <li
	    class="jasmine-passed"
	    id="spec_spec194"
	    title="ConfigurationService should load namespace from assets when remote disabled"
	  />
	
	  Name "ConfigurationService Notification Configuration should have email templates":
	  <li
	    class="jasmine-passed"
	    id="spec_spec227"
	    title="ConfigurationService Notification Configuration should have email templates"
	  />
	
	  Name "ConfigurationService Notification Configuration should have channel configurations":
	  <li
	    class="jasmine-passed"
	    id="spec_spec226"
	    title="ConfigurationService Notification Configuration should have channel configurations"
	  />
	
	  Name "ConfigurationService Notification Configuration should have SMS templates with length limits":
	  <li
	    class="jasmine-passed"
	    id="spec_spec228"
	    title="ConfigurationService Notification Configuration should have SMS templates with length limits"
	  />
	
	  Name "ConfigurationService Notification Configuration should have notification triggers":
	  <li
	    class="jasmine-passed"
	    id="spec_spec229"
	    title="ConfigurationService Notification Configuration should have notification triggers"
	  />
	
	  Name "ConfigurationService Notification Configuration should get notification configuration":
	  <li
	    class="jasmine-passed"
	    id="spec_spec225"
	    title="ConfigurationService Notification Configuration should get notification configuration"
	  />
	
	  Name "ConfigurationService Notification Configuration should have scheduled notifications":
	  <li
	    class="jasmine-passed"
	    id="spec_spec230"
	    title="ConfigurationService Notification Configuration should have scheduled notifications"
	  />
	
	  Name "ConfigurationService Business Flow Configuration should have correct VentaDirecta configuration":
	  <li
	    class="jasmine-passed"
	    id="spec_spec213"
	    title="ConfigurationService Business Flow Configuration should have correct VentaDirecta configuration"
	  />
	
	  Name "ConfigurationService Business Flow Configuration should have correct CreditoColectivo configuration":
	  <li
	    class="jasmine-passed"
	    id="spec_spec214"
	    title="ConfigurationService Business Flow Configuration should have correct CreditoColectivo configuration"
	  />
	
	  Name "ConfigurationService Business Flow Configuration should get business flow configuration":
	  <li
	    class="jasmine-passed"
	    id="spec_spec212"
	    title="ConfigurationService Business Flow Configuration should get business flow configuration"
	  />
	
	  Name "ConfigurationService updateConfiguration should merge and emit new configuration":
	  <li
	    class="jasmine-passed"
	    id="spec_spec196"
	    title="ConfigurationService updateConfiguration should merge and emit new configuration"
	  />
	
	  Name "ConfigurationService Questionnaire Configuration should get questionnaire configuration":
	  <li
	    class="jasmine-passed"
	    id="spec_spec221"
	    title="ConfigurationService Questionnaire Configuration should get questionnaire configuration"
	  />
	
	  Name "ConfigurationService Questionnaire Configuration should have completion requirements":
	  <li
	    class="jasmine-passed"
	    id="spec_spec223"
	    title="ConfigurationService Questionnaire Configuration should have completion requirements"
	  />
	
	  Name "ConfigurationService Questionnaire Configuration should have standard questionnaire sections":
	  <li
	    class="jasmine-passed"
	    id="spec_spec222"
	    title="ConfigurationService Questionnaire Configuration should have standard questionnaire sections"
	  />
	
	  Name "ConfigurationService Questionnaire Configuration should have dynamic questionnaire configuration":
	  <li
	    class="jasmine-passed"
	    id="spec_spec224"
	    title="ConfigurationService Questionnaire Configuration should have dynamic questionnaire configuration"
	  />
	
	  Name "ClienteFormComponent should handle different markets correctly":
	  <li
	    class="jasmine-passed"
	    id="spec_spec931"
	    title="ClienteFormComponent should handle different markets correctly"
	  />
	
	  Name "ClienteFormComponent should validate email format":
	  <li
	    class="jasmine-passed"
	    id="spec_spec920"
	    title="ClienteFormComponent should validate email format"
	  />
	
	  Name "ClienteFormComponent should handle different business flows correctly":
	  <li
	    class="jasmine-passed"
	    id="spec_spec930"
	    title="ClienteFormComponent should handle different business flows correctly"
	  />
	
	  Name "ClienteFormComponent should validate phone format":
	  <li
	    class="jasmine-passed"
	    id="spec_spec921"
	    title="ClienteFormComponent should validate phone format"
	  />
	
	  Name "ClienteFormComponent should clean form when switching between markets":
	  <li
	    class="jasmine-passed"
	    id="spec_spec932"
	    title="ClienteFormComponent should clean form when switching between markets"
	  />
	
	  Name "ClienteFormComponent should load existing client data in edit mode":
	  <li
	    class="jasmine-passed"
	    id="spec_spec924"
	    title="ClienteFormComponent should load existing client data in edit mode"
	  />
	
	  Name "ClienteFormComponent should update existing client with valid form data":
	  <li
	    class="jasmine-failed"
	    id="spec_spec925"
	    title="ClienteFormComponent should update existing client with valid form data"
	  />
	
	  Name "ClienteFormComponent should validate RFC format if provided":
	  <li
	    class="jasmine-passed"
	    id="spec_spec922"
	    title="ClienteFormComponent should validate RFC format if provided"
	  />
	
	  Name "ClienteFormComponent should create new client with valid form data":
	  <li
	    class="jasmine-failed"
	    id="spec_spec923"
	    title="ClienteFormComponent should create new client with valid form data"
	  />
	
	  Name "ClienteFormComponent should handle API error during client creation":
	  <li
	    class="jasmine-passed"
	    id="spec_spec926"
	    title="ClienteFormComponent should handle API error during client creation"
	  />
	
	  Name "ClienteFormComponent should navigate back when goBack is called":
	  <li
	    class="jasmine-passed"
	    id="spec_spec928"
	    title="ClienteFormComponent should navigate back when goBack is called"
	  />
	
	  Name "ClienteFormComponent should prevent form submission when invalid":
	  <li
	    class="jasmine-passed"
	    id="spec_spec927"
	    title="ClienteFormComponent should prevent form submission when invalid"
	  />
	
	  Name "ClienteFormComponent should set loading state during form submission":
	  <li
	    class="jasmine-passed"
	    id="spec_spec929"
	    title="ClienteFormComponent should set loading state during form submission"
	  />
	
	  Name "ClienteFormComponent should create":
	  <li
	    class="jasmine-passed"
	    id="spec_spec917"
	    title="ClienteFormComponent should create"
	  />
	
	  Name "ClienteFormComponent should initialize form with default values for new client":
	  <li
	    class="jasmine-failed"
	    id="spec_spec918"
	    title="ClienteFormComponent should initialize form with default values for new client"
	  />
	
	  Name "ClienteFormComponent should validate required fields":
	  <li
	    class="jasmine-passed"
	    id="spec_spec919"
	    title="ClienteFormComponent should validate required fields"
	  />
	
	  Name "AppComponent should create the app":
	  <li
	    class="jasmine-passed"
	    id="spec_spec0"
	    title="AppComponent should create the app"
	  />
	
	  Name "AppComponent should have the 'conductores-pwa' title":
	  <li
	    class="jasmine-passed"
	    id="spec_spec1"
	    title="AppComponent should have the 'conductores-pwa' title"
	  />
	
	  Name "AppComponent should render title":
	  <li
	    class="jasmine-passed"
	    id="spec_spec2"
	    title="AppComponent should render title"
	  />
	
	  Name "BusinessRulesService Business Flow Change Validation should allow flow change when no documents are approved":
	  <li
	    class="jasmine-passed"
	    id="spec_spec146"
	    title="BusinessRulesService Business Flow Change Validation should allow flow change when no documents are approved"
	  />
	
	  Name "BusinessRulesService Business Flow Change Validation should not allow flow change when documents are approved":
	  <li
	    class="jasmine-passed"
	    id="spec_spec147"
	    title="BusinessRulesService Business Flow Change Validation should not allow flow change when documents are approved"
	  />
	
	  Name "BusinessRulesService Business Flow Change Validation should not allow collective credit in Aguascalientes":
	  <li
	    class="jasmine-passed"
	    id="spec_spec148"
	    title="BusinessRulesService Business Flow Change Validation should not allow collective credit in Aguascalientes"
	  />
	
	  Name "BusinessRulesService Business Flow Change Validation should require ecosystem for EdoMex collective credit":
	  <li
	    class="jasmine-passed"
	    id="spec_spec149"
	    title="BusinessRulesService Business Flow Change Validation should require ecosystem for EdoMex collective credit"
	  />
	
	  Name "BusinessRulesService Market Requirements should include required documents for each market":
	  <li
	    class="jasmine-passed"
	    id="spec_spec145"
	    title="BusinessRulesService Market Requirements should include required documents for each market"
	  />
	
	  Name "BusinessRulesService Market Requirements should get Aguascalientes requirements":
	  <li
	    class="jasmine-passed"
	    id="spec_spec143"
	    title="BusinessRulesService Market Requirements should get Aguascalientes requirements"
	  />
	
	  Name "BusinessRulesService Market Requirements should get Estado de México requirements":
	  <li
	    class="jasmine-passed"
	    id="spec_spec144"
	    title="BusinessRulesService Market Requirements should get Estado de México requirements"
	  />
	
	  Name "BusinessRulesService Market Requirements Special Rules should include EdoMex specific rules about ecosystem":
	  <li
	    class="jasmine-passed"
	    id="spec_spec162"
	    title="BusinessRulesService Market Requirements Special Rules should include EdoMex specific rules about ecosystem"
	  />
	
	  Name "BusinessRulesService Market Requirements Special Rules should include AGS specific rules about credit types":
	  <li
	    class="jasmine-passed"
	    id="spec_spec161"
	    title="BusinessRulesService Market Requirements Special Rules should include AGS specific rules about credit types"
	  />
	
	  Name "BusinessRulesService Ecosystem Validation Edge Cases should properly identify required vs optional documents":
	  <li
	    class="jasmine-failed"
	    id="spec_spec164"
	    title="BusinessRulesService Ecosystem Validation Edge Cases should properly identify required vs optional documents"
	  />
	
	  Name "BusinessRulesService Ecosystem Validation Edge Cases should handle ecosystem validation with partial documents":
	  <li
	    class="jasmine-passed"
	    id="spec_spec163"
	    title="BusinessRulesService Ecosystem Validation Edge Cases should handle ecosystem validation with partial documents"
	  />
	
	  Name "BusinessRulesService Age Calculation should calculate age correctly":
	  <li
	    class="jasmine-passed"
	    id="spec_spec153"
	    title="BusinessRulesService Age Calculation should calculate age correctly"
	  />
	
	  Name "BusinessRulesService Age Calculation should handle birthday not yet reached this year":
	  <li
	    class="jasmine-passed"
	    id="spec_spec154"
	    title="BusinessRulesService Age Calculation should handle birthday not yet reached this year"
	  />
	
	  Name "BusinessRulesService Credit History Validation should warn about low credit score":
	  <li
	    class="jasmine-passed"
	    id="spec_spec151"
	    title="BusinessRulesService Credit History Validation should warn about low credit score"
	  />
	
	  Name "BusinessRulesService Credit History Validation should validate credit history with simulated score":
	  <li
	    class="jasmine-passed"
	    id="spec_spec150"
	    title="BusinessRulesService Credit History Validation should validate credit history with simulated score"
	  />
	
	  Name "BusinessRulesService Credit History Validation should recommend special conditions for very low score":
	  <li
	    class="jasmine-passed"
	    id="spec_spec152"
	    title="BusinessRulesService Credit History Validation should recommend special conditions for very low score"
	  />
	
	  Name "BusinessRulesService Service Initialization should have EdoMex specific rules":
	  <li
	    class="jasmine-passed"
	    id="spec_spec119"
	    title="BusinessRulesService Service Initialization should have EdoMex specific rules"
	  />
	
	  Name "BusinessRulesService Service Initialization should have universal rules":
	  <li
	    class="jasmine-passed"
	    id="spec_spec120"
	    title="BusinessRulesService Service Initialization should have universal rules"
	  />
	
	  Name "BusinessRulesService Service Initialization should have AGS specific rules":
	  <li
	    class="jasmine-passed"
	    id="spec_spec118"
	    title="BusinessRulesService Service Initialization should have AGS specific rules"
	  />
	
	  Name "BusinessRulesService Service Initialization should initialize validation rules":
	  <li
	    class="jasmine-passed"
	    id="spec_spec117"
	    title="BusinessRulesService Service Initialization should initialize validation rules"
	  />
	
	  Name "BusinessRulesService Service Initialization should be created":
	  <li
	    class="jasmine-passed"
	    id="spec_spec116"
	    title="BusinessRulesService Service Initialization should be created"
	  />
	
	  Name "BusinessRulesService Collective Group Validation Details should validate down payment minimum for collective credit":
	  <li
	    class="jasmine-passed"
	    id="spec_spec160"
	    title="BusinessRulesService Collective Group Validation Details should validate down payment minimum for collective credit"
	  />
	
	  Name "BusinessRulesService Collective Group Validation Details should validate down payment range for collective credit":
	  <li
	    class="jasmine-passed"
	    id="spec_spec159"
	    title="BusinessRulesService Collective Group Validation Details should validate down payment range for collective credit"
	  />
	
	  Name "BusinessRulesService Collective Group Validation Details should validate minimum group size":
	  <li
	    class="jasmine-passed"
	    id="spec_spec158"
	    title="BusinessRulesService Collective Group Validation Details should validate minimum group size"
	  />
	
	  Name "BusinessRulesService Client Validation should filter rules by market correctly":
	  <li
	    class="jasmine-passed"
	    id="spec_spec127"
	    title="BusinessRulesService Client Validation should filter rules by market correctly"
	  />
	
	  Name "BusinessRulesService Client Validation should fail validation for client without income":
	  <li
	    class="jasmine-passed"
	    id="spec_spec126"
	    title="BusinessRulesService Client Validation should fail validation for client without income"
	  />
	
	  Name "BusinessRulesService Client Validation should validate EdoMex client successfully":
	  <li
	    class="jasmine-passed"
	    id="spec_spec122"
	    title="BusinessRulesService Client Validation should validate EdoMex client successfully"
	  />
	
	  Name "BusinessRulesService Client Validation should validate AGS client successfully":
	  <li
	    class="jasmine-passed"
	    id="spec_spec121"
	    title="BusinessRulesService Client Validation should validate AGS client successfully"
	  />
	
	  Name "BusinessRulesService Client Validation should fail validation for client over age limit":
	  <li
	    class="jasmine-passed"
	    id="spec_spec125"
	    title="BusinessRulesService Client Validation should fail validation for client over age limit"
	  />
	
	  Name "BusinessRulesService Client Validation should fail validation for underage client":
	  <li
	    class="jasmine-passed"
	    id="spec_spec124"
	    title="BusinessRulesService Client Validation should fail validation for underage client"
	  />
	
	  Name "BusinessRulesService Client Validation should filter rules by business flow correctly":
	  <li
	    class="jasmine-passed"
	    id="spec_spec128"
	    title="BusinessRulesService Client Validation should filter rules by business flow correctly"
	  />
	
	  Name "BusinessRulesService Client Validation should fail validation for client with missing documents":
	  <li
	    class="jasmine-passed"
	    id="spec_spec123"
	    title="BusinessRulesService Client Validation should fail validation for client with missing documents"
	  />
	
	  Name "BusinessRulesService Helper Methods should consolidate validation results correctly":
	  <li
	    class="jasmine-passed"
	    id="spec_spec155"
	    title="BusinessRulesService Helper Methods should consolidate validation results correctly"
	  />
	
	  Name "BusinessRulesService Helper Methods should get ecosystem required documents":
	  <li
	    class="jasmine-passed"
	    id="spec_spec156"
	    title="BusinessRulesService Helper Methods should get ecosystem required documents"
	  />
	
	  Name "BusinessRulesService Helper Methods should generate ecosystem validation notes":
	  <li
	    class="jasmine-passed"
	    id="spec_spec157"
	    title="BusinessRulesService Helper Methods should generate ecosystem validation notes"
	  />
	
	  Name "BusinessRulesService AGS Specific Validations should validate AGS term requirements (12 or 24 months)":
	  <li
	    class="jasmine-passed"
	    id="spec_spec130"
	    title="BusinessRulesService AGS Specific Validations should validate AGS term requirements (12 or 24 months)"
	  />
	
	  Name "BusinessRulesService AGS Specific Validations should validate AGS required documents":
	  <li
	    class="jasmine-passed"
	    id="spec_spec132"
	    title="BusinessRulesService AGS Specific Validations should validate AGS required documents"
	  />
	
	  Name "BusinessRulesService AGS Specific Validations should validate AGS minimum income ($15,000)":
	  <li
	    class="jasmine-passed"
	    id="spec_spec131"
	    title="BusinessRulesService AGS Specific Validations should validate AGS minimum income ($15,000)"
	  />
	
	  Name "BusinessRulesService AGS Specific Validations should validate AGS down payment requirement (60%)":
	  <li
	    class="jasmine-passed"
	    id="spec_spec129"
	    title="BusinessRulesService AGS Specific Validations should validate AGS down payment requirement (60%)"
	  />
	
	  Name "BusinessRulesService EdoMex Specific Validations should validate EdoMex payment capacity ($20,000 minimum)":
	  <li
	    class="jasmine-passed"
	    id="spec_spec137"
	    title="BusinessRulesService EdoMex Specific Validations should validate EdoMex payment capacity ($20,000 minimum)"
	  />
	
	  Name "BusinessRulesService EdoMex Specific Validations should require group assignment for collective credit":
	  <li
	    class="jasmine-passed"
	    id="spec_spec136"
	    title="BusinessRulesService EdoMex Specific Validations should require group assignment for collective credit"
	  />
	
	  Name "BusinessRulesService EdoMex Specific Validations should validate collective group requirements":
	  <li
	    class="jasmine-passed"
	    id="spec_spec135"
	    title="BusinessRulesService EdoMex Specific Validations should validate collective group requirements"
	  />
	
	  Name "BusinessRulesService EdoMex Specific Validations should warn about high payment-to-income ratio":
	  <li
	    class="jasmine-passed"
	    id="spec_spec138"
	    title="BusinessRulesService EdoMex Specific Validations should warn about high payment-to-income ratio"
	  />
	
	  Name "BusinessRulesService EdoMex Specific Validations should validate EdoMex ecosystem documents":
	  <li
	    class="jasmine-passed"
	    id="spec_spec134"
	    title="BusinessRulesService EdoMex Specific Validations should validate EdoMex ecosystem documents"
	  />
	
	  Name "BusinessRulesService EdoMex Specific Validations should require ecosystem assignment for EdoMex":
	  <li
	    class="jasmine-passed"
	    id="spec_spec133"
	    title="BusinessRulesService EdoMex Specific Validations should require ecosystem assignment for EdoMex"
	  />
	
	  Name "BusinessRulesService Ecosystem Validation should fail ecosystem validation for client without ecosystem":
	  <li
	    class="jasmine-passed"
	    id="spec_spec140"
	    title="BusinessRulesService Ecosystem Validation should fail ecosystem validation for client without ecosystem"
	  />
	
	  Name "BusinessRulesService Ecosystem Validation should throw error for AGS client ecosystem validation":
	  <li
	    class="jasmine-passed"
	    id="spec_spec141"
	    title="BusinessRulesService Ecosystem Validation should throw error for AGS client ecosystem validation"
	  />
	
	  Name "BusinessRulesService Ecosystem Validation should validate ecosystem for EdoMex client":
	  <li
	    class="jasmine-failed"
	    id="spec_spec139"
	    title="BusinessRulesService Ecosystem Validation should validate ecosystem for EdoMex client"
	  />
	
	  Name "BusinessRulesService Ecosystem Validation should identify missing ecosystem documents":
	  <li
	    class="jasmine-passed"
	    id="spec_spec142"
	    title="BusinessRulesService Ecosystem Validation should identify missing ecosystem documents"
	  />
	
	  Name "MetaMapService KYC Button Creation should create MetaMap button successfully":
	  <li
	    class="jasmine-passed"
	    id="spec_spec507"
	    title="MetaMapService KYC Button Creation should create MetaMap button successfully"
	  />
	
	  Name "MetaMapService KYC Button Creation should handle container not found error":
	  <li
	    class="jasmine-passed"
	    id="spec_spec508"
	    title="MetaMapService KYC Button Creation should handle container not found error"
	  />
	
	  Name "MetaMapService KYC Button Creation should emit KYC success event":
	  <li
	    class="jasmine-passed"
	    id="spec_spec509"
	    title="MetaMapService KYC Button Creation should emit KYC success event"
	  />
	
	  Name "MetaMapService KYC Button Creation should cleanup event listeners on unsubscribe":
	  <li
	    class="jasmine-passed"
	    id="spec_spec512"
	    title="MetaMapService KYC Button Creation should cleanup event listeners on unsubscribe"
	  />
	
	  Name "MetaMapService KYC Button Creation should emit KYC exit event":
	  <li
	    class="jasmine-passed"
	    id="spec_spec510"
	    title="MetaMapService KYC Button Creation should emit KYC exit event"
	  />
	
	  Name "MetaMapService KYC Button Creation should call optional callback functions":
	  <li
	    class="jasmine-passed"
	    id="spec_spec511"
	    title="MetaMapService KYC Button Creation should call optional callback functions"
	  />
	
	  Name "MetaMapService KYC Completion should handle database update errors":
	  <li
	    class="jasmine-passed"
	    id="spec_spec516"
	    title="MetaMapService KYC Completion should handle database update errors"
	  />
	
	  Name "MetaMapService KYC Completion should handle client not found error":
	  <li
	    class="jasmine-passed"
	    id="spec_spec514"
	    title="MetaMapService KYC Completion should handle client not found error"
	  />
	
	  Name "MetaMapService KYC Completion should cap health score at 100":
	  <li
	    class="jasmine-passed"
	    id="spec_spec515"
	    title="MetaMapService KYC Completion should cap health score at 100"
	  />
	
	  Name "MetaMapService KYC Completion should complete KYC successfully":
	  <li
	    class="jasmine-passed"
	    id="spec_spec513"
	    title="MetaMapService KYC Completion should complete KYC successfully"
	  />
	
	  Name "MetaMapService Service Initialization should be created":
	  <li
	    class="jasmine-passed"
	    id="spec_spec504"
	    title="MetaMapService Service Initialization should be created"
	  />
	
	  Name "MetaMapService Service Initialization should initialize MetaMap SDK on creation":
	  <li
	    class="jasmine-passed"
	    id="spec_spec505"
	    title="MetaMapService Service Initialization should initialize MetaMap SDK on creation"
	  />
	
	  Name "MetaMapService Service Initialization should not reload SDK if already present":
	  <li
	    class="jasmine-passed"
	    id="spec_spec506"
	    title="MetaMapService Service Initialization should not reload SDK if already present"
	  />
	
	  Name "MetaMapService KYC Prerequisites Validation should detect missing comprobante de domicilio":
	  <li
	    class="jasmine-passed"
	    id="spec_spec519"
	    title="MetaMapService KYC Prerequisites Validation should detect missing comprobante de domicilio"
	  />
	
	  Name "MetaMapService KYC Prerequisites Validation should validate prerequisites for ready client":
	  <li
	    class="jasmine-passed"
	    id="spec_spec517"
	    title="MetaMapService KYC Prerequisites Validation should validate prerequisites for ready client"
	  />
	
	  Name "MetaMapService KYC Prerequisites Validation should detect multiple missing documents":
	  <li
	    class="jasmine-passed"
	    id="spec_spec521"
	    title="MetaMapService KYC Prerequisites Validation should detect multiple missing documents"
	  />
	
	  Name "MetaMapService KYC Prerequisites Validation should detect already completed KYC":
	  <li
	    class="jasmine-passed"
	    id="spec_spec520"
	    title="MetaMapService KYC Prerequisites Validation should detect already completed KYC"
	  />
	
	  Name "MetaMapService KYC Prerequisites Validation should detect missing INE document":
	  <li
	    class="jasmine-passed"
	    id="spec_spec518"
	    title="MetaMapService KYC Prerequisites Validation should detect missing INE document"
	  />
	
	  Name "MetaMapService KYC Status Reporting should report in_progress status":
	  <li
	    class="jasmine-passed"
	    id="spec_spec525"
	    title="MetaMapService KYC Status Reporting should report in_progress status"
	  />
	
	  Name "MetaMapService KYC Status Reporting should report failed status with retry option":
	  <li
	    class="jasmine-passed"
	    id="spec_spec524"
	    title="MetaMapService KYC Status Reporting should report failed status with retry option"
	  />
	
	  Name "MetaMapService KYC Status Reporting should report not_started for client without KYC document":
	  <li
	    class="jasmine-passed"
	    id="spec_spec527"
	    title="MetaMapService KYC Status Reporting should report not_started for client without KYC document"
	  />
	
	  Name "MetaMapService KYC Status Reporting should report prerequisites_missing status":
	  <li
	    class="jasmine-passed"
	    id="spec_spec526"
	    title="MetaMapService KYC Status Reporting should report prerequisites_missing status"
	  />
	
	  Name "MetaMapService KYC Status Reporting should report completed status":
	  <li
	    class="jasmine-passed"
	    id="spec_spec523"
	    title="MetaMapService KYC Status Reporting should report completed status"
	  />
	
	  Name "MetaMapService KYC Status Reporting should report ready status":
	  <li
	    class="jasmine-passed"
	    id="spec_spec522"
	    title="MetaMapService KYC Status Reporting should report ready status"
	  />
	
	  Name "MetaMapService SDK Availability Check should detect SDK availability when Mati object exists":
	  <li
	    class="jasmine-passed"
	    id="spec_spec531"
	    title="MetaMapService SDK Availability Check should detect SDK availability when Mati object exists"
	  />
	
	  Name "MetaMapService SDK Availability Check should report SDK as unavailable when neither exists":
	  <li
	    class="jasmine-passed"
	    id="spec_spec533"
	    title="MetaMapService SDK Availability Check should report SDK as unavailable when neither exists"
	  />
	
	  Name "MetaMapService SDK Availability Check should wait for page load when document not ready":
	  <li
	    class="jasmine-passed"
	    id="spec_spec535"
	    title="MetaMapService SDK Availability Check should wait for page load when document not ready"
	  />
	
	  Name "MetaMapService SDK Availability Check should detect SDK availability when metamap-button exists":
	  <li
	    class="jasmine-passed"
	    id="spec_spec532"
	    title="MetaMapService SDK Availability Check should detect SDK availability when metamap-button exists"
	  />
	
	  Name "MetaMapService SDK Availability Check should handle server-side rendering (no window object)":
	  <li
	    class="jasmine-pending"
	    id="spec_spec534"
	    title="MetaMapService SDK Availability Check should handle server-side rendering (no window object)"
	  />
	
	  Name "MetaMapService KYC Failure Simulation should handle client not found in failure simulation":
	  <li
	    class="jasmine-passed"
	    id="spec_spec530"
	    title="MetaMapService KYC Failure Simulation should handle client not found in failure simulation"
	  />
	
	  Name "MetaMapService KYC Failure Simulation should use default failure reason":
	  <li
	    class="jasmine-passed"
	    id="spec_spec529"
	    title="MetaMapService KYC Failure Simulation should use default failure reason"
	  />
	
	  Name "MetaMapService KYC Failure Simulation should simulate KYC failure":
	  <li
	    class="jasmine-passed"
	    id="spec_spec528"
	    title="MetaMapService KYC Failure Simulation should simulate KYC failure"
	  />
	
	  Name "MetaMapService Edge Cases and Error Handling should handle client without KYC document in completion":
	  <li
	    class="jasmine-passed"
	    id="spec_spec537"
	    title="MetaMapService Edge Cases and Error Handling should handle client without KYC document in completion"
	  />
	
	  Name "MetaMapService Edge Cases and Error Handling should handle exit event without reason":
	  <li
	    class="jasmine-passed"
	    id="spec_spec536"
	    title="MetaMapService Edge Cases and Error Handling should handle exit event without reason"
	  />
	
	  Name "MetaMapService Edge Cases and Error Handling should handle button creation with existing button in container":
	  <li
	    class="jasmine-passed"
	    id="spec_spec539"
	    title="MetaMapService Edge Cases and Error Handling should handle button creation with existing button in container"
	  />
	
	  Name "MetaMapService Edge Cases and Error Handling should handle empty verification data":
	  <li
	    class="jasmine-passed"
	    id="spec_spec538"
	    title="MetaMapService Edge Cases and Error Handling should handle empty verification data"
	  />
	
	  Name "LoginComponent Integration Tests should handle form submission with valid data":
	  <li
	    class="jasmine-failed"
	    id="spec_spec913"
	    title="LoginComponent Integration Tests should handle form submission with valid data"
	  />
	
	  Name "LoginComponent Integration Tests should show validation errors when form is submitted empty":
	  <li
	    class="jasmine-failed"
	    id="spec_spec910"
	    title="LoginComponent Integration Tests should show validation errors when form is submitted empty"
	  />
	
	  Name "LoginComponent Integration Tests should have proper accessibility attributes":
	  <li
	    class="jasmine-passed"
	    id="spec_spec915"
	    title="LoginComponent Integration Tests should have proper accessibility attributes"
	  />
	
	  Name "LoginComponent Integration Tests should enable submit button when form is valid":
	  <li
	    class="jasmine-failed"
	    id="spec_spec912"
	    title="LoginComponent Integration Tests should enable submit button when form is valid"
	  />
	
	  Name "LoginComponent Integration Tests should show email format error for invalid email":
	  <li
	    class="jasmine-passed"
	    id="spec_spec911"
	    title="LoginComponent Integration Tests should show email format error for invalid email"
	  />
	
	  Name "LoginComponent Integration Tests should display brand information":
	  <li
	    class="jasmine-passed"
	    id="spec_spec916"
	    title="LoginComponent Integration Tests should display brand information"
	  />
	
	  Name "LoginComponent Integration Tests should toggle password visibility":
	  <li
	    class="jasmine-passed"
	    id="spec_spec914"
	    title="LoginComponent Integration Tests should toggle password visibility"
	  />
	
	  Name "LoginComponent Integration Tests should render login form with all required fields":
	  <li
	    class="jasmine-failed"
	    id="spec_spec909"
	    title="LoginComponent Integration Tests should render login form with all required fields"
	  />
	
	  Name "HttpClientService POST Requests should show success message for POST requests":
	  <li
	    class="jasmine-passed"
	    id="spec_spec450"
	    title="HttpClientService POST Requests should show success message for POST requests"
	  />
	
	  Name "HttpClientService POST Requests should retry POST requests once":
	  <li
	    class="jasmine-empty"
	    id="spec_spec451"
	    title="HttpClientService POST Requests should retry POST requests once"
	  />
	
	  Name "HttpClientService POST Requests should perform POST request with data":
	  <li
	    class="jasmine-passed"
	    id="spec_spec449"
	    title="HttpClientService POST Requests should perform POST request with data"
	  />
	
	  Name "HttpClientService Success Handling should not log successful responses without messages":
	  <li
	    class="jasmine-passed"
	    id="spec_spec475"
	    title="HttpClientService Success Handling should not log successful responses without messages"
	  />
	
	  Name "HttpClientService Success Handling should log successful responses with messages":
	  <li
	    class="jasmine-passed"
	    id="spec_spec474"
	    title="HttpClientService Success Handling should log successful responses with messages"
	  />
	
	  Name "HttpClientService API Health Check should check API health successfully":
	  <li
	    class="jasmine-passed"
	    id="spec_spec469"
	    title="HttpClientService API Health Check should check API health successfully"
	  />
	
	  Name "HttpClientService API Health Check should handle API health check failure":
	  <li
	    class="jasmine-passed"
	    id="spec_spec471"
	    title="HttpClientService API Health Check should handle API health check failure"
	  />
	
	  Name "HttpClientService API Health Check should handle unhealthy API response":
	  <li
	    class="jasmine-passed"
	    id="spec_spec470"
	    title="HttpClientService API Health Check should handle unhealthy API response"
	  />
	
	  Name "HttpClientService GET Requests should retry failed GET requests":
	  <li
	    class="jasmine-empty"
	    id="spec_spec448"
	    title="HttpClientService GET Requests should retry failed GET requests"
	  />
	
	  Name "HttpClientService GET Requests should handle GET request with custom parameters":
	  <li
	    class="jasmine-passed"
	    id="spec_spec446"
	    title="HttpClientService GET Requests should handle GET request with custom parameters"
	  />
	
	  Name "HttpClientService GET Requests should add authentication headers":
	  <li
	    class="jasmine-passed"
	    id="spec_spec447"
	    title="HttpClientService GET Requests should add authentication headers"
	  />
	
	  Name "HttpClientService GET Requests should perform GET request with default options":
	  <li
	    class="jasmine-passed"
	    id="spec_spec445"
	    title="HttpClientService GET Requests should perform GET request with default options"
	  />
	
	  Name "HttpClientService Header Management should work without authentication token":
	  <li
	    class="jasmine-passed"
	    id="spec_spec460"
	    title="HttpClientService Header Management should work without authentication token"
	  />
	
	  Name "HttpClientService Header Management should merge custom headers with default headers":
	  <li
	    class="jasmine-passed"
	    id="spec_spec459"
	    title="HttpClientService Header Management should merge custom headers with default headers"
	  />
	
	  Name "HttpClientService Loading State Management should not show loading when disabled":
	  <li
	    class="jasmine-passed"
	    id="spec_spec473"
	    title="HttpClientService Loading State Management should not show loading when disabled"
	  />
	
	  Name "HttpClientService Loading State Management should manage loading state for multiple requests":
	  <li
	    class="jasmine-passed"
	    id="spec_spec472"
	    title="HttpClientService Loading State Management should manage loading state for multiple requests"
	  />
	
	  Name "HttpClientService File Upload should upload file with FormData":
	  <li
	    class="jasmine-passed"
	    id="spec_spec454"
	    title="HttpClientService File Upload should upload file with FormData"
	  />
	
	  Name "HttpClientService File Upload should upload file without additional data":
	  <li
	    class="jasmine-passed"
	    id="spec_spec455"
	    title="HttpClientService File Upload should upload file without additional data"
	  />
	
	  Name "HttpClientService Connection Monitoring should detect offline status change":
	  <li
	    class="jasmine-passed"
	    id="spec_spec443"
	    title="HttpClientService Connection Monitoring should detect offline status change"
	  />
	
	  Name "HttpClientService Connection Monitoring should detect online status change":
	  <li
	    class="jasmine-passed"
	    id="spec_spec442"
	    title="HttpClientService Connection Monitoring should detect online status change"
	  />
	
	  Name "HttpClientService Connection Monitoring should provide current connection status":
	  <li
	    class="jasmine-passed"
	    id="spec_spec444"
	    title="HttpClientService Connection Monitoring should provide current connection status"
	  />
	
	  Name "HttpClientService Error Handling should handle network connectivity issues":
	  <li
	    class="jasmine-failed"
	    id="spec_spec466"
	    title="HttpClientService Error Handling should handle network connectivity issues"
	  />
	
	  Name "HttpClientService Error Handling should handle 500 Internal Server Error":
	  <li
	    class="jasmine-passed"
	    id="spec_spec465"
	    title="HttpClientService Error Handling should handle 500 Internal Server Error"
	  />
	
	  Name "HttpClientService Error Handling should handle client-side errors":
	  <li
	    class="jasmine-passed"
	    id="spec_spec468"
	    title="HttpClientService Error Handling should handle client-side errors"
	  />
	
	  Name "HttpClientService Error Handling should not show error toast when showError is false":
	  <li
	    class="jasmine-passed"
	    id="spec_spec467"
	    title="HttpClientService Error Handling should not show error toast when showError is false"
	  />
	
	  Name "HttpClientService Error Handling should handle 422 Validation Error with detailed messages":
	  <li
	    class="jasmine-passed"
	    id="spec_spec464"
	    title="HttpClientService Error Handling should handle 422 Validation Error with detailed messages"
	  />
	
	  Name "HttpClientService Error Handling should handle 404 Not Found error":
	  <li
	    class="jasmine-passed"
	    id="spec_spec463"
	    title="HttpClientService Error Handling should handle 404 Not Found error"
	  />
	
	  Name "HttpClientService Error Handling should handle 401 Unauthorized and logout user":
	  <li
	    class="jasmine-passed"
	    id="spec_spec462"
	    title="HttpClientService Error Handling should handle 401 Unauthorized and logout user"
	  />
	
	  Name "HttpClientService Error Handling should handle 400 Bad Request error":
	  <li
	    class="jasmine-passed"
	    id="spec_spec461"
	    title="HttpClientService Error Handling should handle 400 Bad Request error"
	  />
	
	  Name "HttpClientService URL Building should handle nested endpoints":
	  <li
	    class="jasmine-empty"
	    id="spec_spec458"
	    title="HttpClientService URL Building should handle nested endpoints"
	  />
	
	  Name "HttpClientService URL Building should handle URLs with leading slash":
	  <li
	    class="jasmine-passed"
	    id="spec_spec457"
	    title="HttpClientService URL Building should handle URLs with leading slash"
	  />
	
	  Name "HttpClientService URL Building should build correct URLs":
	  <li
	    class="jasmine-passed"
	    id="spec_spec456"
	    title="HttpClientService URL Building should build correct URLs"
	  />
	
	  Name "HttpClientService PUT Requests should perform PUT request":
	  <li
	    class="jasmine-passed"
	    id="spec_spec452"
	    title="HttpClientService PUT Requests should perform PUT request"
	  />
	
	  Name "HttpClientService DELETE Requests should perform DELETE request":
	  <li
	    class="jasmine-passed"
	    id="spec_spec453"
	    title="HttpClientService DELETE Requests should perform DELETE request"
	  />
	
	  Name "HttpClientService Service Initialization should be created":
	  <li
	    class="jasmine-passed"
	    id="spec_spec440"
	    title="HttpClientService Service Initialization should be created"
	  />
	
	  Name "HttpClientService Service Initialization should initialize with connection status":
	  <li
	    class="jasmine-passed"
	    id="spec_spec441"
	    title="HttpClientService Service Initialization should initialize with connection status"
	  />
	
	  Name "DocumentValidationService Ecosystem Document Validation (EdoMex) should validate critical agremiado documents":
	  <li
	    class="jasmine-passed"
	    id="spec_spec380"
	    title="DocumentValidationService Ecosystem Document Validation (EdoMex) should validate critical agremiado documents"
	  />
	
	  Name "DocumentValidationService Ecosystem Document Validation (EdoMex) should detect missing critical ecosystem documents":
	  <li
	    class="jasmine-passed"
	    id="spec_spec378"
	    title="DocumentValidationService Ecosystem Document Validation (EdoMex) should detect missing critical ecosystem documents"
	  />
	
	  Name "DocumentValidationService Ecosystem Document Validation (EdoMex) should assess ecosystem risk level correctly":
	  <li
	    class="jasmine-passed"
	    id="spec_spec379"
	    title="DocumentValidationService Ecosystem Document Validation (EdoMex) should assess ecosystem risk level correctly"
	  />
	
	  Name "DocumentValidationService Ecosystem Document Validation (EdoMex) should validate complete ecosystem documents":
	  <li
	    class="jasmine-passed"
	    id="spec_spec377"
	    title="DocumentValidationService Ecosystem Document Validation (EdoMex) should validate complete ecosystem documents"
	  />
	
	  Name "DocumentValidationService Edge Cases and Error Handling should handle empty document list":
	  <li
	    class="jasmine-passed"
	    id="spec_spec395"
	    title="DocumentValidationService Edge Cases and Error Handling should handle empty document list"
	  />
	
	  Name "DocumentValidationService Edge Cases and Error Handling should handle clients without market assignment":
	  <li
	    class="jasmine-passed"
	    id="spec_spec397"
	    title="DocumentValidationService Edge Cases and Error Handling should handle clients without market assignment"
	  />
	
	  Name "DocumentValidationService Edge Cases and Error Handling should handle documents without names":
	  <li
	    class="jasmine-passed"
	    id="spec_spec396"
	    title="DocumentValidationService Edge Cases and Error Handling should handle documents without names"
	  />
	
	  Name "DocumentValidationService Edge Cases and Error Handling should generate compliance recommendations for various scenarios":
	  <li
	    class="jasmine-passed"
	    id="spec_spec399"
	    title="DocumentValidationService Edge Cases and Error Handling should generate compliance recommendations for various scenarios"
	  />
	
	  Name "DocumentValidationService Edge Cases and Error Handling should handle ecosystem validation with empty document list":
	  <li
	    class="jasmine-passed"
	    id="spec_spec398"
	    title="DocumentValidationService Edge Cases and Error Handling should handle ecosystem validation with empty document list"
	  />
	
	  Name "DocumentValidationService Validation Rules should assess legibility scores":
	  <li
	    class="jasmine-passed"
	    id="spec_spec394"
	    title="DocumentValidationService Validation Rules should assess legibility scores"
	  />
	
	  Name "DocumentValidationService Validation Rules should check document expiration":
	  <li
	    class="jasmine-passed"
	    id="spec_spec392"
	    title="DocumentValidationService Validation Rules should check document expiration"
	  />
	
	  Name "DocumentValidationService Validation Rules should validate file formats correctly":
	  <li
	    class="jasmine-passed"
	    id="spec_spec391"
	    title="DocumentValidationService Validation Rules should validate file formats correctly"
	  />
	
	  Name "DocumentValidationService Validation Rules should handle documents without expiration date":
	  <li
	    class="jasmine-passed"
	    id="spec_spec393"
	    title="DocumentValidationService Validation Rules should handle documents without expiration date"
	  />
	
	  Name "DocumentValidationService Document Validation should generate auto-corrections for fixable issues":
	  <li
	    class="jasmine-passed"
	    id="spec_spec370"
	    title="DocumentValidationService Document Validation should generate auto-corrections for fixable issues"
	  />
	
	  Name "DocumentValidationService Document Validation should validate document with valid format":
	  <li
	    class="jasmine-passed"
	    id="spec_spec367"
	    title="DocumentValidationService Document Validation should validate document with valid format"
	  />
	
	  Name "DocumentValidationService Document Validation should provide suggestions for improvement":
	  <li
	    class="jasmine-passed"
	    id="spec_spec371"
	    title="DocumentValidationService Document Validation should provide suggestions for improvement"
	  />
	
	  Name "DocumentValidationService Document Validation should detect invalid file format":
	  <li
	    class="jasmine-passed"
	    id="spec_spec368"
	    title="DocumentValidationService Document Validation should detect invalid file format"
	  />
	
	  Name "DocumentValidationService Document Validation should detect expired documents":
	  <li
	    class="jasmine-passed"
	    id="spec_spec369"
	    title="DocumentValidationService Document Validation should detect expired documents"
	  />
	
	  Name "DocumentValidationService Document Type Detection should provide suggestions for unclear filenames":
	  <li
	    class="jasmine-passed"
	    id="spec_spec389"
	    title="DocumentValidationService Document Type Detection should provide suggestions for unclear filenames"
	  />
	
	  Name "DocumentValidationService Document Type Detection should handle various file extensions":
	  <li
	    class="jasmine-passed"
	    id="spec_spec390"
	    title="DocumentValidationService Document Type Detection should handle various file extensions"
	  />
	
	  Name "DocumentValidationService Document Type Detection should detect INE from filename":
	  <li
	    class="jasmine-passed"
	    id="spec_spec385"
	    title="DocumentValidationService Document Type Detection should detect INE from filename"
	  />
	
	  Name "DocumentValidationService Document Type Detection should detect RFC documents":
	  <li
	    class="jasmine-passed"
	    id="spec_spec386"
	    title="DocumentValidationService Document Type Detection should detect RFC documents"
	  />
	
	  Name "DocumentValidationService Document Type Detection should detect ecosystem documents":
	  <li
	    class="jasmine-passed"
	    id="spec_spec387"
	    title="DocumentValidationService Document Type Detection should detect ecosystem documents"
	  />
	
	  Name "DocumentValidationService Document Type Detection should detect carta aval documents":
	  <li
	    class="jasmine-passed"
	    id="spec_spec388"
	    title="DocumentValidationService Document Type Detection should detect carta aval documents"
	  />
	
	  Name "DocumentValidationService Document Requirements by Market/Flow should return AGS specific requirements":
	  <li
	    class="jasmine-passed"
	    id="spec_spec381"
	    title="DocumentValidationService Document Requirements by Market/Flow should return AGS specific requirements"
	  />
	
	  Name "DocumentValidationService Document Requirements by Market/Flow should return EdoMex specific requirements":
	  <li
	    class="jasmine-passed"
	    id="spec_spec382"
	    title="DocumentValidationService Document Requirements by Market/Flow should return EdoMex specific requirements"
	  />
	
	  Name "DocumentValidationService Document Requirements by Market/Flow should filter requirements by flow type":
	  <li
	    class="jasmine-passed"
	    id="spec_spec383"
	    title="DocumentValidationService Document Requirements by Market/Flow should filter requirements by flow type"
	  />
	
	  Name "DocumentValidationService Document Requirements by Market/Flow should apply conditional requirements":
	  <li
	    class="jasmine-passed"
	    id="spec_spec384"
	    title="DocumentValidationService Document Requirements by Market/Flow should apply conditional requirements"
	  />
	
	  Name "DocumentValidationService Compliance Report Generation should generate compliance report for Aguascalientes client":
	  <li
	    class="jasmine-passed"
	    id="spec_spec372"
	    title="DocumentValidationService Compliance Report Generation should generate compliance report for Aguascalientes client"
	  />
	
	  Name "DocumentValidationService Compliance Report Generation should identify missing documents":
	  <li
	    class="jasmine-passed"
	    id="spec_spec373"
	    title="DocumentValidationService Compliance Report Generation should identify missing documents"
	  />
	
	  Name "DocumentValidationService Compliance Report Generation should categorize documents correctly":
	  <li
	    class="jasmine-passed"
	    id="spec_spec374"
	    title="DocumentValidationService Compliance Report Generation should categorize documents correctly"
	  />
	
	  Name "DocumentValidationService Compliance Report Generation should provide blocking issues for incomplete documents":
	  <li
	    class="jasmine-passed"
	    id="spec_spec375"
	    title="DocumentValidationService Compliance Report Generation should provide blocking issues for incomplete documents"
	  />
	
	  Name "DocumentValidationService Compliance Report Generation should generate appropriate next steps":
	  <li
	    class="jasmine-passed"
	    id="spec_spec376"
	    title="DocumentValidationService Compliance Report Generation should generate appropriate next steps"
	  />
	
	  Name "DocumentValidationService Service Initialization should initialize document requirements":
	  <li
	    class="jasmine-passed"
	    id="spec_spec366"
	    title="DocumentValidationService Service Initialization should initialize document requirements"
	  />
	
	  Name "DocumentValidationService Service Initialization should be created":
	  <li
	    class="jasmine-passed"
	    id="spec_spec365"
	    title="DocumentValidationService Service Initialization should be created"
	  />
	
	  Name "ConektaPaymentService Payment History and Status should get payment history with customer filter":
	  <li
	    class="jasmine-passed"
	    id="spec_spec183"
	    title="ConektaPaymentService Payment History and Status should get payment history with customer filter"
	  />
	
	  Name "ConektaPaymentService Payment History and Status should get payment history without customer filter":
	  <li
	    class="jasmine-passed"
	    id="spec_spec182"
	    title="ConektaPaymentService Payment History and Status should get payment history without customer filter"
	  />
	
	  Name "ConektaPaymentService Payment History and Status should get payment status":
	  <li
	    class="jasmine-passed"
	    id="spec_spec184"
	    title="ConektaPaymentService Payment History and Status should get payment status"
	  />
	
	  Name "ConektaPaymentService Error Handling Edge Cases should handle errors with simple message":
	  <li
	    class="jasmine-passed"
	    id="spec_spec192"
	    title="ConektaPaymentService Error Handling Edge Cases should handle errors with simple message"
	  />
	
	  Name "ConektaPaymentService Error Handling Edge Cases should handle errors without structured response":
	  <li
	    class="jasmine-passed"
	    id="spec_spec193"
	    title="ConektaPaymentService Error Handling Edge Cases should handle errors without structured response"
	  />
	
	  Name "ConektaPaymentService Test Methods should create test payment with custom amount":
	  <li
	    class="jasmine-passed"
	    id="spec_spec191"
	    title="ConektaPaymentService Test Methods should create test payment with custom amount"
	  />
	
	  Name "ConektaPaymentService Test Methods should create test payment with default amount":
	  <li
	    class="jasmine-passed"
	    id="spec_spec190"
	    title="ConektaPaymentService Test Methods should create test payment with default amount"
	  />
	
	  Name "ConektaPaymentService Business Logic Helpers should handle monthly payment setup errors":
	  <li
	    class="jasmine-passed"
	    id="spec_spec189"
	    title="ConektaPaymentService Business Logic Helpers should handle monthly payment setup errors"
	  />
	
	  Name "ConektaPaymentService Business Logic Helpers should create down payment link":
	  <li
	    class="jasmine-passed"
	    id="spec_spec188"
	    title="ConektaPaymentService Business Logic Helpers should create down payment link"
	  />
	
	  Name "ConektaPaymentService Webhook Validation should handle validation errors gracefully":
	  <li
	    class="jasmine-pending"
	    id="spec_spec187"
	    title="ConektaPaymentService Webhook Validation should handle validation errors gracefully"
	  />
	
	  Name "ConektaPaymentService Webhook Validation should reject incorrect webhook signature":
	  <li
	    class="jasmine-passed"
	    id="spec_spec186"
	    title="ConektaPaymentService Webhook Validation should reject incorrect webhook signature"
	  />
	
	  Name "ConektaPaymentService Webhook Validation should validate correct webhook signature":
	  <li
	    class="jasmine-passed"
	    id="spec_spec185"
	    title="ConektaPaymentService Webhook Validation should validate correct webhook signature"
	  />
	
	  Name "ConektaPaymentService Service Initialization should load Conekta SDK on initialization":
	  <li
	    class="jasmine-passed"
	    id="spec_spec166"
	    title="ConektaPaymentService Service Initialization should load Conekta SDK on initialization"
	  />
	
	  Name "ConektaPaymentService Service Initialization should be created":
	  <li
	    class="jasmine-passed"
	    id="spec_spec165"
	    title="ConektaPaymentService Service Initialization should be created"
	  />
	
	  Name "ConektaPaymentService Card Tokenization should tokenize valid card successfully":
	  <li
	    class="jasmine-passed"
	    id="spec_spec167"
	    title="ConektaPaymentService Card Tokenization should tokenize valid card successfully"
	  />
	
	  Name "ConektaPaymentService Card Tokenization should generate random tokens for other card numbers":
	  <li
	    class="jasmine-passed"
	    id="spec_spec169"
	    title="ConektaPaymentService Card Tokenization should generate random tokens for other card numbers"
	  />
	
	  Name "ConektaPaymentService Card Tokenization should handle tokenization errors":
	  <li
	    class="jasmine-passed"
	    id="spec_spec168"
	    title="ConektaPaymentService Card Tokenization should handle tokenization errors"
	  />
	
	  Name "ConektaPaymentService Payment Processing should handle payment processing errors":
	  <li
	    class="jasmine-passed"
	    id="spec_spec171"
	    title="ConektaPaymentService Payment Processing should handle payment processing errors"
	  />
	
	  Name "ConektaPaymentService Payment Processing should process card payment successfully":
	  <li
	    class="jasmine-passed"
	    id="spec_spec170"
	    title="ConektaPaymentService Payment Processing should process card payment successfully"
	  />
	
	  Name "ConektaPaymentService Payment Links (Cash Payments) should set default expiration if not provided":
	  <li
	    class="jasmine-passed"
	    id="spec_spec173"
	    title="ConektaPaymentService Payment Links (Cash Payments) should set default expiration if not provided"
	  />
	
	  Name "ConektaPaymentService Payment Links (Cash Payments) should create payment link for cash payments":
	  <li
	    class="jasmine-passed"
	    id="spec_spec172"
	    title="ConektaPaymentService Payment Links (Cash Payments) should create payment link for cash payments"
	  />
	
	  Name "ConektaPaymentService Customer Management should update customer":
	  <li
	    class="jasmine-passed"
	    id="spec_spec175"
	    title="ConektaPaymentService Customer Management should update customer"
	  />
	
	  Name "ConektaPaymentService Customer Management should create customer":
	  <li
	    class="jasmine-passed"
	    id="spec_spec174"
	    title="ConektaPaymentService Customer Management should create customer"
	  />
	
	  Name "ConektaPaymentService Customer Management should get customer":
	  <li
	    class="jasmine-passed"
	    id="spec_spec176"
	    title="ConektaPaymentService Customer Management should get customer"
	  />
	
	  Name "ConektaPaymentService Subscription Management should pause subscription":
	  <li
	    class="jasmine-passed"
	    id="spec_spec180"
	    title="ConektaPaymentService Subscription Management should pause subscription"
	  />
	
	  Name "ConektaPaymentService Subscription Management should get subscription":
	  <li
	    class="jasmine-passed"
	    id="spec_spec179"
	    title="ConektaPaymentService Subscription Management should get subscription"
	  />
	
	  Name "ConektaPaymentService Subscription Management should create subscription":
	  <li
	    class="jasmine-passed"
	    id="spec_spec178"
	    title="ConektaPaymentService Subscription Management should create subscription"
	  />
	
	  Name "ConektaPaymentService Subscription Management should cancel subscription":
	  <li
	    class="jasmine-passed"
	    id="spec_spec181"
	    title="ConektaPaymentService Subscription Management should cancel subscription"
	  />
	
	  Name "ConektaPaymentService Subscription Management should create subscription plan":
	  <li
	    class="jasmine-passed"
	    id="spec_spec177"
	    title="ConektaPaymentService Subscription Management should create subscription plan"
	  />
	
	  Name "ToastService Observable Behavior should emit each toast separately":
	  <li
	    class="jasmine-passed"
	    id="spec_spec799"
	    title="ToastService Observable Behavior should emit each toast separately"
	  />
	
	  Name "ToastService Observable Behavior should emit toasts through observable":
	  <li
	    class="jasmine-passed"
	    id="spec_spec797"
	    title="ToastService Observable Behavior should emit toasts through observable"
	  />
	
	  Name "ToastService Observable Behavior should support multiple subscribers":
	  <li
	    class="jasmine-passed"
	    id="spec_spec798"
	    title="ToastService Observable Behavior should support multiple subscribers"
	  />
	
	  Name "ToastService Edge Cases should handle very long message":
	  <li
	    class="jasmine-passed"
	    id="spec_spec801"
	    title="ToastService Edge Cases should handle very long message"
	  />
	
	  Name "ToastService Edge Cases should handle empty message":
	  <li
	    class="jasmine-passed"
	    id="spec_spec800"
	    title="ToastService Edge Cases should handle empty message"
	  />
	
	  Name "ToastService Edge Cases should handle rapid consecutive toasts":
	  <li
	    class="jasmine-failed"
	    id="spec_spec805"
	    title="ToastService Edge Cases should handle rapid consecutive toasts"
	  />
	
	  Name "ToastService Edge Cases should handle special characters in message":
	  <li
	    class="jasmine-passed"
	    id="spec_spec804"
	    title="ToastService Edge Cases should handle special characters in message"
	  />
	
	  Name "ToastService Edge Cases should handle negative duration":
	  <li
	    class="jasmine-passed"
	    id="spec_spec803"
	    title="ToastService Edge Cases should handle negative duration"
	  />
	
	  Name "ToastService Edge Cases should handle zero duration":
	  <li
	    class="jasmine-passed"
	    id="spec_spec802"
	    title="ToastService Edge Cases should handle zero duration"
	  />
	
	  Name "ToastService Toast State Management should handle removing all toasts":
	  <li
	    class="jasmine-passed"
	    id="spec_spec807"
	    title="ToastService Toast State Management should handle removing all toasts"
	  />
	
	  Name "ToastService Toast State Management should maintain correct state after multiple operations":
	  <li
	    class="jasmine-failed"
	    id="spec_spec806"
	    title="ToastService Toast State Management should maintain correct state after multiple operations"
	  />
	
	  Name "ToastService Service Initialization should have toasts$ observable":
	  <li
	    class="jasmine-passed"
	    id="spec_spec780"
	    title="ToastService Service Initialization should have toasts$ observable"
	  />
	
	  Name "ToastService Service Initialization should initialize with empty toasts array":
	  <li
	    class="jasmine-passed"
	    id="spec_spec779"
	    title="ToastService Service Initialization should initialize with empty toasts array"
	  />
	
	  Name "ToastService Service Initialization should be created":
	  <li
	    class="jasmine-passed"
	    id="spec_spec778"
	    title="ToastService Service Initialization should be created"
	  />
	
	  Name "ToastService Success Toast should create success toast with default duration":
	  <li
	    class="jasmine-passed"
	    id="spec_spec781"
	    title="ToastService Success Toast should create success toast with default duration"
	  />
	
	  Name "ToastService Success Toast should create success toast with custom duration":
	  <li
	    class="jasmine-passed"
	    id="spec_spec782"
	    title="ToastService Success Toast should create success toast with custom duration"
	  />
	
	  Name "ToastService Success Toast should add success toast to toasts array":
	  <li
	    class="jasmine-passed"
	    id="spec_spec783"
	    title="ToastService Success Toast should add success toast to toasts array"
	  />
	
	  Name "ToastService Warning Toast should create warning toast with default duration":
	  <li
	    class="jasmine-passed"
	    id="spec_spec786"
	    title="ToastService Warning Toast should create warning toast with default duration"
	  />
	
	  Name "ToastService Warning Toast should create warning toast with custom duration":
	  <li
	    class="jasmine-passed"
	    id="spec_spec787"
	    title="ToastService Warning Toast should create warning toast with custom duration"
	  />
	
	  Name "ToastService Error Toast should create error toast with default duration":
	  <li
	    class="jasmine-passed"
	    id="spec_spec784"
	    title="ToastService Error Toast should create error toast with default duration"
	  />
	
	  Name "ToastService Error Toast should create error toast with custom duration":
	  <li
	    class="jasmine-passed"
	    id="spec_spec785"
	    title="ToastService Error Toast should create error toast with custom duration"
	  />
	
	  Name "ToastService Info Toast should create info toast with default duration":
	  <li
	    class="jasmine-passed"
	    id="spec_spec788"
	    title="ToastService Info Toast should create info toast with default duration"
	  />
	
	  Name "ToastService Info Toast should create info toast with custom duration":
	  <li
	    class="jasmine-passed"
	    id="spec_spec789"
	    title="ToastService Info Toast should create info toast with custom duration"
	  />
	
	  Name "ToastService Toast Management should handle removing non-existent toast ID":
	  <li
	    class="jasmine-passed"
	    id="spec_spec792"
	    title="ToastService Toast Management should handle removing non-existent toast ID"
	  />
	
	  Name "ToastService Toast Management should remove only specified toast when multiple exist":
	  <li
	    class="jasmine-failed"
	    id="spec_spec793"
	    title="ToastService Toast Management should remove only specified toast when multiple exist"
	  />
	
	  Name "ToastService Toast Management should generate unique IDs for different toasts":
	  <li
	    class="jasmine-failed"
	    id="spec_spec790"
	    title="ToastService Toast Management should generate unique IDs for different toasts"
	  />
	
	  Name "ToastService Toast Management should remove toast by ID":
	  <li
	    class="jasmine-passed"
	    id="spec_spec791"
	    title="ToastService Toast Management should remove toast by ID"
	  />
	
	  Name "ToastService Auto-removal Functionality should handle manual removal before auto-removal":
	  <li
	    class="jasmine-passed"
	    id="spec_spec796"
	    title="ToastService Auto-removal Functionality should handle manual removal before auto-removal"
	  />
	
	  Name "ToastService Auto-removal Functionality should auto-remove toast after specified duration":
	  <li
	    class="jasmine-passed"
	    id="spec_spec794"
	    title="ToastService Auto-removal Functionality should auto-remove toast after specified duration"
	  />
	
	  Name "ToastService Auto-removal Functionality should auto-remove multiple toasts at different times":
	  <li
	    class="jasmine-failed"
	    id="spec_spec795"
	    title="ToastService Auto-removal Functionality should auto-remove multiple toasts at different times"
	  />
	
	  Name "math.util safe operations should reduce FP drift":
	  <li
	    class="jasmine-passed"
	    id="spec_spec844"
	    title="math.util safe operations should reduce FP drift"
	  />
	
	  Name "math.util round2 should round to 2 decimals":
	  <li
	    class="jasmine-passed"
	    id="spec_spec843"
	    title="math.util round2 should round to 2 decimals"
	  />
	
	  Name "math.util annuity should compute payment correctly":
	  <li
	    class="jasmine-passed"
	    id="spec_spec847"
	    title="math.util annuity should compute payment correctly"
	  />
	
	  Name "math.util clamp should bound values":
	  <li
	    class="jasmine-passed"
	    id="spec_spec845"
	    title="math.util clamp should bound values"
	  />
	
	  Name "math.util monthsToYearsCeil should ceil to years":
	  <li
	    class="jasmine-passed"
	    id="spec_spec849"
	    title="math.util monthsToYearsCeil should ceil to years"
	  />
	
	  Name "math.util helpers should aggregate values":
	  <li
	    class="jasmine-passed"
	    id="spec_spec848"
	    title="math.util helpers should aggregate values"
	  />
	
	  Name "math.util rate conversions should be consistent":
	  <li
	    class="jasmine-passed"
	    id="spec_spec846"
	    title="math.util rate conversions should be consistent"
	  />
	
	  Name "format.util formatCurrencyMXN should format with symbol and two decimals":
	  <li
	    class="jasmine-passed"
	    id="spec_spec839"
	    title="format.util formatCurrencyMXN should format with symbol and two decimals"
	  />
	
	  Name "format.util parseCurrency should parse strings with symbols and commas":
	  <li
	    class="jasmine-passed"
	    id="spec_spec840"
	    title="format.util parseCurrency should parse strings with symbols and commas"
	  />
	
	  Name "format.util toYears should render human friendly term":
	  <li
	    class="jasmine-passed"
	    id="spec_spec842"
	    title="format.util toYears should render human friendly term"
	  />
	
	  Name "format.util formatPercent should format with default decimals":
	  <li
	    class="jasmine-passed"
	    id="spec_spec841"
	    title="format.util formatPercent should format with default decimals"
	  />
	
	  Name "BackendApiService Error Handling Edge Cases should handle storage errors gracefully":
	  <li
	    class="jasmine-passed"
	    id="spec_spec114"
	    title="BackendApiService Error Handling Edge Cases should handle storage errors gracefully"
	  />
	
	  Name "BackendApiService Error Handling Edge Cases should handle null client data from local storage":
	  <li
	    class="jasmine-passed"
	    id="spec_spec113"
	    title="BackendApiService Error Handling Edge Cases should handle null client data from local storage"
	  />
	
	  Name "BackendApiService Error Handling Edge Cases should handle unknown action types in sync":
	  <li
	    class="jasmine-passed"
	    id="spec_spec115"
	    title="BackendApiService Error Handling Edge Cases should handle unknown action types in sync"
	  />
	
	  Name "BackendApiService Contract Management should get contract successfully":
	  <li
	    class="jasmine-passed"
	    id="spec_spec90"
	    title="BackendApiService Contract Management should get contract successfully"
	  />
	
	  Name "BackendApiService Contract Management should fallback to local storage when getting client contracts fails":
	  <li
	    class="jasmine-passed"
	    id="spec_spec93"
	    title="BackendApiService Contract Management should fallback to local storage when getting client contracts fails"
	  />
	
	  Name "BackendApiService Contract Management should get client contracts successfully":
	  <li
	    class="jasmine-passed"
	    id="spec_spec92"
	    title="BackendApiService Contract Management should get client contracts successfully"
	  />
	
	  Name "BackendApiService Contract Management should handle create contract offline mode":
	  <li
	    class="jasmine-passed"
	    id="spec_spec89"
	    title="BackendApiService Contract Management should handle create contract offline mode"
	  />
	
	  Name "BackendApiService Contract Management should create contract successfully":
	  <li
	    class="jasmine-passed"
	    id="spec_spec88"
	    title="BackendApiService Contract Management should create contract successfully"
	  />
	
	  Name "BackendApiService Contract Management should fallback to local storage when getting contract fails":
	  <li
	    class="jasmine-passed"
	    id="spec_spec91"
	    title="BackendApiService Contract Management should fallback to local storage when getting contract fails"
	  />
	
	  Name "BackendApiService Mock Data Generation should generate all mock ecosystems when no market filter":
	  <li
	    class="jasmine-passed"
	    id="spec_spec112"
	    title="BackendApiService Mock Data Generation should generate all mock ecosystems when no market filter"
	  />
	
	  Name "BackendApiService Mock Data Generation should generate mock ecosystems for EDOMEX market":
	  <li
	    class="jasmine-passed"
	    id="spec_spec111"
	    title="BackendApiService Mock Data Generation should generate mock ecosystems for EDOMEX market"
	  />
	
	  Name "BackendApiService Mock Data Generation should generate mock ecosystems for AGS market":
	  <li
	    class="jasmine-passed"
	    id="spec_spec110"
	    title="BackendApiService Mock Data Generation should generate mock ecosystems for AGS market"
	  />
	
	  Name "BackendApiService Service Initialization should have correct API configuration":
	  <li
	    class="jasmine-passed"
	    id="spec_spec79"
	    title="BackendApiService Service Initialization should have correct API configuration"
	  />
	
	  Name "BackendApiService Service Initialization should initialize with online status":
	  <li
	    class="jasmine-passed"
	    id="spec_spec78"
	    title="BackendApiService Service Initialization should initialize with online status"
	  />
	
	  Name "BackendApiService Service Initialization should be created":
	  <li
	    class="jasmine-passed"
	    id="spec_spec77"
	    title="BackendApiService Service Initialization should be created"
	  />
	
	  Name "BackendApiService Client Management should create client successfully":
	  <li
	    class="jasmine-passed"
	    id="spec_spec80"
	    title="BackendApiService Client Management should create client successfully"
	  />
	
	  Name "BackendApiService Client Management should handle update client offline mode":
	  <li
	    class="jasmine-passed"
	    id="spec_spec83"
	    title="BackendApiService Client Management should handle update client offline mode"
	  />
	
	  Name "BackendApiService Client Management should handle create client offline mode":
	  <li
	    class="jasmine-passed"
	    id="spec_spec81"
	    title="BackendApiService Client Management should handle create client offline mode"
	  />
	
	  Name "BackendApiService Client Management should get client successfully":
	  <li
	    class="jasmine-passed"
	    id="spec_spec84"
	    title="BackendApiService Client Management should get client successfully"
	  />
	
	  Name "BackendApiService Client Management should update client successfully":
	  <li
	    class="jasmine-failed"
	    id="spec_spec82"
	    title="BackendApiService Client Management should update client successfully"
	  />
	
	  Name "BackendApiService Client Management should fallback to local storage when getting client fails":
	  <li
	    class="jasmine-passed"
	    id="spec_spec85"
	    title="BackendApiService Client Management should fallback to local storage when getting client fails"
	  />
	
	  Name "BackendApiService Client Management should return empty array when getting clients fails":
	  <li
	    class="jasmine-passed"
	    id="spec_spec87"
	    title="BackendApiService Client Management should return empty array when getting clients fails"
	  />
	
	  Name "BackendApiService Client Management should get clients with filters":
	  <li
	    class="jasmine-passed"
	    id="spec_spec86"
	    title="BackendApiService Client Management should get clients with filters"
	  />
	
	  Name "BackendApiService Sync Management should sync pending actions when coming online":
	  <li
	    class="jasmine-failed"
	    id="spec_spec104"
	    title="BackendApiService Sync Management should sync pending actions when coming online"
	  />
	
	  Name "BackendApiService Sync Management should handle sync errors gracefully":
	  <li
	    class="jasmine-passed"
	    id="spec_spec105"
	    title="BackendApiService Sync Management should handle sync errors gracefully"
	  />
	
	  Name "BackendApiService File Upload should upload document successfully":
	  <li
	    class="jasmine-passed"
	    id="spec_spec102"
	    title="BackendApiService File Upload should upload document successfully"
	  />
	
	  Name "BackendApiService File Upload should handle upload document offline mode":
	  <li
	    class="jasmine-passed"
	    id="spec_spec103"
	    title="BackendApiService File Upload should handle upload document offline mode"
	  />
	
	  Name "BackendApiService Network Status Management should update online status when network changes":
	  <li
	    class="jasmine-failed"
	    id="spec_spec108"
	    title="BackendApiService Network Status Management should update online status when network changes"
	  />
	
	  Name "BackendApiService Network Status Management should trigger sync when going back online":
	  <li
	    class="jasmine-failed"
	    id="spec_spec109"
	    title="BackendApiService Network Status Management should trigger sync when going back online"
	  />
	
	  Name "BackendApiService Health Check should return offline health status when API fails":
	  <li
	    class="jasmine-passed"
	    id="spec_spec107"
	    title="BackendApiService Health Check should return offline health status when API fails"
	  />
	
	  Name "BackendApiService Health Check should return online health status":
	  <li
	    class="jasmine-passed"
	    id="spec_spec106"
	    title="BackendApiService Health Check should return online health status"
	  />
	
	  Name "BackendApiService Ecosystem Management should update ecosystem capacity successfully":
	  <li
	    class="jasmine-passed"
	    id="spec_spec98"
	    title="BackendApiService Ecosystem Management should update ecosystem capacity successfully"
	  />
	
	  Name "BackendApiService Ecosystem Management should get ecosystem by ID successfully":
	  <li
	    class="jasmine-passed"
	    id="spec_spec97"
	    title="BackendApiService Ecosystem Management should get ecosystem by ID successfully"
	  />
	
	  Name "BackendApiService Ecosystem Management should return mock data when getting ecosystems fails":
	  <li
	    class="jasmine-passed"
	    id="spec_spec96"
	    title="BackendApiService Ecosystem Management should return mock data when getting ecosystems fails"
	  />
	
	  Name "BackendApiService Ecosystem Management should get ecosystems with market filter":
	  <li
	    class="jasmine-passed"
	    id="spec_spec95"
	    title="BackendApiService Ecosystem Management should get ecosystems with market filter"
	  />
	
	  Name "BackendApiService Ecosystem Management should get ecosystems successfully":
	  <li
	    class="jasmine-passed"
	    id="spec_spec94"
	    title="BackendApiService Ecosystem Management should get ecosystems successfully"
	  />
	
	  Name "BackendApiService Dashboard and Analytics should get dashboard data successfully":
	  <li
	    class="jasmine-passed"
	    id="spec_spec99"
	    title="BackendApiService Dashboard and Analytics should get dashboard data successfully"
	  />
	
	  Name "BackendApiService Dashboard and Analytics should get dashboard data with advisor filter":
	  <li
	    class="jasmine-failed"
	    id="spec_spec100"
	    title="BackendApiService Dashboard and Analytics should get dashboard data with advisor filter"
	  />
	
	  Name "BackendApiService Dashboard and Analytics should return offline dashboard data when API fails":
	  <li
	    class="jasmine-passed"
	    id="spec_spec101"
	    title="BackendApiService Dashboard and Analytics should return offline dashboard data when API fails"
	  />
	
	  Name "CotizadorEngineService calculates insurance by years ceil(term/12)":
	  <li
	    class="jasmine-passed"
	    id="spec_spec256"
	    title="CotizadorEngineService calculates insurance by years ceil(term/12)"
	  />
	
	  Name "CotizadorEngineService validates down payment min/max range":
	  <li
	    class="jasmine-passed"
	    id="spec_spec257"
	    title="CotizadorEngineService validates down payment min/max range"
	  />
	
	  Name "CotizadorEngineService computes monthly payment, total cost and CAT consistently":
	  <li
	    class="jasmine-passed"
	    id="spec_spec258"
	    title="CotizadorEngineService computes monthly payment, total cost and CAT consistently"
	  />
	
	  Name "OnboardingEngineService should call updateClient with id and updated object on reviewDocument":
	  <li
	    class="jasmine-passed"
	    id="spec_spec661"
	    title="OnboardingEngineService should call updateClient with id and updated object on reviewDocument"
	  />
	
	  Name "OnboardingEngineService should call updateClient with id and updated object on document submission":
	  <li
	    class="jasmine-passed"
	    id="spec_spec660"
	    title="OnboardingEngineService should call updateClient with id and updated object on document submission"
	  />
	
	  Name "PerformanceConfigService should return defaults when no config provided":
	  <li
	    class="jasmine-passed"
	    id="spec_spec662"
	    title="PerformanceConfigService should return defaults when no config provided"
	  />
	
	  Name "PerformanceConfigService should override defaults with provided config":
	  <li
	    class="jasmine-passed"
	    id="spec_spec663"
	    title="PerformanceConfigService should override defaults with provided config"
	  />
	
	  Name "PerformanceConfigService should merge profile-specific overrides":
	  <li
	    class="jasmine-passed"
	    id="spec_spec664"
	    title="PerformanceConfigService should merge profile-specific overrides"
	  />
	
	  Name "PerformanceConfigService getDelay/getTimeout should return numeric values from profile or defaults":
	  <li
	    class="jasmine-passed"
	    id="spec_spec665"
	    title="PerformanceConfigService getDelay/getTimeout should return numeric values from profile or defaults"
	  />
	
	  Name "DashboardComponent Accessibility Tests Content Accessibility should have accessible KPI cards":
	  <li
	    class="jasmine-passed"
	    id="spec_spec949"
	    title="DashboardComponent Accessibility Tests Content Accessibility should have accessible KPI cards"
	  />
	
	  Name "DashboardComponent Accessibility Tests Content Accessibility should use semantic HTML for content structure":
	  <li
	    class="jasmine-passed"
	    id="spec_spec951"
	    title="DashboardComponent Accessibility Tests Content Accessibility should use semantic HTML for content structure"
	  />
	
	  Name "DashboardComponent Accessibility Tests Content Accessibility should have accessible activity feed":
	  <li
	    class="jasmine-passed"
	    id="spec_spec950"
	    title="DashboardComponent Accessibility Tests Content Accessibility should have accessible activity feed"
	  />
	
	  Name "DashboardComponent Accessibility Tests Mobile and Touch Accessibility should have adequate touch target sizes":
	  <li
	    class="jasmine-passed"
	    id="spec_spec962"
	    title="DashboardComponent Accessibility Tests Mobile and Touch Accessibility should have adequate touch target sizes"
	  />
	
	  Name "DashboardComponent Accessibility Tests Mobile and Touch Accessibility should be responsive to viewport changes":
	  <li
	    class="jasmine-passed"
	    id="spec_spec963"
	    title="DashboardComponent Accessibility Tests Mobile and Touch Accessibility should be responsive to viewport changes"
	  />
	
	  Name "DashboardComponent Accessibility Tests Navigation Accessibility should have proper ARIA attributes for interactive elements":
	  <li
	    class="jasmine-failed"
	    id="spec_spec948"
	    title="DashboardComponent Accessibility Tests Navigation Accessibility should have proper ARIA attributes for interactive elements"
	  />
	
	  Name "DashboardComponent Accessibility Tests Navigation Accessibility should pass navigation accessibility tests":
	  <li
	    class="jasmine-failed"
	    id="spec_spec946"
	    title="DashboardComponent Accessibility Tests Navigation Accessibility should pass navigation accessibility tests"
	  />
	
	  Name "DashboardComponent Accessibility Tests Navigation Accessibility should have accessible navigation buttons":
	  <li
	    class="jasmine-passed"
	    id="spec_spec947"
	    title="DashboardComponent Accessibility Tests Navigation Accessibility should have accessible navigation buttons"
	  />
	
	  Name "DashboardComponent Accessibility Tests Basic Accessibility Compliance should have proper heading hierarchy":
	  <li
	    class="jasmine-failed"
	    id="spec_spec945"
	    title="DashboardComponent Accessibility Tests Basic Accessibility Compliance should have proper heading hierarchy"
	  />
	
	  Name "DashboardComponent Accessibility Tests Basic Accessibility Compliance should pass automated accessibility tests":
	  <li
	    class="jasmine-failed"
	    id="spec_spec943"
	    title="DashboardComponent Accessibility Tests Basic Accessibility Compliance should pass automated accessibility tests"
	  />
	
	  Name "DashboardComponent Accessibility Tests Basic Accessibility Compliance should have proper document structure":
	  <li
	    class="jasmine-passed"
	    id="spec_spec944"
	    title="DashboardComponent Accessibility Tests Basic Accessibility Compliance should have proper document structure"
	  />
	
	  Name "DashboardComponent Accessibility Tests Visual and Interaction Accessibility should have sufficient focus indicators":
	  <li
	    class="jasmine-passed"
	    id="spec_spec955"
	    title="DashboardComponent Accessibility Tests Visual and Interaction Accessibility should have sufficient focus indicators"
	  />
	
	  Name "DashboardComponent Accessibility Tests Visual and Interaction Accessibility should not rely solely on color to convey information":
	  <li
	    class="jasmine-empty"
	    id="spec_spec954"
	    title="DashboardComponent Accessibility Tests Visual and Interaction Accessibility should not rely solely on color to convey information"
	  />
	
	  Name "DashboardComponent Accessibility Tests Form and Input Accessibility should handle form validation accessibly":
	  <li
	    class="jasmine-empty"
	    id="spec_spec953"
	    title="DashboardComponent Accessibility Tests Form and Input Accessibility should handle form validation accessibly"
	  />
	
	  Name "DashboardComponent Accessibility Tests Form and Input Accessibility should have accessible form controls if any":
	  <li
	    class="jasmine-empty"
	    id="spec_spec952"
	    title="DashboardComponent Accessibility Tests Form and Input Accessibility should have accessible form controls if any"
	  />
	
	  Name "DashboardComponent Accessibility Tests DashboardComponent should be accessible":
	  <li
	    class="jasmine-failed"
	    id="spec_spec964"
	    title="DashboardComponent Accessibility Tests DashboardComponent should be accessible"
	  />
	
	  Name "DashboardComponent Accessibility Tests Keyboard Navigation should support keyboard navigation":
	  <li
	    class="jasmine-passed"
	    id="spec_spec959"
	    title="DashboardComponent Accessibility Tests Keyboard Navigation should support keyboard navigation"
	  />
	
	  Name "DashboardComponent Accessibility Tests Keyboard Navigation should have logical tab order":
	  <li
	    class="jasmine-passed"
	    id="spec_spec960"
	    title="DashboardComponent Accessibility Tests Keyboard Navigation should have logical tab order"
	  />
	
	  Name "DashboardComponent Accessibility Tests Keyboard Navigation should handle keyboard interactions properly":
	  <li
	    class="jasmine-empty"
	    id="spec_spec961"
	    title="DashboardComponent Accessibility Tests Keyboard Navigation should handle keyboard interactions properly"
	  />
	
	  Name "DashboardComponent Accessibility Tests DashboardComponent should have no accessibility violations":
	  <li
	    class="jasmine-failed"
	    id="spec_spec965"
	    title="DashboardComponent Accessibility Tests DashboardComponent should have no accessibility violations"
	  />
	
	  Name "DashboardComponent Accessibility Tests Screen Reader Support should provide meaningful page title and headings":
	  <li
	    class="jasmine-passed"
	    id="spec_spec956"
	    title="DashboardComponent Accessibility Tests Screen Reader Support should provide meaningful page title and headings"
	  />
	
	  Name "DashboardComponent Accessibility Tests Screen Reader Support should have proper landmark regions":
	  <li
	    class="jasmine-passed"
	    id="spec_spec957"
	    title="DashboardComponent Accessibility Tests Screen Reader Support should have proper landmark regions"
	  />
	
	  Name "DashboardComponent Accessibility Tests Screen Reader Support should provide context for dynamic content":
	  <li
	    class="jasmine-passed"
	    id="spec_spec958"
	    title="DashboardComponent Accessibility Tests Screen Reader Support should provide context for dynamic content"
	  />
	
	  Name "DashboardComponent Accessibility Tests DashboardComponent interactive elements should be keyboard accessible":
	  <li
	    class="jasmine-passed"
	    id="spec_spec966"
	    title="DashboardComponent Accessibility Tests DashboardComponent interactive elements should be keyboard accessible"
	  />
	
	  Name "DashboardComponent Accessibility Tests DashboardComponent form controls should have labels":
	  <li
	    class="jasmine-empty"
	    id="spec_spec967"
	    title="DashboardComponent Accessibility Tests DashboardComponent form controls should have labels"
	  />
	
	  Name "CotizadorEngineService Financial Summary Calculations should calculate total interest":
	  <li
	    class="jasmine-passed"
	    id="spec_spec289"
	    title="CotizadorEngineService Financial Summary Calculations should calculate total interest"
	  />
	
	  Name "CotizadorEngineService Financial Summary Calculations should generate financial summary":
	  <li
	    class="jasmine-passed"
	    id="spec_spec290"
	    title="CotizadorEngineService Financial Summary Calculations should generate financial summary"
	  />
	
	  Name "CotizadorEngineService Balance Calculations should calculate balance for interest-bearing loan":
	  <li
	    class="jasmine-failed"
	    id="spec_spec271"
	    title="CotizadorEngineService Balance Calculations should calculate balance for interest-bearing loan"
	  />
	
	  Name "CotizadorEngineService Balance Calculations should calculate balance for zero interest loan":
	  <li
	    class="jasmine-passed"
	    id="spec_spec270"
	    title="CotizadorEngineService Balance Calculations should calculate balance for zero interest loan"
	  />
	
	  Name "CotizadorEngineService Balance Calculations should handle edge case with zero principal":
	  <li
	    class="jasmine-passed"
	    id="spec_spec274"
	    title="CotizadorEngineService Balance Calculations should handle edge case with zero principal"
	  />
	
	  Name "CotizadorEngineService Balance Calculations should handle no payments made":
	  <li
	    class="jasmine-passed"
	    id="spec_spec273"
	    title="CotizadorEngineService Balance Calculations should handle no payments made"
	  />
	
	  Name "CotizadorEngineService Balance Calculations should return zero when all payments made":
	  <li
	    class="jasmine-passed"
	    id="spec_spec272"
	    title="CotizadorEngineService Balance Calculations should return zero when all payments made"
	  />
	
	  Name "CotizadorEngineService Market-Specific Business Rules should apply EdoMex individual rules":
	  <li
	    class="jasmine-passed"
	    id="spec_spec292"
	    title="CotizadorEngineService Market-Specific Business Rules should apply EdoMex individual rules"
	  />
	
	  Name "CotizadorEngineService Market-Specific Business Rules should apply Aguascalientes rules":
	  <li
	    class="jasmine-passed"
	    id="spec_spec291"
	    title="CotizadorEngineService Market-Specific Business Rules should apply Aguascalientes rules"
	  />
	
	  Name "CotizadorEngineService Market-Specific Business Rules should use fallback rules for unknown market":
	  <li
	    class="jasmine-passed"
	    id="spec_spec294"
	    title="CotizadorEngineService Market-Specific Business Rules should use fallback rules for unknown market"
	  />
	
	  Name "CotizadorEngineService Market-Specific Business Rules should apply EdoMex collective rules":
	  <li
	    class="jasmine-passed"
	    id="spec_spec293"
	    title="CotizadorEngineService Market-Specific Business Rules should apply EdoMex collective rules"
	  />
	
	  Name "CotizadorEngineService Service Initialization should be created":
	  <li
	    class="jasmine-passed"
	    id="spec_spec259"
	    title="CotizadorEngineService Service Initialization should be created"
	  />
	
	  Name "CotizadorEngineService Package Price Calculation should skip optional components not selected":
	  <li
	    class="jasmine-passed"
	    id="spec_spec268"
	    title="CotizadorEngineService Package Price Calculation should skip optional components not selected"
	  />
	
	  Name "CotizadorEngineService Package Price Calculation should handle package with no components":
	  <li
	    class="jasmine-passed"
	    id="spec_spec269"
	    title="CotizadorEngineService Package Price Calculation should handle package with no components"
	  />
	
	  Name "CotizadorEngineService Package Price Calculation should calculate basic package price without optionals":
	  <li
	    class="jasmine-passed"
	    id="spec_spec264"
	    title="CotizadorEngineService Package Price Calculation should calculate basic package price without optionals"
	  />
	
	  Name "CotizadorEngineService Package Price Calculation should calculate package price with selected optionals":
	  <li
	    class="jasmine-passed"
	    id="spec_spec265"
	    title="CotizadorEngineService Package Price Calculation should calculate package price with selected optionals"
	  />
	
	  Name "CotizadorEngineService Package Price Calculation should multiply term-based components by years":
	  <li
	    class="jasmine-passed"
	    id="spec_spec266"
	    title="CotizadorEngineService Package Price Calculation should multiply term-based components by years"
	  />
	
	  Name "CotizadorEngineService Package Price Calculation should handle 60-month terms correctly":
	  <li
	    class="jasmine-passed"
	    id="spec_spec267"
	    title="CotizadorEngineService Package Price Calculation should handle 60-month terms correctly"
	  />
	
	  Name "CotizadorEngineService Legacy Quote Generation should generate basic quote":
	  <li
	    class="jasmine-passed"
	    id="spec_spec279"
	    title="CotizadorEngineService Legacy Quote Generation should generate basic quote"
	  />
	
	  Name "CotizadorEngineService Product Package Management should get Aguascalientes plazo package":
	  <li
	    class="jasmine-passed"
	    id="spec_spec260"
	    title="CotizadorEngineService Product Package Management should get Aguascalientes plazo package"
	  />
	
	  Name "CotizadorEngineService Product Package Management should get EdoMex colectivo package":
	  <li
	    class="jasmine-passed"
	    id="spec_spec261"
	    title="CotizadorEngineService Product Package Management should get EdoMex colectivo package"
	  />
	
	  Name "CotizadorEngineService Product Package Management should get EdoMex directa package":
	  <li
	    class="jasmine-passed"
	    id="spec_spec262"
	    title="CotizadorEngineService Product Package Management should get EdoMex directa package"
	  />
	
	  Name "CotizadorEngineService Product Package Management should handle unknown market gracefully":
	  <li
	    class="jasmine-passed"
	    id="spec_spec263"
	    title="CotizadorEngineService Product Package Management should handle unknown market gracefully"
	  />
	
	  Name "CotizadorEngineService Quote Generation with Package should handle direct sale (rate = 0)":
	  <li
	    class="jasmine-passed"
	    id="spec_spec278"
	    title="CotizadorEngineService Quote Generation with Package should handle direct sale (rate = 0)"
	  />
	
	  Name "CotizadorEngineService Quote Generation with Package should determine client type from package data":
	  <li
	    class="jasmine-passed"
	    id="spec_spec277"
	    title="CotizadorEngineService Quote Generation with Package should determine client type from package data"
	  />
	
	  Name "CotizadorEngineService Quote Generation with Package should generate quote with custom down payment":
	  <li
	    class="jasmine-passed"
	    id="spec_spec276"
	    title="CotizadorEngineService Quote Generation with Package should generate quote with custom down payment"
	  />
	
	  Name "CotizadorEngineService Quote Generation with Package should generate quote with minimum down payment":
	  <li
	    class="jasmine-passed"
	    id="spec_spec275"
	    title="CotizadorEngineService Quote Generation with Package should generate quote with minimum down payment"
	  />
	
	  Name "CotizadorEngineService Configuration Validation should validate EdoMex individual requirements":
	  <li
	    class="jasmine-passed"
	    id="spec_spec287"
	    title="CotizadorEngineService Configuration Validation should validate EdoMex individual requirements"
	  />
	
	  Name "CotizadorEngineService Configuration Validation should validate EdoMex collective requirements":
	  <li
	    class="jasmine-passed"
	    id="spec_spec288"
	    title="CotizadorEngineService Configuration Validation should validate EdoMex collective requirements"
	  />
	
	  Name "CotizadorEngineService Configuration Validation should validate correct configuration":
	  <li
	    class="jasmine-passed"
	    id="spec_spec282"
	    title="CotizadorEngineService Configuration Validation should validate correct configuration"
	  />
	
	  Name "CotizadorEngineService Configuration Validation should reject invalid term":
	  <li
	    class="jasmine-passed"
	    id="spec_spec284"
	    title="CotizadorEngineService Configuration Validation should reject invalid term"
	  />
	
	  Name "CotizadorEngineService Configuration Validation should reject down payment equal to total price":
	  <li
	    class="jasmine-passed"
	    id="spec_spec286"
	    title="CotizadorEngineService Configuration Validation should reject down payment equal to total price"
	  />
	
	  Name "CotizadorEngineService Configuration Validation should reject insufficient down payment":
	  <li
	    class="jasmine-passed"
	    id="spec_spec283"
	    title="CotizadorEngineService Configuration Validation should reject insufficient down payment"
	  />
	
	  Name "CotizadorEngineService Configuration Validation should reject zero or negative price":
	  <li
	    class="jasmine-passed"
	    id="spec_spec285"
	    title="CotizadorEngineService Configuration Validation should reject zero or negative price"
	  />
	
	  Name "CotizadorEngineService Amortization Table Generation should generate complete amortization table":
	  <li
	    class="jasmine-passed"
	    id="spec_spec280"
	    title="CotizadorEngineService Amortization Table Generation should generate complete amortization table"
	  />
	
	  Name "CotizadorEngineService Amortization Table Generation should have decreasing balance over time":
	  <li
	    class="jasmine-passed"
	    id="spec_spec281"
	    title="CotizadorEngineService Amortization Table Generation should have decreasing balance over time"
	  />
	
	  Name "NavigationService Page Title Management should get current page title":
	  <li
	    class="jasmine-passed"
	    id="spec_spec596"
	    title="NavigationService Page Title Management should get current page title"
	  />
	
	  Name "NavigationService Page Title Management should set page title dynamically":
	  <li
	    class="jasmine-passed"
	    id="spec_spec597"
	    title="NavigationService Page Title Management should set page title dynamically"
	  />
	
	  Name "NavigationService Navigation Methods should navigate to specified route":
	  <li
	    class="jasmine-passed"
	    id="spec_spec587"
	    title="NavigationService Navigation Methods should navigate to specified route"
	  />
	
	  Name "NavigationService Navigation Methods should navigate with query parameters":
	  <li
	    class="jasmine-passed"
	    id="spec_spec588"
	    title="NavigationService Navigation Methods should navigate with query parameters"
	  />
	
	  Name "NavigationService Navigation Methods should navigate home":
	  <li
	    class="jasmine-passed"
	    id="spec_spec589"
	    title="NavigationService Navigation Methods should navigate home"
	  />
	
	  Name "NavigationService Service Initialization should be created":
	  <li
	    class="jasmine-passed"
	    id="spec_spec585"
	    title="NavigationService Service Initialization should be created"
	  />
	
	  Name "NavigationService Service Initialization should initialize with default navigation state":
	  <li
	    class="jasmine-failed"
	    id="spec_spec586"
	    title="NavigationService Service Initialization should initialize with default navigation state"
	  />
	
	  Name "NavigationService Breadcrumbs Management should set breadcrumbs dynamically":
	  <li
	    class="jasmine-passed"
	    id="spec_spec599"
	    title="NavigationService Breadcrumbs Management should set breadcrumbs dynamically"
	  />
	
	  Name "NavigationService Breadcrumbs Management should get current breadcrumbs":
	  <li
	    class="jasmine-passed"
	    id="spec_spec598"
	    title="NavigationService Breadcrumbs Management should get current breadcrumbs"
	  />
	
	  Name "NavigationService Back Button Visibility should hide back button for dashboard":
	  <li
	    class="jasmine-passed"
	    id="spec_spec601"
	    title="NavigationService Back Button Visibility should hide back button for dashboard"
	  />
	
	  Name "NavigationService Back Button Visibility should set back button visibility dynamically":
	  <li
	    class="jasmine-passed"
	    id="spec_spec602"
	    title="NavigationService Back Button Visibility should set back button visibility dynamically"
	  />
	
	  Name "NavigationService Back Button Visibility should show back button for configured routes":
	  <li
	    class="jasmine-passed"
	    id="spec_spec600"
	    title="NavigationService Back Button Visibility should show back button for configured routes"
	  />
	
	  Name "NavigationService Navigation State Updates should handle unknown routes with default config":
	  <li
	    class="jasmine-passed"
	    id="spec_spec594"
	    title="NavigationService Navigation State Updates should handle unknown routes with default config"
	  />
	
	  Name "NavigationService Navigation State Updates should maintain route history with max length":
	  <li
	    class="jasmine-passed"
	    id="spec_spec595"
	    title="NavigationService Navigation State Updates should maintain route history with max length"
	  />
	
	  Name "NavigationService Navigation State Updates should update navigation state when route changes":
	  <li
	    class="jasmine-passed"
	    id="spec_spec593"
	    title="NavigationService Navigation State Updates should update navigation state when route changes"
	  />
	
	  Name "NavigationService Navigation History Management should get navigation history":
	  <li
	    class="jasmine-passed"
	    id="spec_spec616"
	    title="NavigationService Navigation History Management should get navigation history"
	  />
	
	  Name "NavigationService Navigation History Management should clear navigation history":
	  <li
	    class="jasmine-passed"
	    id="spec_spec617"
	    title="NavigationService Navigation History Management should clear navigation history"
	  />
	
	  Name "NavigationService Back Navigation should navigate to dashboard when no history available":
	  <li
	    class="jasmine-passed"
	    id="spec_spec592"
	    title="NavigationService Back Navigation should navigate to dashboard when no history available"
	  />
	
	  Name "NavigationService Back Navigation should use browser back when no route history and history exists":
	  <li
	    class="jasmine-passed"
	    id="spec_spec591"
	    title="NavigationService Back Navigation should use browser back when no route history and history exists"
	  />
	
	  Name "NavigationService Back Navigation should navigate back using route history":
	  <li
	    class="jasmine-passed"
	    id="spec_spec590"
	    title="NavigationService Back Navigation should navigate back using route history"
	  />
	
	  Name "NavigationService Quick Actions should execute quick action with custom function":
	  <li
	    class="jasmine-passed"
	    id="spec_spec609"
	    title="NavigationService Quick Actions should execute quick action with custom function"
	  />
	
	  Name "NavigationService Quick Actions should get quick actions for clientes":
	  <li
	    class="jasmine-passed"
	    id="spec_spec606"
	    title="NavigationService Quick Actions should get quick actions for clientes"
	  />
	
	  Name "NavigationService Quick Actions should execute quick action with route":
	  <li
	    class="jasmine-passed"
	    id="spec_spec608"
	    title="NavigationService Quick Actions should execute quick action with route"
	  />
	
	  Name "NavigationService Quick Actions should get quick actions for simulador":
	  <li
	    class="jasmine-passed"
	    id="spec_spec605"
	    title="NavigationService Quick Actions should get quick actions for simulador"
	  />
	
	  Name "NavigationService Quick Actions should return empty actions for unknown routes":
	  <li
	    class="jasmine-passed"
	    id="spec_spec607"
	    title="NavigationService Quick Actions should return empty actions for unknown routes"
	  />
	
	  Name "NavigationService Quick Actions should get quick actions for dashboard":
	  <li
	    class="jasmine-passed"
	    id="spec_spec603"
	    title="NavigationService Quick Actions should get quick actions for dashboard"
	  />
	
	  Name "NavigationService Quick Actions should get quick actions for cotizador":
	  <li
	    class="jasmine-passed"
	    id="spec_spec604"
	    title="NavigationService Quick Actions should get quick actions for cotizador"
	  />
	
	  Name "NavigationService Route Configuration should handle nested routes correctly":
	  <li
	    class="jasmine-passed"
	    id="spec_spec618"
	    title="NavigationService Route Configuration should handle nested routes correctly"
	  />
	
	  Name "NavigationService Route Configuration should handle simulador nested routes":
	  <li
	    class="jasmine-passed"
	    id="spec_spec619"
	    title="NavigationService Route Configuration should handle simulador nested routes"
	  />
	
	  Name "NavigationService Route Configuration should handle all configured main routes":
	  <li
	    class="jasmine-failed"
	    id="spec_spec620"
	    title="NavigationService Route Configuration should handle all configured main routes"
	  />
	
	  Name "NavigationService Route Matching should match exact route":
	  <li
	    class="jasmine-passed"
	    id="spec_spec610"
	    title="NavigationService Route Matching should match exact route"
	  />
	
	  Name "NavigationService Route Matching should not match non-matching wildcard":
	  <li
	    class="jasmine-passed"
	    id="spec_spec613"
	    title="NavigationService Route Matching should not match non-matching wildcard"
	  />
	
	  Name "NavigationService Route Matching should match wildcard pattern":
	  <li
	    class="jasmine-passed"
	    id="spec_spec612"
	    title="NavigationService Route Matching should match wildcard pattern"
	  />
	
	  Name "NavigationService Route Matching should not match different route":
	  <li
	    class="jasmine-passed"
	    id="spec_spec611"
	    title="NavigationService Route Matching should not match different route"
	  />
	
	  Name "NavigationService Route Parameters should get query parameters":
	  <li
	    class="jasmine-failed"
	    id="spec_spec615"
	    title="NavigationService Route Parameters should get query parameters"
	  />
	
	  Name "NavigationService Route Parameters should get route parameters":
	  <li
	    class="jasmine-failed"
	    id="spec_spec614"
	    title="NavigationService Route Parameters should get route parameters"
	  />
	
	  Name "PostSalesApiService getPostSalesRecord should return null for non-existent VIN":
	  <li
	    class="jasmine-passed"
	    id="spec_spec670"
	    title="PostSalesApiService getPostSalesRecord should return null for non-existent VIN"
	  />
	
	  Name "PostSalesApiService getPostSalesRecord should retrieve post-sales record by VIN":
	  <li
	    class="jasmine-failed"
	    id="spec_spec669"
	    title="PostSalesApiService getPostSalesRecord should retrieve post-sales record by VIN"
	  />
	
	  Name "PostSalesApiService recordClientContact should record client contact successfully":
	  <li
	    class="jasmine-passed"
	    id="spec_spec672"
	    title="PostSalesApiService recordClientContact should record client contact successfully"
	  />
	
	  Name "PostSalesApiService scheduleMaintenanceService should schedule maintenance service successfully":
	  <li
	    class="jasmine-passed"
	    id="spec_spec671"
	    title="PostSalesApiService scheduleMaintenanceService should schedule maintenance service successfully"
	  />
	
	  Name "PostSalesApiService sendVehicleDeliveredEvent should handle error when sending vehicle delivered event":
	  <li
	    class="jasmine-passed"
	    id="spec_spec668"
	    title="PostSalesApiService sendVehicleDeliveredEvent should handle error when sending vehicle delivered event"
	  />
	
	  Name "PostSalesApiService sendVehicleDeliveredEvent should send vehicle delivered event successfully":
	  <li
	    class="jasmine-passed"
	    id="spec_spec667"
	    title="PostSalesApiService sendVehicleDeliveredEvent should send vehicle delivered event successfully"
	  />
	
	  Name "PostSalesApiService should be created":
	  <li
	    class="jasmine-passed"
	    id="spec_spec666"
	    title="PostSalesApiService should be created"
	  />
	
	  Name "SimuladorEngineService AGS Liquidation Scenario should generate basic liquidation scenario":
	  <li
	    class="jasmine-passed"
	    id="spec_spec721"
	    title="SimuladorEngineService AGS Liquidation Scenario should generate basic liquidation scenario"
	  />
	
	  Name "SimuladorEngineService AGS Liquidation Scenario should calculate projected balance correctly":
	  <li
	    class="jasmine-passed"
	    id="spec_spec722"
	    title="SimuladorEngineService AGS Liquidation Scenario should calculate projected balance correctly"
	  />
	
	  Name "SimuladorEngineService AGS Liquidation Scenario should generate timeline events correctly":
	  <li
	    class="jasmine-passed"
	    id="spec_spec723"
	    title="SimuladorEngineService AGS Liquidation Scenario should generate timeline events correctly"
	  />
	
	  Name "SimuladorEngineService AGS Liquidation Scenario should handle single plate scenario":
	  <li
	    class="jasmine-passed"
	    id="spec_spec725"
	    title="SimuladorEngineService AGS Liquidation Scenario should handle single plate scenario"
	  />
	
	  Name "SimuladorEngineService AGS Liquidation Scenario should handle zero consumption scenario":
	  <li
	    class="jasmine-passed"
	    id="spec_spec724"
	    title="SimuladorEngineService AGS Liquidation Scenario should handle zero consumption scenario"
	  />
	
	  Name "SimuladorEngineService Service Initialization should be created":
	  <li
	    class="jasmine-passed"
	    id="spec_spec720"
	    title="SimuladorEngineService Service Initialization should be created"
	  />
	
	  Name "SimuladorEngineService Edge Cases and Error Handling should handle zero member count in collective scenario":
	  <li
	    class="jasmine-passed"
	    id="spec_spec750"
	    title="SimuladorEngineService Edge Cases and Error Handling should handle zero member count in collective scenario"
	  />
	
	  Name "SimuladorEngineService Edge Cases and Error Handling should handle very large target amounts":
	  <li
	    class="jasmine-passed"
	    id="spec_spec749"
	    title="SimuladorEngineService Edge Cases and Error Handling should handle very large target amounts"
	  />
	
	  Name "SimuladorEngineService Edge Cases and Error Handling should handle zero target amount in AGS scenario":
	  <li
	    class="jasmine-passed"
	    id="spec_spec747"
	    title="SimuladorEngineService Edge Cases and Error Handling should handle zero target amount in AGS scenario"
	  />
	
	  Name "SimuladorEngineService Edge Cases and Error Handling should handle zero consumption in individual scenario":
	  <li
	    class="jasmine-passed"
	    id="spec_spec748"
	    title="SimuladorEngineService Edge Cases and Error Handling should handle zero consumption in individual scenario"
	  />
	
	  Name "SimuladorEngineService Comparison Scenarios should generate comparison scenarios with parameter variations":
	  <li
	    class="jasmine-passed"
	    id="spec_spec740"
	    title="SimuladorEngineService Comparison Scenarios should generate comparison scenarios with parameter variations"
	  />
	
	  Name "SimuladorEngineService Comparison Scenarios should preserve other parameters when varying specific ones":
	  <li
	    class="jasmine-passed"
	    id="spec_spec741"
	    title="SimuladorEngineService Comparison Scenarios should preserve other parameters when varying specific ones"
	  />
	
	  Name "SimuladorEngineService Comparison Scenarios should handle empty variations array":
	  <li
	    class="jasmine-passed"
	    id="spec_spec742"
	    title="SimuladorEngineService Comparison Scenarios should handle empty variations array"
	  />
	
	  Name "SimuladorEngineService Senior-First Formatting should format key numbers correctly":
	  <li
	    class="jasmine-passed"
	    id="spec_spec744"
	    title="SimuladorEngineService Senior-First Formatting should format key numbers correctly"
	  />
	
	  Name "SimuladorEngineService Senior-First Formatting should format scenario summary for seniors":
	  <li
	    class="jasmine-passed"
	    id="spec_spec743"
	    title="SimuladorEngineService Senior-First Formatting should format scenario summary for seniors"
	  />
	
	  Name "SimuladorEngineService Senior-First Formatting should format timeline with limited events":
	  <li
	    class="jasmine-passed"
	    id="spec_spec745"
	    title="SimuladorEngineService Senior-First Formatting should format timeline with limited events"
	  />
	
	  Name "SimuladorEngineService Senior-First Formatting should limit timeline to first 5 events":
	  <li
	    class="jasmine-passed"
	    id="spec_spec746"
	    title="SimuladorEngineService Senior-First Formatting should limit timeline to first 5 events"
	  />
	
	  Name "SimuladorEngineService EdoMex Individual Scenario should generate individual savings scenario":
	  <li
	    class="jasmine-passed"
	    id="spec_spec726"
	    title="SimuladorEngineService EdoMex Individual Scenario should generate individual savings scenario"
	  />
	
	  Name "SimuladorEngineService EdoMex Individual Scenario should generate progressive balance projection":
	  <li
	    class="jasmine-passed"
	    id="spec_spec728"
	    title="SimuladorEngineService EdoMex Individual Scenario should generate progressive balance projection"
	  />
	
	  Name "SimuladorEngineService EdoMex Individual Scenario should handle zero voluntary contribution":
	  <li
	    class="jasmine-passed"
	    id="spec_spec729"
	    title="SimuladorEngineService EdoMex Individual Scenario should handle zero voluntary contribution"
	  />
	
	  Name "SimuladorEngineService EdoMex Individual Scenario should calculate months to target correctly":
	  <li
	    class="jasmine-passed"
	    id="spec_spec727"
	    title="SimuladorEngineService EdoMex Individual Scenario should calculate months to target correctly"
	  />
	
	  Name "SimuladorEngineService EdoMex Individual Scenario should create timeline with milestone":
	  <li
	    class="jasmine-passed"
	    id="spec_spec730"
	    title="SimuladorEngineService EdoMex Individual Scenario should create timeline with milestone"
	  />
	
	  Name "SimuladorEngineService Scenario Optimization should handle unknown scenario type":
	  <li
	    class="jasmine-passed"
	    id="spec_spec739"
	    title="SimuladorEngineService Scenario Optimization should handle unknown scenario type"
	  />
	
	  Name "SimuladorEngineService Scenario Optimization should optimize EdoMex individual scenario":
	  <li
	    class="jasmine-passed"
	    id="spec_spec737"
	    title="SimuladorEngineService Scenario Optimization should optimize EdoMex individual scenario"
	  />
	
	  Name "SimuladorEngineService Scenario Optimization should optimize AGS liquidation scenario":
	  <li
	    class="jasmine-passed"
	    id="spec_spec736"
	    title="SimuladorEngineService Scenario Optimization should optimize AGS liquidation scenario"
	  />
	
	  Name "SimuladorEngineService Scenario Optimization should optimize EdoMex collective scenario":
	  <li
	    class="jasmine-passed"
	    id="spec_spec738"
	    title="SimuladorEngineService Scenario Optimization should optimize EdoMex collective scenario"
	  />
	
	  Name "SimuladorEngineService EdoMex Collective Scenario should handle missing first award timing":
	  <li
	    class="jasmine-passed"
	    id="spec_spec735"
	    title="SimuladorEngineService EdoMex Collective Scenario should handle missing first award timing"
	  />
	
	  Name "SimuladorEngineService EdoMex Collective Scenario should use first award timing from tanda simulation":
	  <li
	    class="jasmine-passed"
	    id="spec_spec734"
	    title="SimuladorEngineService EdoMex Collective Scenario should use first award timing from tanda simulation"
	  />
	
	  Name "SimuladorEngineService EdoMex Collective Scenario should calculate total savings target based on member count":
	  <li
	    class="jasmine-passed"
	    id="spec_spec733"
	    title="SimuladorEngineService EdoMex Collective Scenario should calculate total savings target based on member count"
	  />
	
	  Name "SimuladorEngineService EdoMex Collective Scenario should generate collective scenario with tanda integration":
	  <li
	    class="jasmine-passed"
	    id="spec_spec731"
	    title="SimuladorEngineService EdoMex Collective Scenario should generate collective scenario with tanda integration"
	  />
	
	  Name "SimuladorEngineService EdoMex Collective Scenario should calculate individual contributions correctly":
	  <li
	    class="jasmine-passed"
	    id="spec_spec732"
	    title="SimuladorEngineService EdoMex Collective Scenario should calculate individual contributions correctly"
	  />
	
	  Name "DataService Search Functionality should return empty results for non-matching search":
	  <li
	    class="jasmine-passed"
	    id="spec_spec351"
	    title="DataService Search Functionality should return empty results for non-matching search"
	  />
	
	  Name "DataService Search Functionality should perform global search":
	  <li
	    class="jasmine-passed"
	    id="spec_spec350"
	    title="DataService Search Functionality should perform global search"
	  />
	
	  Name "DataService Dashboard Statistics should get dashboard stats":
	  <li
	    class="jasmine-passed"
	    id="spec_spec352"
	    title="DataService Dashboard Statistics should get dashboard stats"
	  />
	
	  Name "DataService Data Refresh should refresh data":
	  <li
	    class="jasmine-passed"
	    id="spec_spec359"
	    title="DataService Data Refresh should refresh data"
	  />
	
	  Name "DataService Data Export should export scenarios":
	  <li
	    class="jasmine-failed"
	    id="spec_spec356"
	    title="DataService Data Export should export scenarios"
	  />
	
	  Name "DataService Data Export should export all data":
	  <li
	    class="jasmine-passed"
	    id="spec_spec355"
	    title="DataService Data Export should export all data"
	  />
	
	  Name "DataService Data Export should export clients as CSV":
	  <li
	    class="jasmine-passed"
	    id="spec_spec354"
	    title="DataService Data Export should export clients as CSV"
	  />
	
	  Name "DataService Data Export should export clients as JSON":
	  <li
	    class="jasmine-passed"
	    id="spec_spec353"
	    title="DataService Data Export should export clients as JSON"
	  />
	
	  Name "DataService Client Management should delete client":
	  <li
	    class="jasmine-failed"
	    id="spec_spec341"
	    title="DataService Client Management should delete client"
	  />
	
	  Name "DataService Client Management should handle delete of non-existent client":
	  <li
	    class="jasmine-passed"
	    id="spec_spec342"
	    title="DataService Client Management should handle delete of non-existent client"
	  />
	
	  Name "DataService Client Management should handle update of non-existent client":
	  <li
	    class="jasmine-passed"
	    id="spec_spec340"
	    title="DataService Client Management should handle update of non-existent client"
	  />
	
	  Name "DataService Client Management should return null for non-existent client ID":
	  <li
	    class="jasmine-passed"
	    id="spec_spec338"
	    title="DataService Client Management should return null for non-existent client ID"
	  />
	
	  Name "DataService Client Management should create a new client":
	  <li
	    class="jasmine-passed"
	    id="spec_spec336"
	    title="DataService Client Management should create a new client"
	  />
	
	  Name "DataService Client Management should update existing client":
	  <li
	    class="jasmine-failed"
	    id="spec_spec339"
	    title="DataService Client Management should update existing client"
	  />
	
	  Name "DataService Client Management should get client by ID":
	  <li
	    class="jasmine-passed"
	    id="spec_spec337"
	    title="DataService Client Management should get client by ID"
	  />
	
	  Name "DataService Private Helper Methods should apply sorting correctly":
	  <li
	    class="jasmine-passed"
	    id="spec_spec361"
	    title="DataService Private Helper Methods should apply sorting correctly"
	  />
	
	  Name "DataService Private Helper Methods should convert data to CSV":
	  <li
	    class="jasmine-passed"
	    id="spec_spec362"
	    title="DataService Private Helper Methods should convert data to CSV"
	  />
	
	  Name "DataService Private Helper Methods should handle empty array in CSV conversion":
	  <li
	    class="jasmine-passed"
	    id="spec_spec363"
	    title="DataService Private Helper Methods should handle empty array in CSV conversion"
	  />
	
	  Name "DataService Private Helper Methods should apply filters correctly":
	  <li
	    class="jasmine-failed"
	    id="spec_spec360"
	    title="DataService Private Helper Methods should apply filters correctly"
	  />
	
	  Name "DataService Private Helper Methods should handle CSV values with commas":
	  <li
	    class="jasmine-passed"
	    id="spec_spec364"
	    title="DataService Private Helper Methods should handle CSV values with commas"
	  />
	
	  Name "DataService Service Initialization should be created":
	  <li
	    class="jasmine-passed"
	    id="spec_spec334"
	    title="DataService Service Initialization should be created"
	  />
	
	  Name "DataService Service Initialization should initialize with demo data":
	  <li
	    class="jasmine-passed"
	    id="spec_spec335"
	    title="DataService Service Initialization should initialize with demo data"
	  />
	
	  Name "DataService Scenario Management should save new scenario":
	  <li
	    class="jasmine-passed"
	    id="spec_spec347"
	    title="DataService Scenario Management should save new scenario"
	  />
	
	  Name "DataService Scenario Management should get scenarios by client":
	  <li
	    class="jasmine-passed"
	    id="spec_spec349"
	    title="DataService Scenario Management should get scenarios by client"
	  />
	
	  Name "DataService Scenario Management should update existing scenario":
	  <li
	    class="jasmine-passed"
	    id="spec_spec348"
	    title="DataService Scenario Management should update existing scenario"
	  />
	
	  Name "DataService Client Pagination and Filtering should handle empty pagination results":
	  <li
	    class="jasmine-passed"
	    id="spec_spec344"
	    title="DataService Client Pagination and Filtering should handle empty pagination results"
	  />
	
	  Name "DataService Client Pagination and Filtering should get paginated clients":
	  <li
	    class="jasmine-passed"
	    id="spec_spec343"
	    title="DataService Client Pagination and Filtering should get paginated clients"
	  />
	
	  Name "DataService Client Pagination and Filtering should sort clients by name":
	  <li
	    class="jasmine-passed"
	    id="spec_spec346"
	    title="DataService Client Pagination and Filtering should sort clients by name"
	  />
	
	  Name "DataService Client Pagination and Filtering should filter clients by status":
	  <li
	    class="jasmine-passed"
	    id="spec_spec345"
	    title="DataService Client Pagination and Filtering should filter clients by status"
	  />
	
	  Name "DataService Error Handling should handle errors in client creation":
	  <li
	    class="jasmine-passed"
	    id="spec_spec357"
	    title="DataService Error Handling should handle errors in client creation"
	  />
	
	  Name "DataService Error Handling should clear errors":
	  <li
	    class="jasmine-passed"
	    id="spec_spec358"
	    title="DataService Error Handling should clear errors"
	  />
	
	  Name "StorageService Utility Methods should get storage statistics":
	  <li
	    class="jasmine-failed"
	    id="spec_spec773"
	    title="StorageService Utility Methods should get storage statistics"
	  />
	
	  Name "StorageService Utility Methods should clear cache":
	  <li
	    class="jasmine-failed"
	    id="spec_spec772"
	    title="StorageService Utility Methods should clear cache"
	  />
	
	  Name "StorageService Client Data Management should handle client data errors":
	  <li
	    class="jasmine-failed"
	    id="spec_spec761"
	    title="StorageService Client Data Management should handle client data errors"
	  />
	
	  Name "StorageService Client Data Management should return null for non-existent client":
	  <li
	    class="jasmine-failed"
	    id="spec_spec759"
	    title="StorageService Client Data Management should return null for non-existent client"
	  />
	
	  Name "StorageService Client Data Management should get clients by ecosystem":
	  <li
	    class="jasmine-failed"
	    id="spec_spec760"
	    title="StorageService Client Data Management should get clients by ecosystem"
	  />
	
	  Name "StorageService Client Data Management should save client data successfully":
	  <li
	    class="jasmine-failed"
	    id="spec_spec757"
	    title="StorageService Client Data Management should save client data successfully"
	  />
	
	  Name "StorageService Client Data Management should get client data by ID":
	  <li
	    class="jasmine-failed"
	    id="spec_spec758"
	    title="StorageService Client Data Management should get client data by ID"
	  />
	
	  Name "StorageService Error Handling should handle transaction errors":
	  <li
	    class="jasmine-failed"
	    id="spec_spec775"
	    title="StorageService Error Handling should handle transaction errors"
	  />
	
	  Name "StorageService Error Handling should throw error when database not initialized":
	  <li
	    class="jasmine-failed"
	    id="spec_spec774"
	    title="StorageService Error Handling should throw error when database not initialized"
	  />
	
	  Name "StorageService Network Status Management should update online status when going offline":
	  <li
	    class="jasmine-failed"
	    id="spec_spec777"
	    title="StorageService Network Status Management should update online status when going offline"
	  />
	
	  Name "StorageService Network Status Management should update online status when going online":
	  <li
	    class="jasmine-failed"
	    id="spec_spec776"
	    title="StorageService Network Status Management should update online status when going online"
	  />
	
	  Name "StorageService Quote Data Management should save quote data":
	  <li
	    class="jasmine-failed"
	    id="spec_spec762"
	    title="StorageService Quote Data Management should save quote data"
	  />
	
	  Name "StorageService Quote Data Management should get quote by ID":
	  <li
	    class="jasmine-failed"
	    id="spec_spec763"
	    title="StorageService Quote Data Management should get quote by ID"
	  />
	
	  Name "StorageService Quote Data Management should get quotes by client ID":
	  <li
	    class="jasmine-failed"
	    id="spec_spec764"
	    title="StorageService Quote Data Management should get quotes by client ID"
	  />
	
	  Name "StorageService Service Initialization should initialize IndexedDB on construction":
	  <li
	    class="jasmine-failed"
	    id="spec_spec752"
	    title="StorageService Service Initialization should initialize IndexedDB on construction"
	  />
	
	  Name "StorageService Service Initialization should setup online/offline event listeners":
	  <li
	    class="jasmine-failed"
	    id="spec_spec753"
	    title="StorageService Service Initialization should setup online/offline event listeners"
	  />
	
	  Name "StorageService Service Initialization should provide online status observable":
	  <li
	    class="jasmine-failed"
	    id="spec_spec754"
	    title="StorageService Service Initialization should provide online status observable"
	  />
	
	  Name "StorageService Service Initialization should be created":
	  <li
	    class="jasmine-failed"
	    id="spec_spec751"
	    title="StorageService Service Initialization should be created"
	  />
	
	  Name "StorageService Form Cache Management should return null for expired form cache":
	  <li
	    class="jasmine-failed"
	    id="spec_spec767"
	    title="StorageService Form Cache Management should return null for expired form cache"
	  />
	
	  Name "StorageService Form Cache Management should delete cached form data":
	  <li
	    class="jasmine-failed"
	    id="spec_spec768"
	    title="StorageService Form Cache Management should delete cached form data"
	  />
	
	  Name "StorageService Form Cache Management should cache form data with TTL":
	  <li
	    class="jasmine-failed"
	    id="spec_spec765"
	    title="StorageService Form Cache Management should cache form data with TTL"
	  />
	
	  Name "StorageService Form Cache Management should retrieve cached form data":
	  <li
	    class="jasmine-failed"
	    id="spec_spec766"
	    title="StorageService Form Cache Management should retrieve cached form data"
	  />
	
	  Name "StorageService Offline Actions Queue should remove completed action":
	  <li
	    class="jasmine-failed"
	    id="spec_spec771"
	    title="StorageService Offline Actions Queue should remove completed action"
	  />
	
	  Name "StorageService Offline Actions Queue should queue offline action":
	  <li
	    class="jasmine-failed"
	    id="spec_spec769"
	    title="StorageService Offline Actions Queue should queue offline action"
	  />
	
	  Name "StorageService Offline Actions Queue should get pending actions":
	  <li
	    class="jasmine-failed"
	    id="spec_spec770"
	    title="StorageService Offline Actions Queue should get pending actions"
	  />
	
	  Name "StorageService Database Schema Creation should create all required object stores on upgrade":
	  <li
	    class="jasmine-failed"
	    id="spec_spec755"
	    title="StorageService Database Schema Creation should create all required object stores on upgrade"
	  />
	
	  Name "StorageService Database Schema Creation should handle database initialization errors":
	  <li
	    class="jasmine-failed"
	    id="spec_spec756"
	    title="StorageService Database Schema Creation should handle database initialization errors"
	  />
	
	  Name "DashboardComponent should navigate to client details":
	  <li
	    class="jasmine-passed"
	    id="spec_spec973"
	    title="DashboardComponent should navigate to client details"
	  />
	
	  Name "DashboardComponent should get next best action data":
	  <li
	    class="jasmine-passed"
	    id="spec_spec979"
	    title="DashboardComponent should get next best action data"
	  />
	
	  Name "DashboardComponent should toggle view mode":
	  <li
	    class="jasmine-passed"
	    id="spec_spec975"
	    title="DashboardComponent should toggle view mode"
	  />
	
	  Name "DashboardComponent should clean up subscriptions on destroy":
	  <li
	    class="jasmine-passed"
	    id="spec_spec981"
	    title="DashboardComponent should clean up subscriptions on destroy"
	  />
	
	  Name "DashboardComponent should filter actionable clients by priority":
	  <li
	    class="jasmine-passed"
	    id="spec_spec980"
	    title="DashboardComponent should filter actionable clients by priority"
	  />
	
	  Name "DashboardComponent should change market selection":
	  <li
	    class="jasmine-passed"
	    id="spec_spec972"
	    title="DashboardComponent should change market selection"
	  />
	
	  Name "DashboardComponent should format currency correctly":
	  <li
	    class="jasmine-passed"
	    id="spec_spec978"
	    title="DashboardComponent should format currency correctly"
	  />
	
	  Name "DashboardComponent should load dashboard data on init":
	  <li
	    class="jasmine-passed"
	    id="spec_spec969"
	    title="DashboardComponent should load dashboard data on init"
	  />
	
	  Name "DashboardComponent should create":
	  <li
	    class="jasmine-passed"
	    id="spec_spec968"
	    title="DashboardComponent should create"
	  />
	
	  Name "DashboardComponent should handle error in dashboard data loading":
	  <li
	    class="jasmine-passed"
	    id="spec_spec976"
	    title="DashboardComponent should handle error in dashboard data loading"
	  />
	
	  Name "DashboardComponent should calculate completion percentage correctly":
	  <li
	    class="jasmine-passed"
	    id="spec_spec977"
	    title="DashboardComponent should calculate completion percentage correctly"
	  />
	
	  Name "DashboardComponent should display dashboard stats correctly":
	  <li
	    class="jasmine-passed"
	    id="spec_spec970"
	    title="DashboardComponent should display dashboard stats correctly"
	  />
	
	  Name "DashboardComponent should navigate to opportunities pipeline":
	  <li
	    class="jasmine-passed"
	    id="spec_spec974"
	    title="DashboardComponent should navigate to opportunities pipeline"
	  />
	
	  Name "DashboardComponent should handle activity feed data":
	  <li
	    class="jasmine-passed"
	    id="spec_spec971"
	    title="DashboardComponent should handle activity feed data"
	  />
	
	  Name "ApiService Cache Management should update cache when updating client":
	  <li
	    class="jasmine-passed"
	    id="spec_spec47"
	    title="ApiService Cache Management should update cache when updating client"
	  />
	
	  Name "ApiService Cache Management should update cache when deleting client":
	  <li
	    class="jasmine-passed"
	    id="spec_spec48"
	    title="ApiService Cache Management should update cache when deleting client"
	  />
	
	  Name "ApiService Cache Management should update cache when getting clients":
	  <li
	    class="jasmine-passed"
	    id="spec_spec45"
	    title="ApiService Cache Management should update cache when getting clients"
	  />
	
	  Name "ApiService Cache Management should update cache when creating client":
	  <li
	    class="jasmine-passed"
	    id="spec_spec46"
	    title="ApiService Cache Management should update cache when creating client"
	  />
	
	  Name "ApiService Document Operations should get client documents from real API":
	  <li
	    class="jasmine-passed"
	    id="spec_spec34"
	    title="ApiService Document Operations should get client documents from real API"
	  />
	
	  Name "ApiService Document Operations should upload document with mock data":
	  <li
	    class="jasmine-failed"
	    id="spec_spec31"
	    title="ApiService Document Operations should upload document with mock data"
	  />
	
	  Name "ApiService Document Operations should upload document via real API":
	  <li
	    class="jasmine-passed"
	    id="spec_spec32"
	    title="ApiService Document Operations should upload document via real API"
	  />
	
	  Name "ApiService Document Operations should get client documents with mock data":
	  <li
	    class="jasmine-passed"
	    id="spec_spec33"
	    title="ApiService Document Operations should get client documents with mock data"
	  />
	
	  Name "ApiService Quote Operations should create quote with mock data":
	  <li
	    class="jasmine-passed"
	    id="spec_spec27"
	    title="ApiService Quote Operations should create quote with mock data"
	  />
	
	  Name "ApiService Quote Operations should get client quotes from real API":
	  <li
	    class="jasmine-passed"
	    id="spec_spec30"
	    title="ApiService Quote Operations should get client quotes from real API"
	  />
	
	  Name "ApiService Quote Operations should create quote via real API":
	  <li
	    class="jasmine-passed"
	    id="spec_spec28"
	    title="ApiService Quote Operations should create quote via real API"
	  />
	
	  Name "ApiService Quote Operations should get client quotes with mock data":
	  <li
	    class="jasmine-passed"
	    id="spec_spec29"
	    title="ApiService Quote Operations should get client quotes with mock data"
	  />
	
	  Name "ApiService Client Operations - Real API Mode should get clients from real API":
	  <li
	    class="jasmine-passed"
	    id="spec_spec22"
	    title="ApiService Client Operations - Real API Mode should get clients from real API"
	  />
	
	  Name "ApiService Client Operations - Real API Mode should get client by ID from real API":
	  <li
	    class="jasmine-passed"
	    id="spec_spec23"
	    title="ApiService Client Operations - Real API Mode should get client by ID from real API"
	  />
	
	  Name "ApiService Client Operations - Real API Mode should create client via real API":
	  <li
	    class="jasmine-passed"
	    id="spec_spec24"
	    title="ApiService Client Operations - Real API Mode should create client via real API"
	  />
	
	  Name "ApiService Client Operations - Real API Mode should update client via real API":
	  <li
	    class="jasmine-passed"
	    id="spec_spec25"
	    title="ApiService Client Operations - Real API Mode should update client via real API"
	  />
	
	  Name "ApiService Client Operations - Real API Mode should delete client via real API":
	  <li
	    class="jasmine-passed"
	    id="spec_spec26"
	    title="ApiService Client Operations - Real API Mode should delete client via real API"
	  />
	
	  Name "ApiService Client Operations - Mock Mode should get client by ID with mock data":
	  <li
	    class="jasmine-passed"
	    id="spec_spec17"
	    title="ApiService Client Operations - Mock Mode should get client by ID with mock data"
	  />
	
	  Name "ApiService Client Operations - Mock Mode should filter clients by search term":
	  <li
	    class="jasmine-passed"
	    id="spec_spec16"
	    title="ApiService Client Operations - Mock Mode should filter clients by search term"
	  />
	
	  Name "ApiService Client Operations - Mock Mode should update client with mock data":
	  <li
	    class="jasmine-passed"
	    id="spec_spec20"
	    title="ApiService Client Operations - Mock Mode should update client with mock data"
	  />
	
	  Name "ApiService Client Operations - Mock Mode should filter clients by market":
	  <li
	    class="jasmine-passed"
	    id="spec_spec15"
	    title="ApiService Client Operations - Mock Mode should filter clients by market"
	  />
	
	  Name "ApiService Client Operations - Mock Mode should delete client with mock data":
	  <li
	    class="jasmine-passed"
	    id="spec_spec21"
	    title="ApiService Client Operations - Mock Mode should delete client with mock data"
	  />
	
	  Name "ApiService Client Operations - Mock Mode should get clients with mock data":
	  <li
	    class="jasmine-passed"
	    id="spec_spec14"
	    title="ApiService Client Operations - Mock Mode should get clients with mock data"
	  />
	
	  Name "ApiService Client Operations - Mock Mode should create client with mock data":
	  <li
	    class="jasmine-passed"
	    id="spec_spec19"
	    title="ApiService Client Operations - Mock Mode should create client with mock data"
	  />
	
	  Name "ApiService Client Operations - Mock Mode should return null for non-existent client ID":
	  <li
	    class="jasmine-passed"
	    id="spec_spec18"
	    title="ApiService Client Operations - Mock Mode should return null for non-existent client ID"
	  />
	
	  Name "ApiService Error Handling should return null for missing client data":
	  <li
	    class="jasmine-passed"
	    id="spec_spec43"
	    title="ApiService Error Handling should return null for missing client data"
	  />
	
	  Name "ApiService Error Handling should handle API errors when creating client":
	  <li
	    class="jasmine-passed"
	    id="spec_spec42"
	    title="ApiService Error Handling should handle API errors when creating client"
	  />
	
	  Name "ApiService Error Handling should return empty array for missing clients data":
	  <li
	    class="jasmine-passed"
	    id="spec_spec44"
	    title="ApiService Error Handling should return empty array for missing clients data"
	  />
	
	  Name "ApiService Error Handling should handle API errors when getting clients":
	  <li
	    class="jasmine-passed"
	    id="spec_spec41"
	    title="ApiService Error Handling should handle API errors when getting clients"
	  />
	
	  Name "ApiService Service Initialization should initialize clients cache as empty array":
	  <li
	    class="jasmine-passed"
	    id="spec_spec13"
	    title="ApiService Service Initialization should initialize clients cache as empty array"
	  />
	
	  Name "ApiService Service Initialization should be created":
	  <li
	    class="jasmine-passed"
	    id="spec_spec12"
	    title="ApiService Service Initialization should be created"
	  />
	
	  Name "ApiService Utility Methods should generate default documents for CreditoColectivo flow":
	  <li
	    class="jasmine-passed"
	    id="spec_spec40"
	    title="ApiService Utility Methods should generate default documents for CreditoColectivo flow"
	  />
	
	  Name "ApiService Utility Methods should clear cache":
	  <li
	    class="jasmine-passed"
	    id="spec_spec38"
	    title="ApiService Utility Methods should clear cache"
	  />
	
	  Name "ApiService Utility Methods should check API health":
	  <li
	    class="jasmine-passed"
	    id="spec_spec37"
	    title="ApiService Utility Methods should check API health"
	  />
	
	  Name "ApiService Utility Methods should generate default documents for VentaPlazo flow":
	  <li
	    class="jasmine-passed"
	    id="spec_spec39"
	    title="ApiService Utility Methods should generate default documents for VentaPlazo flow"
	  />
	
	  Name "ApiService Event Operations should add client event with mock data":
	  <li
	    class="jasmine-passed"
	    id="spec_spec35"
	    title="ApiService Event Operations should add client event with mock data"
	  />
	
	  Name "ApiService Event Operations should add client event via real API":
	  <li
	    class="jasmine-passed"
	    id="spec_spec36"
	    title="ApiService Event Operations should add client event via real API"
	  />
	
	  Name "ClienteFormComponent Integration Tests should render form with all required fields":
	  <li
	    class="jasmine-failed"
	    id="spec_spec933"
	    title="ClienteFormComponent Integration Tests should render form with all required fields"
	  />
	
	  Name "ClienteFormComponent Integration Tests should handle form input correctly":
	  <li
	    class="jasmine-passed"
	    id="spec_spec935"
	    title="ClienteFormComponent Integration Tests should handle form input correctly"
	  />
	
	  Name "ClienteFormComponent Integration Tests should handle back button click":
	  <li
	    class="jasmine-passed"
	    id="spec_spec937"
	    title="ClienteFormComponent Integration Tests should handle back button click"
	  />
	
	  --------------------------------------------------banner:
	
	  Name "":
	  <header
	    _ngcontent-a-c3637498237=""
	    class="form-header"
	  />
	
	  --------------------------------------------------
	  button:
	
	  Name "← Volver":
	  <button
	    _ngcontent-a-c3637498237=""
	    class="back-button"
	  />
	
	  Name "Cancelar":
	  <button
	    _ngcontent-a-c3637498237=""
	    class="btn-secondary"
	    type="button"
	  />
	
	  Name "Crear Cliente":
	  <button
	    _ngcontent-a-c3637498237=""
	    class="btn-primary"
	    disabled=""
	    type="submit"
	  />
	
	  --------------------------------------------------
	  heading:
	
	  Name "➕ Nuevo Cliente":
	  <h1
	    _ngcontent-a-c3637498237=""
	    class="page-title"
	  />
	
	  Name "👤 Información Personal":
	  <h2
	    _ngcontent-a-c3637498237=""
	    class="section-title"
	  />
	
	  Name "🚐 Información de Negocio":
	  <h2
	    _ngcontent-a-c3637498237=""
	    class="section-title"
	  />
	
	  --------------------------------------------------
	  textbox:
	
	  Name "Nombre Completo *":
	  <input
	    _ngcontent-a-c3637498237=""
	    class="form-input ng-untouched ng-pristine ng-invalid"
	    formcontrolname="name"
	    id="name"
	    ng-reflect-name="name"
	    placeholder="Ej. Juan Pérez García"
	    type="text"
	  />
	
	  Name "Correo Electrónico *":
	  <input
	    _ngcontent-a-c3637498237=""
	    class="form-input ng-untouched ng-pristine ng-invalid"
	    formcontrolname="email"
	    id="email"
	    ng-reflect-name="email"
	    placeholder="juan@ejemplo.com"
	    type="email"
	  />
	
	  Name "Teléfono *":
	  <input
	    _ngcontent-a-c3637498237=""
	    class="form-input ng-untouched ng-pristine ng-invalid"
	    formcontrolname="phone"
	    id="phone"
	    ng-reflect-name="phone"
	    placeholder="5555555555"
	    type="tel"
	  />
	
	  Name "RFC":
	  <input
	    _ngcontent-a-c3637498237=""
	    class="form-input ng-untouched ng-pristine ng-valid"
	    formcontrolname="rfc"
	    id="rfc"
	    ng-reflect-name="rfc"
	    placeholder="XAXX010101000"
	    type="text"
	  />
	
	  Name "Notas Adicionales":
	  <textarea
	    _ngcontent-a-c3637498237=""
	    class="form-textarea ng-untouched ng-pristine ng-valid"
	    formcontrolname="notes"
	    id="notes"
	    ng-reflect-name="notes"
	    placeholder="Información adicional sobre el cliente..."
	    rows="3"
	  />
	
	  --------------------------------------------------
	  combobox:
	
	  Name "Mercado *":
	  <select
	    _ngcontent-a-c3637498237=""
	    class="form-select ng-untouched ng-pristine ng-invalid"
	    formcontrolname="market"
	    id="market"
	    ng-reflect-name="market"
	  />
	
	  Name "Tipo de Producto *":
	  <select
	    _ngcontent-a-c3637498237=""
	    class="form-select ng-untouched ng-pristine ng-invalid"
	    formcontrolname="flow"
	    id="flow"
	    ng-reflect-name="flow"
	  />
	
	  --------------------------------------------------
	  option:
	
	  Name "Seleccionar mercado":
	  <option
	    _ngcontent-a-c3637498237=""
	    ng-reflect-value=""
	    value=""
	  />
	
	  Name "Aguascalientes":
	  <option
	    _ngcontent-a-c3637498237=""
	    ng-reflect-value="aguascalientes"
	    value="aguascalientes"
	  />
	
	  Name "Estado de México":
	  <option
	    _ngcontent-a-c3637498237=""
	    ng-reflect-value="edomex"
	    value="edomex"
	  />
	
	  Name "Seleccionar producto":
	  <option
	    _ngcontent-a-c3637498237=""
	    ng-reflect-value=""
	    value=""
	  />
	
	  Name "Venta a Plazo":
	  <option
	    _ngcontent-a-c3637498237=""
	    ng-reflect-value="Venta a Plazo"
	    value="Venta a Plazo"
	  />
	
	  Name "Plan de Ahorro":
	  <option
	    _ngcontent-a-c3637498237=""
	    ng-reflect-value="Plan de Ahorro"
	    value="Plan de Ahorro"
	  />
	
	  Name "Crédito Colectivo":
	  <option
	    _ngcontent-a-c3637498237=""
	    ng-reflect-value="Crédito Colectivo"
	    value="Crédito Colectivo"
	  />
	
	  Name "Venta Directa":
	  <option
	    _ngcontent-a-c3637498237=""
	    ng-reflect-value="Venta Directa"
	    value="Venta Directa"
	  />
	
	  --------------------------------------------------
	
	Ignored nodes: comments, script, style
	<body>
	  
	    
	  
	    
	  
	    
	  
	    
	  
	    
	  
	    
	  
	    
	  
	
	  
	
	  
	
	  
	
	  
	
	  <link
	    crossorigin="anonymous"
	    href="node_modules/jasmine-core/lib/jasmine-core/jasmine.css"
	    rel="stylesheet"
	    type="text/css"
	  />
	  
	
	  
	
	  
	
	  <div
	    class="jasmine_html-reporter"
	  >
	    <div
	      class="jasmine-banner"
	    >
	      <a
	        class="jasmine-title"
	        href="http://jasmine.github.io/"
	        target="_blank"
	      />
	      <span
	        class="jasmine-version"
	      >
	        4.6.1
	      </span>
	    </div>
	    <ul
	      class="jasmine-symbol-summary"
	    >
	      <li
	        class="jasmine-passed"
	        id="spec_spec478"
	        title="LoadingService Service Initialization should return false for initial isLoading state"
	      />
	      <li
	        class="jasmine-passed"
	        id="spec_spec477"
	        title="LoadingService Service Initialization should initialize with loading false"
	      />
	      <li
	        class="jasmine-passed"
	        id="spec_spec476"
	        title="LoadingService Service Initialization should be created"
	      />
	      <li
	        class="jasmine-passed"
	        id="spec_spec479"
	        title="LoadingService Basic Loading Control should show loading"
	      />
	      <li
	        class="jasmine-passed"
	        id="spec_spec482"
	        title="LoadingService Basic Loading Control should not hide loading when already hidden"
	      />
	      <li
	        class="jasmine-passed"
	        id="spec_spec481"
	        title="LoadingService Basic Loading Control should not show loading multiple times without identifiers"
	      />
	      <li
	        class="jasmine-passed"
	        id="spec_spec480"
	        title="LoadingService Basic Loading Control should hide loading"
	      />
	      <li
	        class="jasmine-passed"
	        id="spec_spec488"
	        title="LoadingService Identifier-based Loading Control should handle hiding identifier multiple times"
	      />
	      <li
	        class="jasmine-passed"
	        id="spec_spec487"
	        title="LoadingService Identifier-based Loading Control should handle hiding non-existent identifier"
	      />
	      <li
	        class="jasmine-passed"
	        id="spec_spec483"
	        title="LoadingService Identifier-based Loading Control should show loading with identifier"
	      />
	      <li
	        class="jasmine-passed"
	        id="spec_spec486"
	        title="LoadingService Identifier-based Loading Control should not add duplicate identifiers"
	      />
	      <li
	        class="jasmine-passed"
	        id="spec_spec485"
	        title="LoadingService Identifier-based Loading Control should manage multiple identifiers"
	      />
	      <li
	        class="jasmine-passed"
	        id="spec_spec484"
	        title="LoadingService Identifier-based Loading Control should hide loading with identifier"
	      />
	      <li
	        class="jasmine-passed"
	        id="spec_spec503"
	        title="LoadingService Observable Behavior should support multiple subscribers"
	      />
	      <li
	        class="jasmine-passed"
	        id="spec_spec501"
	        title="LoadingService Observable Behavior should emit loading state changes"
	      />
	      <li
	        class="jasmine-passed"
	        id="spec_spec502"
	        title="LoadingService Observable Behavior should not emit duplicate states"
	      />
	      <li
	        class="jasmine-passed"
	        id="spec_spec496"
	        title="LoadingService SetLoading Alias Method should work without identifier"
	      />
	      <li
	        class="jasmine-passed"
	        id="spec_spec495"
	        title="LoadingService SetLoading Alias Method should hide loading when setLoading(false)"
	      />
	      <li
	        class="jasmine-passed"
	        id="spec_spec494"
	        title="LoadingService SetLoading Alias Method should show loading when setLoading(true)"
	      />
	      <li
	        class="jasmine-passed"
	        id="spec_spec498"
	        title="LoadingService Edge Cases and Error Handling should handle mixed identifier and non-identifier operations"
	      />
	      <li
	        class="jasmine-passed"
	        id="spec_spec497"
	        title="LoadingService Edge Cases and Error Handling should handle rapid show/hide calls"
	      />
	      <li
	        class="jasmine-passed"
	        id="spec_spec500"
	        title="LoadingService Edge Cases and Error Handling should maintain state consistency after force hide"
	      />
	      <li
	        class="jasmine-passed"
	        id="spec_spec499"
	        title="LoadingService Edge Cases and Error Handling should handle empty string identifier"
	      />
	      <li
	        class="jasmine-passed"
	        id="spec_spec489"
	        title="LoadingService Force Hide Functionality should force hide loading even with active identifiers"
	      />
	      <li
	        class="jasmine-passed"
	        id="spec_spec490"
	        title="LoadingService Force Hide Functionality should clear all identifiers on force hide"
	      />
	      <li
	        class="jasmine-passed"
	        id="spec_spec492"
	        title="LoadingService Duration-based Loading should show loading for duration with identifier"
	      />
	      <li
	        class="jasmine-passed"
	        id="spec_spec491"
	        title="LoadingService Duration-based Loading should show loading for specific duration"
	      />
	      <li
	        class="jasmine-passed"
	        id="spec_spec493"
	        title="LoadingService Duration-based Loading should handle multiple timed operations"
	      />
	      <li
	        class="jasmine-passed"
	        id="spec_spec53"
	        title="AuthService Login Functionality should fail login with invalid credentials"
	      />
	      <li
	        class="jasmine-passed"
	        id="spec_spec52"
	        title="AuthService Login Functionality should login with valid demo credentials"
	      />
	      <li
	        class="jasmine-passed"
	        id="spec_spec56"
	        title="AuthService Login Functionality should store token in localStorage after successful login"
	      />
	      <li
	        class="jasmine-passed"
	        id="spec_spec55"
	        title="AuthService Login Functionality should set user as authenticated after successful login"
	      />
	      <li
	        class="jasmine-passed"
	        id="spec_spec54"
	        title="AuthService Login Functionality should fail login with non-corporate email"
	      />
	      <li
	        class="jasmine-passed"
	        id="spec_spec51"
	        title="AuthService Basic Service Setup should initialize as not authenticated"
	      />
	      <li
	        class="jasmine-passed"
	        id="spec_spec49"
	        title="AuthService Basic Service Setup should be created"
	      />
	      <li
	        class="jasmine-passed"
	        id="spec_spec50"
	        title="AuthService Basic Service Setup should initialize with no authenticated user"
	      />
	      <li
	        class="jasmine-passed"
	        id="spec_spec75"
	        title="AuthService Logout Functionality should clear user data on logout"
	      />
	      <li
	        class="jasmine-passed"
	   ...
	TestingLibraryElementError: Unable to find an accessible element with the role "button" and name `/guardar/i`
	Here are the accessible roles:
	  link:
	  Name "":
	  <a
	    class="jasmine-title"
	    href="http://jasmine.github.io/"
	    target="_blank"
	  />
	  --------------------------------------------------
	  list:
	  Name "":
	  <ul
	    class="jasmine-symbol-summary"
	  />
	  --------------------------------------------------
	  listitem:
	  Name "LoadingService Service Initialization should return false for initial isLoading state":
	  <li
	    class="jasmine-passed"
	    id="spec_spec478"
	    title="LoadingService Service Initialization should return false for initial isLoading state"
	  />
	  Name "LoadingService Service Initialization should initialize with loading false":
	  <li
	    class="jasmine-passed"
	    id="spec_spec477"
	    title="LoadingService Service Initialization should initialize with loading false"
	  />
	  Name "LoadingService Service Initialization should be created":
	  <li
	    class="jasmine-passed"
	    id="spec_spec476"
	    title="LoadingService Service Initialization should be created"
	  />
	  Name "LoadingService Basic Loading Control should show loading":
	  <li
	    class="jasmine-passed"
	    id="spec_spec479"
	    title="LoadingService Basic Loading Control should show loading"
	  />
	  Name "LoadingService Basic Loading Control should not hide loading when already hidden":
	  <li
	    class="jasmine-passed"
	    id="spec_spec482"
	    title="LoadingService Basic Loading Control should not hide loading when already hidden"
	  />
	  Name "LoadingService Basic Loading Control should not show loading multiple times without identifiers":
	  <li
	    class="jasmine-passed"
	    id="spec_spec481"
	    title="LoadingService Basic Loading Control should not show loading multiple times without identifiers"
	  />
	  Name "LoadingService Basic Loading Control should hide loading":
	  <li
	    class="jasmine-passed"
	    id="spec_spec480"
	    title="LoadingService Basic Loading Control should hide loading"
	  />
	  Name "LoadingService Identifier-based Loading Control should handle hiding identifier multiple times":
	  <li
	    class="jasmine-passed"
	    id="spec_spec488"
	    title="LoadingService Identifier-based Loading Control should handle hiding identifier multiple times"
	  />
	  Name "LoadingService Identifier-based Loading Control should handle hiding non-existent identifier":
	  <li
	    class="jasmine-passed"
	    id="spec_spec487"
	    title="LoadingService Identifier-based Loading Control should handle hiding non-existent identifier"
	  />
	  Name "LoadingService Identifier-based Loading Control should show loading with identifier":
	  <li
	    class="jasmine-passed"
	    id="spec_spec483"
	    title="LoadingService Identifier-based Loading Control should show loading with identifier"
	  />
	  Name "LoadingService Identifier-based Loading Control should not add duplicate identifiers":
	  <li
	    class="jasmine-passed"
	    id="spec_spec486"
	    title="LoadingService Identifier-based Loading Control should not add duplicate identifiers"
	  />
	  Name "LoadingService Identifier-based Loading Control should manage multiple identifiers":
	  <li
	    class="jasmine-passed"
	    id="spec_spec485"
	    title="LoadingService Identifier-based Loading Control should manage multiple identifiers"
	  />
	  Name "LoadingService Identifier-based Loading Control should hide loading with identifier":
	  <li
	    class="jasmine-passed"
	    id="spec_spec484"
	    title="LoadingService Identifier-based Loading Control should hide loading with identifier"
	  />
	  Name "LoadingService Observable Behavior should support multiple subscribers":
	  <li
	    class="jasmine-passed"
	    id="spec_spec503"
	    title="LoadingService Observable Behavior should support multiple subscribers"
	  />
	  Name "LoadingService Observable Behavior should emit loading state changes":
	  <li
	    class="jasmine-passed"
	    id="spec_spec501"
	    title="LoadingService Observable Behavior should emit loading state changes"
	  />
	  Name "LoadingService Observable Behavior should not emit duplicate states":
	  <li
	    class="jasmine-passed"
	    id="spec_spec502"
	    title="LoadingService Observable Behavior should not emit duplicate states"
	  />
	  Name "LoadingService SetLoading Alias Method should work without identifier":
	  <li
	    class="jasmine-passed"
	    id="spec_spec496"
	    title="LoadingService SetLoading Alias Method should work without identifier"
	  />
	  Name "LoadingService SetLoading Alias Method should hide loading when setLoading(false)":
	  <li
	    class="jasmine-passed"
	    id="spec_spec495"
	    title="LoadingService SetLoading Alias Method should hide loading when setLoading(false)"
	  />
	  Name "LoadingService SetLoading Alias Method should show loading when setLoading(true)":
	  <li
	    class="jasmine-passed"
	    id="spec_spec494"
	    title="LoadingService SetLoading Alias Method should show loading when setLoading(true)"
	  />
	  Name "LoadingService Edge Cases and Error Handling should handle mixed identifier and non-identifier operations":
	  <li
	    class="jasmine-passed"
	    id="spec_spec498"
	    title="LoadingService Edge Cases and Error Handling should handle mixed identifier and non-identifier operations"
	  />
	  Name "LoadingService Edge Cases and Error Handling should handle rapid show/hide calls":
	  <li
	    class="jasmine-passed"
	    id="spec_spec497"
	    title="LoadingService Edge Cases and Error Handling should handle rapid show/hide calls"
	  />
	  Name "LoadingService Edge Cases and Error Handling should maintain state consistency after force hide":
	  <li
	    class="jasmine-passed"
	    id="spec_spec500"
	    title="LoadingService Edge Cases and Error Handling should maintain state consistency after force hide"
	  />
	  Name "LoadingService Edge Cases and Error Handling should handle empty string identifier":
	  <li
	    class="jasmine-passed"
	    id="spec_spec499"
	    title="LoadingService Edge Cases and Error Handling should handle empty string identifier"
	  />
	  Name "LoadingService Force Hide Functionality should force hide loading even with active identifiers":
	  <li
	    class="jasmine-passed"
	    id="spec_spec489"
	    title="LoadingService Force Hide Functionality should force hide loading even with active identifiers"
	  />
	  Name "LoadingService Force Hide Functionality should clear all identifiers on force hide":
	  <li
	    class="jasmine-passed"
	    id="spec_spec490"
	    title="LoadingService Force Hide Functionality should clear all identifiers on force hide"
	  />
	  Name "LoadingService Duration-based Loading should show loading for duration with identifier":
	  <li
	    class="jasmine-passed"
	    id="spec_spec492"
	    title="LoadingService Duration-based Loading should show loading for duration with identifier"
	  />
	  Name "LoadingService Duration-based Loading should show loading for specific duration":
	  <li
	    class="jasmine-passed"
	    id="spec_spec491"
	    title="LoadingService Duration-based Loading should show loading for specific duration"
	  />
	  Name "LoadingService Duration-based Loading should handle multiple timed operations":
	  <li
	    class="jasmine-passed"
	    id="spec_spec493"
	    title="LoadingService Duration-based Loading should handle multiple timed operations"
	  />
	  Name "AuthService Login Functionality should fail login with invalid credentials":
	  <li
	    class="jasmine-passed"
	    id="spec_spec53"
	    title="AuthService Login Functionality should fail login with invalid credentials"
	  />
	  Name "AuthService Login Functionality should login with valid demo credentials":
	  <li
	    class="jasmine-passed"
	    id="spec_spec52"
	    title="AuthService Login Functionality should login with valid demo credentials"
	  />
	  Name "AuthService Login Functionality should store token in localStorage after successful login":
	  <li
	    class="jasmine-passed"
	    id="spec_spec56"
	    title="AuthService Login Functionality should store token in localStorage after successful login"
	  />
	  Name "AuthService Login Functionality should set user as authenticated after successful login":
	  <li
	    class="jasmine-passed"
	    id="spec_spec55"
	    title="AuthService Login Functionality should set user as authenticated after successful login"
	  />
	  Name "AuthService Login Functionality should fail login with non-corporate email":
	  <li
	    class="jasmine-passed"
	    id="spec_spec54"
	    title="AuthService Login Functionality should fail login with non-corporate email"
	  />
	  Name "AuthService Basic Service Setup should initialize as not authenticated":
	  <li
	    class="jasmine-passed"
	    id="spec_spec51"
	    title="AuthService Basic Service Setup should initialize as not authenticated"
	  />
	  Name "AuthService Basic Service Setup should be created":
	  <li
	    class="jasmine-passed"
	    id="spec_spec49"
	    title="AuthService Basic Service Setup should be created"
	  />
	  Name "AuthService Basic Service Setup should initialize with no authenticated user":
	  <li
	    class="jasmine-passed"
	    id="spec_spec50"
	    title="AuthService Basic Service Setup should initialize with no authenticated user"
	  />
	  Name "AuthService Logout Functionality should clear user data on logout":
	  <li
	    class="jasmine-passed"
	    id="spec_spec75"
	    title="AuthService Logout Functionality should clear user data on logout"
	  />
	  Name "AuthService Logout Functionality should clear authentication state on logout":
	  <li
	    class="jasmine-passed"
	    id="spec_spec74"
	    title="AuthService Logout Functionality should clear authentication state on logout"
	  />
	  Name "AuthService Logout Functionality should remove token from localStorage on logout":
	  <li
	    class="jasmine-passed"
	    id="spec_spec76"
	    title="AuthService Logout Functionality should remove token from localStorage on logout"
	  />
	  Name "AuthService Email Availability Check should return available for new email":
	  <li
	    class="jasmine-passed"
	    id="spec_spec71"
	    title="AuthService Email Availability Check should return available for new email"
	  />
	  Name "AuthService Email Availability Check should return not available for pending registration email":
	  <li
	    class="jasmine-passed"
	    id="spec_spec73"
	    title="AuthService Email Availability Check should return not available for pending registration email"
	  />
	  Name "AuthService Email Availability Check should return not available for existing email":
	  <li
	    class="jasmine-passed"
	    id="spec_spec72"
	    title="AuthService Email Availability Check should return not available for existing email"
	  />
	  Name "AuthService Email Verification should successfully verify email with valid token":
	  <li
	    class="jasmine-passed"
	    id="spec_spec68"
	    title="AuthService Email Verification should successfully verify email with valid token"
	  />
	  Name "AuthService Email Verification should fail verification with invalid token":
	  <li
	    class="jasmine-passed"
	    id="spec_spec69"
	    title="AuthService Email Verification should fail verification with invalid token"
	  />
	  Name "AuthService Email Verification should update registration status after verification":
	  <li
	    class="jasmine-passed"
	    id="spec_spec70"
	    title="AuthService Email Verification should update registration status after verification"
	  />
	  Name "AuthService Token Management should detect old token as expired":
	  <li
	    class="jasmine-passed"
	    id="spec_spec59"
	    title="AuthService Token Management should detect old token as expired"
	  />
	  Name "AuthService Token Management should detect valid token as not expired":
	  <li
	    class="jasmine-failed"
	    id="spec_spec58"
	    title="AuthService Token Management should detect valid token as not expired"
	  />
	  Name "AuthService Token Management should detect invalid token format as expired":
	  <li
	    class="jasmine-passed"
	    id="spec_spec60"
	    title="AuthService Token Management should detect invalid token format as expired"
	  />
	  Name "AuthService Token Management should retrieve stored token":
	  <li
	    class="jasmine-passed"
	    id="spec_spec57"
	    title="AuthService Token Management should retrieve stored token"
	  />
	  Name "AuthService Registration Functionality should fail registration without privacy acceptance":
	  <li
	    class="jasmine-passed"
	    id="spec_spec63"
	    title="AuthService Registration Functionality should fail registration without privacy acceptance"
	  />
	  Name "AuthService Registration Functionality should successfully register with valid data":
	  <li
	    class="jasmine-passed"
	    id="spec_spec61"
	    title="AuthService Registration Functionality should successfully register with valid data"
	  />
	  Name "AuthService Registration Functionality should fail registration without terms acceptance":
	  <li
	    class="jasmine-passed"
	    id="spec_spec62"
	    title="AuthService Registration Functionality should fail registration without terms acceptance"
	  />
	  Name "AuthService Registration Functionality should fail registration with non-corporate email":
	  <li
	    class="jasmine-passed"
	    id="spec_spec65"
	    title="AuthService Registration Functionality should fail registration with non-corporate email"
	  />
	  Name "AuthService Registration Functionality should fail registration with existing email":
	  <li
	    class="jasmine-passed"
	    id="spec_spec66"
	    title="AuthService Registration Functionality should fail registration with existing email"
	  />
	  Name "AuthService Registration Functionality should fail registration with mismatched passwords":
	  <li
	    class="jasmine-passed"
	    id="spec_spec64"
	    title="AuthService Registration Functionality should fail registration with mismatched passwords"
	  />
	  Name "AuthService Registration Functionality should store pending registration in localStorage":
	  <li
	    class="jasmine-passed"
	    id="spec_spec67"
	    title="AuthService Registration Functionality should store pending registration in localStorage"
	  />
	  Name "CreditScoringService Service Initialization should have SCORING_CONFIG defined":
	  <li
	    class="jasmine-failed"
	    id="spec_spec296"
	    title="CreditScoringService Service Initialization should have SCORING_CONFIG defined"
	  />
	  Name "CreditScoringService Service Initialization should initialize internal storage maps":
	  <li
	    class="jasmine-failed"
	    id="spec_spec297"
	    title="CreditScoringService Service Initialization should initialize internal storage maps"
	  />
	  Name "CreditScoringService Service Initialization should be created":
	  <li
	    class="jasmine-failed"
	    id="spec_spec295"
	    title="CreditScoringService Service Initialization should be created"
	  />
	  Name "CreditScoringService Scoring Recommendations should get VentaDirecta recommendations":
	  <li
	    class="jasmine-failed"
	    id="spec_spec308"
	    title="CreditScoringService Scoring Recommendations should get VentaDirecta recommendations"
	  />
	  Name "CreditScoringService Scoring Recommendations should get CreditoColectivo recommendations":
	  <li
	    class="jasmine-failed"
	    id="spec_spec311"
	    title="CreditScoringService Scoring Recommendations should get CreditoColectivo recommendations"
	  />
	  Name "CreditScoringService Scoring Recommendations should get AhorroProgramado recommendations":
	  <li
	    class="jasmine-failed"
	    id="spec_spec312"
	    title="CreditScoringService Scoring Recommendations should get AhorroProgramado recommendations"
	  />
	  Name "CreditScoringService Scoring Recommendations should get VentaPlazo recommendations for AGS":
	  <li
	    class="jasmine-failed"
	    id="spec_spec309"
	    title="CreditScoringService Scoring Recommendations should get VentaPlazo recommendations for AGS"
	  />
	  Name "CreditScoringService Scoring Recommendations should return default recommendations for unknown flow":
	  <li
	    class="jasmine-failed"
	    id="spec_spec313"
	    title="CreditScoringService Scoring Recommendations should return default recommendations for unknown flow"
	  />
	  Name "CreditScoringService Scoring Recommendations should get VentaPlazo recommendations for EdoMex":
	  <li
	    class="jasmine-failed"
	    id="spec_spec310"
	    title="CreditScoringService Scoring Recommendations should get VentaPlazo recommendations for EdoMex"
	  />
	  Name "CreditScoringService Scoring Validity Check should invalidate expired scoring":
	  <li
	    class="jasmine-failed"
	    id="spec_spec327"
	    title="CreditScoringService Scoring Validity Check should invalidate expired scoring"
	  />
	  Name "CreditScoringService Scoring Validity Check should validate non-expired scoring":
	  <li
	    class="jasmine-failed"
	    id="spec_spec326"
	    title="CreditScoringService Scoring Validity Check should validate non-expired scoring"
	  />
	  Name "CreditScoringService Scoring Validity Check should return false for non-existent scoring":
	  <li
	    class="jasmine-failed"
	    id="spec_spec328"
	    title="CreditScoringService Scoring Validity Check should return false for non-existent scoring"
	  />
	  Name "CreditScoringService Scoring Simulation should set expiration date correctly":
	  <li
	    class="jasmine-failed"
	    id="spec_spec321"
	    title="CreditScoringService Scoring Simulation should set expiration date correctly"
	  />
	  Name "CreditScoringService Scoring Simulation should simulate scoring with low score for risky client":
	  <li
	    class="jasmine-failed"
	    id="spec_spec315"
	    title="CreditScoringService Scoring Simulation should simulate scoring with low score for risky client"
	  />
	  Name "CreditScoringService Scoring Simulation should apply market bonus for Aguascalientes":
	  <li
	    class="jasmine-failed"
	    id="spec_spec316"
	    title="CreditScoringService Scoring Simulation should apply market bonus for Aguascalientes"
	  />
	  Name "CreditScoringService Scoring Simulation should set correct interest rates by market":
	  <li
	    class="jasmine-failed"
	    id="spec_spec318"
	    title="CreditScoringService Scoring Simulation should set correct interest rates by market"
	  />
	  Name "CreditScoringService Scoring Simulation should include reasons for rejection":
	  <li
	    class="jasmine-failed"
	    id="spec_spec320"
	    title="CreditScoringService Scoring Simulation should include reasons for rejection"
	  />
	  Name "CreditScoringService Scoring Simulation should apply business flow bonuses correctly":
	  <li
	    class="jasmine-failed"
	    id="spec_spec317"
	    title="CreditScoringService Scoring Simulation should apply business flow bonuses correctly"
	  />
	  Name "CreditScoringService Scoring Simulation should include conditions for conditional approval":
	  <li
	    class="jasmine-failed"
	    id="spec_spec319"
	    title="CreditScoringService Scoring Simulation should include conditions for conditional approval"
	  />
	  Name "CreditScoringService Scoring Simulation should simulate scoring with high score for good client":
	  <li
	    class="jasmine-failed"
	    id="spec_spec314"
	    title="CreditScoringService Scoring Simulation should simulate scoring with high score for good client"
	  />
	  Name "CreditScoringService Credit Scoring Process should get scoring status correctly":
	  <li
	    class="jasmine-failed"
	    id="spec_spec301"
	    title="CreditScoringService Credit Scoring Process should get scoring status correctly"
	  />
	  Name "CreditScoringService Credit Scoring Process should return null for non-existent scoring ID":
	  <li
	    class="jasmine-failed"
	    id="spec_spec300"
	    title="CreditScoringService Credit Scoring Process should return null for non-existent scoring ID"
	  />
	  Name "CreditScoringService Credit Scoring Process should return null for non-existent status ID":
	  <li
	    class="jasmine-failed"
	    id="spec_spec302"
	    title="CreditScoringService Credit Scoring Process should return null for non-existent status ID"
	  />
	  Name "CreditScoringService Credit Scoring Process should initiate credit scoring request":
	  <li
	    class="jasmine-failed"
	    id="spec_spec298"
	    title="CreditScoringService Credit Scoring Process should initiate credit scoring request"
	  />
	  Name "CreditScoringService Credit Scoring Process should store scoring result after processing":
	  <li
	    class="jasmine-failed"
	    id="spec_spec299"
	    title="CreditScoringService Credit Scoring Process should store scoring result after processing"
	  />
	  Name "CreditScoringService Risk Level Assignment should assign correct risk levels":
	  <li
	    class="jasmine-failed"
	    id="spec_spec330"
	    title="CreditScoringService Risk Level Assignment should assign correct risk levels"
	  />
	  Name "CreditScoringService Score Grading System should assign correct grades for score ranges":
	  <li
	    class="jasmine-failed"
	    id="spec_spec329"
	    title="CreditScoringService Score Grading System should assign correct grades for score ranges"
	  />
	  Name "CreditScoringService Scoring Prerequisites Validation should validate client is ready for scoring":
	  <li
	    class="jasmine-failed"
	    id="spec_spec303"
	    title="CreditScoringService Scoring Prerequisites Validation should validate client is ready for scoring"
	  />
	  Name "CreditScoringService Scoring Prerequisites Validation should identify multiple missing requirements":
	  <li
	    class="jasmine-failed"
	    id="spec_spec307"
	    title="CreditScoringService Scoring Prerequisites Validation should identify multiple missing requirements"
	  />
	  Name "CreditScoringService Scoring Prerequisites Validation should identify missing INE document":
	  <li
	    class="jasmine-failed"
	    id="spec_spec304"
	    title="CreditScoringService Scoring Prerequisites Validation should identify missing INE document"
	  />
	  Name "CreditScoringService Scoring Prerequisites Validation should identify missing KYC verification":
	  <li
	    class="jasmine-failed"
	    id="spec_spec306"
	    title="CreditScoringService Scoring Prerequisites Validation should identify missing KYC verification"
	  />
	  Name "CreditScoringService Scoring Prerequisites Validation should identify missing comprobante document":
	  <li
	    class="jasmine-failed"
	    id="spec_spec305"
	    title="CreditScoringService Scoring Prerequisites Validation should identify missing comprobante document"
	  />
	  Name "CreditScoringService Scoring Retry Functionality should fail retry for non-existent original scoring":
	  <li
	    class="jasmine-failed"
	    id="spec_spec323"
	    title="CreditScoringService Scoring Retry Functionality should fail retry for non-existent original scoring"
	  />
	  Name "CreditScoringService Scoring Retry Functionality should retry scoring with updated information":
	  <li
	    class="jasmine-failed"
	    id="spec_spec322"
	    title="CreditScoringService Scoring Retry Functionality should retry scoring with updated information"
	  />
	  Name "CreditScoringService Edge Cases and Error Handling should handle zero or negative income gracefully":
	  <li
	    class="jasmine-failed"
	    id="spec_spec333"
	    title="CreditScoringService Edge Cases and Error Handling should handle zero or negative income gracefully"
	  />
	  Name "CreditScoringService Edge Cases and Error Handling should handle maximum score bounds":
	  <li
	    class="jasmine-failed"
	    id="spec_spec332"
	    title="CreditScoringService Edge Cases and Error Handling should handle maximum score bounds"
	  />
	  Name "CreditScoringService Edge Cases and Error Handling should handle minimum score bounds":
	  <li
	    class="jasmine-failed"
	    id="spec_spec331"
	    title="CreditScoringService Edge Cases and Error Handling should handle minimum score bounds"
	  />
	  Name "CreditScoringService Client Scoring History should return empty array for client with no scorings":
	  <li
	    class="jasmine-failed"
	    id="spec_spec325"
	    title="CreditScoringService Client Scoring History should return empty array for client with no scorings"
	  />
	  Name "CreditScoringService Client Scoring History should get client scoring history":
	  <li
	    class="jasmine-failed"
	    id="spec_spec324"
	    title="CreditScoringService Client Scoring History should get client scoring history"
	  />
	  Name "Integration Smoke should pass basic integration smoke test":
	  <li
	    class="jasmine-passed"
	    id="spec_spec11"
	    title="Integration Smoke should pass basic integration smoke test"
	  />
	  Name "FinancialCalculatorService Scenario Policy Validation should handle step-down without reduction percentage":
	  <li
	    class="jasmine-passed"
	    id="spec_spec422"
	    title="FinancialCalculatorService Scenario Policy Validation should handle step-down without reduction percentage"
	  />
	  Name "FinancialCalculatorService Scenario Policy Validation should validate unknown scenario type":
	  <li
	    class="jasmine-passed"
	    id="spec_spec421"
	    title="FinancialCalculatorService Scenario Policy Validation should validate unknown scenario type"
	  />
	  Name "FinancialCalculatorService Scenario Policy Validation should validate defer scenario within limits":
	  <li
	    class="jasmine-passed"
	    id="spec_spec417"
	    title="FinancialCalculatorService Scenario Policy Validation should validate defer scenario within limits"
	  />
	  Name "FinancialCalculatorService Scenario Policy Validation should validate step-down scenario within limits":
	  <li
	    class="jasmine-passed"
	    id="spec_spec419"
	    title="FinancialCalculatorService Scenario Policy Validation should validate step-down scenario within limits"
	  />
	  Name "FinancialCalculatorService Scenario Policy Validation should reject step-down scenario exceeding reduction limit":
	  <li
	    class="jasmine-passed"
	    id="spec_spec420"
	    title="FinancialCalculatorService Scenario Policy Validation should reject step-down scenario exceeding reduction limit"
	  />
	  Name "FinancialCalculatorService Scenario Policy Validation should reject defer scenario exceeding limits":
	  <li
	    class="jasmine-passed"
	    id="spec_spec418"
	    title="FinancialCalculatorService Scenario Policy Validation should reject defer scenario exceeding limits"
	  />
	  Name "FinancialCalculatorService Interest Capitalization should capitalize interest for deferral period":
	  <li
	    class="jasmine-passed"
	    id="spec_spec414"
	    title="FinancialCalculatorService Interest Capitalization should capitalize interest for deferral period"
	  />
	  Name "FinancialCalculatorService Interest Capitalization should handle zero deferral months":
	  <li
	    class="jasmine-passed"
	    id="spec_spec415"
	    title="FinancialCalculatorService Interest Capitalization should handle zero deferral months"
	  />
	  Name "FinancialCalculatorService Interest Capitalization should handle zero interest rate":
	  <li
	    class="jasmine-passed"
	    id="spec_spec416"
	    title="FinancialCalculatorService Interest Capitalization should handle zero interest rate"
	  />
	  Name "FinancialCalculatorService Currency Formatting should format positive amounts in Mexican Pesos":
	  <li
	    class="jasmine-passed"
	    id="spec_spec431"
	    title="FinancialCalculatorService Currency Formatting should format positive amounts in Mexican Pesos"
	  />
	  Name "FinancialCalculatorService Currency Formatting should format negative amounts":
	  <li
	    class="jasmine-passed"
	    id="spec_spec432"
	    title="FinancialCalculatorService Currency Formatting should format negative amounts"
	  />
	  Name "FinancialCalculatorService Currency Formatting should format zero amount":
	  <li
	    class="jasmine-passed"
	    id="spec_spec433"
	    title="FinancialCalculatorService Currency Formatting should format zero amount"
	  />
	  Name "FinancialCalculatorService Currency Formatting should format large amounts with proper separators":
	  <li
	    class="jasmine-passed"
	    id="spec_spec434"
	    title="FinancialCalculatorService Currency Formatting should format large amounts with proper separators"
	  />
	  Name "FinancialCalculatorService Currency Formatting should format small amounts":
	  <li
	    class="jasmine-passed"
	    id="spec_spec435"
	    title="FinancialCalculatorService Currency Formatting should format small amounts"
	  />
	  Name "FinancialCalculatorService TIR Calculation (Newton-Raphson) should bound rate to reasonable values":
	  <li
	    class="jasmine-passed"
	    id="spec_spec410"
	    title="FinancialCalculatorService TIR Calculation (Newton-Raphson) should bound rate to reasonable values"
	  />
	  Name "FinancialCalculatorService TIR Calculation (Newton-Raphson) should handle zero cash flows":
	  <li
	    class="jasmine-passed"
	    id="spec_spec407"
	    title="FinancialCalculatorService TIR Calculation (Newton-Raphson) should handle zero cash flows"
	  />
	  Name "FinancialCalculatorService TIR Calculation (Newton-Raphson) should calculate TIR for simple cash flows":
	  <li
	    class="jasmine-passed"
	    id="spec_spec405"
	    title="FinancialCalculatorService TIR Calculation (Newton-Raphson) should calculate TIR for simple cash flows"
	  />
	  Name "FinancialCalculatorService TIR Calculation (Newton-Raphson) should calculate TIR for loan scenario":
	  <li
	    class="jasmine-passed"
	    id="spec_spec406"
	    title="FinancialCalculatorService TIR Calculation (Newton-Raphson) should calculate TIR for loan scenario"
	  />
	  Name "FinancialCalculatorService TIR Calculation (Newton-Raphson) should handle single negative cash flow":
	  <li
	    class="jasmine-passed"
	    id="spec_spec408"
	    title="FinancialCalculatorService TIR Calculation (Newton-Raphson) should handle single negative cash flow"
	  />
	  Name "FinancialCalculatorService TIR Calculation (Newton-Raphson) should respect maximum iterations":
	  <li
	    class="jasmine-passed"
	    id="spec_spec409"
	    title="FinancialCalculatorService TIR Calculation (Newton-Raphson) should respect maximum iterations"
	  />
	  Name "FinancialCalculatorService Cash Flow Generation should generate cash flows with principal and payments":
	  <li
	    class="jasmine-passed"
	    id="spec_spec411"
	    title="FinancialCalculatorService Cash Flow Generation should generate cash flows with principal and payments"
	  />
	  Name "FinancialCalculatorService Cash Flow Generation should handle empty payments array":
	  <li
	    class="jasmine-passed"
	    id="spec_spec413"
	    title="FinancialCalculatorService Cash Flow Generation should handle empty payments array"
	  />
	  Name "FinancialCalculatorService Cash Flow Generation should handle fewer payments than term":
	  <li
	    class="jasmine-passed"
	    id="spec_spec412"
	    title="FinancialCalculatorService Cash Flow Generation should handle fewer payments than term"
	  />
	  Name "FinancialCalculatorService Service Initialization should be created":
	  <li
	    class="jasmine-passed"
	    id="spec_spec400"
	    title="FinancialCalculatorService Service Initialization should be created"
	  />
	  Name "FinancialCalculatorService Market-Specific TIR Rates should return correct TIR for Estado de México":
	  <li
	    class="jasmine-passed"
	    id="spec_spec402"
	    title="FinancialCalculatorService Market-Specific TIR Rates should return correct TIR for Estado de México"
	  />
	  Name "FinancialCalculatorService Market-Specific TIR Rates should return default TIR for unknown market":
	  <li
	    class="jasmine-passed"
	    id="spec_spec403"
	    title="FinancialCalculatorService Market-Specific TIR Rates should return default TIR for unknown market"
	  />
	  Name "FinancialCalculatorService Market-Specific TIR Rates should return correct TIR for Aguascalientes":
	  <li
	    class="jasmine-passed"
	    id="spec_spec401"
	    title="FinancialCalculatorService Market-Specific TIR Rates should return correct TIR for Aguascalientes"
	  />
	  Name "FinancialCalculatorService Market-Specific TIR Rates should return default TIR when market is undefined":
	  <li
	    class="jasmine-passed"
	    id="spec_spec404"
	    title="FinancialCalculatorService Market-Specific TIR Rates should return default TIR when market is undefined"
	  />
	  Name "FinancialCalculatorService Annuity Calculations should handle negative interest rate":
	  <li
	    class="jasmine-passed"
	    id="spec_spec426"
	    title="FinancialCalculatorService Annuity Calculations should handle negative interest rate"
	  />
	  Name "FinancialCalculatorService Annuity Calculations should handle zero term":
	  <li
	    class="jasmine-passed"
	    id="spec_spec425"
	    title="FinancialCalculatorService Annuity Calculations should handle zero term"
	  />
	  Name "FinancialCalculatorService Annuity Calculations should handle zero interest rate":
	  <li
	    class="jasmine-passed"
	    id="spec_spec424"
	    title="FinancialCalculatorService Annuity Calculations should handle zero interest rate"
	  />
	  Name "FinancialCalculatorService Annuity Calculations should calculate monthly payment for standard loan":
	  <li
	    class="jasmine-passed"
	    id="spec_spec423"
	    title="FinancialCalculatorService Annuity Calculations should calculate monthly payment for standard loan"
	  />
	  Name "FinancialCalculatorService Balance Calculations should handle negative interest rate in balance calculation":
	  <li
	    class="jasmine-passed"
	    id="spec_spec430"
	    title="FinancialCalculatorService Balance Calculations should handle negative interest rate in balance calculation"
	  />
	  Name "FinancialCalculatorService Balance Calculations should handle zero months paid":
	  <li
	    class="jasmine-passed"
	    id="spec_spec429"
	    title="FinancialCalculatorService Balance Calculations should handle zero months paid"
	  />
	  Name "FinancialCalculatorService Balance Calculations should handle zero interest rate balance":
	  <li
	    class="jasmine-passed"
	    id="spec_spec428"
	    title="FinancialCalculatorService Balance Calculations should handle zero interest rate balance"
	  />
	  Name "FinancialCalculatorService Balance Calculations should calculate remaining balance after payments":
	  <li
	    class="jasmine-passed"
	    id="spec_spec427"
	    title="FinancialCalculatorService Balance Calculations should calculate remaining balance after payments"
	  />
	  Name "FinancialCalculatorService Edge Cases and Error Handling should handle very long terms":
	  <li
	    class="jasmine-passed"
	    id="spec_spec438"
	    title="FinancialCalculatorService Edge Cases and Error Handling should handle very long terms"
	  />
	  Name "FinancialCalculatorService Edge Cases and Error Handling should handle TIR calculation convergence issues":
	  <li
	    class="jasmine-passed"
	    id="spec_spec439"
	    title="FinancialCalculatorService Edge Cases and Error Handling should handle TIR calculation convergence issues"
	  />
	  Name "FinancialCalculatorService Edge Cases and Error Handling should handle very large principal amounts":
	  <li
	    class="jasmine-passed"
	    id="spec_spec436"
	    title="FinancialCalculatorService Edge Cases and Error Handling should handle very large principal amounts"
	  />
	  Name "FinancialCalculatorService Edge Cases and Error Handling should handle very small interest rates":
	  <li
	    class="jasmine-passed"
	    id="spec_spec437"
	    title="FinancialCalculatorService Edge Cases and Error Handling should handle very small interest rates"
	  />
	  Name "OCRService Text Extraction from Image File should handle extraction errors":
	  <li
	    class="jasmine-passed"
	    id="spec_spec629"
	    title="OCRService Text Extraction from Image File should handle extraction errors"
	  />
	  Name "OCRService Text Extraction from Image File should extract structured data when document type is provided":
	  <li
	    class="jasmine-failed"
	    id="spec_spec628"
	    title="OCRService Text Extraction from Image File should extract structured data when document type is provided"
	  />
	  Name "OCRService Text Extraction from Image File should extract text from image file":
	  <li
	    class="jasmine-failed"
	    id="spec_spec627"
	    title="OCRService Text Extraction from Image File should extract text from image file"
	  />
	  Name "OCRService Text Extraction from Image File should update progress during extraction":
	  <li
	    class="jasmine-failed"
	    id="spec_spec630"
	    title="OCRService Text Extraction from Image File should update progress during extraction"
	  />
	  Name "OCRService Text Extraction from Base64 should extract structured data from base64 with document type":
	  <li
	    class="jasmine-failed"
	    id="spec_spec632"
	    title="OCRService Text Extraction from Base64 should extract structured data from base64 with document type"
	  />
	  Name "OCRService Text Extraction from Base64 should handle base64 extraction errors":
	  <li
	    class="jasmine-passed"
	    id="spec_spec633"
	    title="OCRService Text Extraction from Base64 should handle base64 extraction errors"
	  />
	  Name "OCRService Text Extraction from Base64 should extract text from base64 image":
	  <li
	    class="jasmine-failed"
	    id="spec_spec631"
	    title="OCRService Text Extraction from Base64 should extract text from base64 image"
	  />
	  Name "OCRService Service Initialization should provide progress observable":
	  <li
	    class="jasmine-passed"
	    id="spec_spec622"
	    title="OCRService Service Initialization should provide progress observable"
	  />
	  Name "OCRService Service Initialization should be created":
	  <li
	    class="jasmine-passed"
	    id="spec_spec621"
	    title="OCRService Service Initialization should be created"
	  />
	  Name "OCRService Worker Initialization should update progress during initialization":
	  <li
	    class="jasmine-passed"
	    id="spec_spec626"
	    title="OCRService Worker Initialization should update progress during initialization"
	  />
	  Name "OCRService Worker Initialization should handle initialization errors":
	  <li
	    class="jasmine-passed"
	    id="spec_spec625"
	    title="OCRService Worker Initialization should handle initialization errors"
	  />
	  Name "OCRService Worker Initialization should initialize Tesseract worker with Spanish and English":
	  <li
	    class="jasmine-failed"
	    id="spec_spec623"
	    title="OCRService Worker Initialization should initialize Tesseract worker with Spanish and English"
	  />
	  Name "OCRService Worker Initialization should not reinitialize if already initialized":
	  <li
	    class="jasmine-failed"
	    id="spec_spec624"
	    title="OCRService Worker Initialization should not reinitialize if already initialized"
	  />
	  Name "OCRService INE Data Extraction should extract CURP from INE text":
	  <li
	    class="jasmine-failed"
	    id="spec_spec634"
	    title="OCRService INE Data Extraction should extract CURP from INE text"
	  />
	  Name "OCRService INE Data Extraction should extract birth date from INE text":
	  <li
	    class="jasmine-failed"
	    id="spec_spec636"
	    title="OCRService INE Data Extraction should extract birth date from INE text"
	  />
	  Name "OCRService INE Data Extraction should extract name from INE text":
	  <li
	    class="jasmine-failed"
	    id="spec_spec635"
	    title="OCRService INE Data Extraction should extract name from INE text"
	  />
	  Name "OCRService Tarjeta de Circulación Data Extraction should extract model and year":
	  <li
	    class="jasmine-failed"
	    id="spec_spec639"
	    title="OCRService Tarjeta de Circulación Data Extraction should extract model and year"
	  />
	  Name "OCRService Tarjeta de Circulación Data Extraction should extract vehicle brand":
	  <li
	    class="jasmine-failed"
	    id="spec_spec638"
	    title="OCRService Tarjeta de Circulación Data Extraction should extract vehicle brand"
	  />
	  Name "OCRService Tarjeta de Circulación Data Extraction should extract license plates":
	  <li
	    class="jasmine-failed"
	    id="spec_spec637"
	    title="OCRService Tarjeta de Circulación Data Extraction should extract license plates"
	  />
	  Name "OCRService Worker Management should reinitialize worker after termination":
	  <li
	    class="jasmine-failed"
	    id="spec_spec652"
	    title="OCRService Worker Management should reinitialize worker after termination"
	  />
	  Name "OCRService Worker Management should handle termination when worker is null":
	  <li
	    class="jasmine-passed"
	    id="spec_spec651"
	    title="OCRService Worker Management should handle termination when worker is null"
	  />
	  Name "OCRService Worker Management should terminate worker properly":
	  <li
	    class="jasmine-failed"
	    id="spec_spec650"
	    title="OCRService Worker Management should terminate worker properly"
	  />
	  Name "OCRService Progress Messaging should handle unknown status messages":
	  <li
	    class="jasmine-empty"
	    id="spec_spec654"
	    title="OCRService Progress Messaging should handle unknown status messages"
	  />
	  Name "OCRService Progress Messaging should translate status messages to Spanish":
	  <li
	    class="jasmine-failed"
	    id="spec_spec653"
	    title="OCRService Progress Messaging should translate status messages to Spanish"
	  />
	  Name "OCRService Edge Cases and Error Handling should handle very low confidence results":
	  <li
	    class="jasmine-failed"
	    id="spec_spec659"
	    title="OCRService Edge Cases and Error Handling should handle very low confidence results"
	  />
	  Name "OCRService Edge Cases and Error Handling should handle extraction without document type":
	  <li
	    class="jasmine-failed"
	    id="spec_spec658"
	    title="OCRService Edge Cases and Error Handling should handle extraction without document type"
	  />
	  Name "OCRService Edge Cases and Error Handling should handle documents with mixed case text":
	  <li
	    class="jasmine-failed"
	    id="spec_spec657"
	    title="OCRService Edge Cases and Error Handling should handle documents with mixed case text"
	  />
	  Name "OCRService Edge Cases and Error Handling should handle malformed CURP patterns":
	  <li
	    class="jasmine-failed"
	    id="spec_spec656"
	    title="OCRService Edge Cases and Error Handling should handle malformed CURP patterns"
	  />
	  Name "OCRService Edge Cases and Error Handling should handle empty text extraction":
	  <li
	    class="jasmine-failed"
	    id="spec_spec655"
	    title="OCRService Edge Cases and Error Handling should handle empty text extraction"
	  />
	  Name "OCRService Comprobante de Domicilio Data Extraction should extract date from comprobante":
	  <li
	    class="jasmine-failed"
	    id="spec_spec642"
	    title="OCRService Comprobante de Domicilio Data Extraction should extract date from comprobante"
	  />
	  Name "OCRService Comprobante de Domicilio Data Extraction should identify utility provider":
	  <li
	    class="jasmine-failed"
	    id="spec_spec641"
	    title="OCRService Comprobante de Domicilio Data Extraction should identify utility provider"
	  />
	  Name "OCRService Comprobante de Domicilio Data Extraction should extract address information":
	  <li
	    class="jasmine-failed"
	    id="spec_spec640"
	    title="OCRService Comprobante de Domicilio Data Extraction should extract address information"
	  />
	  Name "OCRService RFC Data Extraction should extract taxpayer name":
	  <li
	    class="jasmine-failed"
	    id="spec_spec644"
	    title="OCRService RFC Data Extraction should extract taxpayer name"
	  />
	  Name "OCRService RFC Data Extraction should extract RFC code":
	  <li
	    class="jasmine-failed"
	    id="spec_spec643"
	    title="OCRService RFC Data Extraction should extract RFC code"
	  />
	  Name "OCRService Document Type Validation should validate RFC documents":
	  <li
	    class="jasmine-passed"
	    id="spec_spec649"
	    title="OCRService Document Type Validation should validate RFC documents"
	  />
	  Name "OCRService Document Type Validation should validate comprobante de domicilio":
	  <li
	    class="jasmine-passed"
	    id="spec_spec648"
	    title="OCRService Document Type Validation should validate comprobante de domicilio"
	  />
	  Name "OCRService Document Type Validation should validate INE document correctly":
	  <li
	    class="jasmine-passed"
	    id="spec_spec645"
	    title="OCRService Document Type Validation should validate INE document correctly"
	  />
	  Name "OCRService Document Type Validation should handle unknown document types":
	  <li
	    class="jasmine-failed"
	    id="spec_spec647"
	    title="OCRService Document Type Validation should handle unknown document types"
	  />
	  Name "OCRService Document Type Validation should detect mismatched document types":
	  <li
	    class="jasmine-passed"
	    id="spec_spec646"
	    title="OCRService Document Type Validation should detect mismatched document types"
	  />
	  Name "ConfigurationService Scoring Configuration should get scoring configuration":
	  <li
	    class="jasmine-passed"
	    id="spec_spec208"
	    title="ConfigurationService Scoring Configuration should get scoring configuration"
	  />
	  Name "ConfigurationService Scoring Configuration should have business flow scoring requirements":
	  <li
	    class="jasmine-passed"
	    id="spec_spec209"
	    title="ConfigurationService Scoring Configuration should have business flow scoring requirements"
	  />
	  Name "ConfigurationService Scoring Configuration should have scoring factors configuration":
	  <li
	    class="jasmine-passed"
	    id="spec_spec211"
	    title="ConfigurationService Scoring Configuration should have scoring factors configuration"
	  />
	  Name "ConfigurationService Scoring Configuration should have correct scoring thresholds":
	  <li
	    class="jasmine-passed"
	    id="spec_spec210"
	    title="ConfigurationService Scoring Configuration should have correct scoring thresholds"
	  />
	  Name "ConfigurationService AVI Configuration should have market specific questions":
	  <li
	    class="jasmine-passed"
	    id="spec_spec218"
	    title="ConfigurationService AVI Configuration should have market specific questions"
	  />
	  Name "ConfigurationService AVI Configuration should have random questions configuration":
	  <li
	    class="jasmine-passed"
	    id="spec_spec219"
	    title="ConfigurationService AVI Configuration should have random questions configuration"
	  />
	  Name "ConfigurationService AVI Configuration should get AVI configuration":
	  <li
	    class="jasmine-passed"
	    id="spec_spec215"
	    title="ConfigurationService AVI Configuration should get AVI configuration"
	  />
	  Name "ConfigurationService AVI Configuration should have core AVI questions":
	  <li
	    class="jasmine-passed"
	    id="spec_spec216"
	    title="ConfigurationService AVI Configuration should have core AVI questions"
	  />
	  Name "ConfigurationService AVI Configuration should have validation configuration":
	  <li
	    class="jasmine-passed"
	    id="spec_spec220"
	    title="ConfigurationService AVI Configuration should have validation configuration"
	  />
	  Name "ConfigurationService AVI Configuration should have business flow specific questions":
	  <li
	    class="jasmine-passed"
	    id="spec_spec217"
	    title="ConfigurationService AVI Configuration should have business flow specific questions"
	  />
	  Name "ConfigurationService Market Configuration should have correct Estado de México market configuration":
	  <li
	    class="jasmine-passed"
	    id="spec_spec206"
	    title="ConfigurationService Market Configuration should have correct Estado de México market configuration"
	  />
	  Name "ConfigurationService Market Configuration should include EdoMex municipalities":
	  <li
	    class="jasmine-passed"
	    id="spec_spec207"
	    title="ConfigurationService Market Configuration should include EdoMex municipalities"
	  />
	  Name "ConfigurationService Market Configuration should get market configuration":
	  <li
	    class="jasmine-passed"
	    id="spec_spec204"
	    title="ConfigurationService Market Configuration should get market configuration"
	  />
	  Name "ConfigurationService Market Configuration should have correct Aguascalientes market configuration":
	  <li
	    class="jasmine-passed"
	    id="spec_spec205"
	    title="ConfigurationService Market Configuration should have correct Aguascalientes market configuration"
	  />
	  Name "ConfigurationService Configuration Loading and Updates should preserve existing configuration when updating":
	  <li
	    class="jasmine-passed"
	    id="spec_spec203"
	    title="ConfigurationService Configuration Loading and Updates should preserve existing configuration when updating"
	  />
	  Name "ConfigurationService Configuration Loading and Updates should refresh configuration from API":
	  <li
	    class="jasmine-passed"
	    id="spec_spec201"
	    title="ConfigurationService Configuration Loading and Updates should refresh configuration from API"
	  />
	  Name "ConfigurationService Configuration Loading and Updates should update configuration successfully":
	  <li
	    class="jasmine-passed"
	    id="spec_spec202"
	    title="ConfigurationService Configuration Loading and Updates should update configuration successfully"
	  />
	  Name "ConfigurationService Configuration Loading and Updates should get current configuration":
	  <li
	    class="jasmine-passed"
	    id="spec_spec200"
	    title="ConfigurationService Configuration Loading and Updates should get current configuration"
	  />
	  Name "ConfigurationService Service Initialization should be created":
	  <li
	    class="jasmine-passed"
	    id="spec_spec197"
	    title="ConfigurationService Service Initialization should be created"
	  />
	  Name "ConfigurationService Service Initialization should load default configuration on initialization":
	  <li
	    class="jasmine-passed"
	    id="spec_spec199"
	    title="ConfigurationService Service Initialization should load default configuration on initialization"
	  />
	  Name "ConfigurationService Service Initialization should provide configuration observable":
	  <li
	    class="jasmine-passed"
	    id="spec_spec198"
	    title="ConfigurationService Service Initialization should provide configuration observable"
	  />
	  Name "ConfigurationService Error Handling and Edge Cases should handle partial configuration updates":
	  <li
	    class="jasmine-passed"
	    id="spec_spec252"
	    title="ConfigurationService Error Handling and Edge Cases should handle partial configuration updates"
	  />
	  Name "ConfigurationService Error Handling and Edge Cases should handle empty configuration updates":
	  <li
	    class="jasmine-passed"
	    id="spec_spec253"
	    title="ConfigurationService Error Handling and Edge Cases should handle empty configuration updates"
	  />
	  Name "ConfigurationService Error Handling and Edge Cases should provide configuration even when API fails":
	  <li
	    class="jasmine-passed"
	    id="spec_spec254"
	    title="ConfigurationService Error Handling and Edge Cases should provide configuration even when API fails"
	  />
	  Name "ConfigurationService Error Handling and Edge Cases should handle nested configuration access":
	  <li
	    class="jasmine-passed"
	    id="spec_spec255"
	    title="ConfigurationService Error Handling and Edge Cases should handle nested configuration access"
	  />
	  Name "ConfigurationService UX Optimization Configuration should have recommendations configuration":
	  <li
	    class="jasmine-passed"
	    id="spec_spec249"
	    title="ConfigurationService UX Optimization Configuration should have recommendations configuration"
	  />
	  Name "ConfigurationService UX Optimization Configuration should have A/B testing configuration":
	  <li
	    class="jasmine-passed"
	    id="spec_spec248"
	    title="ConfigurationService UX Optimization Configuration should have A/B testing configuration"
	  />
	  Name "ConfigurationService UX Optimization Configuration should get UX optimization configuration":
	  <li
	    class="jasmine-passed"
	    id="spec_spec247"
	    title="ConfigurationService UX Optimization Configuration should get UX optimization configuration"
	  />
	  Name "ConfigurationService Configuration Versioning should track configuration version":
	  <li
	    class="jasmine-passed"
	    id="spec_spec250"
	    title="ConfigurationService Configuration Versioning should track configuration version"
	  />
	  Name "ConfigurationService Configuration Versioning should update lastUpdated when configuration changes":
	  <li
	    class="jasmine-passed"
	    id="spec_spec251"
	    title="ConfigurationService Configuration Versioning should update lastUpdated when configuration changes"
	  />
	  Name "ConfigurationService Analytics Configuration should have performance metrics configuration":
	  <li
	    class="jasmine-passed"
	    id="spec_spec246"
	    title="ConfigurationService Analytics Configuration should have performance metrics configuration"
	  />
	  Name "ConfigurationService Analytics Configuration should have funnel analysis configuration":
	  <li
	    class="jasmine-passed"
	    id="spec_spec245"
	    title="ConfigurationService Analytics Configuration should have funnel analysis configuration"
	  />
	  Name "ConfigurationService Analytics Configuration should have heatmap configuration":
	  <li
	    class="jasmine-passed"
	    id="spec_spec244"
	    title="ConfigurationService Analytics Configuration should have heatmap configuration"
	  />
	  Name "ConfigurationService Analytics Configuration should get analytics configuration":
	  <li
	    class="jasmine-passed"
	    id="spec_spec243"
	    title="ConfigurationService Analytics Configuration should get analytics configuration"
	  />
	  Name "ConfigurationService Smart UX Configuration should have session recovery configuration":
	  <li
	    class="jasmine-passed"
	    id="spec_spec242"
	    title="ConfigurationService Smart UX Configuration should have session recovery configuration"
	  />
	  Name "ConfigurationService Smart UX Configuration should have auto-complete configuration":
	  <li
	    class="jasmine-passed"
	    id="spec_spec241"
	    title="ConfigurationService Smart UX Configuration should have auto-complete configuration"
	  />
	  Name "ConfigurationService Smart UX Configuration should get smart UX configuration":
	  <li
	    class="jasmine-passed"
	    id="spec_spec240"
	    title="ConfigurationService Smart UX Configuration should get smart UX configuration"
	  />
	  Name "ConfigurationService UI Configuration should have navigation configuration":
	  <li
	    class="jasmine-passed"
	    id="spec_spec238"
	    title="ConfigurationService UI Configuration should have navigation configuration"
	  />
	  Name "ConfigurationService UI Configuration should have theme configuration":
	  <li
	    class="jasmine-passed"
	    id="spec_spec237"
	    title="ConfigurationService UI Configuration should have theme configuration"
	  />
	  Name "ConfigurationService UI Configuration should get simple UI configuration":
	  <li
	    class="jasmine-passed"
	    id="spec_spec236"
	    title="ConfigurationService UI Configuration should get simple UI configuration"
	  />
	  Name "ConfigurationService UI Configuration should have language configuration":
	  <li
	    class="jasmine-passed"
	    id="spec_spec239"
	    title="ConfigurationService UI Configuration should have language configuration"
	  />
	  Name "ConfigurationService Workflow Configuration should have automation configurations":
	  <li
	    class="jasmine-passed"
	    id="spec_spec232"
	    title="ConfigurationService Workflow Configuration should have automation configurations"
	  />
	  Name "ConfigurationService Workflow Configuration should get workflow configuration":
	  <li
	    class="jasmine-passed"
	    id="spec_spec231"
	    title="ConfigurationService Workflow Configuration should get workflow configuration"
	  />
	  Name "ConfigurationService Workflow Configuration should have escalation rules":
	  <li
	    class="jasmine-passed"
	    id="spec_spec234"
	    title="ConfigurationService Workflow Configuration should have escalation rules"
	  />
	  Name "ConfigurationService Workflow Configuration should have approval chains":
	  <li
	    class="jasmine-passed"
	    id="spec_spec233"
	    title="ConfigurationService Workflow Configuration should have approval chains"
	  />
	  Name "ConfigurationService Workflow Configuration should have SLA targets":
	  <li
	    class="jasmine-passed"
	    id="spec_spec235"
	    title="ConfigurationService Workflow Configuration should have SLA targets"
	  />
	  Name "ConfigurationService should cache namespace result (shareReplay) for subsequent subscribers":
	  <li
	    class="jasmine-passed"
	    id="spec_spec195"
	    title="ConfigurationService should cache namespace result (shareReplay) for subsequent subscribers"
	  />
	  Name "ConfigurationService should load namespace from assets when remote disabled":
	  <li
	    class="jasmine-passed"
	    id="spec_spec194"
	    title="ConfigurationService should load namespace from assets when remote disabled"
	  />
	  Name "ConfigurationService Notification Configuration should have email templates":
	  <li
	    class="jasmine-passed"
	    id="spec_spec227"
	    title="ConfigurationService Notification Configuration should have email templates"
	  />
	  Name "ConfigurationService Notification Configuration should have channel configurations":
	  <li
	    class="jasmine-passed"
	    id="spec_spec226"
	    title="ConfigurationService Notification Configuration should have channel configurations"
	  />
	  Name "ConfigurationService Notification Configuration should have SMS templates with length limits":
	  <li
	    class="jasmine-passed"
	    id="spec_spec228"
	    title="ConfigurationService Notification Configuration should have SMS templates with length limits"
	  />
	  Name "ConfigurationService Notification Configuration should have notification triggers":
	  <li
	    class="jasmine-passed"
	    id="spec_spec229"
	    title="ConfigurationService Notification Configuration should have notification triggers"
	  />
	  Name "ConfigurationService Notification Configuration should get notification configuration":
	  <li
	    class="jasmine-passed"
	    id="spec_spec225"
	    title="ConfigurationService Notification Configuration should get notification configuration"
	  />
	  Name "ConfigurationService Notification Configuration should have scheduled notifications":
	  <li
	    class="jasmine-passed"
	    id="spec_spec230"
	    title="ConfigurationService Notification Configuration should have scheduled notifications"
	  />
	  Name "ConfigurationService Business Flow Configuration should have correct VentaDirecta configuration":
	  <li
	    class="jasmine-passed"
	    id="spec_spec213"
	    title="ConfigurationService Business Flow Configuration should have correct VentaDirecta configuration"
	  />
	  Name "ConfigurationService Business Flow Configuration should have correct CreditoColectivo configuration":
	  <li
	    class="jasmine-passed"
	    id="spec_spec214"
	    title="ConfigurationService Business Flow Configuration should have correct CreditoColectivo configuration"
	  />
	  Name "ConfigurationService Business Flow Configuration should get business flow configuration":
	  <li
	    class="jasmine-passed"
	    id="spec_spec212"
	    title="ConfigurationService Business Flow Configuration should get business flow configuration"
	  />
	  Name "ConfigurationService updateConfiguration should merge and emit new configuration":
	  <li
	    class="jasmine-passed"
	    id="spec_spec196"
	    title="ConfigurationService updateConfiguration should merge and emit new configuration"
	  />
	  Name "ConfigurationService Questionnaire Configuration should get questionnaire configuration":
	  <li
	    class="jasmine-passed"
	    id="spec_spec221"
	    title="ConfigurationService Questionnaire Configuration should get questionnaire configuration"
	  />
	  Name "ConfigurationService Questionnaire Configuration should have completion requirements":
	  <li
	    class="jasmine-passed"
	    id="spec_spec223"
	    title="ConfigurationService Questionnaire Configuration should have completion requirements"
	  />
	  Name "ConfigurationService Questionnaire Configuration should have standard questionnaire sections":
	  <li
	    class="jasmine-passed"
	    id="spec_spec222"
	    title="ConfigurationService Questionnaire Configuration should have standard questionnaire sections"
	  />
	  Name "ConfigurationService Questionnaire Configuration should have dynamic questionnaire configuration":
	  <li
	    class="jasmine-passed"
	    id="spec_spec224"
	    title="ConfigurationService Questionnaire Configuration should have dynamic questionnaire configuration"
	  />
	  Name "ClienteFormComponent should handle different markets correctly":
	  <li
	    class="jasmine-passed"
	    id="spec_spec931"
	    title="ClienteFormComponent should handle different markets correctly"
	  />
	  Name "ClienteFormComponent should validate email format":
	  <li
	    class="jasmine-passed"
	    id="spec_spec920"
	    title="ClienteFormComponent should validate email format"
	  />
	  Name "ClienteFormComponent should handle different business flows correctly":
	  <li
	    class="jasmine-passed"
	    id="spec_spec930"
	    title="ClienteFormComponent should handle different business flows correctly"
	  />
	  Name "ClienteFormComponent should validate phone format":
	  <li
	    class="jasmine-passed"
	    id="spec_spec921"
	    title="ClienteFormComponent should validate phone format"
	  />
	  Name "ClienteFormComponent should clean form when switching between markets":
	  <li
	    class="jasmine-passed"
	    id="spec_spec932"
	    title="ClienteFormComponent should clean form when switching between markets"
	  />
	  Name "ClienteFormComponent should load existing client data in edit mode":
	  <li
	    class="jasmine-passed"
	    id="spec_spec924"
	    title="ClienteFormComponent should load existing client data in edit mode"
	  />
	  Name "ClienteFormComponent should update existing client with valid form data":
	  <li
	    class="jasmine-failed"
	    id="spec_spec925"
	    title="ClienteFormComponent should update existing client with valid form data"
	  />
	  Name "ClienteFormComponent should validate RFC format if provided":
	  <li
	    class="jasmine-passed"
	    id="spec_spec922"
	    title="ClienteFormComponent should validate RFC format if provided"
	  />
	  Name "ClienteFormComponent should create new client with valid form data":
	  <li
	    class="jasmine-failed"
	    id="spec_spec923"
	    title="ClienteFormComponent should create new client with valid form data"
	  />
	  Name "ClienteFormComponent should handle API error during client creation":
	  <li
	    class="jasmine-passed"
	    id="spec_spec926"
	    title="ClienteFormComponent should handle API error during client creation"
	  />
	  Name "ClienteFormComponent should navigate back when goBack is called":
	  <li
	    class="jasmine-passed"
	    id="spec_spec928"
	    title="ClienteFormComponent should navigate back when goBack is called"
	  />
	  Name "ClienteFormComponent should prevent form submission when invalid":
	  <li
	    class="jasmine-passed"
	    id="spec_spec927"
	    title="ClienteFormComponent should prevent form submission when invalid"
	  />
	  Name "ClienteFormComponent should set loading state during form submission":
	  <li
	    class="jasmine-passed"
	    id="spec_spec929"
	    title="ClienteFormComponent should set loading state during form submission"
	  />
	  Name "ClienteFormComponent should create":
	  <li
	    class="jasmine-passed"
	    id="spec_spec917"
	    title="ClienteFormComponent should create"
	  />
	  Name "ClienteFormComponent should initialize form with default values for new client":
	  <li
	    class="jasmine-failed"
	    id="spec_spec918"
	    title="ClienteFormComponent should initialize form with default values for new client"
	  />
	  Name "ClienteFormComponent should validate required fields":
	  <li
	    class="jasmine-passed"
	    id="spec_spec919"
	    title="ClienteFormComponent should validate required fields"
	  />
	  Name "AppComponent should create the app":
	  <li
	    class="jasmine-passed"
	    id="spec_spec0"
	    title="AppComponent should create the app"
	  />
	  Name "AppComponent should have the 'conductores-pwa' title":
	  <li
	    class="jasmine-passed"
	    id="spec_spec1"
	    title="AppComponent should have the 'conductores-pwa' title"
	  />
	  Name "AppComponent should render title":
	  <li
	    class="jasmine-passed"
	    id="spec_spec2"
	    title="AppComponent should render title"
	  />
	  Name "BusinessRulesService Business Flow Change Validation should allow flow change when no documents are approved":
	  <li
	    class="jasmine-passed"
	    id="spec_spec146"
	    title="BusinessRulesService Business Flow Change Validation should allow flow change when no documents are approved"
	  />
	  Name "BusinessRulesService Business Flow Change Validation should not allow flow change when documents are approved":
	  <li
	    class="jasmine-passed"
	    id="spec_spec147"
	    title="BusinessRulesService Business Flow Change Validation should not allow flow change when documents are approved"
	  />
	  Name "BusinessRulesService Business Flow Change Validation should not allow collective credit in Aguascalientes":
	  <li
	    class="jasmine-passed"
	    id="spec_spec148"
	    title="BusinessRulesService Business Flow Change Validation should not allow collective credit in Aguascalientes"
	  />
	  Name "BusinessRulesService Business Flow Change Validation should require ecosystem for EdoMex collective credit":
	  <li
	    class="jasmine-passed"
	    id="spec_spec149"
	    title="BusinessRulesService Business Flow Change Validation should require ecosystem for EdoMex collective credit"
	  />
	  Name "BusinessRulesService Market Requirements should include required documents for each market":
	  <li
	    class="jasmine-passed"
	    id="spec_spec145"
	    title="BusinessRulesService Market Requirements should include required documents for each market"
	  />
	  Name "BusinessRulesService Market Requirements should get Aguascalientes requirements":
	  <li
	    class="jasmine-passed"
	    id="spec_spec143"
	    title="BusinessRulesService Market Requirements should get Aguascalientes requirements"
	  />
	  Name "BusinessRulesService Market Requirements should get Estado de México requirements":
	  <li
	    class="jasmine-passed"
	    id="spec_spec144"
	    title="BusinessRulesService Market Requirements should get Estado de México requirements"
	  />
	  Name "BusinessRulesService Market Requirements Special Rules should include EdoMex specific rules about ecosystem":
	  <li
	    class="jasmine-passed"
	    id="spec_spec162"
	    title="BusinessRulesService Market Requirements Special Rules should include EdoMex specific rules about ecosystem"
	  />
	  Name "BusinessRulesService Market Requirements Special Rules should include AGS specific rules about credit types":
	  <li
	    class="jasmine-passed"
	    id="spec_spec161"
	    title="BusinessRulesService Market Requirements Special Rules should include AGS specific rules about credit types"
	  />
	  Name "BusinessRulesService Ecosystem Validation Edge Cases should properly identify required vs optional documents":
	  <li
	    class="jasmine-failed"
	    id="spec_spec164"
	    title="BusinessRulesService Ecosystem Validation Edge Cases should properly identify required vs optional documents"
	  />
	  Name "BusinessRulesService Ecosystem Validation Edge Cases should handle ecosystem validation with partial documents":
	  <li
	    class="jasmine-passed"
	    id="spec_spec163"
	    title="BusinessRulesService Ecosystem Validation Edge Cases should handle ecosystem validation with partial documents"
	  />
	  Name "BusinessRulesService Age Calculation should calculate age correctly":
	  <li
	    class="jasmine-passed"
	    id="spec_spec153"
	    title="BusinessRulesService Age Calculation should calculate age correctly"
	  />
	  Name "BusinessRulesService Age Calculation should handle birthday not yet reached this year":
	  <li
	    class="jasmine-passed"
	    id="spec_spec154"
	    title="BusinessRulesService Age Calculation should handle birthday not yet reached this year"
	  />
	  Name "BusinessRulesService Credit History Validation should warn about low credit score":
	  <li
	    class="jasmine-passed"
	    id="spec_spec151"
	    title="BusinessRulesService Credit History Validation should warn about low credit score"
	  />
	  Name "BusinessRulesService Credit History Validation should validate credit history with simulated score":
	  <li
	    class="jasmine-passed"
	    id="spec_spec150"
	    title="BusinessRulesService Credit History Validation should validate credit history with simulated score"
	  />
	  Name "BusinessRulesService Credit History Validation should recommend special conditions for very low score":
	  <li
	    class="jasmine-passed"
	    id="spec_spec152"
	    title="BusinessRulesService Credit History Validation should recommend special conditions for very low score"
	  />
	  Name "BusinessRulesService Service Initialization should have EdoMex specific rules":
	  <li
	    class="jasmine-passed"
	    id="spec_spec119"
	    title="BusinessRulesService Service Initialization should have EdoMex specific rules"
	  />
	  Name "BusinessRulesService Service Initialization should have universal rules":
	  <li
	    class="jasmine-passed"
	    id="spec_spec120"
	    title="BusinessRulesService Service Initialization should have universal rules"
	  />
	  Name "BusinessRulesService Service Initialization should have AGS specific rules":
	  <li
	    class="jasmine-passed"
	    id="spec_spec118"
	    title="BusinessRulesService Service Initialization should have AGS specific rules"
	  />
	  Name "BusinessRulesService Service Initialization should initialize validation rules":
	  <li
	    class="jasmine-passed"
	    id="spec_spec117"
	    title="BusinessRulesService Service Initialization should initialize validation rules"
	  />
	  Name "BusinessRulesService Service Initialization should be created":
	  <li
	    class="jasmine-passed"
	    id="spec_spec116"
	    title="BusinessRulesService Service Initialization should be created"
	  />
	  Name "BusinessRulesService Collective Group Validation Details should validate down payment minimum for collective credit":
	  <li
	    class="jasmine-passed"
	    id="spec_spec160"
	    title="BusinessRulesService Collective Group Validation Details should validate down payment minimum for collective credit"
	  />
	  Name "BusinessRulesService Collective Group Validation Details should validate down payment range for collective credit":
	  <li
	    class="jasmine-passed"
	    id="spec_spec159"
	    title="BusinessRulesService Collective Group Validation Details should validate down payment range for collective credit"
	  />
	  Name "BusinessRulesService Collective Group Validation Details should validate minimum group size":
	  <li
	    class="jasmine-passed"
	    id="spec_spec158"
	    title="BusinessRulesService Collective Group Validation Details should validate minimum group size"
	  />
	  Name "BusinessRulesService Client Validation should filter rules by market correctly":
	  <li
	    class="jasmine-passed"
	    id="spec_spec127"
	    title="BusinessRulesService Client Validation should filter rules by market correctly"
	  />
	  Name "BusinessRulesService Client Validation should fail validation for client without income":
	  <li
	    class="jasmine-passed"
	    id="spec_spec126"
	    title="BusinessRulesService Client Validation should fail validation for client without income"
	  />
	  Name "BusinessRulesService Client Validation should validate EdoMex client successfully":
	  <li
	    class="jasmine-passed"
	    id="spec_spec122"
	    title="BusinessRulesService Client Validation should validate EdoMex client successfully"
	  />
	  Name "BusinessRulesService Client Validation should validate AGS client successfully":
	  <li
	    class="jasmine-passed"
	    id="spec_spec121"
	    title="BusinessRulesService Client Validation should validate AGS client successfully"
	  />
	  Name "BusinessRulesService Client Validation should fail validation for client over age limit":
	  <li
	    class="jasmine-passed"
	    id="spec_spec125"
	    title="BusinessRulesService Client Validation should fail validation for client over age limit"
	  />
	  Name "BusinessRulesService Client Validation should fail validation for underage client":
	  <li
	    class="jasmine-passed"
	    id="spec_spec124"
	    title="BusinessRulesService Client Validation should fail validation for underage client"
	  />
	  Name "BusinessRulesService Client Validation should filter rules by business flow correctly":
	  <li
	    class="jasmine-passed"
	    id="spec_spec128"
	    title="BusinessRulesService Client Validation should filter rules by business flow correctly"
	  />
	  Name "BusinessRulesService Client Validation should fail validation for client with missing documents":
	  <li
	    class="jasmine-passed"
	    id="spec_spec123"
	    title="BusinessRulesService Client Validation should fail validation for client with missing documents"
	  />
	  Name "BusinessRulesService Helper Methods should consolidate validation results correctly":
	  <li
	    class="jasmine-passed"
	    id="spec_spec155"
	    title="BusinessRulesService Helper Methods should consolidate validation results correctly"
	  />
	  Name "BusinessRulesService Helper Methods should get ecosystem required documents":
	  <li
	    class="jasmine-passed"
	    id="spec_spec156"
	    title="BusinessRulesService Helper Methods should get ecosystem required documents"
	  />
	  Name "BusinessRulesService Helper Methods should generate ecosystem validation notes":
	  <li
	    class="jasmine-passed"
	    id="spec_spec157"
	    title="BusinessRulesService Helper Methods should generate ecosystem validation notes"
	  />
	  Name "BusinessRulesService AGS Specific Validations should validate AGS term requirements (12 or 24 months)":
	  <li
	    class="jasmine-passed"
	    id="spec_spec130"
	    title="BusinessRulesService AGS Specific Validations should validate AGS term requirements (12 or 24 months)"
	  />
	  Name "BusinessRulesService AGS Specific Validations should validate AGS required documents":
	  <li
	    class="jasmine-passed"
	    id="spec_spec132"
	    title="BusinessRulesService AGS Specific Validations should validate AGS required documents"
	  />
	  Name "BusinessRulesService AGS Specific Validations should validate AGS minimum income ($15,000)":
	  <li
	    class="jasmine-passed"
	    id="spec_spec131"
	    title="BusinessRulesService AGS Specific Validations should validate AGS minimum income ($15,000)"
	  />
	  Name "BusinessRulesService AGS Specific Validations should validate AGS down payment requirement (60%)":
	  <li
	    class="jasmine-passed"
	    id="spec_spec129"
	    title="BusinessRulesService AGS Specific Validations should validate AGS down payment requirement (60%)"
	  />
	  Name "BusinessRulesService EdoMex Specific Validations should validate EdoMex payment capacity ($20,000 minimum)":
	  <li
	    class="jasmine-passed"
	    id="spec_spec137"
	    title="BusinessRulesService EdoMex Specific Validations should validate EdoMex payment capacity ($20,000 minimum)"
	  />
	  Name "BusinessRulesService EdoMex Specific Validations should require group assignment for collective credit":
	  <li
	    class="jasmine-passed"
	    id="spec_spec136"
	    title="BusinessRulesService EdoMex Specific Validations should require group assignment for collective credit"
	  />
	  Name "BusinessRulesService EdoMex Specific Validations should validate collective group requirements":
	  <li
	    class="jasmine-passed"
	    id="spec_spec135"
	    title="BusinessRulesService EdoMex Specific Validations should validate collective group requirements"
	  />
	  Name "BusinessRulesService EdoMex Specific Validations should warn about high payment-to-income ratio":
	  <li
	    class="jasmine-passed"
	    id="spec_spec138"
	    title="BusinessRulesService EdoMex Specific Validations should warn about high payment-to-income ratio"
	  />
	  Name "BusinessRulesService EdoMex Specific Validations should validate EdoMex ecosystem documents":
	  <li
	    class="jasmine-passed"
	    id="spec_spec134"
	    title="BusinessRulesService EdoMex Specific Validations should validate EdoMex ecosystem documents"
	  />
	  Name "BusinessRulesService EdoMex Specific Validations should require ecosystem assignment for EdoMex":
	  <li
	    class="jasmine-passed"
	    id="spec_spec133"
	    title="BusinessRulesService EdoMex Specific Validations should require ecosystem assignment for EdoMex"
	  />
	  Name "BusinessRulesService Ecosystem Validation should fail ecosystem validation for client without ecosystem":
	  <li
	    class="jasmine-passed"
	    id="spec_spec140"
	    title="BusinessRulesService Ecosystem Validation should fail ecosystem validation for client without ecosystem"
	  />
	  Name "BusinessRulesService Ecosystem Validation should throw error for AGS client ecosystem validation":
	  <li
	    class="jasmine-passed"
	    id="spec_spec141"
	    title="BusinessRulesService Ecosystem Validation should throw error for AGS client ecosystem validation"
	  />
	  Name "BusinessRulesService Ecosystem Validation should validate ecosystem for EdoMex client":
	  <li
	    class="jasmine-failed"
	    id="spec_spec139"
	    title="BusinessRulesService Ecosystem Validation should validate ecosystem for EdoMex client"
	  />
	  Name "BusinessRulesService Ecosystem Validation should identify missing ecosystem documents":
	  <li
	    class="jasmine-passed"
	    id="spec_spec142"
	    title="BusinessRulesService Ecosystem Validation should identify missing ecosystem documents"
	  />
	  Name "MetaMapService KYC Button Creation should create MetaMap button successfully":
	  <li
	    class="jasmine-passed"
	    id="spec_spec507"
	    title="MetaMapService KYC Button Creation should create MetaMap button successfully"
	  />
	  Name "MetaMapService KYC Button Creation should handle container not found error":
	  <li
	    class="jasmine-passed"
	    id="spec_spec508"
	    title="MetaMapService KYC Button Creation should handle container not found error"
	  />
	  Name "MetaMapService KYC Button Creation should emit KYC success event":
	  <li
	    class="jasmine-passed"
	    id="spec_spec509"
	    title="MetaMapService KYC Button Creation should emit KYC success event"
	  />
	  Name "MetaMapService KYC Button Creation should cleanup event listeners on unsubscribe":
	  <li
	    class="jasmine-passed"
	    id="spec_spec512"
	    title="MetaMapService KYC Button Creation should cleanup event listeners on unsubscribe"
	  />
	  Name "MetaMapService KYC Button Creation should emit KYC exit event":
	  <li
	    class="jasmine-passed"
	    id="spec_spec510"
	    title="MetaMapService KYC Button Creation should emit KYC exit event"
	  />
	  Name "MetaMapService KYC Button Creation should call optional callback functions":
	  <li
	    class="jasmine-passed"
	    id="spec_spec511"
	    title="MetaMapService KYC Button Creation should call optional callback functions"
	  />
	  Name "MetaMapService KYC Completion should handle database update errors":
	  <li
	    class="jasmine-passed"
	    id="spec_spec516"
	    title="MetaMapService KYC Completion should handle database update errors"
	  />
	  Name "MetaMapService KYC Completion should handle client not found error":
	  <li
	    class="jasmine-passed"
	    id="spec_spec514"
	    title="MetaMapService KYC Completion should handle client not found error"
	  />
	  Name "MetaMapService KYC Completion should cap health score at 100":
	  <li
	    class="jasmine-passed"
	    id="spec_spec515"
	    title="MetaMapService KYC Completion should cap health score at 100"
	  />
	  Name "MetaMapService KYC Completion should complete KYC successfully":
	  <li
	    class="jasmine-passed"
	    id="spec_spec513"
	    title="MetaMapService KYC Completion should complete KYC successfully"
	  />
	  Name "MetaMapService Service Initialization should be created":
	  <li
	    class="jasmine-passed"
	    id="spec_spec504"
	    title="MetaMapService Service Initialization should be created"
	  />
	  Name "MetaMapService Service Initialization should initialize MetaMap SDK on creation":
	  <li
	    class="jasmine-passed"
	    id="spec_spec505"
	    title="MetaMapService Service Initialization should initialize MetaMap SDK on creation"
	  />
	  Name "MetaMapService Service Initialization should not reload SDK if already present":
	  <li
	    class="jasmine-passed"
	    id="spec_spec506"
	    title="MetaMapService Service Initialization should not reload SDK if already present"
	  />
	  Name "MetaMapService KYC Prerequisites Validation should detect missing comprobante de domicilio":
	  <li
	    class="jasmine-passed"
	    id="spec_spec519"
	    title="MetaMapService KYC Prerequisites Validation should detect missing comprobante de domicilio"
	  />
	  Name "MetaMapService KYC Prerequisites Validation should validate prerequisites for ready client":
	  <li
	    class="jasmine-passed"
	    id="spec_spec517"
	    title="MetaMapService KYC Prerequisites Validation should validate prerequisites for ready client"
	  />
	  Name "MetaMapService KYC Prerequisites Validation should detect multiple missing documents":
	  <li
	    class="jasmine-passed"
	    id="spec_spec521"
	    title="MetaMapService KYC Prerequisites Validation should detect multiple missing documents"
	  />
	  Name "MetaMapService KYC Prerequisites Validation should detect already completed KYC":
	  <li
	    class="jasmine-passed"
	    id="spec_spec520"
	    title="MetaMapService KYC Prerequisites Validation should detect already completed KYC"
	  />
	  Name "MetaMapService KYC Prerequisites Validation should detect missing INE document":
	  <li
	    class="jasmine-passed"
	    id="spec_spec518"
	    title="MetaMapService KYC Prerequisites Validation should detect missing INE document"
	  />
	  Name "MetaMapService KYC Status Reporting should report in_progress status":
	  <li
	    class="jasmine-passed"
	    id="spec_spec525"
	    title="MetaMapService KYC Status Reporting should report in_progress status"
	  />
	  Name "MetaMapService KYC Status Reporting should report failed status with retry option":
	  <li
	    class="jasmine-passed"
	    id="spec_spec524"
	    title="MetaMapService KYC Status Reporting should report failed status with retry option"
	  />
	  Name "MetaMapService KYC Status Reporting should report not_started for client without KYC document":
	  <li
	    class="jasmine-passed"
	    id="spec_spec527"
	    title="MetaMapService KYC Status Reporting should report not_started for client without KYC document"
	  />
	  Name "MetaMapService KYC Status Reporting should report prerequisites_missing status":
	  <li
	    class="jasmine-passed"
	    id="spec_spec526"
	    title="MetaMapService KYC Status Reporting should report prerequisites_missing status"
	  />
	  Name "MetaMapService KYC Status Reporting should report completed status":
	  <li
	    class="jasmine-passed"
	    id="spec_spec523"
	    title="MetaMapService KYC Status Reporting should report completed status"
	  />
	  Name "MetaMapService KYC Status Reporting should report ready status":
	  <li
	    class="jasmine-passed"
	    id="spec_spec522"
	    title="MetaMapService KYC Status Reporting should report ready status"
	  />
	  Name "MetaMapService SDK Availability Check should detect SDK availability when Mati object exists":
	  <li
	    class="jasmine-passed"
	    id="spec_spec531"
	    title="MetaMapService SDK Availability Check should detect SDK availability when Mati object exists"
	  />
	  Name "MetaMapService SDK Availability Check should report SDK as unavailable when neither exists":
	  <li
	    class="jasmine-passed"
	    id="spec_spec533"
	    title="MetaMapService SDK Availability Check should report SDK as unavailable when neither exists"
	  />
	  Name "MetaMapService SDK Availability Check should wait for page load when document not ready":
	  <li
	    class="jasmine-passed"
	    id="spec_spec535"
	    title="MetaMapService SDK Availability Check should wait for page load when document not ready"
	  />
	  Name "MetaMapService SDK Availability Check should detect SDK availability when metamap-button exists":
	  <li
	    class="jasmine-passed"
	    id="spec_spec532"
	    title="MetaMapService SDK Availability Check should detect SDK availability when metamap-button exists"
	  />
	  Name "MetaMapService SDK Availability Check should handle server-side rendering (no window object)":
	  <li
	    class="jasmine-pending"
	    id="spec_spec534"
	    title="MetaMapService SDK Availability Check should handle server-side rendering (no window object)"
	  />
	  Name "MetaMapService KYC Failure Simulation should handle client not found in failure simulation":
	  <li
	    class="jasmine-passed"
	    id="spec_spec530"
	    title="MetaMapService KYC Failure Simulation should handle client not found in failure simulation"
	  />
	  Name "MetaMapService KYC Failure Simulation should use default failure reason":
	  <li
	    class="jasmine-passed"
	    id="spec_spec529"
	    title="MetaMapService KYC Failure Simulation should use default failure reason"
	  />
	  Name "MetaMapService KYC Failure Simulation should simulate KYC failure":
	  <li
	    class="jasmine-passed"
	    id="spec_spec528"
	    title="MetaMapService KYC Failure Simulation should simulate KYC failure"
	  />
	  Name "MetaMapService Edge Cases and Error Handling should handle client without KYC document in completion":
	  <li
	    class="jasmine-passed"
	    id="spec_spec537"
	    title="MetaMapService Edge Cases and Error Handling should handle client without KYC document in completion"
	  />
	  Name "MetaMapService Edge Cases and Error Handling should handle exit event without reason":
	  <li
	    class="jasmine-passed"
	    id="spec_spec536"
	    title="MetaMapService Edge Cases and Error Handling should handle exit event without reason"
	  />
	  Name "MetaMapService Edge Cases and Error Handling should handle button creation with existing button in container":
	  <li
	    class="jasmine-passed"
	    id="spec_spec539"
	    title="MetaMapService Edge Cases and Error Handling should handle button creation with existing button in container"
	  />
	  Name "MetaMapService Edge Cases and Error Handling should handle empty verification data":
	  <li
	    class="jasmine-passed"
	    id="spec_spec538"
	    title="MetaMapService Edge Cases and Error Handling should handle empty verification data"
	  />
	  Name "LoginComponent Integration Tests should handle form submission with valid data":
	  <li
	    class="jasmine-failed"
	    id="spec_spec913"
	    title="LoginComponent Integration Tests should handle form submission with valid data"
	  />
	  Name "LoginComponent Integration Tests should show validation errors when form is submitted empty":
	  <li
	    class="jasmine-failed"
	    id="spec_spec910"
	    title="LoginComponent Integration Tests should show validation errors when form is submitted empty"
	  />
	  Name "LoginComponent Integration Tests should have proper accessibility attributes":
	  <li
	    class="jasmine-passed"
	    id="spec_spec915"
	    title="LoginComponent Integration Tests should have proper accessibility attributes"
	  />
	  Name "LoginComponent Integration Tests should enable submit button when form is valid":
	  <li
	    class="jasmine-failed"
	    id="spec_spec912"
	    title="LoginComponent Integration Tests should enable submit button when form is valid"
	  />
	  Name "LoginComponent Integration Tests should show email format error for invalid email":
	  <li
	    class="jasmine-passed"
	    id="spec_spec911"
	    title="LoginComponent Integration Tests should show email format error for invalid email"
	  />
	  Name "LoginComponent Integration Tests should display brand information":
	  <li
	    class="jasmine-passed"
	    id="spec_spec916"
	    title="LoginComponent Integration Tests should display brand information"
	  />
	  Name "LoginComponent Integration Tests should toggle password visibility":
	  <li
	    class="jasmine-passed"
	    id="spec_spec914"
	    title="LoginComponent Integration Tests should toggle password visibility"
	  />
	  Name "LoginComponent Integration Tests should render login form with all required fields":
	  <li
	    class="jasmine-failed"
	    id="spec_spec909"
	    title="LoginComponent Integration Tests should render login form with all required fields"
	  />
	  Name "HttpClientService POST Requests should show success message for POST requests":
	  <li
	    class="jasmine-passed"
	    id="spec_spec450"
	    title="HttpClientService POST Requests should show success message for POST requests"
	  />
	  Name "HttpClientService POST Requests should retry POST requests once":
	  <li
	    class="jasmine-empty"
	    id="spec_spec451"
	    title="HttpClientService POST Requests should retry POST requests once"
	  />
	  Name "HttpClientService POST Requests should perform POST request with data":
	  <li
	    class="jasmine-passed"
	    id="spec_spec449"
	    title="HttpClientService POST Requests should perform POST request with data"
	  />
	  Name "HttpClientService Success Handling should not log successful responses without messages":
	  <li
	    class="jasmine-passed"
	    id="spec_spec475"
	    title="HttpClientService Success Handling should not log successful responses without messages"
	  />
	  Name "HttpClientService Success Handling should log successful responses with messages":
	  <li
	    class="jasmine-passed"
	    id="spec_spec474"
	    title="HttpClientService Success Handling should log successful responses with messages"
	  />
	  Name "HttpClientService API Health Check should check API health successfully":
	  <li
	    class="jasmine-passed"
	    id="spec_spec469"
	    title="HttpClientService API Health Check should check API health successfully"
	  />
	  Name "HttpClientService API Health Check should handle API health check failure":
	  <li
	    class="jasmine-passed"
	    id="spec_spec471"
	    title="HttpClientService API Health Check should handle API health check failure"
	  />
	  Name "HttpClientService API Health Check should handle unhealthy API response":
	  <li
	    class="jasmine-passed"
	    id="spec_spec470"
	    title="HttpClientService API Health Check should handle unhealthy API response"
	  />
	  Name "HttpClientService GET Requests should retry failed GET requests":
	  <li
	    class="jasmine-empty"
	    id="spec_spec448"
	    title="HttpClientService GET Requests should retry failed GET requests"
	  />
	  Name "HttpClientService GET Requests should handle GET request with custom parameters":
	  <li
	    class="jasmine-passed"
	    id="spec_spec446"
	    title="HttpClientService GET Requests should handle GET request with custom parameters"
	  />
	  Name "HttpClientService GET Requests should add authentication headers":
	  <li
	    class="jasmine-passed"
	    id="spec_spec447"
	    title="HttpClientService GET Requests should add authentication headers"
	  />
	  Name "HttpClientService GET Requests should perform GET request with default options":
	  <li
	    class="jasmine-passed"
	    id="spec_spec445"
	    title="HttpClientService GET Requests should perform GET request with default options"
	  />
	  Name "HttpClientService Header Management should work without authentication token":
	  <li
	    class="jasmine-passed"
	    id="spec_spec460"
	    title="HttpClientService Header Management should work without authentication token"
	  />
	  Name "HttpClientService Header Management should merge custom headers with default headers":
	  <li
	    class="jasmine-passed"
	    id="spec_spec459"
	    title="HttpClientService Header Management should merge custom headers with default headers"
	  />
	  Name "HttpClientService Loading State Management should not show loading when disabled":
	  <li
	    class="jasmine-passed"
	    id="spec_spec473"
	    title="HttpClientService Loading State Management should not show loading when disabled"
	  />
	  Name "HttpClientService Loading State Management should manage loading state for multiple requests":
	  <li
	    class="jasmine-passed"
	    id="spec_spec472"
	    title="HttpClientService Loading State Management should manage loading state for multiple requests"
	  />
	  Name "HttpClientService File Upload should upload file with FormData":
	  <li
	    class="jasmine-passed"
	    id="spec_spec454"
	    title="HttpClientService File Upload should upload file with FormData"
	  />
	  Name "HttpClientService File Upload should upload file without additional data":
	  <li
	    class="jasmine-passed"
	    id="spec_spec455"
	    title="HttpClientService File Upload should upload file without additional data"
	  />
	  Name "HttpClientService Connection Monitoring should detect offline status change":
	  <li
	    class="jasmine-passed"
	    id="spec_spec443"
	    title="HttpClientService Connection Monitoring should detect offline status change"
	  />
	  Name "HttpClientService Connection Monitoring should detect online status change":
	  <li
	    class="jasmine-passed"
	    id="spec_spec442"
	    title="HttpClientService Connection Monitoring should detect online status change"
	  />
	  Name "HttpClientService Connection Monitoring should provide current connection status":
	  <li
	    class="jasmine-passed"
	    id="spec_spec444"
	    title="HttpClientService Connection Monitoring should provide current connection status"
	  />
	  Name "HttpClientService Error Handling should handle network connectivity issues":
	  <li
	    class="jasmine-failed"
	    id="spec_spec466"
	    title="HttpClientService Error Handling should handle network connectivity issues"
	  />
	  Name "HttpClientService Error Handling should handle 500 Internal Server Error":
	  <li
	    class="jasmine-passed"
	    id="spec_spec465"
	    title="HttpClientService Error Handling should handle 500 Internal Server Error"
	  />
	  Name "HttpClientService Error Handling should handle client-side errors":
	  <li
	    class="jasmine-passed"
	    id="spec_spec468"
	    title="HttpClientService Error Handling should handle client-side errors"
	  />
	  Name "HttpClientService Error Handling should not show error toast when showError is false":
	  <li
	    class="jasmine-passed"
	    id="spec_spec467"
	    title="HttpClientService Error Handling should not show error toast when showError is false"
	  />
	  Name "HttpClientService Error Handling should handle 422 Validation Error with detailed messages":
	  <li
	    class="jasmine-passed"
	    id="spec_spec464"
	    title="HttpClientService Error Handling should handle 422 Validation Error with detailed messages"
	  />
	  Name "HttpClientService Error Handling should handle 404 Not Found error":
	  <li
	    class="jasmine-passed"
	    id="spec_spec463"
	    title="HttpClientService Error Handling should handle 404 Not Found error"
	  />
	  Name "HttpClientService Error Handling should handle 401 Unauthorized and logout user":
	  <li
	    class="jasmine-passed"
	    id="spec_spec462"
	    title="HttpClientService Error Handling should handle 401 Unauthorized and logout user"
	  />
	  Name "HttpClientService Error Handling should handle 400 Bad Request error":
	  <li
	    class="jasmine-passed"
	    id="spec_spec461"
	    title="HttpClientService Error Handling should handle 400 Bad Request error"
	  />
	  Name "HttpClientService URL Building should handle nested endpoints":
	  <li
	    class="jasmine-empty"
	    id="spec_spec458"
	    title="HttpClientService URL Building should handle nested endpoints"
	  />
	  Name "HttpClientService URL Building should handle URLs with leading slash":
	  <li
	    class="jasmine-passed"
	    id="spec_spec457"
	    title="HttpClientService URL Building should handle URLs with leading slash"
	  />
	  Name "HttpClientService URL Building should build correct URLs":
	  <li
	    class="jasmine-passed"
	    id="spec_spec456"
	    title="HttpClientService URL Building should build correct URLs"
	  />
	  Name "HttpClientService PUT Requests should perform PUT request":
	  <li
	    class="jasmine-passed"
	    id="spec_spec452"
	    title="HttpClientService PUT Requests should perform PUT request"
	  />
	  Name "HttpClientService DELETE Requests should perform DELETE request":
	  <li
	    class="jasmine-passed"
	    id="spec_spec453"
	    title="HttpClientService DELETE Requests should perform DELETE request"
	  />
	  Name "HttpClientService Service Initialization should be created":
	  <li
	    class="jasmine-passed"
	    id="spec_spec440"
	    title="HttpClientService Service Initialization should be created"
	  />
	  Name "HttpClientService Service Initialization should initialize with connection status":
	  <li
	    class="jasmine-passed"
	    id="spec_spec441"
	    title="HttpClientService Service Initialization should initialize with connection status"
	  />
	  Name "DocumentValidationService Ecosystem Document Validation (EdoMex) should validate critical agremiado documents":
	  <li
	    class="jasmine-passed"
	    id="spec_spec380"
	    title="DocumentValidationService Ecosystem Document Validation (EdoMex) should validate critical agremiado documents"
	  />
	  Name "DocumentValidationService Ecosystem Document Validation (EdoMex) should detect missing critical ecosystem documents":
	  <li
	    class="jasmine-passed"
	    id="spec_spec378"
	    title="DocumentValidationService Ecosystem Document Validation (EdoMex) should detect missing critical ecosystem documents"
	  />
	  Name "DocumentValidationService Ecosystem Document Validation (EdoMex) should assess ecosystem risk level correctly":
	  <li
	    class="jasmine-passed"
	    id="spec_spec379"
	    title="DocumentValidationService Ecosystem Document Validation (EdoMex) should assess ecosystem risk level correctly"
	  />
	  Name "DocumentValidationService Ecosystem Document Validation (EdoMex) should validate complete ecosystem documents":
	  <li
	    class="jasmine-passed"
	    id="spec_spec377"
	    title="DocumentValidationService Ecosystem Document Validation (EdoMex) should validate complete ecosystem documents"
	  />
	  Name "DocumentValidationService Edge Cases and Error Handling should handle empty document list":
	  <li
	    class="jasmine-passed"
	    id="spec_spec395"
	    title="DocumentValidationService Edge Cases and Error Handling should handle empty document list"
	  />
	  Name "DocumentValidationService Edge Cases and Error Handling should handle clients without market assignment":
	  <li
	    class="jasmine-passed"
	    id="spec_spec397"
	    title="DocumentValidationService Edge Cases and Error Handling should handle clients without market assignment"
	  />
	  Name "DocumentValidationService Edge Cases and Error Handling should handle documents without names":
	  <li
	    class="jasmine-passed"
	    id="spec_spec396"
	    title="DocumentValidationService Edge Cases and Error Handling should handle documents without names"
	  />
	  Name "DocumentValidationService Edge Cases and Error Handling should generate compliance recommendations for various scenarios":
	  <li
	    class="jasmine-passed"
	    id="spec_spec399"
	    title="DocumentValidationService Edge Cases and Error Handling should generate compliance recommendations for various scenarios"
	  />
	  Name "DocumentValidationService Edge Cases and Error Handling should handle ecosystem validation with empty document list":
	  <li
	    class="jasmine-passed"
	    id="spec_spec398"
	    title="DocumentValidationService Edge Cases and Error Handling should handle ecosystem validation with empty document list"
	  />
	  Name "DocumentValidationService Validation Rules should assess legibility scores":
	  <li
	    class="jasmine-passed"
	    id="spec_spec394"
	    title="DocumentValidationService Validation Rules should assess legibility scores"
	  />
	  Name "DocumentValidationService Validation Rules should check document expiration":
	  <li
	    class="jasmine-passed"
	    id="spec_spec392"
	    title="DocumentValidationService Validation Rules should check document expiration"
	  />
	  Name "DocumentValidationService Validation Rules should validate file formats correctly":
	  <li
	    class="jasmine-passed"
	    id="spec_spec391"
	    title="DocumentValidationService Validation Rules should validate file formats correctly"
	  />
	  Name "DocumentValidationService Validation Rules should handle documents without expiration date":
	  <li
	    class="jasmine-passed"
	    id="spec_spec393"
	    title="DocumentValidationService Validation Rules should handle documents without expiration date"
	  />
	  Name "DocumentValidationService Document Validation should generate auto-corrections for fixable issues":
	  <li
	    class="jasmine-passed"
	    id="spec_spec370"
	    title="DocumentValidationService Document Validation should generate auto-corrections for fixable issues"
	  />
	  Name "DocumentValidationService Document Validation should validate document with valid format":
	  <li
	    class="jasmine-passed"
	    id="spec_spec367"
	    title="DocumentValidationService Document Validation should validate document with valid format"
	  />
	  Name "DocumentValidationService Document Validation should provide suggestions for improvement":
	  <li
	    class="jasmine-passed"
	    id="spec_spec371"
	    title="DocumentValidationService Document Validation should provide suggestions for improvement"
	  />
	  Name "DocumentValidationService Document Validation should detect invalid file format":
	  <li
	    class="jasmine-passed"
	    id="spec_spec368"
	    title="DocumentValidationService Document Validation should detect invalid file format"
	  />
	  Name "DocumentValidationService Document Validation should detect expired documents":
	  <li
	    class="jasmine-passed"
	    id="spec_spec369"
	    title="DocumentValidationService Document Validation should detect expired documents"
	  />
	  Name "DocumentValidationService Document Type Detection should provide suggestions for unclear filenames":
	  <li
	    class="jasmine-passed"
	    id="spec_spec389"
	    title="DocumentValidationService Document Type Detection should provide suggestions for unclear filenames"
	  />
	  Name "DocumentValidationService Document Type Detection should handle various file extensions":
	  <li
	    class="jasmine-passed"
	    id="spec_spec390"
	    title="DocumentValidationService Document Type Detection should handle various file extensions"
	  />
	  Name "DocumentValidationService Document Type Detection should detect INE from filename":
	  <li
	    class="jasmine-passed"
	    id="spec_spec385"
	    title="DocumentValidationService Document Type Detection should detect INE from filename"
	  />
	  Name "DocumentValidationService Document Type Detection should detect RFC documents":
	  <li
	    class="jasmine-passed"
	    id="spec_spec386"
	    title="DocumentValidationService Document Type Detection should detect RFC documents"
	  />
	  Name "DocumentValidationService Document Type Detection should detect ecosystem documents":
	  <li
	    class="jasmine-passed"
	    id="spec_spec387"
	    title="DocumentValidationService Document Type Detection should detect ecosystem documents"
	  />
	  Name "DocumentValidationService Document Type Detection should detect carta aval documents":
	  <li
	    class="jasmine-passed"
	    id="spec_spec388"
	    title="DocumentValidationService Document Type Detection should detect carta aval documents"
	  />
	  Name "DocumentValidationService Document Requirements by Market/Flow should return AGS specific requirements":
	  <li
	    class="jasmine-passed"
	    id="spec_spec381"
	    title="DocumentValidationService Document Requirements by Market/Flow should return AGS specific requirements"
	  />
	  Name "DocumentValidationService Document Requirements by Market/Flow should return EdoMex specific requirements":
	  <li
	    class="jasmine-passed"
	    id="spec_spec382"
	    title="DocumentValidationService Document Requirements by Market/Flow should return EdoMex specific requirements"
	  />
	  Name "DocumentValidationService Document Requirements by Market/Flow should filter requirements by flow type":
	  <li
	    class="jasmine-passed"
	    id="spec_spec383"
	    title="DocumentValidationService Document Requirements by Market/Flow should filter requirements by flow type"
	  />
	  Name "DocumentValidationService Document Requirements by Market/Flow should apply conditional requirements":
	  <li
	    class="jasmine-passed"
	    id="spec_spec384"
	    title="DocumentValidationService Document Requirements by Market/Flow should apply conditional requirements"
	  />
	  Name "DocumentValidationService Compliance Report Generation should generate compliance report for Aguascalientes client":
	  <li
	    class="jasmine-passed"
	    id="spec_spec372"
	    title="DocumentValidationService Compliance Report Generation should generate compliance report for Aguascalientes client"
	  />
	  Name "DocumentValidationService Compliance Report Generation should identify missing documents":
	  <li
	    class="jasmine-passed"
	    id="spec_spec373"
	    title="DocumentValidationService Compliance Report Generation should identify missing documents"
	  />
	  Name "DocumentValidationService Compliance Report Generation should categorize documents correctly":
	  <li
	    class="jasmine-passed"
	    id="spec_spec374"
	    title="DocumentValidationService Compliance Report Generation should categorize documents correctly"
	  />
	  Name "DocumentValidationService Compliance Report Generation should provide blocking issues for incomplete documents":
	  <li
	    class="jasmine-passed"
	    id="spec_spec375"
	    title="DocumentValidationService Compliance Report Generation should provide blocking issues for incomplete documents"
	  />
	  Name "DocumentValidationService Compliance Report Generation should generate appropriate next steps":
	  <li
	    class="jasmine-passed"
	    id="spec_spec376"
	    title="DocumentValidationService Compliance Report Generation should generate appropriate next steps"
	  />
	  Name "DocumentValidationService Service Initialization should initialize document requirements":
	  <li
	    class="jasmine-passed"
	    id="spec_spec366"
	    title="DocumentValidationService Service Initialization should initialize document requirements"
	  />
	  Name "DocumentValidationService Service Initialization should be created":
	  <li
	    class="jasmine-passed"
	    id="spec_spec365"
	    title="DocumentValidationService Service Initialization should be created"
	  />
	  Name "ConektaPaymentService Payment History and Status should get payment history with customer filter":
	  <li
	    class="jasmine-passed"
	    id="spec_spec183"
	    title="ConektaPaymentService Payment History and Status should get payment history with customer filter"
	  />
	  Name "ConektaPaymentService Payment History and Status should get payment history without customer filter":
	  <li
	    class="jasmine-passed"
	    id="spec_spec182"
	    title="ConektaPaymentService Payment History and Status should get payment history without customer filter"
	  />
	  Name "ConektaPaymentService Payment History and Status should get payment status":
	  <li
	    class="jasmine-passed"
	    id="spec_spec184"
	    title="ConektaPaymentService Payment History and Status should get payment status"
	  />
	  Name "ConektaPaymentService Error Handling Edge Cases should handle errors with simple message":
	  <li
	    class="jasmine-passed"
	    id="spec_spec192"
	    title="ConektaPaymentService Error Handling Edge Cases should handle errors with simple message"
	  />
	  Name "ConektaPaymentService Error Handling Edge Cases should handle errors without structured response":
	  <li
	    class="jasmine-passed"
	    id="spec_spec193"
	    title="ConektaPaymentService Error Handling Edge Cases should handle errors without structured response"
	  />
	  Name "ConektaPaymentService Test Methods should create test payment with custom amount":
	  <li
	    class="jasmine-passed"
	    id="spec_spec191"
	    title="ConektaPaymentService Test Methods should create test payment with custom amount"
	  />
	  Name "ConektaPaymentService Test Methods should create test payment with default amount":
	  <li
	    class="jasmine-passed"
	    id="spec_spec190"
	    title="ConektaPaymentService Test Methods should create test payment with default amount"
	  />
	  Name "ConektaPaymentService Business Logic Helpers should handle monthly payment setup errors":
	  <li
	    class="jasmine-passed"
	    id="spec_spec189"
	    title="ConektaPaymentService Business Logic Helpers should handle monthly payment setup errors"
	  />
	  Name "ConektaPaymentService Business Logic Helpers should create down payment link":
	  <li
	    class="jasmine-passed"
	    id="spec_spec188"
	    title="ConektaPaymentService Business Logic Helpers should create down payment link"
	  />
	  Name "ConektaPaymentService Webhook Validation should handle validation errors gracefully":
	  <li
	    class="jasmine-pending"
	    id="spec_spec187"
	    title="ConektaPaymentService Webhook Validation should handle validation errors gracefully"
	  />
	  Name "ConektaPaymentService Webhook Validation should reject incorrect webhook signature":
	  <li
	    class="jasmine-passed"
	    id="spec_spec186"
	    title="ConektaPaymentService Webhook Validation should reject incorrect webhook signature"
	  />
	  Name "ConektaPaymentService Webhook Validation should validate correct webhook signature":
	  <li
	    class="jasmine-passed"
	    id="spec_spec185"
	    title="ConektaPaymentService Webhook Validation should validate correct webhook signature"
	  />
	  Name "ConektaPaymentService Service Initialization should load Conekta SDK on initialization":
	  <li
	    class="jasmine-passed"
	    id="spec_spec166"
	    title="ConektaPaymentService Service Initialization should load Conekta SDK on initialization"
	  />
	  Name "ConektaPaymentService Service Initialization should be created":
	  <li
	    class="jasmine-passed"
	    id="spec_spec165"
	    title="ConektaPaymentService Service Initialization should be created"
	  />
	  Name "ConektaPaymentService Card Tokenization should tokenize valid card successfully":
	  <li
	    class="jasmine-passed"
	    id="spec_spec167"
	    title="ConektaPaymentService Card Tokenization should tokenize valid card successfully"
	  />
	  Name "ConektaPaymentService Card Tokenization should generate random tokens for other card numbers":
	  <li
	    class="jasmine-passed"
	    id="spec_spec169"
	    title="ConektaPaymentService Card Tokenization should generate random tokens for other card numbers"
	  />
	  Name "ConektaPaymentService Card Tokenization should handle tokenization errors":
	  <li
	    class="jasmine-passed"
	    id="spec_spec168"
	    title="ConektaPaymentService Card Tokenization should handle tokenization errors"
	  />
	  Name "ConektaPaymentService Payment Processing should handle payment processing errors":
	  <li
	    class="jasmine-passed"
	    id="spec_spec171"
	    title="ConektaPaymentService Payment Processing should handle payment processing errors"
	  />
	  Name "ConektaPaymentService Payment Processing should process card payment successfully":
	  <li
	    class="jasmine-passed"
	    id="spec_spec170"
	    title="ConektaPaymentService Payment Processing should process card payment successfully"
	  />
	  Name "ConektaPaymentService Payment Links (Cash Payments) should set default expiration if not provided":
	  <li
	    class="jasmine-passed"
	    id="spec_spec173"
	    title="ConektaPaymentService Payment Links (Cash Payments) should set default expiration if not provided"
	  />
	  Name "ConektaPaymentService Payment Links (Cash Payments) should create payment link for cash payments":
	  <li
	    class="jasmine-passed"
	    id="spec_spec172"
	    title="ConektaPaymentService Payment Links (Cash Payments) should create payment link for cash payments"
	  />
	  Name "ConektaPaymentService Customer Management should update customer":
	  <li
	    class="jasmine-passed"
	    id="spec_spec175"
	    title="ConektaPaymentService Customer Management should update customer"
	  />
	  Name "ConektaPaymentService Customer Management should create customer":
	  <li
	    class="jasmine-passed"
	    id="spec_spec174"
	    title="ConektaPaymentService Customer Management should create customer"
	  />
	  Name "ConektaPaymentService Customer Management should get customer":
	  <li
	    class="jasmine-passed"
	    id="spec_spec176"
	    title="ConektaPaymentService Customer Management should get customer"
	  />
	  Name "ConektaPaymentService Subscription Management should pause subscription":
	  <li
	    class="jasmine-passed"
	    id="spec_spec180"
	    title="ConektaPaymentService Subscription Management should pause subscription"
	  />
	  Name "ConektaPaymentService Subscription Management should get subscription":
	  <li
	    class="jasmine-passed"
	    id="spec_spec179"
	    title="ConektaPaymentService Subscription Management should get subscription"
	  />
	  Name "ConektaPaymentService Subscription Management should create subscription":
	  <li
	    class="jasmine-passed"
	    id="spec_spec178"
	    title="ConektaPaymentService Subscription Management should create subscription"
	  />
	  Name "ConektaPaymentService Subscription Management should cancel subscription":
	  <li
	    class="jasmine-passed"
	    id="spec_spec181"
	    title="ConektaPaymentService Subscription Management should cancel subscription"
	  />
	  Name "ConektaPaymentService Subscription Management should create subscription plan":
	  <li
	    class="jasmine-passed"
	    id="spec_spec177"
	    title="ConektaPaymentService Subscription Management should create subscription plan"
	  />
	  Name "ToastService Observable Behavior should emit each toast separately":
	  <li
	    class="jasmine-passed"
	    id="spec_spec799"
	    title="ToastService Observable Behavior should emit each toast separately"
	  />
	  Name "ToastService Observable Behavior should emit toasts through observable":
	  <li
	    class="jasmine-passed"
	    id="spec_spec797"
	    title="ToastService Observable Behavior should emit toasts through observable"
	  />
	  Name "ToastService Observable Behavior should support multiple subscribers":
	  <li
	    class="jasmine-passed"
	    id="spec_spec798"
	    title="ToastService Observable Behavior should support multiple subscribers"
	  />
	  Name "ToastService Edge Cases should handle very long message":
	  <li
	    class="jasmine-passed"
	    id="spec_spec801"
	    title="ToastService Edge Cases should handle very long message"
	  />
	  Name "ToastService Edge Cases should handle empty message":
	  <li
	    class="jasmine-passed"
	    id="spec_spec800"
	    title="ToastService Edge Cases should handle empty message"
	  />
	  Name "ToastService Edge Cases should handle rapid consecutive toasts":
	  <li
	    class="jasmine-failed"
	    id="spec_spec805"
	    title="ToastService Edge Cases should handle rapid consecutive toasts"
	  />
	  Name "ToastService Edge Cases should handle special characters in message":
	  <li
	    class="jasmine-passed"
	    id="spec_spec804"
	    title="ToastService Edge Cases should handle special characters in message"
	  />
	  Name "ToastService Edge Cases should handle negative duration":
	  <li
	    class="jasmine-passed"
	    id="spec_spec803"
	    title="ToastService Edge Cases should handle negative duration"
	  />
	  Name "ToastService Edge Cases should handle zero duration":
	  <li
	    class="jasmine-passed"
	    id="spec_spec802"
	    title="ToastService Edge Cases should handle zero duration"
	  />
	  Name "ToastService Toast State Management should handle removing all toasts":
	  <li
	    class="jasmine-passed"
	    id="spec_spec807"
	    title="ToastService Toast State Management should handle removing all toasts"
	  />
	  Name "ToastService Toast State Management should maintain correct state after multiple operations":
	  <li
	    class="jasmine-failed"
	    id="spec_spec806"
	    title="ToastService Toast State Management should maintain correct state after multiple operations"
	  />
	  Name "ToastService Service Initialization should have toasts$ observable":
	  <li
	    class="jasmine-passed"
	    id="spec_spec780"
	    title="ToastService Service Initialization should have toasts$ observable"
	  />
	  Name "ToastService Service Initialization should initialize with empty toasts array":
	  <li
	    class="jasmine-passed"
	    id="spec_spec779"
	    title="ToastService Service Initialization should initialize with empty toasts array"
	  />
	  Name "ToastService Service Initialization should be created":
	  <li
	    class="jasmine-passed"
	    id="spec_spec778"
	    title="ToastService Service Initialization should be created"
	  />
	  Name "ToastService Success Toast should create success toast with default duration":
	  <li
	    class="jasmine-passed"
	    id="spec_spec781"
	    title="ToastService Success Toast should create success toast with default duration"
	  />
	  Name "ToastService Success Toast should create success toast with custom duration":
	  <li
	    class="jasmine-passed"
	    id="spec_spec782"
	    title="ToastService Success Toast should create success toast with custom duration"
	  />
	  Name "ToastService Success Toast should add success toast to toasts array":
	  <li
	    class="jasmine-passed"
	    id="spec_spec783"
	    title="ToastService Success Toast should add success toast to toasts array"
	  />
	  Name "ToastService Warning Toast should create warning toast with default duration":
	  <li
	    class="jasmine-passed"
	    id="spec_spec786"
	    title="ToastService Warning Toast should create warning toast with default duration"
	  />
	  Name "ToastService Warning Toast should create warning toast with custom duration":
	  <li
	    class="jasmine-passed"
	    id="spec_spec787"
	    title="ToastService Warning Toast should create warning toast with custom duration"
	  />
	  Name "ToastService Error Toast should create error toast with default duration":
	  <li
	    class="jasmine-passed"
	    id="spec_spec784"
	    title="ToastService Error Toast should create error toast with default duration"
	  />
	  Name "ToastService Error Toast should create error toast with custom duration":
	  <li
	    class="jasmine-passed"
	    id="spec_spec785"
	    title="ToastService Error Toast should create error toast with custom duration"
	  />
	  Name "ToastService Info Toast should create info toast with default duration":
	  <li
	    class="jasmine-passed"
	    id="spec_spec788"
	    title="ToastService Info Toast should create info toast with default duration"
	  />
	  Name "ToastService Info Toast should create info toast with custom duration":
	  <li
	    class="jasmine-passed"
	    id="spec_spec789"
	    title="ToastService Info Toast should create info toast with custom duration"
	  />
	  Name "ToastService Toast Management should handle removing non-existent toast ID":
	  <li
	    class="jasmine-passed"
	    id="spec_spec792"
	    title="ToastService Toast Management should handle removing non-existent toast ID"
	  />
	  Name "ToastService Toast Management should remove only specified toast when multiple exist":
	  <li
	    class="jasmine-failed"
	    id="spec_spec793"
	    title="ToastService Toast Management should remove only specified toast when multiple exist"
	  />
	  Name "ToastService Toast Management should generate unique IDs for different toasts":
	  <li
	    class="jasmine-failed"
	    id="spec_spec790"
	    title="ToastService Toast Management should generate unique IDs for different toasts"
	  />
	  Name "ToastService Toast Management should remove toast by ID":
	  <li
	    class="jasmine-passed"
	    id="spec_spec791"
	    title="ToastService Toast Management should remove toast by ID"
	  />
	  Name "ToastService Auto-removal Functionality should handle manual removal before auto-removal":
	  <li
	    class="jasmine-passed"
	    id="spec_spec796"
	    title="ToastService Auto-removal Functionality should handle manual removal before auto-removal"
	  />
	  Name "ToastService Auto-removal Functionality should auto-remove toast after specified duration":
	  <li
	    class="jasmine-passed"
	    id="spec_spec794"
	    title="ToastService Auto-removal Functionality should auto-remove toast after specified duration"
	  />
	  Name "ToastService Auto-removal Functionality should auto-remove multiple toasts at different times":
	  <li
	    class="jasmine-failed"
	    id="spec_spec795"
	    title="ToastService Auto-removal Functionality should auto-remove multiple toasts at different times"
	  />
	  Name "math.util safe operations should reduce FP drift":
	  <li
	    class="jasmine-passed"
	    id="spec_spec844"
	    title="math.util safe operations should reduce FP drift"
	  />
	  Name "math.util round2 should round to 2 decimals":
	  <li
	    class="jasmine-passed"
	    id="spec_spec843"
	    title="math.util round2 should round to 2 decimals"
	  />
	  Name "math.util annuity should compute payment correctly":
	  <li
	    class="jasmine-passed"
	    id="spec_spec847"
	    title="math.util annuity should compute payment correctly"
	  />
	  Name "math.util clamp should bound values":
	  <li
	    class="jasmine-passed"
	    id="spec_spec845"
	    title="math.util clamp should bound values"
	  />
	  Name "math.util monthsToYearsCeil should ceil to years":
	  <li
	    class="jasmine-passed"
	    id="spec_spec849"
	    title="math.util monthsToYearsCeil should ceil to years"
	  />
	  Name "math.util helpers should aggregate values":
	  <li
	    class="jasmine-passed"
	    id="spec_spec848"
	    title="math.util helpers should aggregate values"
	  />
	  Name "math.util rate conversions should be consistent":
	  <li
	    class="jasmine-passed"
	    id="spec_spec846"
	    title="math.util rate conversions should be consistent"
	  />
	  Name "format.util formatCurrencyMXN should format with symbol and two decimals":
	  <li
	    class="jasmine-passed"
	    id="spec_spec839"
	    title="format.util formatCurrencyMXN should format with symbol and two decimals"
	  />
	  Name "format.util parseCurrency should parse strings with symbols and commas":
	  <li
	    class="jasmine-passed"
	    id="spec_spec840"
	    title="format.util parseCurrency should parse strings with symbols and commas"
	  />
	  Name "format.util toYears should render human friendly term":
	  <li
	    class="jasmine-passed"
	    id="spec_spec842"
	    title="format.util toYears should render human friendly term"
	  />
	  Name "format.util formatPercent should format with default decimals":
	  <li
	    class="jasmine-passed"
	    id="spec_spec841"
	    title="format.util formatPercent should format with default decimals"
	  />
	  Name "BackendApiService Error Handling Edge Cases should handle storage errors gracefully":
	  <li
	    class="jasmine-passed"
	    id="spec_spec114"
	    title="BackendApiService Error Handling Edge Cases should handle storage errors gracefully"
	  />
	  Name "BackendApiService Error Handling Edge Cases should handle null client data from local storage":
	  <li
	    class="jasmine-passed"
	    id="spec_spec113"
	    title="BackendApiService Error Handling Edge Cases should handle null client data from local storage"
	  />
	  Name "BackendApiService Error Handling Edge Cases should handle unknown action types in sync":
	  <li
	    class="jasmine-passed"
	    id="spec_spec115"
	    title="BackendApiService Error Handling Edge Cases should handle unknown action types in sync"
	  />
	  Name "BackendApiService Contract Management should get contract successfully":
	  <li
	    class="jasmine-passed"
	    id="spec_spec90"
	    title="BackendApiService Contract Management should get contract successfully"
	  />
	  Name "BackendApiService Contract Management should fallback to local storage when getting client contracts fails":
	  <li
	    class="jasmine-passed"
	    id="spec_spec93"
	    title="BackendApiService Contract Management should fallback to local storage when getting client contracts fails"
	  />
	  Name "BackendApiService Contract Management should get client contracts successfully":
	  <li
	    class="jasmine-passed"
	    id="spec_spec92"
	    title="BackendApiService Contract Management should get client contracts successfully"
	  />
	  Name "BackendApiService Contract Management should handle create contract offline mode":
	  <li
	    class="jasmine-passed"
	    id="spec_spec89"
	    title="BackendApiService Contract Management should handle create contract offline mode"
	  />
	  Name "BackendApiService Contract Management should create contract successfully":
	  <li
	    class="jasmine-passed"
	    id="spec_spec88"
	    title="BackendApiService Contract Management should create contract successfully"
	  />
	  Name "BackendApiService Contract Management should fallback to local storage when getting contract fails":
	  <li
	    class="jasmine-passed"
	    id="spec_spec91"
	    title="BackendApiService Contract Management should fallback to local storage when getting contract fails"
	  />
	  Name "BackendApiService Mock Data Generation should generate all mock ecosystems when no market filter":
	  <li
	    class="jasmine-passed"
	    id="spec_spec112"
	    title="BackendApiService Mock Data Generation should generate all mock ecosystems when no market filter"
	  />
	  Name "BackendApiService Mock Data Generation should generate mock ecosystems for EDOMEX market":
	  <li
	    class="jasmine-passed"
	    id="spec_spec111"
	    title="BackendApiService Mock Data Generation should generate mock ecosystems for EDOMEX market"
	  />
	  Name "BackendApiService Mock Data Generation should generate mock ecosystems for AGS market":
	  <li
	    class="jasmine-passed"
	    id="spec_spec110"
	    title="BackendApiService Mock Data Generation should generate mock ecosystems for AGS market"
	  />
	  Name "BackendApiService Service Initialization should have correct API configuration":
	  <li
	    class="jasmine-passed"
	    id="spec_spec79"
	    title="BackendApiService Service Initialization should have correct API configuration"
	  />
	  Name "BackendApiService Service Initialization should initialize with online status":
	  <li
	    class="jasmine-passed"
	    id="spec_spec78"
	    title="BackendApiService Service Initialization should initialize with online status"
	  />
	  Name "BackendApiService Service Initialization should be created":
	  <li
	    class="jasmine-passed"
	    id="spec_spec77"
	    title="BackendApiService Service Initialization should be created"
	  />
	  Name "BackendApiService Client Management should create client successfully":
	  <li
	    class="jasmine-passed"
	    id="spec_spec80"
	    title="BackendApiService Client Management should create client successfully"
	  />
	  Name "BackendApiService Client Management should handle update client offline mode":
	  <li
	    class="jasmine-passed"
	    id="spec_spec83"
	    title="BackendApiService Client Management should handle update client offline mode"
	  />
	  Name "BackendApiService Client Management should handle create client offline mode":
	  <li
	    class="jasmine-passed"
	    id="spec_spec81"
	    title="BackendApiService Client Management should handle create client offline mode"
	  />
	  Name "BackendApiService Client Management should get client successfully":
	  <li
	    class="jasmine-passed"
	    id="spec_spec84"
	    title="BackendApiService Client Management should get client successfully"
	  />
	  Name "BackendApiService Client Management should update client successfully":
	  <li
	    class="jasmine-failed"
	    id="spec_spec82"
	    title="BackendApiService Client Management should update client successfully"
	  />
	  Name "BackendApiService Client Management should fallback to local storage when getting client fails":
	  <li
	    class="jasmine-passed"
	    id="spec_spec85"
	    title="BackendApiService Client Management should fallback to local storage when getting client fails"
	  />
	  Name "BackendApiService Client Management should return empty array when getting clients fails":
	  <li
	    class="jasmine-passed"
	    id="spec_spec87"
	    title="BackendApiService Client Management should return empty array when getting clients fails"
	  />
	  Name "BackendApiService Client Management should get clients with filters":
	  <li
	    class="jasmine-passed"
	    id="spec_spec86"
	    title="BackendApiService Client Management should get clients with filters"
	  />
	  Name "BackendApiService Sync Management should sync pending actions when coming online":
	  <li
	    class="jasmine-failed"
	    id="spec_spec104"
	    title="BackendApiService Sync Management should sync pending actions when coming online"
	  />
	  Name "BackendApiService Sync Management should handle sync errors gracefully":
	  <li
	    class="jasmine-passed"
	    id="spec_spec105"
	    title="BackendApiService Sync Management should handle sync errors gracefully"
	  />
	  Name "BackendApiService File Upload should upload document successfully":
	  <li
	    class="jasmine-passed"
	    id="spec_spec102"
	    title="BackendApiService File Upload should upload document successfully"
	  />
	  Name "BackendApiService File Upload should handle upload document offline mode":
	  <li
	    class="jasmine-passed"
	    id="spec_spec103"
	    title="BackendApiService File Upload should handle upload document offline mode"
	  />
	  Name "BackendApiService Network Status Management should update online status when network changes":
	  <li
	    class="jasmine-failed"
	    id="spec_spec108"
	    title="BackendApiService Network Status Management should update online status when network changes"
	  />
	  Name "BackendApiService Network Status Management should trigger sync when going back online":
	  <li
	    class="jasmine-failed"
	    id="spec_spec109"
	    title="BackendApiService Network Status Management should trigger sync when going back online"
	  />
	  Name "BackendApiService Health Check should return offline health status when API fails":
	  <li
	    class="jasmine-passed"
	    id="spec_spec107"
	    title="BackendApiService Health Check should return offline health status when API fails"
	  />
	  Name "BackendApiService Health Check should return online health status":
	  <li
	    class="jasmine-passed"
	    id="spec_spec106"
	    title="BackendApiService Health Check should return online health status"
	  />
	  Name "BackendApiService Ecosystem Management should update ecosystem capacity successfully":
	  <li
	    class="jasmine-passed"
	    id="spec_spec98"
	    title="BackendApiService Ecosystem Management should update ecosystem capacity successfully"
	  />
	  Name "BackendApiService Ecosystem Management should get ecosystem by ID successfully":
	  <li
	    class="jasmine-passed"
	    id="spec_spec97"
	    title="BackendApiService Ecosystem Management should get ecosystem by ID successfully"
	  />
	  Name "BackendApiService Ecosystem Management should return mock data when getting ecosystems fails":
	  <li
	    class="jasmine-passed"
	    id="spec_spec96"
	    title="BackendApiService Ecosystem Management should return mock data when getting ecosystems fails"
	  />
	  Name "BackendApiService Ecosystem Management should get ecosystems with market filter":
	  <li
	    class="jasmine-passed"
	    id="spec_spec95"
	    title="BackendApiService Ecosystem Management should get ecosystems with market filter"
	  />
	  Name "BackendApiService Ecosystem Management should get ecosystems successfully":
	  <li
	    class="jasmine-passed"
	    id="spec_spec94"
	    title="BackendApiService Ecosystem Management should get ecosystems successfully"
	  />
	  Name "BackendApiService Dashboard and Analytics should get dashboard data successfully":
	  <li
	    class="jasmine-passed"
	    id="spec_spec99"
	    title="BackendApiService Dashboard and Analytics should get dashboard data successfully"
	  />
	  Name "BackendApiService Dashboard and Analytics should get dashboard data with advisor filter":
	  <li
	    class="jasmine-failed"
	    id="spec_spec100"
	    title="BackendApiService Dashboard and Analytics should get dashboard data with advisor filter"
	  />
	  Name "BackendApiService Dashboard and Analytics should return offline dashboard data when API fails":
	  <li
	    class="jasmine-passed"
	    id="spec_spec101"
	    title="BackendApiService Dashboard and Analytics should return offline dashboard data when API fails"
	  />
	  Name "CotizadorEngineService calculates insurance by years ceil(term/12)":
	  <li
	    class="jasmine-passed"
	    id="spec_spec256"
	    title="CotizadorEngineService calculates insurance by years ceil(term/12)"
	  />
	  Name "CotizadorEngineService validates down payment min/max range":
	  <li
	    class="jasmine-passed"
	    id="spec_spec257"
	    title="CotizadorEngineService validates down payment min/max range"
	  />
	  Name "CotizadorEngineService computes monthly payment, total cost and CAT consistently":
	  <li
	    class="jasmine-passed"
	    id="spec_spec258"
	    title="CotizadorEngineService computes monthly payment, total cost and CAT consistently"
	  />
	  Name "OnboardingEngineService should call updateClient with id and updated object on reviewDocument":
	  <li
	    class="jasmine-passed"
	    id="spec_spec661"
	    title="OnboardingEngineService should call updateClient with id and updated object on reviewDocument"
	  />
	  Name "OnboardingEngineService should call updateClient with id and updated object on document submission":
	  <li
	    class="jasmine-passed"
	    id="spec_spec660"
	    title="OnboardingEngineService should call updateClient with id and updated object on document submission"
	  />
	  Name "PerformanceConfigService should return defaults when no config provided":
	  <li
	    class="jasmine-passed"
	    id="spec_spec662"
	    title="PerformanceConfigService should return defaults when no config provided"
	  />
	  Name "PerformanceConfigService should override defaults with provided config":
	  <li
	    class="jasmine-passed"
	    id="spec_spec663"
	    title="PerformanceConfigService should override defaults with provided config"
	  />
	  Name "PerformanceConfigService should merge profile-specific overrides":
	  <li
	    class="jasmine-passed"
	    id="spec_spec664"
	    title="PerformanceConfigService should merge profile-specific overrides"
	  />
	  Name "PerformanceConfigService getDelay/getTimeout should return numeric values from profile or defaults":
	  <li
	    class="jasmine-passed"
	    id="spec_spec665"
	    title="PerformanceConfigService getDelay/getTimeout should return numeric values from profile or defaults"
	  />
	  Name "DashboardComponent Accessibility Tests Content Accessibility should have accessible KPI cards":
	  <li
	    class="jasmine-passed"
	    id="spec_spec949"
	    title="DashboardComponent Accessibility Tests Content Accessibility should have accessible KPI cards"
	  />
	  Name "DashboardComponent Accessibility Tests Content Accessibility should use semantic HTML for content structure":
	  <li
	    class="jasmine-passed"
	    id="spec_spec951"
	    title="DashboardComponent Accessibility Tests Content Accessibility should use semantic HTML for content structure"
	  />
	  Name "DashboardComponent Accessibility Tests Content Accessibility should have accessible activity feed":
	  <li
	    class="jasmine-passed"
	    id="spec_spec950"
	    title="DashboardComponent Accessibility Tests Content Accessibility should have accessible activity feed"
	  />
	  Name "DashboardComponent Accessibility Tests Mobile and Touch Accessibility should have adequate touch target sizes":
	  <li
	    class="jasmine-passed"
	    id="spec_spec962"
	    title="DashboardComponent Accessibility Tests Mobile and Touch Accessibility should have adequate touch target sizes"
	  />
	  Name "DashboardComponent Accessibility Tests Mobile and Touch Accessibility should be responsive to viewport changes":
	  <li
	    class="jasmine-passed"
	    id="spec_spec963"
	    title="DashboardComponent Accessibility Tests Mobile and Touch Accessibility should be responsive to viewport changes"
	  />
	  Name "DashboardComponent Accessibility Tests Navigation Accessibility should have proper ARIA attributes for interactive elements":
	  <li
	    class="jasmine-failed"
	    id="spec_spec948"
	    title="DashboardComponent Accessibility Tests Navigation Accessibility should have proper ARIA attributes for interactive elements"
	  />
	  Name "DashboardComponent Accessibility Tests Navigation Accessibility should pass navigation accessibility tests":
	  <li
	    class="jasmine-failed"
	    id="spec_spec946"
	    title="DashboardComponent Accessibility Tests Navigation Accessibility should pass navigation accessibility tests"
	  />
	  Name "DashboardComponent Accessibility Tests Navigation Accessibility should have accessible navigation buttons":
	  <li
	    class="jasmine-passed"
	    id="spec_spec947"
	    title="DashboardComponent Accessibility Tests Navigation Accessibility should have accessible navigation buttons"
	  />
	  Name "DashboardComponent Accessibility Tests Basic Accessibility Compliance should have proper heading hierarchy":
	  <li
	    class="jasmine-failed"
	    id="spec_spec945"
	    title="DashboardComponent Accessibility Tests Basic Accessibility Compliance should have proper heading hierarchy"
	  />
	  Name "DashboardComponent Accessibility Tests Basic Accessibility Compliance should pass automated accessibility tests":
	  <li
	    class="jasmine-failed"
	    id="spec_spec943"
	    title="DashboardComponent Accessibility Tests Basic Accessibility Compliance should pass automated accessibility tests"
	  />
	  Name "DashboardComponent Accessibility Tests Basic Accessibility Compliance should have proper document structure":
	  <li
	    class="jasmine-passed"
	    id="spec_spec944"
	    title="DashboardComponent Accessibility Tests Basic Accessibility Compliance should have proper document structure"
	  />
	  Name "DashboardComponent Accessibility Tests Visual and Interaction Accessibility should have sufficient focus indicators":
	  <li
	    class="jasmine-passed"
	    id="spec_spec955"
	    title="DashboardComponent Accessibility Tests Visual and Interaction Accessibility should have sufficient focus indicators"
	  />
	  Name "DashboardComponent Accessibility Tests Visual and Interaction Accessibility should not rely solely on color to convey information":
	  <li
	    class="jasmine-empty"
	    id="spec_spec954"
	    title="DashboardComponent Accessibility Tests Visual and Interaction Accessibility should not rely solely on color to convey information"
	  />
	  Name "DashboardComponent Accessibility Tests Form and Input Accessibility should handle form validation accessibly":
	  <li
	    class="jasmine-empty"
	    id="spec_spec953"
	    title="DashboardComponent Accessibility Tests Form and Input Accessibility should handle form validation accessibly"
	  />
	  Name "DashboardComponent Accessibility Tests Form and Input Accessibility should have accessible form controls if any":
	  <li
	    class="jasmine-empty"
	    id="spec_spec952"
	    title="DashboardComponent Accessibility Tests Form and Input Accessibility should have accessible form controls if any"
	  />
	  Name "DashboardComponent Accessibility Tests DashboardComponent should be accessible":
	  <li
	    class="jasmine-failed"
	    id="spec_spec964"
	    title="DashboardComponent Accessibility Tests DashboardComponent should be accessible"
	  />
	  Name "DashboardComponent Accessibility Tests Keyboard Navigation should support keyboard navigation":
	  <li
	    class="jasmine-passed"
	    id="spec_spec959"
	    title="DashboardComponent Accessibility Tests Keyboard Navigation should support keyboard navigation"
	  />
	  Name "DashboardComponent Accessibility Tests Keyboard Navigation should have logical tab order":
	  <li
	    class="jasmine-passed"
	    id="spec_spec960"
	    title="DashboardComponent Accessibility Tests Keyboard Navigation should have logical tab order"
	  />
	  Name "DashboardComponent Accessibility Tests Keyboard Navigation should handle keyboard interactions properly":
	  <li
	    class="jasmine-empty"
	    id="spec_spec961"
	    title="DashboardComponent Accessibility Tests Keyboard Navigation should handle keyboard interactions properly"
	  />
	  Name "DashboardComponent Accessibility Tests DashboardComponent should have no accessibility violations":
	  <li
	    class="jasmine-failed"
	    id="spec_spec965"
	    title="DashboardComponent Accessibility Tests DashboardComponent should have no accessibility violations"
	  />
	  Name "DashboardComponent Accessibility Tests Screen Reader Support should provide meaningful page title and headings":
	  <li
	    class="jasmine-passed"
	    id="spec_spec956"
	    title="DashboardComponent Accessibility Tests Screen Reader Support should provide meaningful page title and headings"
	  />
	  Name "DashboardComponent Accessibility Tests Screen Reader Support should have proper landmark regions":
	  <li
	    class="jasmine-passed"
	    id="spec_spec957"
	    title="DashboardComponent Accessibility Tests Screen Reader Support should have proper landmark regions"
	  />
	  Name "DashboardComponent Accessibility Tests Screen Reader Support should provide context for dynamic content":
	  <li
	    class="jasmine-passed"
	    id="spec_spec958"
	    title="DashboardComponent Accessibility Tests Screen Reader Support should provide context for dynamic content"
	  />
	  Name "DashboardComponent Accessibility Tests DashboardComponent interactive elements should be keyboard accessible":
	  <li
	    class="jasmine-passed"
	    id="spec_spec966"
	    title="DashboardComponent Accessibility Tests DashboardComponent interactive elements should be keyboard accessible"
	  />
	  Name "DashboardComponent Accessibility Tests DashboardComponent form controls should have labels":
	  <li
	    class="jasmine-empty"
	    id="spec_spec967"
	    title="DashboardComponent Accessibility Tests DashboardComponent form controls should have labels"
	  />
	  Name "CotizadorEngineService Financial Summary Calculations should calculate total interest":
	  <li
	    class="jasmine-passed"
	    id="spec_spec289"
	    title="CotizadorEngineService Financial Summary Calculations should calculate total interest"
	  />
	  Name "CotizadorEngineService Financial Summary Calculations should generate financial summary":
	  <li
	    class="jasmine-passed"
	    id="spec_spec290"
	    title="CotizadorEngineService Financial Summary Calculations should generate financial summary"
	  />
	  Name "CotizadorEngineService Balance Calculations should calculate balance for interest-bearing loan":
	  <li
	    class="jasmine-failed"
	    id="spec_spec271"
	    title="CotizadorEngineService Balance Calculations should calculate balance for interest-bearing loan"
	  />
	  Name "CotizadorEngineService Balance Calculations should calculate balance for zero interest loan":
	  <li
	    class="jasmine-passed"
	    id="spec_spec270"
	    title="CotizadorEngineService Balance Calculations should calculate balance for zero interest loan"
	  />
	  Name "CotizadorEngineService Balance Calculations should handle edge case with zero principal":
	  <li
	    class="jasmine-passed"
	    id="spec_spec274"
	    title="CotizadorEngineService Balance Calculations should handle edge case with zero principal"
	  />
	  Name "CotizadorEngineService Balance Calculations should handle no payments made":
	  <li
	    class="jasmine-passed"
	    id="spec_spec273"
	    title="CotizadorEngineService Balance Calculations should handle no payments made"
	  />
	  Name "CotizadorEngineService Balance Calculations should return zero when all payments made":
	  <li
	    class="jasmine-passed"
	    id="spec_spec272"
	    title="CotizadorEngineService Balance Calculations should return zero when all payments made"
	  />
	  Name "CotizadorEngineService Market-Specific Business Rules should apply EdoMex individual rules":
	  <li
	    class="jasmine-passed"
	    id="spec_spec292"
	    title="CotizadorEngineService Market-Specific Business Rules should apply EdoMex individual rules"
	  />
	  Name "CotizadorEngineService Market-Specific Business Rules should apply Aguascalientes rules":
	  <li
	    class="jasmine-passed"
	    id="spec_spec291"
	    title="CotizadorEngineService Market-Specific Business Rules should apply Aguascalientes rules"
	  />
	  Name "CotizadorEngineService Market-Specific Business Rules should use fallback rules for unknown market":
	  <li
	    class="jasmine-passed"
	    id="spec_spec294"
	    title="CotizadorEngineService Market-Specific Business Rules should use fallback rules for unknown market"
	  />
	  Name "CotizadorEngineService Market-Specific Business Rules should apply EdoMex collective rules":
	  <li
	    class="jasmine-passed"
	    id="spec_spec293"
	    title="CotizadorEngineService Market-Specific Business Rules should apply EdoMex collective rules"
	  />
	  Name "CotizadorEngineService Service Initialization should be created":
	  <li
	    class="jasmine-passed"
	    id="spec_spec259"
	    title="CotizadorEngineService Service Initialization should be created"
	  />
	  Name "CotizadorEngineService Package Price Calculation should skip optional components not selected":
	  <li
	    class="jasmine-passed"
	    id="spec_spec268"
	    title="CotizadorEngineService Package Price Calculation should skip optional components not selected"
	  />
	  Name "CotizadorEngineService Package Price Calculation should handle package with no components":
	  <li
	    class="jasmine-passed"
	    id="spec_spec269"
	    title="CotizadorEngineService Package Price Calculation should handle package with no components"
	  />
	  Name "CotizadorEngineService Package Price Calculation should calculate basic package price without optionals":
	  <li
	    class="jasmine-passed"
	    id="spec_spec264"
	    title="CotizadorEngineService Package Price Calculation should calculate basic package price without optionals"
	  />
	  Name "CotizadorEngineService Package Price Calculation should calculate package price with selected optionals":
	  <li
	    class="jasmine-passed"
	    id="spec_spec265"
	    title="CotizadorEngineService Package Price Calculation should calculate package price with selected optionals"
	  />
	  Name "CotizadorEngineService Package Price Calculation should multiply term-based components by years":
	  <li
	    class="jasmine-passed"
	    id="spec_spec266"
	    title="CotizadorEngineService Package Price Calculation should multiply term-based components by years"
	  />
	  Name "CotizadorEngineService Package Price Calculation should handle 60-month terms correctly":
	  <li
	    class="jasmine-passed"
	    id="spec_spec267"
	    title="CotizadorEngineService Package Price Calculation should handle 60-month terms correctly"
	  />
	  Name "CotizadorEngineService Legacy Quote Generation should generate basic quote":
	  <li
	    class="jasmine-passed"
	    id="spec_spec279"
	    title="CotizadorEngineService Legacy Quote Generation should generate basic quote"
	  />
	  Name "CotizadorEngineService Product Package Management should get Aguascalientes plazo package":
	  <li
	    class="jasmine-passed"
	    id="spec_spec260"
	    title="CotizadorEngineService Product Package Management should get Aguascalientes plazo package"
	  />
	  Name "CotizadorEngineService Product Package Management should get EdoMex colectivo package":
	  <li
	    class="jasmine-passed"
	    id="spec_spec261"
	    title="CotizadorEngineService Product Package Management should get EdoMex colectivo package"
	  />
	  Name "CotizadorEngineService Product Package Management should get EdoMex directa package":
	  <li
	    class="jasmine-passed"
	    id="spec_spec262"
	    title="CotizadorEngineService Product Package Management should get EdoMex directa package"
	  />
	  Name "CotizadorEngineService Product Package Management should handle unknown market gracefully":
	  <li
	    class="jasmine-passed"
	    id="spec_spec263"
	    title="CotizadorEngineService Product Package Management should handle unknown market gracefully"
	  />
	  Name "CotizadorEngineService Quote Generation with Package should handle direct sale (rate = 0)":
	  <li
	    class="jasmine-passed"
	    id="spec_spec278"
	    title="CotizadorEngineService Quote Generation with Package should handle direct sale (rate = 0)"
	  />
	  Name "CotizadorEngineService Quote Generation with Package should determine client type from package data":
	  <li
	    class="jasmine-passed"
	    id="spec_spec277"
	    title="CotizadorEngineService Quote Generation with Package should determine client type from package data"
	  />
	  Name "CotizadorEngineService Quote Generation with Package should generate quote with custom down payment":
	  <li
	    class="jasmine-passed"
	    id="spec_spec276"
	    title="CotizadorEngineService Quote Generation with Package should generate quote with custom down payment"
	  />
	  Name "CotizadorEngineService Quote Generation with Package should generate quote with minimum down payment":
	  <li
	    class="jasmine-passed"
	    id="spec_spec275"
	    title="CotizadorEngineService Quote Generation with Package should generate quote with minimum down payment"
	  />
	  Name "CotizadorEngineService Configuration Validation should validate EdoMex individual requirements":
	  <li
	    class="jasmine-passed"
	    id="spec_spec287"
	    title="CotizadorEngineService Configuration Validation should validate EdoMex individual requirements"
	  />
	  Name "CotizadorEngineService Configuration Validation should validate EdoMex collective requirements":
	  <li
	    class="jasmine-passed"
	    id="spec_spec288"
	    title="CotizadorEngineService Configuration Validation should validate EdoMex collective requirements"
	  />
	  Name "CotizadorEngineService Configuration Validation should validate correct configuration":
	  <li
	    class="jasmine-passed"
	    id="spec_spec282"
	    title="CotizadorEngineService Configuration Validation should validate correct configuration"
	  />
	  Name "CotizadorEngineService Configuration Validation should reject invalid term":
	  <li
	    class="jasmine-passed"
	    id="spec_spec284"
	    title="CotizadorEngineService Configuration Validation should reject invalid term"
	  />
	  Name "CotizadorEngineService Configuration Validation should reject down payment equal to total price":
	  <li
	    class="jasmine-passed"
	    id="spec_spec286"
	    title="CotizadorEngineService Configuration Validation should reject down payment equal to total price"
	  />
	  Name "CotizadorEngineService Configuration Validation should reject insufficient down payment":
	  <li
	    class="jasmine-passed"
	    id="spec_spec283"
	    title="CotizadorEngineService Configuration Validation should reject insufficient down payment"
	  />
	  Name "CotizadorEngineService Configuration Validation should reject zero or negative price":
	  <li
	    class="jasmine-passed"
	    id="spec_spec285"
	    title="CotizadorEngineService Configuration Validation should reject zero or negative price"
	  />
	  Name "CotizadorEngineService Amortization Table Generation should generate complete amortization table":
	  <li
	    class="jasmine-passed"
	    id="spec_spec280"
	    title="CotizadorEngineService Amortization Table Generation should generate complete amortization table"
	  />
	  Name "CotizadorEngineService Amortization Table Generation should have decreasing balance over time":
	  <li
	    class="jasmine-passed"
	    id="spec_spec281"
	    title="CotizadorEngineService Amortization Table Generation should have decreasing balance over time"
	  />
	  Name "NavigationService Page Title Management should get current page title":
	  <li
	    class="jasmine-passed"
	    id="spec_spec596"
	    title="NavigationService Page Title Management should get current page title"
	  />
	  Name "NavigationService Page Title Management should set page title dynamically":
	  <li
	    class="jasmine-passed"
	    id="spec_spec597"
	    title="NavigationService Page Title Management should set page title dynamically"
	  />
	  Name "NavigationService Navigation Methods should navigate to specified route":
	  <li
	    class="jasmine-passed"
	    id="spec_spec587"
	    title="NavigationService Navigation Methods should navigate to specified route"
	  />
	  Name "NavigationService Navigation Methods should navigate with query parameters":
	  <li
	    class="jasmine-passed"
	    id="spec_spec588"
	    title="NavigationService Navigation Methods should navigate with query parameters"
	  />
	  Name "NavigationService Navigation Methods should navigate home":
	  <li
	    class="jasmine-passed"
	    id="spec_spec589"
	    title="NavigationService Navigation Methods should navigate home"
	  />
	  Name "NavigationService Service Initialization should be created":
	  <li
	    class="jasmine-passed"
	    id="spec_spec585"
	    title="NavigationService Service Initialization should be created"
	  />
	  Name "NavigationService Service Initialization should initialize with default navigation state":
	  <li
	    class="jasmine-failed"
	    id="spec_spec586"
	    title="NavigationService Service Initialization should initialize with default navigation state"
	  />
	  Name "NavigationService Breadcrumbs Management should set breadcrumbs dynamically":
	  <li
	    class="jasmine-passed"
	    id="spec_spec599"
	    title="NavigationService Breadcrumbs Management should set breadcrumbs dynamically"
	  />
	  Name "NavigationService Breadcrumbs Management should get current breadcrumbs":
	  <li
	    class="jasmine-passed"
	    id="spec_spec598"
	    title="NavigationService Breadcrumbs Management should get current breadcrumbs"
	  />
	  Name "NavigationService Back Button Visibility should hide back button for dashboard":
	  <li
	    class="jasmine-passed"
	    id="spec_spec601"
	    title="NavigationService Back Button Visibility should hide back button for dashboard"
	  />
	  Name "NavigationService Back Button Visibility should set back button visibility dynamically":
	  <li
	    class="jasmine-passed"
	    id="spec_spec602"
	    title="NavigationService Back Button Visibility should set back button visibility dynamically"
	  />
	  Name "NavigationService Back Button Visibility should show back button for configured routes":
	  <li
	    class="jasmine-passed"
	    id="spec_spec600"
	    title="NavigationService Back Button Visibility should show back button for configured routes"
	  />
	  Name "NavigationService Navigation State Updates should handle unknown routes with default config":
	  <li
	    class="jasmine-passed"
	    id="spec_spec594"
	    title="NavigationService Navigation State Updates should handle unknown routes with default config"
	  />
	  Name "NavigationService Navigation State Updates should maintain route history with max length":
	  <li
	    class="jasmine-passed"
	    id="spec_spec595"
	    title="NavigationService Navigation State Updates should maintain route history with max length"
	  />
	  Name "NavigationService Navigation State Updates should update navigation state when route changes":
	  <li
	    class="jasmine-passed"
	    id="spec_spec593"
	    title="NavigationService Navigation State Updates should update navigation state when route changes"
	  />
	  Name "NavigationService Navigation History Management should get navigation history":
	  <li
	    class="jasmine-passed"
	    id="spec_spec616"
	    title="NavigationService Navigation History Management should get navigation history"
	  />
	  Name "NavigationService Navigation History Management should clear navigation history":
	  <li
	    class="jasmine-passed"
	    id="spec_spec617"
	    title="NavigationService Navigation History Management should clear navigation history"
	  />
	  Name "NavigationService Back Navigation should navigate to dashboard when no history available":
	  <li
	    class="jasmine-passed"
	    id="spec_spec592"
	    title="NavigationService Back Navigation should navigate to dashboard when no history available"
	  />
	  Name "NavigationService Back Navigation should use browser back when no route history and history exists":
	  <li
	    class="jasmine-passed"
	    id="spec_spec591"
	    title="NavigationService Back Navigation should use browser back when no route history and history exists"
	  />
	  Name "NavigationService Back Navigation should navigate back using route history":
	  <li
	    class="jasmine-passed"
	    id="spec_spec590"
	    title="NavigationService Back Navigation should navigate back using route history"
	  />
	  Name "NavigationService Quick Actions should execute quick action with custom function":
	  <li
	    class="jasmine-passed"
	    id="spec_spec609"
	    title="NavigationService Quick Actions should execute quick action with custom function"
	  />
	  Name "NavigationService Quick Actions should get quick actions for clientes":
	  <li
	    class="jasmine-passed"
	    id="spec_spec606"
	    title="NavigationService Quick Actions should get quick actions for clientes"
	  />
	  Name "NavigationService Quick Actions should execute quick action with route":
	  <li
	    class="jasmine-passed"
	    id="spec_spec608"
	    title="NavigationService Quick Actions should execute quick action with route"
	  />
	  Name "NavigationService Quick Actions should get quick actions for simulador":
	  <li
	    class="jasmine-passed"
	    id="spec_spec605"
	    title="NavigationService Quick Actions should get quick actions for simulador"
	  />
	  Name "NavigationService Quick Actions should return empty actions for unknown routes":
	  <li
	    class="jasmine-passed"
	    id="spec_spec607"
	    title="NavigationService Quick Actions should return empty actions for unknown routes"
	  />
	  Name "NavigationService Quick Actions should get quick actions for dashboard":
	  <li
	    class="jasmine-passed"
	    id="spec_spec603"
	    title="NavigationService Quick Actions should get quick actions for dashboard"
	  />
	  Name "NavigationService Quick Actions should get quick actions for cotizador":
	  <li
	    class="jasmine-passed"
	    id="spec_spec604"
	    title="NavigationService Quick Actions should get quick actions for cotizador"
	  />
	  Name "NavigationService Route Configuration should handle nested routes correctly":
	  <li
	    class="jasmine-passed"
	    id="spec_spec618"
	    title="NavigationService Route Configuration should handle nested routes correctly"
	  />
	  Name "NavigationService Route Configuration should handle simulador nested routes":
	  <li
	    class="jasmine-passed"
	    id="spec_spec619"
	    title="NavigationService Route Configuration should handle simulador nested routes"
	  />
	  Name "NavigationService Route Configuration should handle all configured main routes":
	  <li
	    class="jasmine-failed"
	    id="spec_spec620"
	    title="NavigationService Route Configuration should handle all configured main routes"
	  />
	  Name "NavigationService Route Matching should match exact route":
	  <li
	    class="jasmine-passed"
	    id="spec_spec610"
	    title="NavigationService Route Matching should match exact route"
	  />
	  Name "NavigationService Route Matching should not match non-matching wildcard":
	  <li
	    class="jasmine-passed"
	    id="spec_spec613"
	    title="NavigationService Route Matching should not match non-matching wildcard"
	  />
	  Name "NavigationService Route Matching should match wildcard pattern":
	  <li
	    class="jasmine-passed"
	    id="spec_spec612"
	    title="NavigationService Route Matching should match wildcard pattern"
	  />
	  Name "NavigationService Route Matching should not match different route":
	  <li
	    class="jasmine-passed"
	    id="spec_spec611"
	    title="NavigationService Route Matching should not match different route"
	  />
	  Name "NavigationService Route Parameters should get query parameters":
	  <li
	    class="jasmine-failed"
	    id="spec_spec615"
	    title="NavigationService Route Parameters should get query parameters"
	  />
	  Name "NavigationService Route Parameters should get route parameters":
	  <li
	    class="jasmine-failed"
	    id="spec_spec614"
	    title="NavigationService Route Parameters should get route parameters"
	  />
	  Name "PostSalesApiService getPostSalesRecord should return null for non-existent VIN":
	  <li
	    class="jasmine-passed"
	    id="spec_spec670"
	    title="PostSalesApiService getPostSalesRecord should return null for non-existent VIN"
	  />
	  Name "PostSalesApiService getPostSalesRecord should retrieve post-sales record by VIN":
	  <li
	    class="jasmine-failed"
	    id="spec_spec669"
	    title="PostSalesApiService getPostSalesRecord should retrieve post-sales record by VIN"
	  />
	  Name "PostSalesApiService recordClientContact should record client contact successfully":
	  <li
	    class="jasmine-passed"
	    id="spec_spec672"
	    title="PostSalesApiService recordClientContact should record client contact successfully"
	  />
	  Name "PostSalesApiService scheduleMaintenanceService should schedule maintenance service successfully":
	  <li
	    class="jasmine-passed"
	    id="spec_spec671"
	    title="PostSalesApiService scheduleMaintenanceService should schedule maintenance service successfully"
	  />
	  Name "PostSalesApiService sendVehicleDeliveredEvent should handle error when sending vehicle delivered event":
	  <li
	    class="jasmine-passed"
	    id="spec_spec668"
	    title="PostSalesApiService sendVehicleDeliveredEvent should handle error when sending vehicle delivered event"
	  />
	  Name "PostSalesApiService sendVehicleDeliveredEvent should send vehicle delivered event successfully":
	  <li
	    class="jasmine-passed"
	    id="spec_spec667"
	    title="PostSalesApiService sendVehicleDeliveredEvent should send vehicle delivered event successfully"
	  />
	  Name "PostSalesApiService should be created":
	  <li
	    class="jasmine-passed"
	    id="spec_spec666"
	    title="PostSalesApiService should be created"
	  />
	  Name "SimuladorEngineService AGS Liquidation Scenario should generate basic liquidation scenario":
	  <li
	    class="jasmine-passed"
	    id="spec_spec721"
	    title="SimuladorEngineService AGS Liquidation Scenario should generate basic liquidation scenario"
	  />
	  Name "SimuladorEngineService AGS Liquidation Scenario should calculate projected balance correctly":
	  <li
	    class="jasmine-passed"
	    id="spec_spec722"
	    title="SimuladorEngineService AGS Liquidation Scenario should calculate projected balance correctly"
	  />
	  Name "SimuladorEngineService AGS Liquidation Scenario should generate timeline events correctly":
	  <li
	    class="jasmine-passed"
	    id="spec_spec723"
	    title="SimuladorEngineService AGS Liquidation Scenario should generate timeline events correctly"
	  />
	  Name "SimuladorEngineService AGS Liquidation Scenario should handle single plate scenario":
	  <li
	    class="jasmine-passed"
	    id="spec_spec725"
	    title="SimuladorEngineService AGS Liquidation Scenario should handle single plate scenario"
	  />
	  Name "SimuladorEngineService AGS Liquidation Scenario should handle zero consumption scenario":
	  <li
	    class="jasmine-passed"
	    id="spec_spec724"
	    title="SimuladorEngineService AGS Liquidation Scenario should handle zero consumption scenario"
	  />
	  Name "SimuladorEngineService Service Initialization should be created":
	  <li
	    class="jasmine-passed"
	    id="spec_spec720"
	    title="SimuladorEngineService Service Initialization should be created"
	  />
	  Name "SimuladorEngineService Edge Cases and Error Handling should handle zero member count in collective scenario":
	  <li
	    class="jasmine-passed"
	    id="spec_spec750"
	    title="SimuladorEngineService Edge Cases and Error Handling should handle zero member count in collective scenario"
	  />
	  Name "SimuladorEngineService Edge Cases and Error Handling should handle very large target amounts":
	  <li
	    class="jasmine-passed"
	    id="spec_spec749"
	    title="SimuladorEngineService Edge Cases and Error Handling should handle very large target amounts"
	  />
	  Name "SimuladorEngineService Edge Cases and Error Handling should handle zero target amount in AGS scenario":
	  <li
	    class="jasmine-passed"
	    id="spec_spec747"
	    title="SimuladorEngineService Edge Cases and Error Handling should handle zero target amount in AGS scenario"
	  />
	  Name "SimuladorEngineService Edge Cases and Error Handling should handle zero consumption in individual scenario":
	  <li
	    class="jasmine-passed"
	    id="spec_spec748"
	    title="SimuladorEngineService Edge Cases and Error Handling should handle zero consumption in individual scenario"
	  />
	  Name "SimuladorEngineService Comparison Scenarios should generate comparison scenarios with parameter variations":
	  <li
	    class="jasmine-passed"
	    id="spec_spec740"
	    title="SimuladorEngineService Comparison Scenarios should generate comparison scenarios with parameter variations"
	  />
	  Name "SimuladorEngineService Comparison Scenarios should preserve other parameters when varying specific ones":
	  <li
	    class="jasmine-passed"
	    id="spec_spec741"
	    title="SimuladorEngineService Comparison Scenarios should preserve other parameters when varying specific ones"
	  />
	  Name "SimuladorEngineService Comparison Scenarios should handle empty variations array":
	  <li
	    class="jasmine-passed"
	    id="spec_spec742"
	    title="SimuladorEngineService Comparison Scenarios should handle empty variations array"
	  />
	  Name "SimuladorEngineService Senior-First Formatting should format key numbers correctly":
	  <li
	    class="jasmine-passed"
	    id="spec_spec744"
	    title="SimuladorEngineService Senior-First Formatting should format key numbers correctly"
	  />
	  Name "SimuladorEngineService Senior-First Formatting should format scenario summary for seniors":
	  <li
	    class="jasmine-passed"
	    id="spec_spec743"
	    title="SimuladorEngineService Senior-First Formatting should format scenario summary for seniors"
	  />
	  Name "SimuladorEngineService Senior-First Formatting should format timeline with limited events":
	  <li
	    class="jasmine-passed"
	    id="spec_spec745"
	    title="SimuladorEngineService Senior-First Formatting should format timeline with limited events"
	  />
	  Name "SimuladorEngineService Senior-First Formatting should limit timeline to first 5 events":
	  <li
	    class="jasmine-passed"
	    id="spec_spec746"
	    title="SimuladorEngineService Senior-First Formatting should limit timeline to first 5 events"
	  />
	  Name "SimuladorEngineService EdoMex Individual Scenario should generate individual savings scenario":
	  <li
	    class="jasmine-passed"
	    id="spec_spec726"
	    title="SimuladorEngineService EdoMex Individual Scenario should generate individual savings scenario"
	  />
	  Name "SimuladorEngineService EdoMex Individual Scenario should generate progressive balance projection":
	  <li
	    class="jasmine-passed"
	    id="spec_spec728"
	    title="SimuladorEngineService EdoMex Individual Scenario should generate progressive balance projection"
	  />
	  Name "SimuladorEngineService EdoMex Individual Scenario should handle zero voluntary contribution":
	  <li
	    class="jasmine-passed"
	    id="spec_spec729"
	    title="SimuladorEngineService EdoMex Individual Scenario should handle zero voluntary contribution"
	  />
	  Name "SimuladorEngineService EdoMex Individual Scenario should calculate months to target correctly":
	  <li
	    class="jasmine-passed"
	    id="spec_spec727"
	    title="SimuladorEngineService EdoMex Individual Scenario should calculate months to target correctly"
	  />
	  Name "SimuladorEngineService EdoMex Individual Scenario should create timeline with milestone":
	  <li
	    class="jasmine-passed"
	    id="spec_spec730"
	    title="SimuladorEngineService EdoMex Individual Scenario should create timeline with milestone"
	  />
	  Name "SimuladorEngineService Scenario Optimization should handle unknown scenario type":
	  <li
	    class="jasmine-passed"
	    id="spec_spec739"
	    title="SimuladorEngineService Scenario Optimization should handle unknown scenario type"
	  />
	  Name "SimuladorEngineService Scenario Optimization should optimize EdoMex individual scenario":
	  <li
	    class="jasmine-passed"
	    id="spec_spec737"
	    title="SimuladorEngineService Scenario Optimization should optimize EdoMex individual scenario"
	  />
	  Name "SimuladorEngineService Scenario Optimization should optimize AGS liquidation scenario":
	  <li
	    class="jasmine-passed"
	    id="spec_spec736"
	    title="SimuladorEngineService Scenario Optimization should optimize AGS liquidation scenario"
	  />
	  Name "SimuladorEngineService Scenario Optimization should optimize EdoMex collective scenario":
	  <li
	    class="jasmine-passed"
	    id="spec_spec738"
	    title="SimuladorEngineService Scenario Optimization should optimize EdoMex collective scenario"
	  />
	  Name "SimuladorEngineService EdoMex Collective Scenario should handle missing first award timing":
	  <li
	    class="jasmine-passed"
	    id="spec_spec735"
	    title="SimuladorEngineService EdoMex Collective Scenario should handle missing first award timing"
	  />
	  Name "SimuladorEngineService EdoMex Collective Scenario should use first award timing from tanda simulation":
	  <li
	    class="jasmine-passed"
	    id="spec_spec734"
	    title="SimuladorEngineService EdoMex Collective Scenario should use first award timing from tanda simulation"
	  />
	  Name "SimuladorEngineService EdoMex Collective Scenario should calculate total savings target based on member count":
	  <li
	    class="jasmine-passed"
	    id="spec_spec733"
	    title="SimuladorEngineService EdoMex Collective Scenario should calculate total savings target based on member count"
	  />
	  Name "SimuladorEngineService EdoMex Collective Scenario should generate collective scenario with tanda integration":
	  <li
	    class="jasmine-passed"
	    id="spec_spec731"
	    title="SimuladorEngineService EdoMex Collective Scenario should generate collective scenario with tanda integration"
	  />
	  Name "SimuladorEngineService EdoMex Collective Scenario should calculate individual contributions correctly":
	  <li
	    class="jasmine-passed"
	    id="spec_spec732"
	    title="SimuladorEngineService EdoMex Collective Scenario should calculate individual contributions correctly"
	  />
	  Name "DataService Search Functionality should return empty results for non-matching search":
	  <li
	    class="jasmine-passed"
	    id="spec_spec351"
	    title="DataService Search Functionality should return empty results for non-matching search"
	  />
	  Name "DataService Search Functionality should perform global search":
	  <li
	    class="jasmine-passed"
	    id="spec_spec350"
	    title="DataService Search Functionality should perform global search"
	  />
	  Name "DataService Dashboard Statistics should get dashboard stats":
	  <li
	    class="jasmine-passed"
	    id="spec_spec352"
	    title="DataService Dashboard Statistics should get dashboard stats"
	  />
	  Name "DataService Data Refresh should refresh data":
	  <li
	    class="jasmine-passed"
	    id="spec_spec359"
	    title="DataService Data Refresh should refresh data"
	  />
	  Name "DataService Data Export should export scenarios":
	  <li
	    class="jasmine-failed"
	    id="spec_spec356"
	    title="DataService Data Export should export scenarios"
	  />
	  Name "DataService Data Export should export all data":
	  <li
	    class="jasmine-passed"
	    id="spec_spec355"
	    title="DataService Data Export should export all data"
	  />
	  Name "DataService Data Export should export clients as CSV":
	  <li
	    class="jasmine-passed"
	    id="spec_spec354"
	    title="DataService Data Export should export clients as CSV"
	  />
	  Name "DataService Data Export should export clients as JSON":
	  <li
	    class="jasmine-passed"
	    id="spec_spec353"
	    title="DataService Data Export should export clients as JSON"
	  />
	  Name "DataService Client Management should delete client":
	  <li
	    class="jasmine-failed"
	    id="spec_spec341"
	    title="DataService Client Management should delete client"
	  />
	  Name "DataService Client Management should handle delete of non-existent client":
	  <li
	    class="jasmine-passed"
	    id="spec_spec342"
	    title="DataService Client Management should handle delete of non-existent client"
	  />
	  Name "DataService Client Management should handle update of non-existent client":
	  <li
	    class="jasmine-passed"
	    id="spec_spec340"
	    title="DataService Client Management should handle update of non-existent client"
	  />
	  Name "DataService Client Management should return null for non-existent client ID":
	  <li
	    class="jasmine-passed"
	    id="spec_spec338"
	    title="DataService Client Management should return null for non-existent client ID"
	  />
	  Name "DataService Client Management should create a new client":
	  <li
	    class="jasmine-passed"
	    id="spec_spec336"
	    title="DataService Client Management should create a new client"
	  />
	  Name "DataService Client Management should update existing client":
	  <li
	    class="jasmine-failed"
	    id="spec_spec339"
	    title="DataService Client Management should update existing client"
	  />
	  Name "DataService Client Management should get client by ID":
	  <li
	    class="jasmine-passed"
	    id="spec_spec337"
	    title="DataService Client Management should get client by ID"
	  />
	  Name "DataService Private Helper Methods should apply sorting correctly":
	  <li
	    class="jasmine-passed"
	    id="spec_spec361"
	    title="DataService Private Helper Methods should apply sorting correctly"
	  />
	  Name "DataService Private Helper Methods should convert data to CSV":
	  <li
	    class="jasmine-passed"
	    id="spec_spec362"
	    title="DataService Private Helper Methods should convert data to CSV"
	  />
	  Name "DataService Private Helper Methods should handle empty array in CSV conversion":
	  <li
	    class="jasmine-passed"
	    id="spec_spec363"
	    title="DataService Private Helper Methods should handle empty array in CSV conversion"
	  />
	  Name "DataService Private Helper Methods should apply filters correctly":
	  <li
	    class="jasmine-failed"
	    id="spec_spec360"
	    title="DataService Private Helper Methods should apply filters correctly"
	  />
	  Name "DataService Private Helper Methods should handle CSV values with commas":
	  <li
	    class="jasmine-passed"
	    id="spec_spec364"
	    title="DataService Private Helper Methods should handle CSV values with commas"
	  />
	  Name "DataService Service Initialization should be created":
	  <li
	    class="jasmine-passed"
	    id="spec_spec334"
	    title="DataService Service Initialization should be created"
	  />
	  Name "DataService Service Initialization should initialize with demo data":
	  <li
	    class="jasmine-passed"
	    id="spec_spec335"
	    title="DataService Service Initialization should initialize with demo data"
	  />
	  Name "DataService Scenario Management should save new scenario":
	  <li
	    class="jasmine-passed"
	    id="spec_spec347"
	    title="DataService Scenario Management should save new scenario"
	  />
	  Name "DataService Scenario Management should get scenarios by client":
	  <li
	    class="jasmine-passed"
	    id="spec_spec349"
	    title="DataService Scenario Management should get scenarios by client"
	  />
	  Name "DataService Scenario Management should update existing scenario":
	  <li
	    class="jasmine-passed"
	    id="spec_spec348"
	    title="DataService Scenario Management should update existing scenario"
	  />
	  Name "DataService Client Pagination and Filtering should handle empty pagination results":
	  <li
	    class="jasmine-passed"
	    id="spec_spec344"
	    title="DataService Client Pagination and Filtering should handle empty pagination results"
	  />
	  Name "DataService Client Pagination and Filtering should get paginated clients":
	  <li
	    class="jasmine-passed"
	    id="spec_spec343"
	    title="DataService Client Pagination and Filtering should get paginated clients"
	  />
	  Name "DataService Client Pagination and Filtering should sort clients by name":
	  <li
	    class="jasmine-passed"
	    id="spec_spec346"
	    title="DataService Client Pagination and Filtering should sort clients by name"
	  />
	  Name "DataService Client Pagination and Filtering should filter clients by status":
	  <li
	    class="jasmine-passed"
	    id="spec_spec345"
	    title="DataService Client Pagination and Filtering should filter clients by status"
	  />
	  Name "DataService Error Handling should handle errors in client creation":
	  <li
	    class="jasmine-passed"
	    id="spec_spec357"
	    title="DataService Error Handling should handle errors in client creation"
	  />
	  Name "DataService Error Handling should clear errors":
	  <li
	    class="jasmine-passed"
	    id="spec_spec358"
	    title="DataService Error Handling should clear errors"
	  />
	  Name "StorageService Utility Methods should get storage statistics":
	  <li
	    class="jasmine-failed"
	    id="spec_spec773"
	    title="StorageService Utility Methods should get storage statistics"
	  />
	  Name "StorageService Utility Methods should clear cache":
	  <li
	    class="jasmine-failed"
	    id="spec_spec772"
	    title="StorageService Utility Methods should clear cache"
	  />
	  Name "StorageService Client Data Management should handle client data errors":
	  <li
	    class="jasmine-failed"
	    id="spec_spec761"
	    title="StorageService Client Data Management should handle client data errors"
	  />
	  Name "StorageService Client Data Management should return null for non-existent client":
	  <li
	    class="jasmine-failed"
	    id="spec_spec759"
	    title="StorageService Client Data Management should return null for non-existent client"
	  />
	  Name "StorageService Client Data Management should get clients by ecosystem":
	  <li
	    class="jasmine-failed"
	    id="spec_spec760"
	    title="StorageService Client Data Management should get clients by ecosystem"
	  />
	  Name "StorageService Client Data Management should save client data successfully":
	  <li
	    class="jasmine-failed"
	    id="spec_spec757"
	    title="StorageService Client Data Management should save client data successfully"
	  />
	  Name "StorageService Client Data Management should get client data by ID":
	  <li
	    class="jasmine-failed"
	    id="spec_spec758"
	    title="StorageService Client Data Management should get client data by ID"
	  />
	  Name "StorageService Error Handling should handle transaction errors":
	  <li
	    class="jasmine-failed"
	    id="spec_spec775"
	    title="StorageService Error Handling should handle transaction errors"
	  />
	  Name "StorageService Error Handling should throw error when database not initialized":
	  <li
	    class="jasmine-failed"
	    id="spec_spec774"
	    title="StorageService Error Handling should throw error when database not initialized"
	  />
	  Name "StorageService Network Status Management should update online status when going offline":
	  <li
	    class="jasmine-failed"
	    id="spec_spec777"
	    title="StorageService Network Status Management should update online status when going offline"
	  />
	  Name "StorageService Network Status Management should update online status when going online":
	  <li
	    class="jasmine-failed"
	    id="spec_spec776"
	    title="StorageService Network Status Management should update online status when going online"
	  />
	  Name "StorageService Quote Data Management should save quote data":
	  <li
	    class="jasmine-failed"
	    id="spec_spec762"
	    title="StorageService Quote Data Management should save quote data"
	  />
	  Name "StorageService Quote Data Management should get quote by ID":
	  <li
	    class="jasmine-failed"
	    id="spec_spec763"
	    title="StorageService Quote Data Management should get quote by ID"
	  />
	  Name "StorageService Quote Data Management should get quotes by client ID":
	  <li
	    class="jasmine-failed"
	    id="spec_spec764"
	    title="StorageService Quote Data Management should get quotes by client ID"
	  />
	  Name "StorageService Service Initialization should initialize IndexedDB on construction":
	  <li
	    class="jasmine-failed"
	    id="spec_spec752"
	    title="StorageService Service Initialization should initialize IndexedDB on construction"
	  />
	  Name "StorageService Service Initialization should setup online/offline event listeners":
	  <li
	    class="jasmine-failed"
	    id="spec_spec753"
	    title="StorageService Service Initialization should setup online/offline event listeners"
	  />
	  Name "StorageService Service Initialization should provide online status observable":
	  <li
	    class="jasmine-failed"
	    id="spec_spec754"
	    title="StorageService Service Initialization should provide online status observable"
	  />
	  Name "StorageService Service Initialization should be created":
	  <li
	    class="jasmine-failed"
	    id="spec_spec751"
	    title="StorageService Service Initialization should be created"
	  />
	  Name "StorageService Form Cache Management should return null for expired form cache":
	  <li
	    class="jasmine-failed"
	    id="spec_spec767"
	    title="StorageService Form Cache Management should return null for expired form cache"
	  />
	  Name "StorageService Form Cache Management should delete cached form data":
	  <li
	    class="jasmine-failed"
	    id="spec_spec768"
	    title="StorageService Form Cache Management should delete cached form data"
	  />
	  Name "StorageService Form Cache Management should cache form data with TTL":
	  <li
	    class="jasmine-failed"
	    id="spec_spec765"
	    title="StorageService Form Cache Management should cache form data with TTL"
	  />
	  Name "StorageService Form Cache Management should retrieve cached form data":
	  <li
	    class="jasmine-failed"
	    id="spec_spec766"
	    title="StorageService Form Cache Management should retrieve cached form data"
	  />
	  Name "StorageService Offline Actions Queue should remove completed action":
	  <li
	    class="jasmine-failed"
	    id="spec_spec771"
	    title="StorageService Offline Actions Queue should remove completed action"
	  />
	  Name "StorageService Offline Actions Queue should queue offline action":
	  <li
	    class="jasmine-failed"
	    id="spec_spec769"
	    title="StorageService Offline Actions Queue should queue offline action"
	  />
	  Name "StorageService Offline Actions Queue should get pending actions":
	  <li
	    class="jasmine-failed"
	    id="spec_spec770"
	    title="StorageService Offline Actions Queue should get pending actions"
	  />
	  Name "StorageService Database Schema Creation should create all required object stores on upgrade":
	  <li
	    class="jasmine-failed"
	    id="spec_spec755"
	    title="StorageService Database Schema Creation should create all required object stores on upgrade"
	  />
	  Name "StorageService Database Schema Creation should handle database initialization errors":
	  <li
	    class="jasmine-failed"
	    id="spec_spec756"
	    title="StorageService Database Schema Creation should handle database initialization errors"
	  />
	  Name "DashboardComponent should navigate to client details":
	  <li
	    class="jasmine-passed"
	    id="spec_spec973"
	    title="DashboardComponent should navigate to client details"
	  />
	  Name "DashboardComponent should get next best action data":
	  <li
	    class="jasmine-passed"
	    id="spec_spec979"
	    title="DashboardComponent should get next best action data"
	  />
	  Name "DashboardComponent should toggle view mode":
	  <li
	    class="jasmine-passed"
	    id="spec_spec975"
	    title="DashboardComponent should toggle view mode"
	  />
	  Name "DashboardComponent should clean up subscriptions on destroy":
	  <li
	    class="jasmine-passed"
	    id="spec_spec981"
	    title="DashboardComponent should clean up subscriptions on destroy"
	  />
	  Name "DashboardComponent should filter actionable clients by priority":
	  <li
	    class="jasmine-passed"
	    id="spec_spec980"
	    title="DashboardComponent should filter actionable clients by priority"
	  />
	  Name "DashboardComponent should change market selection":
	  <li
	    class="jasmine-passed"
	    id="spec_spec972"
	    title="DashboardComponent should change market selection"
	  />
	  Name "DashboardComponent should format currency correctly":
	  <li
	    class="jasmine-passed"
	    id="spec_spec978"
	    title="DashboardComponent should format currency correctly"
	  />
	  Name "DashboardComponent should load dashboard data on init":
	  <li
	    class="jasmine-passed"
	    id="spec_spec969"
	    title="DashboardComponent should load dashboard data on init"
	  />
	  Name "DashboardComponent should create":
	  <li
	    class="jasmine-passed"
	    id="spec_spec968"
	    title="DashboardComponent should create"
	  />
	  Name "DashboardComponent should handle error in dashboard data loading":
	  <li
	    class="jasmine-passed"
	    id="spec_spec976"
	    title="DashboardComponent should handle error in dashboard data loading"
	  />
	  Name "DashboardComponent should calculate completion percentage correctly":
	  <li
	    class="jasmine-passed"
	    id="spec_spec977"
	    title="DashboardComponent should calculate completion percentage correctly"
	  />
	  Name "DashboardComponent should display dashboard stats correctly":
	  <li
	    class="jasmine-passed"
	    id="spec_spec970"
	    title="DashboardComponent should display dashboard stats correctly"
	  />
	  Name "DashboardComponent should navigate to opportunities pipeline":
	  <li
	    class="jasmine-passed"
	    id="spec_spec974"
	    title="DashboardComponent should navigate to opportunities pipeline"
	  />
	  Name "DashboardComponent should handle activity feed data":
	  <li
	    class="jasmine-passed"
	    id="spec_spec971"
	    title="DashboardComponent should handle activity feed data"
	  />
	  Name "ApiService Cache Management should update cache when updating client":
	  <li
	    class="jasmine-passed"
	    id="spec_spec47"
	    title="ApiService Cache Management should update cache when updating client"
	  />
	  Name "ApiService Cache Management should update cache when deleting client":
	  <li
	    class="jasmine-passed"
	    id="spec_spec48"
	    title="ApiService Cache Management should update cache when deleting client"
	  />
	  Name "ApiService Cache Management should update cache when getting clients":
	  <li
	    class="jasmine-passed"
	    id="spec_spec45"
	    title="ApiService Cache Management should update cache when getting clients"
	  />
	  Name "ApiService Cache Management should update cache when creating client":
	  <li
	    class="jasmine-passed"
	    id="spec_spec46"
	    title="ApiService Cache Management should update cache when creating client"
	  />
	  Name "ApiService Document Operations should get client documents from real API":
	  <li
	    class="jasmine-passed"
	    id="spec_spec34"
	    title="ApiService Document Operations should get client documents from real API"
	  />
	  Name "ApiService Document Operations should upload document with mock data":
	  <li
	    class="jasmine-failed"
	    id="spec_spec31"
	    title="ApiService Document Operations should upload document with mock data"
	  />
	  Name "ApiService Document Operations should upload document via real API":
	  <li
	    class="jasmine-passed"
	    id="spec_spec32"
	    title="ApiService Document Operations should upload document via real API"
	  />
	  Name "ApiService Document Operations should get client documents with mock data":
	  <li
	    class="jasmine-passed"
	    id="spec_spec33"
	    title="ApiService Document Operations should get client documents with mock data"
	  />
	  Name "ApiService Quote Operations should create quote with mock data":
	  <li
	    class="jasmine-passed"
	    id="spec_spec27"
	    title="ApiService Quote Operations should create quote with mock data"
	  />
	  Name "ApiService Quote Operations should get client quotes from real API":
	  <li
	    class="jasmine-passed"
	    id="spec_spec30"
	    title="ApiService Quote Operations should get client quotes from real API"
	  />
	  Name "ApiService Quote Operations should create quote via real API":
	  <li
	    class="jasmine-passed"
	    id="spec_spec28"
	    title="ApiService Quote Operations should create quote via real API"
	  />
	  Name "ApiService Quote Operations should get client quotes with mock data":
	  <li
	    class="jasmine-passed"
	    id="spec_spec29"
	    title="ApiService Quote Operations should get client quotes with mock data"
	  />
	  Name "ApiService Client Operations - Real API Mode should get clients from real API":
	  <li
	    class="jasmine-passed"
	    id="spec_spec22"
	    title="ApiService Client Operations - Real API Mode should get clients from real API"
	  />
	  Name "ApiService Client Operations - Real API Mode should get client by ID from real API":
	  <li
	    class="jasmine-passed"
	    id="spec_spec23"
	    title="ApiService Client Operations - Real API Mode should get client by ID from real API"
	  />
	  Name "ApiService Client Operations - Real API Mode should create client via real API":
	  <li
	    class="jasmine-passed"
	    id="spec_spec24"
	    title="ApiService Client Operations - Real API Mode should create client via real API"
	  />
	  Name "ApiService Client Operations - Real API Mode should update client via real API":
	  <li
	    class="jasmine-passed"
	    id="spec_spec25"
	    title="ApiService Client Operations - Real API Mode should update client via real API"
	  />
	  Name "ApiService Client Operations - Real API Mode should delete client via real API":
	  <li
	    class="jasmine-passed"
	    id="spec_spec26"
	    title="ApiService Client Operations - Real API Mode should delete client via real API"
	  />
	  Name "ApiService Client Operations - Mock Mode should get client by ID with mock data":
	  <li
	    class="jasmine-passed"
	    id="spec_spec17"
	    title="ApiService Client Operations - Mock Mode should get client by ID with mock data"
	  />
	  Name "ApiService Client Operations - Mock Mode should filter clients by search term":
	  <li
	    class="jasmine-passed"
	    id="spec_spec16"
	    title="ApiService Client Operations - Mock Mode should filter clients by search term"
	  />
	  Name "ApiService Client Operations - Mock Mode should update client with mock data":
	  <li
	    class="jasmine-passed"
	    id="spec_spec20"
	    title="ApiService Client Operations - Mock Mode should update client with mock data"
	  />
	  Name "ApiService Client Operations - Mock Mode should filter clients by market":
	  <li
	    class="jasmine-passed"
	    id="spec_spec15"
	    title="ApiService Client Operations - Mock Mode should filter clients by market"
	  />
	  Name "ApiService Client Operations - Mock Mode should delete client with mock data":
	  <li
	    class="jasmine-passed"
	    id="spec_spec21"
	    title="ApiService Client Operations - Mock Mode should delete client with mock data"
	  />
	  Name "ApiService Client Operations - Mock Mode should get clients with mock data":
	  <li
	    class="jasmine-passed"
	    id="spec_spec14"
	    title="ApiService Client Operations - Mock Mode should get clients with mock data"
	  />
	  Name "ApiService Client Operations - Mock Mode should create client with mock data":
	  <li
	    class="jasmine-passed"
	    id="spec_spec19"
	    title="ApiService Client Operations - Mock Mode should create client with mock data"
	  />
	  Name "ApiService Client Operations - Mock Mode should return null for non-existent client ID":
	  <li
	    class="jasmine-passed"
	    id="spec_spec18"
	    title="ApiService Client Operations - Mock Mode should return null for non-existent client ID"
	  />
	  Name "ApiService Error Handling should return null for missing client data":
	  <li
	    class="jasmine-passed"
	    id="spec_spec43"
	    title="ApiService Error Handling should return null for missing client data"
	  />
	  Name "ApiService Error Handling should handle API errors when creating client":
	  <li
	    class="jasmine-passed"
	    id="spec_spec42"
	    title="ApiService Error Handling should handle API errors when creating client"
	  />
	  Name "ApiService Error Handling should return empty array for missing clients data":
	  <li
	    class="jasmine-passed"
	    id="spec_spec44"
	    title="ApiService Error Handling should return empty array for missing clients data"
	  />
	  Name "ApiService Error Handling should handle API errors when getting clients":
	  <li
	    class="jasmine-passed"
	    id="spec_spec41"
	    title="ApiService Error Handling should handle API errors when getting clients"
	  />
	  Name "ApiService Service Initialization should initialize clients cache as empty array":
	  <li
	    class="jasmine-passed"
	    id="spec_spec13"
	    title="ApiService Service Initialization should initialize clients cache as empty array"
	  />
	  Name "ApiService Service Initialization should be created":
	  <li
	    class="jasmine-passed"
	    id="spec_spec12"
	    title="ApiService Service Initialization should be created"
	  />
	  Name "ApiService Utility Methods should generate default documents for CreditoColectivo flow":
	  <li
	    class="jasmine-passed"
	    id="spec_spec40"
	    title="ApiService Utility Methods should generate default documents for CreditoColectivo flow"
	  />
	  Name "ApiService Utility Methods should clear cache":
	  <li
	    class="jasmine-passed"
	    id="spec_spec38"
	    title="ApiService Utility Methods should clear cache"
	  />
	  Name "ApiService Utility Methods should check API health":
	  <li
	    class="jasmine-passed"
	    id="spec_spec37"
	    title="ApiService Utility Methods should check API health"
	  />
	  Name "ApiService Utility Methods should generate default documents for VentaPlazo flow":
	  <li
	    class="jasmine-passed"
	    id="spec_spec39"
	    title="ApiService Utility Methods should generate default documents for VentaPlazo flow"
	  />
	  Name "ApiService Event Operations should add client event with mock data":
	  <li
	    class="jasmine-passed"
	    id="spec_spec35"
	    title="ApiService Event Operations should add client event with mock data"
	  />
	  Name "ApiService Event Operations should add client event via real API":
	  <li
	    class="jasmine-passed"
	    id="spec_spec36"
	    title="ApiService Event Operations should add client event via real API"
	  />
	  Name "ClienteFormComponent Integration Tests should render form with all required fields":
	  <li
	    class="jasmine-failed"
	    id="spec_spec933"
	    title="ClienteFormComponent Integration Tests should render form with all required fields"
	  />
	  Name "ClienteFormComponent Integration Tests should handle form input correctly":
	  <li
	    class="jasmine-passed"
	    id="spec_spec935"
	    title="ClienteFormComponent Integration Tests should handle form input correctly"
	  />
	  Name "ClienteFormComponent Integration Tests should handle back button click":
	  <li
	    class="jasmine-passed"
	    id="spec_spec937"
	    title="ClienteFormComponent Integration Tests should handle back button click"
	  />
	  --------------------------------------------------banner:
	  Name "":
	  <header
	    _ngcontent-a-c3637498237=""
	    class="form-header"
	  />
	  --------------------------------------------------
	  button:
	  Name "← Volver":
	  <button
	    _ngcontent-a-c3637498237=""
	    class="back-button"
	  />
	  Name "Cancelar":
	  <button
	    _ngcontent-a-c3637498237=""
	    class="btn-secondary"
	    type="button"
	  />
	  Name "Crear Cliente":
	  <button
	    _ngcontent-a-c3637498237=""
	    class="btn-primary"
	    disabled=""
	    type="submit"
	  />
	  --------------------------------------------------
	  heading:
	  Name "➕ Nuevo Cliente":
	  <h1
	    _ngcontent-a-c3637498237=""
	    class="page-title"
	  />
	  Name "👤 Información Personal":
	  <h2
	    _ngcontent-a-c3637498237=""
	    class="section-title"
	  />
	  Name "🚐 Información de Negocio":
	  <h2
	    _ngcontent-a-c3637498237=""
	    class="section-title"
	  />
	  --------------------------------------------------
	  textbox:
	  Name "Nombre Completo *":
	  <input
	    _ngcontent-a-c3637498237=""
	    class="form-input ng-untouched ng-pristine ng-invalid"
	    formcontrolname="name"
	    id="name"
	    ng-reflect-name="name"
	    placeholder="Ej. Juan Pérez García"
	    type="text"
	  />
	  Name "Correo Electrónico *":
	  <input
	    _ngcontent-a-c3637498237=""
	    class="form-input ng-untouched ng-pristine ng-invalid"
	    formcontrolname="email"
	    id="email"
	    ng-reflect-name="email"
	    placeholder="juan@ejemplo.com"
	    type="email"
	  />
	  Name "Teléfono *":
	  <input
	    _ngcontent-a-c3637498237=""
	    class="form-input ng-untouched ng-pristine ng-invalid"
	    formcontrolname="phone"
	    id="phone"
	    ng-reflect-name="phone"
	    placeholder="5555555555"
	    type="tel"
	  />
	  Name "RFC":
	  <input
	    _ngcontent-a-c3637498237=""
	    class="form-input ng-untouched ng-pristine ng-valid"
	    formcontrolname="rfc"
	    id="rfc"
	    ng-reflect-name="rfc"
	    placeholder="XAXX010101000"
	    type="text"
	  />
	  Name "Notas Adicionales":
	  <textarea
	    _ngcontent-a-c3637498237=""
	    class="form-textarea ng-untouched ng-pristine ng-valid"
	    formcontrolname="notes"
	    id="notes"
	    ng-reflect-name="notes"
	    placeholder="Información adicional sobre el cliente..."
	    rows="3"
	  />
	  --------------------------------------------------
	  combobox:
	  Name "Mercado *":
	  <select
	    _ngcontent-a-c3637498237=""
	    class="form-select ng-untouched ng-pristine ng-invalid"
	    formcontrolname="market"
	    id="market"
	    ng-reflect-name="market"
	  />
	  Name "Tipo de Producto *":
	  <select
	    _ngcontent-a-c3637498237=""
	    class="form-select ng-untouched ng-pristine ng-invalid"
	    formcontrolname="flow"
	    id="flow"
	    ng-reflect-name="flow"
	  />
	  --------------------------------------------------
	  option:
	  Name "Seleccionar mercado":
	  <option
	    _ngcontent-a-c3637498237=""
	    ng-reflect-value=""
	    value=""
	  />
	  Name "Aguascalientes":
	  <option
	    _ngcontent-a-c3637498237=""
	    ng-reflect-value="aguascalientes"
	    value="aguascalientes"
	  />
	  Name "Estado de México":
	  <option
	    _ngcontent-a-c3637498237=""
	    ng-reflect-value="edomex"
	    value="edomex"
	  />
	  Name "Seleccionar producto":
	  <option
	    _ngcontent-a-c3637498237=""
	    ng-reflect-value=""
	    value=""
	  />
	  Name "Venta a Plazo":
	  <option
	    _ngcontent-a-c3637498237=""
	    ng-reflect-value="Venta a Plazo"
	    value="Venta a Plazo"
	  />
	  Name "Plan de Ahorro":
	  <option
	    _ngcontent-a-c3637498237=""
	    ng-reflect-value="Plan de Ahorro"
	    value="Plan de Ahorro"
	  />
	  Name "Crédito Colectivo":
	  <option
	    _ngcontent-a-c3637498237=""
	    ng-reflect-value="Crédito Colectivo"
	    value="Crédito Colectivo"
	  />
	  Name "Venta Directa":
	  <option
	    _ngcontent-a-c3637498237=""
	    ng-reflect-value="Venta Directa"
	    value="Venta Directa"
	  />
	  --------------------------------------------------
	Ignored nodes: comments, script, style
	<body>
	  
	    
	  
	    
	  
	    
	  
	    
	  
	    
	  
	    
	  
	    
	  
	  
	  
	  
	  
	  <link
	    crossorigin="anonymous"
	    rel="stylesheet"
	    type="text/css"
	  />
	  
	  
	  
	  <div
	    class="jasmine_html-reporter"
	  >
	    <div
	      class="jasmine-banner"
	    >
	      <a
	        class="jasmine-title"
	        href="http://jasmine.github.io/"
	        target="_blank"
	      />
	      <span
	        class="jasmine-version"
	      >
	        4.6.1
	      </span>
	    </div>
	    <ul
	      class="jasmine-symbol-summary"
	    >
	      <li
	        class="jasmine-passed"
	        id="spec_spec478"
	        title="LoadingService Service Initialization should return false for initial isLoading state"
	      />
	      <li
	        class="jasmine-passed"
	        id="spec_spec477"
	        title="LoadingService Service Initialization should initialize with loading false"
	      />
	      <li
	        class="jasmine-passed"
	        id="spec_spec476"
	        title="LoadingService Service Initialization should be created"
	      />
	      <li
	        class="jasmine-passed"
	        id="spec_spec479"
	        title="LoadingService Basic Loading Control should show loading"
	      />
	      <li
	        class="jasmine-passed"
	        id="spec_spec482"
	        title="LoadingService Basic Loading Control should not hide loading when already hidden"
	      />
	      <li
	        class="jasmine-passed"
	        id="spec_spec481"
	        title="LoadingService Basic Loading Control should not show loading multiple times without identifiers"
	      />
	      <li
	        class="jasmine-passed"
	        id="spec_spec480"
	        title="LoadingService Basic Loading Control should hide loading"
	      />
	      <li
	        class="jasmine-passed"
	        id="spec_spec488"
	        title="LoadingService Identifier-based Loading Control should handle hiding identifier multiple times"
	      />
	      <li
	        class="jasmine-passed"
	        id="spec_spec487"
	        title="LoadingService Identifier-based Loading Control should handle hiding non-existent identifier"
	      />
	      <li
	        class="jasmine-passed"
	        id="spec_spec483"
	        title="LoadingService Identifier-based Loading Control should show loading with identifier"
	      />
	      <li
	        class="jasmine-passed"
	        id="spec_spec486"
	        title="LoadingService Identifier-based Loading Control should not add duplicate identifiers"
	      />
	      <li
	        class="jasmine-passed"
	        id="spec_spec485"
	        title="LoadingService Identifier-based Loading Control should manage multiple identifiers"
	      />
	      <li
	        class="jasmine-passed"
	        id="spec_spec484"
	        title="LoadingService Identifier-based Loading Control should hide loading with identifier"
	      />
	      <li
	        class="jasmine-passed"
	        id="spec_spec503"
	        title="LoadingService Observable Behavior should support multiple subscribers"
	      />
	      <li
	        class="jasmine-passed"
	        id="spec_spec501"
	        title="LoadingService Observable Behavior should emit loading state changes"
	      />
	      <li
	        class="jasmine-passed"
	        id="spec_spec502"
	        title="LoadingService Observable Behavior should not emit duplicate states"
	      />
	      <li
	        class="jasmine-passed"
	        id="spec_spec496"
	        title="LoadingService SetLoading Alias Method should work without identifier"
	      />
	      <li
	        class="jasmine-passed"
	        id="spec_spec495"
	        title="LoadingService SetLoading Alias Method should hide loading when setLoading(false)"
	      />
	      <li
	        class="jasmine-passed"
	        id="spec_spec494"
	        title="LoadingService SetLoading Alias Method should show loading when setLoading(true)"
	      />
	      <li
	        class="jasmine-passed"
	        id="spec_spec498"
	        title="LoadingService Edge Cases and Error Handling should handle mixed identifier and non-identifier operations"
	      />
	      <li
	        class="jasmine-passed"
	        id="spec_spec497"
	        title="LoadingService Edge Cases and Error Handling should handle rapid show/hide calls"
	      />
	      <li
	        class="jasmine-passed"
	        id="spec_spec500"
	        title="LoadingService Edge Cases and Error Handling should maintain state consistency after force hide"
	      />
	      <li
	        class="jasmine-passed"
	        id="spec_spec499"
	        title="LoadingService Edge Cases and Error Handling should handle empty string identifier"
	      />
	      <li
	        class="jasmine-passed"
	        id="spec_spec489"
	        title="LoadingService Force Hide Functionality should force hide loading even with active identifiers"
	      />
	      <li
	        class="jasmine-passed"
	        id="spec_spec490"
	        title="LoadingService Force Hide Functionality should clear all identifiers on force hide"
	      />
	      <li
	        class="jasmine-passed"
	        id="spec_spec492"
	        title="LoadingService Duration-based Loading should show loading for duration with identifier"
	      />
	      <li
	        class="jasmine-passed"
	        id="spec_spec491"
	        title="LoadingService Duration-based Loading should show loading for specific duration"
	      />
	      <li
	        class="jasmine-passed"
	        id="spec_spec493"
	        title="LoadingService Duration-based Loading should handle multiple timed operations"
	      />
	      <li
	        class="jasmine-passed"
	        id="spec_spec53"
	        title="AuthService Login Functionality should fail login with invalid credentials"
	      />
	      <li
	        class="jasmine-passed"
	        id="spec_spec52"
	        title="AuthService Login Functionality should login with valid demo credentials"
	      />
	      <li
	        class="jasmine-passed"
	        id="spec_spec56"
	        title="AuthService Login Functionality should store token in localStorage after successful login"
	      />
	      <li
	        class="jasmine-passed"
	        id="spec_spec55"
	        title="AuthService Login Functionality should set user as authenticated after successful login"
	      />
	      <li
	        class="jasmine-passed"
	        id="spec_spec54"
	        title="AuthService Login Functionality should fail login with non-corporate email"
	      />
	      <li
	        class="jasmine-passed"
	        id="spec_spec51"
	        title="AuthService Basic Service Setup should initialize as not authenticated"
	      />
	      <li
	        class="jasmine-passed"
	        id="spec_spec49"
	        title="AuthService Basic Service Setup should be created"
	      />
	      <li
	        class="jasmine-passed"
	        id="spec_spec50"
	        title="AuthService Basic Service Setup should initialize with no authenticated user"
	      />
	      <li
	        class="jasmine-passed"
	        id="spec_spec75"
	        title="AuthService Logout Functionality should clear user data on logout"
	      />
	      <li
	        class="jasmine-passed"
	   ...
	    at Object.getElementError (node_modules/@testing-library/dom/dist/@testing-library/dom.esm.js:339:19)
	    at allQuery (node_modules/@testing-library/dom/dist/@testing-library/dom.esm.js:1206:25)
	    at query (node_modules/@testing-library/dom/dist/@testing-library/dom.esm.js:1185:17)
	    at getByRole (node_modules/@testing-library/dom/dist/@testing-library/dom.esm.js:1228:19)
	    at UserContext.<anonymous> (src/app/components/pages/clientes/cliente-form.component.spec.ts:387:33)
	    at Generator.next (<anonymous>)
	    at asyncGeneratorStep (node_modules/@angular-devkit/build-angular/node_modules/@babel/runtime/helpers/esm/asyncToGenerator.js:3:1)
	    at apply (node_modules/@angular-devkit/build-angular/node_modules/@babel/runtime/helpers/esm/asyncToGenerator.js:17:1)
	    at _ZoneDelegate.invoke (node_modules/zone.js/fesm2015/zone.js:369:28)
	    at ProxyZoneSpec.onInvoke (node_modules/zone.js/fesm2015/zone-testing.js:2081:39)
Chrome Headless 140.0.0.0 (Mac OS 10.15.7): Executed 784 of 985[31m (133 FAILED)[39m (skipped 2) (0 secs / 1 min 56.346 secs)
[1A[2K[31mChrome Headless 140.0.0.0 (Mac OS 10.15.7) ClienteFormComponent Integration Tests should show validation errors when submitting empty form FAILED[39m
	TestingLibraryElementError: Unable to find an accessible element with the role "button" and name `/guardar/i`
	
	Here are the accessible roles:
	
	  link:
	
	  Name "":
	  <a
	    class="jasmine-title"
	    href="http://jasmine.github.io/"
	    target="_blank"
	  />
	
	  --------------------------------------------------
	  list:
	
	  Name "":
	  <ul
	    class="jasmine-symbol-summary"
	  />
	
	  --------------------------------------------------
	  listitem:
	
	  Name "LoadingService Service Initialization should return false for initial isLoading state":
	  <li
	    class="jasmine-passed"
	    id="spec_spec478"
	    title="LoadingService Service Initialization should return false for initial isLoading state"
	  />
	
	  Name "LoadingService Service Initialization should initialize with loading false":
	  <li
	    class="jasmine-passed"
	    id="spec_spec477"
	    title="LoadingService Service Initialization should initialize with loading false"
	  />
	
	  Name "LoadingService Service Initialization should be created":
	  <li
	    class="jasmine-passed"
	    id="spec_spec476"
	    title="LoadingService Service Initialization should be created"
	  />
	
	  Name "LoadingService Basic Loading Control should show loading":
	  <li
	    class="jasmine-passed"
	    id="spec_spec479"
	    title="LoadingService Basic Loading Control should show loading"
	  />
	
	  Name "LoadingService Basic Loading Control should not hide loading when already hidden":
	  <li
	    class="jasmine-passed"
	    id="spec_spec482"
	    title="LoadingService Basic Loading Control should not hide loading when already hidden"
	  />
	
	  Name "LoadingService Basic Loading Control should not show loading multiple times without identifiers":
	  <li
	    class="jasmine-passed"
	    id="spec_spec481"
	    title="LoadingService Basic Loading Control should not show loading multiple times without identifiers"
	  />
	
	  Name "LoadingService Basic Loading Control should hide loading":
	  <li
	    class="jasmine-passed"
	    id="spec_spec480"
	    title="LoadingService Basic Loading Control should hide loading"
	  />
	
	  Name "LoadingService Identifier-based Loading Control should handle hiding identifier multiple times":
	  <li
	    class="jasmine-passed"
	    id="spec_spec488"
	    title="LoadingService Identifier-based Loading Control should handle hiding identifier multiple times"
	  />
	
	  Name "LoadingService Identifier-based Loading Control should handle hiding non-existent identifier":
	  <li
	    class="jasmine-passed"
	    id="spec_spec487"
	    title="LoadingService Identifier-based Loading Control should handle hiding non-existent identifier"
	  />
	
	  Name "LoadingService Identifier-based Loading Control should show loading with identifier":
	  <li
	    class="jasmine-passed"
	    id="spec_spec483"
	    title="LoadingService Identifier-based Loading Control should show loading with identifier"
	  />
	
	  Name "LoadingService Identifier-based Loading Control should not add duplicate identifiers":
	  <li
	    class="jasmine-passed"
	    id="spec_spec486"
	    title="LoadingService Identifier-based Loading Control should not add duplicate identifiers"
	  />
	
	  Name "LoadingService Identifier-based Loading Control should manage multiple identifiers":
	  <li
	    class="jasmine-passed"
	    id="spec_spec485"
	    title="LoadingService Identifier-based Loading Control should manage multiple identifiers"
	  />
	
	  Name "LoadingService Identifier-based Loading Control should hide loading with identifier":
	  <li
	    class="jasmine-passed"
	    id="spec_spec484"
	    title="LoadingService Identifier-based Loading Control should hide loading with identifier"
	  />
	
	  Name "LoadingService Observable Behavior should support multiple subscribers":
	  <li
	    class="jasmine-passed"
	    id="spec_spec503"
	    title="LoadingService Observable Behavior should support multiple subscribers"
	  />
	
	  Name "LoadingService Observable Behavior should emit loading state changes":
	  <li
	    class="jasmine-passed"
	    id="spec_spec501"
	    title="LoadingService Observable Behavior should emit loading state changes"
	  />
	
	  Name "LoadingService Observable Behavior should not emit duplicate states":
	  <li
	    class="jasmine-passed"
	    id="spec_spec502"
	    title="LoadingService Observable Behavior should not emit duplicate states"
	  />
	
	  Name "LoadingService SetLoading Alias Method should work without identifier":
	  <li
	    class="jasmine-passed"
	    id="spec_spec496"
	    title="LoadingService SetLoading Alias Method should work without identifier"
	  />
	
	  Name "LoadingService SetLoading Alias Method should hide loading when setLoading(false)":
	  <li
	    class="jasmine-passed"
	    id="spec_spec495"
	    title="LoadingService SetLoading Alias Method should hide loading when setLoading(false)"
	  />
	
	  Name "LoadingService SetLoading Alias Method should show loading when setLoading(true)":
	  <li
	    class="jasmine-passed"
	    id="spec_spec494"
	    title="LoadingService SetLoading Alias Method should show loading when setLoading(true)"
	  />
	
	  Name "LoadingService Edge Cases and Error Handling should handle mixed identifier and non-identifier operations":
	  <li
	    class="jasmine-passed"
	    id="spec_spec498"
	    title="LoadingService Edge Cases and Error Handling should handle mixed identifier and non-identifier operations"
	  />
	
	  Name "LoadingService Edge Cases and Error Handling should handle rapid show/hide calls":
	  <li
	    class="jasmine-passed"
	    id="spec_spec497"
	    title="LoadingService Edge Cases and Error Handling should handle rapid show/hide calls"
	  />
	
	  Name "LoadingService Edge Cases and Error Handling should maintain state consistency after force hide":
	  <li
	    class="jasmine-passed"
	    id="spec_spec500"
	    title="LoadingService Edge Cases and Error Handling should maintain state consistency after force hide"
	  />
	
	  Name "LoadingService Edge Cases and Error Handling should handle empty string identifier":
	  <li
	    class="jasmine-passed"
	    id="spec_spec499"
	    title="LoadingService Edge Cases and Error Handling should handle empty string identifier"
	  />
	
	  Name "LoadingService Force Hide Functionality should force hide loading even with active identifiers":
	  <li
	    class="jasmine-passed"
	    id="spec_spec489"
	    title="LoadingService Force Hide Functionality should force hide loading even with active identifiers"
	  />
	
	  Name "LoadingService Force Hide Functionality should clear all identifiers on force hide":
	  <li
	    class="jasmine-passed"
	    id="spec_spec490"
	    title="LoadingService Force Hide Functionality should clear all identifiers on force hide"
	  />
	
	  Name "LoadingService Duration-based Loading should show loading for duration with identifier":
	  <li
	    class="jasmine-passed"
	    id="spec_spec492"
	    title="LoadingService Duration-based Loading should show loading for duration with identifier"
	  />
	
	  Name "LoadingService Duration-based Loading should show loading for specific duration":
	  <li
	    class="jasmine-passed"
	    id="spec_spec491"
	    title="LoadingService Duration-based Loading should show loading for specific duration"
	  />
	
	  Name "LoadingService Duration-based Loading should handle multiple timed operations":
	  <li
	    class="jasmine-passed"
	    id="spec_spec493"
	    title="LoadingService Duration-based Loading should handle multiple timed operations"
	  />
	
	  Name "AuthService Login Functionality should fail login with invalid credentials":
	  <li
	    class="jasmine-passed"
	    id="spec_spec53"
	    title="AuthService Login Functionality should fail login with invalid credentials"
	  />
	
	  Name "AuthService Login Functionality should login with valid demo credentials":
	  <li
	    class="jasmine-passed"
	    id="spec_spec52"
	    title="AuthService Login Functionality should login with valid demo credentials"
	  />
	
	  Name "AuthService Login Functionality should store token in localStorage after successful login":
	  <li
	    class="jasmine-passed"
	    id="spec_spec56"
	    title="AuthService Login Functionality should store token in localStorage after successful login"
	  />
	
	  Name "AuthService Login Functionality should set user as authenticated after successful login":
	  <li
	    class="jasmine-passed"
	    id="spec_spec55"
	    title="AuthService Login Functionality should set user as authenticated after successful login"
	  />
	
	  Name "AuthService Login Functionality should fail login with non-corporate email":
	  <li
	    class="jasmine-passed"
	    id="spec_spec54"
	    title="AuthService Login Functionality should fail login with non-corporate email"
	  />
	
	  Name "AuthService Basic Service Setup should initialize as not authenticated":
	  <li
	    class="jasmine-passed"
	    id="spec_spec51"
	    title="AuthService Basic Service Setup should initialize as not authenticated"
	  />
	
	  Name "AuthService Basic Service Setup should be created":
	  <li
	    class="jasmine-passed"
	    id="spec_spec49"
	    title="AuthService Basic Service Setup should be created"
	  />
	
	  Name "AuthService Basic Service Setup should initialize with no authenticated user":
	  <li
	    class="jasmine-passed"
	    id="spec_spec50"
	    title="AuthService Basic Service Setup should initialize with no authenticated user"
	  />
	
	  Name "AuthService Logout Functionality should clear user data on logout":
	  <li
	    class="jasmine-passed"
	    id="spec_spec75"
	    title="AuthService Logout Functionality should clear user data on logout"
	  />
	
	  Name "AuthService Logout Functionality should clear authentication state on logout":
	  <li
	    class="jasmine-passed"
	    id="spec_spec74"
	    title="AuthService Logout Functionality should clear authentication state on logout"
	  />
	
	  Name "AuthService Logout Functionality should remove token from localStorage on logout":
	  <li
	    class="jasmine-passed"
	    id="spec_spec76"
	    title="AuthService Logout Functionality should remove token from localStorage on logout"
	  />
	
	  Name "AuthService Email Availability Check should return available for new email":
	  <li
	    class="jasmine-passed"
	    id="spec_spec71"
	    title="AuthService Email Availability Check should return available for new email"
	  />
	
	  Name "AuthService Email Availability Check should return not available for pending registration email":
	  <li
	    class="jasmine-passed"
	    id="spec_spec73"
	    title="AuthService Email Availability Check should return not available for pending registration email"
	  />
	
	  Name "AuthService Email Availability Check should return not available for existing email":
	  <li
	    class="jasmine-passed"
	    id="spec_spec72"
	    title="AuthService Email Availability Check should return not available for existing email"
	  />
	
	  Name "AuthService Email Verification should successfully verify email with valid token":
	  <li
	    class="jasmine-passed"
	    id="spec_spec68"
	    title="AuthService Email Verification should successfully verify email with valid token"
	  />
	
	  Name "AuthService Email Verification should fail verification with invalid token":
	  <li
	    class="jasmine-passed"
	    id="spec_spec69"
	    title="AuthService Email Verification should fail verification with invalid token"
	  />
	
	  Name "AuthService Email Verification should update registration status after verification":
	  <li
	    class="jasmine-passed"
	    id="spec_spec70"
	    title="AuthService Email Verification should update registration status after verification"
	  />
	
	  Name "AuthService Token Management should detect old token as expired":
	  <li
	    class="jasmine-passed"
	    id="spec_spec59"
	    title="AuthService Token Management should detect old token as expired"
	  />
	
	  Name "AuthService Token Management should detect valid token as not expired":
	  <li
	    class="jasmine-failed"
	    id="spec_spec58"
	    title="AuthService Token Management should detect valid token as not expired"
	  />
	
	  Name "AuthService Token Management should detect invalid token format as expired":
	  <li
	    class="jasmine-passed"
	    id="spec_spec60"
	    title="AuthService Token Management should detect invalid token format as expired"
	  />
	
	  Name "AuthService Token Management should retrieve stored token":
	  <li
	    class="jasmine-passed"
	    id="spec_spec57"
	    title="AuthService Token Management should retrieve stored token"
	  />
	
	  Name "AuthService Registration Functionality should fail registration without privacy acceptance":
	  <li
	    class="jasmine-passed"
	    id="spec_spec63"
	    title="AuthService Registration Functionality should fail registration without privacy acceptance"
	  />
	
	  Name "AuthService Registration Functionality should successfully register with valid data":
	  <li
	    class="jasmine-passed"
	    id="spec_spec61"
	    title="AuthService Registration Functionality should successfully register with valid data"
	  />
	
	  Name "AuthService Registration Functionality should fail registration without terms acceptance":
	  <li
	    class="jasmine-passed"
	    id="spec_spec62"
	    title="AuthService Registration Functionality should fail registration without terms acceptance"
	  />
	
	  Name "AuthService Registration Functionality should fail registration with non-corporate email":
	  <li
	    class="jasmine-passed"
	    id="spec_spec65"
	    title="AuthService Registration Functionality should fail registration with non-corporate email"
	  />
	
	  Name "AuthService Registration Functionality should fail registration with existing email":
	  <li
	    class="jasmine-passed"
	    id="spec_spec66"
	    title="AuthService Registration Functionality should fail registration with existing email"
	  />
	
	  Name "AuthService Registration Functionality should fail registration with mismatched passwords":
	  <li
	    class="jasmine-passed"
	    id="spec_spec64"
	    title="AuthService Registration Functionality should fail registration with mismatched passwords"
	  />
	
	  Name "AuthService Registration Functionality should store pending registration in localStorage":
	  <li
	    class="jasmine-passed"
	    id="spec_spec67"
	    title="AuthService Registration Functionality should store pending registration in localStorage"
	  />
	
	  Name "CreditScoringService Service Initialization should have SCORING_CONFIG defined":
	  <li
	    class="jasmine-failed"
	    id="spec_spec296"
	    title="CreditScoringService Service Initialization should have SCORING_CONFIG defined"
	  />
	
	  Name "CreditScoringService Service Initialization should initialize internal storage maps":
	  <li
	    class="jasmine-failed"
	    id="spec_spec297"
	    title="CreditScoringService Service Initialization should initialize internal storage maps"
	  />
	
	  Name "CreditScoringService Service Initialization should be created":
	  <li
	    class="jasmine-failed"
	    id="spec_spec295"
	    title="CreditScoringService Service Initialization should be created"
	  />
	
	  Name "CreditScoringService Scoring Recommendations should get VentaDirecta recommendations":
	  <li
	    class="jasmine-failed"
	    id="spec_spec308"
	    title="CreditScoringService Scoring Recommendations should get VentaDirecta recommendations"
	  />
	
	  Name "CreditScoringService Scoring Recommendations should get CreditoColectivo recommendations":
	  <li
	    class="jasmine-failed"
	    id="spec_spec311"
	    title="CreditScoringService Scoring Recommendations should get CreditoColectivo recommendations"
	  />
	
	  Name "CreditScoringService Scoring Recommendations should get AhorroProgramado recommendations":
	  <li
	    class="jasmine-failed"
	    id="spec_spec312"
	    title="CreditScoringService Scoring Recommendations should get AhorroProgramado recommendations"
	  />
	
	  Name "CreditScoringService Scoring Recommendations should get VentaPlazo recommendations for AGS":
	  <li
	    class="jasmine-failed"
	    id="spec_spec309"
	    title="CreditScoringService Scoring Recommendations should get VentaPlazo recommendations for AGS"
	  />
	
	  Name "CreditScoringService Scoring Recommendations should return default recommendations for unknown flow":
	  <li
	    class="jasmine-failed"
	    id="spec_spec313"
	    title="CreditScoringService Scoring Recommendations should return default recommendations for unknown flow"
	  />
	
	  Name "CreditScoringService Scoring Recommendations should get VentaPlazo recommendations for EdoMex":
	  <li
	    class="jasmine-failed"
	    id="spec_spec310"
	    title="CreditScoringService Scoring Recommendations should get VentaPlazo recommendations for EdoMex"
	  />
	
	  Name "CreditScoringService Scoring Validity Check should invalidate expired scoring":
	  <li
	    class="jasmine-failed"
	    id="spec_spec327"
	    title="CreditScoringService Scoring Validity Check should invalidate expired scoring"
	  />
	
	  Name "CreditScoringService Scoring Validity Check should validate non-expired scoring":
	  <li
	    class="jasmine-failed"
	    id="spec_spec326"
	    title="CreditScoringService Scoring Validity Check should validate non-expired scoring"
	  />
	
	  Name "CreditScoringService Scoring Validity Check should return false for non-existent scoring":
	  <li
	    class="jasmine-failed"
	    id="spec_spec328"
	    title="CreditScoringService Scoring Validity Check should return false for non-existent scoring"
	  />
	
	  Name "CreditScoringService Scoring Simulation should set expiration date correctly":
	  <li
	    class="jasmine-failed"
	    id="spec_spec321"
	    title="CreditScoringService Scoring Simulation should set expiration date correctly"
	  />
	
	  Name "CreditScoringService Scoring Simulation should simulate scoring with low score for risky client":
	  <li
	    class="jasmine-failed"
	    id="spec_spec315"
	    title="CreditScoringService Scoring Simulation should simulate scoring with low score for risky client"
	  />
	
	  Name "CreditScoringService Scoring Simulation should apply market bonus for Aguascalientes":
	  <li
	    class="jasmine-failed"
	    id="spec_spec316"
	    title="CreditScoringService Scoring Simulation should apply market bonus for Aguascalientes"
	  />
	
	  Name "CreditScoringService Scoring Simulation should set correct interest rates by market":
	  <li
	    class="jasmine-failed"
	    id="spec_spec318"
	    title="CreditScoringService Scoring Simulation should set correct interest rates by market"
	  />
	
	  Name "CreditScoringService Scoring Simulation should include reasons for rejection":
	  <li
	    class="jasmine-failed"
	    id="spec_spec320"
	    title="CreditScoringService Scoring Simulation should include reasons for rejection"
	  />
	
	  Name "CreditScoringService Scoring Simulation should apply business flow bonuses correctly":
	  <li
	    class="jasmine-failed"
	    id="spec_spec317"
	    title="CreditScoringService Scoring Simulation should apply business flow bonuses correctly"
	  />
	
	  Name "CreditScoringService Scoring Simulation should include conditions for conditional approval":
	  <li
	    class="jasmine-failed"
	    id="spec_spec319"
	    title="CreditScoringService Scoring Simulation should include conditions for conditional approval"
	  />
	
	  Name "CreditScoringService Scoring Simulation should simulate scoring with high score for good client":
	  <li
	    class="jasmine-failed"
	    id="spec_spec314"
	    title="CreditScoringService Scoring Simulation should simulate scoring with high score for good client"
	  />
	
	  Name "CreditScoringService Credit Scoring Process should get scoring status correctly":
	  <li
	    class="jasmine-failed"
	    id="spec_spec301"
	    title="CreditScoringService Credit Scoring Process should get scoring status correctly"
	  />
	
	  Name "CreditScoringService Credit Scoring Process should return null for non-existent scoring ID":
	  <li
	    class="jasmine-failed"
	    id="spec_spec300"
	    title="CreditScoringService Credit Scoring Process should return null for non-existent scoring ID"
	  />
	
	  Name "CreditScoringService Credit Scoring Process should return null for non-existent status ID":
	  <li
	    class="jasmine-failed"
	    id="spec_spec302"
	    title="CreditScoringService Credit Scoring Process should return null for non-existent status ID"
	  />
	
	  Name "CreditScoringService Credit Scoring Process should initiate credit scoring request":
	  <li
	    class="jasmine-failed"
	    id="spec_spec298"
	    title="CreditScoringService Credit Scoring Process should initiate credit scoring request"
	  />
	
	  Name "CreditScoringService Credit Scoring Process should store scoring result after processing":
	  <li
	    class="jasmine-failed"
	    id="spec_spec299"
	    title="CreditScoringService Credit Scoring Process should store scoring result after processing"
	  />
	
	  Name "CreditScoringService Risk Level Assignment should assign correct risk levels":
	  <li
	    class="jasmine-failed"
	    id="spec_spec330"
	    title="CreditScoringService Risk Level Assignment should assign correct risk levels"
	  />
	
	  Name "CreditScoringService Score Grading System should assign correct grades for score ranges":
	  <li
	    class="jasmine-failed"
	    id="spec_spec329"
	    title="CreditScoringService Score Grading System should assign correct grades for score ranges"
	  />
	
	  Name "CreditScoringService Scoring Prerequisites Validation should validate client is ready for scoring":
	  <li
	    class="jasmine-failed"
	    id="spec_spec303"
	    title="CreditScoringService Scoring Prerequisites Validation should validate client is ready for scoring"
	  />
	
	  Name "CreditScoringService Scoring Prerequisites Validation should identify multiple missing requirements":
	  <li
	    class="jasmine-failed"
	    id="spec_spec307"
	    title="CreditScoringService Scoring Prerequisites Validation should identify multiple missing requirements"
	  />
	
	  Name "CreditScoringService Scoring Prerequisites Validation should identify missing INE document":
	  <li
	    class="jasmine-failed"
	    id="spec_spec304"
	    title="CreditScoringService Scoring Prerequisites Validation should identify missing INE document"
	  />
	
	  Name "CreditScoringService Scoring Prerequisites Validation should identify missing KYC verification":
	  <li
	    class="jasmine-failed"
	    id="spec_spec306"
	    title="CreditScoringService Scoring Prerequisites Validation should identify missing KYC verification"
	  />
	
	  Name "CreditScoringService Scoring Prerequisites Validation should identify missing comprobante document":
	  <li
	    class="jasmine-failed"
	    id="spec_spec305"
	    title="CreditScoringService Scoring Prerequisites Validation should identify missing comprobante document"
	  />
	
	  Name "CreditScoringService Scoring Retry Functionality should fail retry for non-existent original scoring":
	  <li
	    class="jasmine-failed"
	    id="spec_spec323"
	    title="CreditScoringService Scoring Retry Functionality should fail retry for non-existent original scoring"
	  />
	
	  Name "CreditScoringService Scoring Retry Functionality should retry scoring with updated information":
	  <li
	    class="jasmine-failed"
	    id="spec_spec322"
	    title="CreditScoringService Scoring Retry Functionality should retry scoring with updated information"
	  />
	
	  Name "CreditScoringService Edge Cases and Error Handling should handle zero or negative income gracefully":
	  <li
	    class="jasmine-failed"
	    id="spec_spec333"
	    title="CreditScoringService Edge Cases and Error Handling should handle zero or negative income gracefully"
	  />
	
	  Name "CreditScoringService Edge Cases and Error Handling should handle maximum score bounds":
	  <li
	    class="jasmine-failed"
	    id="spec_spec332"
	    title="CreditScoringService Edge Cases and Error Handling should handle maximum score bounds"
	  />
	
	  Name "CreditScoringService Edge Cases and Error Handling should handle minimum score bounds":
	  <li
	    class="jasmine-failed"
	    id="spec_spec331"
	    title="CreditScoringService Edge Cases and Error Handling should handle minimum score bounds"
	  />
	
	  Name "CreditScoringService Client Scoring History should return empty array for client with no scorings":
	  <li
	    class="jasmine-failed"
	    id="spec_spec325"
	    title="CreditScoringService Client Scoring History should return empty array for client with no scorings"
	  />
	
	  Name "CreditScoringService Client Scoring History should get client scoring history":
	  <li
	    class="jasmine-failed"
	    id="spec_spec324"
	    title="CreditScoringService Client Scoring History should get client scoring history"
	  />
	
	  Name "Integration Smoke should pass basic integration smoke test":
	  <li
	    class="jasmine-passed"
	    id="spec_spec11"
	    title="Integration Smoke should pass basic integration smoke test"
	  />
	
	  Name "FinancialCalculatorService Scenario Policy Validation should handle step-down without reduction percentage":
	  <li
	    class="jasmine-passed"
	    id="spec_spec422"
	    title="FinancialCalculatorService Scenario Policy Validation should handle step-down without reduction percentage"
	  />
	
	  Name "FinancialCalculatorService Scenario Policy Validation should validate unknown scenario type":
	  <li
	    class="jasmine-passed"
	    id="spec_spec421"
	    title="FinancialCalculatorService Scenario Policy Validation should validate unknown scenario type"
	  />
	
	  Name "FinancialCalculatorService Scenario Policy Validation should validate defer scenario within limits":
	  <li
	    class="jasmine-passed"
	    id="spec_spec417"
	    title="FinancialCalculatorService Scenario Policy Validation should validate defer scenario within limits"
	  />
	
	  Name "FinancialCalculatorService Scenario Policy Validation should validate step-down scenario within limits":
	  <li
	    class="jasmine-passed"
	    id="spec_spec419"
	    title="FinancialCalculatorService Scenario Policy Validation should validate step-down scenario within limits"
	  />
	
	  Name "FinancialCalculatorService Scenario Policy Validation should reject step-down scenario exceeding reduction limit":
	  <li
	    class="jasmine-passed"
	    id="spec_spec420"
	    title="FinancialCalculatorService Scenario Policy Validation should reject step-down scenario exceeding reduction limit"
	  />
	
	  Name "FinancialCalculatorService Scenario Policy Validation should reject defer scenario exceeding limits":
	  <li
	    class="jasmine-passed"
	    id="spec_spec418"
	    title="FinancialCalculatorService Scenario Policy Validation should reject defer scenario exceeding limits"
	  />
	
	  Name "FinancialCalculatorService Interest Capitalization should capitalize interest for deferral period":
	  <li
	    class="jasmine-passed"
	    id="spec_spec414"
	    title="FinancialCalculatorService Interest Capitalization should capitalize interest for deferral period"
	  />
	
	  Name "FinancialCalculatorService Interest Capitalization should handle zero deferral months":
	  <li
	    class="jasmine-passed"
	    id="spec_spec415"
	    title="FinancialCalculatorService Interest Capitalization should handle zero deferral months"
	  />
	
	  Name "FinancialCalculatorService Interest Capitalization should handle zero interest rate":
	  <li
	    class="jasmine-passed"
	    id="spec_spec416"
	    title="FinancialCalculatorService Interest Capitalization should handle zero interest rate"
	  />
	
	  Name "FinancialCalculatorService Currency Formatting should format positive amounts in Mexican Pesos":
	  <li
	    class="jasmine-passed"
	    id="spec_spec431"
	    title="FinancialCalculatorService Currency Formatting should format positive amounts in Mexican Pesos"
	  />
	
	  Name "FinancialCalculatorService Currency Formatting should format negative amounts":
	  <li
	    class="jasmine-passed"
	    id="spec_spec432"
	    title="FinancialCalculatorService Currency Formatting should format negative amounts"
	  />
	
	  Name "FinancialCalculatorService Currency Formatting should format zero amount":
	  <li
	    class="jasmine-passed"
	    id="spec_spec433"
	    title="FinancialCalculatorService Currency Formatting should format zero amount"
	  />
	
	  Name "FinancialCalculatorService Currency Formatting should format large amounts with proper separators":
	  <li
	    class="jasmine-passed"
	    id="spec_spec434"
	    title="FinancialCalculatorService Currency Formatting should format large amounts with proper separators"
	  />
	
	  Name "FinancialCalculatorService Currency Formatting should format small amounts":
	  <li
	    class="jasmine-passed"
	    id="spec_spec435"
	    title="FinancialCalculatorService Currency Formatting should format small amounts"
	  />
	
	  Name "FinancialCalculatorService TIR Calculation (Newton-Raphson) should bound rate to reasonable values":
	  <li
	    class="jasmine-passed"
	    id="spec_spec410"
	    title="FinancialCalculatorService TIR Calculation (Newton-Raphson) should bound rate to reasonable values"
	  />
	
	  Name "FinancialCalculatorService TIR Calculation (Newton-Raphson) should handle zero cash flows":
	  <li
	    class="jasmine-passed"
	    id="spec_spec407"
	    title="FinancialCalculatorService TIR Calculation (Newton-Raphson) should handle zero cash flows"
	  />
	
	  Name "FinancialCalculatorService TIR Calculation (Newton-Raphson) should calculate TIR for simple cash flows":
	  <li
	    class="jasmine-passed"
	    id="spec_spec405"
	    title="FinancialCalculatorService TIR Calculation (Newton-Raphson) should calculate TIR for simple cash flows"
	  />
	
	  Name "FinancialCalculatorService TIR Calculation (Newton-Raphson) should calculate TIR for loan scenario":
	  <li
	    class="jasmine-passed"
	    id="spec_spec406"
	    title="FinancialCalculatorService TIR Calculation (Newton-Raphson) should calculate TIR for loan scenario"
	  />
	
	  Name "FinancialCalculatorService TIR Calculation (Newton-Raphson) should handle single negative cash flow":
	  <li
	    class="jasmine-passed"
	    id="spec_spec408"
	    title="FinancialCalculatorService TIR Calculation (Newton-Raphson) should handle single negative cash flow"
	  />
	
	  Name "FinancialCalculatorService TIR Calculation (Newton-Raphson) should respect maximum iterations":
	  <li
	    class="jasmine-passed"
	    id="spec_spec409"
	    title="FinancialCalculatorService TIR Calculation (Newton-Raphson) should respect maximum iterations"
	  />
	
	  Name "FinancialCalculatorService Cash Flow Generation should generate cash flows with principal and payments":
	  <li
	    class="jasmine-passed"
	    id="spec_spec411"
	    title="FinancialCalculatorService Cash Flow Generation should generate cash flows with principal and payments"
	  />
	
	  Name "FinancialCalculatorService Cash Flow Generation should handle empty payments array":
	  <li
	    class="jasmine-passed"
	    id="spec_spec413"
	    title="FinancialCalculatorService Cash Flow Generation should handle empty payments array"
	  />
	
	  Name "FinancialCalculatorService Cash Flow Generation should handle fewer payments than term":
	  <li
	    class="jasmine-passed"
	    id="spec_spec412"
	    title="FinancialCalculatorService Cash Flow Generation should handle fewer payments than term"
	  />
	
	  Name "FinancialCalculatorService Service Initialization should be created":
	  <li
	    class="jasmine-passed"
	    id="spec_spec400"
	    title="FinancialCalculatorService Service Initialization should be created"
	  />
	
	  Name "FinancialCalculatorService Market-Specific TIR Rates should return correct TIR for Estado de México":
	  <li
	    class="jasmine-passed"
	    id="spec_spec402"
	    title="FinancialCalculatorService Market-Specific TIR Rates should return correct TIR for Estado de México"
	  />
	
	  Name "FinancialCalculatorService Market-Specific TIR Rates should return default TIR for unknown market":
	  <li
	    class="jasmine-passed"
	    id="spec_spec403"
	    title="FinancialCalculatorService Market-Specific TIR Rates should return default TIR for unknown market"
	  />
	
	  Name "FinancialCalculatorService Market-Specific TIR Rates should return correct TIR for Aguascalientes":
	  <li
	    class="jasmine-passed"
	    id="spec_spec401"
	    title="FinancialCalculatorService Market-Specific TIR Rates should return correct TIR for Aguascalientes"
	  />
	
	  Name "FinancialCalculatorService Market-Specific TIR Rates should return default TIR when market is undefined":
	  <li
	    class="jasmine-passed"
	    id="spec_spec404"
	    title="FinancialCalculatorService Market-Specific TIR Rates should return default TIR when market is undefined"
	  />
	
	  Name "FinancialCalculatorService Annuity Calculations should handle negative interest rate":
	  <li
	    class="jasmine-passed"
	    id="spec_spec426"
	    title="FinancialCalculatorService Annuity Calculations should handle negative interest rate"
	  />
	
	  Name "FinancialCalculatorService Annuity Calculations should handle zero term":
	  <li
	    class="jasmine-passed"
	    id="spec_spec425"
	    title="FinancialCalculatorService Annuity Calculations should handle zero term"
	  />
	
	  Name "FinancialCalculatorService Annuity Calculations should handle zero interest rate":
	  <li
	    class="jasmine-passed"
	    id="spec_spec424"
	    title="FinancialCalculatorService Annuity Calculations should handle zero interest rate"
	  />
	
	  Name "FinancialCalculatorService Annuity Calculations should calculate monthly payment for standard loan":
	  <li
	    class="jasmine-passed"
	    id="spec_spec423"
	    title="FinancialCalculatorService Annuity Calculations should calculate monthly payment for standard loan"
	  />
	
	  Name "FinancialCalculatorService Balance Calculations should handle negative interest rate in balance calculation":
	  <li
	    class="jasmine-passed"
	    id="spec_spec430"
	    title="FinancialCalculatorService Balance Calculations should handle negative interest rate in balance calculation"
	  />
	
	  Name "FinancialCalculatorService Balance Calculations should handle zero months paid":
	  <li
	    class="jasmine-passed"
	    id="spec_spec429"
	    title="FinancialCalculatorService Balance Calculations should handle zero months paid"
	  />
	
	  Name "FinancialCalculatorService Balance Calculations should handle zero interest rate balance":
	  <li
	    class="jasmine-passed"
	    id="spec_spec428"
	    title="FinancialCalculatorService Balance Calculations should handle zero interest rate balance"
	  />
	
	  Name "FinancialCalculatorService Balance Calculations should calculate remaining balance after payments":
	  <li
	    class="jasmine-passed"
	    id="spec_spec427"
	    title="FinancialCalculatorService Balance Calculations should calculate remaining balance after payments"
	  />
	
	  Name "FinancialCalculatorService Edge Cases and Error Handling should handle very long terms":
	  <li
	    class="jasmine-passed"
	    id="spec_spec438"
	    title="FinancialCalculatorService Edge Cases and Error Handling should handle very long terms"
	  />
	
	  Name "FinancialCalculatorService Edge Cases and Error Handling should handle TIR calculation convergence issues":
	  <li
	    class="jasmine-passed"
	    id="spec_spec439"
	    title="FinancialCalculatorService Edge Cases and Error Handling should handle TIR calculation convergence issues"
	  />
	
	  Name "FinancialCalculatorService Edge Cases and Error Handling should handle very large principal amounts":
	  <li
	    class="jasmine-passed"
	    id="spec_spec436"
	    title="FinancialCalculatorService Edge Cases and Error Handling should handle very large principal amounts"
	  />
	
	  Name "FinancialCalculatorService Edge Cases and Error Handling should handle very small interest rates":
	  <li
	    class="jasmine-passed"
	    id="spec_spec437"
	    title="FinancialCalculatorService Edge Cases and Error Handling should handle very small interest rates"
	  />
	
	  Name "OCRService Text Extraction from Image File should handle extraction errors":
	  <li
	    class="jasmine-passed"
	    id="spec_spec629"
	    title="OCRService Text Extraction from Image File should handle extraction errors"
	  />
	
	  Name "OCRService Text Extraction from Image File should extract structured data when document type is provided":
	  <li
	    class="jasmine-failed"
	    id="spec_spec628"
	    title="OCRService Text Extraction from Image File should extract structured data when document type is provided"
	  />
	
	  Name "OCRService Text Extraction from Image File should extract text from image file":
	  <li
	    class="jasmine-failed"
	    id="spec_spec627"
	    title="OCRService Text Extraction from Image File should extract text from image file"
	  />
	
	  Name "OCRService Text Extraction from Image File should update progress during extraction":
	  <li
	    class="jasmine-failed"
	    id="spec_spec630"
	    title="OCRService Text Extraction from Image File should update progress during extraction"
	  />
	
	  Name "OCRService Text Extraction from Base64 should extract structured data from base64 with document type":
	  <li
	    class="jasmine-failed"
	    id="spec_spec632"
	    title="OCRService Text Extraction from Base64 should extract structured data from base64 with document type"
	  />
	
	  Name "OCRService Text Extraction from Base64 should handle base64 extraction errors":
	  <li
	    class="jasmine-passed"
	    id="spec_spec633"
	    title="OCRService Text Extraction from Base64 should handle base64 extraction errors"
	  />
	
	  Name "OCRService Text Extraction from Base64 should extract text from base64 image":
	  <li
	    class="jasmine-failed"
	    id="spec_spec631"
	    title="OCRService Text Extraction from Base64 should extract text from base64 image"
	  />
	
	  Name "OCRService Service Initialization should provide progress observable":
	  <li
	    class="jasmine-passed"
	    id="spec_spec622"
	    title="OCRService Service Initialization should provide progress observable"
	  />
	
	  Name "OCRService Service Initialization should be created":
	  <li
	    class="jasmine-passed"
	    id="spec_spec621"
	    title="OCRService Service Initialization should be created"
	  />
	
	  Name "OCRService Worker Initialization should update progress during initialization":
	  <li
	    class="jasmine-passed"
	    id="spec_spec626"
	    title="OCRService Worker Initialization should update progress during initialization"
	  />
	
	  Name "OCRService Worker Initialization should handle initialization errors":
	  <li
	    class="jasmine-passed"
	    id="spec_spec625"
	    title="OCRService Worker Initialization should handle initialization errors"
	  />
	
	  Name "OCRService Worker Initialization should initialize Tesseract worker with Spanish and English":
	  <li
	    class="jasmine-failed"
	    id="spec_spec623"
	    title="OCRService Worker Initialization should initialize Tesseract worker with Spanish and English"
	  />
	
	  Name "OCRService Worker Initialization should not reinitialize if already initialized":
	  <li
	    class="jasmine-failed"
	    id="spec_spec624"
	    title="OCRService Worker Initialization should not reinitialize if already initialized"
	  />
	
	  Name "OCRService INE Data Extraction should extract CURP from INE text":
	  <li
	    class="jasmine-failed"
	    id="spec_spec634"
	    title="OCRService INE Data Extraction should extract CURP from INE text"
	  />
	
	  Name "OCRService INE Data Extraction should extract birth date from INE text":
	  <li
	    class="jasmine-failed"
	    id="spec_spec636"
	    title="OCRService INE Data Extraction should extract birth date from INE text"
	  />
	
	  Name "OCRService INE Data Extraction should extract name from INE text":
	  <li
	    class="jasmine-failed"
	    id="spec_spec635"
	    title="OCRService INE Data Extraction should extract name from INE text"
	  />
	
	  Name "OCRService Tarjeta de Circulación Data Extraction should extract model and year":
	  <li
	    class="jasmine-failed"
	    id="spec_spec639"
	    title="OCRService Tarjeta de Circulación Data Extraction should extract model and year"
	  />
	
	  Name "OCRService Tarjeta de Circulación Data Extraction should extract vehicle brand":
	  <li
	    class="jasmine-failed"
	    id="spec_spec638"
	    title="OCRService Tarjeta de Circulación Data Extraction should extract vehicle brand"
	  />
	
	  Name "OCRService Tarjeta de Circulación Data Extraction should extract license plates":
	  <li
	    class="jasmine-failed"
	    id="spec_spec637"
	    title="OCRService Tarjeta de Circulación Data Extraction should extract license plates"
	  />
	
	  Name "OCRService Worker Management should reinitialize worker after termination":
	  <li
	    class="jasmine-failed"
	    id="spec_spec652"
	    title="OCRService Worker Management should reinitialize worker after termination"
	  />
	
	  Name "OCRService Worker Management should handle termination when worker is null":
	  <li
	    class="jasmine-passed"
	    id="spec_spec651"
	    title="OCRService Worker Management should handle termination when worker is null"
	  />
	
	  Name "OCRService Worker Management should terminate worker properly":
	  <li
	    class="jasmine-failed"
	    id="spec_spec650"
	    title="OCRService Worker Management should terminate worker properly"
	  />
	
	  Name "OCRService Progress Messaging should handle unknown status messages":
	  <li
	    class="jasmine-empty"
	    id="spec_spec654"
	    title="OCRService Progress Messaging should handle unknown status messages"
	  />
	
	  Name "OCRService Progress Messaging should translate status messages to Spanish":
	  <li
	    class="jasmine-failed"
	    id="spec_spec653"
	    title="OCRService Progress Messaging should translate status messages to Spanish"
	  />
	
	  Name "OCRService Edge Cases and Error Handling should handle very low confidence results":
	  <li
	    class="jasmine-failed"
	    id="spec_spec659"
	    title="OCRService Edge Cases and Error Handling should handle very low confidence results"
	  />
	
	  Name "OCRService Edge Cases and Error Handling should handle extraction without document type":
	  <li
	    class="jasmine-failed"
	    id="spec_spec658"
	    title="OCRService Edge Cases and Error Handling should handle extraction without document type"
	  />
	
	  Name "OCRService Edge Cases and Error Handling should handle documents with mixed case text":
	  <li
	    class="jasmine-failed"
	    id="spec_spec657"
	    title="OCRService Edge Cases and Error Handling should handle documents with mixed case text"
	  />
	
	  Name "OCRService Edge Cases and Error Handling should handle malformed CURP patterns":
	  <li
	    class="jasmine-failed"
	    id="spec_spec656"
	    title="OCRService Edge Cases and Error Handling should handle malformed CURP patterns"
	  />
	
	  Name "OCRService Edge Cases and Error Handling should handle empty text extraction":
	  <li
	    class="jasmine-failed"
	    id="spec_spec655"
	    title="OCRService Edge Cases and Error Handling should handle empty text extraction"
	  />
	
	  Name "OCRService Comprobante de Domicilio Data Extraction should extract date from comprobante":
	  <li
	    class="jasmine-failed"
	    id="spec_spec642"
	    title="OCRService Comprobante de Domicilio Data Extraction should extract date from comprobante"
	  />
	
	  Name "OCRService Comprobante de Domicilio Data Extraction should identify utility provider":
	  <li
	    class="jasmine-failed"
	    id="spec_spec641"
	    title="OCRService Comprobante de Domicilio Data Extraction should identify utility provider"
	  />
	
	  Name "OCRService Comprobante de Domicilio Data Extraction should extract address information":
	  <li
	    class="jasmine-failed"
	    id="spec_spec640"
	    title="OCRService Comprobante de Domicilio Data Extraction should extract address information"
	  />
	
	  Name "OCRService RFC Data Extraction should extract taxpayer name":
	  <li
	    class="jasmine-failed"
	    id="spec_spec644"
	    title="OCRService RFC Data Extraction should extract taxpayer name"
	  />
	
	  Name "OCRService RFC Data Extraction should extract RFC code":
	  <li
	    class="jasmine-failed"
	    id="spec_spec643"
	    title="OCRService RFC Data Extraction should extract RFC code"
	  />
	
	  Name "OCRService Document Type Validation should validate RFC documents":
	  <li
	    class="jasmine-passed"
	    id="spec_spec649"
	    title="OCRService Document Type Validation should validate RFC documents"
	  />
	
	  Name "OCRService Document Type Validation should validate comprobante de domicilio":
	  <li
	    class="jasmine-passed"
	    id="spec_spec648"
	    title="OCRService Document Type Validation should validate comprobante de domicilio"
	  />
	
	  Name "OCRService Document Type Validation should validate INE document correctly":
	  <li
	    class="jasmine-passed"
	    id="spec_spec645"
	    title="OCRService Document Type Validation should validate INE document correctly"
	  />
	
	  Name "OCRService Document Type Validation should handle unknown document types":
	  <li
	    class="jasmine-failed"
	    id="spec_spec647"
	    title="OCRService Document Type Validation should handle unknown document types"
	  />
	
	  Name "OCRService Document Type Validation should detect mismatched document types":
	  <li
	    class="jasmine-passed"
	    id="spec_spec646"
	    title="OCRService Document Type Validation should detect mismatched document types"
	  />
	
	  Name "ConfigurationService Scoring Configuration should get scoring configuration":
	  <li
	    class="jasmine-passed"
	    id="spec_spec208"
	    title="ConfigurationService Scoring Configuration should get scoring configuration"
	  />
	
	  Name "ConfigurationService Scoring Configuration should have business flow scoring requirements":
	  <li
	    class="jasmine-passed"
	    id="spec_spec209"
	    title="ConfigurationService Scoring Configuration should have business flow scoring requirements"
	  />
	
	  Name "ConfigurationService Scoring Configuration should have scoring factors configuration":
	  <li
	    class="jasmine-passed"
	    id="spec_spec211"
	    title="ConfigurationService Scoring Configuration should have scoring factors configuration"
	  />
	
	  Name "ConfigurationService Scoring Configuration should have correct scoring thresholds":
	  <li
	    class="jasmine-passed"
	    id="spec_spec210"
	    title="ConfigurationService Scoring Configuration should have correct scoring thresholds"
	  />
	
	  Name "ConfigurationService AVI Configuration should have market specific questions":
	  <li
	    class="jasmine-passed"
	    id="spec_spec218"
	    title="ConfigurationService AVI Configuration should have market specific questions"
	  />
	
	  Name "ConfigurationService AVI Configuration should have random questions configuration":
	  <li
	    class="jasmine-passed"
	    id="spec_spec219"
	    title="ConfigurationService AVI Configuration should have random questions configuration"
	  />
	
	  Name "ConfigurationService AVI Configuration should get AVI configuration":
	  <li
	    class="jasmine-passed"
	    id="spec_spec215"
	    title="ConfigurationService AVI Configuration should get AVI configuration"
	  />
	
	  Name "ConfigurationService AVI Configuration should have core AVI questions":
	  <li
	    class="jasmine-passed"
	    id="spec_spec216"
	    title="ConfigurationService AVI Configuration should have core AVI questions"
	  />
	
	  Name "ConfigurationService AVI Configuration should have validation configuration":
	  <li
	    class="jasmine-passed"
	    id="spec_spec220"
	    title="ConfigurationService AVI Configuration should have validation configuration"
	  />
	
	  Name "ConfigurationService AVI Configuration should have business flow specific questions":
	  <li
	    class="jasmine-passed"
	    id="spec_spec217"
	    title="ConfigurationService AVI Configuration should have business flow specific questions"
	  />
	
	  Name "ConfigurationService Market Configuration should have correct Estado de México market configuration":
	  <li
	    class="jasmine-passed"
	    id="spec_spec206"
	    title="ConfigurationService Market Configuration should have correct Estado de México market configuration"
	  />
	
	  Name "ConfigurationService Market Configuration should include EdoMex municipalities":
	  <li
	    class="jasmine-passed"
	    id="spec_spec207"
	    title="ConfigurationService Market Configuration should include EdoMex municipalities"
	  />
	
	  Name "ConfigurationService Market Configuration should get market configuration":
	  <li
	    class="jasmine-passed"
	    id="spec_spec204"
	    title="ConfigurationService Market Configuration should get market configuration"
	  />
	
	  Name "ConfigurationService Market Configuration should have correct Aguascalientes market configuration":
	  <li
	    class="jasmine-passed"
	    id="spec_spec205"
	    title="ConfigurationService Market Configuration should have correct Aguascalientes market configuration"
	  />
	
	  Name "ConfigurationService Configuration Loading and Updates should preserve existing configuration when updating":
	  <li
	    class="jasmine-passed"
	    id="spec_spec203"
	    title="ConfigurationService Configuration Loading and Updates should preserve existing configuration when updating"
	  />
	
	  Name "ConfigurationService Configuration Loading and Updates should refresh configuration from API":
	  <li
	    class="jasmine-passed"
	    id="spec_spec201"
	    title="ConfigurationService Configuration Loading and Updates should refresh configuration from API"
	  />
	
	  Name "ConfigurationService Configuration Loading and Updates should update configuration successfully":
	  <li
	    class="jasmine-passed"
	    id="spec_spec202"
	    title="ConfigurationService Configuration Loading and Updates should update configuration successfully"
	  />
	
	  Name "ConfigurationService Configuration Loading and Updates should get current configuration":
	  <li
	    class="jasmine-passed"
	    id="spec_spec200"
	    title="ConfigurationService Configuration Loading and Updates should get current configuration"
	  />
	
	  Name "ConfigurationService Service Initialization should be created":
	  <li
	    class="jasmine-passed"
	    id="spec_spec197"
	    title="ConfigurationService Service Initialization should be created"
	  />
	
	  Name "ConfigurationService Service Initialization should load default configuration on initialization":
	  <li
	    class="jasmine-passed"
	    id="spec_spec199"
	    title="ConfigurationService Service Initialization should load default configuration on initialization"
	  />
	
	  Name "ConfigurationService Service Initialization should provide configuration observable":
	  <li
	    class="jasmine-passed"
	    id="spec_spec198"
	    title="ConfigurationService Service Initialization should provide configuration observable"
	  />
	
	  Name "ConfigurationService Error Handling and Edge Cases should handle partial configuration updates":
	  <li
	    class="jasmine-passed"
	    id="spec_spec252"
	    title="ConfigurationService Error Handling and Edge Cases should handle partial configuration updates"
	  />
	
	  Name "ConfigurationService Error Handling and Edge Cases should handle empty configuration updates":
	  <li
	    class="jasmine-passed"
	    id="spec_spec253"
	    title="ConfigurationService Error Handling and Edge Cases should handle empty configuration updates"
	  />
	
	  Name "ConfigurationService Error Handling and Edge Cases should provide configuration even when API fails":
	  <li
	    class="jasmine-passed"
	    id="spec_spec254"
	    title="ConfigurationService Error Handling and Edge Cases should provide configuration even when API fails"
	  />
	
	  Name "ConfigurationService Error Handling and Edge Cases should handle nested configuration access":
	  <li
	    class="jasmine-passed"
	    id="spec_spec255"
	    title="ConfigurationService Error Handling and Edge Cases should handle nested configuration access"
	  />
	
	  Name "ConfigurationService UX Optimization Configuration should have recommendations configuration":
	  <li
	    class="jasmine-passed"
	    id="spec_spec249"
	    title="ConfigurationService UX Optimization Configuration should have recommendations configuration"
	  />
	
	  Name "ConfigurationService UX Optimization Configuration should have A/B testing configuration":
	  <li
	    class="jasmine-passed"
	    id="spec_spec248"
	    title="ConfigurationService UX Optimization Configuration should have A/B testing configuration"
	  />
	
	  Name "ConfigurationService UX Optimization Configuration should get UX optimization configuration":
	  <li
	    class="jasmine-passed"
	    id="spec_spec247"
	    title="ConfigurationService UX Optimization Configuration should get UX optimization configuration"
	  />
	
	  Name "ConfigurationService Configuration Versioning should track configuration version":
	  <li
	    class="jasmine-passed"
	    id="spec_spec250"
	    title="ConfigurationService Configuration Versioning should track configuration version"
	  />
	
	  Name "ConfigurationService Configuration Versioning should update lastUpdated when configuration changes":
	  <li
	    class="jasmine-passed"
	    id="spec_spec251"
	    title="ConfigurationService Configuration Versioning should update lastUpdated when configuration changes"
	  />
	
	  Name "ConfigurationService Analytics Configuration should have performance metrics configuration":
	  <li
	    class="jasmine-passed"
	    id="spec_spec246"
	    title="ConfigurationService Analytics Configuration should have performance metrics configuration"
	  />
	
	  Name "ConfigurationService Analytics Configuration should have funnel analysis configuration":
	  <li
	    class="jasmine-passed"
	    id="spec_spec245"
	    title="ConfigurationService Analytics Configuration should have funnel analysis configuration"
	  />
	
	  Name "ConfigurationService Analytics Configuration should have heatmap configuration":
	  <li
	    class="jasmine-passed"
	    id="spec_spec244"
	    title="ConfigurationService Analytics Configuration should have heatmap configuration"
	  />
	
	  Name "ConfigurationService Analytics Configuration should get analytics configuration":
	  <li
	    class="jasmine-passed"
	    id="spec_spec243"
	    title="ConfigurationService Analytics Configuration should get analytics configuration"
	  />
	
	  Name "ConfigurationService Smart UX Configuration should have session recovery configuration":
	  <li
	    class="jasmine-passed"
	    id="spec_spec242"
	    title="ConfigurationService Smart UX Configuration should have session recovery configuration"
	  />
	
	  Name "ConfigurationService Smart UX Configuration should have auto-complete configuration":
	  <li
	    class="jasmine-passed"
	    id="spec_spec241"
	    title="ConfigurationService Smart UX Configuration should have auto-complete configuration"
	  />
	
	  Name "ConfigurationService Smart UX Configuration should get smart UX configuration":
	  <li
	    class="jasmine-passed"
	    id="spec_spec240"
	    title="ConfigurationService Smart UX Configuration should get smart UX configuration"
	  />
	
	  Name "ConfigurationService UI Configuration should have navigation configuration":
	  <li
	    class="jasmine-passed"
	    id="spec_spec238"
	    title="ConfigurationService UI Configuration should have navigation configuration"
	  />
	
	  Name "ConfigurationService UI Configuration should have theme configuration":
	  <li
	    class="jasmine-passed"
	    id="spec_spec237"
	    title="ConfigurationService UI Configuration should have theme configuration"
	  />
	
	  Name "ConfigurationService UI Configuration should get simple UI configuration":
	  <li
	    class="jasmine-passed"
	    id="spec_spec236"
	    title="ConfigurationService UI Configuration should get simple UI configuration"
	  />
	
	  Name "ConfigurationService UI Configuration should have language configuration":
	  <li
	    class="jasmine-passed"
	    id="spec_spec239"
	    title="ConfigurationService UI Configuration should have language configuration"
	  />
	
	  Name "ConfigurationService Workflow Configuration should have automation configurations":
	  <li
	    class="jasmine-passed"
	    id="spec_spec232"
	    title="ConfigurationService Workflow Configuration should have automation configurations"
	  />
	
	  Name "ConfigurationService Workflow Configuration should get workflow configuration":
	  <li
	    class="jasmine-passed"
	    id="spec_spec231"
	    title="ConfigurationService Workflow Configuration should get workflow configuration"
	  />
	
	  Name "ConfigurationService Workflow Configuration should have escalation rules":
	  <li
	    class="jasmine-passed"
	    id="spec_spec234"
	    title="ConfigurationService Workflow Configuration should have escalation rules"
	  />
	
	  Name "ConfigurationService Workflow Configuration should have approval chains":
	  <li
	    class="jasmine-passed"
	    id="spec_spec233"
	    title="ConfigurationService Workflow Configuration should have approval chains"
	  />
	
	  Name "ConfigurationService Workflow Configuration should have SLA targets":
	  <li
	    class="jasmine-passed"
	    id="spec_spec235"
	    title="ConfigurationService Workflow Configuration should have SLA targets"
	  />
	
	  Name "ConfigurationService should cache namespace result (shareReplay) for subsequent subscribers":
	  <li
	    class="jasmine-passed"
	    id="spec_spec195"
	    title="ConfigurationService should cache namespace result (shareReplay) for subsequent subscribers"
	  />
	
	  Name "ConfigurationService should load namespace from assets when remote disabled":
	  <li
	    class="jasmine-passed"
	    id="spec_spec194"
	    title="ConfigurationService should load namespace from assets when remote disabled"
	  />
	
	  Name "ConfigurationService Notification Configuration should have email templates":
	  <li
	    class="jasmine-passed"
	    id="spec_spec227"
	    title="ConfigurationService Notification Configuration should have email templates"
	  />
	
	  Name "ConfigurationService Notification Configuration should have channel configurations":
	  <li
	    class="jasmine-passed"
	    id="spec_spec226"
	    title="ConfigurationService Notification Configuration should have channel configurations"
	  />
	
	  Name "ConfigurationService Notification Configuration should have SMS templates with length limits":
	  <li
	    class="jasmine-passed"
	    id="spec_spec228"
	    title="ConfigurationService Notification Configuration should have SMS templates with length limits"
	  />
	
	  Name "ConfigurationService Notification Configuration should have notification triggers":
	  <li
	    class="jasmine-passed"
	    id="spec_spec229"
	    title="ConfigurationService Notification Configuration should have notification triggers"
	  />
	
	  Name "ConfigurationService Notification Configuration should get notification configuration":
	  <li
	    class="jasmine-passed"
	    id="spec_spec225"
	    title="ConfigurationService Notification Configuration should get notification configuration"
	  />
	
	  Name "ConfigurationService Notification Configuration should have scheduled notifications":
	  <li
	    class="jasmine-passed"
	    id="spec_spec230"
	    title="ConfigurationService Notification Configuration should have scheduled notifications"
	  />
	
	  Name "ConfigurationService Business Flow Configuration should have correct VentaDirecta configuration":
	  <li
	    class="jasmine-passed"
	    id="spec_spec213"
	    title="ConfigurationService Business Flow Configuration should have correct VentaDirecta configuration"
	  />
	
	  Name "ConfigurationService Business Flow Configuration should have correct CreditoColectivo configuration":
	  <li
	    class="jasmine-passed"
	    id="spec_spec214"
	    title="ConfigurationService Business Flow Configuration should have correct CreditoColectivo configuration"
	  />
	
	  Name "ConfigurationService Business Flow Configuration should get business flow configuration":
	  <li
	    class="jasmine-passed"
	    id="spec_spec212"
	    title="ConfigurationService Business Flow Configuration should get business flow configuration"
	  />
	
	  Name "ConfigurationService updateConfiguration should merge and emit new configuration":
	  <li
	    class="jasmine-passed"
	    id="spec_spec196"
	    title="ConfigurationService updateConfiguration should merge and emit new configuration"
	  />
	
	  Name "ConfigurationService Questionnaire Configuration should get questionnaire configuration":
	  <li
	    class="jasmine-passed"
	    id="spec_spec221"
	    title="ConfigurationService Questionnaire Configuration should get questionnaire configuration"
	  />
	
	  Name "ConfigurationService Questionnaire Configuration should have completion requirements":
	  <li
	    class="jasmine-passed"
	    id="spec_spec223"
	    title="ConfigurationService Questionnaire Configuration should have completion requirements"
	  />
	
	  Name "ConfigurationService Questionnaire Configuration should have standard questionnaire sections":
	  <li
	    class="jasmine-passed"
	    id="spec_spec222"
	    title="ConfigurationService Questionnaire Configuration should have standard questionnaire sections"
	  />
	
	  Name "ConfigurationService Questionnaire Configuration should have dynamic questionnaire configuration":
	  <li
	    class="jasmine-passed"
	    id="spec_spec224"
	    title="ConfigurationService Questionnaire Configuration should have dynamic questionnaire configuration"
	  />
	
	  Name "ClienteFormComponent should handle different markets correctly":
	  <li
	    class="jasmine-passed"
	    id="spec_spec931"
	    title="ClienteFormComponent should handle different markets correctly"
	  />
	
	  Name "ClienteFormComponent should validate email format":
	  <li
	    class="jasmine-passed"
	    id="spec_spec920"
	    title="ClienteFormComponent should validate email format"
	  />
	
	  Name "ClienteFormComponent should handle different business flows correctly":
	  <li
	    class="jasmine-passed"
	    id="spec_spec930"
	    title="ClienteFormComponent should handle different business flows correctly"
	  />
	
	  Name "ClienteFormComponent should validate phone format":
	  <li
	    class="jasmine-passed"
	    id="spec_spec921"
	    title="ClienteFormComponent should validate phone format"
	  />
	
	  Name "ClienteFormComponent should clean form when switching between markets":
	  <li
	    class="jasmine-passed"
	    id="spec_spec932"
	    title="ClienteFormComponent should clean form when switching between markets"
	  />
	
	  Name "ClienteFormComponent should load existing client data in edit mode":
	  <li
	    class="jasmine-passed"
	    id="spec_spec924"
	    title="ClienteFormComponent should load existing client data in edit mode"
	  />
	
	  Name "ClienteFormComponent should update existing client with valid form data":
	  <li
	    class="jasmine-failed"
	    id="spec_spec925"
	    title="ClienteFormComponent should update existing client with valid form data"
	  />
	
	  Name "ClienteFormComponent should validate RFC format if provided":
	  <li
	    class="jasmine-passed"
	    id="spec_spec922"
	    title="ClienteFormComponent should validate RFC format if provided"
	  />
	
	  Name "ClienteFormComponent should create new client with valid form data":
	  <li
	    class="jasmine-failed"
	    id="spec_spec923"
	    title="ClienteFormComponent should create new client with valid form data"
	  />
	
	  Name "ClienteFormComponent should handle API error during client creation":
	  <li
	    class="jasmine-passed"
	    id="spec_spec926"
	    title="ClienteFormComponent should handle API error during client creation"
	  />
	
	  Name "ClienteFormComponent should navigate back when goBack is called":
	  <li
	    class="jasmine-passed"
	    id="spec_spec928"
	    title="ClienteFormComponent should navigate back when goBack is called"
	  />
	
	  Name "ClienteFormComponent should prevent form submission when invalid":
	  <li
	    class="jasmine-passed"
	    id="spec_spec927"
	    title="ClienteFormComponent should prevent form submission when invalid"
	  />
	
	  Name "ClienteFormComponent should set loading state during form submission":
	  <li
	    class="jasmine-passed"
	    id="spec_spec929"
	    title="ClienteFormComponent should set loading state during form submission"
	  />
	
	  Name "ClienteFormComponent should create":
	  <li
	    class="jasmine-passed"
	    id="spec_spec917"
	    title="ClienteFormComponent should create"
	  />
	
	  Name "ClienteFormComponent should initialize form with default values for new client":
	  <li
	    class="jasmine-failed"
	    id="spec_spec918"
	    title="ClienteFormComponent should initialize form with default values for new client"
	  />
	
	  Name "ClienteFormComponent should validate required fields":
	  <li
	    class="jasmine-passed"
	    id="spec_spec919"
	    title="ClienteFormComponent should validate required fields"
	  />
	
	  Name "AppComponent should create the app":
	  <li
	    class="jasmine-passed"
	    id="spec_spec0"
	    title="AppComponent should create the app"
	  />
	
	  Name "AppComponent should have the 'conductores-pwa' title":
	  <li
	    class="jasmine-passed"
	    id="spec_spec1"
	    title="AppComponent should have the 'conductores-pwa' title"
	  />
	
	  Name "AppComponent should render title":
	  <li
	    class="jasmine-passed"
	    id="spec_spec2"
	    title="AppComponent should render title"
	  />
	
	  Name "BusinessRulesService Business Flow Change Validation should allow flow change when no documents are approved":
	  <li
	    class="jasmine-passed"
	    id="spec_spec146"
	    title="BusinessRulesService Business Flow Change Validation should allow flow change when no documents are approved"
	  />
	
	  Name "BusinessRulesService Business Flow Change Validation should not allow flow change when documents are approved":
	  <li
	    class="jasmine-passed"
	    id="spec_spec147"
	    title="BusinessRulesService Business Flow Change Validation should not allow flow change when documents are approved"
	  />
	
	  Name "BusinessRulesService Business Flow Change Validation should not allow collective credit in Aguascalientes":
	  <li
	    class="jasmine-passed"
	    id="spec_spec148"
	    title="BusinessRulesService Business Flow Change Validation should not allow collective credit in Aguascalientes"
	  />
	
	  Name "BusinessRulesService Business Flow Change Validation should require ecosystem for EdoMex collective credit":
	  <li
	    class="jasmine-passed"
	    id="spec_spec149"
	    title="BusinessRulesService Business Flow Change Validation should require ecosystem for EdoMex collective credit"
	  />
	
	  Name "BusinessRulesService Market Requirements should include required documents for each market":
	  <li
	    class="jasmine-passed"
	    id="spec_spec145"
	    title="BusinessRulesService Market Requirements should include required documents for each market"
	  />
	
	  Name "BusinessRulesService Market Requirements should get Aguascalientes requirements":
	  <li
	    class="jasmine-passed"
	    id="spec_spec143"
	    title="BusinessRulesService Market Requirements should get Aguascalientes requirements"
	  />
	
	  Name "BusinessRulesService Market Requirements should get Estado de México requirements":
	  <li
	    class="jasmine-passed"
	    id="spec_spec144"
	    title="BusinessRulesService Market Requirements should get Estado de México requirements"
	  />
	
	  Name "BusinessRulesService Market Requirements Special Rules should include EdoMex specific rules about ecosystem":
	  <li
	    class="jasmine-passed"
	    id="spec_spec162"
	    title="BusinessRulesService Market Requirements Special Rules should include EdoMex specific rules about ecosystem"
	  />
	
	  Name "BusinessRulesService Market Requirements Special Rules should include AGS specific rules about credit types":
	  <li
	    class="jasmine-passed"
	    id="spec_spec161"
	    title="BusinessRulesService Market Requirements Special Rules should include AGS specific rules about credit types"
	  />
	
	  Name "BusinessRulesService Ecosystem Validation Edge Cases should properly identify required vs optional documents":
	  <li
	    class="jasmine-failed"
	    id="spec_spec164"
	    title="BusinessRulesService Ecosystem Validation Edge Cases should properly identify required vs optional documents"
	  />
	
	  Name "BusinessRulesService Ecosystem Validation Edge Cases should handle ecosystem validation with partial documents":
	  <li
	    class="jasmine-passed"
	    id="spec_spec163"
	    title="BusinessRulesService Ecosystem Validation Edge Cases should handle ecosystem validation with partial documents"
	  />
	
	  Name "BusinessRulesService Age Calculation should calculate age correctly":
	  <li
	    class="jasmine-passed"
	    id="spec_spec153"
	    title="BusinessRulesService Age Calculation should calculate age correctly"
	  />
	
	  Name "BusinessRulesService Age Calculation should handle birthday not yet reached this year":
	  <li
	    class="jasmine-passed"
	    id="spec_spec154"
	    title="BusinessRulesService Age Calculation should handle birthday not yet reached this year"
	  />
	
	  Name "BusinessRulesService Credit History Validation should warn about low credit score":
	  <li
	    class="jasmine-passed"
	    id="spec_spec151"
	    title="BusinessRulesService Credit History Validation should warn about low credit score"
	  />
	
	  Name "BusinessRulesService Credit History Validation should validate credit history with simulated score":
	  <li
	    class="jasmine-passed"
	    id="spec_spec150"
	    title="BusinessRulesService Credit History Validation should validate credit history with simulated score"
	  />
	
	  Name "BusinessRulesService Credit History Validation should recommend special conditions for very low score":
	  <li
	    class="jasmine-passed"
	    id="spec_spec152"
	    title="BusinessRulesService Credit History Validation should recommend special conditions for very low score"
	  />
	
	  Name "BusinessRulesService Service Initialization should have EdoMex specific rules":
	  <li
	    class="jasmine-passed"
	    id="spec_spec119"
	    title="BusinessRulesService Service Initialization should have EdoMex specific rules"
	  />
	
	  Name "BusinessRulesService Service Initialization should have universal rules":
	  <li
	    class="jasmine-passed"
	    id="spec_spec120"
	    title="BusinessRulesService Service Initialization should have universal rules"
	  />
	
	  Name "BusinessRulesService Service Initialization should have AGS specific rules":
	  <li
	    class="jasmine-passed"
	    id="spec_spec118"
	    title="BusinessRulesService Service Initialization should have AGS specific rules"
	  />
	
	  Name "BusinessRulesService Service Initialization should initialize validation rules":
	  <li
	    class="jasmine-passed"
	    id="spec_spec117"
	    title="BusinessRulesService Service Initialization should initialize validation rules"
	  />
	
	  Name "BusinessRulesService Service Initialization should be created":
	  <li
	    class="jasmine-passed"
	    id="spec_spec116"
	    title="BusinessRulesService Service Initialization should be created"
	  />
	
	  Name "BusinessRulesService Collective Group Validation Details should validate down payment minimum for collective credit":
	  <li
	    class="jasmine-passed"
	    id="spec_spec160"
	    title="BusinessRulesService Collective Group Validation Details should validate down payment minimum for collective credit"
	  />
	
	  Name "BusinessRulesService Collective Group Validation Details should validate down payment range for collective credit":
	  <li
	    class="jasmine-passed"
	    id="spec_spec159"
	    title="BusinessRulesService Collective Group Validation Details should validate down payment range for collective credit"
	  />
	
	  Name "BusinessRulesService Collective Group Validation Details should validate minimum group size":
	  <li
	    class="jasmine-passed"
	    id="spec_spec158"
	    title="BusinessRulesService Collective Group Validation Details should validate minimum group size"
	  />
	
	  Name "BusinessRulesService Client Validation should filter rules by market correctly":
	  <li
	    class="jasmine-passed"
	    id="spec_spec127"
	    title="BusinessRulesService Client Validation should filter rules by market correctly"
	  />
	
	  Name "BusinessRulesService Client Validation should fail validation for client without income":
	  <li
	    class="jasmine-passed"
	    id="spec_spec126"
	    title="BusinessRulesService Client Validation should fail validation for client without income"
	  />
	
	  Name "BusinessRulesService Client Validation should validate EdoMex client successfully":
	  <li
	    class="jasmine-passed"
	    id="spec_spec122"
	    title="BusinessRulesService Client Validation should validate EdoMex client successfully"
	  />
	
	  Name "BusinessRulesService Client Validation should validate AGS client successfully":
	  <li
	    class="jasmine-passed"
	    id="spec_spec121"
	    title="BusinessRulesService Client Validation should validate AGS client successfully"
	  />
	
	  Name "BusinessRulesService Client Validation should fail validation for client over age limit":
	  <li
	    class="jasmine-passed"
	    id="spec_spec125"
	    title="BusinessRulesService Client Validation should fail validation for client over age limit"
	  />
	
	  Name "BusinessRulesService Client Validation should fail validation for underage client":
	  <li
	    class="jasmine-passed"
	    id="spec_spec124"
	    title="BusinessRulesService Client Validation should fail validation for underage client"
	  />
	
	  Name "BusinessRulesService Client Validation should filter rules by business flow correctly":
	  <li
	    class="jasmine-passed"
	    id="spec_spec128"
	    title="BusinessRulesService Client Validation should filter rules by business flow correctly"
	  />
	
	  Name "BusinessRulesService Client Validation should fail validation for client with missing documents":
	  <li
	    class="jasmine-passed"
	    id="spec_spec123"
	    title="BusinessRulesService Client Validation should fail validation for client with missing documents"
	  />
	
	  Name "BusinessRulesService Helper Methods should consolidate validation results correctly":
	  <li
	    class="jasmine-passed"
	    id="spec_spec155"
	    title="BusinessRulesService Helper Methods should consolidate validation results correctly"
	  />
	
	  Name "BusinessRulesService Helper Methods should get ecosystem required documents":
	  <li
	    class="jasmine-passed"
	    id="spec_spec156"
	    title="BusinessRulesService Helper Methods should get ecosystem required documents"
	  />
	
	  Name "BusinessRulesService Helper Methods should generate ecosystem validation notes":
	  <li
	    class="jasmine-passed"
	    id="spec_spec157"
	    title="BusinessRulesService Helper Methods should generate ecosystem validation notes"
	  />
	
	  Name "BusinessRulesService AGS Specific Validations should validate AGS term requirements (12 or 24 months)":
	  <li
	    class="jasmine-passed"
	    id="spec_spec130"
	    title="BusinessRulesService AGS Specific Validations should validate AGS term requirements (12 or 24 months)"
	  />
	
	  Name "BusinessRulesService AGS Specific Validations should validate AGS required documents":
	  <li
	    class="jasmine-passed"
	    id="spec_spec132"
	    title="BusinessRulesService AGS Specific Validations should validate AGS required documents"
	  />
	
	  Name "BusinessRulesService AGS Specific Validations should validate AGS minimum income ($15,000)":
	  <li
	    class="jasmine-passed"
	    id="spec_spec131"
	    title="BusinessRulesService AGS Specific Validations should validate AGS minimum income ($15,000)"
	  />
	
	  Name "BusinessRulesService AGS Specific Validations should validate AGS down payment requirement (60%)":
	  <li
	    class="jasmine-passed"
	    id="spec_spec129"
	    title="BusinessRulesService AGS Specific Validations should validate AGS down payment requirement (60%)"
	  />
	
	  Name "BusinessRulesService EdoMex Specific Validations should validate EdoMex payment capacity ($20,000 minimum)":
	  <li
	    class="jasmine-passed"
	    id="spec_spec137"
	    title="BusinessRulesService EdoMex Specific Validations should validate EdoMex payment capacity ($20,000 minimum)"
	  />
	
	  Name "BusinessRulesService EdoMex Specific Validations should require group assignment for collective credit":
	  <li
	    class="jasmine-passed"
	    id="spec_spec136"
	    title="BusinessRulesService EdoMex Specific Validations should require group assignment for collective credit"
	  />
	
	  Name "BusinessRulesService EdoMex Specific Validations should validate collective group requirements":
	  <li
	    class="jasmine-passed"
	    id="spec_spec135"
	    title="BusinessRulesService EdoMex Specific Validations should validate collective group requirements"
	  />
	
	  Name "BusinessRulesService EdoMex Specific Validations should warn about high payment-to-income ratio":
	  <li
	    class="jasmine-passed"
	    id="spec_spec138"
	    title="BusinessRulesService EdoMex Specific Validations should warn about high payment-to-income ratio"
	  />
	
	  Name "BusinessRulesService EdoMex Specific Validations should validate EdoMex ecosystem documents":
	  <li
	    class="jasmine-passed"
	    id="spec_spec134"
	    title="BusinessRulesService EdoMex Specific Validations should validate EdoMex ecosystem documents"
	  />
	
	  Name "BusinessRulesService EdoMex Specific Validations should require ecosystem assignment for EdoMex":
	  <li
	    class="jasmine-passed"
	    id="spec_spec133"
	    title="BusinessRulesService EdoMex Specific Validations should require ecosystem assignment for EdoMex"
	  />
	
	  Name "BusinessRulesService Ecosystem Validation should fail ecosystem validation for client without ecosystem":
	  <li
	    class="jasmine-passed"
	    id="spec_spec140"
	    title="BusinessRulesService Ecosystem Validation should fail ecosystem validation for client without ecosystem"
	  />
	
	  Name "BusinessRulesService Ecosystem Validation should throw error for AGS client ecosystem validation":
	  <li
	    class="jasmine-passed"
	    id="spec_spec141"
	    title="BusinessRulesService Ecosystem Validation should throw error for AGS client ecosystem validation"
	  />
	
	  Name "BusinessRulesService Ecosystem Validation should validate ecosystem for EdoMex client":
	  <li
	    class="jasmine-failed"
	    id="spec_spec139"
	    title="BusinessRulesService Ecosystem Validation should validate ecosystem for EdoMex client"
	  />
	
	  Name "BusinessRulesService Ecosystem Validation should identify missing ecosystem documents":
	  <li
	    class="jasmine-passed"
	    id="spec_spec142"
	    title="BusinessRulesService Ecosystem Validation should identify missing ecosystem documents"
	  />
	
	  Name "MetaMapService KYC Button Creation should create MetaMap button successfully":
	  <li
	    class="jasmine-passed"
	    id="spec_spec507"
	    title="MetaMapService KYC Button Creation should create MetaMap button successfully"
	  />
	
	  Name "MetaMapService KYC Button Creation should handle container not found error":
	  <li
	    class="jasmine-passed"
	    id="spec_spec508"
	    title="MetaMapService KYC Button Creation should handle container not found error"
	  />
	
	  Name "MetaMapService KYC Button Creation should emit KYC success event":
	  <li
	    class="jasmine-passed"
	    id="spec_spec509"
	    title="MetaMapService KYC Button Creation should emit KYC success event"
	  />
	
	  Name "MetaMapService KYC Button Creation should cleanup event listeners on unsubscribe":
	  <li
	    class="jasmine-passed"
	    id="spec_spec512"
	    title="MetaMapService KYC Button Creation should cleanup event listeners on unsubscribe"
	  />
	
	  Name "MetaMapService KYC Button Creation should emit KYC exit event":
	  <li
	    class="jasmine-passed"
	    id="spec_spec510"
	    title="MetaMapService KYC Button Creation should emit KYC exit event"
	  />
	
	  Name "MetaMapService KYC Button Creation should call optional callback functions":
	  <li
	    class="jasmine-passed"
	    id="spec_spec511"
	    title="MetaMapService KYC Button Creation should call optional callback functions"
	  />
	
	  Name "MetaMapService KYC Completion should handle database update errors":
	  <li
	    class="jasmine-passed"
	    id="spec_spec516"
	    title="MetaMapService KYC Completion should handle database update errors"
	  />
	
	  Name "MetaMapService KYC Completion should handle client not found error":
	  <li
	    class="jasmine-passed"
	    id="spec_spec514"
	    title="MetaMapService KYC Completion should handle client not found error"
	  />
	
	  Name "MetaMapService KYC Completion should cap health score at 100":
	  <li
	    class="jasmine-passed"
	    id="spec_spec515"
	    title="MetaMapService KYC Completion should cap health score at 100"
	  />
	
	  Name "MetaMapService KYC Completion should complete KYC successfully":
	  <li
	    class="jasmine-passed"
	    id="spec_spec513"
	    title="MetaMapService KYC Completion should complete KYC successfully"
	  />
	
	  Name "MetaMapService Service Initialization should be created":
	  <li
	    class="jasmine-passed"
	    id="spec_spec504"
	    title="MetaMapService Service Initialization should be created"
	  />
	
	  Name "MetaMapService Service Initialization should initialize MetaMap SDK on creation":
	  <li
	    class="jasmine-passed"
	    id="spec_spec505"
	    title="MetaMapService Service Initialization should initialize MetaMap SDK on creation"
	  />
	
	  Name "MetaMapService Service Initialization should not reload SDK if already present":
	  <li
	    class="jasmine-passed"
	    id="spec_spec506"
	    title="MetaMapService Service Initialization should not reload SDK if already present"
	  />
	
	  Name "MetaMapService KYC Prerequisites Validation should detect missing comprobante de domicilio":
	  <li
	    class="jasmine-passed"
	    id="spec_spec519"
	    title="MetaMapService KYC Prerequisites Validation should detect missing comprobante de domicilio"
	  />
	
	  Name "MetaMapService KYC Prerequisites Validation should validate prerequisites for ready client":
	  <li
	    class="jasmine-passed"
	    id="spec_spec517"
	    title="MetaMapService KYC Prerequisites Validation should validate prerequisites for ready client"
	  />
	
	  Name "MetaMapService KYC Prerequisites Validation should detect multiple missing documents":
	  <li
	    class="jasmine-passed"
	    id="spec_spec521"
	    title="MetaMapService KYC Prerequisites Validation should detect multiple missing documents"
	  />
	
	  Name "MetaMapService KYC Prerequisites Validation should detect already completed KYC":
	  <li
	    class="jasmine-passed"
	    id="spec_spec520"
	    title="MetaMapService KYC Prerequisites Validation should detect already completed KYC"
	  />
	
	  Name "MetaMapService KYC Prerequisites Validation should detect missing INE document":
	  <li
	    class="jasmine-passed"
	    id="spec_spec518"
	    title="MetaMapService KYC Prerequisites Validation should detect missing INE document"
	  />
	
	  Name "MetaMapService KYC Status Reporting should report in_progress status":
	  <li
	    class="jasmine-passed"
	    id="spec_spec525"
	    title="MetaMapService KYC Status Reporting should report in_progress status"
	  />
	
	  Name "MetaMapService KYC Status Reporting should report failed status with retry option":
	  <li
	    class="jasmine-passed"
	    id="spec_spec524"
	    title="MetaMapService KYC Status Reporting should report failed status with retry option"
	  />
	
	  Name "MetaMapService KYC Status Reporting should report not_started for client without KYC document":
	  <li
	    class="jasmine-passed"
	    id="spec_spec527"
	    title="MetaMapService KYC Status Reporting should report not_started for client without KYC document"
	  />
	
	  Name "MetaMapService KYC Status Reporting should report prerequisites_missing status":
	  <li
	    class="jasmine-passed"
	    id="spec_spec526"
	    title="MetaMapService KYC Status Reporting should report prerequisites_missing status"
	  />
	
	  Name "MetaMapService KYC Status Reporting should report completed status":
	  <li
	    class="jasmine-passed"
	    id="spec_spec523"
	    title="MetaMapService KYC Status Reporting should report completed status"
	  />
	
	  Name "MetaMapService KYC Status Reporting should report ready status":
	  <li
	    class="jasmine-passed"
	    id="spec_spec522"
	    title="MetaMapService KYC Status Reporting should report ready status"
	  />
	
	  Name "MetaMapService SDK Availability Check should detect SDK availability when Mati object exists":
	  <li
	    class="jasmine-passed"
	    id="spec_spec531"
	    title="MetaMapService SDK Availability Check should detect SDK availability when Mati object exists"
	  />
	
	  Name "MetaMapService SDK Availability Check should report SDK as unavailable when neither exists":
	  <li
	    class="jasmine-passed"
	    id="spec_spec533"
	    title="MetaMapService SDK Availability Check should report SDK as unavailable when neither exists"
	  />
	
	  Name "MetaMapService SDK Availability Check should wait for page load when document not ready":
	  <li
	    class="jasmine-passed"
	    id="spec_spec535"
	    title="MetaMapService SDK Availability Check should wait for page load when document not ready"
	  />
	
	  Name "MetaMapService SDK Availability Check should detect SDK availability when metamap-button exists":
	  <li
	    class="jasmine-passed"
	    id="spec_spec532"
	    title="MetaMapService SDK Availability Check should detect SDK availability when metamap-button exists"
	  />
	
	  Name "MetaMapService SDK Availability Check should handle server-side rendering (no window object)":
	  <li
	    class="jasmine-pending"
	    id="spec_spec534"
	    title="MetaMapService SDK Availability Check should handle server-side rendering (no window object)"
	  />
	
	  Name "MetaMapService KYC Failure Simulation should handle client not found in failure simulation":
	  <li
	    class="jasmine-passed"
	    id="spec_spec530"
	    title="MetaMapService KYC Failure Simulation should handle client not found in failure simulation"
	  />
	
	  Name "MetaMapService KYC Failure Simulation should use default failure reason":
	  <li
	    class="jasmine-passed"
	    id="spec_spec529"
	    title="MetaMapService KYC Failure Simulation should use default failure reason"
	  />
	
	  Name "MetaMapService KYC Failure Simulation should simulate KYC failure":
	  <li
	    class="jasmine-passed"
	    id="spec_spec528"
	    title="MetaMapService KYC Failure Simulation should simulate KYC failure"
	  />
	
	  Name "MetaMapService Edge Cases and Error Handling should handle client without KYC document in completion":
	  <li
	    class="jasmine-passed"
	    id="spec_spec537"
	    title="MetaMapService Edge Cases and Error Handling should handle client without KYC document in completion"
	  />
	
	  Name "MetaMapService Edge Cases and Error Handling should handle exit event without reason":
	  <li
	    class="jasmine-passed"
	    id="spec_spec536"
	    title="MetaMapService Edge Cases and Error Handling should handle exit event without reason"
	  />
	
	  Name "MetaMapService Edge Cases and Error Handling should handle button creation with existing button in container":
	  <li
	    class="jasmine-passed"
	    id="spec_spec539"
	    title="MetaMapService Edge Cases and Error Handling should handle button creation with existing button in container"
	  />
	
	  Name "MetaMapService Edge Cases and Error Handling should handle empty verification data":
	  <li
	    class="jasmine-passed"
	    id="spec_spec538"
	    title="MetaMapService Edge Cases and Error Handling should handle empty verification data"
	  />
	
	  Name "LoginComponent Integration Tests should handle form submission with valid data":
	  <li
	    class="jasmine-failed"
	    id="spec_spec913"
	    title="LoginComponent Integration Tests should handle form submission with valid data"
	  />
	
	  Name "LoginComponent Integration Tests should show validation errors when form is submitted empty":
	  <li
	    class="jasmine-failed"
	    id="spec_spec910"
	    title="LoginComponent Integration Tests should show validation errors when form is submitted empty"
	  />
	
	  Name "LoginComponent Integration Tests should have proper accessibility attributes":
	  <li
	    class="jasmine-passed"
	    id="spec_spec915"
	    title="LoginComponent Integration Tests should have proper accessibility attributes"
	  />
	
	  Name "LoginComponent Integration Tests should enable submit button when form is valid":
	  <li
	    class="jasmine-failed"
	    id="spec_spec912"
	    title="LoginComponent Integration Tests should enable submit button when form is valid"
	  />
	
	  Name "LoginComponent Integration Tests should show email format error for invalid email":
	  <li
	    class="jasmine-passed"
	    id="spec_spec911"
	    title="LoginComponent Integration Tests should show email format error for invalid email"
	  />
	
	  Name "LoginComponent Integration Tests should display brand information":
	  <li
	    class="jasmine-passed"
	    id="spec_spec916"
	    title="LoginComponent Integration Tests should display brand information"
	  />
	
	  Name "LoginComponent Integration Tests should toggle password visibility":
	  <li
	    class="jasmine-passed"
	    id="spec_spec914"
	    title="LoginComponent Integration Tests should toggle password visibility"
	  />
	
	  Name "LoginComponent Integration Tests should render login form with all required fields":
	  <li
	    class="jasmine-failed"
	    id="spec_spec909"
	    title="LoginComponent Integration Tests should render login form with all required fields"
	  />
	
	  Name "HttpClientService POST Requests should show success message for POST requests":
	  <li
	    class="jasmine-passed"
	    id="spec_spec450"
	    title="HttpClientService POST Requests should show success message for POST requests"
	  />
	
	  Name "HttpClientService POST Requests should retry POST requests once":
	  <li
	    class="jasmine-empty"
	    id="spec_spec451"
	    title="HttpClientService POST Requests should retry POST requests once"
	  />
	
	  Name "HttpClientService POST Requests should perform POST request with data":
	  <li
	    class="jasmine-passed"
	    id="spec_spec449"
	    title="HttpClientService POST Requests should perform POST request with data"
	  />
	
	  Name "HttpClientService Success Handling should not log successful responses without messages":
	  <li
	    class="jasmine-passed"
	    id="spec_spec475"
	    title="HttpClientService Success Handling should not log successful responses without messages"
	  />
	
	  Name "HttpClientService Success Handling should log successful responses with messages":
	  <li
	    class="jasmine-passed"
	    id="spec_spec474"
	    title="HttpClientService Success Handling should log successful responses with messages"
	  />
	
	  Name "HttpClientService API Health Check should check API health successfully":
	  <li
	    class="jasmine-passed"
	    id="spec_spec469"
	    title="HttpClientService API Health Check should check API health successfully"
	  />
	
	  Name "HttpClientService API Health Check should handle API health check failure":
	  <li
	    class="jasmine-passed"
	    id="spec_spec471"
	    title="HttpClientService API Health Check should handle API health check failure"
	  />
	
	  Name "HttpClientService API Health Check should handle unhealthy API response":
	  <li
	    class="jasmine-passed"
	    id="spec_spec470"
	    title="HttpClientService API Health Check should handle unhealthy API response"
	  />
	
	  Name "HttpClientService GET Requests should retry failed GET requests":
	  <li
	    class="jasmine-empty"
	    id="spec_spec448"
	    title="HttpClientService GET Requests should retry failed GET requests"
	  />
	
	  Name "HttpClientService GET Requests should handle GET request with custom parameters":
	  <li
	    class="jasmine-passed"
	    id="spec_spec446"
	    title="HttpClientService GET Requests should handle GET request with custom parameters"
	  />
	
	  Name "HttpClientService GET Requests should add authentication headers":
	  <li
	    class="jasmine-passed"
	    id="spec_spec447"
	    title="HttpClientService GET Requests should add authentication headers"
	  />
	
	  Name "HttpClientService GET Requests should perform GET request with default options":
	  <li
	    class="jasmine-passed"
	    id="spec_spec445"
	    title="HttpClientService GET Requests should perform GET request with default options"
	  />
	
	  Name "HttpClientService Header Management should work without authentication token":
	  <li
	    class="jasmine-passed"
	    id="spec_spec460"
	    title="HttpClientService Header Management should work without authentication token"
	  />
	
	  Name "HttpClientService Header Management should merge custom headers with default headers":
	  <li
	    class="jasmine-passed"
	    id="spec_spec459"
	    title="HttpClientService Header Management should merge custom headers with default headers"
	  />
	
	  Name "HttpClientService Loading State Management should not show loading when disabled":
	  <li
	    class="jasmine-passed"
	    id="spec_spec473"
	    title="HttpClientService Loading State Management should not show loading when disabled"
	  />
	
	  Name "HttpClientService Loading State Management should manage loading state for multiple requests":
	  <li
	    class="jasmine-passed"
	    id="spec_spec472"
	    title="HttpClientService Loading State Management should manage loading state for multiple requests"
	  />
	
	  Name "HttpClientService File Upload should upload file with FormData":
	  <li
	    class="jasmine-passed"
	    id="spec_spec454"
	    title="HttpClientService File Upload should upload file with FormData"
	  />
	
	  Name "HttpClientService File Upload should upload file without additional data":
	  <li
	    class="jasmine-passed"
	    id="spec_spec455"
	    title="HttpClientService File Upload should upload file without additional data"
	  />
	
	  Name "HttpClientService Connection Monitoring should detect offline status change":
	  <li
	    class="jasmine-passed"
	    id="spec_spec443"
	    title="HttpClientService Connection Monitoring should detect offline status change"
	  />
	
	  Name "HttpClientService Connection Monitoring should detect online status change":
	  <li
	    class="jasmine-passed"
	    id="spec_spec442"
	    title="HttpClientService Connection Monitoring should detect online status change"
	  />
	
	  Name "HttpClientService Connection Monitoring should provide current connection status":
	  <li
	    class="jasmine-passed"
	    id="spec_spec444"
	    title="HttpClientService Connection Monitoring should provide current connection status"
	  />
	
	  Name "HttpClientService Error Handling should handle network connectivity issues":
	  <li
	    class="jasmine-failed"
	    id="spec_spec466"
	    title="HttpClientService Error Handling should handle network connectivity issues"
	  />
	
	  Name "HttpClientService Error Handling should handle 500 Internal Server Error":
	  <li
	    class="jasmine-passed"
	    id="spec_spec465"
	    title="HttpClientService Error Handling should handle 500 Internal Server Error"
	  />
	
	  Name "HttpClientService Error Handling should handle client-side errors":
	  <li
	    class="jasmine-passed"
	    id="spec_spec468"
	    title="HttpClientService Error Handling should handle client-side errors"
	  />
	
	  Name "HttpClientService Error Handling should not show error toast when showError is false":
	  <li
	    class="jasmine-passed"
	    id="spec_spec467"
	    title="HttpClientService Error Handling should not show error toast when showError is false"
	  />
	
	  Name "HttpClientService Error Handling should handle 422 Validation Error with detailed messages":
	  <li
	    class="jasmine-passed"
	    id="spec_spec464"
	    title="HttpClientService Error Handling should handle 422 Validation Error with detailed messages"
	  />
	
	  Name "HttpClientService Error Handling should handle 404 Not Found error":
	  <li
	    class="jasmine-passed"
	    id="spec_spec463"
	    title="HttpClientService Error Handling should handle 404 Not Found error"
	  />
	
	  Name "HttpClientService Error Handling should handle 401 Unauthorized and logout user":
	  <li
	    class="jasmine-passed"
	    id="spec_spec462"
	    title="HttpClientService Error Handling should handle 401 Unauthorized and logout user"
	  />
	
	  Name "HttpClientService Error Handling should handle 400 Bad Request error":
	  <li
	    class="jasmine-passed"
	    id="spec_spec461"
	    title="HttpClientService Error Handling should handle 400 Bad Request error"
	  />
	
	  Name "HttpClientService URL Building should handle nested endpoints":
	  <li
	    class="jasmine-empty"
	    id="spec_spec458"
	    title="HttpClientService URL Building should handle nested endpoints"
	  />
	
	  Name "HttpClientService URL Building should handle URLs with leading slash":
	  <li
	    class="jasmine-passed"
	    id="spec_spec457"
	    title="HttpClientService URL Building should handle URLs with leading slash"
	  />
	
	  Name "HttpClientService URL Building should build correct URLs":
	  <li
	    class="jasmine-passed"
	    id="spec_spec456"
	    title="HttpClientService URL Building should build correct URLs"
	  />
	
	  Name "HttpClientService PUT Requests should perform PUT request":
	  <li
	    class="jasmine-passed"
	    id="spec_spec452"
	    title="HttpClientService PUT Requests should perform PUT request"
	  />
	
	  Name "HttpClientService DELETE Requests should perform DELETE request":
	  <li
	    class="jasmine-passed"
	    id="spec_spec453"
	    title="HttpClientService DELETE Requests should perform DELETE request"
	  />
	
	  Name "HttpClientService Service Initialization should be created":
	  <li
	    class="jasmine-passed"
	    id="spec_spec440"
	    title="HttpClientService Service Initialization should be created"
	  />
	
	  Name "HttpClientService Service Initialization should initialize with connection status":
	  <li
	    class="jasmine-passed"
	    id="spec_spec441"
	    title="HttpClientService Service Initialization should initialize with connection status"
	  />
	
	  Name "DocumentValidationService Ecosystem Document Validation (EdoMex) should validate critical agremiado documents":
	  <li
	    class="jasmine-passed"
	    id="spec_spec380"
	    title="DocumentValidationService Ecosystem Document Validation (EdoMex) should validate critical agremiado documents"
	  />
	
	  Name "DocumentValidationService Ecosystem Document Validation (EdoMex) should detect missing critical ecosystem documents":
	  <li
	    class="jasmine-passed"
	    id="spec_spec378"
	    title="DocumentValidationService Ecosystem Document Validation (EdoMex) should detect missing critical ecosystem documents"
	  />
	
	  Name "DocumentValidationService Ecosystem Document Validation (EdoMex) should assess ecosystem risk level correctly":
	  <li
	    class="jasmine-passed"
	    id="spec_spec379"
	    title="DocumentValidationService Ecosystem Document Validation (EdoMex) should assess ecosystem risk level correctly"
	  />
	
	  Name "DocumentValidationService Ecosystem Document Validation (EdoMex) should validate complete ecosystem documents":
	  <li
	    class="jasmine-passed"
	    id="spec_spec377"
	    title="DocumentValidationService Ecosystem Document Validation (EdoMex) should validate complete ecosystem documents"
	  />
	
	  Name "DocumentValidationService Edge Cases and Error Handling should handle empty document list":
	  <li
	    class="jasmine-passed"
	    id="spec_spec395"
	    title="DocumentValidationService Edge Cases and Error Handling should handle empty document list"
	  />
	
	  Name "DocumentValidationService Edge Cases and Error Handling should handle clients without market assignment":
	  <li
	    class="jasmine-passed"
	    id="spec_spec397"
	    title="DocumentValidationService Edge Cases and Error Handling should handle clients without market assignment"
	  />
	
	  Name "DocumentValidationService Edge Cases and Error Handling should handle documents without names":
	  <li
	    class="jasmine-passed"
	    id="spec_spec396"
	    title="DocumentValidationService Edge Cases and Error Handling should handle documents without names"
	  />
	
	  Name "DocumentValidationService Edge Cases and Error Handling should generate compliance recommendations for various scenarios":
	  <li
	    class="jasmine-passed"
	    id="spec_spec399"
	    title="DocumentValidationService Edge Cases and Error Handling should generate compliance recommendations for various scenarios"
	  />
	
	  Name "DocumentValidationService Edge Cases and Error Handling should handle ecosystem validation with empty document list":
	  <li
	    class="jasmine-passed"
	    id="spec_spec398"
	    title="DocumentValidationService Edge Cases and Error Handling should handle ecosystem validation with empty document list"
	  />
	
	  Name "DocumentValidationService Validation Rules should assess legibility scores":
	  <li
	    class="jasmine-passed"
	    id="spec_spec394"
	    title="DocumentValidationService Validation Rules should assess legibility scores"
	  />
	
	  Name "DocumentValidationService Validation Rules should check document expiration":
	  <li
	    class="jasmine-passed"
	    id="spec_spec392"
	    title="DocumentValidationService Validation Rules should check document expiration"
	  />
	
	  Name "DocumentValidationService Validation Rules should validate file formats correctly":
	  <li
	    class="jasmine-passed"
	    id="spec_spec391"
	    title="DocumentValidationService Validation Rules should validate file formats correctly"
	  />
	
	  Name "DocumentValidationService Validation Rules should handle documents without expiration date":
	  <li
	    class="jasmine-passed"
	    id="spec_spec393"
	    title="DocumentValidationService Validation Rules should handle documents without expiration date"
	  />
	
	  Name "DocumentValidationService Document Validation should generate auto-corrections for fixable issues":
	  <li
	    class="jasmine-passed"
	    id="spec_spec370"
	    title="DocumentValidationService Document Validation should generate auto-corrections for fixable issues"
	  />
	
	  Name "DocumentValidationService Document Validation should validate document with valid format":
	  <li
	    class="jasmine-passed"
	    id="spec_spec367"
	    title="DocumentValidationService Document Validation should validate document with valid format"
	  />
	
	  Name "DocumentValidationService Document Validation should provide suggestions for improvement":
	  <li
	    class="jasmine-passed"
	    id="spec_spec371"
	    title="DocumentValidationService Document Validation should provide suggestions for improvement"
	  />
	
	  Name "DocumentValidationService Document Validation should detect invalid file format":
	  <li
	    class="jasmine-passed"
	    id="spec_spec368"
	    title="DocumentValidationService Document Validation should detect invalid file format"
	  />
	
	  Name "DocumentValidationService Document Validation should detect expired documents":
	  <li
	    class="jasmine-passed"
	    id="spec_spec369"
	    title="DocumentValidationService Document Validation should detect expired documents"
	  />
	
	  Name "DocumentValidationService Document Type Detection should provide suggestions for unclear filenames":
	  <li
	    class="jasmine-passed"
	    id="spec_spec389"
	    title="DocumentValidationService Document Type Detection should provide suggestions for unclear filenames"
	  />
	
	  Name "DocumentValidationService Document Type Detection should handle various file extensions":
	  <li
	    class="jasmine-passed"
	    id="spec_spec390"
	    title="DocumentValidationService Document Type Detection should handle various file extensions"
	  />
	
	  Name "DocumentValidationService Document Type Detection should detect INE from filename":
	  <li
	    class="jasmine-passed"
	    id="spec_spec385"
	    title="DocumentValidationService Document Type Detection should detect INE from filename"
	  />
	
	  Name "DocumentValidationService Document Type Detection should detect RFC documents":
	  <li
	    class="jasmine-passed"
	    id="spec_spec386"
	    title="DocumentValidationService Document Type Detection should detect RFC documents"
	  />
	
	  Name "DocumentValidationService Document Type Detection should detect ecosystem documents":
	  <li
	    class="jasmine-passed"
	    id="spec_spec387"
	    title="DocumentValidationService Document Type Detection should detect ecosystem documents"
	  />
	
	  Name "DocumentValidationService Document Type Detection should detect carta aval documents":
	  <li
	    class="jasmine-passed"
	    id="spec_spec388"
	    title="DocumentValidationService Document Type Detection should detect carta aval documents"
	  />
	
	  Name "DocumentValidationService Document Requirements by Market/Flow should return AGS specific requirements":
	  <li
	    class="jasmine-passed"
	    id="spec_spec381"
	    title="DocumentValidationService Document Requirements by Market/Flow should return AGS specific requirements"
	  />
	
	  Name "DocumentValidationService Document Requirements by Market/Flow should return EdoMex specific requirements":
	  <li
	    class="jasmine-passed"
	    id="spec_spec382"
	    title="DocumentValidationService Document Requirements by Market/Flow should return EdoMex specific requirements"
	  />
	
	  Name "DocumentValidationService Document Requirements by Market/Flow should filter requirements by flow type":
	  <li
	    class="jasmine-passed"
	    id="spec_spec383"
	    title="DocumentValidationService Document Requirements by Market/Flow should filter requirements by flow type"
	  />
	
	  Name "DocumentValidationService Document Requirements by Market/Flow should apply conditional requirements":
	  <li
	    class="jasmine-passed"
	    id="spec_spec384"
	    title="DocumentValidationService Document Requirements by Market/Flow should apply conditional requirements"
	  />
	
	  Name "DocumentValidationService Compliance Report Generation should generate compliance report for Aguascalientes client":
	  <li
	    class="jasmine-passed"
	    id="spec_spec372"
	    title="DocumentValidationService Compliance Report Generation should generate compliance report for Aguascalientes client"
	  />
	
	  Name "DocumentValidationService Compliance Report Generation should identify missing documents":
	  <li
	    class="jasmine-passed"
	    id="spec_spec373"
	    title="DocumentValidationService Compliance Report Generation should identify missing documents"
	  />
	
	  Name "DocumentValidationService Compliance Report Generation should categorize documents correctly":
	  <li
	    class="jasmine-passed"
	    id="spec_spec374"
	    title="DocumentValidationService Compliance Report Generation should categorize documents correctly"
	  />
	
	  Name "DocumentValidationService Compliance Report Generation should provide blocking issues for incomplete documents":
	  <li
	    class="jasmine-passed"
	    id="spec_spec375"
	    title="DocumentValidationService Compliance Report Generation should provide blocking issues for incomplete documents"
	  />
	
	  Name "DocumentValidationService Compliance Report Generation should generate appropriate next steps":
	  <li
	    class="jasmine-passed"
	    id="spec_spec376"
	    title="DocumentValidationService Compliance Report Generation should generate appropriate next steps"
	  />
	
	  Name "DocumentValidationService Service Initialization should initialize document requirements":
	  <li
	    class="jasmine-passed"
	    id="spec_spec366"
	    title="DocumentValidationService Service Initialization should initialize document requirements"
	  />
	
	  Name "DocumentValidationService Service Initialization should be created":
	  <li
	    class="jasmine-passed"
	    id="spec_spec365"
	    title="DocumentValidationService Service Initialization should be created"
	  />
	
	  Name "ConektaPaymentService Payment History and Status should get payment history with customer filter":
	  <li
	    class="jasmine-passed"
	    id="spec_spec183"
	    title="ConektaPaymentService Payment History and Status should get payment history with customer filter"
	  />
	
	  Name "ConektaPaymentService Payment History and Status should get payment history without customer filter":
	  <li
	    class="jasmine-passed"
	    id="spec_spec182"
	    title="ConektaPaymentService Payment History and Status should get payment history without customer filter"
	  />
	
	  Name "ConektaPaymentService Payment History and Status should get payment status":
	  <li
	    class="jasmine-passed"
	    id="spec_spec184"
	    title="ConektaPaymentService Payment History and Status should get payment status"
	  />
	
	  Name "ConektaPaymentService Error Handling Edge Cases should handle errors with simple message":
	  <li
	    class="jasmine-passed"
	    id="spec_spec192"
	    title="ConektaPaymentService Error Handling Edge Cases should handle errors with simple message"
	  />
	
	  Name "ConektaPaymentService Error Handling Edge Cases should handle errors without structured response":
	  <li
	    class="jasmine-passed"
	    id="spec_spec193"
	    title="ConektaPaymentService Error Handling Edge Cases should handle errors without structured response"
	  />
	
	  Name "ConektaPaymentService Test Methods should create test payment with custom amount":
	  <li
	    class="jasmine-passed"
	    id="spec_spec191"
	    title="ConektaPaymentService Test Methods should create test payment with custom amount"
	  />
	
	  Name "ConektaPaymentService Test Methods should create test payment with default amount":
	  <li
	    class="jasmine-passed"
	    id="spec_spec190"
	    title="ConektaPaymentService Test Methods should create test payment with default amount"
	  />
	
	  Name "ConektaPaymentService Business Logic Helpers should handle monthly payment setup errors":
	  <li
	    class="jasmine-passed"
	    id="spec_spec189"
	    title="ConektaPaymentService Business Logic Helpers should handle monthly payment setup errors"
	  />
	
	  Name "ConektaPaymentService Business Logic Helpers should create down payment link":
	  <li
	    class="jasmine-passed"
	    id="spec_spec188"
	    title="ConektaPaymentService Business Logic Helpers should create down payment link"
	  />
	
	  Name "ConektaPaymentService Webhook Validation should handle validation errors gracefully":
	  <li
	    class="jasmine-pending"
	    id="spec_spec187"
	    title="ConektaPaymentService Webhook Validation should handle validation errors gracefully"
	  />
	
	  Name "ConektaPaymentService Webhook Validation should reject incorrect webhook signature":
	  <li
	    class="jasmine-passed"
	    id="spec_spec186"
	    title="ConektaPaymentService Webhook Validation should reject incorrect webhook signature"
	  />
	
	  Name "ConektaPaymentService Webhook Validation should validate correct webhook signature":
	  <li
	    class="jasmine-passed"
	    id="spec_spec185"
	    title="ConektaPaymentService Webhook Validation should validate correct webhook signature"
	  />
	
	  Name "ConektaPaymentService Service Initialization should load Conekta SDK on initialization":
	  <li
	    class="jasmine-passed"
	    id="spec_spec166"
	    title="ConektaPaymentService Service Initialization should load Conekta SDK on initialization"
	  />
	
	  Name "ConektaPaymentService Service Initialization should be created":
	  <li
	    class="jasmine-passed"
	    id="spec_spec165"
	    title="ConektaPaymentService Service Initialization should be created"
	  />
	
	  Name "ConektaPaymentService Card Tokenization should tokenize valid card successfully":
	  <li
	    class="jasmine-passed"
	    id="spec_spec167"
	    title="ConektaPaymentService Card Tokenization should tokenize valid card successfully"
	  />
	
	  Name "ConektaPaymentService Card Tokenization should generate random tokens for other card numbers":
	  <li
	    class="jasmine-passed"
	    id="spec_spec169"
	    title="ConektaPaymentService Card Tokenization should generate random tokens for other card numbers"
	  />
	
	  Name "ConektaPaymentService Card Tokenization should handle tokenization errors":
	  <li
	    class="jasmine-passed"
	    id="spec_spec168"
	    title="ConektaPaymentService Card Tokenization should handle tokenization errors"
	  />
	
	  Name "ConektaPaymentService Payment Processing should handle payment processing errors":
	  <li
	    class="jasmine-passed"
	    id="spec_spec171"
	    title="ConektaPaymentService Payment Processing should handle payment processing errors"
	  />
	
	  Name "ConektaPaymentService Payment Processing should process card payment successfully":
	  <li
	    class="jasmine-passed"
	    id="spec_spec170"
	    title="ConektaPaymentService Payment Processing should process card payment successfully"
	  />
	
	  Name "ConektaPaymentService Payment Links (Cash Payments) should set default expiration if not provided":
	  <li
	    class="jasmine-passed"
	    id="spec_spec173"
	    title="ConektaPaymentService Payment Links (Cash Payments) should set default expiration if not provided"
	  />
	
	  Name "ConektaPaymentService Payment Links (Cash Payments) should create payment link for cash payments":
	  <li
	    class="jasmine-passed"
	    id="spec_spec172"
	    title="ConektaPaymentService Payment Links (Cash Payments) should create payment link for cash payments"
	  />
	
	  Name "ConektaPaymentService Customer Management should update customer":
	  <li
	    class="jasmine-passed"
	    id="spec_spec175"
	    title="ConektaPaymentService Customer Management should update customer"
	  />
	
	  Name "ConektaPaymentService Customer Management should create customer":
	  <li
	    class="jasmine-passed"
	    id="spec_spec174"
	    title="ConektaPaymentService Customer Management should create customer"
	  />
	
	  Name "ConektaPaymentService Customer Management should get customer":
	  <li
	    class="jasmine-passed"
	    id="spec_spec176"
	    title="ConektaPaymentService Customer Management should get customer"
	  />
	
	  Name "ConektaPaymentService Subscription Management should pause subscription":
	  <li
	    class="jasmine-passed"
	    id="spec_spec180"
	    title="ConektaPaymentService Subscription Management should pause subscription"
	  />
	
	  Name "ConektaPaymentService Subscription Management should get subscription":
	  <li
	    class="jasmine-passed"
	    id="spec_spec179"
	    title="ConektaPaymentService Subscription Management should get subscription"
	  />
	
	  Name "ConektaPaymentService Subscription Management should create subscription":
	  <li
	    class="jasmine-passed"
	    id="spec_spec178"
	    title="ConektaPaymentService Subscription Management should create subscription"
	  />
	
	  Name "ConektaPaymentService Subscription Management should cancel subscription":
	  <li
	    class="jasmine-passed"
	    id="spec_spec181"
	    title="ConektaPaymentService Subscription Management should cancel subscription"
	  />
	
	  Name "ConektaPaymentService Subscription Management should create subscription plan":
	  <li
	    class="jasmine-passed"
	    id="spec_spec177"
	    title="ConektaPaymentService Subscription Management should create subscription plan"
	  />
	
	  Name "ToastService Observable Behavior should emit each toast separately":
	  <li
	    class="jasmine-passed"
	    id="spec_spec799"
	    title="ToastService Observable Behavior should emit each toast separately"
	  />
	
	  Name "ToastService Observable Behavior should emit toasts through observable":
	  <li
	    class="jasmine-passed"
	    id="spec_spec797"
	    title="ToastService Observable Behavior should emit toasts through observable"
	  />
	
	  Name "ToastService Observable Behavior should support multiple subscribers":
	  <li
	    class="jasmine-passed"
	    id="spec_spec798"
	    title="ToastService Observable Behavior should support multiple subscribers"
	  />
	
	  Name "ToastService Edge Cases should handle very long message":
	  <li
	    class="jasmine-passed"
	    id="spec_spec801"
	    title="ToastService Edge Cases should handle very long message"
	  />
	
	  Name "ToastService Edge Cases should handle empty message":
	  <li
	    class="jasmine-passed"
	    id="spec_spec800"
	    title="ToastService Edge Cases should handle empty message"
	  />
	
	  Name "ToastService Edge Cases should handle rapid consecutive toasts":
	  <li
	    class="jasmine-failed"
	    id="spec_spec805"
	    title="ToastService Edge Cases should handle rapid consecutive toasts"
	  />
	
	  Name "ToastService Edge Cases should handle special characters in message":
	  <li
	    class="jasmine-passed"
	    id="spec_spec804"
	    title="ToastService Edge Cases should handle special characters in message"
	  />
	
	  Name "ToastService Edge Cases should handle negative duration":
	  <li
	    class="jasmine-passed"
	    id="spec_spec803"
	    title="ToastService Edge Cases should handle negative duration"
	  />
	
	  Name "ToastService Edge Cases should handle zero duration":
	  <li
	    class="jasmine-passed"
	    id="spec_spec802"
	    title="ToastService Edge Cases should handle zero duration"
	  />
	
	  Name "ToastService Toast State Management should handle removing all toasts":
	  <li
	    class="jasmine-passed"
	    id="spec_spec807"
	    title="ToastService Toast State Management should handle removing all toasts"
	  />
	
	  Name "ToastService Toast State Management should maintain correct state after multiple operations":
	  <li
	    class="jasmine-failed"
	    id="spec_spec806"
	    title="ToastService Toast State Management should maintain correct state after multiple operations"
	  />
	
	  Name "ToastService Service Initialization should have toasts$ observable":
	  <li
	    class="jasmine-passed"
	    id="spec_spec780"
	    title="ToastService Service Initialization should have toasts$ observable"
	  />
	
	  Name "ToastService Service Initialization should initialize with empty toasts array":
	  <li
	    class="jasmine-passed"
	    id="spec_spec779"
	    title="ToastService Service Initialization should initialize with empty toasts array"
	  />
	
	  Name "ToastService Service Initialization should be created":
	  <li
	    class="jasmine-passed"
	    id="spec_spec778"
	    title="ToastService Service Initialization should be created"
	  />
	
	  Name "ToastService Success Toast should create success toast with default duration":
	  <li
	    class="jasmine-passed"
	    id="spec_spec781"
	    title="ToastService Success Toast should create success toast with default duration"
	  />
	
	  Name "ToastService Success Toast should create success toast with custom duration":
	  <li
	    class="jasmine-passed"
	    id="spec_spec782"
	    title="ToastService Success Toast should create success toast with custom duration"
	  />
	
	  Name "ToastService Success Toast should add success toast to toasts array":
	  <li
	    class="jasmine-passed"
	    id="spec_spec783"
	    title="ToastService Success Toast should add success toast to toasts array"
	  />
	
	  Name "ToastService Warning Toast should create warning toast with default duration":
	  <li
	    class="jasmine-passed"
	    id="spec_spec786"
	    title="ToastService Warning Toast should create warning toast with default duration"
	  />
	
	  Name "ToastService Warning Toast should create warning toast with custom duration":
	  <li
	    class="jasmine-passed"
	    id="spec_spec787"
	    title="ToastService Warning Toast should create warning toast with custom duration"
	  />
	
	  Name "ToastService Error Toast should create error toast with default duration":
	  <li
	    class="jasmine-passed"
	    id="spec_spec784"
	    title="ToastService Error Toast should create error toast with default duration"
	  />
	
	  Name "ToastService Error Toast should create error toast with custom duration":
	  <li
	    class="jasmine-passed"
	    id="spec_spec785"
	    title="ToastService Error Toast should create error toast with custom duration"
	  />
	
	  Name "ToastService Info Toast should create info toast with default duration":
	  <li
	    class="jasmine-passed"
	    id="spec_spec788"
	    title="ToastService Info Toast should create info toast with default duration"
	  />
	
	  Name "ToastService Info Toast should create info toast with custom duration":
	  <li
	    class="jasmine-passed"
	    id="spec_spec789"
	    title="ToastService Info Toast should create info toast with custom duration"
	  />
	
	  Name "ToastService Toast Management should handle removing non-existent toast ID":
	  <li
	    class="jasmine-passed"
	    id="spec_spec792"
	    title="ToastService Toast Management should handle removing non-existent toast ID"
	  />
	
	  Name "ToastService Toast Management should remove only specified toast when multiple exist":
	  <li
	    class="jasmine-failed"
	    id="spec_spec793"
	    title="ToastService Toast Management should remove only specified toast when multiple exist"
	  />
	
	  Name "ToastService Toast Management should generate unique IDs for different toasts":
	  <li
	    class="jasmine-failed"
	    id="spec_spec790"
	    title="ToastService Toast Management should generate unique IDs for different toasts"
	  />
	
	  Name "ToastService Toast Management should remove toast by ID":
	  <li
	    class="jasmine-passed"
	    id="spec_spec791"
	    title="ToastService Toast Management should remove toast by ID"
	  />
	
	  Name "ToastService Auto-removal Functionality should handle manual removal before auto-removal":
	  <li
	    class="jasmine-passed"
	    id="spec_spec796"
	    title="ToastService Auto-removal Functionality should handle manual removal before auto-removal"
	  />
	
	  Name "ToastService Auto-removal Functionality should auto-remove toast after specified duration":
	  <li
	    class="jasmine-passed"
	    id="spec_spec794"
	    title="ToastService Auto-removal Functionality should auto-remove toast after specified duration"
	  />
	
	  Name "ToastService Auto-removal Functionality should auto-remove multiple toasts at different times":
	  <li
	    class="jasmine-failed"
	    id="spec_spec795"
	    title="ToastService Auto-removal Functionality should auto-remove multiple toasts at different times"
	  />
	
	  Name "math.util safe operations should reduce FP drift":
	  <li
	    class="jasmine-passed"
	    id="spec_spec844"
	    title="math.util safe operations should reduce FP drift"
	  />
	
	  Name "math.util round2 should round to 2 decimals":
	  <li
	    class="jasmine-passed"
	    id="spec_spec843"
	    title="math.util round2 should round to 2 decimals"
	  />
	
	  Name "math.util annuity should compute payment correctly":
	  <li
	    class="jasmine-passed"
	    id="spec_spec847"
	    title="math.util annuity should compute payment correctly"
	  />
	
	  Name "math.util clamp should bound values":
	  <li
	    class="jasmine-passed"
	    id="spec_spec845"
	    title="math.util clamp should bound values"
	  />
	
	  Name "math.util monthsToYearsCeil should ceil to years":
	  <li
	    class="jasmine-passed"
	    id="spec_spec849"
	    title="math.util monthsToYearsCeil should ceil to years"
	  />
	
	  Name "math.util helpers should aggregate values":
	  <li
	    class="jasmine-passed"
	    id="spec_spec848"
	    title="math.util helpers should aggregate values"
	  />
	
	  Name "math.util rate conversions should be consistent":
	  <li
	    class="jasmine-passed"
	    id="spec_spec846"
	    title="math.util rate conversions should be consistent"
	  />
	
	  Name "format.util formatCurrencyMXN should format with symbol and two decimals":
	  <li
	    class="jasmine-passed"
	    id="spec_spec839"
	    title="format.util formatCurrencyMXN should format with symbol and two decimals"
	  />
	
	  Name "format.util parseCurrency should parse strings with symbols and commas":
	  <li
	    class="jasmine-passed"
	    id="spec_spec840"
	    title="format.util parseCurrency should parse strings with symbols and commas"
	  />
	
	  Name "format.util toYears should render human friendly term":
	  <li
	    class="jasmine-passed"
	    id="spec_spec842"
	    title="format.util toYears should render human friendly term"
	  />
	
	  Name "format.util formatPercent should format with default decimals":
	  <li
	    class="jasmine-passed"
	    id="spec_spec841"
	    title="format.util formatPercent should format with default decimals"
	  />
	
	  Name "BackendApiService Error Handling Edge Cases should handle storage errors gracefully":
	  <li
	    class="jasmine-passed"
	    id="spec_spec114"
	    title="BackendApiService Error Handling Edge Cases should handle storage errors gracefully"
	  />
	
	  Name "BackendApiService Error Handling Edge Cases should handle null client data from local storage":
	  <li
	    class="jasmine-passed"
	    id="spec_spec113"
	    title="BackendApiService Error Handling Edge Cases should handle null client data from local storage"
	  />
	
	  Name "BackendApiService Error Handling Edge Cases should handle unknown action types in sync":
	  <li
	    class="jasmine-passed"
	    id="spec_spec115"
	    title="BackendApiService Error Handling Edge Cases should handle unknown action types in sync"
	  />
	
	  Name "BackendApiService Contract Management should get contract successfully":
	  <li
	    class="jasmine-passed"
	    id="spec_spec90"
	    title="BackendApiService Contract Management should get contract successfully"
	  />
	
	  Name "BackendApiService Contract Management should fallback to local storage when getting client contracts fails":
	  <li
	    class="jasmine-passed"
	    id="spec_spec93"
	    title="BackendApiService Contract Management should fallback to local storage when getting client contracts fails"
	  />
	
	  Name "BackendApiService Contract Management should get client contracts successfully":
	  <li
	    class="jasmine-passed"
	    id="spec_spec92"
	    title="BackendApiService Contract Management should get client contracts successfully"
	  />
	
	  Name "BackendApiService Contract Management should handle create contract offline mode":
	  <li
	    class="jasmine-passed"
	    id="spec_spec89"
	    title="BackendApiService Contract Management should handle create contract offline mode"
	  />
	
	  Name "BackendApiService Contract Management should create contract successfully":
	  <li
	    class="jasmine-passed"
	    id="spec_spec88"
	    title="BackendApiService Contract Management should create contract successfully"
	  />
	
	  Name "BackendApiService Contract Management should fallback to local storage when getting contract fails":
	  <li
	    class="jasmine-passed"
	    id="spec_spec91"
	    title="BackendApiService Contract Management should fallback to local storage when getting contract fails"
	  />
	
	  Name "BackendApiService Mock Data Generation should generate all mock ecosystems when no market filter":
	  <li
	    class="jasmine-passed"
	    id="spec_spec112"
	    title="BackendApiService Mock Data Generation should generate all mock ecosystems when no market filter"
	  />
	
	  Name "BackendApiService Mock Data Generation should generate mock ecosystems for EDOMEX market":
	  <li
	    class="jasmine-passed"
	    id="spec_spec111"
	    title="BackendApiService Mock Data Generation should generate mock ecosystems for EDOMEX market"
	  />
	
	  Name "BackendApiService Mock Data Generation should generate mock ecosystems for AGS market":
	  <li
	    class="jasmine-passed"
	    id="spec_spec110"
	    title="BackendApiService Mock Data Generation should generate mock ecosystems for AGS market"
	  />
	
	  Name "BackendApiService Service Initialization should have correct API configuration":
	  <li
	    class="jasmine-passed"
	    id="spec_spec79"
	    title="BackendApiService Service Initialization should have correct API configuration"
	  />
	
	  Name "BackendApiService Service Initialization should initialize with online status":
	  <li
	    class="jasmine-passed"
	    id="spec_spec78"
	    title="BackendApiService Service Initialization should initialize with online status"
	  />
	
	  Name "BackendApiService Service Initialization should be created":
	  <li
	    class="jasmine-passed"
	    id="spec_spec77"
	    title="BackendApiService Service Initialization should be created"
	  />
	
	  Name "BackendApiService Client Management should create client successfully":
	  <li
	    class="jasmine-passed"
	    id="spec_spec80"
	    title="BackendApiService Client Management should create client successfully"
	  />
	
	  Name "BackendApiService Client Management should handle update client offline mode":
	  <li
	    class="jasmine-passed"
	    id="spec_spec83"
	    title="BackendApiService Client Management should handle update client offline mode"
	  />
	
	  Name "BackendApiService Client Management should handle create client offline mode":
	  <li
	    class="jasmine-passed"
	    id="spec_spec81"
	    title="BackendApiService Client Management should handle create client offline mode"
	  />
	
	  Name "BackendApiService Client Management should get client successfully":
	  <li
	    class="jasmine-passed"
	    id="spec_spec84"
	    title="BackendApiService Client Management should get client successfully"
	  />
	
	  Name "BackendApiService Client Management should update client successfully":
	  <li
	    class="jasmine-failed"
	    id="spec_spec82"
	    title="BackendApiService Client Management should update client successfully"
	  />
	
	  Name "BackendApiService Client Management should fallback to local storage when getting client fails":
	  <li
	    class="jasmine-passed"
	    id="spec_spec85"
	    title="BackendApiService Client Management should fallback to local storage when getting client fails"
	  />
	
	  Name "BackendApiService Client Management should return empty array when getting clients fails":
	  <li
	    class="jasmine-passed"
	    id="spec_spec87"
	    title="BackendApiService Client Management should return empty array when getting clients fails"
	  />
	
	  Name "BackendApiService Client Management should get clients with filters":
	  <li
	    class="jasmine-passed"
	    id="spec_spec86"
	    title="BackendApiService Client Management should get clients with filters"
	  />
	
	  Name "BackendApiService Sync Management should sync pending actions when coming online":
	  <li
	    class="jasmine-failed"
	    id="spec_spec104"
	    title="BackendApiService Sync Management should sync pending actions when coming online"
	  />
	
	  Name "BackendApiService Sync Management should handle sync errors gracefully":
	  <li
	    class="jasmine-passed"
	    id="spec_spec105"
	    title="BackendApiService Sync Management should handle sync errors gracefully"
	  />
	
	  Name "BackendApiService File Upload should upload document successfully":
	  <li
	    class="jasmine-passed"
	    id="spec_spec102"
	    title="BackendApiService File Upload should upload document successfully"
	  />
	
	  Name "BackendApiService File Upload should handle upload document offline mode":
	  <li
	    class="jasmine-passed"
	    id="spec_spec103"
	    title="BackendApiService File Upload should handle upload document offline mode"
	  />
	
	  Name "BackendApiService Network Status Management should update online status when network changes":
	  <li
	    class="jasmine-failed"
	    id="spec_spec108"
	    title="BackendApiService Network Status Management should update online status when network changes"
	  />
	
	  Name "BackendApiService Network Status Management should trigger sync when going back online":
	  <li
	    class="jasmine-failed"
	    id="spec_spec109"
	    title="BackendApiService Network Status Management should trigger sync when going back online"
	  />
	
	  Name "BackendApiService Health Check should return offline health status when API fails":
	  <li
	    class="jasmine-passed"
	    id="spec_spec107"
	    title="BackendApiService Health Check should return offline health status when API fails"
	  />
	
	  Name "BackendApiService Health Check should return online health status":
	  <li
	    class="jasmine-passed"
	    id="spec_spec106"
	    title="BackendApiService Health Check should return online health status"
	  />
	
	  Name "BackendApiService Ecosystem Management should update ecosystem capacity successfully":
	  <li
	    class="jasmine-passed"
	    id="spec_spec98"
	    title="BackendApiService Ecosystem Management should update ecosystem capacity successfully"
	  />
	
	  Name "BackendApiService Ecosystem Management should get ecosystem by ID successfully":
	  <li
	    class="jasmine-passed"
	    id="spec_spec97"
	    title="BackendApiService Ecosystem Management should get ecosystem by ID successfully"
	  />
	
	  Name "BackendApiService Ecosystem Management should return mock data when getting ecosystems fails":
	  <li
	    class="jasmine-passed"
	    id="spec_spec96"
	    title="BackendApiService Ecosystem Management should return mock data when getting ecosystems fails"
	  />
	
	  Name "BackendApiService Ecosystem Management should get ecosystems with market filter":
	  <li
	    class="jasmine-passed"
	    id="spec_spec95"
	    title="BackendApiService Ecosystem Management should get ecosystems with market filter"
	  />
	
	  Name "BackendApiService Ecosystem Management should get ecosystems successfully":
	  <li
	    class="jasmine-passed"
	    id="spec_spec94"
	    title="BackendApiService Ecosystem Management should get ecosystems successfully"
	  />
	
	  Name "BackendApiService Dashboard and Analytics should get dashboard data successfully":
	  <li
	    class="jasmine-passed"
	    id="spec_spec99"
	    title="BackendApiService Dashboard and Analytics should get dashboard data successfully"
	  />
	
	  Name "BackendApiService Dashboard and Analytics should get dashboard data with advisor filter":
	  <li
	    class="jasmine-failed"
	    id="spec_spec100"
	    title="BackendApiService Dashboard and Analytics should get dashboard data with advisor filter"
	  />
	
	  Name "BackendApiService Dashboard and Analytics should return offline dashboard data when API fails":
	  <li
	    class="jasmine-passed"
	    id="spec_spec101"
	    title="BackendApiService Dashboard and Analytics should return offline dashboard data when API fails"
	  />
	
	  Name "CotizadorEngineService calculates insurance by years ceil(term/12)":
	  <li
	    class="jasmine-passed"
	    id="spec_spec256"
	    title="CotizadorEngineService calculates insurance by years ceil(term/12)"
	  />
	
	  Name "CotizadorEngineService validates down payment min/max range":
	  <li
	    class="jasmine-passed"
	    id="spec_spec257"
	    title="CotizadorEngineService validates down payment min/max range"
	  />
	
	  Name "CotizadorEngineService computes monthly payment, total cost and CAT consistently":
	  <li
	    class="jasmine-passed"
	    id="spec_spec258"
	    title="CotizadorEngineService computes monthly payment, total cost and CAT consistently"
	  />
	
	  Name "OnboardingEngineService should call updateClient with id and updated object on reviewDocument":
	  <li
	    class="jasmine-passed"
	    id="spec_spec661"
	    title="OnboardingEngineService should call updateClient with id and updated object on reviewDocument"
	  />
	
	  Name "OnboardingEngineService should call updateClient with id and updated object on document submission":
	  <li
	    class="jasmine-passed"
	    id="spec_spec660"
	    title="OnboardingEngineService should call updateClient with id and updated object on document submission"
	  />
	
	  Name "PerformanceConfigService should return defaults when no config provided":
	  <li
	    class="jasmine-passed"
	    id="spec_spec662"
	    title="PerformanceConfigService should return defaults when no config provided"
	  />
	
	  Name "PerformanceConfigService should override defaults with provided config":
	  <li
	    class="jasmine-passed"
	    id="spec_spec663"
	    title="PerformanceConfigService should override defaults with provided config"
	  />
	
	  Name "PerformanceConfigService should merge profile-specific overrides":
	  <li
	    class="jasmine-passed"
	    id="spec_spec664"
	    title="PerformanceConfigService should merge profile-specific overrides"
	  />
	
	  Name "PerformanceConfigService getDelay/getTimeout should return numeric values from profile or defaults":
	  <li
	    class="jasmine-passed"
	    id="spec_spec665"
	    title="PerformanceConfigService getDelay/getTimeout should return numeric values from profile or defaults"
	  />
	
	  Name "DashboardComponent Accessibility Tests Content Accessibility should have accessible KPI cards":
	  <li
	    class="jasmine-passed"
	    id="spec_spec949"
	    title="DashboardComponent Accessibility Tests Content Accessibility should have accessible KPI cards"
	  />
	
	  Name "DashboardComponent Accessibility Tests Content Accessibility should use semantic HTML for content structure":
	  <li
	    class="jasmine-passed"
	    id="spec_spec951"
	    title="DashboardComponent Accessibility Tests Content Accessibility should use semantic HTML for content structure"
	  />
	
	  Name "DashboardComponent Accessibility Tests Content Accessibility should have accessible activity feed":
	  <li
	    class="jasmine-passed"
	    id="spec_spec950"
	    title="DashboardComponent Accessibility Tests Content Accessibility should have accessible activity feed"
	  />
	
	  Name "DashboardComponent Accessibility Tests Mobile and Touch Accessibility should have adequate touch target sizes":
	  <li
	    class="jasmine-passed"
	    id="spec_spec962"
	    title="DashboardComponent Accessibility Tests Mobile and Touch Accessibility should have adequate touch target sizes"
	  />
	
	  Name "DashboardComponent Accessibility Tests Mobile and Touch Accessibility should be responsive to viewport changes":
	  <li
	    class="jasmine-passed"
	    id="spec_spec963"
	    title="DashboardComponent Accessibility Tests Mobile and Touch Accessibility should be responsive to viewport changes"
	  />
	
	  Name "DashboardComponent Accessibility Tests Navigation Accessibility should have proper ARIA attributes for interactive elements":
	  <li
	    class="jasmine-failed"
	    id="spec_spec948"
	    title="DashboardComponent Accessibility Tests Navigation Accessibility should have proper ARIA attributes for interactive elements"
	  />
	
	  Name "DashboardComponent Accessibility Tests Navigation Accessibility should pass navigation accessibility tests":
	  <li
	    class="jasmine-failed"
	    id="spec_spec946"
	    title="DashboardComponent Accessibility Tests Navigation Accessibility should pass navigation accessibility tests"
	  />
	
	  Name "DashboardComponent Accessibility Tests Navigation Accessibility should have accessible navigation buttons":
	  <li
	    class="jasmine-passed"
	    id="spec_spec947"
	    title="DashboardComponent Accessibility Tests Navigation Accessibility should have accessible navigation buttons"
	  />
	
	  Name "DashboardComponent Accessibility Tests Basic Accessibility Compliance should have proper heading hierarchy":
	  <li
	    class="jasmine-failed"
	    id="spec_spec945"
	    title="DashboardComponent Accessibility Tests Basic Accessibility Compliance should have proper heading hierarchy"
	  />
	
	  Name "DashboardComponent Accessibility Tests Basic Accessibility Compliance should pass automated accessibility tests":
	  <li
	    class="jasmine-failed"
	    id="spec_spec943"
	    title="DashboardComponent Accessibility Tests Basic Accessibility Compliance should pass automated accessibility tests"
	  />
	
	  Name "DashboardComponent Accessibility Tests Basic Accessibility Compliance should have proper document structure":
	  <li
	    class="jasmine-passed"
	    id="spec_spec944"
	    title="DashboardComponent Accessibility Tests Basic Accessibility Compliance should have proper document structure"
	  />
	
	  Name "DashboardComponent Accessibility Tests Visual and Interaction Accessibility should have sufficient focus indicators":
	  <li
	    class="jasmine-passed"
	    id="spec_spec955"
	    title="DashboardComponent Accessibility Tests Visual and Interaction Accessibility should have sufficient focus indicators"
	  />
	
	  Name "DashboardComponent Accessibility Tests Visual and Interaction Accessibility should not rely solely on color to convey information":
	  <li
	    class="jasmine-empty"
	    id="spec_spec954"
	    title="DashboardComponent Accessibility Tests Visual and Interaction Accessibility should not rely solely on color to convey information"
	  />
	
	  Name "DashboardComponent Accessibility Tests Form and Input Accessibility should handle form validation accessibly":
	  <li
	    class="jasmine-empty"
	    id="spec_spec953"
	    title="DashboardComponent Accessibility Tests Form and Input Accessibility should handle form validation accessibly"
	  />
	
	  Name "DashboardComponent Accessibility Tests Form and Input Accessibility should have accessible form controls if any":
	  <li
	    class="jasmine-empty"
	    id="spec_spec952"
	    title="DashboardComponent Accessibility Tests Form and Input Accessibility should have accessible form controls if any"
	  />
	
	  Name "DashboardComponent Accessibility Tests DashboardComponent should be accessible":
	  <li
	    class="jasmine-failed"
	    id="spec_spec964"
	    title="DashboardComponent Accessibility Tests DashboardComponent should be accessible"
	  />
	
	  Name "DashboardComponent Accessibility Tests Keyboard Navigation should support keyboard navigation":
	  <li
	    class="jasmine-passed"
	    id="spec_spec959"
	    title="DashboardComponent Accessibility Tests Keyboard Navigation should support keyboard navigation"
	  />
	
	  Name "DashboardComponent Accessibility Tests Keyboard Navigation should have logical tab order":
	  <li
	    class="jasmine-passed"
	    id="spec_spec960"
	    title="DashboardComponent Accessibility Tests Keyboard Navigation should have logical tab order"
	  />
	
	  Name "DashboardComponent Accessibility Tests Keyboard Navigation should handle keyboard interactions properly":
	  <li
	    class="jasmine-empty"
	    id="spec_spec961"
	    title="DashboardComponent Accessibility Tests Keyboard Navigation should handle keyboard interactions properly"
	  />
	
	  Name "DashboardComponent Accessibility Tests DashboardComponent should have no accessibility violations":
	  <li
	    class="jasmine-failed"
	    id="spec_spec965"
	    title="DashboardComponent Accessibility Tests DashboardComponent should have no accessibility violations"
	  />
	
	  Name "DashboardComponent Accessibility Tests Screen Reader Support should provide meaningful page title and headings":
	  <li
	    class="jasmine-passed"
	    id="spec_spec956"
	    title="DashboardComponent Accessibility Tests Screen Reader Support should provide meaningful page title and headings"
	  />
	
	  Name "DashboardComponent Accessibility Tests Screen Reader Support should have proper landmark regions":
	  <li
	    class="jasmine-passed"
	    id="spec_spec957"
	    title="DashboardComponent Accessibility Tests Screen Reader Support should have proper landmark regions"
	  />
	
	  Name "DashboardComponent Accessibility Tests Screen Reader Support should provide context for dynamic content":
	  <li
	    class="jasmine-passed"
	    id="spec_spec958"
	    title="DashboardComponent Accessibility Tests Screen Reader Support should provide context for dynamic content"
	  />
	
	  Name "DashboardComponent Accessibility Tests DashboardComponent interactive elements should be keyboard accessible":
	  <li
	    class="jasmine-passed"
	    id="spec_spec966"
	    title="DashboardComponent Accessibility Tests DashboardComponent interactive elements should be keyboard accessible"
	  />
	
	  Name "DashboardComponent Accessibility Tests DashboardComponent form controls should have labels":
	  <li
	    class="jasmine-empty"
	    id="spec_spec967"
	    title="DashboardComponent Accessibility Tests DashboardComponent form controls should have labels"
	  />
	
	  Name "CotizadorEngineService Financial Summary Calculations should calculate total interest":
	  <li
	    class="jasmine-passed"
	    id="spec_spec289"
	    title="CotizadorEngineService Financial Summary Calculations should calculate total interest"
	  />
	
	  Name "CotizadorEngineService Financial Summary Calculations should generate financial summary":
	  <li
	    class="jasmine-passed"
	    id="spec_spec290"
	    title="CotizadorEngineService Financial Summary Calculations should generate financial summary"
	  />
	
	  Name "CotizadorEngineService Balance Calculations should calculate balance for interest-bearing loan":
	  <li
	    class="jasmine-failed"
	    id="spec_spec271"
	    title="CotizadorEngineService Balance Calculations should calculate balance for interest-bearing loan"
	  />
	
	  Name "CotizadorEngineService Balance Calculations should calculate balance for zero interest loan":
	  <li
	    class="jasmine-passed"
	    id="spec_spec270"
	    title="CotizadorEngineService Balance Calculations should calculate balance for zero interest loan"
	  />
	
	  Name "CotizadorEngineService Balance Calculations should handle edge case with zero principal":
	  <li
	    class="jasmine-passed"
	    id="spec_spec274"
	    title="CotizadorEngineService Balance Calculations should handle edge case with zero principal"
	  />
	
	  Name "CotizadorEngineService Balance Calculations should handle no payments made":
	  <li
	    class="jasmine-passed"
	    id="spec_spec273"
	    title="CotizadorEngineService Balance Calculations should handle no payments made"
	  />
	
	  Name "CotizadorEngineService Balance Calculations should return zero when all payments made":
	  <li
	    class="jasmine-passed"
	    id="spec_spec272"
	    title="CotizadorEngineService Balance Calculations should return zero when all payments made"
	  />
	
	  Name "CotizadorEngineService Market-Specific Business Rules should apply EdoMex individual rules":
	  <li
	    class="jasmine-passed"
	    id="spec_spec292"
	    title="CotizadorEngineService Market-Specific Business Rules should apply EdoMex individual rules"
	  />
	
	  Name "CotizadorEngineService Market-Specific Business Rules should apply Aguascalientes rules":
	  <li
	    class="jasmine-passed"
	    id="spec_spec291"
	    title="CotizadorEngineService Market-Specific Business Rules should apply Aguascalientes rules"
	  />
	
	  Name "CotizadorEngineService Market-Specific Business Rules should use fallback rules for unknown market":
	  <li
	    class="jasmine-passed"
	    id="spec_spec294"
	    title="CotizadorEngineService Market-Specific Business Rules should use fallback rules for unknown market"
	  />
	
	  Name "CotizadorEngineService Market-Specific Business Rules should apply EdoMex collective rules":
	  <li
	    class="jasmine-passed"
	    id="spec_spec293"
	    title="CotizadorEngineService Market-Specific Business Rules should apply EdoMex collective rules"
	  />
	
	  Name "CotizadorEngineService Service Initialization should be created":
	  <li
	    class="jasmine-passed"
	    id="spec_spec259"
	    title="CotizadorEngineService Service Initialization should be created"
	  />
	
	  Name "CotizadorEngineService Package Price Calculation should skip optional components not selected":
	  <li
	    class="jasmine-passed"
	    id="spec_spec268"
	    title="CotizadorEngineService Package Price Calculation should skip optional components not selected"
	  />
	
	  Name "CotizadorEngineService Package Price Calculation should handle package with no components":
	  <li
	    class="jasmine-passed"
	    id="spec_spec269"
	    title="CotizadorEngineService Package Price Calculation should handle package with no components"
	  />
	
	  Name "CotizadorEngineService Package Price Calculation should calculate basic package price without optionals":
	  <li
	    class="jasmine-passed"
	    id="spec_spec264"
	    title="CotizadorEngineService Package Price Calculation should calculate basic package price without optionals"
	  />
	
	  Name "CotizadorEngineService Package Price Calculation should calculate package price with selected optionals":
	  <li
	    class="jasmine-passed"
	    id="spec_spec265"
	    title="CotizadorEngineService Package Price Calculation should calculate package price with selected optionals"
	  />
	
	  Name "CotizadorEngineService Package Price Calculation should multiply term-based components by years":
	  <li
	    class="jasmine-passed"
	    id="spec_spec266"
	    title="CotizadorEngineService Package Price Calculation should multiply term-based components by years"
	  />
	
	  Name "CotizadorEngineService Package Price Calculation should handle 60-month terms correctly":
	  <li
	    class="jasmine-passed"
	    id="spec_spec267"
	    title="CotizadorEngineService Package Price Calculation should handle 60-month terms correctly"
	  />
	
	  Name "CotizadorEngineService Legacy Quote Generation should generate basic quote":
	  <li
	    class="jasmine-passed"
	    id="spec_spec279"
	    title="CotizadorEngineService Legacy Quote Generation should generate basic quote"
	  />
	
	  Name "CotizadorEngineService Product Package Management should get Aguascalientes plazo package":
	  <li
	    class="jasmine-passed"
	    id="spec_spec260"
	    title="CotizadorEngineService Product Package Management should get Aguascalientes plazo package"
	  />
	
	  Name "CotizadorEngineService Product Package Management should get EdoMex colectivo package":
	  <li
	    class="jasmine-passed"
	    id="spec_spec261"
	    title="CotizadorEngineService Product Package Management should get EdoMex colectivo package"
	  />
	
	  Name "CotizadorEngineService Product Package Management should get EdoMex directa package":
	  <li
	    class="jasmine-passed"
	    id="spec_spec262"
	    title="CotizadorEngineService Product Package Management should get EdoMex directa package"
	  />
	
	  Name "CotizadorEngineService Product Package Management should handle unknown market gracefully":
	  <li
	    class="jasmine-passed"
	    id="spec_spec263"
	    title="CotizadorEngineService Product Package Management should handle unknown market gracefully"
	  />
	
	  Name "CotizadorEngineService Quote Generation with Package should handle direct sale (rate = 0)":
	  <li
	    class="jasmine-passed"
	    id="spec_spec278"
	    title="CotizadorEngineService Quote Generation with Package should handle direct sale (rate = 0)"
	  />
	
	  Name "CotizadorEngineService Quote Generation with Package should determine client type from package data":
	  <li
	    class="jasmine-passed"
	    id="spec_spec277"
	    title="CotizadorEngineService Quote Generation with Package should determine client type from package data"
	  />
	
	  Name "CotizadorEngineService Quote Generation with Package should generate quote with custom down payment":
	  <li
	    class="jasmine-passed"
	    id="spec_spec276"
	    title="CotizadorEngineService Quote Generation with Package should generate quote with custom down payment"
	  />
	
	  Name "CotizadorEngineService Quote Generation with Package should generate quote with minimum down payment":
	  <li
	    class="jasmine-passed"
	    id="spec_spec275"
	    title="CotizadorEngineService Quote Generation with Package should generate quote with minimum down payment"
	  />
	
	  Name "CotizadorEngineService Configuration Validation should validate EdoMex individual requirements":
	  <li
	    class="jasmine-passed"
	    id="spec_spec287"
	    title="CotizadorEngineService Configuration Validation should validate EdoMex individual requirements"
	  />
	
	  Name "CotizadorEngineService Configuration Validation should validate EdoMex collective requirements":
	  <li
	    class="jasmine-passed"
	    id="spec_spec288"
	    title="CotizadorEngineService Configuration Validation should validate EdoMex collective requirements"
	  />
	
	  Name "CotizadorEngineService Configuration Validation should validate correct configuration":
	  <li
	    class="jasmine-passed"
	    id="spec_spec282"
	    title="CotizadorEngineService Configuration Validation should validate correct configuration"
	  />
	
	  Name "CotizadorEngineService Configuration Validation should reject invalid term":
	  <li
	    class="jasmine-passed"
	    id="spec_spec284"
	    title="CotizadorEngineService Configuration Validation should reject invalid term"
	  />
	
	  Name "CotizadorEngineService Configuration Validation should reject down payment equal to total price":
	  <li
	    class="jasmine-passed"
	    id="spec_spec286"
	    title="CotizadorEngineService Configuration Validation should reject down payment equal to total price"
	  />
	
	  Name "CotizadorEngineService Configuration Validation should reject insufficient down payment":
	  <li
	    class="jasmine-passed"
	    id="spec_spec283"
	    title="CotizadorEngineService Configuration Validation should reject insufficient down payment"
	  />
	
	  Name "CotizadorEngineService Configuration Validation should reject zero or negative price":
	  <li
	    class="jasmine-passed"
	    id="spec_spec285"
	    title="CotizadorEngineService Configuration Validation should reject zero or negative price"
	  />
	
	  Name "CotizadorEngineService Amortization Table Generation should generate complete amortization table":
	  <li
	    class="jasmine-passed"
	    id="spec_spec280"
	    title="CotizadorEngineService Amortization Table Generation should generate complete amortization table"
	  />
	
	  Name "CotizadorEngineService Amortization Table Generation should have decreasing balance over time":
	  <li
	    class="jasmine-passed"
	    id="spec_spec281"
	    title="CotizadorEngineService Amortization Table Generation should have decreasing balance over time"
	  />
	
	  Name "NavigationService Page Title Management should get current page title":
	  <li
	    class="jasmine-passed"
	    id="spec_spec596"
	    title="NavigationService Page Title Management should get current page title"
	  />
	
	  Name "NavigationService Page Title Management should set page title dynamically":
	  <li
	    class="jasmine-passed"
	    id="spec_spec597"
	    title="NavigationService Page Title Management should set page title dynamically"
	  />
	
	  Name "NavigationService Navigation Methods should navigate to specified route":
	  <li
	    class="jasmine-passed"
	    id="spec_spec587"
	    title="NavigationService Navigation Methods should navigate to specified route"
	  />
	
	  Name "NavigationService Navigation Methods should navigate with query parameters":
	  <li
	    class="jasmine-passed"
	    id="spec_spec588"
	    title="NavigationService Navigation Methods should navigate with query parameters"
	  />
	
	  Name "NavigationService Navigation Methods should navigate home":
	  <li
	    class="jasmine-passed"
	    id="spec_spec589"
	    title="NavigationService Navigation Methods should navigate home"
	  />
	
	  Name "NavigationService Service Initialization should be created":
	  <li
	    class="jasmine-passed"
	    id="spec_spec585"
	    title="NavigationService Service Initialization should be created"
	  />
	
	  Name "NavigationService Service Initialization should initialize with default navigation state":
	  <li
	    class="jasmine-failed"
	    id="spec_spec586"
	    title="NavigationService Service Initialization should initialize with default navigation state"
	  />
	
	  Name "NavigationService Breadcrumbs Management should set breadcrumbs dynamically":
	  <li
	    class="jasmine-passed"
	    id="spec_spec599"
	    title="NavigationService Breadcrumbs Management should set breadcrumbs dynamically"
	  />
	
	  Name "NavigationService Breadcrumbs Management should get current breadcrumbs":
	  <li
	    class="jasmine-passed"
	    id="spec_spec598"
	    title="NavigationService Breadcrumbs Management should get current breadcrumbs"
	  />
	
	  Name "NavigationService Back Button Visibility should hide back button for dashboard":
	  <li
	    class="jasmine-passed"
	    id="spec_spec601"
	    title="NavigationService Back Button Visibility should hide back button for dashboard"
	  />
	
	  Name "NavigationService Back Button Visibility should set back button visibility dynamically":
	  <li
	    class="jasmine-passed"
	    id="spec_spec602"
	    title="NavigationService Back Button Visibility should set back button visibility dynamically"
	  />
	
	  Name "NavigationService Back Button Visibility should show back button for configured routes":
	  <li
	    class="jasmine-passed"
	    id="spec_spec600"
	    title="NavigationService Back Button Visibility should show back button for configured routes"
	  />
	
	  Name "NavigationService Navigation State Updates should handle unknown routes with default config":
	  <li
	    class="jasmine-passed"
	    id="spec_spec594"
	    title="NavigationService Navigation State Updates should handle unknown routes with default config"
	  />
	
	  Name "NavigationService Navigation State Updates should maintain route history with max length":
	  <li
	    class="jasmine-passed"
	    id="spec_spec595"
	    title="NavigationService Navigation State Updates should maintain route history with max length"
	  />
	
	  Name "NavigationService Navigation State Updates should update navigation state when route changes":
	  <li
	    class="jasmine-passed"
	    id="spec_spec593"
	    title="NavigationService Navigation State Updates should update navigation state when route changes"
	  />
	
	  Name "NavigationService Navigation History Management should get navigation history":
	  <li
	    class="jasmine-passed"
	    id="spec_spec616"
	    title="NavigationService Navigation History Management should get navigation history"
	  />
	
	  Name "NavigationService Navigation History Management should clear navigation history":
	  <li
	    class="jasmine-passed"
	    id="spec_spec617"
	    title="NavigationService Navigation History Management should clear navigation history"
	  />
	
	  Name "NavigationService Back Navigation should navigate to dashboard when no history available":
	  <li
	    class="jasmine-passed"
	    id="spec_spec592"
	    title="NavigationService Back Navigation should navigate to dashboard when no history available"
	  />
	
	  Name "NavigationService Back Navigation should use browser back when no route history and history exists":
	  <li
	    class="jasmine-passed"
	    id="spec_spec591"
	    title="NavigationService Back Navigation should use browser back when no route history and history exists"
	  />
	
	  Name "NavigationService Back Navigation should navigate back using route history":
	  <li
	    class="jasmine-passed"
	    id="spec_spec590"
	    title="NavigationService Back Navigation should navigate back using route history"
	  />
	
	  Name "NavigationService Quick Actions should execute quick action with custom function":
	  <li
	    class="jasmine-passed"
	    id="spec_spec609"
	    title="NavigationService Quick Actions should execute quick action with custom function"
	  />
	
	  Name "NavigationService Quick Actions should get quick actions for clientes":
	  <li
	    class="jasmine-passed"
	    id="spec_spec606"
	    title="NavigationService Quick Actions should get quick actions for clientes"
	  />
	
	  Name "NavigationService Quick Actions should execute quick action with route":
	  <li
	    class="jasmine-passed"
	    id="spec_spec608"
	    title="NavigationService Quick Actions should execute quick action with route"
	  />
	
	  Name "NavigationService Quick Actions should get quick actions for simulador":
	  <li
	    class="jasmine-passed"
	    id="spec_spec605"
	    title="NavigationService Quick Actions should get quick actions for simulador"
	  />
	
	  Name "NavigationService Quick Actions should return empty actions for unknown routes":
	  <li
	    class="jasmine-passed"
	    id="spec_spec607"
	    title="NavigationService Quick Actions should return empty actions for unknown routes"
	  />
	
	  Name "NavigationService Quick Actions should get quick actions for dashboard":
	  <li
	    class="jasmine-passed"
	    id="spec_spec603"
	    title="NavigationService Quick Actions should get quick actions for dashboard"
	  />
	
	  Name "NavigationService Quick Actions should get quick actions for cotizador":
	  <li
	    class="jasmine-passed"
	    id="spec_spec604"
	    title="NavigationService Quick Actions should get quick actions for cotizador"
	  />
	
	  Name "NavigationService Route Configuration should handle nested routes correctly":
	  <li
	    class="jasmine-passed"
	    id="spec_spec618"
	    title="NavigationService Route Configuration should handle nested routes correctly"
	  />
	
	  Name "NavigationService Route Configuration should handle simulador nested routes":
	  <li
	    class="jasmine-passed"
	    id="spec_spec619"
	    title="NavigationService Route Configuration should handle simulador nested routes"
	  />
	
	  Name "NavigationService Route Configuration should handle all configured main routes":
	  <li
	    class="jasmine-failed"
	    id="spec_spec620"
	    title="NavigationService Route Configuration should handle all configured main routes"
	  />
	
	  Name "NavigationService Route Matching should match exact route":
	  <li
	    class="jasmine-passed"
	    id="spec_spec610"
	    title="NavigationService Route Matching should match exact route"
	  />
	
	  Name "NavigationService Route Matching should not match non-matching wildcard":
	  <li
	    class="jasmine-passed"
	    id="spec_spec613"
	    title="NavigationService Route Matching should not match non-matching wildcard"
	  />
	
	  Name "NavigationService Route Matching should match wildcard pattern":
	  <li
	    class="jasmine-passed"
	    id="spec_spec612"
	    title="NavigationService Route Matching should match wildcard pattern"
	  />
	
	  Name "NavigationService Route Matching should not match different route":
	  <li
	    class="jasmine-passed"
	    id="spec_spec611"
	    title="NavigationService Route Matching should not match different route"
	  />
	
	  Name "NavigationService Route Parameters should get query parameters":
	  <li
	    class="jasmine-failed"
	    id="spec_spec615"
	    title="NavigationService Route Parameters should get query parameters"
	  />
	
	  Name "NavigationService Route Parameters should get route parameters":
	  <li
	    class="jasmine-failed"
	    id="spec_spec614"
	    title="NavigationService Route Parameters should get route parameters"
	  />
	
	  Name "PostSalesApiService getPostSalesRecord should return null for non-existent VIN":
	  <li
	    class="jasmine-passed"
	    id="spec_spec670"
	    title="PostSalesApiService getPostSalesRecord should return null for non-existent VIN"
	  />
	
	  Name "PostSalesApiService getPostSalesRecord should retrieve post-sales record by VIN":
	  <li
	    class="jasmine-failed"
	    id="spec_spec669"
	    title="PostSalesApiService getPostSalesRecord should retrieve post-sales record by VIN"
	  />
	
	  Name "PostSalesApiService recordClientContact should record client contact successfully":
	  <li
	    class="jasmine-passed"
	    id="spec_spec672"
	    title="PostSalesApiService recordClientContact should record client contact successfully"
	  />
	
	  Name "PostSalesApiService scheduleMaintenanceService should schedule maintenance service successfully":
	  <li
	    class="jasmine-passed"
	    id="spec_spec671"
	    title="PostSalesApiService scheduleMaintenanceService should schedule maintenance service successfully"
	  />
	
	  Name "PostSalesApiService sendVehicleDeliveredEvent should handle error when sending vehicle delivered event":
	  <li
	    class="jasmine-passed"
	    id="spec_spec668"
	    title="PostSalesApiService sendVehicleDeliveredEvent should handle error when sending vehicle delivered event"
	  />
	
	  Name "PostSalesApiService sendVehicleDeliveredEvent should send vehicle delivered event successfully":
	  <li
	    class="jasmine-passed"
	    id="spec_spec667"
	    title="PostSalesApiService sendVehicleDeliveredEvent should send vehicle delivered event successfully"
	  />
	
	  Name "PostSalesApiService should be created":
	  <li
	    class="jasmine-passed"
	    id="spec_spec666"
	    title="PostSalesApiService should be created"
	  />
	
	  Name "SimuladorEngineService AGS Liquidation Scenario should generate basic liquidation scenario":
	  <li
	    class="jasmine-passed"
	    id="spec_spec721"
	    title="SimuladorEngineService AGS Liquidation Scenario should generate basic liquidation scenario"
	  />
	
	  Name "SimuladorEngineService AGS Liquidation Scenario should calculate projected balance correctly":
	  <li
	    class="jasmine-passed"
	    id="spec_spec722"
	    title="SimuladorEngineService AGS Liquidation Scenario should calculate projected balance correctly"
	  />
	
	  Name "SimuladorEngineService AGS Liquidation Scenario should generate timeline events correctly":
	  <li
	    class="jasmine-passed"
	    id="spec_spec723"
	    title="SimuladorEngineService AGS Liquidation Scenario should generate timeline events correctly"
	  />
	
	  Name "SimuladorEngineService AGS Liquidation Scenario should handle single plate scenario":
	  <li
	    class="jasmine-passed"
	    id="spec_spec725"
	    title="SimuladorEngineService AGS Liquidation Scenario should handle single plate scenario"
	  />
	
	  Name "SimuladorEngineService AGS Liquidation Scenario should handle zero consumption scenario":
	  <li
	    class="jasmine-passed"
	    id="spec_spec724"
	    title="SimuladorEngineService AGS Liquidation Scenario should handle zero consumption scenario"
	  />
	
	  Name "SimuladorEngineService Service Initialization should be created":
	  <li
	    class="jasmine-passed"
	    id="spec_spec720"
	    title="SimuladorEngineService Service Initialization should be created"
	  />
	
	  Name "SimuladorEngineService Edge Cases and Error Handling should handle zero member count in collective scenario":
	  <li
	    class="jasmine-passed"
	    id="spec_spec750"
	    title="SimuladorEngineService Edge Cases and Error Handling should handle zero member count in collective scenario"
	  />
	
	  Name "SimuladorEngineService Edge Cases and Error Handling should handle very large target amounts":
	  <li
	    class="jasmine-passed"
	    id="spec_spec749"
	    title="SimuladorEngineService Edge Cases and Error Handling should handle very large target amounts"
	  />
	
	  Name "SimuladorEngineService Edge Cases and Error Handling should handle zero target amount in AGS scenario":
	  <li
	    class="jasmine-passed"
	    id="spec_spec747"
	    title="SimuladorEngineService Edge Cases and Error Handling should handle zero target amount in AGS scenario"
	  />
	
	  Name "SimuladorEngineService Edge Cases and Error Handling should handle zero consumption in individual scenario":
	  <li
	    class="jasmine-passed"
	    id="spec_spec748"
	    title="SimuladorEngineService Edge Cases and Error Handling should handle zero consumption in individual scenario"
	  />
	
	  Name "SimuladorEngineService Comparison Scenarios should generate comparison scenarios with parameter variations":
	  <li
	    class="jasmine-passed"
	    id="spec_spec740"
	    title="SimuladorEngineService Comparison Scenarios should generate comparison scenarios with parameter variations"
	  />
	
	  Name "SimuladorEngineService Comparison Scenarios should preserve other parameters when varying specific ones":
	  <li
	    class="jasmine-passed"
	    id="spec_spec741"
	    title="SimuladorEngineService Comparison Scenarios should preserve other parameters when varying specific ones"
	  />
	
	  Name "SimuladorEngineService Comparison Scenarios should handle empty variations array":
	  <li
	    class="jasmine-passed"
	    id="spec_spec742"
	    title="SimuladorEngineService Comparison Scenarios should handle empty variations array"
	  />
	
	  Name "SimuladorEngineService Senior-First Formatting should format key numbers correctly":
	  <li
	    class="jasmine-passed"
	    id="spec_spec744"
	    title="SimuladorEngineService Senior-First Formatting should format key numbers correctly"
	  />
	
	  Name "SimuladorEngineService Senior-First Formatting should format scenario summary for seniors":
	  <li
	    class="jasmine-passed"
	    id="spec_spec743"
	    title="SimuladorEngineService Senior-First Formatting should format scenario summary for seniors"
	  />
	
	  Name "SimuladorEngineService Senior-First Formatting should format timeline with limited events":
	  <li
	    class="jasmine-passed"
	    id="spec_spec745"
	    title="SimuladorEngineService Senior-First Formatting should format timeline with limited events"
	  />
	
	  Name "SimuladorEngineService Senior-First Formatting should limit timeline to first 5 events":
	  <li
	    class="jasmine-passed"
	    id="spec_spec746"
	    title="SimuladorEngineService Senior-First Formatting should limit timeline to first 5 events"
	  />
	
	  Name "SimuladorEngineService EdoMex Individual Scenario should generate individual savings scenario":
	  <li
	    class="jasmine-passed"
	    id="spec_spec726"
	    title="SimuladorEngineService EdoMex Individual Scenario should generate individual savings scenario"
	  />
	
	  Name "SimuladorEngineService EdoMex Individual Scenario should generate progressive balance projection":
	  <li
	    class="jasmine-passed"
	    id="spec_spec728"
	    title="SimuladorEngineService EdoMex Individual Scenario should generate progressive balance projection"
	  />
	
	  Name "SimuladorEngineService EdoMex Individual Scenario should handle zero voluntary contribution":
	  <li
	    class="jasmine-passed"
	    id="spec_spec729"
	    title="SimuladorEngineService EdoMex Individual Scenario should handle zero voluntary contribution"
	  />
	
	  Name "SimuladorEngineService EdoMex Individual Scenario should calculate months to target correctly":
	  <li
	    class="jasmine-passed"
	    id="spec_spec727"
	    title="SimuladorEngineService EdoMex Individual Scenario should calculate months to target correctly"
	  />
	
	  Name "SimuladorEngineService EdoMex Individual Scenario should create timeline with milestone":
	  <li
	    class="jasmine-passed"
	    id="spec_spec730"
	    title="SimuladorEngineService EdoMex Individual Scenario should create timeline with milestone"
	  />
	
	  Name "SimuladorEngineService Scenario Optimization should handle unknown scenario type":
	  <li
	    class="jasmine-passed"
	    id="spec_spec739"
	    title="SimuladorEngineService Scenario Optimization should handle unknown scenario type"
	  />
	
	  Name "SimuladorEngineService Scenario Optimization should optimize EdoMex individual scenario":
	  <li
	    class="jasmine-passed"
	    id="spec_spec737"
	    title="SimuladorEngineService Scenario Optimization should optimize EdoMex individual scenario"
	  />
	
	  Name "SimuladorEngineService Scenario Optimization should optimize AGS liquidation scenario":
	  <li
	    class="jasmine-passed"
	    id="spec_spec736"
	    title="SimuladorEngineService Scenario Optimization should optimize AGS liquidation scenario"
	  />
	
	  Name "SimuladorEngineService Scenario Optimization should optimize EdoMex collective scenario":
	  <li
	    class="jasmine-passed"
	    id="spec_spec738"
	    title="SimuladorEngineService Scenario Optimization should optimize EdoMex collective scenario"
	  />
	
	  Name "SimuladorEngineService EdoMex Collective Scenario should handle missing first award timing":
	  <li
	    class="jasmine-passed"
	    id="spec_spec735"
	    title="SimuladorEngineService EdoMex Collective Scenario should handle missing first award timing"
	  />
	
	  Name "SimuladorEngineService EdoMex Collective Scenario should use first award timing from tanda simulation":
	  <li
	    class="jasmine-passed"
	    id="spec_spec734"
	    title="SimuladorEngineService EdoMex Collective Scenario should use first award timing from tanda simulation"
	  />
	
	  Name "SimuladorEngineService EdoMex Collective Scenario should calculate total savings target based on member count":
	  <li
	    class="jasmine-passed"
	    id="spec_spec733"
	    title="SimuladorEngineService EdoMex Collective Scenario should calculate total savings target based on member count"
	  />
	
	  Name "SimuladorEngineService EdoMex Collective Scenario should generate collective scenario with tanda integration":
	  <li
	    class="jasmine-passed"
	    id="spec_spec731"
	    title="SimuladorEngineService EdoMex Collective Scenario should generate collective scenario with tanda integration"
	  />
	
	  Name "SimuladorEngineService EdoMex Collective Scenario should calculate individual contributions correctly":
	  <li
	    class="jasmine-passed"
	    id="spec_spec732"
	    title="SimuladorEngineService EdoMex Collective Scenario should calculate individual contributions correctly"
	  />
	
	  Name "DataService Search Functionality should return empty results for non-matching search":
	  <li
	    class="jasmine-passed"
	    id="spec_spec351"
	    title="DataService Search Functionality should return empty results for non-matching search"
	  />
	
	  Name "DataService Search Functionality should perform global search":
	  <li
	    class="jasmine-passed"
	    id="spec_spec350"
	    title="DataService Search Functionality should perform global search"
	  />
	
	  Name "DataService Dashboard Statistics should get dashboard stats":
	  <li
	    class="jasmine-passed"
	    id="spec_spec352"
	    title="DataService Dashboard Statistics should get dashboard stats"
	  />
	
	  Name "DataService Data Refresh should refresh data":
	  <li
	    class="jasmine-passed"
	    id="spec_spec359"
	    title="DataService Data Refresh should refresh data"
	  />
	
	  Name "DataService Data Export should export scenarios":
	  <li
	    class="jasmine-failed"
	    id="spec_spec356"
	    title="DataService Data Export should export scenarios"
	  />
	
	  Name "DataService Data Export should export all data":
	  <li
	    class="jasmine-passed"
	    id="spec_spec355"
	    title="DataService Data Export should export all data"
	  />
	
	  Name "DataService Data Export should export clients as CSV":
	  <li
	    class="jasmine-passed"
	    id="spec_spec354"
	    title="DataService Data Export should export clients as CSV"
	  />
	
	  Name "DataService Data Export should export clients as JSON":
	  <li
	    class="jasmine-passed"
	    id="spec_spec353"
	    title="DataService Data Export should export clients as JSON"
	  />
	
	  Name "DataService Client Management should delete client":
	  <li
	    class="jasmine-failed"
	    id="spec_spec341"
	    title="DataService Client Management should delete client"
	  />
	
	  Name "DataService Client Management should handle delete of non-existent client":
	  <li
	    class="jasmine-passed"
	    id="spec_spec342"
	    title="DataService Client Management should handle delete of non-existent client"
	  />
	
	  Name "DataService Client Management should handle update of non-existent client":
	  <li
	    class="jasmine-passed"
	    id="spec_spec340"
	    title="DataService Client Management should handle update of non-existent client"
	  />
	
	  Name "DataService Client Management should return null for non-existent client ID":
	  <li
	    class="jasmine-passed"
	    id="spec_spec338"
	    title="DataService Client Management should return null for non-existent client ID"
	  />
	
	  Name "DataService Client Management should create a new client":
	  <li
	    class="jasmine-passed"
	    id="spec_spec336"
	    title="DataService Client Management should create a new client"
	  />
	
	  Name "DataService Client Management should update existing client":
	  <li
	    class="jasmine-failed"
	    id="spec_spec339"
	    title="DataService Client Management should update existing client"
	  />
	
	  Name "DataService Client Management should get client by ID":
	  <li
	    class="jasmine-passed"
	    id="spec_spec337"
	    title="DataService Client Management should get client by ID"
	  />
	
	  Name "DataService Private Helper Methods should apply sorting correctly":
	  <li
	    class="jasmine-passed"
	    id="spec_spec361"
	    title="DataService Private Helper Methods should apply sorting correctly"
	  />
	
	  Name "DataService Private Helper Methods should convert data to CSV":
	  <li
	    class="jasmine-passed"
	    id="spec_spec362"
	    title="DataService Private Helper Methods should convert data to CSV"
	  />
	
	  Name "DataService Private Helper Methods should handle empty array in CSV conversion":
	  <li
	    class="jasmine-passed"
	    id="spec_spec363"
	    title="DataService Private Helper Methods should handle empty array in CSV conversion"
	  />
	
	  Name "DataService Private Helper Methods should apply filters correctly":
	  <li
	    class="jasmine-failed"
	    id="spec_spec360"
	    title="DataService Private Helper Methods should apply filters correctly"
	  />
	
	  Name "DataService Private Helper Methods should handle CSV values with commas":
	  <li
	    class="jasmine-passed"
	    id="spec_spec364"
	    title="DataService Private Helper Methods should handle CSV values with commas"
	  />
	
	  Name "DataService Service Initialization should be created":
	  <li
	    class="jasmine-passed"
	    id="spec_spec334"
	    title="DataService Service Initialization should be created"
	  />
	
	  Name "DataService Service Initialization should initialize with demo data":
	  <li
	    class="jasmine-passed"
	    id="spec_spec335"
	    title="DataService Service Initialization should initialize with demo data"
	  />
	
	  Name "DataService Scenario Management should save new scenario":
	  <li
	    class="jasmine-passed"
	    id="spec_spec347"
	    title="DataService Scenario Management should save new scenario"
	  />
	
	  Name "DataService Scenario Management should get scenarios by client":
	  <li
	    class="jasmine-passed"
	    id="spec_spec349"
	    title="DataService Scenario Management should get scenarios by client"
	  />
	
	  Name "DataService Scenario Management should update existing scenario":
	  <li
	    class="jasmine-passed"
	    id="spec_spec348"
	    title="DataService Scenario Management should update existing scenario"
	  />
	
	  Name "DataService Client Pagination and Filtering should handle empty pagination results":
	  <li
	    class="jasmine-passed"
	    id="spec_spec344"
	    title="DataService Client Pagination and Filtering should handle empty pagination results"
	  />
	
	  Name "DataService Client Pagination and Filtering should get paginated clients":
	  <li
	    class="jasmine-passed"
	    id="spec_spec343"
	    title="DataService Client Pagination and Filtering should get paginated clients"
	  />
	
	  Name "DataService Client Pagination and Filtering should sort clients by name":
	  <li
	    class="jasmine-passed"
	    id="spec_spec346"
	    title="DataService Client Pagination and Filtering should sort clients by name"
	  />
	
	  Name "DataService Client Pagination and Filtering should filter clients by status":
	  <li
	    class="jasmine-passed"
	    id="spec_spec345"
	    title="DataService Client Pagination and Filtering should filter clients by status"
	  />
	
	  Name "DataService Error Handling should handle errors in client creation":
	  <li
	    class="jasmine-passed"
	    id="spec_spec357"
	    title="DataService Error Handling should handle errors in client creation"
	  />
	
	  Name "DataService Error Handling should clear errors":
	  <li
	    class="jasmine-passed"
	    id="spec_spec358"
	    title="DataService Error Handling should clear errors"
	  />
	
	  Name "StorageService Utility Methods should get storage statistics":
	  <li
	    class="jasmine-failed"
	    id="spec_spec773"
	    title="StorageService Utility Methods should get storage statistics"
	  />
	
	  Name "StorageService Utility Methods should clear cache":
	  <li
	    class="jasmine-failed"
	    id="spec_spec772"
	    title="StorageService Utility Methods should clear cache"
	  />
	
	  Name "StorageService Client Data Management should handle client data errors":
	  <li
	    class="jasmine-failed"
	    id="spec_spec761"
	    title="StorageService Client Data Management should handle client data errors"
	  />
	
	  Name "StorageService Client Data Management should return null for non-existent client":
	  <li
	    class="jasmine-failed"
	    id="spec_spec759"
	    title="StorageService Client Data Management should return null for non-existent client"
	  />
	
	  Name "StorageService Client Data Management should get clients by ecosystem":
	  <li
	    class="jasmine-failed"
	    id="spec_spec760"
	    title="StorageService Client Data Management should get clients by ecosystem"
	  />
	
	  Name "StorageService Client Data Management should save client data successfully":
	  <li
	    class="jasmine-failed"
	    id="spec_spec757"
	    title="StorageService Client Data Management should save client data successfully"
	  />
	
	  Name "StorageService Client Data Management should get client data by ID":
	  <li
	    class="jasmine-failed"
	    id="spec_spec758"
	    title="StorageService Client Data Management should get client data by ID"
	  />
	
	  Name "StorageService Error Handling should handle transaction errors":
	  <li
	    class="jasmine-failed"
	    id="spec_spec775"
	    title="StorageService Error Handling should handle transaction errors"
	  />
	
	  Name "StorageService Error Handling should throw error when database not initialized":
	  <li
	    class="jasmine-failed"
	    id="spec_spec774"
	    title="StorageService Error Handling should throw error when database not initialized"
	  />
	
	  Name "StorageService Network Status Management should update online status when going offline":
	  <li
	    class="jasmine-failed"
	    id="spec_spec777"
	    title="StorageService Network Status Management should update online status when going offline"
	  />
	
	  Name "StorageService Network Status Management should update online status when going online":
	  <li
	    class="jasmine-failed"
	    id="spec_spec776"
	    title="StorageService Network Status Management should update online status when going online"
	  />
	
	  Name "StorageService Quote Data Management should save quote data":
	  <li
	    class="jasmine-failed"
	    id="spec_spec762"
	    title="StorageService Quote Data Management should save quote data"
	  />
	
	  Name "StorageService Quote Data Management should get quote by ID":
	  <li
	    class="jasmine-failed"
	    id="spec_spec763"
	    title="StorageService Quote Data Management should get quote by ID"
	  />
	
	  Name "StorageService Quote Data Management should get quotes by client ID":
	  <li
	    class="jasmine-failed"
	    id="spec_spec764"
	    title="StorageService Quote Data Management should get quotes by client ID"
	  />
	
	  Name "StorageService Service Initialization should initialize IndexedDB on construction":
	  <li
	    class="jasmine-failed"
	    id="spec_spec752"
	    title="StorageService Service Initialization should initialize IndexedDB on construction"
	  />
	
	  Name "StorageService Service Initialization should setup online/offline event listeners":
	  <li
	    class="jasmine-failed"
	    id="spec_spec753"
	    title="StorageService Service Initialization should setup online/offline event listeners"
	  />
	
	  Name "StorageService Service Initialization should provide online status observable":
	  <li
	    class="jasmine-failed"
	    id="spec_spec754"
	    title="StorageService Service Initialization should provide online status observable"
	  />
	
	  Name "StorageService Service Initialization should be created":
	  <li
	    class="jasmine-failed"
	    id="spec_spec751"
	    title="StorageService Service Initialization should be created"
	  />
	
	  Name "StorageService Form Cache Management should return null for expired form cache":
	  <li
	    class="jasmine-failed"
	    id="spec_spec767"
	    title="StorageService Form Cache Management should return null for expired form cache"
	  />
	
	  Name "StorageService Form Cache Management should delete cached form data":
	  <li
	    class="jasmine-failed"
	    id="spec_spec768"
	    title="StorageService Form Cache Management should delete cached form data"
	  />
	
	  Name "StorageService Form Cache Management should cache form data with TTL":
	  <li
	    class="jasmine-failed"
	    id="spec_spec765"
	    title="StorageService Form Cache Management should cache form data with TTL"
	  />
	
	  Name "StorageService Form Cache Management should retrieve cached form data":
	  <li
	    class="jasmine-failed"
	    id="spec_spec766"
	    title="StorageService Form Cache Management should retrieve cached form data"
	  />
	
	  Name "StorageService Offline Actions Queue should remove completed action":
	  <li
	    class="jasmine-failed"
	    id="spec_spec771"
	    title="StorageService Offline Actions Queue should remove completed action"
	  />
	
	  Name "StorageService Offline Actions Queue should queue offline action":
	  <li
	    class="jasmine-failed"
	    id="spec_spec769"
	    title="StorageService Offline Actions Queue should queue offline action"
	  />
	
	  Name "StorageService Offline Actions Queue should get pending actions":
	  <li
	    class="jasmine-failed"
	    id="spec_spec770"
	    title="StorageService Offline Actions Queue should get pending actions"
	  />
	
	  Name "StorageService Database Schema Creation should create all required object stores on upgrade":
	  <li
	    class="jasmine-failed"
	    id="spec_spec755"
	    title="StorageService Database Schema Creation should create all required object stores on upgrade"
	  />
	
	  Name "StorageService Database Schema Creation should handle database initialization errors":
	  <li
	    class="jasmine-failed"
	    id="spec_spec756"
	    title="StorageService Database Schema Creation should handle database initialization errors"
	  />
	
	  Name "DashboardComponent should navigate to client details":
	  <li
	    class="jasmine-passed"
	    id="spec_spec973"
	    title="DashboardComponent should navigate to client details"
	  />
	
	  Name "DashboardComponent should get next best action data":
	  <li
	    class="jasmine-passed"
	    id="spec_spec979"
	    title="DashboardComponent should get next best action data"
	  />
	
	  Name "DashboardComponent should toggle view mode":
	  <li
	    class="jasmine-passed"
	    id="spec_spec975"
	    title="DashboardComponent should toggle view mode"
	  />
	
	  Name "DashboardComponent should clean up subscriptions on destroy":
	  <li
	    class="jasmine-passed"
	    id="spec_spec981"
	    title="DashboardComponent should clean up subscriptions on destroy"
	  />
	
	  Name "DashboardComponent should filter actionable clients by priority":
	  <li
	    class="jasmine-passed"
	    id="spec_spec980"
	    title="DashboardComponent should filter actionable clients by priority"
	  />
	
	  Name "DashboardComponent should change market selection":
	  <li
	    class="jasmine-passed"
	    id="spec_spec972"
	    title="DashboardComponent should change market selection"
	  />
	
	  Name "DashboardComponent should format currency correctly":
	  <li
	    class="jasmine-passed"
	    id="spec_spec978"
	    title="DashboardComponent should format currency correctly"
	  />
	
	  Name "DashboardComponent should load dashboard data on init":
	  <li
	    class="jasmine-passed"
	    id="spec_spec969"
	    title="DashboardComponent should load dashboard data on init"
	  />
	
	  Name "DashboardComponent should create":
	  <li
	    class="jasmine-passed"
	    id="spec_spec968"
	    title="DashboardComponent should create"
	  />
	
	  Name "DashboardComponent should handle error in dashboard data loading":
	  <li
	    class="jasmine-passed"
	    id="spec_spec976"
	    title="DashboardComponent should handle error in dashboard data loading"
	  />
	
	  Name "DashboardComponent should calculate completion percentage correctly":
	  <li
	    class="jasmine-passed"
	    id="spec_spec977"
	    title="DashboardComponent should calculate completion percentage correctly"
	  />
	
	  Name "DashboardComponent should display dashboard stats correctly":
	  <li
	    class="jasmine-passed"
	    id="spec_spec970"
	    title="DashboardComponent should display dashboard stats correctly"
	  />
	
	  Name "DashboardComponent should navigate to opportunities pipeline":
	  <li
	    class="jasmine-passed"
	    id="spec_spec974"
	    title="DashboardComponent should navigate to opportunities pipeline"
	  />
	
	  Name "DashboardComponent should handle activity feed data":
	  <li
	    class="jasmine-passed"
	    id="spec_spec971"
	    title="DashboardComponent should handle activity feed data"
	  />
	
	  Name "ApiService Cache Management should update cache when updating client":
	  <li
	    class="jasmine-passed"
	    id="spec_spec47"
	    title="ApiService Cache Management should update cache when updating client"
	  />
	
	  Name "ApiService Cache Management should update cache when deleting client":
	  <li
	    class="jasmine-passed"
	    id="spec_spec48"
	    title="ApiService Cache Management should update cache when deleting client"
	  />
	
	  Name "ApiService Cache Management should update cache when getting clients":
	  <li
	    class="jasmine-passed"
	    id="spec_spec45"
	    title="ApiService Cache Management should update cache when getting clients"
	  />
	
	  Name "ApiService Cache Management should update cache when creating client":
	  <li
	    class="jasmine-passed"
	    id="spec_spec46"
	    title="ApiService Cache Management should update cache when creating client"
	  />
	
	  Name "ApiService Document Operations should get client documents from real API":
	  <li
	    class="jasmine-passed"
	    id="spec_spec34"
	    title="ApiService Document Operations should get client documents from real API"
	  />
	
	  Name "ApiService Document Operations should upload document with mock data":
	  <li
	    class="jasmine-failed"
	    id="spec_spec31"
	    title="ApiService Document Operations should upload document with mock data"
	  />
	
	  Name "ApiService Document Operations should upload document via real API":
	  <li
	    class="jasmine-passed"
	    id="spec_spec32"
	    title="ApiService Document Operations should upload document via real API"
	  />
	
	  Name "ApiService Document Operations should get client documents with mock data":
	  <li
	    class="jasmine-passed"
	    id="spec_spec33"
	    title="ApiService Document Operations should get client documents with mock data"
	  />
	
	  Name "ApiService Quote Operations should create quote with mock data":
	  <li
	    class="jasmine-passed"
	    id="spec_spec27"
	    title="ApiService Quote Operations should create quote with mock data"
	  />
	
	  Name "ApiService Quote Operations should get client quotes from real API":
	  <li
	    class="jasmine-passed"
	    id="spec_spec30"
	    title="ApiService Quote Operations should get client quotes from real API"
	  />
	
	  Name "ApiService Quote Operations should create quote via real API":
	  <li
	    class="jasmine-passed"
	    id="spec_spec28"
	    title="ApiService Quote Operations should create quote via real API"
	  />
	
	  Name "ApiService Quote Operations should get client quotes with mock data":
	  <li
	    class="jasmine-passed"
	    id="spec_spec29"
	    title="ApiService Quote Operations should get client quotes with mock data"
	  />
	
	  Name "ApiService Client Operations - Real API Mode should get clients from real API":
	  <li
	    class="jasmine-passed"
	    id="spec_spec22"
	    title="ApiService Client Operations - Real API Mode should get clients from real API"
	  />
	
	  Name "ApiService Client Operations - Real API Mode should get client by ID from real API":
	  <li
	    class="jasmine-passed"
	    id="spec_spec23"
	    title="ApiService Client Operations - Real API Mode should get client by ID from real API"
	  />
	
	  Name "ApiService Client Operations - Real API Mode should create client via real API":
	  <li
	    class="jasmine-passed"
	    id="spec_spec24"
	    title="ApiService Client Operations - Real API Mode should create client via real API"
	  />
	
	  Name "ApiService Client Operations - Real API Mode should update client via real API":
	  <li
	    class="jasmine-passed"
	    id="spec_spec25"
	    title="ApiService Client Operations - Real API Mode should update client via real API"
	  />
	
	  Name "ApiService Client Operations - Real API Mode should delete client via real API":
	  <li
	    class="jasmine-passed"
	    id="spec_spec26"
	    title="ApiService Client Operations - Real API Mode should delete client via real API"
	  />
	
	  Name "ApiService Client Operations - Mock Mode should get client by ID with mock data":
	  <li
	    class="jasmine-passed"
	    id="spec_spec17"
	    title="ApiService Client Operations - Mock Mode should get client by ID with mock data"
	  />
	
	  Name "ApiService Client Operations - Mock Mode should filter clients by search term":
	  <li
	    class="jasmine-passed"
	    id="spec_spec16"
	    title="ApiService Client Operations - Mock Mode should filter clients by search term"
	  />
	
	  Name "ApiService Client Operations - Mock Mode should update client with mock data":
	  <li
	    class="jasmine-passed"
	    id="spec_spec20"
	    title="ApiService Client Operations - Mock Mode should update client with mock data"
	  />
	
	  Name "ApiService Client Operations - Mock Mode should filter clients by market":
	  <li
	    class="jasmine-passed"
	    id="spec_spec15"
	    title="ApiService Client Operations - Mock Mode should filter clients by market"
	  />
	
	  Name "ApiService Client Operations - Mock Mode should delete client with mock data":
	  <li
	    class="jasmine-passed"
	    id="spec_spec21"
	    title="ApiService Client Operations - Mock Mode should delete client with mock data"
	  />
	
	  Name "ApiService Client Operations - Mock Mode should get clients with mock data":
	  <li
	    class="jasmine-passed"
	    id="spec_spec14"
	    title="ApiService Client Operations - Mock Mode should get clients with mock data"
	  />
	
	  Name "ApiService Client Operations - Mock Mode should create client with mock data":
	  <li
	    class="jasmine-passed"
	    id="spec_spec19"
	    title="ApiService Client Operations - Mock Mode should create client with mock data"
	  />
	
	  Name "ApiService Client Operations - Mock Mode should return null for non-existent client ID":
	  <li
	    class="jasmine-passed"
	    id="spec_spec18"
	    title="ApiService Client Operations - Mock Mode should return null for non-existent client ID"
	  />
	
	  Name "ApiService Error Handling should return null for missing client data":
	  <li
	    class="jasmine-passed"
	    id="spec_spec43"
	    title="ApiService Error Handling should return null for missing client data"
	  />
	
	  Name "ApiService Error Handling should handle API errors when creating client":
	  <li
	    class="jasmine-passed"
	    id="spec_spec42"
	    title="ApiService Error Handling should handle API errors when creating client"
	  />
	
	  Name "ApiService Error Handling should return empty array for missing clients data":
	  <li
	    class="jasmine-passed"
	    id="spec_spec44"
	    title="ApiService Error Handling should return empty array for missing clients data"
	  />
	
	  Name "ApiService Error Handling should handle API errors when getting clients":
	  <li
	    class="jasmine-passed"
	    id="spec_spec41"
	    title="ApiService Error Handling should handle API errors when getting clients"
	  />
	
	  Name "ApiService Service Initialization should initialize clients cache as empty array":
	  <li
	    class="jasmine-passed"
	    id="spec_spec13"
	    title="ApiService Service Initialization should initialize clients cache as empty array"
	  />
	
	  Name "ApiService Service Initialization should be created":
	  <li
	    class="jasmine-passed"
	    id="spec_spec12"
	    title="ApiService Service Initialization should be created"
	  />
	
	  Name "ApiService Utility Methods should generate default documents for CreditoColectivo flow":
	  <li
	    class="jasmine-passed"
	    id="spec_spec40"
	    title="ApiService Utility Methods should generate default documents for CreditoColectivo flow"
	  />
	
	  Name "ApiService Utility Methods should clear cache":
	  <li
	    class="jasmine-passed"
	    id="spec_spec38"
	    title="ApiService Utility Methods should clear cache"
	  />
	
	  Name "ApiService Utility Methods should check API health":
	  <li
	    class="jasmine-passed"
	    id="spec_spec37"
	    title="ApiService Utility Methods should check API health"
	  />
	
	  Name "ApiService Utility Methods should generate default documents for VentaPlazo flow":
	  <li
	    class="jasmine-passed"
	    id="spec_spec39"
	    title="ApiService Utility Methods should generate default documents for VentaPlazo flow"
	  />
	
	  Name "ApiService Event Operations should add client event with mock data":
	  <li
	    class="jasmine-passed"
	    id="spec_spec35"
	    title="ApiService Event Operations should add client event with mock data"
	  />
	
	  Name "ApiService Event Operations should add client event via real API":
	  <li
	    class="jasmine-passed"
	    id="spec_spec36"
	    title="ApiService Event Operations should add client event via real API"
	  />
	
	  Name "ClienteFormComponent Integration Tests should render form with all required fields":
	  <li
	    class="jasmine-failed"
	    id="spec_spec933"
	    title="ClienteFormComponent Integration Tests should render form with all required fields"
	  />
	
	  Name "ClienteFormComponent Integration Tests should handle form input correctly":
	  <li
	    class="jasmine-passed"
	    id="spec_spec935"
	    title="ClienteFormComponent Integration Tests should handle form input correctly"
	  />
	
	  Name "ClienteFormComponent Integration Tests should handle back button click":
	  <li
	    class="jasmine-passed"
	    id="spec_spec937"
	    title="ClienteFormComponent Integration Tests should handle back button click"
	  />
	
	  Name "ClienteFormComponent Integration Tests should submit form with valid data":
	  <li
	    class="jasmine-failed"
	    id="spec_spec936"
	    title="ClienteFormComponent Integration Tests should submit form with valid data"
	  />
	
	  --------------------------------------------------banner:
	
	  Name "":
	  <header
	    _ngcontent-a-c3637498237=""
	    class="form-header"
	  />
	
	  --------------------------------------------------
	  button:
	
	  Name "← Volver":
	  <button
	    _ngcontent-a-c3637498237=""
	    class="back-button"
	  />
	
	  Name "Cancelar":
	  <button
	    _ngcontent-a-c3637498237=""
	    class="btn-secondary"
	    type="button"
	  />
	
	  Name "Crear Cliente":
	  <button
	    _ngcontent-a-c3637498237=""
	    class="btn-primary"
	    disabled=""
	    type="submit"
	  />
	
	  --------------------------------------------------
	  heading:
	
	  Name "➕ Nuevo Cliente":
	  <h1
	    _ngcontent-a-c3637498237=""
	    class="page-title"
	  />
	
	  Name "👤 Información Personal":
	  <h2
	    _ngcontent-a-c3637498237=""
	    class="section-title"
	  />
	
	  Name "🚐 Información de Negocio":
	  <h2
	    _ngcontent-a-c3637498237=""
	    class="section-title"
	  />
	
	  --------------------------------------------------
	  textbox:
	
	  Name "Nombre Completo *":
	  <input
	    _ngcontent-a-c3637498237=""
	    class="form-input ng-untouched ng-pristine ng-invalid"
	    formcontrolname="name"
	    id="name"
	    ng-reflect-name="name"
	    placeholder="Ej. Juan Pérez García"
	    type="text"
	  />
	
	  Name "Correo Electrónico *":
	  <input
	    _ngcontent-a-c3637498237=""
	    class="form-input ng-untouched ng-pristine ng-invalid"
	    formcontrolname="email"
	    id="email"
	    ng-reflect-name="email"
	    placeholder="juan@ejemplo.com"
	    type="email"
	  />
	
	  Name "Teléfono *":
	  <input
	    _ngcontent-a-c3637498237=""
	    class="form-input ng-untouched ng-pristine ng-invalid"
	    formcontrolname="phone"
	    id="phone"
	    ng-reflect-name="phone"
	    placeholder="5555555555"
	    type="tel"
	  />
	
	  Name "RFC":
	  <input
	    _ngcontent-a-c3637498237=""
	    class="form-input ng-untouched ng-pristine ng-valid"
	    formcontrolname="rfc"
	    id="rfc"
	    ng-reflect-name="rfc"
	    placeholder="XAXX010101000"
	    type="text"
	  />
	
	  Name "Notas Adicionales":
	  <textarea
	    _ngcontent-a-c3637498237=""
	    class="form-textarea ng-untouched ng-pristine ng-valid"
	    formcontrolname="notes"
	    id="notes"
	    ng-reflect-name="notes"
	    placeholder="Información adicional sobre el cliente..."
	    rows="3"
	  />
	
	  --------------------------------------------------
	  combobox:
	
	  Name "Mercado *":
	  <select
	    _ngcontent-a-c3637498237=""
	    class="form-select ng-untouched ng-pristine ng-invalid"
	    formcontrolname="market"
	    id="market"
	    ng-reflect-name="market"
	  />
	
	  Name "Tipo de Producto *":
	  <select
	    _ngcontent-a-c3637498237=""
	    class="form-select ng-untouched ng-pristine ng-invalid"
	    formcontrolname="flow"
	    id="flow"
	    ng-reflect-name="flow"
	  />
	
	  --------------------------------------------------
	  option:
	
	  Name "Seleccionar mercado":
	  <option
	    _ngcontent-a-c3637498237=""
	    ng-reflect-value=""
	    value=""
	  />
	
	  Name "Aguascalientes":
	  <option
	    _ngcontent-a-c3637498237=""
	    ng-reflect-value="aguascalientes"
	    value="aguascalientes"
	  />
	
	  Name "Estado de México":
	  <option
	    _ngcontent-a-c3637498237=""
	    ng-reflect-value="edomex"
	    value="edomex"
	  />
	
	  Name "Seleccionar producto":
	  <option
	    _ngcontent-a-c3637498237=""
	    ng-reflect-value=""
	    value=""
	  />
	
	  Name "Venta a Plazo":
	  <option
	    _ngcontent-a-c3637498237=""
	    ng-reflect-value="Venta a Plazo"
	    value="Venta a Plazo"
	  />
	
	  Name "Plan de Ahorro":
	  <option
	    _ngcontent-a-c3637498237=""
	    ng-reflect-value="Plan de Ahorro"
	    value="Plan de Ahorro"
	  />
	
	  Name "Crédito Colectivo":
	  <option
	    _ngcontent-a-c3637498237=""
	    ng-reflect-value="Crédito Colectivo"
	    value="Crédito Colectivo"
	  />
	
	  Name "Venta Directa":
	  <option
	    _ngcontent-a-c3637498237=""
	    ng-reflect-value="Venta Directa"
	    value="Venta Directa"
	  />
	
	  --------------------------------------------------
	
	Ignored nodes: comments, script, style
	<body>
	  
	    
	  
	    
	  
	    
	  
	    
	  
	    
	  
	    
	  
	    
	  
	
	  
	
	  
	
	  
	
	  
	
	  <link
	    crossorigin="anonymous"
	    href="node_modules/jasmine-core/lib/jasmine-core/jasmine.css"
	    rel="stylesheet"
	    type="text/css"
	  />
	  
	
	  
	
	  
	
	  <div
	    class="jasmine_html-reporter"
	  >
	    <div
	      class="jasmine-banner"
	    >
	      <a
	        class="jasmine-title"
	        href="http://jasmine.github.io/"
	        target="_blank"
	      />
	      <span
	        class="jasmine-version"
	      >
	        4.6.1
	      </span>
	    </div>
	    <ul
	      class="jasmine-symbol-summary"
	    >
	      <li
	        class="jasmine-passed"
	        id="spec_spec478"
	        title="LoadingService Service Initialization should return false for initial isLoading state"
	      />
	      <li
	        class="jasmine-passed"
	        id="spec_spec477"
	        title="LoadingService Service Initialization should initialize with loading false"
	      />
	      <li
	        class="jasmine-passed"
	        id="spec_spec476"
	        title="LoadingService Service Initialization should be created"
	      />
	      <li
	        class="jasmine-passed"
	        id="spec_spec479"
	        title="LoadingService Basic Loading Control should show loading"
	      />
	      <li
	        class="jasmine-passed"
	        id="spec_spec482"
	        title="LoadingService Basic Loading Control should not hide loading when already hidden"
	      />
	      <li
	        class="jasmine-passed"
	        id="spec_spec481"
	        title="LoadingService Basic Loading Control should not show loading multiple times without identifiers"
	      />
	      <li
	        class="jasmine-passed"
	        id="spec_spec480"
	        title="LoadingService Basic Loading Control should hide loading"
	      />
	      <li
	        class="jasmine-passed"
	        id="spec_spec488"
	        title="LoadingService Identifier-based Loading Control should handle hiding identifier multiple times"
	      />
	      <li
	        class="jasmine-passed"
	        id="spec_spec487"
	        title="LoadingService Identifier-based Loading Control should handle hiding non-existent identifier"
	      />
	      <li
	        class="jasmine-passed"
	        id="spec_spec483"
	        title="LoadingService Identifier-based Loading Control should show loading with identifier"
	      />
	      <li
	        class="jasmine-passed"
	        id="spec_spec486"
	        title="LoadingService Identifier-based Loading Control should not add duplicate identifiers"
	      />
	      <li
	        class="jasmine-passed"
	        id="spec_spec485"
	        title="LoadingService Identifier-based Loading Control should manage multiple identifiers"
	      />
	      <li
	        class="jasmine-passed"
	        id="spec_spec484"
	        title="LoadingService Identifier-based Loading Control should hide loading with identifier"
	      />
	      <li
	        class="jasmine-passed"
	        id="spec_spec503"
	        title="LoadingService Observable Behavior should support multiple subscribers"
	      />
	      <li
	        class="jasmine-passed"
	        id="spec_spec501"
	        title="LoadingService Observable Behavior should emit loading state changes"
	      />
	      <li
	        class="jasmine-passed"
	        id="spec_spec502"
	        title="LoadingService Observable Behavior should not emit duplicate states"
	      />
	      <li
	        class="jasmine-passed"
	        id="spec_spec496"
	        title="LoadingService SetLoading Alias Method should work without identifier"
	      />
	      <li
	        class="jasmine-passed"
	        id="spec_spec495"
	        title="LoadingService SetLoading Alias Method should hide loading when setLoading(false)"
	      />
	      <li
	        class="jasmine-passed"
	        id="spec_spec494"
	        title="LoadingService SetLoading Alias Method should show loading when setLoading(true)"
	      />
	      <li
	        class="jasmine-passed"
	        id="spec_spec498"
	        title="LoadingService Edge Cases and Error Handling should handle mixed identifier and non-identifier operations"
	      />
	      <li
	        class="jasmine-passed"
	        id="spec_spec497"
	        title="LoadingService Edge Cases and Error Handling should handle rapid show/hide calls"
	      />
	      <li
	        class="jasmine-passed"
	        id="spec_spec500"
	        title="LoadingService Edge Cases and Error Handling should maintain state consistency after force hide"
	      />
	      <li
	        class="jasmine-passed"
	        id="spec_spec499"
	        title="LoadingService Edge Cases and Error Handling should handle empty string identifier"
	      />
	      <li
	        class="jasmine-passed"
	        id="spec_spec489"
	        title="LoadingService Force Hide Functionality should force hide loading even with active identifiers"
	      />
	      <li
	        class="jasmine-passed"
	        id="spec_spec490"
	        title="LoadingService Force Hide Functionality should clear all identifiers on force hide"
	      />
	      <li
	        class="jasmine-passed"
	        id="spec_spec492"
	        title="LoadingService Duration-based Loading should show loading for duration with identifier"
	      />
	      <li
	        class="jasmine-passed"
	        id="spec_spec491"
	        title="LoadingService Duration-based Loading should show loading for specific duration"
	      />
	      <li
	        class="jasmine-passed"
	        id="spec_spec493"
	        title="LoadingService Duration-based Loading should handle multiple timed operations"
	      />
	      <li
	        class="jasmine-passed"
	        id="spec_spec53"
	        title="AuthService Login Functionality should fail login with invalid credentials"
	      />
	      <li
	        class="jasmine-passed"
	        id="spec_spec52"
	        title="AuthService Login Functionality should login with valid demo credentials"
	      />
	      <li
	        class="jasmine-passed"
	        id="spec_spec56"
	        title="AuthService Login Functionality should store token in localStorage after successful login"
	      />
	      <li
	        class="jasmine-passed"
	        id="spec_spec55"
	        title="AuthService Login Functionality should set user as authenticated after successful login"
	      />
	      <li
	        class="jasmine-passed"
	        id="spec_spec54"
	        title="AuthService Login Functionality should fail login with non-corporate email"
	      />
	      <li
	        class="jasmine-passed"
	        id="spec_spec51"
	        title="AuthService Basic Service Setup should initialize as not authenticated"
	      />
	      <li
	        class="jasmine-passed"
	        id="spec_spec49"
	        title="AuthService Basic Service Setup should be created"
	      />
	      <li
	        class="jasmine-passed"
	        id="spec_spec50"
	        title="AuthService Basic Service Setup should initialize with no authenticated user"
	      />
	      <li
	        class="jasmine-passed"
	        id="spec_spec75"
	        title="AuthService Logout Functionality should clear user data on logout"
	      />
	      <li
	        class="jasmine-passed"
	   ...
	TestingLibraryElementError: Unable to find an accessible element with the role "button" and name `/guardar/i`
	Here are the accessible roles:
	  link:
	  Name "":
	  <a
	    class="jasmine-title"
	    href="http://jasmine.github.io/"
	    target="_blank"
	  />
	  --------------------------------------------------
	  list:
	  Name "":
	  <ul
	    class="jasmine-symbol-summary"
	  />
	  --------------------------------------------------
	  listitem:
	  Name "LoadingService Service Initialization should return false for initial isLoading state":
	  <li
	    class="jasmine-passed"
	    id="spec_spec478"
	    title="LoadingService Service Initialization should return false for initial isLoading state"
	  />
	  Name "LoadingService Service Initialization should initialize with loading false":
	  <li
	    class="jasmine-passed"
	    id="spec_spec477"
	    title="LoadingService Service Initialization should initialize with loading false"
	  />
	  Name "LoadingService Service Initialization should be created":
	  <li
	    class="jasmine-passed"
	    id="spec_spec476"
	    title="LoadingService Service Initialization should be created"
	  />
	  Name "LoadingService Basic Loading Control should show loading":
	  <li
	    class="jasmine-passed"
	    id="spec_spec479"
	    title="LoadingService Basic Loading Control should show loading"
	  />
	  Name "LoadingService Basic Loading Control should not hide loading when already hidden":
	  <li
	    class="jasmine-passed"
	    id="spec_spec482"
	    title="LoadingService Basic Loading Control should not hide loading when already hidden"
	  />
	  Name "LoadingService Basic Loading Control should not show loading multiple times without identifiers":
	  <li
	    class="jasmine-passed"
	    id="spec_spec481"
	    title="LoadingService Basic Loading Control should not show loading multiple times without identifiers"
	  />
	  Name "LoadingService Basic Loading Control should hide loading":
	  <li
	    class="jasmine-passed"
	    id="spec_spec480"
	    title="LoadingService Basic Loading Control should hide loading"
	  />
	  Name "LoadingService Identifier-based Loading Control should handle hiding identifier multiple times":
	  <li
	    class="jasmine-passed"
	    id="spec_spec488"
	    title="LoadingService Identifier-based Loading Control should handle hiding identifier multiple times"
	  />
	  Name "LoadingService Identifier-based Loading Control should handle hiding non-existent identifier":
	  <li
	    class="jasmine-passed"
	    id="spec_spec487"
	    title="LoadingService Identifier-based Loading Control should handle hiding non-existent identifier"
	  />
	  Name "LoadingService Identifier-based Loading Control should show loading with identifier":
	  <li
	    class="jasmine-passed"
	    id="spec_spec483"
	    title="LoadingService Identifier-based Loading Control should show loading with identifier"
	  />
	  Name "LoadingService Identifier-based Loading Control should not add duplicate identifiers":
	  <li
	    class="jasmine-passed"
	    id="spec_spec486"
	    title="LoadingService Identifier-based Loading Control should not add duplicate identifiers"
	  />
	  Name "LoadingService Identifier-based Loading Control should manage multiple identifiers":
	  <li
	    class="jasmine-passed"
	    id="spec_spec485"
	    title="LoadingService Identifier-based Loading Control should manage multiple identifiers"
	  />
	  Name "LoadingService Identifier-based Loading Control should hide loading with identifier":
	  <li
	    class="jasmine-passed"
	    id="spec_spec484"
	    title="LoadingService Identifier-based Loading Control should hide loading with identifier"
	  />
	  Name "LoadingService Observable Behavior should support multiple subscribers":
	  <li
	    class="jasmine-passed"
	    id="spec_spec503"
	    title="LoadingService Observable Behavior should support multiple subscribers"
	  />
	  Name "LoadingService Observable Behavior should emit loading state changes":
	  <li
	    class="jasmine-passed"
	    id="spec_spec501"
	    title="LoadingService Observable Behavior should emit loading state changes"
	  />
	  Name "LoadingService Observable Behavior should not emit duplicate states":
	  <li
	    class="jasmine-passed"
	    id="spec_spec502"
	    title="LoadingService Observable Behavior should not emit duplicate states"
	  />
	  Name "LoadingService SetLoading Alias Method should work without identifier":
	  <li
	    class="jasmine-passed"
	    id="spec_spec496"
	    title="LoadingService SetLoading Alias Method should work without identifier"
	  />
	  Name "LoadingService SetLoading Alias Method should hide loading when setLoading(false)":
	  <li
	    class="jasmine-passed"
	    id="spec_spec495"
	    title="LoadingService SetLoading Alias Method should hide loading when setLoading(false)"
	  />
	  Name "LoadingService SetLoading Alias Method should show loading when setLoading(true)":
	  <li
	    class="jasmine-passed"
	    id="spec_spec494"
	    title="LoadingService SetLoading Alias Method should show loading when setLoading(true)"
	  />
	  Name "LoadingService Edge Cases and Error Handling should handle mixed identifier and non-identifier operations":
	  <li
	    class="jasmine-passed"
	    id="spec_spec498"
	    title="LoadingService Edge Cases and Error Handling should handle mixed identifier and non-identifier operations"
	  />
	  Name "LoadingService Edge Cases and Error Handling should handle rapid show/hide calls":
	  <li
	    class="jasmine-passed"
	    id="spec_spec497"
	    title="LoadingService Edge Cases and Error Handling should handle rapid show/hide calls"
	  />
	  Name "LoadingService Edge Cases and Error Handling should maintain state consistency after force hide":
	  <li
	    class="jasmine-passed"
	    id="spec_spec500"
	    title="LoadingService Edge Cases and Error Handling should maintain state consistency after force hide"
	  />
	  Name "LoadingService Edge Cases and Error Handling should handle empty string identifier":
	  <li
	    class="jasmine-passed"
	    id="spec_spec499"
	    title="LoadingService Edge Cases and Error Handling should handle empty string identifier"
	  />
	  Name "LoadingService Force Hide Functionality should force hide loading even with active identifiers":
	  <li
	    class="jasmine-passed"
	    id="spec_spec489"
	    title="LoadingService Force Hide Functionality should force hide loading even with active identifiers"
	  />
	  Name "LoadingService Force Hide Functionality should clear all identifiers on force hide":
	  <li
	    class="jasmine-passed"
	    id="spec_spec490"
	    title="LoadingService Force Hide Functionality should clear all identifiers on force hide"
	  />
	  Name "LoadingService Duration-based Loading should show loading for duration with identifier":
	  <li
	    class="jasmine-passed"
	    id="spec_spec492"
	    title="LoadingService Duration-based Loading should show loading for duration with identifier"
	  />
	  Name "LoadingService Duration-based Loading should show loading for specific duration":
	  <li
	    class="jasmine-passed"
	    id="spec_spec491"
	    title="LoadingService Duration-based Loading should show loading for specific duration"
	  />
	  Name "LoadingService Duration-based Loading should handle multiple timed operations":
	  <li
	    class="jasmine-passed"
	    id="spec_spec493"
	    title="LoadingService Duration-based Loading should handle multiple timed operations"
	  />
	  Name "AuthService Login Functionality should fail login with invalid credentials":
	  <li
	    class="jasmine-passed"
	    id="spec_spec53"
	    title="AuthService Login Functionality should fail login with invalid credentials"
	  />
	  Name "AuthService Login Functionality should login with valid demo credentials":
	  <li
	    class="jasmine-passed"
	    id="spec_spec52"
	    title="AuthService Login Functionality should login with valid demo credentials"
	  />
	  Name "AuthService Login Functionality should store token in localStorage after successful login":
	  <li
	    class="jasmine-passed"
	    id="spec_spec56"
	    title="AuthService Login Functionality should store token in localStorage after successful login"
	  />
	  Name "AuthService Login Functionality should set user as authenticated after successful login":
	  <li
	    class="jasmine-passed"
	    id="spec_spec55"
	    title="AuthService Login Functionality should set user as authenticated after successful login"
	  />
	  Name "AuthService Login Functionality should fail login with non-corporate email":
	  <li
	    class="jasmine-passed"
	    id="spec_spec54"
	    title="AuthService Login Functionality should fail login with non-corporate email"
	  />
	  Name "AuthService Basic Service Setup should initialize as not authenticated":
	  <li
	    class="jasmine-passed"
	    id="spec_spec51"
	    title="AuthService Basic Service Setup should initialize as not authenticated"
	  />
	  Name "AuthService Basic Service Setup should be created":
	  <li
	    class="jasmine-passed"
	    id="spec_spec49"
	    title="AuthService Basic Service Setup should be created"
	  />
	  Name "AuthService Basic Service Setup should initialize with no authenticated user":
	  <li
	    class="jasmine-passed"
	    id="spec_spec50"
	    title="AuthService Basic Service Setup should initialize with no authenticated user"
	  />
	  Name "AuthService Logout Functionality should clear user data on logout":
	  <li
	    class="jasmine-passed"
	    id="spec_spec75"
	    title="AuthService Logout Functionality should clear user data on logout"
	  />
	  Name "AuthService Logout Functionality should clear authentication state on logout":
	  <li
	    class="jasmine-passed"
	    id="spec_spec74"
	    title="AuthService Logout Functionality should clear authentication state on logout"
	  />
	  Name "AuthService Logout Functionality should remove token from localStorage on logout":
	  <li
	    class="jasmine-passed"
	    id="spec_spec76"
	    title="AuthService Logout Functionality should remove token from localStorage on logout"
	  />
	  Name "AuthService Email Availability Check should return available for new email":
	  <li
	    class="jasmine-passed"
	    id="spec_spec71"
	    title="AuthService Email Availability Check should return available for new email"
	  />
	  Name "AuthService Email Availability Check should return not available for pending registration email":
	  <li
	    class="jasmine-passed"
	    id="spec_spec73"
	    title="AuthService Email Availability Check should return not available for pending registration email"
	  />
	  Name "AuthService Email Availability Check should return not available for existing email":
	  <li
	    class="jasmine-passed"
	    id="spec_spec72"
	    title="AuthService Email Availability Check should return not available for existing email"
	  />
	  Name "AuthService Email Verification should successfully verify email with valid token":
	  <li
	    class="jasmine-passed"
	    id="spec_spec68"
	    title="AuthService Email Verification should successfully verify email with valid token"
	  />
	  Name "AuthService Email Verification should fail verification with invalid token":
	  <li
	    class="jasmine-passed"
	    id="spec_spec69"
	    title="AuthService Email Verification should fail verification with invalid token"
	  />
	  Name "AuthService Email Verification should update registration status after verification":
	  <li
	    class="jasmine-passed"
	    id="spec_spec70"
	    title="AuthService Email Verification should update registration status after verification"
	  />
	  Name "AuthService Token Management should detect old token as expired":
	  <li
	    class="jasmine-passed"
	    id="spec_spec59"
	    title="AuthService Token Management should detect old token as expired"
	  />
	  Name "AuthService Token Management should detect valid token as not expired":
	  <li
	    class="jasmine-failed"
	    id="spec_spec58"
	    title="AuthService Token Management should detect valid token as not expired"
	  />
	  Name "AuthService Token Management should detect invalid token format as expired":
	  <li
	    class="jasmine-passed"
	    id="spec_spec60"
	    title="AuthService Token Management should detect invalid token format as expired"
	  />
	  Name "AuthService Token Management should retrieve stored token":
	  <li
	    class="jasmine-passed"
	    id="spec_spec57"
	    title="AuthService Token Management should retrieve stored token"
	  />
	  Name "AuthService Registration Functionality should fail registration without privacy acceptance":
	  <li
	    class="jasmine-passed"
	    id="spec_spec63"
	    title="AuthService Registration Functionality should fail registration without privacy acceptance"
	  />
	  Name "AuthService Registration Functionality should successfully register with valid data":
	  <li
	    class="jasmine-passed"
	    id="spec_spec61"
	    title="AuthService Registration Functionality should successfully register with valid data"
	  />
	  Name "AuthService Registration Functionality should fail registration without terms acceptance":
	  <li
	    class="jasmine-passed"
	    id="spec_spec62"
	    title="AuthService Registration Functionality should fail registration without terms acceptance"
	  />
	  Name "AuthService Registration Functionality should fail registration with non-corporate email":
	  <li
	    class="jasmine-passed"
	    id="spec_spec65"
	    title="AuthService Registration Functionality should fail registration with non-corporate email"
	  />
	  Name "AuthService Registration Functionality should fail registration with existing email":
	  <li
	    class="jasmine-passed"
	    id="spec_spec66"
	    title="AuthService Registration Functionality should fail registration with existing email"
	  />
	  Name "AuthService Registration Functionality should fail registration with mismatched passwords":
	  <li
	    class="jasmine-passed"
	    id="spec_spec64"
	    title="AuthService Registration Functionality should fail registration with mismatched passwords"
	  />
	  Name "AuthService Registration Functionality should store pending registration in localStorage":
	  <li
	    class="jasmine-passed"
	    id="spec_spec67"
	    title="AuthService Registration Functionality should store pending registration in localStorage"
	  />
	  Name "CreditScoringService Service Initialization should have SCORING_CONFIG defined":
	  <li
	    class="jasmine-failed"
	    id="spec_spec296"
	    title="CreditScoringService Service Initialization should have SCORING_CONFIG defined"
	  />
	  Name "CreditScoringService Service Initialization should initialize internal storage maps":
	  <li
	    class="jasmine-failed"
	    id="spec_spec297"
	    title="CreditScoringService Service Initialization should initialize internal storage maps"
	  />
	  Name "CreditScoringService Service Initialization should be created":
	  <li
	    class="jasmine-failed"
	    id="spec_spec295"
	    title="CreditScoringService Service Initialization should be created"
	  />
	  Name "CreditScoringService Scoring Recommendations should get VentaDirecta recommendations":
	  <li
	    class="jasmine-failed"
	    id="spec_spec308"
	    title="CreditScoringService Scoring Recommendations should get VentaDirecta recommendations"
	  />
	  Name "CreditScoringService Scoring Recommendations should get CreditoColectivo recommendations":
	  <li
	    class="jasmine-failed"
	    id="spec_spec311"
	    title="CreditScoringService Scoring Recommendations should get CreditoColectivo recommendations"
	  />
	  Name "CreditScoringService Scoring Recommendations should get AhorroProgramado recommendations":
	  <li
	    class="jasmine-failed"
	    id="spec_spec312"
	    title="CreditScoringService Scoring Recommendations should get AhorroProgramado recommendations"
	  />
	  Name "CreditScoringService Scoring Recommendations should get VentaPlazo recommendations for AGS":
	  <li
	    class="jasmine-failed"
	    id="spec_spec309"
	    title="CreditScoringService Scoring Recommendations should get VentaPlazo recommendations for AGS"
	  />
	  Name "CreditScoringService Scoring Recommendations should return default recommendations for unknown flow":
	  <li
	    class="jasmine-failed"
	    id="spec_spec313"
	    title="CreditScoringService Scoring Recommendations should return default recommendations for unknown flow"
	  />
	  Name "CreditScoringService Scoring Recommendations should get VentaPlazo recommendations for EdoMex":
	  <li
	    class="jasmine-failed"
	    id="spec_spec310"
	    title="CreditScoringService Scoring Recommendations should get VentaPlazo recommendations for EdoMex"
	  />
	  Name "CreditScoringService Scoring Validity Check should invalidate expired scoring":
	  <li
	    class="jasmine-failed"
	    id="spec_spec327"
	    title="CreditScoringService Scoring Validity Check should invalidate expired scoring"
	  />
	  Name "CreditScoringService Scoring Validity Check should validate non-expired scoring":
	  <li
	    class="jasmine-failed"
	    id="spec_spec326"
	    title="CreditScoringService Scoring Validity Check should validate non-expired scoring"
	  />
	  Name "CreditScoringService Scoring Validity Check should return false for non-existent scoring":
	  <li
	    class="jasmine-failed"
	    id="spec_spec328"
	    title="CreditScoringService Scoring Validity Check should return false for non-existent scoring"
	  />
	  Name "CreditScoringService Scoring Simulation should set expiration date correctly":
	  <li
	    class="jasmine-failed"
	    id="spec_spec321"
	    title="CreditScoringService Scoring Simulation should set expiration date correctly"
	  />
	  Name "CreditScoringService Scoring Simulation should simulate scoring with low score for risky client":
	  <li
	    class="jasmine-failed"
	    id="spec_spec315"
	    title="CreditScoringService Scoring Simulation should simulate scoring with low score for risky client"
	  />
	  Name "CreditScoringService Scoring Simulation should apply market bonus for Aguascalientes":
	  <li
	    class="jasmine-failed"
	    id="spec_spec316"
	    title="CreditScoringService Scoring Simulation should apply market bonus for Aguascalientes"
	  />
	  Name "CreditScoringService Scoring Simulation should set correct interest rates by market":
	  <li
	    class="jasmine-failed"
	    id="spec_spec318"
	    title="CreditScoringService Scoring Simulation should set correct interest rates by market"
	  />
	  Name "CreditScoringService Scoring Simulation should include reasons for rejection":
	  <li
	    class="jasmine-failed"
	    id="spec_spec320"
	    title="CreditScoringService Scoring Simulation should include reasons for rejection"
	  />
	  Name "CreditScoringService Scoring Simulation should apply business flow bonuses correctly":
	  <li
	    class="jasmine-failed"
	    id="spec_spec317"
	    title="CreditScoringService Scoring Simulation should apply business flow bonuses correctly"
	  />
	  Name "CreditScoringService Scoring Simulation should include conditions for conditional approval":
	  <li
	    class="jasmine-failed"
	    id="spec_spec319"
	    title="CreditScoringService Scoring Simulation should include conditions for conditional approval"
	  />
	  Name "CreditScoringService Scoring Simulation should simulate scoring with high score for good client":
	  <li
	    class="jasmine-failed"
	    id="spec_spec314"
	    title="CreditScoringService Scoring Simulation should simulate scoring with high score for good client"
	  />
	  Name "CreditScoringService Credit Scoring Process should get scoring status correctly":
	  <li
	    class="jasmine-failed"
	    id="spec_spec301"
	    title="CreditScoringService Credit Scoring Process should get scoring status correctly"
	  />
	  Name "CreditScoringService Credit Scoring Process should return null for non-existent scoring ID":
	  <li
	    class="jasmine-failed"
	    id="spec_spec300"
	    title="CreditScoringService Credit Scoring Process should return null for non-existent scoring ID"
	  />
	  Name "CreditScoringService Credit Scoring Process should return null for non-existent status ID":
	  <li
	    class="jasmine-failed"
	    id="spec_spec302"
	    title="CreditScoringService Credit Scoring Process should return null for non-existent status ID"
	  />
	  Name "CreditScoringService Credit Scoring Process should initiate credit scoring request":
	  <li
	    class="jasmine-failed"
	    id="spec_spec298"
	    title="CreditScoringService Credit Scoring Process should initiate credit scoring request"
	  />
	  Name "CreditScoringService Credit Scoring Process should store scoring result after processing":
	  <li
	    class="jasmine-failed"
	    id="spec_spec299"
	    title="CreditScoringService Credit Scoring Process should store scoring result after processing"
	  />
	  Name "CreditScoringService Risk Level Assignment should assign correct risk levels":
	  <li
	    class="jasmine-failed"
	    id="spec_spec330"
	    title="CreditScoringService Risk Level Assignment should assign correct risk levels"
	  />
	  Name "CreditScoringService Score Grading System should assign correct grades for score ranges":
	  <li
	    class="jasmine-failed"
	    id="spec_spec329"
	    title="CreditScoringService Score Grading System should assign correct grades for score ranges"
	  />
	  Name "CreditScoringService Scoring Prerequisites Validation should validate client is ready for scoring":
	  <li
	    class="jasmine-failed"
	    id="spec_spec303"
	    title="CreditScoringService Scoring Prerequisites Validation should validate client is ready for scoring"
	  />
	  Name "CreditScoringService Scoring Prerequisites Validation should identify multiple missing requirements":
	  <li
	    class="jasmine-failed"
	    id="spec_spec307"
	    title="CreditScoringService Scoring Prerequisites Validation should identify multiple missing requirements"
	  />
	  Name "CreditScoringService Scoring Prerequisites Validation should identify missing INE document":
	  <li
	    class="jasmine-failed"
	    id="spec_spec304"
	    title="CreditScoringService Scoring Prerequisites Validation should identify missing INE document"
	  />
	  Name "CreditScoringService Scoring Prerequisites Validation should identify missing KYC verification":
	  <li
	    class="jasmine-failed"
	    id="spec_spec306"
	    title="CreditScoringService Scoring Prerequisites Validation should identify missing KYC verification"
	  />
	  Name "CreditScoringService Scoring Prerequisites Validation should identify missing comprobante document":
	  <li
	    class="jasmine-failed"
	    id="spec_spec305"
	    title="CreditScoringService Scoring Prerequisites Validation should identify missing comprobante document"
	  />
	  Name "CreditScoringService Scoring Retry Functionality should fail retry for non-existent original scoring":
	  <li
	    class="jasmine-failed"
	    id="spec_spec323"
	    title="CreditScoringService Scoring Retry Functionality should fail retry for non-existent original scoring"
	  />
	  Name "CreditScoringService Scoring Retry Functionality should retry scoring with updated information":
	  <li
	    class="jasmine-failed"
	    id="spec_spec322"
	    title="CreditScoringService Scoring Retry Functionality should retry scoring with updated information"
	  />
	  Name "CreditScoringService Edge Cases and Error Handling should handle zero or negative income gracefully":
	  <li
	    class="jasmine-failed"
	    id="spec_spec333"
	    title="CreditScoringService Edge Cases and Error Handling should handle zero or negative income gracefully"
	  />
	  Name "CreditScoringService Edge Cases and Error Handling should handle maximum score bounds":
	  <li
	    class="jasmine-failed"
	    id="spec_spec332"
	    title="CreditScoringService Edge Cases and Error Handling should handle maximum score bounds"
	  />
	  Name "CreditScoringService Edge Cases and Error Handling should handle minimum score bounds":
	  <li
	    class="jasmine-failed"
	    id="spec_spec331"
	    title="CreditScoringService Edge Cases and Error Handling should handle minimum score bounds"
	  />
	  Name "CreditScoringService Client Scoring History should return empty array for client with no scorings":
	  <li
	    class="jasmine-failed"
	    id="spec_spec325"
	    title="CreditScoringService Client Scoring History should return empty array for client with no scorings"
	  />
	  Name "CreditScoringService Client Scoring History should get client scoring history":
	  <li
	    class="jasmine-failed"
	    id="spec_spec324"
	    title="CreditScoringService Client Scoring History should get client scoring history"
	  />
	  Name "Integration Smoke should pass basic integration smoke test":
	  <li
	    class="jasmine-passed"
	    id="spec_spec11"
	    title="Integration Smoke should pass basic integration smoke test"
	  />
	  Name "FinancialCalculatorService Scenario Policy Validation should handle step-down without reduction percentage":
	  <li
	    class="jasmine-passed"
	    id="spec_spec422"
	    title="FinancialCalculatorService Scenario Policy Validation should handle step-down without reduction percentage"
	  />
	  Name "FinancialCalculatorService Scenario Policy Validation should validate unknown scenario type":
	  <li
	    class="jasmine-passed"
	    id="spec_spec421"
	    title="FinancialCalculatorService Scenario Policy Validation should validate unknown scenario type"
	  />
	  Name "FinancialCalculatorService Scenario Policy Validation should validate defer scenario within limits":
	  <li
	    class="jasmine-passed"
	    id="spec_spec417"
	    title="FinancialCalculatorService Scenario Policy Validation should validate defer scenario within limits"
	  />
	  Name "FinancialCalculatorService Scenario Policy Validation should validate step-down scenario within limits":
	  <li
	    class="jasmine-passed"
	    id="spec_spec419"
	    title="FinancialCalculatorService Scenario Policy Validation should validate step-down scenario within limits"
	  />
	  Name "FinancialCalculatorService Scenario Policy Validation should reject step-down scenario exceeding reduction limit":
	  <li
	    class="jasmine-passed"
	    id="spec_spec420"
	    title="FinancialCalculatorService Scenario Policy Validation should reject step-down scenario exceeding reduction limit"
	  />
	  Name "FinancialCalculatorService Scenario Policy Validation should reject defer scenario exceeding limits":
	  <li
	    class="jasmine-passed"
	    id="spec_spec418"
	    title="FinancialCalculatorService Scenario Policy Validation should reject defer scenario exceeding limits"
	  />
	  Name "FinancialCalculatorService Interest Capitalization should capitalize interest for deferral period":
	  <li
	    class="jasmine-passed"
	    id="spec_spec414"
	    title="FinancialCalculatorService Interest Capitalization should capitalize interest for deferral period"
	  />
	  Name "FinancialCalculatorService Interest Capitalization should handle zero deferral months":
	  <li
	    class="jasmine-passed"
	    id="spec_spec415"
	    title="FinancialCalculatorService Interest Capitalization should handle zero deferral months"
	  />
	  Name "FinancialCalculatorService Interest Capitalization should handle zero interest rate":
	  <li
	    class="jasmine-passed"
	    id="spec_spec416"
	    title="FinancialCalculatorService Interest Capitalization should handle zero interest rate"
	  />
	  Name "FinancialCalculatorService Currency Formatting should format positive amounts in Mexican Pesos":
	  <li
	    class="jasmine-passed"
	    id="spec_spec431"
	    title="FinancialCalculatorService Currency Formatting should format positive amounts in Mexican Pesos"
	  />
	  Name "FinancialCalculatorService Currency Formatting should format negative amounts":
	  <li
	    class="jasmine-passed"
	    id="spec_spec432"
	    title="FinancialCalculatorService Currency Formatting should format negative amounts"
	  />
	  Name "FinancialCalculatorService Currency Formatting should format zero amount":
	  <li
	    class="jasmine-passed"
	    id="spec_spec433"
	    title="FinancialCalculatorService Currency Formatting should format zero amount"
	  />
	  Name "FinancialCalculatorService Currency Formatting should format large amounts with proper separators":
	  <li
	    class="jasmine-passed"
	    id="spec_spec434"
	    title="FinancialCalculatorService Currency Formatting should format large amounts with proper separators"
	  />
	  Name "FinancialCalculatorService Currency Formatting should format small amounts":
	  <li
	    class="jasmine-passed"
	    id="spec_spec435"
	    title="FinancialCalculatorService Currency Formatting should format small amounts"
	  />
	  Name "FinancialCalculatorService TIR Calculation (Newton-Raphson) should bound rate to reasonable values":
	  <li
	    class="jasmine-passed"
	    id="spec_spec410"
	    title="FinancialCalculatorService TIR Calculation (Newton-Raphson) should bound rate to reasonable values"
	  />
	  Name "FinancialCalculatorService TIR Calculation (Newton-Raphson) should handle zero cash flows":
	  <li
	    class="jasmine-passed"
	    id="spec_spec407"
	    title="FinancialCalculatorService TIR Calculation (Newton-Raphson) should handle zero cash flows"
	  />
	  Name "FinancialCalculatorService TIR Calculation (Newton-Raphson) should calculate TIR for simple cash flows":
	  <li
	    class="jasmine-passed"
	    id="spec_spec405"
	    title="FinancialCalculatorService TIR Calculation (Newton-Raphson) should calculate TIR for simple cash flows"
	  />
	  Name "FinancialCalculatorService TIR Calculation (Newton-Raphson) should calculate TIR for loan scenario":
	  <li
	    class="jasmine-passed"
	    id="spec_spec406"
	    title="FinancialCalculatorService TIR Calculation (Newton-Raphson) should calculate TIR for loan scenario"
	  />
	  Name "FinancialCalculatorService TIR Calculation (Newton-Raphson) should handle single negative cash flow":
	  <li
	    class="jasmine-passed"
	    id="spec_spec408"
	    title="FinancialCalculatorService TIR Calculation (Newton-Raphson) should handle single negative cash flow"
	  />
	  Name "FinancialCalculatorService TIR Calculation (Newton-Raphson) should respect maximum iterations":
	  <li
	    class="jasmine-passed"
	    id="spec_spec409"
	    title="FinancialCalculatorService TIR Calculation (Newton-Raphson) should respect maximum iterations"
	  />
	  Name "FinancialCalculatorService Cash Flow Generation should generate cash flows with principal and payments":
	  <li
	    class="jasmine-passed"
	    id="spec_spec411"
	    title="FinancialCalculatorService Cash Flow Generation should generate cash flows with principal and payments"
	  />
	  Name "FinancialCalculatorService Cash Flow Generation should handle empty payments array":
	  <li
	    class="jasmine-passed"
	    id="spec_spec413"
	    title="FinancialCalculatorService Cash Flow Generation should handle empty payments array"
	  />
	  Name "FinancialCalculatorService Cash Flow Generation should handle fewer payments than term":
	  <li
	    class="jasmine-passed"
	    id="spec_spec412"
	    title="FinancialCalculatorService Cash Flow Generation should handle fewer payments than term"
	  />
	  Name "FinancialCalculatorService Service Initialization should be created":
	  <li
	    class="jasmine-passed"
	    id="spec_spec400"
	    title="FinancialCalculatorService Service Initialization should be created"
	  />
	  Name "FinancialCalculatorService Market-Specific TIR Rates should return correct TIR for Estado de México":
	  <li
	    class="jasmine-passed"
	    id="spec_spec402"
	    title="FinancialCalculatorService Market-Specific TIR Rates should return correct TIR for Estado de México"
	  />
	  Name "FinancialCalculatorService Market-Specific TIR Rates should return default TIR for unknown market":
	  <li
	    class="jasmine-passed"
	    id="spec_spec403"
	    title="FinancialCalculatorService Market-Specific TIR Rates should return default TIR for unknown market"
	  />
	  Name "FinancialCalculatorService Market-Specific TIR Rates should return correct TIR for Aguascalientes":
	  <li
	    class="jasmine-passed"
	    id="spec_spec401"
	    title="FinancialCalculatorService Market-Specific TIR Rates should return correct TIR for Aguascalientes"
	  />
	  Name "FinancialCalculatorService Market-Specific TIR Rates should return default TIR when market is undefined":
	  <li
	    class="jasmine-passed"
	    id="spec_spec404"
	    title="FinancialCalculatorService Market-Specific TIR Rates should return default TIR when market is undefined"
	  />
	  Name "FinancialCalculatorService Annuity Calculations should handle negative interest rate":
	  <li
	    class="jasmine-passed"
	    id="spec_spec426"
	    title="FinancialCalculatorService Annuity Calculations should handle negative interest rate"
	  />
	  Name "FinancialCalculatorService Annuity Calculations should handle zero term":
	  <li
	    class="jasmine-passed"
	    id="spec_spec425"
	    title="FinancialCalculatorService Annuity Calculations should handle zero term"
	  />
	  Name "FinancialCalculatorService Annuity Calculations should handle zero interest rate":
	  <li
	    class="jasmine-passed"
	    id="spec_spec424"
	    title="FinancialCalculatorService Annuity Calculations should handle zero interest rate"
	  />
	  Name "FinancialCalculatorService Annuity Calculations should calculate monthly payment for standard loan":
	  <li
	    class="jasmine-passed"
	    id="spec_spec423"
	    title="FinancialCalculatorService Annuity Calculations should calculate monthly payment for standard loan"
	  />
	  Name "FinancialCalculatorService Balance Calculations should handle negative interest rate in balance calculation":
	  <li
	    class="jasmine-passed"
	    id="spec_spec430"
	    title="FinancialCalculatorService Balance Calculations should handle negative interest rate in balance calculation"
	  />
	  Name "FinancialCalculatorService Balance Calculations should handle zero months paid":
	  <li
	    class="jasmine-passed"
	    id="spec_spec429"
	    title="FinancialCalculatorService Balance Calculations should handle zero months paid"
	  />
	  Name "FinancialCalculatorService Balance Calculations should handle zero interest rate balance":
	  <li
	    class="jasmine-passed"
	    id="spec_spec428"
	    title="FinancialCalculatorService Balance Calculations should handle zero interest rate balance"
	  />
	  Name "FinancialCalculatorService Balance Calculations should calculate remaining balance after payments":
	  <li
	    class="jasmine-passed"
	    id="spec_spec427"
	    title="FinancialCalculatorService Balance Calculations should calculate remaining balance after payments"
	  />
	  Name "FinancialCalculatorService Edge Cases and Error Handling should handle very long terms":
	  <li
	    class="jasmine-passed"
	    id="spec_spec438"
	    title="FinancialCalculatorService Edge Cases and Error Handling should handle very long terms"
	  />
	  Name "FinancialCalculatorService Edge Cases and Error Handling should handle TIR calculation convergence issues":
	  <li
	    class="jasmine-passed"
	    id="spec_spec439"
	    title="FinancialCalculatorService Edge Cases and Error Handling should handle TIR calculation convergence issues"
	  />
	  Name "FinancialCalculatorService Edge Cases and Error Handling should handle very large principal amounts":
	  <li
	    class="jasmine-passed"
	    id="spec_spec436"
	    title="FinancialCalculatorService Edge Cases and Error Handling should handle very large principal amounts"
	  />
	  Name "FinancialCalculatorService Edge Cases and Error Handling should handle very small interest rates":
	  <li
	    class="jasmine-passed"
	    id="spec_spec437"
	    title="FinancialCalculatorService Edge Cases and Error Handling should handle very small interest rates"
	  />
	  Name "OCRService Text Extraction from Image File should handle extraction errors":
	  <li
	    class="jasmine-passed"
	    id="spec_spec629"
	    title="OCRService Text Extraction from Image File should handle extraction errors"
	  />
	  Name "OCRService Text Extraction from Image File should extract structured data when document type is provided":
	  <li
	    class="jasmine-failed"
	    id="spec_spec628"
	    title="OCRService Text Extraction from Image File should extract structured data when document type is provided"
	  />
	  Name "OCRService Text Extraction from Image File should extract text from image file":
	  <li
	    class="jasmine-failed"
	    id="spec_spec627"
	    title="OCRService Text Extraction from Image File should extract text from image file"
	  />
	  Name "OCRService Text Extraction from Image File should update progress during extraction":
	  <li
	    class="jasmine-failed"
	    id="spec_spec630"
	    title="OCRService Text Extraction from Image File should update progress during extraction"
	  />
	  Name "OCRService Text Extraction from Base64 should extract structured data from base64 with document type":
	  <li
	    class="jasmine-failed"
	    id="spec_spec632"
	    title="OCRService Text Extraction from Base64 should extract structured data from base64 with document type"
	  />
	  Name "OCRService Text Extraction from Base64 should handle base64 extraction errors":
	  <li
	    class="jasmine-passed"
	    id="spec_spec633"
	    title="OCRService Text Extraction from Base64 should handle base64 extraction errors"
	  />
	  Name "OCRService Text Extraction from Base64 should extract text from base64 image":
	  <li
	    class="jasmine-failed"
	    id="spec_spec631"
	    title="OCRService Text Extraction from Base64 should extract text from base64 image"
	  />
	  Name "OCRService Service Initialization should provide progress observable":
	  <li
	    class="jasmine-passed"
	    id="spec_spec622"
	    title="OCRService Service Initialization should provide progress observable"
	  />
	  Name "OCRService Service Initialization should be created":
	  <li
	    class="jasmine-passed"
	    id="spec_spec621"
	    title="OCRService Service Initialization should be created"
	  />
	  Name "OCRService Worker Initialization should update progress during initialization":
	  <li
	    class="jasmine-passed"
	    id="spec_spec626"
	    title="OCRService Worker Initialization should update progress during initialization"
	  />
	  Name "OCRService Worker Initialization should handle initialization errors":
	  <li
	    class="jasmine-passed"
	    id="spec_spec625"
	    title="OCRService Worker Initialization should handle initialization errors"
	  />
	  Name "OCRService Worker Initialization should initialize Tesseract worker with Spanish and English":
	  <li
	    class="jasmine-failed"
	    id="spec_spec623"
	    title="OCRService Worker Initialization should initialize Tesseract worker with Spanish and English"
	  />
	  Name "OCRService Worker Initialization should not reinitialize if already initialized":
	  <li
	    class="jasmine-failed"
	    id="spec_spec624"
	    title="OCRService Worker Initialization should not reinitialize if already initialized"
	  />
	  Name "OCRService INE Data Extraction should extract CURP from INE text":
	  <li
	    class="jasmine-failed"
	    id="spec_spec634"
	    title="OCRService INE Data Extraction should extract CURP from INE text"
	  />
	  Name "OCRService INE Data Extraction should extract birth date from INE text":
	  <li
	    class="jasmine-failed"
	    id="spec_spec636"
	    title="OCRService INE Data Extraction should extract birth date from INE text"
	  />
	  Name "OCRService INE Data Extraction should extract name from INE text":
	  <li
	    class="jasmine-failed"
	    id="spec_spec635"
	    title="OCRService INE Data Extraction should extract name from INE text"
	  />
	  Name "OCRService Tarjeta de Circulación Data Extraction should extract model and year":
	  <li
	    class="jasmine-failed"
	    id="spec_spec639"
	    title="OCRService Tarjeta de Circulación Data Extraction should extract model and year"
	  />
	  Name "OCRService Tarjeta de Circulación Data Extraction should extract vehicle brand":
	  <li
	    class="jasmine-failed"
	    id="spec_spec638"
	    title="OCRService Tarjeta de Circulación Data Extraction should extract vehicle brand"
	  />
	  Name "OCRService Tarjeta de Circulación Data Extraction should extract license plates":
	  <li
	    class="jasmine-failed"
	    id="spec_spec637"
	    title="OCRService Tarjeta de Circulación Data Extraction should extract license plates"
	  />
	  Name "OCRService Worker Management should reinitialize worker after termination":
	  <li
	    class="jasmine-failed"
	    id="spec_spec652"
	    title="OCRService Worker Management should reinitialize worker after termination"
	  />
	  Name "OCRService Worker Management should handle termination when worker is null":
	  <li
	    class="jasmine-passed"
	    id="spec_spec651"
	    title="OCRService Worker Management should handle termination when worker is null"
	  />
	  Name "OCRService Worker Management should terminate worker properly":
	  <li
	    class="jasmine-failed"
	    id="spec_spec650"
	    title="OCRService Worker Management should terminate worker properly"
	  />
	  Name "OCRService Progress Messaging should handle unknown status messages":
	  <li
	    class="jasmine-empty"
	    id="spec_spec654"
	    title="OCRService Progress Messaging should handle unknown status messages"
	  />
	  Name "OCRService Progress Messaging should translate status messages to Spanish":
	  <li
	    class="jasmine-failed"
	    id="spec_spec653"
	    title="OCRService Progress Messaging should translate status messages to Spanish"
	  />
	  Name "OCRService Edge Cases and Error Handling should handle very low confidence results":
	  <li
	    class="jasmine-failed"
	    id="spec_spec659"
	    title="OCRService Edge Cases and Error Handling should handle very low confidence results"
	  />
	  Name "OCRService Edge Cases and Error Handling should handle extraction without document type":
	  <li
	    class="jasmine-failed"
	    id="spec_spec658"
	    title="OCRService Edge Cases and Error Handling should handle extraction without document type"
	  />
	  Name "OCRService Edge Cases and Error Handling should handle documents with mixed case text":
	  <li
	    class="jasmine-failed"
	    id="spec_spec657"
	    title="OCRService Edge Cases and Error Handling should handle documents with mixed case text"
	  />
	  Name "OCRService Edge Cases and Error Handling should handle malformed CURP patterns":
	  <li
	    class="jasmine-failed"
	    id="spec_spec656"
	    title="OCRService Edge Cases and Error Handling should handle malformed CURP patterns"
	  />
	  Name "OCRService Edge Cases and Error Handling should handle empty text extraction":
	  <li
	    class="jasmine-failed"
	    id="spec_spec655"
	    title="OCRService Edge Cases and Error Handling should handle empty text extraction"
	  />
	  Name "OCRService Comprobante de Domicilio Data Extraction should extract date from comprobante":
	  <li
	    class="jasmine-failed"
	    id="spec_spec642"
	    title="OCRService Comprobante de Domicilio Data Extraction should extract date from comprobante"
	  />
	  Name "OCRService Comprobante de Domicilio Data Extraction should identify utility provider":
	  <li
	    class="jasmine-failed"
	    id="spec_spec641"
	    title="OCRService Comprobante de Domicilio Data Extraction should identify utility provider"
	  />
	  Name "OCRService Comprobante de Domicilio Data Extraction should extract address information":
	  <li
	    class="jasmine-failed"
	    id="spec_spec640"
	    title="OCRService Comprobante de Domicilio Data Extraction should extract address information"
	  />
	  Name "OCRService RFC Data Extraction should extract taxpayer name":
	  <li
	    class="jasmine-failed"
	    id="spec_spec644"
	    title="OCRService RFC Data Extraction should extract taxpayer name"
	  />
	  Name "OCRService RFC Data Extraction should extract RFC code":
	  <li
	    class="jasmine-failed"
	    id="spec_spec643"
	    title="OCRService RFC Data Extraction should extract RFC code"
	  />
	  Name "OCRService Document Type Validation should validate RFC documents":
	  <li
	    class="jasmine-passed"
	    id="spec_spec649"
	    title="OCRService Document Type Validation should validate RFC documents"
	  />
	  Name "OCRService Document Type Validation should validate comprobante de domicilio":
	  <li
	    class="jasmine-passed"
	    id="spec_spec648"
	    title="OCRService Document Type Validation should validate comprobante de domicilio"
	  />
	  Name "OCRService Document Type Validation should validate INE document correctly":
	  <li
	    class="jasmine-passed"
	    id="spec_spec645"
	    title="OCRService Document Type Validation should validate INE document correctly"
	  />
	  Name "OCRService Document Type Validation should handle unknown document types":
	  <li
	    class="jasmine-failed"
	    id="spec_spec647"
	    title="OCRService Document Type Validation should handle unknown document types"
	  />
	  Name "OCRService Document Type Validation should detect mismatched document types":
	  <li
	    class="jasmine-passed"
	    id="spec_spec646"
	    title="OCRService Document Type Validation should detect mismatched document types"
	  />
	  Name "ConfigurationService Scoring Configuration should get scoring configuration":
	  <li
	    class="jasmine-passed"
	    id="spec_spec208"
	    title="ConfigurationService Scoring Configuration should get scoring configuration"
	  />
	  Name "ConfigurationService Scoring Configuration should have business flow scoring requirements":
	  <li
	    class="jasmine-passed"
	    id="spec_spec209"
	    title="ConfigurationService Scoring Configuration should have business flow scoring requirements"
	  />
	  Name "ConfigurationService Scoring Configuration should have scoring factors configuration":
	  <li
	    class="jasmine-passed"
	    id="spec_spec211"
	    title="ConfigurationService Scoring Configuration should have scoring factors configuration"
	  />
	  Name "ConfigurationService Scoring Configuration should have correct scoring thresholds":
	  <li
	    class="jasmine-passed"
	    id="spec_spec210"
	    title="ConfigurationService Scoring Configuration should have correct scoring thresholds"
	  />
	  Name "ConfigurationService AVI Configuration should have market specific questions":
	  <li
	    class="jasmine-passed"
	    id="spec_spec218"
	    title="ConfigurationService AVI Configuration should have market specific questions"
	  />
	  Name "ConfigurationService AVI Configuration should have random questions configuration":
	  <li
	    class="jasmine-passed"
	    id="spec_spec219"
	    title="ConfigurationService AVI Configuration should have random questions configuration"
	  />
	  Name "ConfigurationService AVI Configuration should get AVI configuration":
	  <li
	    class="jasmine-passed"
	    id="spec_spec215"
	    title="ConfigurationService AVI Configuration should get AVI configuration"
	  />
	  Name "ConfigurationService AVI Configuration should have core AVI questions":
	  <li
	    class="jasmine-passed"
	    id="spec_spec216"
	    title="ConfigurationService AVI Configuration should have core AVI questions"
	  />
	  Name "ConfigurationService AVI Configuration should have validation configuration":
	  <li
	    class="jasmine-passed"
	    id="spec_spec220"
	    title="ConfigurationService AVI Configuration should have validation configuration"
	  />
	  Name "ConfigurationService AVI Configuration should have business flow specific questions":
	  <li
	    class="jasmine-passed"
	    id="spec_spec217"
	    title="ConfigurationService AVI Configuration should have business flow specific questions"
	  />
	  Name "ConfigurationService Market Configuration should have correct Estado de México market configuration":
	  <li
	    class="jasmine-passed"
	    id="spec_spec206"
	    title="ConfigurationService Market Configuration should have correct Estado de México market configuration"
	  />
	  Name "ConfigurationService Market Configuration should include EdoMex municipalities":
	  <li
	    class="jasmine-passed"
	    id="spec_spec207"
	    title="ConfigurationService Market Configuration should include EdoMex municipalities"
	  />
	  Name "ConfigurationService Market Configuration should get market configuration":
	  <li
	    class="jasmine-passed"
	    id="spec_spec204"
	    title="ConfigurationService Market Configuration should get market configuration"
	  />
	  Name "ConfigurationService Market Configuration should have correct Aguascalientes market configuration":
	  <li
	    class="jasmine-passed"
	    id="spec_spec205"
	    title="ConfigurationService Market Configuration should have correct Aguascalientes market configuration"
	  />
	  Name "ConfigurationService Configuration Loading and Updates should preserve existing configuration when updating":
	  <li
	    class="jasmine-passed"
	    id="spec_spec203"
	    title="ConfigurationService Configuration Loading and Updates should preserve existing configuration when updating"
	  />
	  Name "ConfigurationService Configuration Loading and Updates should refresh configuration from API":
	  <li
	    class="jasmine-passed"
	    id="spec_spec201"
	    title="ConfigurationService Configuration Loading and Updates should refresh configuration from API"
	  />
	  Name "ConfigurationService Configuration Loading and Updates should update configuration successfully":
	  <li
	    class="jasmine-passed"
	    id="spec_spec202"
	    title="ConfigurationService Configuration Loading and Updates should update configuration successfully"
	  />
	  Name "ConfigurationService Configuration Loading and Updates should get current configuration":
	  <li
	    class="jasmine-passed"
	    id="spec_spec200"
	    title="ConfigurationService Configuration Loading and Updates should get current configuration"
	  />
	  Name "ConfigurationService Service Initialization should be created":
	  <li
	    class="jasmine-passed"
	    id="spec_spec197"
	    title="ConfigurationService Service Initialization should be created"
	  />
	  Name "ConfigurationService Service Initialization should load default configuration on initialization":
	  <li
	    class="jasmine-passed"
	    id="spec_spec199"
	    title="ConfigurationService Service Initialization should load default configuration on initialization"
	  />
	  Name "ConfigurationService Service Initialization should provide configuration observable":
	  <li
	    class="jasmine-passed"
	    id="spec_spec198"
	    title="ConfigurationService Service Initialization should provide configuration observable"
	  />
	  Name "ConfigurationService Error Handling and Edge Cases should handle partial configuration updates":
	  <li
	    class="jasmine-passed"
	    id="spec_spec252"
	    title="ConfigurationService Error Handling and Edge Cases should handle partial configuration updates"
	  />
	  Name "ConfigurationService Error Handling and Edge Cases should handle empty configuration updates":
	  <li
	    class="jasmine-passed"
	    id="spec_spec253"
	    title="ConfigurationService Error Handling and Edge Cases should handle empty configuration updates"
	  />
	  Name "ConfigurationService Error Handling and Edge Cases should provide configuration even when API fails":
	  <li
	    class="jasmine-passed"
	    id="spec_spec254"
	    title="ConfigurationService Error Handling and Edge Cases should provide configuration even when API fails"
	  />
	  Name "ConfigurationService Error Handling and Edge Cases should handle nested configuration access":
	  <li
	    class="jasmine-passed"
	    id="spec_spec255"
	    title="ConfigurationService Error Handling and Edge Cases should handle nested configuration access"
	  />
	  Name "ConfigurationService UX Optimization Configuration should have recommendations configuration":
	  <li
	    class="jasmine-passed"
	    id="spec_spec249"
	    title="ConfigurationService UX Optimization Configuration should have recommendations configuration"
	  />
	  Name "ConfigurationService UX Optimization Configuration should have A/B testing configuration":
	  <li
	    class="jasmine-passed"
	    id="spec_spec248"
	    title="ConfigurationService UX Optimization Configuration should have A/B testing configuration"
	  />
	  Name "ConfigurationService UX Optimization Configuration should get UX optimization configuration":
	  <li
	    class="jasmine-passed"
	    id="spec_spec247"
	    title="ConfigurationService UX Optimization Configuration should get UX optimization configuration"
	  />
	  Name "ConfigurationService Configuration Versioning should track configuration version":
	  <li
	    class="jasmine-passed"
	    id="spec_spec250"
	    title="ConfigurationService Configuration Versioning should track configuration version"
	  />
	  Name "ConfigurationService Configuration Versioning should update lastUpdated when configuration changes":
	  <li
	    class="jasmine-passed"
	    id="spec_spec251"
	    title="ConfigurationService Configuration Versioning should update lastUpdated when configuration changes"
	  />
	  Name "ConfigurationService Analytics Configuration should have performance metrics configuration":
	  <li
	    class="jasmine-passed"
	    id="spec_spec246"
	    title="ConfigurationService Analytics Configuration should have performance metrics configuration"
	  />
	  Name "ConfigurationService Analytics Configuration should have funnel analysis configuration":
	  <li
	    class="jasmine-passed"
	    id="spec_spec245"
	    title="ConfigurationService Analytics Configuration should have funnel analysis configuration"
	  />
	  Name "ConfigurationService Analytics Configuration should have heatmap configuration":
	  <li
	    class="jasmine-passed"
	    id="spec_spec244"
	    title="ConfigurationService Analytics Configuration should have heatmap configuration"
	  />
	  Name "ConfigurationService Analytics Configuration should get analytics configuration":
	  <li
	    class="jasmine-passed"
	    id="spec_spec243"
	    title="ConfigurationService Analytics Configuration should get analytics configuration"
	  />
	  Name "ConfigurationService Smart UX Configuration should have session recovery configuration":
	  <li
	    class="jasmine-passed"
	    id="spec_spec242"
	    title="ConfigurationService Smart UX Configuration should have session recovery configuration"
	  />
	  Name "ConfigurationService Smart UX Configuration should have auto-complete configuration":
	  <li
	    class="jasmine-passed"
	    id="spec_spec241"
	    title="ConfigurationService Smart UX Configuration should have auto-complete configuration"
	  />
	  Name "ConfigurationService Smart UX Configuration should get smart UX configuration":
	  <li
	    class="jasmine-passed"
	    id="spec_spec240"
	    title="ConfigurationService Smart UX Configuration should get smart UX configuration"
	  />
	  Name "ConfigurationService UI Configuration should have navigation configuration":
	  <li
	    class="jasmine-passed"
	    id="spec_spec238"
	    title="ConfigurationService UI Configuration should have navigation configuration"
	  />
	  Name "ConfigurationService UI Configuration should have theme configuration":
	  <li
	    class="jasmine-passed"
	    id="spec_spec237"
	    title="ConfigurationService UI Configuration should have theme configuration"
	  />
	  Name "ConfigurationService UI Configuration should get simple UI configuration":
	  <li
	    class="jasmine-passed"
	    id="spec_spec236"
	    title="ConfigurationService UI Configuration should get simple UI configuration"
	  />
	  Name "ConfigurationService UI Configuration should have language configuration":
	  <li
	    class="jasmine-passed"
	    id="spec_spec239"
	    title="ConfigurationService UI Configuration should have language configuration"
	  />
	  Name "ConfigurationService Workflow Configuration should have automation configurations":
	  <li
	    class="jasmine-passed"
	    id="spec_spec232"
	    title="ConfigurationService Workflow Configuration should have automation configurations"
	  />
	  Name "ConfigurationService Workflow Configuration should get workflow configuration":
	  <li
	    class="jasmine-passed"
	    id="spec_spec231"
	    title="ConfigurationService Workflow Configuration should get workflow configuration"
	  />
	  Name "ConfigurationService Workflow Configuration should have escalation rules":
	  <li
	    class="jasmine-passed"
	    id="spec_spec234"
	    title="ConfigurationService Workflow Configuration should have escalation rules"
	  />
	  Name "ConfigurationService Workflow Configuration should have approval chains":
	  <li
	    class="jasmine-passed"
	    id="spec_spec233"
	    title="ConfigurationService Workflow Configuration should have approval chains"
	  />
	  Name "ConfigurationService Workflow Configuration should have SLA targets":
	  <li
	    class="jasmine-passed"
	    id="spec_spec235"
	    title="ConfigurationService Workflow Configuration should have SLA targets"
	  />
	  Name "ConfigurationService should cache namespace result (shareReplay) for subsequent subscribers":
	  <li
	    class="jasmine-passed"
	    id="spec_spec195"
	    title="ConfigurationService should cache namespace result (shareReplay) for subsequent subscribers"
	  />
	  Name "ConfigurationService should load namespace from assets when remote disabled":
	  <li
	    class="jasmine-passed"
	    id="spec_spec194"
	    title="ConfigurationService should load namespace from assets when remote disabled"
	  />
	  Name "ConfigurationService Notification Configuration should have email templates":
	  <li
	    class="jasmine-passed"
	    id="spec_spec227"
	    title="ConfigurationService Notification Configuration should have email templates"
	  />
	  Name "ConfigurationService Notification Configuration should have channel configurations":
	  <li
	    class="jasmine-passed"
	    id="spec_spec226"
	    title="ConfigurationService Notification Configuration should have channel configurations"
	  />
	  Name "ConfigurationService Notification Configuration should have SMS templates with length limits":
	  <li
	    class="jasmine-passed"
	    id="spec_spec228"
	    title="ConfigurationService Notification Configuration should have SMS templates with length limits"
	  />
	  Name "ConfigurationService Notification Configuration should have notification triggers":
	  <li
	    class="jasmine-passed"
	    id="spec_spec229"
	    title="ConfigurationService Notification Configuration should have notification triggers"
	  />
	  Name "ConfigurationService Notification Configuration should get notification configuration":
	  <li
	    class="jasmine-passed"
	    id="spec_spec225"
	    title="ConfigurationService Notification Configuration should get notification configuration"
	  />
	  Name "ConfigurationService Notification Configuration should have scheduled notifications":
	  <li
	    class="jasmine-passed"
	    id="spec_spec230"
	    title="ConfigurationService Notification Configuration should have scheduled notifications"
	  />
	  Name "ConfigurationService Business Flow Configuration should have correct VentaDirecta configuration":
	  <li
	    class="jasmine-passed"
	    id="spec_spec213"
	    title="ConfigurationService Business Flow Configuration should have correct VentaDirecta configuration"
	  />
	  Name "ConfigurationService Business Flow Configuration should have correct CreditoColectivo configuration":
	  <li
	    class="jasmine-passed"
	    id="spec_spec214"
	    title="ConfigurationService Business Flow Configuration should have correct CreditoColectivo configuration"
	  />
	  Name "ConfigurationService Business Flow Configuration should get business flow configuration":
	  <li
	    class="jasmine-passed"
	    id="spec_spec212"
	    title="ConfigurationService Business Flow Configuration should get business flow configuration"
	  />
	  Name "ConfigurationService updateConfiguration should merge and emit new configuration":
	  <li
	    class="jasmine-passed"
	    id="spec_spec196"
	    title="ConfigurationService updateConfiguration should merge and emit new configuration"
	  />
	  Name "ConfigurationService Questionnaire Configuration should get questionnaire configuration":
	  <li
	    class="jasmine-passed"
	    id="spec_spec221"
	    title="ConfigurationService Questionnaire Configuration should get questionnaire configuration"
	  />
	  Name "ConfigurationService Questionnaire Configuration should have completion requirements":
	  <li
	    class="jasmine-passed"
	    id="spec_spec223"
	    title="ConfigurationService Questionnaire Configuration should have completion requirements"
	  />
	  Name "ConfigurationService Questionnaire Configuration should have standard questionnaire sections":
	  <li
	    class="jasmine-passed"
	    id="spec_spec222"
	    title="ConfigurationService Questionnaire Configuration should have standard questionnaire sections"
	  />
	  Name "ConfigurationService Questionnaire Configuration should have dynamic questionnaire configuration":
	  <li
	    class="jasmine-passed"
	    id="spec_spec224"
	    title="ConfigurationService Questionnaire Configuration should have dynamic questionnaire configuration"
	  />
	  Name "ClienteFormComponent should handle different markets correctly":
	  <li
	    class="jasmine-passed"
	    id="spec_spec931"
	    title="ClienteFormComponent should handle different markets correctly"
	  />
	  Name "ClienteFormComponent should validate email format":
	  <li
	    class="jasmine-passed"
	    id="spec_spec920"
	    title="ClienteFormComponent should validate email format"
	  />
	  Name "ClienteFormComponent should handle different business flows correctly":
	  <li
	    class="jasmine-passed"
	    id="spec_spec930"
	    title="ClienteFormComponent should handle different business flows correctly"
	  />
	  Name "ClienteFormComponent should validate phone format":
	  <li
	    class="jasmine-passed"
	    id="spec_spec921"
	    title="ClienteFormComponent should validate phone format"
	  />
	  Name "ClienteFormComponent should clean form when switching between markets":
	  <li
	    class="jasmine-passed"
	    id="spec_spec932"
	    title="ClienteFormComponent should clean form when switching between markets"
	  />
	  Name "ClienteFormComponent should load existing client data in edit mode":
	  <li
	    class="jasmine-passed"
	    id="spec_spec924"
	    title="ClienteFormComponent should load existing client data in edit mode"
	  />
	  Name "ClienteFormComponent should update existing client with valid form data":
	  <li
	    class="jasmine-failed"
	    id="spec_spec925"
	    title="ClienteFormComponent should update existing client with valid form data"
	  />
	  Name "ClienteFormComponent should validate RFC format if provided":
	  <li
	    class="jasmine-passed"
	    id="spec_spec922"
	    title="ClienteFormComponent should validate RFC format if provided"
	  />
	  Name "ClienteFormComponent should create new client with valid form data":
	  <li
	    class="jasmine-failed"
	    id="spec_spec923"
	    title="ClienteFormComponent should create new client with valid form data"
	  />
	  Name "ClienteFormComponent should handle API error during client creation":
	  <li
	    class="jasmine-passed"
	    id="spec_spec926"
	    title="ClienteFormComponent should handle API error during client creation"
	  />
	  Name "ClienteFormComponent should navigate back when goBack is called":
	  <li
	    class="jasmine-passed"
	    id="spec_spec928"
	    title="ClienteFormComponent should navigate back when goBack is called"
	  />
	  Name "ClienteFormComponent should prevent form submission when invalid":
	  <li
	    class="jasmine-passed"
	    id="spec_spec927"
	    title="ClienteFormComponent should prevent form submission when invalid"
	  />
	  Name "ClienteFormComponent should set loading state during form submission":
	  <li
	    class="jasmine-passed"
	    id="spec_spec929"
	    title="ClienteFormComponent should set loading state during form submission"
	  />
	  Name "ClienteFormComponent should create":
	  <li
	    class="jasmine-passed"
	    id="spec_spec917"
	    title="ClienteFormComponent should create"
	  />
	  Name "ClienteFormComponent should initialize form with default values for new client":
	  <li
	    class="jasmine-failed"
	    id="spec_spec918"
	    title="ClienteFormComponent should initialize form with default values for new client"
	  />
	  Name "ClienteFormComponent should validate required fields":
	  <li
	    class="jasmine-passed"
	    id="spec_spec919"
	    title="ClienteFormComponent should validate required fields"
	  />
	  Name "AppComponent should create the app":
	  <li
	    class="jasmine-passed"
	    id="spec_spec0"
	    title="AppComponent should create the app"
	  />
	  Name "AppComponent should have the 'conductores-pwa' title":
	  <li
	    class="jasmine-passed"
	    id="spec_spec1"
	    title="AppComponent should have the 'conductores-pwa' title"
	  />
	  Name "AppComponent should render title":
	  <li
	    class="jasmine-passed"
	    id="spec_spec2"
	    title="AppComponent should render title"
	  />
	  Name "BusinessRulesService Business Flow Change Validation should allow flow change when no documents are approved":
	  <li
	    class="jasmine-passed"
	    id="spec_spec146"
	    title="BusinessRulesService Business Flow Change Validation should allow flow change when no documents are approved"
	  />
	  Name "BusinessRulesService Business Flow Change Validation should not allow flow change when documents are approved":
	  <li
	    class="jasmine-passed"
	    id="spec_spec147"
	    title="BusinessRulesService Business Flow Change Validation should not allow flow change when documents are approved"
	  />
	  Name "BusinessRulesService Business Flow Change Validation should not allow collective credit in Aguascalientes":
	  <li
	    class="jasmine-passed"
	    id="spec_spec148"
	    title="BusinessRulesService Business Flow Change Validation should not allow collective credit in Aguascalientes"
	  />
	  Name "BusinessRulesService Business Flow Change Validation should require ecosystem for EdoMex collective credit":
	  <li
	    class="jasmine-passed"
	    id="spec_spec149"
	    title="BusinessRulesService Business Flow Change Validation should require ecosystem for EdoMex collective credit"
	  />
	  Name "BusinessRulesService Market Requirements should include required documents for each market":
	  <li
	    class="jasmine-passed"
	    id="spec_spec145"
	    title="BusinessRulesService Market Requirements should include required documents for each market"
	  />
	  Name "BusinessRulesService Market Requirements should get Aguascalientes requirements":
	  <li
	    class="jasmine-passed"
	    id="spec_spec143"
	    title="BusinessRulesService Market Requirements should get Aguascalientes requirements"
	  />
	  Name "BusinessRulesService Market Requirements should get Estado de México requirements":
	  <li
	    class="jasmine-passed"
	    id="spec_spec144"
	    title="BusinessRulesService Market Requirements should get Estado de México requirements"
	  />
	  Name "BusinessRulesService Market Requirements Special Rules should include EdoMex specific rules about ecosystem":
	  <li
	    class="jasmine-passed"
	    id="spec_spec162"
	    title="BusinessRulesService Market Requirements Special Rules should include EdoMex specific rules about ecosystem"
	  />
	  Name "BusinessRulesService Market Requirements Special Rules should include AGS specific rules about credit types":
	  <li
	    class="jasmine-passed"
	    id="spec_spec161"
	    title="BusinessRulesService Market Requirements Special Rules should include AGS specific rules about credit types"
	  />
	  Name "BusinessRulesService Ecosystem Validation Edge Cases should properly identify required vs optional documents":
	  <li
	    class="jasmine-failed"
	    id="spec_spec164"
	    title="BusinessRulesService Ecosystem Validation Edge Cases should properly identify required vs optional documents"
	  />
	  Name "BusinessRulesService Ecosystem Validation Edge Cases should handle ecosystem validation with partial documents":
	  <li
	    class="jasmine-passed"
	    id="spec_spec163"
	    title="BusinessRulesService Ecosystem Validation Edge Cases should handle ecosystem validation with partial documents"
	  />
	  Name "BusinessRulesService Age Calculation should calculate age correctly":
	  <li
	    class="jasmine-passed"
	    id="spec_spec153"
	    title="BusinessRulesService Age Calculation should calculate age correctly"
	  />
	  Name "BusinessRulesService Age Calculation should handle birthday not yet reached this year":
	  <li
	    class="jasmine-passed"
	    id="spec_spec154"
	    title="BusinessRulesService Age Calculation should handle birthday not yet reached this year"
	  />
	  Name "BusinessRulesService Credit History Validation should warn about low credit score":
	  <li
	    class="jasmine-passed"
	    id="spec_spec151"
	    title="BusinessRulesService Credit History Validation should warn about low credit score"
	  />
	  Name "BusinessRulesService Credit History Validation should validate credit history with simulated score":
	  <li
	    class="jasmine-passed"
	    id="spec_spec150"
	    title="BusinessRulesService Credit History Validation should validate credit history with simulated score"
	  />
	  Name "BusinessRulesService Credit History Validation should recommend special conditions for very low score":
	  <li
	    class="jasmine-passed"
	    id="spec_spec152"
	    title="BusinessRulesService Credit History Validation should recommend special conditions for very low score"
	  />
	  Name "BusinessRulesService Service Initialization should have EdoMex specific rules":
	  <li
	    class="jasmine-passed"
	    id="spec_spec119"
	    title="BusinessRulesService Service Initialization should have EdoMex specific rules"
	  />
	  Name "BusinessRulesService Service Initialization should have universal rules":
	  <li
	    class="jasmine-passed"
	    id="spec_spec120"
	    title="BusinessRulesService Service Initialization should have universal rules"
	  />
	  Name "BusinessRulesService Service Initialization should have AGS specific rules":
	  <li
	    class="jasmine-passed"
	    id="spec_spec118"
	    title="BusinessRulesService Service Initialization should have AGS specific rules"
	  />
	  Name "BusinessRulesService Service Initialization should initialize validation rules":
	  <li
	    class="jasmine-passed"
	    id="spec_spec117"
	    title="BusinessRulesService Service Initialization should initialize validation rules"
	  />
	  Name "BusinessRulesService Service Initialization should be created":
	  <li
	    class="jasmine-passed"
	    id="spec_spec116"
	    title="BusinessRulesService Service Initialization should be created"
	  />
	  Name "BusinessRulesService Collective Group Validation Details should validate down payment minimum for collective credit":
	  <li
	    class="jasmine-passed"
	    id="spec_spec160"
	    title="BusinessRulesService Collective Group Validation Details should validate down payment minimum for collective credit"
	  />
	  Name "BusinessRulesService Collective Group Validation Details should validate down payment range for collective credit":
	  <li
	    class="jasmine-passed"
	    id="spec_spec159"
	    title="BusinessRulesService Collective Group Validation Details should validate down payment range for collective credit"
	  />
	  Name "BusinessRulesService Collective Group Validation Details should validate minimum group size":
	  <li
	    class="jasmine-passed"
	    id="spec_spec158"
	    title="BusinessRulesService Collective Group Validation Details should validate minimum group size"
	  />
	  Name "BusinessRulesService Client Validation should filter rules by market correctly":
	  <li
	    class="jasmine-passed"
	    id="spec_spec127"
	    title="BusinessRulesService Client Validation should filter rules by market correctly"
	  />
	  Name "BusinessRulesService Client Validation should fail validation for client without income":
	  <li
	    class="jasmine-passed"
	    id="spec_spec126"
	    title="BusinessRulesService Client Validation should fail validation for client without income"
	  />
	  Name "BusinessRulesService Client Validation should validate EdoMex client successfully":
	  <li
	    class="jasmine-passed"
	    id="spec_spec122"
	    title="BusinessRulesService Client Validation should validate EdoMex client successfully"
	  />
	  Name "BusinessRulesService Client Validation should validate AGS client successfully":
	  <li
	    class="jasmine-passed"
	    id="spec_spec121"
	    title="BusinessRulesService Client Validation should validate AGS client successfully"
	  />
	  Name "BusinessRulesService Client Validation should fail validation for client over age limit":
	  <li
	    class="jasmine-passed"
	    id="spec_spec125"
	    title="BusinessRulesService Client Validation should fail validation for client over age limit"
	  />
	  Name "BusinessRulesService Client Validation should fail validation for underage client":
	  <li
	    class="jasmine-passed"
	    id="spec_spec124"
	    title="BusinessRulesService Client Validation should fail validation for underage client"
	  />
	  Name "BusinessRulesService Client Validation should filter rules by business flow correctly":
	  <li
	    class="jasmine-passed"
	    id="spec_spec128"
	    title="BusinessRulesService Client Validation should filter rules by business flow correctly"
	  />
	  Name "BusinessRulesService Client Validation should fail validation for client with missing documents":
	  <li
	    class="jasmine-passed"
	    id="spec_spec123"
	    title="BusinessRulesService Client Validation should fail validation for client with missing documents"
	  />
	  Name "BusinessRulesService Helper Methods should consolidate validation results correctly":
	  <li
	    class="jasmine-passed"
	    id="spec_spec155"
	    title="BusinessRulesService Helper Methods should consolidate validation results correctly"
	  />
	  Name "BusinessRulesService Helper Methods should get ecosystem required documents":
	  <li
	    class="jasmine-passed"
	    id="spec_spec156"
	    title="BusinessRulesService Helper Methods should get ecosystem required documents"
	  />
	  Name "BusinessRulesService Helper Methods should generate ecosystem validation notes":
	  <li
	    class="jasmine-passed"
	    id="spec_spec157"
	    title="BusinessRulesService Helper Methods should generate ecosystem validation notes"
	  />
	  Name "BusinessRulesService AGS Specific Validations should validate AGS term requirements (12 or 24 months)":
	  <li
	    class="jasmine-passed"
	    id="spec_spec130"
	    title="BusinessRulesService AGS Specific Validations should validate AGS term requirements (12 or 24 months)"
	  />
	  Name "BusinessRulesService AGS Specific Validations should validate AGS required documents":
	  <li
	    class="jasmine-passed"
	    id="spec_spec132"
	    title="BusinessRulesService AGS Specific Validations should validate AGS required documents"
	  />
	  Name "BusinessRulesService AGS Specific Validations should validate AGS minimum income ($15,000)":
	  <li
	    class="jasmine-passed"
	    id="spec_spec131"
	    title="BusinessRulesService AGS Specific Validations should validate AGS minimum income ($15,000)"
	  />
	  Name "BusinessRulesService AGS Specific Validations should validate AGS down payment requirement (60%)":
	  <li
	    class="jasmine-passed"
	    id="spec_spec129"
	    title="BusinessRulesService AGS Specific Validations should validate AGS down payment requirement (60%)"
	  />
	  Name "BusinessRulesService EdoMex Specific Validations should validate EdoMex payment capacity ($20,000 minimum)":
	  <li
	    class="jasmine-passed"
	    id="spec_spec137"
	    title="BusinessRulesService EdoMex Specific Validations should validate EdoMex payment capacity ($20,000 minimum)"
	  />
	  Name "BusinessRulesService EdoMex Specific Validations should require group assignment for collective credit":
	  <li
	    class="jasmine-passed"
	    id="spec_spec136"
	    title="BusinessRulesService EdoMex Specific Validations should require group assignment for collective credit"
	  />
	  Name "BusinessRulesService EdoMex Specific Validations should validate collective group requirements":
	  <li
	    class="jasmine-passed"
	    id="spec_spec135"
	    title="BusinessRulesService EdoMex Specific Validations should validate collective group requirements"
	  />
	  Name "BusinessRulesService EdoMex Specific Validations should warn about high payment-to-income ratio":
	  <li
	    class="jasmine-passed"
	    id="spec_spec138"
	    title="BusinessRulesService EdoMex Specific Validations should warn about high payment-to-income ratio"
	  />
	  Name "BusinessRulesService EdoMex Specific Validations should validate EdoMex ecosystem documents":
	  <li
	    class="jasmine-passed"
	    id="spec_spec134"
	    title="BusinessRulesService EdoMex Specific Validations should validate EdoMex ecosystem documents"
	  />
	  Name "BusinessRulesService EdoMex Specific Validations should require ecosystem assignment for EdoMex":
	  <li
	    class="jasmine-passed"
	    id="spec_spec133"
	    title="BusinessRulesService EdoMex Specific Validations should require ecosystem assignment for EdoMex"
	  />
	  Name "BusinessRulesService Ecosystem Validation should fail ecosystem validation for client without ecosystem":
	  <li
	    class="jasmine-passed"
	    id="spec_spec140"
	    title="BusinessRulesService Ecosystem Validation should fail ecosystem validation for client without ecosystem"
	  />
	  Name "BusinessRulesService Ecosystem Validation should throw error for AGS client ecosystem validation":
	  <li
	    class="jasmine-passed"
	    id="spec_spec141"
	    title="BusinessRulesService Ecosystem Validation should throw error for AGS client ecosystem validation"
	  />
	  Name "BusinessRulesService Ecosystem Validation should validate ecosystem for EdoMex client":
	  <li
	    class="jasmine-failed"
	    id="spec_spec139"
	    title="BusinessRulesService Ecosystem Validation should validate ecosystem for EdoMex client"
	  />
	  Name "BusinessRulesService Ecosystem Validation should identify missing ecosystem documents":
	  <li
	    class="jasmine-passed"
	    id="spec_spec142"
	    title="BusinessRulesService Ecosystem Validation should identify missing ecosystem documents"
	  />
	  Name "MetaMapService KYC Button Creation should create MetaMap button successfully":
	  <li
	    class="jasmine-passed"
	    id="spec_spec507"
	    title="MetaMapService KYC Button Creation should create MetaMap button successfully"
	  />
	  Name "MetaMapService KYC Button Creation should handle container not found error":
	  <li
	    class="jasmine-passed"
	    id="spec_spec508"
	    title="MetaMapService KYC Button Creation should handle container not found error"
	  />
	  Name "MetaMapService KYC Button Creation should emit KYC success event":
	  <li
	    class="jasmine-passed"
	    id="spec_spec509"
	    title="MetaMapService KYC Button Creation should emit KYC success event"
	  />
	  Name "MetaMapService KYC Button Creation should cleanup event listeners on unsubscribe":
	  <li
	    class="jasmine-passed"
	    id="spec_spec512"
	    title="MetaMapService KYC Button Creation should cleanup event listeners on unsubscribe"
	  />
	  Name "MetaMapService KYC Button Creation should emit KYC exit event":
	  <li
	    class="jasmine-passed"
	    id="spec_spec510"
	    title="MetaMapService KYC Button Creation should emit KYC exit event"
	  />
	  Name "MetaMapService KYC Button Creation should call optional callback functions":
	  <li
	    class="jasmine-passed"
	    id="spec_spec511"
	    title="MetaMapService KYC Button Creation should call optional callback functions"
	  />
	  Name "MetaMapService KYC Completion should handle database update errors":
	  <li
	    class="jasmine-passed"
	    id="spec_spec516"
	    title="MetaMapService KYC Completion should handle database update errors"
	  />
	  Name "MetaMapService KYC Completion should handle client not found error":
	  <li
	    class="jasmine-passed"
	    id="spec_spec514"
	    title="MetaMapService KYC Completion should handle client not found error"
	  />
	  Name "MetaMapService KYC Completion should cap health score at 100":
	  <li
	    class="jasmine-passed"
	    id="spec_spec515"
	    title="MetaMapService KYC Completion should cap health score at 100"
	  />
	  Name "MetaMapService KYC Completion should complete KYC successfully":
	  <li
	    class="jasmine-passed"
	    id="spec_spec513"
	    title="MetaMapService KYC Completion should complete KYC successfully"
	  />
	  Name "MetaMapService Service Initialization should be created":
	  <li
	    class="jasmine-passed"
	    id="spec_spec504"
	    title="MetaMapService Service Initialization should be created"
	  />
	  Name "MetaMapService Service Initialization should initialize MetaMap SDK on creation":
	  <li
	    class="jasmine-passed"
	    id="spec_spec505"
	    title="MetaMapService Service Initialization should initialize MetaMap SDK on creation"
	  />
	  Name "MetaMapService Service Initialization should not reload SDK if already present":
	  <li
	    class="jasmine-passed"
	    id="spec_spec506"
	    title="MetaMapService Service Initialization should not reload SDK if already present"
	  />
	  Name "MetaMapService KYC Prerequisites Validation should detect missing comprobante de domicilio":
	  <li
	    class="jasmine-passed"
	    id="spec_spec519"
	    title="MetaMapService KYC Prerequisites Validation should detect missing comprobante de domicilio"
	  />
	  Name "MetaMapService KYC Prerequisites Validation should validate prerequisites for ready client":
	  <li
	    class="jasmine-passed"
	    id="spec_spec517"
	    title="MetaMapService KYC Prerequisites Validation should validate prerequisites for ready client"
	  />
	  Name "MetaMapService KYC Prerequisites Validation should detect multiple missing documents":
	  <li
	    class="jasmine-passed"
	    id="spec_spec521"
	    title="MetaMapService KYC Prerequisites Validation should detect multiple missing documents"
	  />
	  Name "MetaMapService KYC Prerequisites Validation should detect already completed KYC":
	  <li
	    class="jasmine-passed"
	    id="spec_spec520"
	    title="MetaMapService KYC Prerequisites Validation should detect already completed KYC"
	  />
	  Name "MetaMapService KYC Prerequisites Validation should detect missing INE document":
	  <li
	    class="jasmine-passed"
	    id="spec_spec518"
	    title="MetaMapService KYC Prerequisites Validation should detect missing INE document"
	  />
	  Name "MetaMapService KYC Status Reporting should report in_progress status":
	  <li
	    class="jasmine-passed"
	    id="spec_spec525"
	    title="MetaMapService KYC Status Reporting should report in_progress status"
	  />
	  Name "MetaMapService KYC Status Reporting should report failed status with retry option":
	  <li
	    class="jasmine-passed"
	    id="spec_spec524"
	    title="MetaMapService KYC Status Reporting should report failed status with retry option"
	  />
	  Name "MetaMapService KYC Status Reporting should report not_started for client without KYC document":
	  <li
	    class="jasmine-passed"
	    id="spec_spec527"
	    title="MetaMapService KYC Status Reporting should report not_started for client without KYC document"
	  />
	  Name "MetaMapService KYC Status Reporting should report prerequisites_missing status":
	  <li
	    class="jasmine-passed"
	    id="spec_spec526"
	    title="MetaMapService KYC Status Reporting should report prerequisites_missing status"
	  />
	  Name "MetaMapService KYC Status Reporting should report completed status":
	  <li
	    class="jasmine-passed"
	    id="spec_spec523"
	    title="MetaMapService KYC Status Reporting should report completed status"
	  />
	  Name "MetaMapService KYC Status Reporting should report ready status":
	  <li
	    class="jasmine-passed"
	    id="spec_spec522"
	    title="MetaMapService KYC Status Reporting should report ready status"
	  />
	  Name "MetaMapService SDK Availability Check should detect SDK availability when Mati object exists":
	  <li
	    class="jasmine-passed"
	    id="spec_spec531"
	    title="MetaMapService SDK Availability Check should detect SDK availability when Mati object exists"
	  />
	  Name "MetaMapService SDK Availability Check should report SDK as unavailable when neither exists":
	  <li
	    class="jasmine-passed"
	    id="spec_spec533"
	    title="MetaMapService SDK Availability Check should report SDK as unavailable when neither exists"
	  />
	  Name "MetaMapService SDK Availability Check should wait for page load when document not ready":
	  <li
	    class="jasmine-passed"
	    id="spec_spec535"
	    title="MetaMapService SDK Availability Check should wait for page load when document not ready"
	  />
	  Name "MetaMapService SDK Availability Check should detect SDK availability when metamap-button exists":
	  <li
	    class="jasmine-passed"
	    id="spec_spec532"
	    title="MetaMapService SDK Availability Check should detect SDK availability when metamap-button exists"
	  />
	  Name "MetaMapService SDK Availability Check should handle server-side rendering (no window object)":
	  <li
	    class="jasmine-pending"
	    id="spec_spec534"
	    title="MetaMapService SDK Availability Check should handle server-side rendering (no window object)"
	  />
	  Name "MetaMapService KYC Failure Simulation should handle client not found in failure simulation":
	  <li
	    class="jasmine-passed"
	    id="spec_spec530"
	    title="MetaMapService KYC Failure Simulation should handle client not found in failure simulation"
	  />
	  Name "MetaMapService KYC Failure Simulation should use default failure reason":
	  <li
	    class="jasmine-passed"
	    id="spec_spec529"
	    title="MetaMapService KYC Failure Simulation should use default failure reason"
	  />
	  Name "MetaMapService KYC Failure Simulation should simulate KYC failure":
	  <li
	    class="jasmine-passed"
	    id="spec_spec528"
	    title="MetaMapService KYC Failure Simulation should simulate KYC failure"
	  />
	  Name "MetaMapService Edge Cases and Error Handling should handle client without KYC document in completion":
	  <li
	    class="jasmine-passed"
	    id="spec_spec537"
	    title="MetaMapService Edge Cases and Error Handling should handle client without KYC document in completion"
	  />
	  Name "MetaMapService Edge Cases and Error Handling should handle exit event without reason":
	  <li
	    class="jasmine-passed"
	    id="spec_spec536"
	    title="MetaMapService Edge Cases and Error Handling should handle exit event without reason"
	  />
	  Name "MetaMapService Edge Cases and Error Handling should handle button creation with existing button in container":
	  <li
	    class="jasmine-passed"
	    id="spec_spec539"
	    title="MetaMapService Edge Cases and Error Handling should handle button creation with existing button in container"
	  />
	  Name "MetaMapService Edge Cases and Error Handling should handle empty verification data":
	  <li
	    class="jasmine-passed"
	    id="spec_spec538"
	    title="MetaMapService Edge Cases and Error Handling should handle empty verification data"
	  />
	  Name "LoginComponent Integration Tests should handle form submission with valid data":
	  <li
	    class="jasmine-failed"
	    id="spec_spec913"
	    title="LoginComponent Integration Tests should handle form submission with valid data"
	  />
	  Name "LoginComponent Integration Tests should show validation errors when form is submitted empty":
	  <li
	    class="jasmine-failed"
	    id="spec_spec910"
	    title="LoginComponent Integration Tests should show validation errors when form is submitted empty"
	  />
	  Name "LoginComponent Integration Tests should have proper accessibility attributes":
	  <li
	    class="jasmine-passed"
	    id="spec_spec915"
	    title="LoginComponent Integration Tests should have proper accessibility attributes"
	  />
	  Name "LoginComponent Integration Tests should enable submit button when form is valid":
	  <li
	    class="jasmine-failed"
	    id="spec_spec912"
	    title="LoginComponent Integration Tests should enable submit button when form is valid"
	  />
	  Name "LoginComponent Integration Tests should show email format error for invalid email":
	  <li
	    class="jasmine-passed"
	    id="spec_spec911"
	    title="LoginComponent Integration Tests should show email format error for invalid email"
	  />
	  Name "LoginComponent Integration Tests should display brand information":
	  <li
	    class="jasmine-passed"
	    id="spec_spec916"
	    title="LoginComponent Integration Tests should display brand information"
	  />
	  Name "LoginComponent Integration Tests should toggle password visibility":
	  <li
	    class="jasmine-passed"
	    id="spec_spec914"
	    title="LoginComponent Integration Tests should toggle password visibility"
	  />
	  Name "LoginComponent Integration Tests should render login form with all required fields":
	  <li
	    class="jasmine-failed"
	    id="spec_spec909"
	    title="LoginComponent Integration Tests should render login form with all required fields"
	  />
	  Name "HttpClientService POST Requests should show success message for POST requests":
	  <li
	    class="jasmine-passed"
	    id="spec_spec450"
	    title="HttpClientService POST Requests should show success message for POST requests"
	  />
	  Name "HttpClientService POST Requests should retry POST requests once":
	  <li
	    class="jasmine-empty"
	    id="spec_spec451"
	    title="HttpClientService POST Requests should retry POST requests once"
	  />
	  Name "HttpClientService POST Requests should perform POST request with data":
	  <li
	    class="jasmine-passed"
	    id="spec_spec449"
	    title="HttpClientService POST Requests should perform POST request with data"
	  />
	  Name "HttpClientService Success Handling should not log successful responses without messages":
	  <li
	    class="jasmine-passed"
	    id="spec_spec475"
	    title="HttpClientService Success Handling should not log successful responses without messages"
	  />
	  Name "HttpClientService Success Handling should log successful responses with messages":
	  <li
	    class="jasmine-passed"
	    id="spec_spec474"
	    title="HttpClientService Success Handling should log successful responses with messages"
	  />
	  Name "HttpClientService API Health Check should check API health successfully":
	  <li
	    class="jasmine-passed"
	    id="spec_spec469"
	    title="HttpClientService API Health Check should check API health successfully"
	  />
	  Name "HttpClientService API Health Check should handle API health check failure":
	  <li
	    class="jasmine-passed"
	    id="spec_spec471"
	    title="HttpClientService API Health Check should handle API health check failure"
	  />
	  Name "HttpClientService API Health Check should handle unhealthy API response":
	  <li
	    class="jasmine-passed"
	    id="spec_spec470"
	    title="HttpClientService API Health Check should handle unhealthy API response"
	  />
	  Name "HttpClientService GET Requests should retry failed GET requests":
	  <li
	    class="jasmine-empty"
	    id="spec_spec448"
	    title="HttpClientService GET Requests should retry failed GET requests"
	  />
	  Name "HttpClientService GET Requests should handle GET request with custom parameters":
	  <li
	    class="jasmine-passed"
	    id="spec_spec446"
	    title="HttpClientService GET Requests should handle GET request with custom parameters"
	  />
	  Name "HttpClientService GET Requests should add authentication headers":
	  <li
	    class="jasmine-passed"
	    id="spec_spec447"
	    title="HttpClientService GET Requests should add authentication headers"
	  />
	  Name "HttpClientService GET Requests should perform GET request with default options":
	  <li
	    class="jasmine-passed"
	    id="spec_spec445"
	    title="HttpClientService GET Requests should perform GET request with default options"
	  />
	  Name "HttpClientService Header Management should work without authentication token":
	  <li
	    class="jasmine-passed"
	    id="spec_spec460"
	    title="HttpClientService Header Management should work without authentication token"
	  />
	  Name "HttpClientService Header Management should merge custom headers with default headers":
	  <li
	    class="jasmine-passed"
	    id="spec_spec459"
	    title="HttpClientService Header Management should merge custom headers with default headers"
	  />
	  Name "HttpClientService Loading State Management should not show loading when disabled":
	  <li
	    class="jasmine-passed"
	    id="spec_spec473"
	    title="HttpClientService Loading State Management should not show loading when disabled"
	  />
	  Name "HttpClientService Loading State Management should manage loading state for multiple requests":
	  <li
	    class="jasmine-passed"
	    id="spec_spec472"
	    title="HttpClientService Loading State Management should manage loading state for multiple requests"
	  />
	  Name "HttpClientService File Upload should upload file with FormData":
	  <li
	    class="jasmine-passed"
	    id="spec_spec454"
	    title="HttpClientService File Upload should upload file with FormData"
	  />
	  Name "HttpClientService File Upload should upload file without additional data":
	  <li
	    class="jasmine-passed"
	    id="spec_spec455"
	    title="HttpClientService File Upload should upload file without additional data"
	  />
	  Name "HttpClientService Connection Monitoring should detect offline status change":
	  <li
	    class="jasmine-passed"
	    id="spec_spec443"
	    title="HttpClientService Connection Monitoring should detect offline status change"
	  />
	  Name "HttpClientService Connection Monitoring should detect online status change":
	  <li
	    class="jasmine-passed"
	    id="spec_spec442"
	    title="HttpClientService Connection Monitoring should detect online status change"
	  />
	  Name "HttpClientService Connection Monitoring should provide current connection status":
	  <li
	    class="jasmine-passed"
	    id="spec_spec444"
	    title="HttpClientService Connection Monitoring should provide current connection status"
	  />
	  Name "HttpClientService Error Handling should handle network connectivity issues":
	  <li
	    class="jasmine-failed"
	    id="spec_spec466"
	    title="HttpClientService Error Handling should handle network connectivity issues"
	  />
	  Name "HttpClientService Error Handling should handle 500 Internal Server Error":
	  <li
	    class="jasmine-passed"
	    id="spec_spec465"
	    title="HttpClientService Error Handling should handle 500 Internal Server Error"
	  />
	  Name "HttpClientService Error Handling should handle client-side errors":
	  <li
	    class="jasmine-passed"
	    id="spec_spec468"
	    title="HttpClientService Error Handling should handle client-side errors"
	  />
	  Name "HttpClientService Error Handling should not show error toast when showError is false":
	  <li
	    class="jasmine-passed"
	    id="spec_spec467"
	    title="HttpClientService Error Handling should not show error toast when showError is false"
	  />
	  Name "HttpClientService Error Handling should handle 422 Validation Error with detailed messages":
	  <li
	    class="jasmine-passed"
	    id="spec_spec464"
	    title="HttpClientService Error Handling should handle 422 Validation Error with detailed messages"
	  />
	  Name "HttpClientService Error Handling should handle 404 Not Found error":
	  <li
	    class="jasmine-passed"
	    id="spec_spec463"
	    title="HttpClientService Error Handling should handle 404 Not Found error"
	  />
	  Name "HttpClientService Error Handling should handle 401 Unauthorized and logout user":
	  <li
	    class="jasmine-passed"
	    id="spec_spec462"
	    title="HttpClientService Error Handling should handle 401 Unauthorized and logout user"
	  />
	  Name "HttpClientService Error Handling should handle 400 Bad Request error":
	  <li
	    class="jasmine-passed"
	    id="spec_spec461"
	    title="HttpClientService Error Handling should handle 400 Bad Request error"
	  />
	  Name "HttpClientService URL Building should handle nested endpoints":
	  <li
	    class="jasmine-empty"
	    id="spec_spec458"
	    title="HttpClientService URL Building should handle nested endpoints"
	  />
	  Name "HttpClientService URL Building should handle URLs with leading slash":
	  <li
	    class="jasmine-passed"
	    id="spec_spec457"
	    title="HttpClientService URL Building should handle URLs with leading slash"
	  />
	  Name "HttpClientService URL Building should build correct URLs":
	  <li
	    class="jasmine-passed"
	    id="spec_spec456"
	    title="HttpClientService URL Building should build correct URLs"
	  />
	  Name "HttpClientService PUT Requests should perform PUT request":
	  <li
	    class="jasmine-passed"
	    id="spec_spec452"
	    title="HttpClientService PUT Requests should perform PUT request"
	  />
	  Name "HttpClientService DELETE Requests should perform DELETE request":
	  <li
	    class="jasmine-passed"
	    id="spec_spec453"
	    title="HttpClientService DELETE Requests should perform DELETE request"
	  />
	  Name "HttpClientService Service Initialization should be created":
	  <li
	    class="jasmine-passed"
	    id="spec_spec440"
	    title="HttpClientService Service Initialization should be created"
	  />
	  Name "HttpClientService Service Initialization should initialize with connection status":
	  <li
	    class="jasmine-passed"
	    id="spec_spec441"
	    title="HttpClientService Service Initialization should initialize with connection status"
	  />
	  Name "DocumentValidationService Ecosystem Document Validation (EdoMex) should validate critical agremiado documents":
	  <li
	    class="jasmine-passed"
	    id="spec_spec380"
	    title="DocumentValidationService Ecosystem Document Validation (EdoMex) should validate critical agremiado documents"
	  />
	  Name "DocumentValidationService Ecosystem Document Validation (EdoMex) should detect missing critical ecosystem documents":
	  <li
	    class="jasmine-passed"
	    id="spec_spec378"
	    title="DocumentValidationService Ecosystem Document Validation (EdoMex) should detect missing critical ecosystem documents"
	  />
	  Name "DocumentValidationService Ecosystem Document Validation (EdoMex) should assess ecosystem risk level correctly":
	  <li
	    class="jasmine-passed"
	    id="spec_spec379"
	    title="DocumentValidationService Ecosystem Document Validation (EdoMex) should assess ecosystem risk level correctly"
	  />
	  Name "DocumentValidationService Ecosystem Document Validation (EdoMex) should validate complete ecosystem documents":
	  <li
	    class="jasmine-passed"
	    id="spec_spec377"
	    title="DocumentValidationService Ecosystem Document Validation (EdoMex) should validate complete ecosystem documents"
	  />
	  Name "DocumentValidationService Edge Cases and Error Handling should handle empty document list":
	  <li
	    class="jasmine-passed"
	    id="spec_spec395"
	    title="DocumentValidationService Edge Cases and Error Handling should handle empty document list"
	  />
	  Name "DocumentValidationService Edge Cases and Error Handling should handle clients without market assignment":
	  <li
	    class="jasmine-passed"
	    id="spec_spec397"
	    title="DocumentValidationService Edge Cases and Error Handling should handle clients without market assignment"
	  />
	  Name "DocumentValidationService Edge Cases and Error Handling should handle documents without names":
	  <li
	    class="jasmine-passed"
	    id="spec_spec396"
	    title="DocumentValidationService Edge Cases and Error Handling should handle documents without names"
	  />
	  Name "DocumentValidationService Edge Cases and Error Handling should generate compliance recommendations for various scenarios":
	  <li
	    class="jasmine-passed"
	    id="spec_spec399"
	    title="DocumentValidationService Edge Cases and Error Handling should generate compliance recommendations for various scenarios"
	  />
	  Name "DocumentValidationService Edge Cases and Error Handling should handle ecosystem validation with empty document list":
	  <li
	    class="jasmine-passed"
	    id="spec_spec398"
	    title="DocumentValidationService Edge Cases and Error Handling should handle ecosystem validation with empty document list"
	  />
	  Name "DocumentValidationService Validation Rules should assess legibility scores":
	  <li
	    class="jasmine-passed"
	    id="spec_spec394"
	    title="DocumentValidationService Validation Rules should assess legibility scores"
	  />
	  Name "DocumentValidationService Validation Rules should check document expiration":
	  <li
	    class="jasmine-passed"
	    id="spec_spec392"
	    title="DocumentValidationService Validation Rules should check document expiration"
	  />
	  Name "DocumentValidationService Validation Rules should validate file formats correctly":
	  <li
	    class="jasmine-passed"
	    id="spec_spec391"
	    title="DocumentValidationService Validation Rules should validate file formats correctly"
	  />
	  Name "DocumentValidationService Validation Rules should handle documents without expiration date":
	  <li
	    class="jasmine-passed"
	    id="spec_spec393"
	    title="DocumentValidationService Validation Rules should handle documents without expiration date"
	  />
	  Name "DocumentValidationService Document Validation should generate auto-corrections for fixable issues":
	  <li
	    class="jasmine-passed"
	    id="spec_spec370"
	    title="DocumentValidationService Document Validation should generate auto-corrections for fixable issues"
	  />
	  Name "DocumentValidationService Document Validation should validate document with valid format":
	  <li
	    class="jasmine-passed"
	    id="spec_spec367"
	    title="DocumentValidationService Document Validation should validate document with valid format"
	  />
	  Name "DocumentValidationService Document Validation should provide suggestions for improvement":
	  <li
	    class="jasmine-passed"
	    id="spec_spec371"
	    title="DocumentValidationService Document Validation should provide suggestions for improvement"
	  />
	  Name "DocumentValidationService Document Validation should detect invalid file format":
	  <li
	    class="jasmine-passed"
	    id="spec_spec368"
	    title="DocumentValidationService Document Validation should detect invalid file format"
	  />
	  Name "DocumentValidationService Document Validation should detect expired documents":
	  <li
	    class="jasmine-passed"
	    id="spec_spec369"
	    title="DocumentValidationService Document Validation should detect expired documents"
	  />
	  Name "DocumentValidationService Document Type Detection should provide suggestions for unclear filenames":
	  <li
	    class="jasmine-passed"
	    id="spec_spec389"
	    title="DocumentValidationService Document Type Detection should provide suggestions for unclear filenames"
	  />
	  Name "DocumentValidationService Document Type Detection should handle various file extensions":
	  <li
	    class="jasmine-passed"
	    id="spec_spec390"
	    title="DocumentValidationService Document Type Detection should handle various file extensions"
	  />
	  Name "DocumentValidationService Document Type Detection should detect INE from filename":
	  <li
	    class="jasmine-passed"
	    id="spec_spec385"
	    title="DocumentValidationService Document Type Detection should detect INE from filename"
	  />
	  Name "DocumentValidationService Document Type Detection should detect RFC documents":
	  <li
	    class="jasmine-passed"
	    id="spec_spec386"
	    title="DocumentValidationService Document Type Detection should detect RFC documents"
	  />
	  Name "DocumentValidationService Document Type Detection should detect ecosystem documents":
	  <li
	    class="jasmine-passed"
	    id="spec_spec387"
	    title="DocumentValidationService Document Type Detection should detect ecosystem documents"
	  />
	  Name "DocumentValidationService Document Type Detection should detect carta aval documents":
	  <li
	    class="jasmine-passed"
	    id="spec_spec388"
	    title="DocumentValidationService Document Type Detection should detect carta aval documents"
	  />
	  Name "DocumentValidationService Document Requirements by Market/Flow should return AGS specific requirements":
	  <li
	    class="jasmine-passed"
	    id="spec_spec381"
	    title="DocumentValidationService Document Requirements by Market/Flow should return AGS specific requirements"
	  />
	  Name "DocumentValidationService Document Requirements by Market/Flow should return EdoMex specific requirements":
	  <li
	    class="jasmine-passed"
	    id="spec_spec382"
	    title="DocumentValidationService Document Requirements by Market/Flow should return EdoMex specific requirements"
	  />
	  Name "DocumentValidationService Document Requirements by Market/Flow should filter requirements by flow type":
	  <li
	    class="jasmine-passed"
	    id="spec_spec383"
	    title="DocumentValidationService Document Requirements by Market/Flow should filter requirements by flow type"
	  />
	  Name "DocumentValidationService Document Requirements by Market/Flow should apply conditional requirements":
	  <li
	    class="jasmine-passed"
	    id="spec_spec384"
	    title="DocumentValidationService Document Requirements by Market/Flow should apply conditional requirements"
	  />
	  Name "DocumentValidationService Compliance Report Generation should generate compliance report for Aguascalientes client":
	  <li
	    class="jasmine-passed"
	    id="spec_spec372"
	    title="DocumentValidationService Compliance Report Generation should generate compliance report for Aguascalientes client"
	  />
	  Name "DocumentValidationService Compliance Report Generation should identify missing documents":
	  <li
	    class="jasmine-passed"
	    id="spec_spec373"
	    title="DocumentValidationService Compliance Report Generation should identify missing documents"
	  />
	  Name "DocumentValidationService Compliance Report Generation should categorize documents correctly":
	  <li
	    class="jasmine-passed"
	    id="spec_spec374"
	    title="DocumentValidationService Compliance Report Generation should categorize documents correctly"
	  />
	  Name "DocumentValidationService Compliance Report Generation should provide blocking issues for incomplete documents":
	  <li
	    class="jasmine-passed"
	    id="spec_spec375"
	    title="DocumentValidationService Compliance Report Generation should provide blocking issues for incomplete documents"
	  />
	  Name "DocumentValidationService Compliance Report Generation should generate appropriate next steps":
	  <li
	    class="jasmine-passed"
	    id="spec_spec376"
	    title="DocumentValidationService Compliance Report Generation should generate appropriate next steps"
	  />
	  Name "DocumentValidationService Service Initialization should initialize document requirements":
	  <li
	    class="jasmine-passed"
	    id="spec_spec366"
	    title="DocumentValidationService Service Initialization should initialize document requirements"
	  />
	  Name "DocumentValidationService Service Initialization should be created":
	  <li
	    class="jasmine-passed"
	    id="spec_spec365"
	    title="DocumentValidationService Service Initialization should be created"
	  />
	  Name "ConektaPaymentService Payment History and Status should get payment history with customer filter":
	  <li
	    class="jasmine-passed"
	    id="spec_spec183"
	    title="ConektaPaymentService Payment History and Status should get payment history with customer filter"
	  />
	  Name "ConektaPaymentService Payment History and Status should get payment history without customer filter":
	  <li
	    class="jasmine-passed"
	    id="spec_spec182"
	    title="ConektaPaymentService Payment History and Status should get payment history without customer filter"
	  />
	  Name "ConektaPaymentService Payment History and Status should get payment status":
	  <li
	    class="jasmine-passed"
	    id="spec_spec184"
	    title="ConektaPaymentService Payment History and Status should get payment status"
	  />
	  Name "ConektaPaymentService Error Handling Edge Cases should handle errors with simple message":
	  <li
	    class="jasmine-passed"
	    id="spec_spec192"
	    title="ConektaPaymentService Error Handling Edge Cases should handle errors with simple message"
	  />
	  Name "ConektaPaymentService Error Handling Edge Cases should handle errors without structured response":
	  <li
	    class="jasmine-passed"
	    id="spec_spec193"
	    title="ConektaPaymentService Error Handling Edge Cases should handle errors without structured response"
	  />
	  Name "ConektaPaymentService Test Methods should create test payment with custom amount":
	  <li
	    class="jasmine-passed"
	    id="spec_spec191"
	    title="ConektaPaymentService Test Methods should create test payment with custom amount"
	  />
	  Name "ConektaPaymentService Test Methods should create test payment with default amount":
	  <li
	    class="jasmine-passed"
	    id="spec_spec190"
	    title="ConektaPaymentService Test Methods should create test payment with default amount"
	  />
	  Name "ConektaPaymentService Business Logic Helpers should handle monthly payment setup errors":
	  <li
	    class="jasmine-passed"
	    id="spec_spec189"
	    title="ConektaPaymentService Business Logic Helpers should handle monthly payment setup errors"
	  />
	  Name "ConektaPaymentService Business Logic Helpers should create down payment link":
	  <li
	    class="jasmine-passed"
	    id="spec_spec188"
	    title="ConektaPaymentService Business Logic Helpers should create down payment link"
	  />
	  Name "ConektaPaymentService Webhook Validation should handle validation errors gracefully":
	  <li
	    class="jasmine-pending"
	    id="spec_spec187"
	    title="ConektaPaymentService Webhook Validation should handle validation errors gracefully"
	  />
	  Name "ConektaPaymentService Webhook Validation should reject incorrect webhook signature":
	  <li
	    class="jasmine-passed"
	    id="spec_spec186"
	    title="ConektaPaymentService Webhook Validation should reject incorrect webhook signature"
	  />
	  Name "ConektaPaymentService Webhook Validation should validate correct webhook signature":
	  <li
	    class="jasmine-passed"
	    id="spec_spec185"
	    title="ConektaPaymentService Webhook Validation should validate correct webhook signature"
	  />
	  Name "ConektaPaymentService Service Initialization should load Conekta SDK on initialization":
	  <li
	    class="jasmine-passed"
	    id="spec_spec166"
	    title="ConektaPaymentService Service Initialization should load Conekta SDK on initialization"
	  />
	  Name "ConektaPaymentService Service Initialization should be created":
	  <li
	    class="jasmine-passed"
	    id="spec_spec165"
	    title="ConektaPaymentService Service Initialization should be created"
	  />
	  Name "ConektaPaymentService Card Tokenization should tokenize valid card successfully":
	  <li
	    class="jasmine-passed"
	    id="spec_spec167"
	    title="ConektaPaymentService Card Tokenization should tokenize valid card successfully"
	  />
	  Name "ConektaPaymentService Card Tokenization should generate random tokens for other card numbers":
	  <li
	    class="jasmine-passed"
	    id="spec_spec169"
	    title="ConektaPaymentService Card Tokenization should generate random tokens for other card numbers"
	  />
	  Name "ConektaPaymentService Card Tokenization should handle tokenization errors":
	  <li
	    class="jasmine-passed"
	    id="spec_spec168"
	    title="ConektaPaymentService Card Tokenization should handle tokenization errors"
	  />
	  Name "ConektaPaymentService Payment Processing should handle payment processing errors":
	  <li
	    class="jasmine-passed"
	    id="spec_spec171"
	    title="ConektaPaymentService Payment Processing should handle payment processing errors"
	  />
	  Name "ConektaPaymentService Payment Processing should process card payment successfully":
	  <li
	    class="jasmine-passed"
	    id="spec_spec170"
	    title="ConektaPaymentService Payment Processing should process card payment successfully"
	  />
	  Name "ConektaPaymentService Payment Links (Cash Payments) should set default expiration if not provided":
	  <li
	    class="jasmine-passed"
	    id="spec_spec173"
	    title="ConektaPaymentService Payment Links (Cash Payments) should set default expiration if not provided"
	  />
	  Name "ConektaPaymentService Payment Links (Cash Payments) should create payment link for cash payments":
	  <li
	    class="jasmine-passed"
	    id="spec_spec172"
	    title="ConektaPaymentService Payment Links (Cash Payments) should create payment link for cash payments"
	  />
	  Name "ConektaPaymentService Customer Management should update customer":
	  <li
	    class="jasmine-passed"
	    id="spec_spec175"
	    title="ConektaPaymentService Customer Management should update customer"
	  />
	  Name "ConektaPaymentService Customer Management should create customer":
	  <li
	    class="jasmine-passed"
	    id="spec_spec174"
	    title="ConektaPaymentService Customer Management should create customer"
	  />
	  Name "ConektaPaymentService Customer Management should get customer":
	  <li
	    class="jasmine-passed"
	    id="spec_spec176"
	    title="ConektaPaymentService Customer Management should get customer"
	  />
	  Name "ConektaPaymentService Subscription Management should pause subscription":
	  <li
	    class="jasmine-passed"
	    id="spec_spec180"
	    title="ConektaPaymentService Subscription Management should pause subscription"
	  />
	  Name "ConektaPaymentService Subscription Management should get subscription":
	  <li
	    class="jasmine-passed"
	    id="spec_spec179"
	    title="ConektaPaymentService Subscription Management should get subscription"
	  />
	  Name "ConektaPaymentService Subscription Management should create subscription":
	  <li
	    class="jasmine-passed"
	    id="spec_spec178"
	    title="ConektaPaymentService Subscription Management should create subscription"
	  />
	  Name "ConektaPaymentService Subscription Management should cancel subscription":
	  <li
	    class="jasmine-passed"
	    id="spec_spec181"
	    title="ConektaPaymentService Subscription Management should cancel subscription"
	  />
	  Name "ConektaPaymentService Subscription Management should create subscription plan":
	  <li
	    class="jasmine-passed"
	    id="spec_spec177"
	    title="ConektaPaymentService Subscription Management should create subscription plan"
	  />
	  Name "ToastService Observable Behavior should emit each toast separately":
	  <li
	    class="jasmine-passed"
	    id="spec_spec799"
	    title="ToastService Observable Behavior should emit each toast separately"
	  />
	  Name "ToastService Observable Behavior should emit toasts through observable":
	  <li
	    class="jasmine-passed"
	    id="spec_spec797"
	    title="ToastService Observable Behavior should emit toasts through observable"
	  />
	  Name "ToastService Observable Behavior should support multiple subscribers":
	  <li
	    class="jasmine-passed"
	    id="spec_spec798"
	    title="ToastService Observable Behavior should support multiple subscribers"
	  />
	  Name "ToastService Edge Cases should handle very long message":
	  <li
	    class="jasmine-passed"
	    id="spec_spec801"
	    title="ToastService Edge Cases should handle very long message"
	  />
	  Name "ToastService Edge Cases should handle empty message":
	  <li
	    class="jasmine-passed"
	    id="spec_spec800"
	    title="ToastService Edge Cases should handle empty message"
	  />
	  Name "ToastService Edge Cases should handle rapid consecutive toasts":
	  <li
	    class="jasmine-failed"
	    id="spec_spec805"
	    title="ToastService Edge Cases should handle rapid consecutive toasts"
	  />
	  Name "ToastService Edge Cases should handle special characters in message":
	  <li
	    class="jasmine-passed"
	    id="spec_spec804"
	    title="ToastService Edge Cases should handle special characters in message"
	  />
	  Name "ToastService Edge Cases should handle negative duration":
	  <li
	    class="jasmine-passed"
	    id="spec_spec803"
	    title="ToastService Edge Cases should handle negative duration"
	  />
	  Name "ToastService Edge Cases should handle zero duration":
	  <li
	    class="jasmine-passed"
	    id="spec_spec802"
	    title="ToastService Edge Cases should handle zero duration"
	  />
	  Name "ToastService Toast State Management should handle removing all toasts":
	  <li
	    class="jasmine-passed"
	    id="spec_spec807"
	    title="ToastService Toast State Management should handle removing all toasts"
	  />
	  Name "ToastService Toast State Management should maintain correct state after multiple operations":
	  <li
	    class="jasmine-failed"
	    id="spec_spec806"
	    title="ToastService Toast State Management should maintain correct state after multiple operations"
	  />
	  Name "ToastService Service Initialization should have toasts$ observable":
	  <li
	    class="jasmine-passed"
	    id="spec_spec780"
	    title="ToastService Service Initialization should have toasts$ observable"
	  />
	  Name "ToastService Service Initialization should initialize with empty toasts array":
	  <li
	    class="jasmine-passed"
	    id="spec_spec779"
	    title="ToastService Service Initialization should initialize with empty toasts array"
	  />
	  Name "ToastService Service Initialization should be created":
	  <li
	    class="jasmine-passed"
	    id="spec_spec778"
	    title="ToastService Service Initialization should be created"
	  />
	  Name "ToastService Success Toast should create success toast with default duration":
	  <li
	    class="jasmine-passed"
	    id="spec_spec781"
	    title="ToastService Success Toast should create success toast with default duration"
	  />
	  Name "ToastService Success Toast should create success toast with custom duration":
	  <li
	    class="jasmine-passed"
	    id="spec_spec782"
	    title="ToastService Success Toast should create success toast with custom duration"
	  />
	  Name "ToastService Success Toast should add success toast to toasts array":
	  <li
	    class="jasmine-passed"
	    id="spec_spec783"
	    title="ToastService Success Toast should add success toast to toasts array"
	  />
	  Name "ToastService Warning Toast should create warning toast with default duration":
	  <li
	    class="jasmine-passed"
	    id="spec_spec786"
	    title="ToastService Warning Toast should create warning toast with default duration"
	  />
	  Name "ToastService Warning Toast should create warning toast with custom duration":
	  <li
	    class="jasmine-passed"
	    id="spec_spec787"
	    title="ToastService Warning Toast should create warning toast with custom duration"
	  />
	  Name "ToastService Error Toast should create error toast with default duration":
	  <li
	    class="jasmine-passed"
	    id="spec_spec784"
	    title="ToastService Error Toast should create error toast with default duration"
	  />
	  Name "ToastService Error Toast should create error toast with custom duration":
	  <li
	    class="jasmine-passed"
	    id="spec_spec785"
	    title="ToastService Error Toast should create error toast with custom duration"
	  />
	  Name "ToastService Info Toast should create info toast with default duration":
	  <li
	    class="jasmine-passed"
	    id="spec_spec788"
	    title="ToastService Info Toast should create info toast with default duration"
	  />
	  Name "ToastService Info Toast should create info toast with custom duration":
	  <li
	    class="jasmine-passed"
	    id="spec_spec789"
	    title="ToastService Info Toast should create info toast with custom duration"
	  />
	  Name "ToastService Toast Management should handle removing non-existent toast ID":
	  <li
	    class="jasmine-passed"
	    id="spec_spec792"
	    title="ToastService Toast Management should handle removing non-existent toast ID"
	  />
	  Name "ToastService Toast Management should remove only specified toast when multiple exist":
	  <li
	    class="jasmine-failed"
	    id="spec_spec793"
	    title="ToastService Toast Management should remove only specified toast when multiple exist"
	  />
	  Name "ToastService Toast Management should generate unique IDs for different toasts":
	  <li
	    class="jasmine-failed"
	    id="spec_spec790"
	    title="ToastService Toast Management should generate unique IDs for different toasts"
	  />
	  Name "ToastService Toast Management should remove toast by ID":
	  <li
	    class="jasmine-passed"
	    id="spec_spec791"
	    title="ToastService Toast Management should remove toast by ID"
	  />
	  Name "ToastService Auto-removal Functionality should handle manual removal before auto-removal":
	  <li
	    class="jasmine-passed"
	    id="spec_spec796"
	    title="ToastService Auto-removal Functionality should handle manual removal before auto-removal"
	  />
	  Name "ToastService Auto-removal Functionality should auto-remove toast after specified duration":
	  <li
	    class="jasmine-passed"
	    id="spec_spec794"
	    title="ToastService Auto-removal Functionality should auto-remove toast after specified duration"
	  />
	  Name "ToastService Auto-removal Functionality should auto-remove multiple toasts at different times":
	  <li
	    class="jasmine-failed"
	    id="spec_spec795"
	    title="ToastService Auto-removal Functionality should auto-remove multiple toasts at different times"
	  />
	  Name "math.util safe operations should reduce FP drift":
	  <li
	    class="jasmine-passed"
	    id="spec_spec844"
	    title="math.util safe operations should reduce FP drift"
	  />
	  Name "math.util round2 should round to 2 decimals":
	  <li
	    class="jasmine-passed"
	    id="spec_spec843"
	    title="math.util round2 should round to 2 decimals"
	  />
	  Name "math.util annuity should compute payment correctly":
	  <li
	    class="jasmine-passed"
	    id="spec_spec847"
	    title="math.util annuity should compute payment correctly"
	  />
	  Name "math.util clamp should bound values":
	  <li
	    class="jasmine-passed"
	    id="spec_spec845"
	    title="math.util clamp should bound values"
	  />
	  Name "math.util monthsToYearsCeil should ceil to years":
	  <li
	    class="jasmine-passed"
	    id="spec_spec849"
	    title="math.util monthsToYearsCeil should ceil to years"
	  />
	  Name "math.util helpers should aggregate values":
	  <li
	    class="jasmine-passed"
	    id="spec_spec848"
	    title="math.util helpers should aggregate values"
	  />
	  Name "math.util rate conversions should be consistent":
	  <li
	    class="jasmine-passed"
	    id="spec_spec846"
	    title="math.util rate conversions should be consistent"
	  />
	  Name "format.util formatCurrencyMXN should format with symbol and two decimals":
	  <li
	    class="jasmine-passed"
	    id="spec_spec839"
	    title="format.util formatCurrencyMXN should format with symbol and two decimals"
	  />
	  Name "format.util parseCurrency should parse strings with symbols and commas":
	  <li
	    class="jasmine-passed"
	    id="spec_spec840"
	    title="format.util parseCurrency should parse strings with symbols and commas"
	  />
	  Name "format.util toYears should render human friendly term":
	  <li
	    class="jasmine-passed"
	    id="spec_spec842"
	    title="format.util toYears should render human friendly term"
	  />
	  Name "format.util formatPercent should format with default decimals":
	  <li
	    class="jasmine-passed"
	    id="spec_spec841"
	    title="format.util formatPercent should format with default decimals"
	  />
	  Name "BackendApiService Error Handling Edge Cases should handle storage errors gracefully":
	  <li
	    class="jasmine-passed"
	    id="spec_spec114"
	    title="BackendApiService Error Handling Edge Cases should handle storage errors gracefully"
	  />
	  Name "BackendApiService Error Handling Edge Cases should handle null client data from local storage":
	  <li
	    class="jasmine-passed"
	    id="spec_spec113"
	    title="BackendApiService Error Handling Edge Cases should handle null client data from local storage"
	  />
	  Name "BackendApiService Error Handling Edge Cases should handle unknown action types in sync":
	  <li
	    class="jasmine-passed"
	    id="spec_spec115"
	    title="BackendApiService Error Handling Edge Cases should handle unknown action types in sync"
	  />
	  Name "BackendApiService Contract Management should get contract successfully":
	  <li
	    class="jasmine-passed"
	    id="spec_spec90"
	    title="BackendApiService Contract Management should get contract successfully"
	  />
	  Name "BackendApiService Contract Management should fallback to local storage when getting client contracts fails":
	  <li
	    class="jasmine-passed"
	    id="spec_spec93"
	    title="BackendApiService Contract Management should fallback to local storage when getting client contracts fails"
	  />
	  Name "BackendApiService Contract Management should get client contracts successfully":
	  <li
	    class="jasmine-passed"
	    id="spec_spec92"
	    title="BackendApiService Contract Management should get client contracts successfully"
	  />
	  Name "BackendApiService Contract Management should handle create contract offline mode":
	  <li
	    class="jasmine-passed"
	    id="spec_spec89"
	    title="BackendApiService Contract Management should handle create contract offline mode"
	  />
	  Name "BackendApiService Contract Management should create contract successfully":
	  <li
	    class="jasmine-passed"
	    id="spec_spec88"
	    title="BackendApiService Contract Management should create contract successfully"
	  />
	  Name "BackendApiService Contract Management should fallback to local storage when getting contract fails":
	  <li
	    class="jasmine-passed"
	    id="spec_spec91"
	    title="BackendApiService Contract Management should fallback to local storage when getting contract fails"
	  />
	  Name "BackendApiService Mock Data Generation should generate all mock ecosystems when no market filter":
	  <li
	    class="jasmine-passed"
	    id="spec_spec112"
	    title="BackendApiService Mock Data Generation should generate all mock ecosystems when no market filter"
	  />
	  Name "BackendApiService Mock Data Generation should generate mock ecosystems for EDOMEX market":
	  <li
	    class="jasmine-passed"
	    id="spec_spec111"
	    title="BackendApiService Mock Data Generation should generate mock ecosystems for EDOMEX market"
	  />
	  Name "BackendApiService Mock Data Generation should generate mock ecosystems for AGS market":
	  <li
	    class="jasmine-passed"
	    id="spec_spec110"
	    title="BackendApiService Mock Data Generation should generate mock ecosystems for AGS market"
	  />
	  Name "BackendApiService Service Initialization should have correct API configuration":
	  <li
	    class="jasmine-passed"
	    id="spec_spec79"
	    title="BackendApiService Service Initialization should have correct API configuration"
	  />
	  Name "BackendApiService Service Initialization should initialize with online status":
	  <li
	    class="jasmine-passed"
	    id="spec_spec78"
	    title="BackendApiService Service Initialization should initialize with online status"
	  />
	  Name "BackendApiService Service Initialization should be created":
	  <li
	    class="jasmine-passed"
	    id="spec_spec77"
	    title="BackendApiService Service Initialization should be created"
	  />
	  Name "BackendApiService Client Management should create client successfully":
	  <li
	    class="jasmine-passed"
	    id="spec_spec80"
	    title="BackendApiService Client Management should create client successfully"
	  />
	  Name "BackendApiService Client Management should handle update client offline mode":
	  <li
	    class="jasmine-passed"
	    id="spec_spec83"
	    title="BackendApiService Client Management should handle update client offline mode"
	  />
	  Name "BackendApiService Client Management should handle create client offline mode":
	  <li
	    class="jasmine-passed"
	    id="spec_spec81"
	    title="BackendApiService Client Management should handle create client offline mode"
	  />
	  Name "BackendApiService Client Management should get client successfully":
	  <li
	    class="jasmine-passed"
	    id="spec_spec84"
	    title="BackendApiService Client Management should get client successfully"
	  />
	  Name "BackendApiService Client Management should update client successfully":
	  <li
	    class="jasmine-failed"
	    id="spec_spec82"
	    title="BackendApiService Client Management should update client successfully"
	  />
	  Name "BackendApiService Client Management should fallback to local storage when getting client fails":
	  <li
	    class="jasmine-passed"
	    id="spec_spec85"
	    title="BackendApiService Client Management should fallback to local storage when getting client fails"
	  />
	  Name "BackendApiService Client Management should return empty array when getting clients fails":
	  <li
	    class="jasmine-passed"
	    id="spec_spec87"
	    title="BackendApiService Client Management should return empty array when getting clients fails"
	  />
	  Name "BackendApiService Client Management should get clients with filters":
	  <li
	    class="jasmine-passed"
	    id="spec_spec86"
	    title="BackendApiService Client Management should get clients with filters"
	  />
	  Name "BackendApiService Sync Management should sync pending actions when coming online":
	  <li
	    class="jasmine-failed"
	    id="spec_spec104"
	    title="BackendApiService Sync Management should sync pending actions when coming online"
	  />
	  Name "BackendApiService Sync Management should handle sync errors gracefully":
	  <li
	    class="jasmine-passed"
	    id="spec_spec105"
	    title="BackendApiService Sync Management should handle sync errors gracefully"
	  />
	  Name "BackendApiService File Upload should upload document successfully":
	  <li
	    class="jasmine-passed"
	    id="spec_spec102"
	    title="BackendApiService File Upload should upload document successfully"
	  />
	  Name "BackendApiService File Upload should handle upload document offline mode":
	  <li
	    class="jasmine-passed"
	    id="spec_spec103"
	    title="BackendApiService File Upload should handle upload document offline mode"
	  />
	  Name "BackendApiService Network Status Management should update online status when network changes":
	  <li
	    class="jasmine-failed"
	    id="spec_spec108"
	    title="BackendApiService Network Status Management should update online status when network changes"
	  />
	  Name "BackendApiService Network Status Management should trigger sync when going back online":
	  <li
	    class="jasmine-failed"
	    id="spec_spec109"
	    title="BackendApiService Network Status Management should trigger sync when going back online"
	  />
	  Name "BackendApiService Health Check should return offline health status when API fails":
	  <li
	    class="jasmine-passed"
	    id="spec_spec107"
	    title="BackendApiService Health Check should return offline health status when API fails"
	  />
	  Name "BackendApiService Health Check should return online health status":
	  <li
	    class="jasmine-passed"
	    id="spec_spec106"
	    title="BackendApiService Health Check should return online health status"
	  />
	  Name "BackendApiService Ecosystem Management should update ecosystem capacity successfully":
	  <li
	    class="jasmine-passed"
	    id="spec_spec98"
	    title="BackendApiService Ecosystem Management should update ecosystem capacity successfully"
	  />
	  Name "BackendApiService Ecosystem Management should get ecosystem by ID successfully":
	  <li
	    class="jasmine-passed"
	    id="spec_spec97"
	    title="BackendApiService Ecosystem Management should get ecosystem by ID successfully"
	  />
	  Name "BackendApiService Ecosystem Management should return mock data when getting ecosystems fails":
	  <li
	    class="jasmine-passed"
	    id="spec_spec96"
	    title="BackendApiService Ecosystem Management should return mock data when getting ecosystems fails"
	  />
	  Name "BackendApiService Ecosystem Management should get ecosystems with market filter":
	  <li
	    class="jasmine-passed"
	    id="spec_spec95"
	    title="BackendApiService Ecosystem Management should get ecosystems with market filter"
	  />
	  Name "BackendApiService Ecosystem Management should get ecosystems successfully":
	  <li
	    class="jasmine-passed"
	    id="spec_spec94"
	    title="BackendApiService Ecosystem Management should get ecosystems successfully"
	  />
	  Name "BackendApiService Dashboard and Analytics should get dashboard data successfully":
	  <li
	    class="jasmine-passed"
	    id="spec_spec99"
	    title="BackendApiService Dashboard and Analytics should get dashboard data successfully"
	  />
	  Name "BackendApiService Dashboard and Analytics should get dashboard data with advisor filter":
	  <li
	    class="jasmine-failed"
	    id="spec_spec100"
	    title="BackendApiService Dashboard and Analytics should get dashboard data with advisor filter"
	  />
	  Name "BackendApiService Dashboard and Analytics should return offline dashboard data when API fails":
	  <li
	    class="jasmine-passed"
	    id="spec_spec101"
	    title="BackendApiService Dashboard and Analytics should return offline dashboard data when API fails"
	  />
	  Name "CotizadorEngineService calculates insurance by years ceil(term/12)":
	  <li
	    class="jasmine-passed"
	    id="spec_spec256"
	    title="CotizadorEngineService calculates insurance by years ceil(term/12)"
	  />
	  Name "CotizadorEngineService validates down payment min/max range":
	  <li
	    class="jasmine-passed"
	    id="spec_spec257"
	    title="CotizadorEngineService validates down payment min/max range"
	  />
	  Name "CotizadorEngineService computes monthly payment, total cost and CAT consistently":
	  <li
	    class="jasmine-passed"
	    id="spec_spec258"
	    title="CotizadorEngineService computes monthly payment, total cost and CAT consistently"
	  />
	  Name "OnboardingEngineService should call updateClient with id and updated object on reviewDocument":
	  <li
	    class="jasmine-passed"
	    id="spec_spec661"
	    title="OnboardingEngineService should call updateClient with id and updated object on reviewDocument"
	  />
	  Name "OnboardingEngineService should call updateClient with id and updated object on document submission":
	  <li
	    class="jasmine-passed"
	    id="spec_spec660"
	    title="OnboardingEngineService should call updateClient with id and updated object on document submission"
	  />
	  Name "PerformanceConfigService should return defaults when no config provided":
	  <li
	    class="jasmine-passed"
	    id="spec_spec662"
	    title="PerformanceConfigService should return defaults when no config provided"
	  />
	  Name "PerformanceConfigService should override defaults with provided config":
	  <li
	    class="jasmine-passed"
	    id="spec_spec663"
	    title="PerformanceConfigService should override defaults with provided config"
	  />
	  Name "PerformanceConfigService should merge profile-specific overrides":
	  <li
	    class="jasmine-passed"
	    id="spec_spec664"
	    title="PerformanceConfigService should merge profile-specific overrides"
	  />
	  Name "PerformanceConfigService getDelay/getTimeout should return numeric values from profile or defaults":
	  <li
	    class="jasmine-passed"
	    id="spec_spec665"
	    title="PerformanceConfigService getDelay/getTimeout should return numeric values from profile or defaults"
	  />
	  Name "DashboardComponent Accessibility Tests Content Accessibility should have accessible KPI cards":
	  <li
	    class="jasmine-passed"
	    id="spec_spec949"
	    title="DashboardComponent Accessibility Tests Content Accessibility should have accessible KPI cards"
	  />
	  Name "DashboardComponent Accessibility Tests Content Accessibility should use semantic HTML for content structure":
	  <li
	    class="jasmine-passed"
	    id="spec_spec951"
	    title="DashboardComponent Accessibility Tests Content Accessibility should use semantic HTML for content structure"
	  />
	  Name "DashboardComponent Accessibility Tests Content Accessibility should have accessible activity feed":
	  <li
	    class="jasmine-passed"
	    id="spec_spec950"
	    title="DashboardComponent Accessibility Tests Content Accessibility should have accessible activity feed"
	  />
	  Name "DashboardComponent Accessibility Tests Mobile and Touch Accessibility should have adequate touch target sizes":
	  <li
	    class="jasmine-passed"
	    id="spec_spec962"
	    title="DashboardComponent Accessibility Tests Mobile and Touch Accessibility should have adequate touch target sizes"
	  />
	  Name "DashboardComponent Accessibility Tests Mobile and Touch Accessibility should be responsive to viewport changes":
	  <li
	    class="jasmine-passed"
	    id="spec_spec963"
	    title="DashboardComponent Accessibility Tests Mobile and Touch Accessibility should be responsive to viewport changes"
	  />
	  Name "DashboardComponent Accessibility Tests Navigation Accessibility should have proper ARIA attributes for interactive elements":
	  <li
	    class="jasmine-failed"
	    id="spec_spec948"
	    title="DashboardComponent Accessibility Tests Navigation Accessibility should have proper ARIA attributes for interactive elements"
	  />
	  Name "DashboardComponent Accessibility Tests Navigation Accessibility should pass navigation accessibility tests":
	  <li
	    class="jasmine-failed"
	    id="spec_spec946"
	    title="DashboardComponent Accessibility Tests Navigation Accessibility should pass navigation accessibility tests"
	  />
	  Name "DashboardComponent Accessibility Tests Navigation Accessibility should have accessible navigation buttons":
	  <li
	    class="jasmine-passed"
	    id="spec_spec947"
	    title="DashboardComponent Accessibility Tests Navigation Accessibility should have accessible navigation buttons"
	  />
	  Name "DashboardComponent Accessibility Tests Basic Accessibility Compliance should have proper heading hierarchy":
	  <li
	    class="jasmine-failed"
	    id="spec_spec945"
	    title="DashboardComponent Accessibility Tests Basic Accessibility Compliance should have proper heading hierarchy"
	  />
	  Name "DashboardComponent Accessibility Tests Basic Accessibility Compliance should pass automated accessibility tests":
	  <li
	    class="jasmine-failed"
	    id="spec_spec943"
	    title="DashboardComponent Accessibility Tests Basic Accessibility Compliance should pass automated accessibility tests"
	  />
	  Name "DashboardComponent Accessibility Tests Basic Accessibility Compliance should have proper document structure":
	  <li
	    class="jasmine-passed"
	    id="spec_spec944"
	    title="DashboardComponent Accessibility Tests Basic Accessibility Compliance should have proper document structure"
	  />
	  Name "DashboardComponent Accessibility Tests Visual and Interaction Accessibility should have sufficient focus indicators":
	  <li
	    class="jasmine-passed"
	    id="spec_spec955"
	    title="DashboardComponent Accessibility Tests Visual and Interaction Accessibility should have sufficient focus indicators"
	  />
	  Name "DashboardComponent Accessibility Tests Visual and Interaction Accessibility should not rely solely on color to convey information":
	  <li
	    class="jasmine-empty"
	    id="spec_spec954"
	    title="DashboardComponent Accessibility Tests Visual and Interaction Accessibility should not rely solely on color to convey information"
	  />
	  Name "DashboardComponent Accessibility Tests Form and Input Accessibility should handle form validation accessibly":
	  <li
	    class="jasmine-empty"
	    id="spec_spec953"
	    title="DashboardComponent Accessibility Tests Form and Input Accessibility should handle form validation accessibly"
	  />
	  Name "DashboardComponent Accessibility Tests Form and Input Accessibility should have accessible form controls if any":
	  <li
	    class="jasmine-empty"
	    id="spec_spec952"
	    title="DashboardComponent Accessibility Tests Form and Input Accessibility should have accessible form controls if any"
	  />
	  Name "DashboardComponent Accessibility Tests DashboardComponent should be accessible":
	  <li
	    class="jasmine-failed"
	    id="spec_spec964"
	    title="DashboardComponent Accessibility Tests DashboardComponent should be accessible"
	  />
	  Name "DashboardComponent Accessibility Tests Keyboard Navigation should support keyboard navigation":
	  <li
	    class="jasmine-passed"
	    id="spec_spec959"
	    title="DashboardComponent Accessibility Tests Keyboard Navigation should support keyboard navigation"
	  />
	  Name "DashboardComponent Accessibility Tests Keyboard Navigation should have logical tab order":
	  <li
	    class="jasmine-passed"
	    id="spec_spec960"
	    title="DashboardComponent Accessibility Tests Keyboard Navigation should have logical tab order"
	  />
	  Name "DashboardComponent Accessibility Tests Keyboard Navigation should handle keyboard interactions properly":
	  <li
	    class="jasmine-empty"
	    id="spec_spec961"
	    title="DashboardComponent Accessibility Tests Keyboard Navigation should handle keyboard interactions properly"
	  />
	  Name "DashboardComponent Accessibility Tests DashboardComponent should have no accessibility violations":
	  <li
	    class="jasmine-failed"
	    id="spec_spec965"
	    title="DashboardComponent Accessibility Tests DashboardComponent should have no accessibility violations"
	  />
	  Name "DashboardComponent Accessibility Tests Screen Reader Support should provide meaningful page title and headings":
	  <li
	    class="jasmine-passed"
	    id="spec_spec956"
	    title="DashboardComponent Accessibility Tests Screen Reader Support should provide meaningful page title and headings"
	  />
	  Name "DashboardComponent Accessibility Tests Screen Reader Support should have proper landmark regions":
	  <li
	    class="jasmine-passed"
	    id="spec_spec957"
	    title="DashboardComponent Accessibility Tests Screen Reader Support should have proper landmark regions"
	  />
	  Name "DashboardComponent Accessibility Tests Screen Reader Support should provide context for dynamic content":
	  <li
	    class="jasmine-passed"
	    id="spec_spec958"
	    title="DashboardComponent Accessibility Tests Screen Reader Support should provide context for dynamic content"
	  />
	  Name "DashboardComponent Accessibility Tests DashboardComponent interactive elements should be keyboard accessible":
	  <li
	    class="jasmine-passed"
	    id="spec_spec966"
	    title="DashboardComponent Accessibility Tests DashboardComponent interactive elements should be keyboard accessible"
	  />
	  Name "DashboardComponent Accessibility Tests DashboardComponent form controls should have labels":
	  <li
	    class="jasmine-empty"
	    id="spec_spec967"
	    title="DashboardComponent Accessibility Tests DashboardComponent form controls should have labels"
	  />
	  Name "CotizadorEngineService Financial Summary Calculations should calculate total interest":
	  <li
	    class="jasmine-passed"
	    id="spec_spec289"
	    title="CotizadorEngineService Financial Summary Calculations should calculate total interest"
	  />
	  Name "CotizadorEngineService Financial Summary Calculations should generate financial summary":
	  <li
	    class="jasmine-passed"
	    id="spec_spec290"
	    title="CotizadorEngineService Financial Summary Calculations should generate financial summary"
	  />
	  Name "CotizadorEngineService Balance Calculations should calculate balance for interest-bearing loan":
	  <li
	    class="jasmine-failed"
	    id="spec_spec271"
	    title="CotizadorEngineService Balance Calculations should calculate balance for interest-bearing loan"
	  />
	  Name "CotizadorEngineService Balance Calculations should calculate balance for zero interest loan":
	  <li
	    class="jasmine-passed"
	    id="spec_spec270"
	    title="CotizadorEngineService Balance Calculations should calculate balance for zero interest loan"
	  />
	  Name "CotizadorEngineService Balance Calculations should handle edge case with zero principal":
	  <li
	    class="jasmine-passed"
	    id="spec_spec274"
	    title="CotizadorEngineService Balance Calculations should handle edge case with zero principal"
	  />
	  Name "CotizadorEngineService Balance Calculations should handle no payments made":
	  <li
	    class="jasmine-passed"
	    id="spec_spec273"
	    title="CotizadorEngineService Balance Calculations should handle no payments made"
	  />
	  Name "CotizadorEngineService Balance Calculations should return zero when all payments made":
	  <li
	    class="jasmine-passed"
	    id="spec_spec272"
	    title="CotizadorEngineService Balance Calculations should return zero when all payments made"
	  />
	  Name "CotizadorEngineService Market-Specific Business Rules should apply EdoMex individual rules":
	  <li
	    class="jasmine-passed"
	    id="spec_spec292"
	    title="CotizadorEngineService Market-Specific Business Rules should apply EdoMex individual rules"
	  />
	  Name "CotizadorEngineService Market-Specific Business Rules should apply Aguascalientes rules":
	  <li
	    class="jasmine-passed"
	    id="spec_spec291"
	    title="CotizadorEngineService Market-Specific Business Rules should apply Aguascalientes rules"
	  />
	  Name "CotizadorEngineService Market-Specific Business Rules should use fallback rules for unknown market":
	  <li
	    class="jasmine-passed"
	    id="spec_spec294"
	    title="CotizadorEngineService Market-Specific Business Rules should use fallback rules for unknown market"
	  />
	  Name "CotizadorEngineService Market-Specific Business Rules should apply EdoMex collective rules":
	  <li
	    class="jasmine-passed"
	    id="spec_spec293"
	    title="CotizadorEngineService Market-Specific Business Rules should apply EdoMex collective rules"
	  />
	  Name "CotizadorEngineService Service Initialization should be created":
	  <li
	    class="jasmine-passed"
	    id="spec_spec259"
	    title="CotizadorEngineService Service Initialization should be created"
	  />
	  Name "CotizadorEngineService Package Price Calculation should skip optional components not selected":
	  <li
	    class="jasmine-passed"
	    id="spec_spec268"
	    title="CotizadorEngineService Package Price Calculation should skip optional components not selected"
	  />
	  Name "CotizadorEngineService Package Price Calculation should handle package with no components":
	  <li
	    class="jasmine-passed"
	    id="spec_spec269"
	    title="CotizadorEngineService Package Price Calculation should handle package with no components"
	  />
	  Name "CotizadorEngineService Package Price Calculation should calculate basic package price without optionals":
	  <li
	    class="jasmine-passed"
	    id="spec_spec264"
	    title="CotizadorEngineService Package Price Calculation should calculate basic package price without optionals"
	  />
	  Name "CotizadorEngineService Package Price Calculation should calculate package price with selected optionals":
	  <li
	    class="jasmine-passed"
	    id="spec_spec265"
	    title="CotizadorEngineService Package Price Calculation should calculate package price with selected optionals"
	  />
	  Name "CotizadorEngineService Package Price Calculation should multiply term-based components by years":
	  <li
	    class="jasmine-passed"
	    id="spec_spec266"
	    title="CotizadorEngineService Package Price Calculation should multiply term-based components by years"
	  />
	  Name "CotizadorEngineService Package Price Calculation should handle 60-month terms correctly":
	  <li
	    class="jasmine-passed"
	    id="spec_spec267"
	    title="CotizadorEngineService Package Price Calculation should handle 60-month terms correctly"
	  />
	  Name "CotizadorEngineService Legacy Quote Generation should generate basic quote":
	  <li
	    class="jasmine-passed"
	    id="spec_spec279"
	    title="CotizadorEngineService Legacy Quote Generation should generate basic quote"
	  />
	  Name "CotizadorEngineService Product Package Management should get Aguascalientes plazo package":
	  <li
	    class="jasmine-passed"
	    id="spec_spec260"
	    title="CotizadorEngineService Product Package Management should get Aguascalientes plazo package"
	  />
	  Name "CotizadorEngineService Product Package Management should get EdoMex colectivo package":
	  <li
	    class="jasmine-passed"
	    id="spec_spec261"
	    title="CotizadorEngineService Product Package Management should get EdoMex colectivo package"
	  />
	  Name "CotizadorEngineService Product Package Management should get EdoMex directa package":
	  <li
	    class="jasmine-passed"
	    id="spec_spec262"
	    title="CotizadorEngineService Product Package Management should get EdoMex directa package"
	  />
	  Name "CotizadorEngineService Product Package Management should handle unknown market gracefully":
	  <li
	    class="jasmine-passed"
	    id="spec_spec263"
	    title="CotizadorEngineService Product Package Management should handle unknown market gracefully"
	  />
	  Name "CotizadorEngineService Quote Generation with Package should handle direct sale (rate = 0)":
	  <li
	    class="jasmine-passed"
	    id="spec_spec278"
	    title="CotizadorEngineService Quote Generation with Package should handle direct sale (rate = 0)"
	  />
	  Name "CotizadorEngineService Quote Generation with Package should determine client type from package data":
	  <li
	    class="jasmine-passed"
	    id="spec_spec277"
	    title="CotizadorEngineService Quote Generation with Package should determine client type from package data"
	  />
	  Name "CotizadorEngineService Quote Generation with Package should generate quote with custom down payment":
	  <li
	    class="jasmine-passed"
	    id="spec_spec276"
	    title="CotizadorEngineService Quote Generation with Package should generate quote with custom down payment"
	  />
	  Name "CotizadorEngineService Quote Generation with Package should generate quote with minimum down payment":
	  <li
	    class="jasmine-passed"
	    id="spec_spec275"
	    title="CotizadorEngineService Quote Generation with Package should generate quote with minimum down payment"
	  />
	  Name "CotizadorEngineService Configuration Validation should validate EdoMex individual requirements":
	  <li
	    class="jasmine-passed"
	    id="spec_spec287"
	    title="CotizadorEngineService Configuration Validation should validate EdoMex individual requirements"
	  />
	  Name "CotizadorEngineService Configuration Validation should validate EdoMex collective requirements":
	  <li
	    class="jasmine-passed"
	    id="spec_spec288"
	    title="CotizadorEngineService Configuration Validation should validate EdoMex collective requirements"
	  />
	  Name "CotizadorEngineService Configuration Validation should validate correct configuration":
	  <li
	    class="jasmine-passed"
	    id="spec_spec282"
	    title="CotizadorEngineService Configuration Validation should validate correct configuration"
	  />
	  Name "CotizadorEngineService Configuration Validation should reject invalid term":
	  <li
	    class="jasmine-passed"
	    id="spec_spec284"
	    title="CotizadorEngineService Configuration Validation should reject invalid term"
	  />
	  Name "CotizadorEngineService Configuration Validation should reject down payment equal to total price":
	  <li
	    class="jasmine-passed"
	    id="spec_spec286"
	    title="CotizadorEngineService Configuration Validation should reject down payment equal to total price"
	  />
	  Name "CotizadorEngineService Configuration Validation should reject insufficient down payment":
	  <li
	    class="jasmine-passed"
	    id="spec_spec283"
	    title="CotizadorEngineService Configuration Validation should reject insufficient down payment"
	  />
	  Name "CotizadorEngineService Configuration Validation should reject zero or negative price":
	  <li
	    class="jasmine-passed"
	    id="spec_spec285"
	    title="CotizadorEngineService Configuration Validation should reject zero or negative price"
	  />
	  Name "CotizadorEngineService Amortization Table Generation should generate complete amortization table":
	  <li
	    class="jasmine-passed"
	    id="spec_spec280"
	    title="CotizadorEngineService Amortization Table Generation should generate complete amortization table"
	  />
	  Name "CotizadorEngineService Amortization Table Generation should have decreasing balance over time":
	  <li
	    class="jasmine-passed"
	    id="spec_spec281"
	    title="CotizadorEngineService Amortization Table Generation should have decreasing balance over time"
	  />
	  Name "NavigationService Page Title Management should get current page title":
	  <li
	    class="jasmine-passed"
	    id="spec_spec596"
	    title="NavigationService Page Title Management should get current page title"
	  />
	  Name "NavigationService Page Title Management should set page title dynamically":
	  <li
	    class="jasmine-passed"
	    id="spec_spec597"
	    title="NavigationService Page Title Management should set page title dynamically"
	  />
	  Name "NavigationService Navigation Methods should navigate to specified route":
	  <li
	    class="jasmine-passed"
	    id="spec_spec587"
	    title="NavigationService Navigation Methods should navigate to specified route"
	  />
	  Name "NavigationService Navigation Methods should navigate with query parameters":
	  <li
	    class="jasmine-passed"
	    id="spec_spec588"
	    title="NavigationService Navigation Methods should navigate with query parameters"
	  />
	  Name "NavigationService Navigation Methods should navigate home":
	  <li
	    class="jasmine-passed"
	    id="spec_spec589"
	    title="NavigationService Navigation Methods should navigate home"
	  />
	  Name "NavigationService Service Initialization should be created":
	  <li
	    class="jasmine-passed"
	    id="spec_spec585"
	    title="NavigationService Service Initialization should be created"
	  />
	  Name "NavigationService Service Initialization should initialize with default navigation state":
	  <li
	    class="jasmine-failed"
	    id="spec_spec586"
	    title="NavigationService Service Initialization should initialize with default navigation state"
	  />
	  Name "NavigationService Breadcrumbs Management should set breadcrumbs dynamically":
	  <li
	    class="jasmine-passed"
	    id="spec_spec599"
	    title="NavigationService Breadcrumbs Management should set breadcrumbs dynamically"
	  />
	  Name "NavigationService Breadcrumbs Management should get current breadcrumbs":
	  <li
	    class="jasmine-passed"
	    id="spec_spec598"
	    title="NavigationService Breadcrumbs Management should get current breadcrumbs"
	  />
	  Name "NavigationService Back Button Visibility should hide back button for dashboard":
	  <li
	    class="jasmine-passed"
	    id="spec_spec601"
	    title="NavigationService Back Button Visibility should hide back button for dashboard"
	  />
	  Name "NavigationService Back Button Visibility should set back button visibility dynamically":
	  <li
	    class="jasmine-passed"
	    id="spec_spec602"
	    title="NavigationService Back Button Visibility should set back button visibility dynamically"
	  />
	  Name "NavigationService Back Button Visibility should show back button for configured routes":
	  <li
	    class="jasmine-passed"
	    id="spec_spec600"
	    title="NavigationService Back Button Visibility should show back button for configured routes"
	  />
	  Name "NavigationService Navigation State Updates should handle unknown routes with default config":
	  <li
	    class="jasmine-passed"
	    id="spec_spec594"
	    title="NavigationService Navigation State Updates should handle unknown routes with default config"
	  />
	  Name "NavigationService Navigation State Updates should maintain route history with max length":
	  <li
	    class="jasmine-passed"
	    id="spec_spec595"
	    title="NavigationService Navigation State Updates should maintain route history with max length"
	  />
	  Name "NavigationService Navigation State Updates should update navigation state when route changes":
	  <li
	    class="jasmine-passed"
	    id="spec_spec593"
	    title="NavigationService Navigation State Updates should update navigation state when route changes"
	  />
	  Name "NavigationService Navigation History Management should get navigation history":
	  <li
	    class="jasmine-passed"
	    id="spec_spec616"
	    title="NavigationService Navigation History Management should get navigation history"
	  />
	  Name "NavigationService Navigation History Management should clear navigation history":
	  <li
	    class="jasmine-passed"
	    id="spec_spec617"
	    title="NavigationService Navigation History Management should clear navigation history"
	  />
	  Name "NavigationService Back Navigation should navigate to dashboard when no history available":
	  <li
	    class="jasmine-passed"
	    id="spec_spec592"
	    title="NavigationService Back Navigation should navigate to dashboard when no history available"
	  />
	  Name "NavigationService Back Navigation should use browser back when no route history and history exists":
	  <li
	    class="jasmine-passed"
	    id="spec_spec591"
	    title="NavigationService Back Navigation should use browser back when no route history and history exists"
	  />
	  Name "NavigationService Back Navigation should navigate back using route history":
	  <li
	    class="jasmine-passed"
	    id="spec_spec590"
	    title="NavigationService Back Navigation should navigate back using route history"
	  />
	  Name "NavigationService Quick Actions should execute quick action with custom function":
	  <li
	    class="jasmine-passed"
	    id="spec_spec609"
	    title="NavigationService Quick Actions should execute quick action with custom function"
	  />
	  Name "NavigationService Quick Actions should get quick actions for clientes":
	  <li
	    class="jasmine-passed"
	    id="spec_spec606"
	    title="NavigationService Quick Actions should get quick actions for clientes"
	  />
	  Name "NavigationService Quick Actions should execute quick action with route":
	  <li
	    class="jasmine-passed"
	    id="spec_spec608"
	    title="NavigationService Quick Actions should execute quick action with route"
	  />
	  Name "NavigationService Quick Actions should get quick actions for simulador":
	  <li
	    class="jasmine-passed"
	    id="spec_spec605"
	    title="NavigationService Quick Actions should get quick actions for simulador"
	  />
	  Name "NavigationService Quick Actions should return empty actions for unknown routes":
	  <li
	    class="jasmine-passed"
	    id="spec_spec607"
	    title="NavigationService Quick Actions should return empty actions for unknown routes"
	  />
	  Name "NavigationService Quick Actions should get quick actions for dashboard":
	  <li
	    class="jasmine-passed"
	    id="spec_spec603"
	    title="NavigationService Quick Actions should get quick actions for dashboard"
	  />
	  Name "NavigationService Quick Actions should get quick actions for cotizador":
	  <li
	    class="jasmine-passed"
	    id="spec_spec604"
	    title="NavigationService Quick Actions should get quick actions for cotizador"
	  />
	  Name "NavigationService Route Configuration should handle nested routes correctly":
	  <li
	    class="jasmine-passed"
	    id="spec_spec618"
	    title="NavigationService Route Configuration should handle nested routes correctly"
	  />
	  Name "NavigationService Route Configuration should handle simulador nested routes":
	  <li
	    class="jasmine-passed"
	    id="spec_spec619"
	    title="NavigationService Route Configuration should handle simulador nested routes"
	  />
	  Name "NavigationService Route Configuration should handle all configured main routes":
	  <li
	    class="jasmine-failed"
	    id="spec_spec620"
	    title="NavigationService Route Configuration should handle all configured main routes"
	  />
	  Name "NavigationService Route Matching should match exact route":
	  <li
	    class="jasmine-passed"
	    id="spec_spec610"
	    title="NavigationService Route Matching should match exact route"
	  />
	  Name "NavigationService Route Matching should not match non-matching wildcard":
	  <li
	    class="jasmine-passed"
	    id="spec_spec613"
	    title="NavigationService Route Matching should not match non-matching wildcard"
	  />
	  Name "NavigationService Route Matching should match wildcard pattern":
	  <li
	    class="jasmine-passed"
	    id="spec_spec612"
	    title="NavigationService Route Matching should match wildcard pattern"
	  />
	  Name "NavigationService Route Matching should not match different route":
	  <li
	    class="jasmine-passed"
	    id="spec_spec611"
	    title="NavigationService Route Matching should not match different route"
	  />
	  Name "NavigationService Route Parameters should get query parameters":
	  <li
	    class="jasmine-failed"
	    id="spec_spec615"
	    title="NavigationService Route Parameters should get query parameters"
	  />
	  Name "NavigationService Route Parameters should get route parameters":
	  <li
	    class="jasmine-failed"
	    id="spec_spec614"
	    title="NavigationService Route Parameters should get route parameters"
	  />
	  Name "PostSalesApiService getPostSalesRecord should return null for non-existent VIN":
	  <li
	    class="jasmine-passed"
	    id="spec_spec670"
	    title="PostSalesApiService getPostSalesRecord should return null for non-existent VIN"
	  />
	  Name "PostSalesApiService getPostSalesRecord should retrieve post-sales record by VIN":
	  <li
	    class="jasmine-failed"
	    id="spec_spec669"
	    title="PostSalesApiService getPostSalesRecord should retrieve post-sales record by VIN"
	  />
	  Name "PostSalesApiService recordClientContact should record client contact successfully":
	  <li
	    class="jasmine-passed"
	    id="spec_spec672"
	    title="PostSalesApiService recordClientContact should record client contact successfully"
	  />
	  Name "PostSalesApiService scheduleMaintenanceService should schedule maintenance service successfully":
	  <li
	    class="jasmine-passed"
	    id="spec_spec671"
	    title="PostSalesApiService scheduleMaintenanceService should schedule maintenance service successfully"
	  />
	  Name "PostSalesApiService sendVehicleDeliveredEvent should handle error when sending vehicle delivered event":
	  <li
	    class="jasmine-passed"
	    id="spec_spec668"
	    title="PostSalesApiService sendVehicleDeliveredEvent should handle error when sending vehicle delivered event"
	  />
	  Name "PostSalesApiService sendVehicleDeliveredEvent should send vehicle delivered event successfully":
	  <li
	    class="jasmine-passed"
	    id="spec_spec667"
	    title="PostSalesApiService sendVehicleDeliveredEvent should send vehicle delivered event successfully"
	  />
	  Name "PostSalesApiService should be created":
	  <li
	    class="jasmine-passed"
	    id="spec_spec666"
	    title="PostSalesApiService should be created"
	  />
	  Name "SimuladorEngineService AGS Liquidation Scenario should generate basic liquidation scenario":
	  <li
	    class="jasmine-passed"
	    id="spec_spec721"
	    title="SimuladorEngineService AGS Liquidation Scenario should generate basic liquidation scenario"
	  />
	  Name "SimuladorEngineService AGS Liquidation Scenario should calculate projected balance correctly":
	  <li
	    class="jasmine-passed"
	    id="spec_spec722"
	    title="SimuladorEngineService AGS Liquidation Scenario should calculate projected balance correctly"
	  />
	  Name "SimuladorEngineService AGS Liquidation Scenario should generate timeline events correctly":
	  <li
	    class="jasmine-passed"
	    id="spec_spec723"
	    title="SimuladorEngineService AGS Liquidation Scenario should generate timeline events correctly"
	  />
	  Name "SimuladorEngineService AGS Liquidation Scenario should handle single plate scenario":
	  <li
	    class="jasmine-passed"
	    id="spec_spec725"
	    title="SimuladorEngineService AGS Liquidation Scenario should handle single plate scenario"
	  />
	  Name "SimuladorEngineService AGS Liquidation Scenario should handle zero consumption scenario":
	  <li
	    class="jasmine-passed"
	    id="spec_spec724"
	    title="SimuladorEngineService AGS Liquidation Scenario should handle zero consumption scenario"
	  />
	  Name "SimuladorEngineService Service Initialization should be created":
	  <li
	    class="jasmine-passed"
	    id="spec_spec720"
	    title="SimuladorEngineService Service Initialization should be created"
	  />
	  Name "SimuladorEngineService Edge Cases and Error Handling should handle zero member count in collective scenario":
	  <li
	    class="jasmine-passed"
	    id="spec_spec750"
	    title="SimuladorEngineService Edge Cases and Error Handling should handle zero member count in collective scenario"
	  />
	  Name "SimuladorEngineService Edge Cases and Error Handling should handle very large target amounts":
	  <li
	    class="jasmine-passed"
	    id="spec_spec749"
	    title="SimuladorEngineService Edge Cases and Error Handling should handle very large target amounts"
	  />
	  Name "SimuladorEngineService Edge Cases and Error Handling should handle zero target amount in AGS scenario":
	  <li
	    class="jasmine-passed"
	    id="spec_spec747"
	    title="SimuladorEngineService Edge Cases and Error Handling should handle zero target amount in AGS scenario"
	  />
	  Name "SimuladorEngineService Edge Cases and Error Handling should handle zero consumption in individual scenario":
	  <li
	    class="jasmine-passed"
	    id="spec_spec748"
	    title="SimuladorEngineService Edge Cases and Error Handling should handle zero consumption in individual scenario"
	  />
	  Name "SimuladorEngineService Comparison Scenarios should generate comparison scenarios with parameter variations":
	  <li
	    class="jasmine-passed"
	    id="spec_spec740"
	    title="SimuladorEngineService Comparison Scenarios should generate comparison scenarios with parameter variations"
	  />
	  Name "SimuladorEngineService Comparison Scenarios should preserve other parameters when varying specific ones":
	  <li
	    class="jasmine-passed"
	    id="spec_spec741"
	    title="SimuladorEngineService Comparison Scenarios should preserve other parameters when varying specific ones"
	  />
	  Name "SimuladorEngineService Comparison Scenarios should handle empty variations array":
	  <li
	    class="jasmine-passed"
	    id="spec_spec742"
	    title="SimuladorEngineService Comparison Scenarios should handle empty variations array"
	  />
	  Name "SimuladorEngineService Senior-First Formatting should format key numbers correctly":
	  <li
	    class="jasmine-passed"
	    id="spec_spec744"
	    title="SimuladorEngineService Senior-First Formatting should format key numbers correctly"
	  />
	  Name "SimuladorEngineService Senior-First Formatting should format scenario summary for seniors":
	  <li
	    class="jasmine-passed"
	    id="spec_spec743"
	    title="SimuladorEngineService Senior-First Formatting should format scenario summary for seniors"
	  />
	  Name "SimuladorEngineService Senior-First Formatting should format timeline with limited events":
	  <li
	    class="jasmine-passed"
	    id="spec_spec745"
	    title="SimuladorEngineService Senior-First Formatting should format timeline with limited events"
	  />
	  Name "SimuladorEngineService Senior-First Formatting should limit timeline to first 5 events":
	  <li
	    class="jasmine-passed"
	    id="spec_spec746"
	    title="SimuladorEngineService Senior-First Formatting should limit timeline to first 5 events"
	  />
	  Name "SimuladorEngineService EdoMex Individual Scenario should generate individual savings scenario":
	  <li
	    class="jasmine-passed"
	    id="spec_spec726"
	    title="SimuladorEngineService EdoMex Individual Scenario should generate individual savings scenario"
	  />
	  Name "SimuladorEngineService EdoMex Individual Scenario should generate progressive balance projection":
	  <li
	    class="jasmine-passed"
	    id="spec_spec728"
	    title="SimuladorEngineService EdoMex Individual Scenario should generate progressive balance projection"
	  />
	  Name "SimuladorEngineService EdoMex Individual Scenario should handle zero voluntary contribution":
	  <li
	    class="jasmine-passed"
	    id="spec_spec729"
	    title="SimuladorEngineService EdoMex Individual Scenario should handle zero voluntary contribution"
	  />
	  Name "SimuladorEngineService EdoMex Individual Scenario should calculate months to target correctly":
	  <li
	    class="jasmine-passed"
	    id="spec_spec727"
	    title="SimuladorEngineService EdoMex Individual Scenario should calculate months to target correctly"
	  />
	  Name "SimuladorEngineService EdoMex Individual Scenario should create timeline with milestone":
	  <li
	    class="jasmine-passed"
	    id="spec_spec730"
	    title="SimuladorEngineService EdoMex Individual Scenario should create timeline with milestone"
	  />
	  Name "SimuladorEngineService Scenario Optimization should handle unknown scenario type":
	  <li
	    class="jasmine-passed"
	    id="spec_spec739"
	    title="SimuladorEngineService Scenario Optimization should handle unknown scenario type"
	  />
	  Name "SimuladorEngineService Scenario Optimization should optimize EdoMex individual scenario":
	  <li
	    class="jasmine-passed"
	    id="spec_spec737"
	    title="SimuladorEngineService Scenario Optimization should optimize EdoMex individual scenario"
	  />
	  Name "SimuladorEngineService Scenario Optimization should optimize AGS liquidation scenario":
	  <li
	    class="jasmine-passed"
	    id="spec_spec736"
	    title="SimuladorEngineService Scenario Optimization should optimize AGS liquidation scenario"
	  />
	  Name "SimuladorEngineService Scenario Optimization should optimize EdoMex collective scenario":
	  <li
	    class="jasmine-passed"
	    id="spec_spec738"
	    title="SimuladorEngineService Scenario Optimization should optimize EdoMex collective scenario"
	  />
	  Name "SimuladorEngineService EdoMex Collective Scenario should handle missing first award timing":
	  <li
	    class="jasmine-passed"
	    id="spec_spec735"
	    title="SimuladorEngineService EdoMex Collective Scenario should handle missing first award timing"
	  />
	  Name "SimuladorEngineService EdoMex Collective Scenario should use first award timing from tanda simulation":
	  <li
	    class="jasmine-passed"
	    id="spec_spec734"
	    title="SimuladorEngineService EdoMex Collective Scenario should use first award timing from tanda simulation"
	  />
	  Name "SimuladorEngineService EdoMex Collective Scenario should calculate total savings target based on member count":
	  <li
	    class="jasmine-passed"
	    id="spec_spec733"
	    title="SimuladorEngineService EdoMex Collective Scenario should calculate total savings target based on member count"
	  />
	  Name "SimuladorEngineService EdoMex Collective Scenario should generate collective scenario with tanda integration":
	  <li
	    class="jasmine-passed"
	    id="spec_spec731"
	    title="SimuladorEngineService EdoMex Collective Scenario should generate collective scenario with tanda integration"
	  />
	  Name "SimuladorEngineService EdoMex Collective Scenario should calculate individual contributions correctly":
	  <li
	    class="jasmine-passed"
	    id="spec_spec732"
	    title="SimuladorEngineService EdoMex Collective Scenario should calculate individual contributions correctly"
	  />
	  Name "DataService Search Functionality should return empty results for non-matching search":
	  <li
	    class="jasmine-passed"
	    id="spec_spec351"
	    title="DataService Search Functionality should return empty results for non-matching search"
	  />
	  Name "DataService Search Functionality should perform global search":
	  <li
	    class="jasmine-passed"
	    id="spec_spec350"
	    title="DataService Search Functionality should perform global search"
	  />
	  Name "DataService Dashboard Statistics should get dashboard stats":
	  <li
	    class="jasmine-passed"
	    id="spec_spec352"
	    title="DataService Dashboard Statistics should get dashboard stats"
	  />
	  Name "DataService Data Refresh should refresh data":
	  <li
	    class="jasmine-passed"
	    id="spec_spec359"
	    title="DataService Data Refresh should refresh data"
	  />
	  Name "DataService Data Export should export scenarios":
	  <li
	    class="jasmine-failed"
	    id="spec_spec356"
	    title="DataService Data Export should export scenarios"
	  />
	  Name "DataService Data Export should export all data":
	  <li
	    class="jasmine-passed"
	    id="spec_spec355"
	    title="DataService Data Export should export all data"
	  />
	  Name "DataService Data Export should export clients as CSV":
	  <li
	    class="jasmine-passed"
	    id="spec_spec354"
	    title="DataService Data Export should export clients as CSV"
	  />
	  Name "DataService Data Export should export clients as JSON":
	  <li
	    class="jasmine-passed"
	    id="spec_spec353"
	    title="DataService Data Export should export clients as JSON"
	  />
	  Name "DataService Client Management should delete client":
	  <li
	    class="jasmine-failed"
	    id="spec_spec341"
	    title="DataService Client Management should delete client"
	  />
	  Name "DataService Client Management should handle delete of non-existent client":
	  <li
	    class="jasmine-passed"
	    id="spec_spec342"
	    title="DataService Client Management should handle delete of non-existent client"
	  />
	  Name "DataService Client Management should handle update of non-existent client":
	  <li
	    class="jasmine-passed"
	    id="spec_spec340"
	    title="DataService Client Management should handle update of non-existent client"
	  />
	  Name "DataService Client Management should return null for non-existent client ID":
	  <li
	    class="jasmine-passed"
	    id="spec_spec338"
	    title="DataService Client Management should return null for non-existent client ID"
	  />
	  Name "DataService Client Management should create a new client":
	  <li
	    class="jasmine-passed"
	    id="spec_spec336"
	    title="DataService Client Management should create a new client"
	  />
	  Name "DataService Client Management should update existing client":
	  <li
	    class="jasmine-failed"
	    id="spec_spec339"
	    title="DataService Client Management should update existing client"
	  />
	  Name "DataService Client Management should get client by ID":
	  <li
	    class="jasmine-passed"
	    id="spec_spec337"
	    title="DataService Client Management should get client by ID"
	  />
	  Name "DataService Private Helper Methods should apply sorting correctly":
	  <li
	    class="jasmine-passed"
	    id="spec_spec361"
	    title="DataService Private Helper Methods should apply sorting correctly"
	  />
	  Name "DataService Private Helper Methods should convert data to CSV":
	  <li
	    class="jasmine-passed"
	    id="spec_spec362"
	    title="DataService Private Helper Methods should convert data to CSV"
	  />
	  Name "DataService Private Helper Methods should handle empty array in CSV conversion":
	  <li
	    class="jasmine-passed"
	    id="spec_spec363"
	    title="DataService Private Helper Methods should handle empty array in CSV conversion"
	  />
	  Name "DataService Private Helper Methods should apply filters correctly":
	  <li
	    class="jasmine-failed"
	    id="spec_spec360"
	    title="DataService Private Helper Methods should apply filters correctly"
	  />
	  Name "DataService Private Helper Methods should handle CSV values with commas":
	  <li
	    class="jasmine-passed"
	    id="spec_spec364"
	    title="DataService Private Helper Methods should handle CSV values with commas"
	  />
	  Name "DataService Service Initialization should be created":
	  <li
	    class="jasmine-passed"
	    id="spec_spec334"
	    title="DataService Service Initialization should be created"
	  />
	  Name "DataService Service Initialization should initialize with demo data":
	  <li
	    class="jasmine-passed"
	    id="spec_spec335"
	    title="DataService Service Initialization should initialize with demo data"
	  />
	  Name "DataService Scenario Management should save new scenario":
	  <li
	    class="jasmine-passed"
	    id="spec_spec347"
	    title="DataService Scenario Management should save new scenario"
	  />
	  Name "DataService Scenario Management should get scenarios by client":
	  <li
	    class="jasmine-passed"
	    id="spec_spec349"
	    title="DataService Scenario Management should get scenarios by client"
	  />
	  Name "DataService Scenario Management should update existing scenario":
	  <li
	    class="jasmine-passed"
	    id="spec_spec348"
	    title="DataService Scenario Management should update existing scenario"
	  />
	  Name "DataService Client Pagination and Filtering should handle empty pagination results":
	  <li
	    class="jasmine-passed"
	    id="spec_spec344"
	    title="DataService Client Pagination and Filtering should handle empty pagination results"
	  />
	  Name "DataService Client Pagination and Filtering should get paginated clients":
	  <li
	    class="jasmine-passed"
	    id="spec_spec343"
	    title="DataService Client Pagination and Filtering should get paginated clients"
	  />
	  Name "DataService Client Pagination and Filtering should sort clients by name":
	  <li
	    class="jasmine-passed"
	    id="spec_spec346"
	    title="DataService Client Pagination and Filtering should sort clients by name"
	  />
	  Name "DataService Client Pagination and Filtering should filter clients by status":
	  <li
	    class="jasmine-passed"
	    id="spec_spec345"
	    title="DataService Client Pagination and Filtering should filter clients by status"
	  />
	  Name "DataService Error Handling should handle errors in client creation":
	  <li
	    class="jasmine-passed"
	    id="spec_spec357"
	    title="DataService Error Handling should handle errors in client creation"
	  />
	  Name "DataService Error Handling should clear errors":
	  <li
	    class="jasmine-passed"
	    id="spec_spec358"
	    title="DataService Error Handling should clear errors"
	  />
	  Name "StorageService Utility Methods should get storage statistics":
	  <li
	    class="jasmine-failed"
	    id="spec_spec773"
	    title="StorageService Utility Methods should get storage statistics"
	  />
	  Name "StorageService Utility Methods should clear cache":
	  <li
	    class="jasmine-failed"
	    id="spec_spec772"
	    title="StorageService Utility Methods should clear cache"
	  />
	  Name "StorageService Client Data Management should handle client data errors":
	  <li
	    class="jasmine-failed"
	    id="spec_spec761"
	    title="StorageService Client Data Management should handle client data errors"
	  />
	  Name "StorageService Client Data Management should return null for non-existent client":
	  <li
	    class="jasmine-failed"
	    id="spec_spec759"
	    title="StorageService Client Data Management should return null for non-existent client"
	  />
	  Name "StorageService Client Data Management should get clients by ecosystem":
	  <li
	    class="jasmine-failed"
	    id="spec_spec760"
	    title="StorageService Client Data Management should get clients by ecosystem"
	  />
	  Name "StorageService Client Data Management should save client data successfully":
	  <li
	    class="jasmine-failed"
	    id="spec_spec757"
	    title="StorageService Client Data Management should save client data successfully"
	  />
	  Name "StorageService Client Data Management should get client data by ID":
	  <li
	    class="jasmine-failed"
	    id="spec_spec758"
	    title="StorageService Client Data Management should get client data by ID"
	  />
	  Name "StorageService Error Handling should handle transaction errors":
	  <li
	    class="jasmine-failed"
	    id="spec_spec775"
	    title="StorageService Error Handling should handle transaction errors"
	  />
	  Name "StorageService Error Handling should throw error when database not initialized":
	  <li
	    class="jasmine-failed"
	    id="spec_spec774"
	    title="StorageService Error Handling should throw error when database not initialized"
	  />
	  Name "StorageService Network Status Management should update online status when going offline":
	  <li
	    class="jasmine-failed"
	    id="spec_spec777"
	    title="StorageService Network Status Management should update online status when going offline"
	  />
	  Name "StorageService Network Status Management should update online status when going online":
	  <li
	    class="jasmine-failed"
	    id="spec_spec776"
	    title="StorageService Network Status Management should update online status when going online"
	  />
	  Name "StorageService Quote Data Management should save quote data":
	  <li
	    class="jasmine-failed"
	    id="spec_spec762"
	    title="StorageService Quote Data Management should save quote data"
	  />
	  Name "StorageService Quote Data Management should get quote by ID":
	  <li
	    class="jasmine-failed"
	    id="spec_spec763"
	    title="StorageService Quote Data Management should get quote by ID"
	  />
	  Name "StorageService Quote Data Management should get quotes by client ID":
	  <li
	    class="jasmine-failed"
	    id="spec_spec764"
	    title="StorageService Quote Data Management should get quotes by client ID"
	  />
	  Name "StorageService Service Initialization should initialize IndexedDB on construction":
	  <li
	    class="jasmine-failed"
	    id="spec_spec752"
	    title="StorageService Service Initialization should initialize IndexedDB on construction"
	  />
	  Name "StorageService Service Initialization should setup online/offline event listeners":
	  <li
	    class="jasmine-failed"
	    id="spec_spec753"
	    title="StorageService Service Initialization should setup online/offline event listeners"
	  />
	  Name "StorageService Service Initialization should provide online status observable":
	  <li
	    class="jasmine-failed"
	    id="spec_spec754"
	    title="StorageService Service Initialization should provide online status observable"
	  />
	  Name "StorageService Service Initialization should be created":
	  <li
	    class="jasmine-failed"
	    id="spec_spec751"
	    title="StorageService Service Initialization should be created"
	  />
	  Name "StorageService Form Cache Management should return null for expired form cache":
	  <li
	    class="jasmine-failed"
	    id="spec_spec767"
	    title="StorageService Form Cache Management should return null for expired form cache"
	  />
	  Name "StorageService Form Cache Management should delete cached form data":
	  <li
	    class="jasmine-failed"
	    id="spec_spec768"
	    title="StorageService Form Cache Management should delete cached form data"
	  />
	  Name "StorageService Form Cache Management should cache form data with TTL":
	  <li
	    class="jasmine-failed"
	    id="spec_spec765"
	    title="StorageService Form Cache Management should cache form data with TTL"
	  />
	  Name "StorageService Form Cache Management should retrieve cached form data":
	  <li
	    class="jasmine-failed"
	    id="spec_spec766"
	    title="StorageService Form Cache Management should retrieve cached form data"
	  />
	  Name "StorageService Offline Actions Queue should remove completed action":
	  <li
	    class="jasmine-failed"
	    id="spec_spec771"
	    title="StorageService Offline Actions Queue should remove completed action"
	  />
	  Name "StorageService Offline Actions Queue should queue offline action":
	  <li
	    class="jasmine-failed"
	    id="spec_spec769"
	    title="StorageService Offline Actions Queue should queue offline action"
	  />
	  Name "StorageService Offline Actions Queue should get pending actions":
	  <li
	    class="jasmine-failed"
	    id="spec_spec770"
	    title="StorageService Offline Actions Queue should get pending actions"
	  />
	  Name "StorageService Database Schema Creation should create all required object stores on upgrade":
	  <li
	    class="jasmine-failed"
	    id="spec_spec755"
	    title="StorageService Database Schema Creation should create all required object stores on upgrade"
	  />
	  Name "StorageService Database Schema Creation should handle database initialization errors":
	  <li
	    class="jasmine-failed"
	    id="spec_spec756"
	    title="StorageService Database Schema Creation should handle database initialization errors"
	  />
	  Name "DashboardComponent should navigate to client details":
	  <li
	    class="jasmine-passed"
	    id="spec_spec973"
	    title="DashboardComponent should navigate to client details"
	  />
	  Name "DashboardComponent should get next best action data":
	  <li
	    class="jasmine-passed"
	    id="spec_spec979"
	    title="DashboardComponent should get next best action data"
	  />
	  Name "DashboardComponent should toggle view mode":
	  <li
	    class="jasmine-passed"
	    id="spec_spec975"
	    title="DashboardComponent should toggle view mode"
	  />
	  Name "DashboardComponent should clean up subscriptions on destroy":
	  <li
	    class="jasmine-passed"
	    id="spec_spec981"
	    title="DashboardComponent should clean up subscriptions on destroy"
	  />
	  Name "DashboardComponent should filter actionable clients by priority":
	  <li
	    class="jasmine-passed"
	    id="spec_spec980"
	    title="DashboardComponent should filter actionable clients by priority"
	  />
	  Name "DashboardComponent should change market selection":
	  <li
	    class="jasmine-passed"
	    id="spec_spec972"
	    title="DashboardComponent should change market selection"
	  />
	  Name "DashboardComponent should format currency correctly":
	  <li
	    class="jasmine-passed"
	    id="spec_spec978"
	    title="DashboardComponent should format currency correctly"
	  />
	  Name "DashboardComponent should load dashboard data on init":
	  <li
	    class="jasmine-passed"
	    id="spec_spec969"
	    title="DashboardComponent should load dashboard data on init"
	  />
	  Name "DashboardComponent should create":
	  <li
	    class="jasmine-passed"
	    id="spec_spec968"
	    title="DashboardComponent should create"
	  />
	  Name "DashboardComponent should handle error in dashboard data loading":
	  <li
	    class="jasmine-passed"
	    id="spec_spec976"
	    title="DashboardComponent should handle error in dashboard data loading"
	  />
	  Name "DashboardComponent should calculate completion percentage correctly":
	  <li
	    class="jasmine-passed"
	    id="spec_spec977"
	    title="DashboardComponent should calculate completion percentage correctly"
	  />
	  Name "DashboardComponent should display dashboard stats correctly":
	  <li
	    class="jasmine-passed"
	    id="spec_spec970"
	    title="DashboardComponent should display dashboard stats correctly"
	  />
	  Name "DashboardComponent should navigate to opportunities pipeline":
	  <li
	    class="jasmine-passed"
	    id="spec_spec974"
	    title="DashboardComponent should navigate to opportunities pipeline"
	  />
	  Name "DashboardComponent should handle activity feed data":
	  <li
	    class="jasmine-passed"
	    id="spec_spec971"
	    title="DashboardComponent should handle activity feed data"
	  />
	  Name "ApiService Cache Management should update cache when updating client":
	  <li
	    class="jasmine-passed"
	    id="spec_spec47"
	    title="ApiService Cache Management should update cache when updating client"
	  />
	  Name "ApiService Cache Management should update cache when deleting client":
	  <li
	    class="jasmine-passed"
	    id="spec_spec48"
	    title="ApiService Cache Management should update cache when deleting client"
	  />
	  Name "ApiService Cache Management should update cache when getting clients":
	  <li
	    class="jasmine-passed"
	    id="spec_spec45"
	    title="ApiService Cache Management should update cache when getting clients"
	  />
	  Name "ApiService Cache Management should update cache when creating client":
	  <li
	    class="jasmine-passed"
	    id="spec_spec46"
	    title="ApiService Cache Management should update cache when creating client"
	  />
	  Name "ApiService Document Operations should get client documents from real API":
	  <li
	    class="jasmine-passed"
	    id="spec_spec34"
	    title="ApiService Document Operations should get client documents from real API"
	  />
	  Name "ApiService Document Operations should upload document with mock data":
	  <li
	    class="jasmine-failed"
	    id="spec_spec31"
	    title="ApiService Document Operations should upload document with mock data"
	  />
	  Name "ApiService Document Operations should upload document via real API":
	  <li
	    class="jasmine-passed"
	    id="spec_spec32"
	    title="ApiService Document Operations should upload document via real API"
	  />
	  Name "ApiService Document Operations should get client documents with mock data":
	  <li
	    class="jasmine-passed"
	    id="spec_spec33"
	    title="ApiService Document Operations should get client documents with mock data"
	  />
	  Name "ApiService Quote Operations should create quote with mock data":
	  <li
	    class="jasmine-passed"
	    id="spec_spec27"
	    title="ApiService Quote Operations should create quote with mock data"
	  />
	  Name "ApiService Quote Operations should get client quotes from real API":
	  <li
	    class="jasmine-passed"
	    id="spec_spec30"
	    title="ApiService Quote Operations should get client quotes from real API"
	  />
	  Name "ApiService Quote Operations should create quote via real API":
	  <li
	    class="jasmine-passed"
	    id="spec_spec28"
	    title="ApiService Quote Operations should create quote via real API"
	  />
	  Name "ApiService Quote Operations should get client quotes with mock data":
	  <li
	    class="jasmine-passed"
	    id="spec_spec29"
	    title="ApiService Quote Operations should get client quotes with mock data"
	  />
	  Name "ApiService Client Operations - Real API Mode should get clients from real API":
	  <li
	    class="jasmine-passed"
	    id="spec_spec22"
	    title="ApiService Client Operations - Real API Mode should get clients from real API"
	  />
	  Name "ApiService Client Operations - Real API Mode should get client by ID from real API":
	  <li
	    class="jasmine-passed"
	    id="spec_spec23"
	    title="ApiService Client Operations - Real API Mode should get client by ID from real API"
	  />
	  Name "ApiService Client Operations - Real API Mode should create client via real API":
	  <li
	    class="jasmine-passed"
	    id="spec_spec24"
	    title="ApiService Client Operations - Real API Mode should create client via real API"
	  />
	  Name "ApiService Client Operations - Real API Mode should update client via real API":
	  <li
	    class="jasmine-passed"
	    id="spec_spec25"
	    title="ApiService Client Operations - Real API Mode should update client via real API"
	  />
	  Name "ApiService Client Operations - Real API Mode should delete client via real API":
	  <li
	    class="jasmine-passed"
	    id="spec_spec26"
	    title="ApiService Client Operations - Real API Mode should delete client via real API"
	  />
	  Name "ApiService Client Operations - Mock Mode should get client by ID with mock data":
	  <li
	    class="jasmine-passed"
	    id="spec_spec17"
	    title="ApiService Client Operations - Mock Mode should get client by ID with mock data"
	  />
	  Name "ApiService Client Operations - Mock Mode should filter clients by search term":
	  <li
	    class="jasmine-passed"
	    id="spec_spec16"
	    title="ApiService Client Operations - Mock Mode should filter clients by search term"
	  />
	  Name "ApiService Client Operations - Mock Mode should update client with mock data":
	  <li
	    class="jasmine-passed"
	    id="spec_spec20"
	    title="ApiService Client Operations - Mock Mode should update client with mock data"
	  />
	  Name "ApiService Client Operations - Mock Mode should filter clients by market":
	  <li
	    class="jasmine-passed"
	    id="spec_spec15"
	    title="ApiService Client Operations - Mock Mode should filter clients by market"
	  />
	  Name "ApiService Client Operations - Mock Mode should delete client with mock data":
	  <li
	    class="jasmine-passed"
	    id="spec_spec21"
	    title="ApiService Client Operations - Mock Mode should delete client with mock data"
	  />
	  Name "ApiService Client Operations - Mock Mode should get clients with mock data":
	  <li
	    class="jasmine-passed"
	    id="spec_spec14"
	    title="ApiService Client Operations - Mock Mode should get clients with mock data"
	  />
	  Name "ApiService Client Operations - Mock Mode should create client with mock data":
	  <li
	    class="jasmine-passed"
	    id="spec_spec19"
	    title="ApiService Client Operations - Mock Mode should create client with mock data"
	  />
	  Name "ApiService Client Operations - Mock Mode should return null for non-existent client ID":
	  <li
	    class="jasmine-passed"
	    id="spec_spec18"
	    title="ApiService Client Operations - Mock Mode should return null for non-existent client ID"
	  />
	  Name "ApiService Error Handling should return null for missing client data":
	  <li
	    class="jasmine-passed"
	    id="spec_spec43"
	    title="ApiService Error Handling should return null for missing client data"
	  />
	  Name "ApiService Error Handling should handle API errors when creating client":
	  <li
	    class="jasmine-passed"
	    id="spec_spec42"
	    title="ApiService Error Handling should handle API errors when creating client"
	  />
	  Name "ApiService Error Handling should return empty array for missing clients data":
	  <li
	    class="jasmine-passed"
	    id="spec_spec44"
	    title="ApiService Error Handling should return empty array for missing clients data"
	  />
	  Name "ApiService Error Handling should handle API errors when getting clients":
	  <li
	    class="jasmine-passed"
	    id="spec_spec41"
	    title="ApiService Error Handling should handle API errors when getting clients"
	  />
	  Name "ApiService Service Initialization should initialize clients cache as empty array":
	  <li
	    class="jasmine-passed"
	    id="spec_spec13"
	    title="ApiService Service Initialization should initialize clients cache as empty array"
	  />
	  Name "ApiService Service Initialization should be created":
	  <li
	    class="jasmine-passed"
	    id="spec_spec12"
	    title="ApiService Service Initialization should be created"
	  />
	  Name "ApiService Utility Methods should generate default documents for CreditoColectivo flow":
	  <li
	    class="jasmine-passed"
	    id="spec_spec40"
	    title="ApiService Utility Methods should generate default documents for CreditoColectivo flow"
	  />
	  Name "ApiService Utility Methods should clear cache":
	  <li
	    class="jasmine-passed"
	    id="spec_spec38"
	    title="ApiService Utility Methods should clear cache"
	  />
	  Name "ApiService Utility Methods should check API health":
	  <li
	    class="jasmine-passed"
	    id="spec_spec37"
	    title="ApiService Utility Methods should check API health"
	  />
	  Name "ApiService Utility Methods should generate default documents for VentaPlazo flow":
	  <li
	    class="jasmine-passed"
	    id="spec_spec39"
	    title="ApiService Utility Methods should generate default documents for VentaPlazo flow"
	  />
	  Name "ApiService Event Operations should add client event with mock data":
	  <li
	    class="jasmine-passed"
	    id="spec_spec35"
	    title="ApiService Event Operations should add client event with mock data"
	  />
	  Name "ApiService Event Operations should add client event via real API":
	  <li
	    class="jasmine-passed"
	    id="spec_spec36"
	    title="ApiService Event Operations should add client event via real API"
	  />
	  Name "ClienteFormComponent Integration Tests should render form with all required fields":
	  <li
	    class="jasmine-failed"
	    id="spec_spec933"
	    title="ClienteFormComponent Integration Tests should render form with all required fields"
	  />
	  Name "ClienteFormComponent Integration Tests should handle form input correctly":
	  <li
	    class="jasmine-passed"
	    id="spec_spec935"
	    title="ClienteFormComponent Integration Tests should handle form input correctly"
	  />
	  Name "ClienteFormComponent Integration Tests should handle back button click":
	  <li
	    class="jasmine-passed"
	    id="spec_spec937"
	    title="ClienteFormComponent Integration Tests should handle back button click"
	  />
	  Name "ClienteFormComponent Integration Tests should submit form with valid data":
	  <li
	    class="jasmine-failed"
	    id="spec_spec936"
	    title="ClienteFormComponent Integration Tests should submit form with valid data"
	  />
	  --------------------------------------------------banner:
	  Name "":
	  <header
	    _ngcontent-a-c3637498237=""
	    class="form-header"
	  />
	  --------------------------------------------------
	  button:
	  Name "← Volver":
	  <button
	    _ngcontent-a-c3637498237=""
	    class="back-button"
	  />
	  Name "Cancelar":
	  <button
	    _ngcontent-a-c3637498237=""
	    class="btn-secondary"
	    type="button"
	  />
	  Name "Crear Cliente":
	  <button
	    _ngcontent-a-c3637498237=""
	    class="btn-primary"
	    disabled=""
	    type="submit"
	  />
	  --------------------------------------------------
	  heading:
	  Name "➕ Nuevo Cliente":
	  <h1
	    _ngcontent-a-c3637498237=""
	    class="page-title"
	  />
	  Name "👤 Información Personal":
	  <h2
	    _ngcontent-a-c3637498237=""
	    class="section-title"
	  />
	  Name "🚐 Información de Negocio":
	  <h2
	    _ngcontent-a-c3637498237=""
	    class="section-title"
	  />
	  --------------------------------------------------
	  textbox:
	  Name "Nombre Completo *":
	  <input
	    _ngcontent-a-c3637498237=""
	    class="form-input ng-untouched ng-pristine ng-invalid"
	    formcontrolname="name"
	    id="name"
	    ng-reflect-name="name"
	    placeholder="Ej. Juan Pérez García"
	    type="text"
	  />
	  Name "Correo Electrónico *":
	  <input
	    _ngcontent-a-c3637498237=""
	    class="form-input ng-untouched ng-pristine ng-invalid"
	    formcontrolname="email"
	    id="email"
	    ng-reflect-name="email"
	    placeholder="juan@ejemplo.com"
	    type="email"
	  />
	  Name "Teléfono *":
	  <input
	    _ngcontent-a-c3637498237=""
	    class="form-input ng-untouched ng-pristine ng-invalid"
	    formcontrolname="phone"
	    id="phone"
	    ng-reflect-name="phone"
	    placeholder="5555555555"
	    type="tel"
	  />
	  Name "RFC":
	  <input
	    _ngcontent-a-c3637498237=""
	    class="form-input ng-untouched ng-pristine ng-valid"
	    formcontrolname="rfc"
	    id="rfc"
	    ng-reflect-name="rfc"
	    placeholder="XAXX010101000"
	    type="text"
	  />
	  Name "Notas Adicionales":
	  <textarea
	    _ngcontent-a-c3637498237=""
	    class="form-textarea ng-untouched ng-pristine ng-valid"
	    formcontrolname="notes"
	    id="notes"
	    ng-reflect-name="notes"
	    placeholder="Información adicional sobre el cliente..."
	    rows="3"
	  />
	  --------------------------------------------------
	  combobox:
	  Name "Mercado *":
	  <select
	    _ngcontent-a-c3637498237=""
	    class="form-select ng-untouched ng-pristine ng-invalid"
	    formcontrolname="market"
	    id="market"
	    ng-reflect-name="market"
	  />
	  Name "Tipo de Producto *":
	  <select
	    _ngcontent-a-c3637498237=""
	    class="form-select ng-untouched ng-pristine ng-invalid"
	    formcontrolname="flow"
	    id="flow"
	    ng-reflect-name="flow"
	  />
	  --------------------------------------------------
	  option:
	  Name "Seleccionar mercado":
	  <option
	    _ngcontent-a-c3637498237=""
	    ng-reflect-value=""
	    value=""
	  />
	  Name "Aguascalientes":
	  <option
	    _ngcontent-a-c3637498237=""
	    ng-reflect-value="aguascalientes"
	    value="aguascalientes"
	  />
	  Name "Estado de México":
	  <option
	    _ngcontent-a-c3637498237=""
	    ng-reflect-value="edomex"
	    value="edomex"
	  />
	  Name "Seleccionar producto":
	  <option
	    _ngcontent-a-c3637498237=""
	    ng-reflect-value=""
	    value=""
	  />
	  Name "Venta a Plazo":
	  <option
	    _ngcontent-a-c3637498237=""
	    ng-reflect-value="Venta a Plazo"
	    value="Venta a Plazo"
	  />
	  Name "Plan de Ahorro":
	  <option
	    _ngcontent-a-c3637498237=""
	    ng-reflect-value="Plan de Ahorro"
	    value="Plan de Ahorro"
	  />
	  Name "Crédito Colectivo":
	  <option
	    _ngcontent-a-c3637498237=""
	    ng-reflect-value="Crédito Colectivo"
	    value="Crédito Colectivo"
	  />
	  Name "Venta Directa":
	  <option
	    _ngcontent-a-c3637498237=""
	    ng-reflect-value="Venta Directa"
	    value="Venta Directa"
	  />
	  --------------------------------------------------
	Ignored nodes: comments, script, style
	<body>
	  
	    
	  
	    
	  
	    
	  
	    
	  
	    
	  
	    
	  
	    
	  
	  
	  
	  
	  
	  <link
	    crossorigin="anonymous"
	    rel="stylesheet"
	    type="text/css"
	  />
	  
	  
	  
	  <div
	    class="jasmine_html-reporter"
	  >
	    <div
	      class="jasmine-banner"
	    >
	      <a
	        class="jasmine-title"
	        href="http://jasmine.github.io/"
	        target="_blank"
	      />
	      <span
	        class="jasmine-version"
	      >
	        4.6.1
	      </span>
	    </div>
	    <ul
	      class="jasmine-symbol-summary"
	    >
	      <li
	        class="jasmine-passed"
	        id="spec_spec478"
	        title="LoadingService Service Initialization should return false for initial isLoading state"
	      />
	      <li
	        class="jasmine-passed"
	        id="spec_spec477"
	        title="LoadingService Service Initialization should initialize with loading false"
	      />
	      <li
	        class="jasmine-passed"
	        id="spec_spec476"
	        title="LoadingService Service Initialization should be created"
	      />
	      <li
	        class="jasmine-passed"
	        id="spec_spec479"
	        title="LoadingService Basic Loading Control should show loading"
	      />
	      <li
	        class="jasmine-passed"
	        id="spec_spec482"
	        title="LoadingService Basic Loading Control should not hide loading when already hidden"
	      />
	      <li
	        class="jasmine-passed"
	        id="spec_spec481"
	        title="LoadingService Basic Loading Control should not show loading multiple times without identifiers"
	      />
	      <li
	        class="jasmine-passed"
	        id="spec_spec480"
	        title="LoadingService Basic Loading Control should hide loading"
	      />
	      <li
	        class="jasmine-passed"
	        id="spec_spec488"
	        title="LoadingService Identifier-based Loading Control should handle hiding identifier multiple times"
	      />
	      <li
	        class="jasmine-passed"
	        id="spec_spec487"
	        title="LoadingService Identifier-based Loading Control should handle hiding non-existent identifier"
	      />
	      <li
	        class="jasmine-passed"
	        id="spec_spec483"
	        title="LoadingService Identifier-based Loading Control should show loading with identifier"
	      />
	      <li
	        class="jasmine-passed"
	        id="spec_spec486"
	        title="LoadingService Identifier-based Loading Control should not add duplicate identifiers"
	      />
	      <li
	        class="jasmine-passed"
	        id="spec_spec485"
	        title="LoadingService Identifier-based Loading Control should manage multiple identifiers"
	      />
	      <li
	        class="jasmine-passed"
	        id="spec_spec484"
	        title="LoadingService Identifier-based Loading Control should hide loading with identifier"
	      />
	      <li
	        class="jasmine-passed"
	        id="spec_spec503"
	        title="LoadingService Observable Behavior should support multiple subscribers"
	      />
	      <li
	        class="jasmine-passed"
	        id="spec_spec501"
	        title="LoadingService Observable Behavior should emit loading state changes"
	      />
	      <li
	        class="jasmine-passed"
	        id="spec_spec502"
	        title="LoadingService Observable Behavior should not emit duplicate states"
	      />
	      <li
	        class="jasmine-passed"
	        id="spec_spec496"
	        title="LoadingService SetLoading Alias Method should work without identifier"
	      />
	      <li
	        class="jasmine-passed"
	        id="spec_spec495"
	        title="LoadingService SetLoading Alias Method should hide loading when setLoading(false)"
	      />
	      <li
	        class="jasmine-passed"
	        id="spec_spec494"
	        title="LoadingService SetLoading Alias Method should show loading when setLoading(true)"
	      />
	      <li
	        class="jasmine-passed"
	        id="spec_spec498"
	        title="LoadingService Edge Cases and Error Handling should handle mixed identifier and non-identifier operations"
	      />
	      <li
	        class="jasmine-passed"
	        id="spec_spec497"
	        title="LoadingService Edge Cases and Error Handling should handle rapid show/hide calls"
	      />
	      <li
	        class="jasmine-passed"
	        id="spec_spec500"
	        title="LoadingService Edge Cases and Error Handling should maintain state consistency after force hide"
	      />
	      <li
	        class="jasmine-passed"
	        id="spec_spec499"
	        title="LoadingService Edge Cases and Error Handling should handle empty string identifier"
	      />
	      <li
	        class="jasmine-passed"
	        id="spec_spec489"
	        title="LoadingService Force Hide Functionality should force hide loading even with active identifiers"
	      />
	      <li
	        class="jasmine-passed"
	        id="spec_spec490"
	        title="LoadingService Force Hide Functionality should clear all identifiers on force hide"
	      />
	      <li
	        class="jasmine-passed"
	        id="spec_spec492"
	        title="LoadingService Duration-based Loading should show loading for duration with identifier"
	      />
	      <li
	        class="jasmine-passed"
	        id="spec_spec491"
	        title="LoadingService Duration-based Loading should show loading for specific duration"
	      />
	      <li
	        class="jasmine-passed"
	        id="spec_spec493"
	        title="LoadingService Duration-based Loading should handle multiple timed operations"
	      />
	      <li
	        class="jasmine-passed"
	        id="spec_spec53"
	        title="AuthService Login Functionality should fail login with invalid credentials"
	      />
	      <li
	        class="jasmine-passed"
	        id="spec_spec52"
	        title="AuthService Login Functionality should login with valid demo credentials"
	      />
	      <li
	        class="jasmine-passed"
	        id="spec_spec56"
	        title="AuthService Login Functionality should store token in localStorage after successful login"
	      />
	      <li
	        class="jasmine-passed"
	        id="spec_spec55"
	        title="AuthService Login Functionality should set user as authenticated after successful login"
	      />
	      <li
	        class="jasmine-passed"
	        id="spec_spec54"
	        title="AuthService Login Functionality should fail login with non-corporate email"
	      />
	      <li
	        class="jasmine-passed"
	        id="spec_spec51"
	        title="AuthService Basic Service Setup should initialize as not authenticated"
	      />
	      <li
	        class="jasmine-passed"
	        id="spec_spec49"
	        title="AuthService Basic Service Setup should be created"
	      />
	      <li
	        class="jasmine-passed"
	        id="spec_spec50"
	        title="AuthService Basic Service Setup should initialize with no authenticated user"
	      />
	      <li
	        class="jasmine-passed"
	        id="spec_spec75"
	        title="AuthService Logout Functionality should clear user data on logout"
	      />
	      <li
	        class="jasmine-passed"
	   ...
	    at Object.getElementError (node_modules/@testing-library/dom/dist/@testing-library/dom.esm.js:339:19)
	    at allQuery (node_modules/@testing-library/dom/dist/@testing-library/dom.esm.js:1206:25)
	    at query (node_modules/@testing-library/dom/dist/@testing-library/dom.esm.js:1185:17)
	    at getByRole (node_modules/@testing-library/dom/dist/@testing-library/dom.esm.js:1228:19)
	    at UserContext.<anonymous> (src/app/components/pages/clientes/cliente-form.component.spec.ts:317:33)
	    at Generator.next (<anonymous>)
	    at asyncGeneratorStep (node_modules/@angular-devkit/build-angular/node_modules/@babel/runtime/helpers/esm/asyncToGenerator.js:3:1)
	    at apply (node_modules/@angular-devkit/build-angular/node_modules/@babel/runtime/helpers/esm/asyncToGenerator.js:17:1)
	    at _ZoneDelegate.invoke (node_modules/zone.js/fesm2015/zone.js:369:28)
	    at ProxyZoneSpec.onInvoke (node_modules/zone.js/fesm2015/zone-testing.js:2081:39)
Chrome Headless 140.0.0.0 (Mac OS 10.15.7): Executed 785 of 985[31m (134 FAILED)[39m (skipped 2) (0 secs / 1 min 56.374 secs)
[1A[2KChrome Headless 140.0.0.0 (Mac OS 10.15.7): Executed 786 of 985[31m (134 FAILED)[39m (skipped 2) (0 secs / 1 min 56.38 secs)
[1A[2KChrome Headless 140.0.0.0 (Mac OS 10.15.7): Executed 787 of 985[31m (134 FAILED)[39m (skipped 2) (0 secs / 1 min 56.384 secs)
[1A[2KChrome Headless 140.0.0.0 (Mac OS 10.15.7): Executed 788 of 985[31m (134 FAILED)[39m (skipped 2) (0 secs / 1 min 56.394 secs)
[1A[2K[31mChrome Headless 140.0.0.0 (Mac OS 10.15.7) WhatsappService Business Logic Templates should send contract approved notification FAILED[39m
	Error: Expected one matching request for criteria "Match URL: https://graph.facebook.com/v18.0/test-phone-number-id/messages", found none. Requests received are: POST https://graph.facebook.com/v18.0//messages.
	    at HttpClientTestingBackend.expectOne (node_modules/@angular/common/fesm2022/http/testing.mjs:270:19)
	    at UserContext.apply (src/app/services/whatsapp.service.spec.ts:233:28)
	    at _ZoneDelegate.invoke (node_modules/zone.js/fesm2015/zone.js:369:28)
	    at ProxyZoneSpec.onInvoke (node_modules/zone.js/fesm2015/zone-testing.js:2081:39)
	    at _ZoneDelegate.invoke (node_modules/zone.js/fesm2015/zone.js:368:34)
	    at ZoneImpl.run (node_modules/zone.js/fesm2015/zone.js:111:43)
	    at runInTestZone (node_modules/zone.js/fesm2015/zone-testing.js:213:38)
	    at UserContext.<anonymous> (node_modules/zone.js/fesm2015/zone-testing.js:231:32)
	    at <Jasmine>
	Error: Expected no open requests, found 1: POST https://graph.facebook.com/v18.0//messages
	    at HttpClientTestingBackend.verify (node_modules/@angular/common/fesm2022/http/testing.mjs:298:19)
	    at UserContext.apply (src/app/services/whatsapp.service.spec.ts:57:14)
	    at _ZoneDelegate.invoke (node_modules/zone.js/fesm2015/zone.js:369:28)
	    at ProxyZoneSpec.onInvoke (node_modules/zone.js/fesm2015/zone-testing.js:2081:39)
	    at _ZoneDelegate.invoke (node_modules/zone.js/fesm2015/zone.js:368:34)
	    at ZoneImpl.run (node_modules/zone.js/fesm2015/zone.js:111:43)
	    at runInTestZone (node_modules/zone.js/fesm2015/zone-testing.js:216:38)
	    at UserContext.<anonymous> (node_modules/zone.js/fesm2015/zone-testing.js:234:32)
	    at <Jasmine>
Chrome Headless 140.0.0.0 (Mac OS 10.15.7): Executed 789 of 985[31m (135 FAILED)[39m (skipped 2) (0 secs / 1 min 56.397 secs)
[1A[2KChrome Headless 140.0.0.0 (Mac OS 10.15.7): Executed 790 of 985[31m (135 FAILED)[39m (skipped 2) (0 secs / 1 min 56.398 secs)
[1A[2K[31mChrome Headless 140.0.0.0 (Mac OS 10.15.7) WhatsappService Business Logic Templates should send GNV overage notification FAILED[39m
	Error: Expected one matching request for criteria "Match URL: https://graph.facebook.com/v18.0/test-phone-number-id/messages", found none. Requests received are: POST https://graph.facebook.com/v18.0//messages.
	    at HttpClientTestingBackend.expectOne (node_modules/@angular/common/fesm2022/http/testing.mjs:270:19)
	    at UserContext.apply (src/app/services/whatsapp.service.spec.ts:186:28)
	    at _ZoneDelegate.invoke (node_modules/zone.js/fesm2015/zone.js:369:28)
	    at ProxyZoneSpec.onInvoke (node_modules/zone.js/fesm2015/zone-testing.js:2081:39)
	    at _ZoneDelegate.invoke (node_modules/zone.js/fesm2015/zone.js:368:34)
	    at ZoneImpl.run (node_modules/zone.js/fesm2015/zone.js:111:43)
	    at runInTestZone (node_modules/zone.js/fesm2015/zone-testing.js:213:38)
	    at UserContext.<anonymous> (node_modules/zone.js/fesm2015/zone-testing.js:231:32)
	    at <Jasmine>
	Error: Expected no open requests, found 1: POST https://graph.facebook.com/v18.0//messages
	    at HttpClientTestingBackend.verify (node_modules/@angular/common/fesm2022/http/testing.mjs:298:19)
	    at UserContext.apply (src/app/services/whatsapp.service.spec.ts:57:14)
	    at _ZoneDelegate.invoke (node_modules/zone.js/fesm2015/zone.js:369:28)
	    at ProxyZoneSpec.onInvoke (node_modules/zone.js/fesm2015/zone-testing.js:2081:39)
	    at _ZoneDelegate.invoke (node_modules/zone.js/fesm2015/zone.js:368:34)
	    at ZoneImpl.run (node_modules/zone.js/fesm2015/zone.js:111:43)
	    at runInTestZone (node_modules/zone.js/fesm2015/zone-testing.js:216:38)
	    at UserContext.<anonymous> (node_modules/zone.js/fesm2015/zone-testing.js:234:32)
	    at <Jasmine>
Chrome Headless 140.0.0.0 (Mac OS 10.15.7): Executed 791 of 985[31m (136 FAILED)[39m (skipped 2) (0 secs / 1 min 56.399 secs)
[1A[2KChrome Headless 140.0.0.0 (Mac OS 10.15.7): Executed 792 of 985[31m (136 FAILED)[39m (skipped 2) (0 secs / 1 min 56.399 secs)
[1A[2K[31mChrome Headless 140.0.0.0 (Mac OS 10.15.7) WhatsappService Business Logic Templates should send welcome message FAILED[39m
	Error: Expected one matching request for criteria "Match URL: https://graph.facebook.com/v18.0/test-phone-number-id/messages", found none. Requests received are: POST https://graph.facebook.com/v18.0//messages.
	    at HttpClientTestingBackend.expectOne (node_modules/@angular/common/fesm2022/http/testing.mjs:270:19)
	    at UserContext.apply (src/app/services/whatsapp.service.spec.ts:256:28)
	    at _ZoneDelegate.invoke (node_modules/zone.js/fesm2015/zone.js:369:28)
	    at ProxyZoneSpec.onInvoke (node_modules/zone.js/fesm2015/zone-testing.js:2081:39)
	    at _ZoneDelegate.invoke (node_modules/zone.js/fesm2015/zone.js:368:34)
	    at ZoneImpl.run (node_modules/zone.js/fesm2015/zone.js:111:43)
	    at runInTestZone (node_modules/zone.js/fesm2015/zone-testing.js:213:38)
	    at UserContext.<anonymous> (node_modules/zone.js/fesm2015/zone-testing.js:231:32)
	    at <Jasmine>
	Error: Expected no open requests, found 1: POST https://graph.facebook.com/v18.0//messages
	    at HttpClientTestingBackend.verify (node_modules/@angular/common/fesm2022/http/testing.mjs:298:19)
	    at UserContext.apply (src/app/services/whatsapp.service.spec.ts:57:14)
	    at _ZoneDelegate.invoke (node_modules/zone.js/fesm2015/zone.js:369:28)
	    at ProxyZoneSpec.onInvoke (node_modules/zone.js/fesm2015/zone-testing.js:2081:39)
	    at _ZoneDelegate.invoke (node_modules/zone.js/fesm2015/zone.js:368:34)
	    at ZoneImpl.run (node_modules/zone.js/fesm2015/zone.js:111:43)
	    at runInTestZone (node_modules/zone.js/fesm2015/zone-testing.js:216:38)
	    at UserContext.<anonymous> (node_modules/zone.js/fesm2015/zone-testing.js:234:32)
	    at <Jasmine>
Chrome Headless 140.0.0.0 (Mac OS 10.15.7): Executed 793 of 985[31m (137 FAILED)[39m (skipped 2) (0 secs / 1 min 56.4 secs)
[1A[2KChrome Headless 140.0.0.0 (Mac OS 10.15.7): Executed 794 of 985[31m (137 FAILED)[39m (skipped 2) (0 secs / 1 min 56.401 secs)
[1A[2KChrome Headless 140.0.0.0 (Mac OS 10.15.7): Executed 795 of 985[31m (137 FAILED)[39m (skipped 2) (0 secs / 1 min 56.402 secs)
[1A[2KChrome Headless 140.0.0.0 (Mac OS 10.15.7): Executed 796 of 985[31m (137 FAILED)[39m (skipped 2) (0 secs / 1 min 56.402 secs)
[1A[2K[31mChrome Headless 140.0.0.0 (Mac OS 10.15.7) WhatsappService Template Management should get template status FAILED[39m
	Error: Expected one matching request for criteria "Match URL: https://graph.facebook.com/v18.0/test-phone-number-id/message_templates?name=payment_notification", found none. Requests received are: GET https://graph.facebook.com/v18.0//message_templates?name=payment_notification.
	    at HttpClientTestingBackend.expectOne (node_modules/@angular/common/fesm2022/http/testing.mjs:270:19)
	    at UserContext.apply (src/app/services/whatsapp.service.spec.ts:543:28)
	    at _ZoneDelegate.invoke (node_modules/zone.js/fesm2015/zone.js:369:28)
	    at ProxyZoneSpec.onInvoke (node_modules/zone.js/fesm2015/zone-testing.js:2081:39)
	    at _ZoneDelegate.invoke (node_modules/zone.js/fesm2015/zone.js:368:34)
	    at ZoneImpl.run (node_modules/zone.js/fesm2015/zone.js:111:43)
	    at runInTestZone (node_modules/zone.js/fesm2015/zone-testing.js:213:38)
	    at UserContext.<anonymous> (node_modules/zone.js/fesm2015/zone-testing.js:231:32)
	    at <Jasmine>
	Error: Expected no open requests, found 1: GET https://graph.facebook.com/v18.0//message_templates?name=payment_notification
	    at HttpClientTestingBackend.verify (node_modules/@angular/common/fesm2022/http/testing.mjs:298:19)
	    at UserContext.apply (src/app/services/whatsapp.service.spec.ts:57:14)
	    at _ZoneDelegate.invoke (node_modules/zone.js/fesm2015/zone.js:369:28)
	    at ProxyZoneSpec.onInvoke (node_modules/zone.js/fesm2015/zone-testing.js:2081:39)
	    at _ZoneDelegate.invoke (node_modules/zone.js/fesm2015/zone.js:368:34)
	    at ZoneImpl.run (node_modules/zone.js/fesm2015/zone.js:111:43)
	    at runInTestZone (node_modules/zone.js/fesm2015/zone-testing.js:216:38)
	    at UserContext.<anonymous> (node_modules/zone.js/fesm2015/zone-testing.js:234:32)
	    at <Jasmine>
Chrome Headless 140.0.0.0 (Mac OS 10.15.7): Executed 797 of 985[31m (138 FAILED)[39m (skipped 2) (0 secs / 1 min 56.403 secs)
[1A[2K[31mChrome Headless 140.0.0.0 (Mac OS 10.15.7) WhatsappService Template Management should handle template status errors FAILED[39m
	Error: Timeout - Async function did not complete within 5000ms (set by jasmine.DEFAULT_TIMEOUT_INTERVAL)
	    at <Jasmine>
	Error: Expected no open requests, found 1: GET https://graph.facebook.com/v18.0/test-phone-number-id/message_templates?name=non_existent_template
	    at HttpClientTestingBackend.verify (node_modules/@angular/common/fesm2022/http/testing.mjs:298:19)
	    at UserContext.apply (src/app/services/whatsapp.service.spec.ts:57:14)
	    at _ZoneDelegate.invoke (node_modules/zone.js/fesm2015/zone.js:369:28)
	    at ProxyZoneSpec.onInvoke (node_modules/zone.js/fesm2015/zone-testing.js:2081:39)
	    at _ZoneDelegate.invoke (node_modules/zone.js/fesm2015/zone.js:368:34)
	    at ZoneImpl.run (node_modules/zone.js/fesm2015/zone.js:111:43)
	    at runInTestZone (node_modules/zone.js/fesm2015/zone-testing.js:216:38)
	    at UserContext.<anonymous> (node_modules/zone.js/fesm2015/zone-testing.js:234:32)
	    at <Jasmine>
Chrome Headless 140.0.0.0 (Mac OS 10.15.7): Executed 798 of 985[31m (139 FAILED)[39m (skipped 2) (0 secs / 2 mins 1.408 secs)
[1A[2K[31mChrome Headless 140.0.0.0 (Mac OS 10.15.7) WhatsappService Core Messaging should handle message sending errors FAILED[39m
	Error: Timeout - Async function did not complete within 5000ms (set by jasmine.DEFAULT_TIMEOUT_INTERVAL)
	    at <Jasmine>
	Error: Expected no open requests, found 1: POST https://graph.facebook.com/v18.0/test-phone-number-id/messages
	    at HttpClientTestingBackend.verify (node_modules/@angular/common/fesm2022/http/testing.mjs:298:19)
	    at UserContext.apply (src/app/services/whatsapp.service.spec.ts:57:14)
	    at _ZoneDelegate.invoke (node_modules/zone.js/fesm2015/zone.js:369:28)
	    at ProxyZoneSpec.onInvoke (node_modules/zone.js/fesm2015/zone-testing.js:2081:39)
	    at _ZoneDelegate.invoke (node_modules/zone.js/fesm2015/zone.js:368:34)
	    at ZoneImpl.run (node_modules/zone.js/fesm2015/zone.js:111:43)
	    at runInTestZone (node_modules/zone.js/fesm2015/zone-testing.js:216:38)
	    at UserContext.<anonymous> (node_modules/zone.js/fesm2015/zone-testing.js:234:32)
	    at <Jasmine>
Chrome Headless 140.0.0.0 (Mac OS 10.15.7): Executed 799 of 985[31m (140 FAILED)[39m (skipped 2) (0 secs / 2 mins 6.411 secs)
[1A[2KChrome Headless 140.0.0.0 (Mac OS 10.15.7): Executed 800 of 985[31m (140 FAILED)[39m (skipped 2) (0 secs / 2 mins 6.413 secs)
[1A[2K[31mChrome Headless 140.0.0.0 (Mac OS 10.15.7) WhatsappService Core Messaging should send template message successfully FAILED[39m
	Error: Expected one matching request for criteria "Match URL: https://graph.facebook.com/v18.0/test-phone-number-id/messages", found none. Requests received are: POST https://graph.facebook.com/v18.0//messages.
	    at HttpClientTestingBackend.expectOne (node_modules/@angular/common/fesm2022/http/testing.mjs:270:19)
	    at UserContext.apply (src/app/services/whatsapp.service.spec.ts:109:28)
	    at _ZoneDelegate.invoke (node_modules/zone.js/fesm2015/zone.js:369:28)
	    at ProxyZoneSpec.onInvoke (node_modules/zone.js/fesm2015/zone-testing.js:2081:39)
	    at _ZoneDelegate.invoke (node_modules/zone.js/fesm2015/zone.js:368:34)
	    at ZoneImpl.run (node_modules/zone.js/fesm2015/zone.js:111:43)
	    at runInTestZone (node_modules/zone.js/fesm2015/zone-testing.js:213:38)
	    at UserContext.<anonymous> (node_modules/zone.js/fesm2015/zone-testing.js:231:32)
	    at <Jasmine>
	Error: Expected no open requests, found 1: POST https://graph.facebook.com/v18.0//messages
	    at HttpClientTestingBackend.verify (node_modules/@angular/common/fesm2022/http/testing.mjs:298:19)
	    at UserContext.apply (src/app/services/whatsapp.service.spec.ts:57:14)
	    at _ZoneDelegate.invoke (node_modules/zone.js/fesm2015/zone.js:369:28)
	    at ProxyZoneSpec.onInvoke (node_modules/zone.js/fesm2015/zone-testing.js:2081:39)
	    at _ZoneDelegate.invoke (node_modules/zone.js/fesm2015/zone.js:368:34)
	    at ZoneImpl.run (node_modules/zone.js/fesm2015/zone.js:111:43)
	    at runInTestZone (node_modules/zone.js/fesm2015/zone-testing.js:216:38)
	    at UserContext.<anonymous> (node_modules/zone.js/fesm2015/zone-testing.js:234:32)
	    at <Jasmine>
Chrome Headless 140.0.0.0 (Mac OS 10.15.7): Executed 801 of 985[31m (141 FAILED)[39m (skipped 2) (0 secs / 2 mins 6.415 secs)
[1A[2K[31mChrome Headless 140.0.0.0 (Mac OS 10.15.7) WhatsappService Bulk Operations should handle partial failures in bulk operations FAILED[39m
	Error: Expected one matching request for criteria "Match URL: https://graph.facebook.com/v18.0/test-phone-number-id/messages", found 2 requests.
	    at HttpClientTestingBackend.expectOne (node_modules/@angular/common/fesm2022/http/testing.mjs:261:19)
	    at UserContext.apply (src/app/services/whatsapp.service.spec.ts:518:29)
	    at _ZoneDelegate.invoke (node_modules/zone.js/fesm2015/zone.js:369:28)
	    at ProxyZoneSpec.onInvoke (node_modules/zone.js/fesm2015/zone-testing.js:2081:39)
	    at _ZoneDelegate.invoke (node_modules/zone.js/fesm2015/zone.js:368:34)
	    at ZoneImpl.run (node_modules/zone.js/fesm2015/zone.js:111:43)
	    at runInTestZone (node_modules/zone.js/fesm2015/zone-testing.js:213:38)
	    at UserContext.<anonymous> (node_modules/zone.js/fesm2015/zone-testing.js:231:32)
	    at <Jasmine>
Chrome Headless 140.0.0.0 (Mac OS 10.15.7): Executed 802 of 985[31m (142 FAILED)[39m (skipped 2) (0 secs / 2 mins 6.417 secs)
[1A[2K[31mChrome Headless 140.0.0.0 (Mac OS 10.15.7) WhatsappService Bulk Operations should send bulk payment notifications FAILED[39m
	Error: Expected one matching request for criteria "Match URL: https://graph.facebook.com/v18.0/test-phone-number-id/messages", found none. Requests received are: POST https://graph.facebook.com/v18.0//messages, POST https://graph.facebook.com/v18.0//messages.
	    at HttpClientTestingBackend.expectOne (node_modules/@angular/common/fesm2022/http/testing.mjs:270:19)
	    at UserContext.apply (src/app/services/whatsapp.service.spec.ts:479:29)
	    at _ZoneDelegate.invoke (node_modules/zone.js/fesm2015/zone.js:369:28)
	    at ProxyZoneSpec.onInvoke (node_modules/zone.js/fesm2015/zone-testing.js:2081:39)
	    at _ZoneDelegate.invoke (node_modules/zone.js/fesm2015/zone.js:368:34)
	    at ZoneImpl.run (node_modules/zone.js/fesm2015/zone.js:111:43)
	    at runInTestZone (node_modules/zone.js/fesm2015/zone-testing.js:213:38)
	    at UserContext.<anonymous> (node_modules/zone.js/fesm2015/zone-testing.js:231:32)
	    at <Jasmine>
	Error: Expected no open requests, found 2: POST https://graph.facebook.com/v18.0//messages, POST https://graph.facebook.com/v18.0//messages
	    at HttpClientTestingBackend.verify (node_modules/@angular/common/fesm2022/http/testing.mjs:298:19)
	    at UserContext.apply (src/app/services/whatsapp.service.spec.ts:57:14)
	    at _ZoneDelegate.invoke (node_modules/zone.js/fesm2015/zone.js:369:28)
	    at ProxyZoneSpec.onInvoke (node_modules/zone.js/fesm2015/zone-testing.js:2081:39)
	    at _ZoneDelegate.invoke (node_modules/zone.js/fesm2015/zone.js:368:34)
	    at ZoneImpl.run (node_modules/zone.js/fesm2015/zone.js:111:43)
	    at runInTestZone (node_modules/zone.js/fesm2015/zone-testing.js:216:38)
	    at UserContext.<anonymous> (node_modules/zone.js/fesm2015/zone-testing.js:234:32)
	    at <Jasmine>
Chrome Headless 140.0.0.0 (Mac OS 10.15.7): Executed 803 of 985[31m (143 FAILED)[39m (skipped 2) (0 secs / 2 mins 6.419 secs)
[1A[2KChrome Headless 140.0.0.0 (Mac OS 10.15.7): Executed 804 of 985[31m (143 FAILED)[39m (skipped 2) (0 secs / 2 mins 6.42 secs)
[1A[2K[31mChrome Headless 140.0.0.0 (Mac OS 10.15.7) WhatsappService Edge Cases and Boundary Conditions should handle special characters in phone numbers FAILED[39m
	Error: Expected one matching request for criteria "Match URL: https://graph.facebook.com/v18.0/test-phone-number-id/messages", found none. Requests received are: POST https://graph.facebook.com/v18.0//messages.
	    at HttpClientTestingBackend.expectOne (node_modules/@angular/common/fesm2022/http/testing.mjs:270:19)
	    at UserContext.apply (src/app/services/whatsapp.service.spec.ts:709:28)
	    at _ZoneDelegate.invoke (node_modules/zone.js/fesm2015/zone.js:369:28)
	    at ProxyZoneSpec.onInvoke (node_modules/zone.js/fesm2015/zone-testing.js:2081:39)
	    at _ZoneDelegate.invoke (node_modules/zone.js/fesm2015/zone.js:368:34)
	    at ZoneImpl.run (node_modules/zone.js/fesm2015/zone.js:111:43)
	    at runInTestZone (node_modules/zone.js/fesm2015/zone-testing.js:216:38)
	    at UserContext.<anonymous> (node_modules/zone.js/fesm2015/zone-testing.js:234:32)
	    at <Jasmine>
	Error: Expected no open requests, found 1: POST https://graph.facebook.com/v18.0//messages
	    at HttpClientTestingBackend.verify (node_modules/@angular/common/fesm2022/http/testing.mjs:298:19)
	    at UserContext.apply (src/app/services/whatsapp.service.spec.ts:57:14)
	    at _ZoneDelegate.invoke (node_modules/zone.js/fesm2015/zone.js:369:28)
	    at ProxyZoneSpec.onInvoke (node_modules/zone.js/fesm2015/zone-testing.js:2081:39)
	    at _ZoneDelegate.invoke (node_modules/zone.js/fesm2015/zone.js:368:34)
	    at ZoneImpl.run (node_modules/zone.js/fesm2015/zone.js:111:43)
	    at runInTestZone (node_modules/zone.js/fesm2015/zone-testing.js:216:38)
	    at UserContext.<anonymous> (node_modules/zone.js/fesm2015/zone-testing.js:234:32)
	    at <Jasmine>
Chrome Headless 140.0.0.0 (Mac OS 10.15.7): Executed 805 of 985[31m (144 FAILED)[39m (skipped 2) (0 secs / 2 mins 6.422 secs)
[1A[2KChrome Headless 140.0.0.0 (Mac OS 10.15.7): Executed 806 of 985[31m (144 FAILED)[39m (skipped 2) (0 secs / 2 mins 6.423 secs)
[1A[2KChrome Headless 140.0.0.0 (Mac OS 10.15.7): Executed 807 of 985[31m (144 FAILED)[39m (skipped 2) (0 secs / 2 mins 6.423 secs)
[1A[2KLOG: [36m'Message status update:', Object{id: 'wamid.error123', status: 'failed', timestamp: '1640995200', recipient_id: '525587654321'}[39m
Chrome Headless 140.0.0.0 (Mac OS 10.15.7): Executed 807 of 985[31m (144 FAILED)[39m (skipped 2) (0 secs / 2 mins 6.423 secs)
LOG: 'Message status update:', Object{id: 'wamid.error123', status: 'failed', timestamp: '1640995200', recipient_id: '525587654321'}
[1A[2KChrome Headless 140.0.0.0 (Mac OS 10.15.7): Executed 808 of 985[31m (144 FAILED)[39m (skipped 2) (0 secs / 2 mins 6.424 secs)
[1A[2KChrome Headless 140.0.0.0 (Mac OS 10.15.7): Executed 809 of 985[31m (144 FAILED)[39m (skipped 2) (0 secs / 2 mins 6.425 secs)
[1A[2KChrome Headless 140.0.0.0 (Mac OS 10.15.7): Executed 810 of 985[31m (144 FAILED)[39m (skipped 2) (0 secs / 2 mins 6.425 secs)
[1A[2KChrome Headless 140.0.0.0 (Mac OS 10.15.7): Executed 811 of 985[31m (144 FAILED)[39m (skipped 2) (0 secs / 2 mins 6.425 secs)
[1A[2KChrome Headless 140.0.0.0 (Mac OS 10.15.7): Executed 812 of 985[31m (144 FAILED)[39m (skipped 2) (0 secs / 2 mins 6.426 secs)
[1A[2K[31mChrome Headless 140.0.0.0 (Mac OS 10.15.7) WhatsappService Webhook Handling should verify webhook with correct token FAILED[39m
	Expected null to be 'test-challenge-string'.
	    at <Jasmine>
	    at UserContext.apply (src/app/services/whatsapp.service.spec.ts:315:22)
	    at _ZoneDelegate.invoke (node_modules/zone.js/fesm2015/zone.js:369:28)
	    at ProxyZoneSpec.onInvoke (node_modules/zone.js/fesm2015/zone-testing.js:2081:39)
	    at _ZoneDelegate.invoke (node_modules/zone.js/fesm2015/zone.js:368:34)
Chrome Headless 140.0.0.0 (Mac OS 10.15.7): Executed 813 of 985[31m (145 FAILED)[39m (skipped 2) (0 secs / 2 mins 6.427 secs)
[1A[2K[31mChrome Headless 140.0.0.0 (Mac OS 10.15.7) WhatsappService Error Handling should retry failed requests FAILED[39m
	Error: Expected one matching request for criteria "Match URL: https://graph.facebook.com/v18.0/test-phone-number-id/messages", found none. Requests received are: POST https://graph.facebook.com/v18.0//messages.
	    at HttpClientTestingBackend.expectOne (node_modules/@angular/common/fesm2022/http/testing.mjs:270:19)
	    at UserContext.apply (src/app/services/whatsapp.service.spec.ts:655:29)
	    at _ZoneDelegate.invoke (node_modules/zone.js/fesm2015/zone.js:369:28)
	    at ProxyZoneSpec.onInvoke (node_modules/zone.js/fesm2015/zone-testing.js:2081:39)
	    at _ZoneDelegate.invoke (node_modules/zone.js/fesm2015/zone.js:368:34)
	    at ZoneImpl.run (node_modules/zone.js/fesm2015/zone.js:111:43)
	    at runInTestZone (node_modules/zone.js/fesm2015/zone-testing.js:216:38)
	    at UserContext.<anonymous> (node_modules/zone.js/fesm2015/zone-testing.js:234:32)
	    at <Jasmine>
	Error: Expected no open requests, found 1: POST https://graph.facebook.com/v18.0//messages
	    at HttpClientTestingBackend.verify (node_modules/@angular/common/fesm2022/http/testing.mjs:298:19)
	    at UserContext.apply (src/app/services/whatsapp.service.spec.ts:57:14)
	    at _ZoneDelegate.invoke (node_modules/zone.js/fesm2015/zone.js:369:28)
	    at ProxyZoneSpec.onInvoke (node_modules/zone.js/fesm2015/zone-testing.js:2081:39)
	    at _ZoneDelegate.invoke (node_modules/zone.js/fesm2015/zone.js:368:34)
	    at ZoneImpl.run (node_modules/zone.js/fesm2015/zone.js:111:43)
	    at runInTestZone (node_modules/zone.js/fesm2015/zone-testing.js:216:38)
	    at UserContext.<anonymous> (node_modules/zone.js/fesm2015/zone-testing.js:234:32)
	    at <Jasmine>
Chrome Headless 140.0.0.0 (Mac OS 10.15.7): Executed 814 of 985[31m (146 FAILED)[39m (skipped 2) (0 secs / 2 mins 6.428 secs)
[1A[2K[31mChrome Headless 140.0.0.0 (Mac OS 10.15.7) WhatsappService Error Handling should handle API errors with detailed messages FAILED[39m
	Error: Timeout - Async function did not complete within 5000ms (set by jasmine.DEFAULT_TIMEOUT_INTERVAL)
	    at <Jasmine>
	Error: Expected no open requests, found 1: POST https://graph.facebook.com/v18.0/test-phone-number-id/messages
	    at HttpClientTestingBackend.verify (node_modules/@angular/common/fesm2022/http/testing.mjs:298:19)
	    at UserContext.apply (src/app/services/whatsapp.service.spec.ts:57:14)
	    at _ZoneDelegate.invoke (node_modules/zone.js/fesm2015/zone.js:369:28)
	    at ProxyZoneSpec.onInvoke (node_modules/zone.js/fesm2015/zone-testing.js:2081:39)
	    at _ZoneDelegate.invoke (node_modules/zone.js/fesm2015/zone.js:368:34)
	    at ZoneImpl.run (node_modules/zone.js/fesm2015/zone.js:111:43)
	    at runInTestZone (node_modules/zone.js/fesm2015/zone-testing.js:216:38)
	    at UserContext.<anonymous> (node_modules/zone.js/fesm2015/zone-testing.js:234:32)
	    at <Jasmine>
Chrome Headless 140.0.0.0 (Mac OS 10.15.7): Executed 815 of 985[31m (147 FAILED)[39m (skipped 2) (0 secs / 2 mins 11.431 secs)
[1A[2K[31mChrome Headless 140.0.0.0 (Mac OS 10.15.7) WhatsappService Error Handling should handle network errors FAILED[39m
	Error: Timeout - Async function did not complete within 5000ms (set by jasmine.DEFAULT_TIMEOUT_INTERVAL)
	    at <Jasmine>
	Error: Expected no open requests, found 1: POST https://graph.facebook.com/v18.0/test-phone-number-id/messages
	    at HttpClientTestingBackend.verify (node_modules/@angular/common/fesm2022/http/testing.mjs:298:19)
	    at UserContext.apply (src/app/services/whatsapp.service.spec.ts:57:14)
	    at _ZoneDelegate.invoke (node_modules/zone.js/fesm2015/zone.js:369:28)
	    at ProxyZoneSpec.onInvoke (node_modules/zone.js/fesm2015/zone-testing.js:2081:39)
	    at _ZoneDelegate.invoke (node_modules/zone.js/fesm2015/zone.js:368:34)
	    at ZoneImpl.run (node_modules/zone.js/fesm2015/zone.js:111:43)
	    at runInTestZone (node_modules/zone.js/fesm2015/zone-testing.js:216:38)
	    at UserContext.<anonymous> (node_modules/zone.js/fesm2015/zone-testing.js:234:32)
	    at <Jasmine>
Chrome Headless 140.0.0.0 (Mac OS 10.15.7): Executed 816 of 985[31m (148 FAILED)[39m (skipped 2) (0 secs / 2 mins 16.436 secs)
[1A[2KChrome Headless 140.0.0.0 (Mac OS 10.15.7): Executed 817 of 985[31m (148 FAILED)[39m (skipped 2) (0 secs / 2 mins 16.438 secs)
[1A[2K[31mChrome Headless 140.0.0.0 (Mac OS 10.15.7) WhatsappService Phone Number Formatting should handle US phone numbers FAILED[39m
	Error: Expected one matching request for criteria "Match URL: https://graph.facebook.com/v18.0/test-phone-number-id/messages", found none. Requests received are: POST https://graph.facebook.com/v18.0//messages.
	    at HttpClientTestingBackend.expectOne (node_modules/@angular/common/fesm2022/http/testing.mjs:270:19)
	    at UserContext.apply (src/app/services/whatsapp.service.spec.ts:292:28)
	    at _ZoneDelegate.invoke (node_modules/zone.js/fesm2015/zone.js:369:28)
	    at ProxyZoneSpec.onInvoke (node_modules/zone.js/fesm2015/zone-testing.js:2081:39)
	    at _ZoneDelegate.invoke (node_modules/zone.js/fesm2015/zone.js:368:34)
	    at ZoneImpl.run (node_modules/zone.js/fesm2015/zone.js:111:43)
	    at runInTestZone (node_modules/zone.js/fesm2015/zone-testing.js:216:38)
	    at UserContext.<anonymous> (node_modules/zone.js/fesm2015/zone-testing.js:234:32)
	    at <Jasmine>
	Error: Expected no open requests, found 1: POST https://graph.facebook.com/v18.0//messages
	    at HttpClientTestingBackend.verify (node_modules/@angular/common/fesm2022/http/testing.mjs:298:19)
	    at UserContext.apply (src/app/services/whatsapp.service.spec.ts:57:14)
	    at _ZoneDelegate.invoke (node_modules/zone.js/fesm2015/zone.js:369:28)
	    at ProxyZoneSpec.onInvoke (node_modules/zone.js/fesm2015/zone-testing.js:2081:39)
	    at _ZoneDelegate.invoke (node_modules/zone.js/fesm2015/zone.js:368:34)
	    at ZoneImpl.run (node_modules/zone.js/fesm2015/zone.js:111:43)
	    at runInTestZone (node_modules/zone.js/fesm2015/zone-testing.js:216:38)
	    at UserContext.<anonymous> (node_modules/zone.js/fesm2015/zone-testing.js:234:32)
	    at <Jasmine>
Chrome Headless 140.0.0.0 (Mac OS 10.15.7): Executed 818 of 985[31m (149 FAILED)[39m (skipped 2) (0 secs / 2 mins 16.44 secs)
[1A[2KChrome Headless 140.0.0.0 (Mac OS 10.15.7): Executed 819 of 985[31m (149 FAILED)[39m (skipped 2) (0 secs / 2 mins 16.441 secs)
[1A[2KWARN: [36m'Push notifications not supported'[39m
Chrome Headless 140.0.0.0 (Mac OS 10.15.7): Executed 819 of 985[31m (149 FAILED)[39m (skipped 2) (0 secs / 2 mins 16.441 secs)
WARN: 'Push notifications not supported'
[1A[2KChrome Headless 140.0.0.0 (Mac OS 10.15.7): Executed 820 of 985[31m (149 FAILED)[39m (skipped 2) (0 secs / 2 mins 16.451 secs)
[1A[2KChrome Headless 140.0.0.0 (Mac OS 10.15.7): Executed 821 of 985[31m (149 FAILED)[39m (skipped 2) (0 secs / 2 mins 16.452 secs)
[1A[2KChrome Headless 140.0.0.0 (Mac OS 10.15.7): Executed 822 of 985[31m (149 FAILED)[39m (skipped 2) (0 secs / 2 mins 16.453 secs)
[1A[2KChrome Headless 140.0.0.0 (Mac OS 10.15.7): Executed 823 of 985[31m (149 FAILED)[39m (skipped 2) (0 secs / 2 mins 16.454 secs)
[1A[2KERROR: [36m'Failed to send test notification:', HttpErrorResponse{headers: HttpHeaders{normalizedNames: Map{}, lazyUpdate: null, headers: Map{}}, status: 0, statusText: 'Unknown Error', url: 'http://localhost:3000/api/notifications/send-test', ok: false, name: 'HttpErrorResponse', message: 'Http failure response for http://localhost:3000/api/notifications/send-test: 0 ', error: ErrorEvent{isTrusted: false}}[39m
Chrome Headless 140.0.0.0 (Mac OS 10.15.7): Executed 823 of 985[31m (149 FAILED)[39m (skipped 2) (0 secs / 2 mins 16.454 secs)
ERROR: 'Failed to send test notification:', HttpErrorResponse{headers: HttpHeaders{normalizedNames: Map{}, lazyUpdate: null, headers: Map{}}, status: 0, statusText: 'Unknown Error', url: 'http://localhost:3000/api/notifications/send-test', ok: false, name: 'HttpErrorResponse', message: 'Http failure response for http://localhost:3000/api/notifications/send-test: 0 ', error: ErrorEvent{isTrusted: false}}
[1A[2KChrome Headless 140.0.0.0 (Mac OS 10.15.7): Executed 824 of 985[31m (149 FAILED)[39m (skipped 2) (0 secs / 2 mins 16.557 secs)
[1A[2KLOG: [36m'Test notification sent successfully'[39m
Chrome Headless 140.0.0.0 (Mac OS 10.15.7): Executed 824 of 985[31m (149 FAILED)[39m (skipped 2) (0 secs / 2 mins 16.557 secs)
LOG: 'Test notification sent successfully'
[1A[2KChrome Headless 140.0.0.0 (Mac OS 10.15.7): Executed 825 of 985[31m (149 FAILED)[39m (skipped 2) (0 secs / 2 mins 16.56 secs)
[1A[2KChrome Headless 140.0.0.0 (Mac OS 10.15.7): Executed 826 of 985[31m (149 FAILED)[39m (skipped 2) (0 secs / 2 mins 16.561 secs)
[1A[2KChrome Headless 140.0.0.0 (Mac OS 10.15.7): Executed 827 of 985[31m (149 FAILED)[39m (skipped 2) (0 secs / 2 mins 16.562 secs)
[1A[2KChrome Headless 140.0.0.0 (Mac OS 10.15.7): Executed 828 of 985[31m (149 FAILED)[39m (skipped 2) (0 secs / 2 mins 16.564 secs)
[1A[2KChrome Headless 140.0.0.0 (Mac OS 10.15.7): Executed 829 of 985[31m (149 FAILED)[39m (skipped 2) (0 secs / 2 mins 16.565 secs)
[1A[2KChrome Headless 140.0.0.0 (Mac OS 10.15.7): Executed 830 of 985[31m (149 FAILED)[39m (skipped 2) (0 secs / 2 mins 16.566 secs)
[1A[2KChrome Headless 140.0.0.0 (Mac OS 10.15.7): Executed 831 of 985[31m (149 FAILED)[39m (skipped 2) (0 secs / 2 mins 16.568 secs)
[1A[2KChrome Headless 140.0.0.0 (Mac OS 10.15.7): Executed 832 of 985[31m (149 FAILED)[39m (skipped 2) (0 secs / 2 mins 16.569 secs)
[1A[2KChrome Headless 140.0.0.0 (Mac OS 10.15.7): Executed 833 of 985[31m (149 FAILED)[39m (skipped 2) (0 secs / 2 mins 16.57 secs)
[1A[2KChrome Headless 140.0.0.0 (Mac OS 10.15.7): Executed 834 of 985[31m (149 FAILED)[39m (skipped 2) (0 secs / 2 mins 16.571 secs)
[1A[2KChrome Headless 140.0.0.0 (Mac OS 10.15.7): Executed 835 of 985[31m (149 FAILED)[39m (skipped 2) (0 secs / 2 mins 16.573 secs)
[1A[2KERROR: [36m'Failed to unsubscribe from notifications:', Error: Unsubscribe failed
Error: Unsubscribe failed
    at UserContext.<anonymous> (http://localhost:9876/_karma_webpack_/webpack:/src/app/services/push-notification.service.spec.ts:253:61)
    at Generator.next (<anonymous>)
    at asyncGeneratorStep (http://localhost:9876/_karma_webpack_/webpack:/node_modules/@angular-devkit/build-angular/node_modules/@babel/runtime/helpers/esm/asyncToGenerator.js:3:1)
    at _next (http://localhost:9876/_karma_webpack_/webpack:/node_modules/@angular-devkit/build-angular/node_modules/@babel/runtime/helpers/esm/asyncToGenerator.js:17:1)
    at executor (http://localhost:9876/_karma_webpack_/webpack:/node_modules/@angular-devkit/build-angular/node_modules/@babel/runtime/helpers/esm/asyncToGenerator.js:22:1)
    at new ZoneAwarePromise (http://localhost:9876/_karma_webpack_/webpack:/node_modules/zone.js/fesm2015/zone.js:2702:25)
    at UserContext.apply (http://localhost:9876/_karma_webpack_/webpack:/node_modules/@angular-devkit/build-angular/node_modules/@babel/runtime/helpers/esm/asyncToGenerator.js:14:1)
    at _ZoneDelegate.invoke (http://localhost:9876/_karma_webpack_/webpack:/node_modules/zone.js/fesm2015/zone.js:369:28)
    at ProxyZoneSpec.onInvoke (http://localhost:9876/_karma_webpack_/webpack:/node_modules/zone.js/fesm2015/zone-testing.js:2081:39)
    at _ZoneDelegate.invoke (http://localhost:9876/_karma_webpack_/webpack:/node_modules/zone.js/fesm2015/zone.js:368:34)[39m
Chrome Headless 140.0.0.0 (Mac OS 10.15.7): Executed 835 of 985[31m (149 FAILED)[39m (skipped 2) (0 secs / 2 mins 16.573 secs)
ERROR: 'Failed to unsubscribe from notifications:', Error: Unsubscribe failed
Error: Unsubscribe failed
    at UserContext.<anonymous> (http://localhost:9876/_karma_webpack_/webpack:/src/app/services/push-notification.service.spec.ts:253:61)
    at Generator.next (<anonymous>)
    at asyncGeneratorStep (http://localhost:9876/_karma_webpack_/webpack:/node_modules/@angular-devkit/build-angular/node_modules/@babel/runtime/helpers/esm/asyncToGenerator.js:3:1)
    at _next (http://localhost:9876/_karma_webpack_/webpack:/node_modules/@angular-devkit/build-angular/node_modules/@babel/runtime/helpers/esm/asyncToGenerator.js:17:1)
    at executor (http://localhost:9876/_karma_webpack_/webpack:/node_modules/@angular-devkit/build-angular/node_modules/@babel/runtime/helpers/esm/asyncToGenerator.js:22:1)
    at new ZoneAwarePromise (http://localhost:9876/_karma_webpack_/webpack:/node_modules/zone.js/fesm2015/zone.js:2702:25)
    at UserContext.apply (http://localhost:9876/_karma_webpack_/webpack:/node_modules/@angular-devkit/build-angular/node_modules/@babel/runtime/helpers/esm/asyncToGenerator.js:14:1)
    at _ZoneDelegate.invoke (http://localhost:9876/_karma_webpack_/webpack:/node_modules/zone.js/fesm2015/zone.js:369:28)
    at ProxyZoneSpec.onInvoke (http://localhost:9876/_karma_webpack_/webpack:/node_modules/zone.js/fesm2015/zone-testing.js:2081:39)
    at _ZoneDelegate.invoke (http://localhost:9876/_karma_webpack_/webpack:/node_modules/zone.js/fesm2015/zone.js:368:34)
[1A[2KChrome Headless 140.0.0.0 (Mac OS 10.15.7): Executed 836 of 985[31m (149 FAILED)[39m (skipped 2) (0 secs / 2 mins 16.574 secs)
[1A[2KChrome Headless 140.0.0.0 (Mac OS 10.15.7): Executed 837 of 985[31m (149 FAILED)[39m (skipped 2) (0 secs / 2 mins 16.576 secs)
[1A[2KChrome Headless 140.0.0.0 (Mac OS 10.15.7): Executed 838 of 985[31m (149 FAILED)[39m (skipped 2) (0 secs / 2 mins 16.59 secs)
[1A[2KChrome Headless 140.0.0.0 (Mac OS 10.15.7): Executed 839 of 985[31m (149 FAILED)[39m (skipped 2) (0 secs / 2 mins 16.602 secs)
[1A[2KERROR: [36m'Failed to subscribe to notifications:', Error: Subscription failed
Error: Subscription failed
    at UserContext.<anonymous> (http://localhost:9876/_karma_webpack_/webpack:/src/app/services/push-notification.service.spec.ts:211:69)
    at Generator.next (<anonymous>)
    at asyncGeneratorStep (http://localhost:9876/_karma_webpack_/webpack:/node_modules/@angular-devkit/build-angular/node_modules/@babel/runtime/helpers/esm/asyncToGenerator.js:3:1)
    at _next (http://localhost:9876/_karma_webpack_/webpack:/node_modules/@angular-devkit/build-angular/node_modules/@babel/runtime/helpers/esm/asyncToGenerator.js:17:1)
    at executor (http://localhost:9876/_karma_webpack_/webpack:/node_modules/@angular-devkit/build-angular/node_modules/@babel/runtime/helpers/esm/asyncToGenerator.js:22:1)
    at new ZoneAwarePromise (http://localhost:9876/_karma_webpack_/webpack:/node_modules/zone.js/fesm2015/zone.js:2702:25)
    at UserContext.apply (http://localhost:9876/_karma_webpack_/webpack:/node_modules/@angular-devkit/build-angular/node_modules/@babel/runtime/helpers/esm/asyncToGenerator.js:14:1)
    at _ZoneDelegate.invoke (http://localhost:9876/_karma_webpack_/webpack:/node_modules/zone.js/fesm2015/zone.js:369:28)
    at ProxyZoneSpec.onInvoke (http://localhost:9876/_karma_webpack_/webpack:/node_modules/zone.js/fesm2015/zone-testing.js:2081:39)
    at _ZoneDelegate.invoke (http://localhost:9876/_karma_webpack_/webpack:/node_modules/zone.js/fesm2015/zone.js:368:34)[39m
Chrome Headless 140.0.0.0 (Mac OS 10.15.7): Executed 839 of 985[31m (149 FAILED)[39m (skipped 2) (0 secs / 2 mins 16.602 secs)
ERROR: 'Failed to subscribe to notifications:', Error: Subscription failed
Error: Subscription failed
    at UserContext.<anonymous> (http://localhost:9876/_karma_webpack_/webpack:/src/app/services/push-notification.service.spec.ts:211:69)
    at Generator.next (<anonymous>)
    at asyncGeneratorStep (http://localhost:9876/_karma_webpack_/webpack:/node_modules/@angular-devkit/build-angular/node_modules/@babel/runtime/helpers/esm/asyncToGenerator.js:3:1)
    at _next (http://localhost:9876/_karma_webpack_/webpack:/node_modules/@angular-devkit/build-angular/node_modules/@babel/runtime/helpers/esm/asyncToGenerator.js:17:1)
    at executor (http://localhost:9876/_karma_webpack_/webpack:/node_modules/@angular-devkit/build-angular/node_modules/@babel/runtime/helpers/esm/asyncToGenerator.js:22:1)
    at new ZoneAwarePromise (http://localhost:9876/_karma_webpack_/webpack:/node_modules/zone.js/fesm2015/zone.js:2702:25)
    at UserContext.apply (http://localhost:9876/_karma_webpack_/webpack:/node_modules/@angular-devkit/build-angular/node_modules/@babel/runtime/helpers/esm/asyncToGenerator.js:14:1)
    at _ZoneDelegate.invoke (http://localhost:9876/_karma_webpack_/webpack:/node_modules/zone.js/fesm2015/zone.js:369:28)
    at ProxyZoneSpec.onInvoke (http://localhost:9876/_karma_webpack_/webpack:/node_modules/zone.js/fesm2015/zone-testing.js:2081:39)
    at _ZoneDelegate.invoke (http://localhost:9876/_karma_webpack_/webpack:/node_modules/zone.js/fesm2015/zone.js:368:34)
[1A[2KChrome Headless 140.0.0.0 (Mac OS 10.15.7): Executed 840 of 985[31m (149 FAILED)[39m (skipped 2) (0 secs / 2 mins 16.604 secs)
[1A[2KChrome Headless 140.0.0.0 (Mac OS 10.15.7): Executed 841 of 985[31m (149 FAILED)[39m (skipped 2) (0 secs / 2 mins 16.708 secs)
[1A[2KChrome Headless 140.0.0.0 (Mac OS 10.15.7): Executed 842 of 985[31m (149 FAILED)[39m (skipped 2) (0 secs / 2 mins 16.71 secs)
[1A[2KChrome Headless 140.0.0.0 (Mac OS 10.15.7): Executed 843 of 985[31m (149 FAILED)[39m (skipped 2) (0 secs / 2 mins 16.711 secs)
[1A[2KChrome Headless 140.0.0.0 (Mac OS 10.15.7): Executed 844 of 985[31m (149 FAILED)[39m (skipped 2) (0 secs / 2 mins 16.712 secs)
[1A[2KChrome Headless 140.0.0.0 (Mac OS 10.15.7): Executed 845 of 985[31m (149 FAILED)[39m (skipped 2) (0 secs / 2 mins 16.713 secs)
[1A[2KChrome Headless 140.0.0.0 (Mac OS 10.15.7): Executed 846 of 985[31m (149 FAILED)[39m (skipped 2) (0 secs / 2 mins 16.714 secs)
[1A[2KChrome Headless 140.0.0.0 (Mac OS 10.15.7): Executed 847 of 985[31m (149 FAILED)[39m (skipped 2) (0 secs / 2 mins 16.715 secs)
[1A[2KChrome Headless 140.0.0.0 (Mac OS 10.15.7): Executed 848 of 985[31m (149 FAILED)[39m (skipped 2) (0 secs / 2 mins 16.716 secs)
[1A[2KChrome Headless 140.0.0.0 (Mac OS 10.15.7): Executed 849 of 985[31m (149 FAILED)[39m (skipped 2) (0 secs / 2 mins 16.717 secs)
[1A[2KChrome Headless 140.0.0.0 (Mac OS 10.15.7): Executed 850 of 985[31m (149 FAILED)[39m (skipped 2) (0 secs / 2 mins 16.718 secs)
[1A[2KChrome Headless 140.0.0.0 (Mac OS 10.15.7): Executed 851 of 985[31m (149 FAILED)[39m (skipped 2) (0 secs / 2 mins 16.72 secs)
[1A[2K[31mChrome Headless 140.0.0.0 (Mac OS 10.15.7) ERROR[39m
  Some of your tests did a full page reload!
Chrome Headless 140.0.0.0 (Mac OS 10.15.7): Executed 851 of 985[31m (149 FAILED)[39m (skipped 2)[31m ERROR[39m (0 secs / 2 mins 16.72 secs)
Chrome Headless 140.0.0.0 (Mac OS 10.15.7) ERROR
  Some of your tests did a full page reload!
[1A[2KChrome Headless 140.0.0.0 (Mac OS 10.15.7): Executed 851 of 985[31m (149 FAILED)[39m (skipped 2)[31m ERROR[39m (2 mins 17.382 secs / 2 mins 16.72 secs)
✔ Browser application bundle generation complete.
[1A[2K[31mChrome Headless 140.0.0.0 (Mac OS 10.15.7) PushNotificationService Notification Handling should navigate to client page for document_pending notifications FAILED[39m
	Expected '' to be '/clientes/client123#documentos'.
	    at <Jasmine>
	    at UserContext.apply (src/app/services/push-notification.service.spec.ts:415:33)
	    at _ZoneDelegate.invoke (node_modules/zone.js/fesm2015/zone.js:369:28)
	    at ProxyZoneSpec.onInvoke (node_modules/zone.js/fesm2015/zone-testing.js:2081:39)
	    at _ZoneDelegate.invoke (node_modules/zone.js/fesm2015/zone.js:368:34)
Chrome Headless 140.0.0.0 (Mac OS 10.15.7): Executed 852 of 985[31m (150 FAILED)[39m (skipped 2)[31m ERROR[39m (2 mins 17.382 secs / 2 mins 16.727 secs)
10 09 2025 15:18:09.312:WARN [web-server]: 404: /_karma_webpack_/[object%20Object]
10 09 2025 15:18:09.314:WARN [web-server]: 404: /_karma_webpack_/clientes/client123
✔ Browser application bundle generation complete.
[1A[2K[31mChrome Headless 140.0.0.0 (Mac OS 10.15.7) ERROR[39m
  Disconnected , because no message in 30000 ms.
Chrome Headless 140.0.0.0 (Mac OS 10.15.7): Executed 852 of 985[31m (150 FAILED)[39m (skipped 2)[31m DISCONNECTED[39m (2 mins 47.432 secs / 2 mins 16.727 secs)
Chrome Headless 140.0.0.0 (Mac OS 10.15.7) ERROR
  Disconnected , because no message in 30000 ms.
[1A[2KChrome Headless 140.0.0.0 (Mac OS 10.15.7): Executed 852 of 985[31m (150 FAILED)[39m (skipped 2)[31m DISCONNECTED[39m (2 mins 47.432 secs / 2 mins 16.727 secs)
✔ Browser application bundle generation complete.
